[2026-01-17 16:37:41,394][flwr][INFO] - Starting Flower simulation, config: ServerConfig(num_rounds=25, round_timeout=None)
[2026-01-17 16:37:46,071][flwr][INFO] - Flower VCE: Ray initialized with resources: {'node:127.0.0.1': 1.0, 'memory': 11389246260.0, 'CPU': 10.0, 'object_store_memory': 2147483648.0}
[2026-01-17 16:37:46,071][flwr][INFO] - Initializing global parameters
[2026-01-17 16:37:46,071][flwr][INFO] - Using initial parameters provided by strategy
[2026-01-17 16:37:46,071][flwr][INFO] - Evaluating initial parameters
[2026-01-17 16:37:46,684][flwr][INFO] - initial parameters (loss, other metrics): 1.4340404903996313, {'rmse': 11782.010694274555, 'mae': 9149.193359375, 'r2': 0.00890437044283554, 'mape': 79.91940307617188, 'accuracy_10': 11.735205352306366, 'accuracy_20': 21.46439254283905}
[2026-01-17 16:37:46,684][flwr][INFO] - FL starting
[2026-01-17 16:37:46,685][flwr][DEBUG] - fit_round 1: strategy sampled 7 clients (out of 12)
[2026-01-17 16:37:56,239][flwr][DEBUG] - fit_round 1 received 7 results and 0 failures
[2026-01-17 16:37:56,244][flwr][WARNING] - No fit_metrics_aggregation_fn provided
[2026-01-17 16:37:56,498][flwr][INFO] - fit progress: (1, 0.1847676304930311, {'rmse': 6670.655440059844, 'mae': 3580.076416015625, 'r2': 0.6823025329462762, 'mape': 18.90558433532715, 'accuracy_10': 31.444332003593445, 'accuracy_20': 71.31394147872925}, 9.813695374992676)
[2026-01-17 16:37:56,498][flwr][DEBUG] - evaluate_round 1: strategy sampled 6 clients (out of 12)
[2026-01-17 16:37:56,720][flwr][DEBUG] - evaluate_round 1 received 6 results and 0 failures
[2026-01-17 16:37:56,720][flwr][WARNING] - No evaluate_metrics_aggregation_fn provided
[2026-01-17 16:37:56,721][flwr][DEBUG] - fit_round 2: strategy sampled 7 clients (out of 12)
[2026-01-17 16:38:02,510][flwr][DEBUG] - fit_round 2 received 7 results and 0 failures
[2026-01-17 16:38:02,809][flwr][INFO] - fit progress: (2, 0.0897246148799702, {'rmse': 4774.533066175162, 'mae': 2226.60595703125, 'r2': 0.837243424296132, 'mape': 12.098159790039062, 'accuracy_10': 50.8525550365448, 'accuracy_20': 87.01103329658508}, 16.124441375024617)
[2026-01-17 16:38:02,809][flwr][DEBUG] - evaluate_round 2: strategy sampled 6 clients (out of 12)
[2026-01-17 16:38:03,034][flwr][DEBUG] - evaluate_round 2 received 6 results and 0 failures
[2026-01-17 16:38:03,034][flwr][DEBUG] - fit_round 3: strategy sampled 7 clients (out of 12)
[2026-01-17 16:38:07,931][flwr][DEBUG] - fit_round 3 received 7 results and 0 failures
[2026-01-17 16:38:08,157][flwr][INFO] - fit progress: (3, 0.06827717701696166, {'rmse': 4654.4380971283745, 'mae': 1900.967041015625, 'r2': 0.8453281709815587, 'mape': 9.8263521194458, 'accuracy_10': 67.50250458717346, 'accuracy_20': 92.3771321773529}, 21.471986333024688)
[2026-01-17 16:38:08,157][flwr][DEBUG] - evaluate_round 3: strategy sampled 6 clients (out of 12)
[2026-01-17 16:38:08,357][flwr][DEBUG] - evaluate_round 3 received 6 results and 0 failures
[2026-01-17 16:38:08,358][flwr][DEBUG] - fit_round 4: strategy sampled 7 clients (out of 12)
[2026-01-17 16:38:12,987][flwr][DEBUG] - fit_round 4 received 7 results and 0 failures
[2026-01-17 16:38:13,235][flwr][INFO] - fit progress: (4, 0.06718625583374871, {'rmse': 4928.931121450167, 'mae': 1848.5064697265625, 'r2': 0.8265468400179371, 'mape': 9.130707740783691, 'accuracy_10': 75.17552375793457, 'accuracy_20': 92.52758026123047}, 26.550447250017896)
[2026-01-17 16:38:13,236][flwr][DEBUG] - evaluate_round 4: strategy sampled 6 clients (out of 12)
[2026-01-17 16:38:13,416][flwr][DEBUG] - evaluate_round 4 received 6 results and 0 failures
[2026-01-17 16:38:13,416][flwr][DEBUG] - fit_round 5: strategy sampled 7 clients (out of 12)
[2026-01-17 16:38:16,437][flwr][DEBUG] - fit_round 5 received 7 results and 0 failures
[2026-01-17 16:38:16,673][flwr][INFO] - fit progress: (5, 0.04376743604973661, {'rmse': 4247.122319877307, 'mae': 1530.2470703125, 'r2': 0.8712147068713586, 'mape': 7.024780750274658, 'accuracy_10': 81.04313015937805, 'accuracy_20': 95.03510594367981}, 29.98785091697937)
[2026-01-17 16:38:16,673][flwr][DEBUG] - evaluate_round 5: strategy sampled 6 clients (out of 12)
[2026-01-17 16:38:16,874][flwr][DEBUG] - evaluate_round 5 received 6 results and 0 failures
[2026-01-17 16:38:16,874][flwr][DEBUG] - fit_round 6: strategy sampled 7 clients (out of 12)
[2026-01-17 16:38:21,621][flwr][DEBUG] - fit_round 6 received 7 results and 0 failures
[2026-01-17 16:38:21,862][flwr][INFO] - fit progress: (6, 0.04141703774683633, {'rmse': 4131.578874958095, 'mae': 1387.080322265625, 'r2': 0.8781266359916641, 'mape': 6.561295509338379, 'accuracy_10': 84.40321087837219, 'accuracy_20': 95.38615942001343}, 35.17768454202451)
[2026-01-17 16:38:21,863][flwr][DEBUG] - evaluate_round 6: strategy sampled 6 clients (out of 12)
[2026-01-17 16:38:22,068][flwr][DEBUG] - evaluate_round 6 received 6 results and 0 failures
[2026-01-17 16:38:22,068][flwr][DEBUG] - fit_round 7: strategy sampled 7 clients (out of 12)
[2026-01-17 16:38:26,945][flwr][DEBUG] - fit_round 7 received 7 results and 0 failures
[2026-01-17 16:38:27,186][flwr][INFO] - fit progress: (7, 0.045080761223426136, {'rmse': 4317.017257320151, 'mae': 1388.34423828125, 'r2': 0.8669409921345685, 'mape': 6.554309368133545, 'accuracy_10': 86.25877499580383, 'accuracy_20': 94.78435516357422}, 40.5017102920101)
[2026-01-17 16:38:27,189][flwr][DEBUG] - evaluate_round 7: strategy sampled 6 clients (out of 12)
[2026-01-17 16:38:27,405][flwr][DEBUG] - evaluate_round 7 received 6 results and 0 failures
[2026-01-17 16:38:27,405][flwr][DEBUG] - fit_round 8: strategy sampled 7 clients (out of 12)
[2026-01-17 16:38:33,543][flwr][DEBUG] - fit_round 8 received 7 results and 0 failures
[2026-01-17 16:38:33,803][flwr][INFO] - fit progress: (8, 0.03970038427792886, {'rmse': 4115.369485234588, 'mae': 1349.5330810546875, 'r2': 0.8790810402366833, 'mape': 6.279427528381348, 'accuracy_10': 85.5566680431366, 'accuracy_20': 95.586758852005}, 47.118575416971)
[2026-01-17 16:38:33,804][flwr][DEBUG] - evaluate_round 8: strategy sampled 6 clients (out of 12)
[2026-01-17 16:38:34,036][flwr][DEBUG] - evaluate_round 8 received 6 results and 0 failures
[2026-01-17 16:38:34,037][flwr][DEBUG] - fit_round 9: strategy sampled 7 clients (out of 12)
[2026-01-17 16:38:38,644][flwr][DEBUG] - fit_round 9 received 7 results and 0 failures
[2026-01-17 16:38:38,892][flwr][INFO] - fit progress: (9, 0.036366515879779904, {'rmse': 4174.085768165288, 'mae': 1406.7408447265625, 'r2': 0.8756059988844458, 'mape': 5.980551719665527, 'accuracy_10': 85.8575701713562, 'accuracy_20': 95.48646211624146}, 52.20743895799387)
[2026-01-17 16:38:38,893][flwr][DEBUG] - evaluate_round 9: strategy sampled 6 clients (out of 12)
[2026-01-17 16:38:39,155][flwr][DEBUG] - evaluate_round 9 received 6 results and 0 failures
[2026-01-17 16:38:39,155][flwr][DEBUG] - fit_round 10: strategy sampled 7 clients (out of 12)
[2026-01-17 16:38:43,863][flwr][DEBUG] - fit_round 10 received 7 results and 0 failures
[2026-01-17 16:38:44,131][flwr][INFO] - fit progress: (10, 0.034684790870027175, {'rmse': 4094.668362639397, 'mae': 1368.022705078125, 'r2': 0.8802944752730163, 'mape': 5.762300491333008, 'accuracy_10': 86.40922904014587, 'accuracy_20': 95.53660750389099}, 57.446450166986324)
[2026-01-17 16:38:44,132][flwr][DEBUG] - evaluate_round 10: strategy sampled 6 clients (out of 12)
[2026-01-17 16:38:44,336][flwr][DEBUG] - evaluate_round 10 received 6 results and 0 failures
[2026-01-17 16:38:44,336][flwr][DEBUG] - fit_round 11: strategy sampled 7 clients (out of 12)
[2026-01-17 16:38:48,978][flwr][DEBUG] - fit_round 11 received 7 results and 0 failures
[2026-01-17 16:38:49,223][flwr][INFO] - fit progress: (11, 0.03570392169618798, {'rmse': 4058.6818057098294, 'mae': 1285.4720458984375, 'r2': 0.8823893292337381, 'mape': 5.6211652755737305, 'accuracy_10': 88.26479315757751, 'accuracy_20': 95.53660750389099}, 62.53858637501253)
[2026-01-17 16:38:49,224][flwr][DEBUG] - evaluate_round 11: strategy sampled 6 clients (out of 12)
[2026-01-17 16:38:49,464][flwr][DEBUG] - evaluate_round 11 received 6 results and 0 failures
[2026-01-17 16:38:49,465][flwr][DEBUG] - fit_round 12: strategy sampled 7 clients (out of 12)
[2026-01-17 16:38:55,053][flwr][DEBUG] - fit_round 12 received 7 results and 0 failures
[2026-01-17 16:38:55,333][flwr][INFO] - fit progress: (12, 0.03649117364085755, {'rmse': 4141.729348955579, 'mae': 1296.923828125, 'r2': 0.8775270534797242, 'mape': 5.66895866394043, 'accuracy_10': 87.81344294548035, 'accuracy_20': 95.2858567237854}, 68.64820300001884)
[2026-01-17 16:38:55,333][flwr][DEBUG] - evaluate_round 12: strategy sampled 6 clients (out of 12)
[2026-01-17 16:38:55,713][flwr][DEBUG] - evaluate_round 12 received 6 results and 0 failures
[2026-01-17 16:38:55,714][flwr][DEBUG] - fit_round 13: strategy sampled 7 clients (out of 12)
[2026-01-17 16:39:00,324][flwr][DEBUG] - fit_round 13 received 7 results and 0 failures
[2026-01-17 16:39:00,575][flwr][INFO] - fit progress: (13, 0.03517267744943365, {'rmse': 4117.980573047911, 'mae': 1293.2027587890625, 'r2': 0.8789275606063415, 'mape': 5.500906944274902, 'accuracy_10': 88.11434507369995, 'accuracy_20': 95.03510594367981}, 73.89031108299969)
[2026-01-17 16:39:00,575][flwr][DEBUG] - evaluate_round 13: strategy sampled 6 clients (out of 12)
[2026-01-17 16:39:00,665][flwr][DEBUG] - evaluate_round 13 received 6 results and 0 failures
[2026-01-17 16:39:00,665][flwr][DEBUG] - fit_round 14: strategy sampled 7 clients (out of 12)
[2026-01-17 16:39:05,066][flwr][DEBUG] - fit_round 14 received 7 results and 0 failures
[2026-01-17 16:39:05,390][flwr][INFO] - fit progress: (14, 0.03298825655345513, {'rmse': 4156.689788762207, 'mae': 1392.478271484375, 'r2': 0.8766406847822592, 'mape': 5.551722526550293, 'accuracy_10': 86.71013116836548, 'accuracy_20': 95.586758852005}, 78.70458954200149)
[2026-01-17 16:39:05,390][flwr][DEBUG] - evaluate_round 14: strategy sampled 6 clients (out of 12)
[2026-01-17 16:39:05,606][flwr][DEBUG] - evaluate_round 14 received 6 results and 0 failures
[2026-01-17 16:39:05,606][flwr][DEBUG] - fit_round 15: strategy sampled 7 clients (out of 12)
[2026-01-17 16:39:10,494][flwr][DEBUG] - fit_round 15 received 7 results and 0 failures
[2026-01-17 16:39:10,750][flwr][INFO] - fit progress: (15, 0.03444902891052164, {'rmse': 4103.32889249692, 'mae': 1258.270263671875, 'r2': 0.8797875671790535, 'mape': 5.373889923095703, 'accuracy_10': 88.5155439376831, 'accuracy_20': 95.2858567237854}, 84.06542150001042)
[2026-01-17 16:39:10,751][flwr][DEBUG] - evaluate_round 15: strategy sampled 6 clients (out of 12)
[2026-01-17 16:39:10,845][flwr][DEBUG] - evaluate_round 15 received 6 results and 0 failures
[2026-01-17 16:39:10,845][flwr][DEBUG] - fit_round 16: strategy sampled 7 clients (out of 12)
[2026-01-17 16:39:15,281][flwr][DEBUG] - fit_round 16 received 7 results and 0 failures
[2026-01-17 16:39:15,519][flwr][INFO] - fit progress: (16, 0.0395359874440501, {'rmse': 4356.118685251815, 'mae': 1248.7894287109375, 'r2': 0.8645197098057307, 'mape': 5.580676078796387, 'accuracy_10': 88.76630067825317, 'accuracy_20': 94.68405246734619}, 88.83423716697143)
[2026-01-17 16:39:15,519][flwr][DEBUG] - evaluate_round 16: strategy sampled 6 clients (out of 12)
[2026-01-17 16:39:15,725][flwr][DEBUG] - evaluate_round 16 received 6 results and 0 failures
[2026-01-17 16:39:15,725][flwr][DEBUG] - fit_round 17: strategy sampled 7 clients (out of 12)
[2026-01-17 16:39:20,472][flwr][DEBUG] - fit_round 17 received 7 results and 0 failures
[2026-01-17 16:39:20,727][flwr][INFO] - fit progress: (17, 0.03482337289096539, {'rmse': 4197.565246663832, 'mae': 1306.3935546875, 'r2': 0.8742026098899487, 'mape': 5.456666946411133, 'accuracy_10': 88.01404237747192, 'accuracy_20': 95.43631076812744}, 94.04240299999947)
[2026-01-17 16:39:20,728][flwr][DEBUG] - evaluate_round 17: strategy sampled 6 clients (out of 12)
[2026-01-17 16:39:20,961][flwr][DEBUG] - evaluate_round 17 received 6 results and 0 failures
[2026-01-17 16:39:20,961][flwr][DEBUG] - fit_round 18: strategy sampled 7 clients (out of 12)
[2026-01-17 16:39:25,771][flwr][DEBUG] - fit_round 18 received 7 results and 0 failures
[2026-01-17 16:39:26,045][flwr][INFO] - fit progress: (18, 0.033030979888310046, {'rmse': 4243.698151376933, 'mae': 1457.0079345703125, 'r2': 0.8714222893546705, 'mape': 5.631519317626953, 'accuracy_10': 86.15847826004028, 'accuracy_20': 95.586758852005}, 99.3594748749747)
[2026-01-17 16:39:26,045][flwr][DEBUG] - evaluate_round 18: strategy sampled 6 clients (out of 12)
[2026-01-17 16:39:26,228][flwr][DEBUG] - evaluate_round 18 received 6 results and 0 failures
[2026-01-17 16:39:26,228][flwr][DEBUG] - fit_round 19: strategy sampled 7 clients (out of 12)
[2026-01-17 16:39:30,930][flwr][DEBUG] - fit_round 19 received 7 results and 0 failures
[2026-01-17 16:39:31,228][flwr][INFO] - fit progress: (19, 0.03319369171864709, {'rmse': 4200.7544560471515, 'mae': 1444.5587158203125, 'r2': 0.8740113799902806, 'mape': 5.629456043243408, 'accuracy_10': 85.80742478370667, 'accuracy_20': 95.78736424446106}, 104.5427520829835)
[2026-01-17 16:39:31,228][flwr][DEBUG] - evaluate_round 19: strategy sampled 6 clients (out of 12)
[2026-01-17 16:39:31,459][flwr][DEBUG] - evaluate_round 19 received 6 results and 0 failures
[2026-01-17 16:39:31,460][flwr][DEBUG] - fit_round 20: strategy sampled 7 clients (out of 12)
[2026-01-17 16:39:35,909][flwr][DEBUG] - fit_round 20 received 7 results and 0 failures
[2026-01-17 16:39:36,140][flwr][INFO] - fit progress: (20, 0.03161366167688442, {'rmse': 4124.314730958345, 'mae': 1408.4468994140625, 'r2': 0.8785548096952313, 'mape': 5.558310031890869, 'accuracy_10': 86.91073060035706, 'accuracy_20': 95.98796367645264}, 109.45491525001125)
[2026-01-17 16:39:36,140][flwr][DEBUG] - evaluate_round 20: strategy sampled 6 clients (out of 12)
[2026-01-17 16:39:36,235][flwr][DEBUG] - evaluate_round 20 received 6 results and 0 failures
[2026-01-17 16:39:36,236][flwr][DEBUG] - fit_round 21: strategy sampled 7 clients (out of 12)
[2026-01-17 16:39:41,193][flwr][DEBUG] - fit_round 21 received 7 results and 0 failures
[2026-01-17 16:39:41,494][flwr][INFO] - fit progress: (21, 0.03130535075185053, {'rmse': 4116.784667674519, 'mae': 1366.3450927734375, 'r2': 0.8789978620500151, 'mape': 5.44699764251709, 'accuracy_10': 86.91073060035706, 'accuracy_20': 95.88766098022461}, 114.80869770800928)
[2026-01-17 16:39:41,494][flwr][DEBUG] - evaluate_round 21: strategy sampled 6 clients (out of 12)
[2026-01-17 16:39:41,722][flwr][DEBUG] - evaluate_round 21 received 6 results and 0 failures
[2026-01-17 16:39:41,722][flwr][DEBUG] - fit_round 22: strategy sampled 7 clients (out of 12)
[2026-01-17 16:39:46,460][flwr][DEBUG] - fit_round 22 received 7 results and 0 failures
[2026-01-17 16:39:46,704][flwr][INFO] - fit progress: (22, 0.03325880084041069, {'rmse': 4083.36723795448, 'mae': 1332.8909912109375, 'r2': 0.8809543350215262, 'mape': 5.618842124938965, 'accuracy_10': 87.96389102935791, 'accuracy_20': 95.63691020011902}, 120.0190915419953)
[2026-01-17 16:39:46,705][flwr][DEBUG] - evaluate_round 22: strategy sampled 6 clients (out of 12)
[2026-01-17 16:39:46,926][flwr][DEBUG] - evaluate_round 22 received 6 results and 0 failures
[2026-01-17 16:39:46,926][flwr][DEBUG] - fit_round 23: strategy sampled 7 clients (out of 12)
[2026-01-17 16:39:51,480][flwr][DEBUG] - fit_round 23 received 7 results and 0 failures
[2026-01-17 16:39:51,716][flwr][INFO] - fit progress: (23, 0.03186495440620686, {'rmse': 4011.2747350437116, 'mae': 1236.828125, 'r2': 0.885120768010017, 'mape': 5.267085075378418, 'accuracy_10': 89.16749954223633, 'accuracy_20': 95.68706154823303}, 125.03124491701601)
[2026-01-17 16:39:51,720][flwr][DEBUG] - evaluate_round 23: strategy sampled 6 clients (out of 12)
[2026-01-17 16:39:51,790][flwr][DEBUG] - evaluate_round 23 received 6 results and 0 failures
[2026-01-17 16:39:51,790][flwr][DEBUG] - fit_round 24: strategy sampled 7 clients (out of 12)
[2026-01-17 16:39:56,146][flwr][DEBUG] - fit_round 24 received 7 results and 0 failures
[2026-01-17 16:39:56,382][flwr][INFO] - fit progress: (24, 0.0302605548912777, {'rmse': 4053.6724090631697, 'mae': 1405.9095458984375, 'r2': 0.8826794665989606, 'mape': 5.542354106903076, 'accuracy_10': 86.55967712402344, 'accuracy_20': 95.88766098022461}, 129.6967553329887)
[2026-01-17 16:39:56,382][flwr][DEBUG] - evaluate_round 24: strategy sampled 6 clients (out of 12)
[2026-01-17 16:39:56,470][flwr][DEBUG] - evaluate_round 24 received 6 results and 0 failures
[2026-01-17 16:39:56,470][flwr][DEBUG] - fit_round 25: strategy sampled 7 clients (out of 12)
[2026-01-17 16:40:00,898][flwr][DEBUG] - fit_round 25 received 7 results and 0 failures
[2026-01-17 16:40:01,160][flwr][INFO] - fit progress: (25, 0.03130379810167053, {'rmse': 4160.964070981628, 'mae': 1449.827880859375, 'r2': 0.8763868604189218, 'mape': 5.669443130493164, 'accuracy_10': 85.70712208747864, 'accuracy_20': 95.88766098022461}, 134.47430412500398)
[2026-01-17 16:40:01,160][flwr][DEBUG] - evaluate_round 25: strategy sampled 6 clients (out of 12)
[2026-01-17 16:40:01,243][flwr][DEBUG] - evaluate_round 25 received 6 results and 0 failures
[2026-01-17 16:40:01,243][flwr][INFO] - FL finished in 134.5580432920251
[2026-01-17 16:40:01,245][flwr][INFO] - app_fit: losses_distributed [(1, 0.18664435953215136), (2, 0.08766822679162654), (3, 0.08992679935110291), (4, 0.07794916016238437), (5, 0.050712341786665525), (6, 0.06215076913829198), (7, 0.03457885740719961), (8, 0.054252739024168224), (9, 0.03843088124979505), (10, 0.04830978016150782), (11, 0.0251832123356232), (12, 0.04714792771924254), (13, 0.04491006580458649), (14, 0.02349298794022968), (15, 0.027948449437494752), (16, 0.043951604255631375), (17, 0.04120304592326687), (18, 0.03396859196685879), (19, 0.03219672518444388), (20, 0.026354701803169223), (21, 0.02894849927238471), (22, 0.03400129344374509), (23, 0.0672860084351625), (24, 0.030426304849433643), (25, 0.04857855466395518)]
[2026-01-17 16:40:01,245][flwr][INFO] - app_fit: metrics_distributed_fit {}
[2026-01-17 16:40:01,245][flwr][INFO] - app_fit: metrics_distributed {}
[2026-01-17 16:40:01,245][flwr][INFO] - app_fit: losses_centralized [(0, 1.4340404903996313), (1, 0.1847676304930311), (2, 0.0897246148799702), (3, 0.06827717701696166), (4, 0.06718625583374871), (5, 0.04376743604973661), (6, 0.04141703774683633), (7, 0.045080761223426136), (8, 0.03970038427792886), (9, 0.036366515879779904), (10, 0.034684790870027175), (11, 0.03570392169618798), (12, 0.03649117364085755), (13, 0.03517267744943365), (14, 0.03298825655345513), (15, 0.03444902891052164), (16, 0.0395359874440501), (17, 0.03482337289096539), (18, 0.033030979888310046), (19, 0.03319369171864709), (20, 0.03161366167688442), (21, 0.03130535075185053), (22, 0.03325880084041069), (23, 0.03186495440620686), (24, 0.0302605548912777), (25, 0.03130379810167053)]
[2026-01-17 16:40:01,246][flwr][INFO] - app_fit: metrics_centralized {'rmse': [(0, 11782.010694274555), (1, 6670.655440059844), (2, 4774.533066175162), (3, 4654.4380971283745), (4, 4928.931121450167), (5, 4247.122319877307), (6, 4131.578874958095), (7, 4317.017257320151), (8, 4115.369485234588), (9, 4174.085768165288), (10, 4094.668362639397), (11, 4058.6818057098294), (12, 4141.729348955579), (13, 4117.980573047911), (14, 4156.689788762207), (15, 4103.32889249692), (16, 4356.118685251815), (17, 4197.565246663832), (18, 4243.698151376933), (19, 4200.7544560471515), (20, 4124.314730958345), (21, 4116.784667674519), (22, 4083.36723795448), (23, 4011.2747350437116), (24, 4053.6724090631697), (25, 4160.964070981628)], 'mae': [(0, 9149.193359375), (1, 3580.076416015625), (2, 2226.60595703125), (3, 1900.967041015625), (4, 1848.5064697265625), (5, 1530.2470703125), (6, 1387.080322265625), (7, 1388.34423828125), (8, 1349.5330810546875), (9, 1406.7408447265625), (10, 1368.022705078125), (11, 1285.4720458984375), (12, 1296.923828125), (13, 1293.2027587890625), (14, 1392.478271484375), (15, 1258.270263671875), (16, 1248.7894287109375), (17, 1306.3935546875), (18, 1457.0079345703125), (19, 1444.5587158203125), (20, 1408.4468994140625), (21, 1366.3450927734375), (22, 1332.8909912109375), (23, 1236.828125), (24, 1405.9095458984375), (25, 1449.827880859375)], 'r2': [(0, 0.00890437044283554), (1, 0.6823025329462762), (2, 0.837243424296132), (3, 0.8453281709815587), (4, 0.8265468400179371), (5, 0.8712147068713586), (6, 0.8781266359916641), (7, 0.8669409921345685), (8, 0.8790810402366833), (9, 0.8756059988844458), (10, 0.8802944752730163), (11, 0.8823893292337381), (12, 0.8775270534797242), (13, 0.8789275606063415), (14, 0.8766406847822592), (15, 0.8797875671790535), (16, 0.8645197098057307), (17, 0.8742026098899487), (18, 0.8714222893546705), (19, 0.8740113799902806), (20, 0.8785548096952313), (21, 0.8789978620500151), (22, 0.8809543350215262), (23, 0.885120768010017), (24, 0.8826794665989606), (25, 0.8763868604189218)], 'mape': [(0, 79.91940307617188), (1, 18.90558433532715), (2, 12.098159790039062), (3, 9.8263521194458), (4, 9.130707740783691), (5, 7.024780750274658), (6, 6.561295509338379), (7, 6.554309368133545), (8, 6.279427528381348), (9, 5.980551719665527), (10, 5.762300491333008), (11, 5.6211652755737305), (12, 5.66895866394043), (13, 5.500906944274902), (14, 5.551722526550293), (15, 5.373889923095703), (16, 5.580676078796387), (17, 5.456666946411133), (18, 5.631519317626953), (19, 5.629456043243408), (20, 5.558310031890869), (21, 5.44699764251709), (22, 5.618842124938965), (23, 5.267085075378418), (24, 5.542354106903076), (25, 5.669443130493164)], 'accuracy_10': [(0, 11.735205352306366), (1, 31.444332003593445), (2, 50.8525550365448), (3, 67.50250458717346), (4, 75.17552375793457), (5, 81.04313015937805), (6, 84.40321087837219), (7, 86.25877499580383), (8, 85.5566680431366), (9, 85.8575701713562), (10, 86.40922904014587), (11, 88.26479315757751), (12, 87.81344294548035), (13, 88.11434507369995), (14, 86.71013116836548), (15, 88.5155439376831), (16, 88.76630067825317), (17, 88.01404237747192), (18, 86.15847826004028), (19, 85.80742478370667), (20, 86.91073060035706), (21, 86.91073060035706), (22, 87.96389102935791), (23, 89.16749954223633), (24, 86.55967712402344), (25, 85.70712208747864)], 'accuracy_20': [(0, 21.46439254283905), (1, 71.31394147872925), (2, 87.01103329658508), (3, 92.3771321773529), (4, 92.52758026123047), (5, 95.03510594367981), (6, 95.38615942001343), (7, 94.78435516357422), (8, 95.586758852005), (9, 95.48646211624146), (10, 95.53660750389099), (11, 95.53660750389099), (12, 95.2858567237854), (13, 95.03510594367981), (14, 95.586758852005), (15, 95.2858567237854), (16, 94.68405246734619), (17, 95.43631076812744), (18, 95.586758852005), (19, 95.78736424446106), (20, 95.98796367645264), (21, 95.88766098022461), (22, 95.63691020011902), (23, 95.68706154823303), (24, 95.88766098022461), (25, 95.88766098022461)]}
[2026-01-17 16:40:01,782][flwr][INFO] - Starting Flower simulation, config: ServerConfig(num_rounds=25, round_timeout=None)
[2026-01-17 16:40:09,153][flwr][INFO] - Flower VCE: Ray initialized with resources: {'CPU': 10.0, 'object_store_memory': 2147483648.0, 'memory': 12436899021.0, 'node:127.0.0.1': 1.0}
[2026-01-17 16:40:09,154][flwr][INFO] - Initializing global parameters
[2026-01-17 16:40:09,154][flwr][INFO] - Using initial parameters provided by strategy
[2026-01-17 16:40:09,154][flwr][INFO] - Evaluating initial parameters
[2026-01-17 16:40:09,399][flwr][INFO] - initial parameters (loss, other metrics): 1.4340404903996313, {'rmse': 11782.010694274555, 'mae': 9149.193359375, 'r2': 0.00890437044283554, 'mape': 79.91940307617188, 'accuracy_10': 11.735205352306366, 'accuracy_20': 21.46439254283905}
[2026-01-17 16:40:09,399][flwr][INFO] - FL starting
[2026-01-17 16:40:09,400][flwr][DEBUG] - fit_round 1: strategy sampled 7 clients (out of 12)
[2026-01-17 16:40:24,277][flwr][DEBUG] - fit_round 1 received 7 results and 0 failures
[2026-01-17 16:40:24,286][flwr][WARNING] - No fit_metrics_aggregation_fn provided
[2026-01-17 16:40:24,550][flwr][INFO] - fit progress: (1, 0.15853634855542761, {'rmse': 6006.196799972508, 'mae': 3129.133544921875, 'r2': 0.7424415278540084, 'mape': 16.657630920410156, 'accuracy_10': 40.872618556022644, 'accuracy_20': 76.02808475494385}, 15.149982209026348)
[2026-01-17 16:40:24,550][flwr][DEBUG] - evaluate_round 1: strategy sampled 6 clients (out of 12)
[2026-01-17 16:40:24,802][flwr][DEBUG] - evaluate_round 1 received 6 results and 0 failures
[2026-01-17 16:40:24,802][flwr][WARNING] - No evaluate_metrics_aggregation_fn provided
[2026-01-17 16:40:24,802][flwr][DEBUG] - fit_round 2: strategy sampled 7 clients (out of 12)
[2026-01-17 16:40:32,805][flwr][DEBUG] - fit_round 2 received 7 results and 0 failures
[2026-01-17 16:40:33,079][flwr][INFO] - fit progress: (2, 0.10207739984289693, {'rmse': 5127.431325722461, 'mae': 2406.6142578125, 'r2': 0.8122947494097817, 'mape': 12.745091438293457, 'accuracy_10': 54.413241147994995, 'accuracy_20': 86.40922904014587}, 23.679420958971605)
[2026-01-17 16:40:33,079][flwr][DEBUG] - evaluate_round 2: strategy sampled 6 clients (out of 12)
[2026-01-17 16:40:33,424][flwr][DEBUG] - evaluate_round 2 received 6 results and 0 failures
[2026-01-17 16:40:33,424][flwr][DEBUG] - fit_round 3: strategy sampled 7 clients (out of 12)
[2026-01-17 16:40:40,823][flwr][DEBUG] - fit_round 3 received 7 results and 0 failures
[2026-01-17 16:40:41,113][flwr][INFO] - fit progress: (3, 0.07702571920370506, {'rmse': 4732.803186273437, 'mae': 1998.515625, 'r2': 0.8400760144350929, 'mape': 10.417929649353027, 'accuracy_10': 64.94483351707458, 'accuracy_20': 91.02306962013245}, 31.71299208397977)
[2026-01-17 16:40:41,113][flwr][DEBUG] - evaluate_round 3: strategy sampled 6 clients (out of 12)
[2026-01-17 16:40:41,354][flwr][DEBUG] - evaluate_round 3 received 6 results and 0 failures
[2026-01-17 16:40:41,354][flwr][DEBUG] - fit_round 4: strategy sampled 7 clients (out of 12)
[2026-01-17 16:40:48,232][flwr][DEBUG] - fit_round 4 received 7 results and 0 failures
[2026-01-17 16:40:48,489][flwr][INFO] - fit progress: (4, 0.06220206294728139, {'rmse': 4608.774457488672, 'mae': 1864.51953125, 'r2': 0.8483481778616699, 'mape': 8.956570625305176, 'accuracy_10': 69.45837736129761, 'accuracy_20': 92.3771321773529}, 39.08914029202424)
[2026-01-17 16:40:48,489][flwr][DEBUG] - evaluate_round 4: strategy sampled 6 clients (out of 12)
[2026-01-17 16:40:48,706][flwr][DEBUG] - evaluate_round 4 received 6 results and 0 failures
[2026-01-17 16:40:48,706][flwr][DEBUG] - fit_round 5: strategy sampled 7 clients (out of 12)
[2026-01-17 16:40:56,179][flwr][DEBUG] - fit_round 5 received 7 results and 0 failures
[2026-01-17 16:40:56,422][flwr][INFO] - fit progress: (5, 0.052988754307016085, {'rmse': 4377.487635619317, 'mae': 1702.7271728515625, 'r2': 0.8631872455596649, 'mape': 8.077597618103027, 'accuracy_10': 75.52657723426819, 'accuracy_20': 93.63089203834534}, 47.0221700000111)
[2026-01-17 16:40:56,422][flwr][DEBUG] - evaluate_round 5: strategy sampled 6 clients (out of 12)
[2026-01-17 16:40:56,740][flwr][DEBUG] - evaluate_round 5 received 6 results and 0 failures
[2026-01-17 16:40:56,741][flwr][DEBUG] - fit_round 6: strategy sampled 7 clients (out of 12)
[2026-01-17 16:41:04,183][flwr][DEBUG] - fit_round 6 received 7 results and 0 failures
[2026-01-17 16:41:04,421][flwr][INFO] - fit progress: (6, 0.05062243532587437, {'rmse': 4252.2535201937335, 'mae': 1582.930419921875, 'r2': 0.8709033331463908, 'mape': 7.669808864593506, 'accuracy_10': 79.1374146938324, 'accuracy_20': 93.98194551467896}, 55.02099858399015)
[2026-01-17 16:41:04,421][flwr][DEBUG] - evaluate_round 6: strategy sampled 6 clients (out of 12)
[2026-01-17 16:41:04,604][flwr][DEBUG] - evaluate_round 6 received 6 results and 0 failures
[2026-01-17 16:41:04,604][flwr][DEBUG] - fit_round 7: strategy sampled 7 clients (out of 12)
[2026-01-17 16:41:11,841][flwr][DEBUG] - fit_round 7 received 7 results and 0 failures
[2026-01-17 16:41:12,109][flwr][INFO] - fit progress: (7, 0.05456954260041924, {'rmse': 4507.024739226533, 'mae': 1582.79248046875, 'r2': 0.8549704169295791, 'mape': 7.639103889465332, 'accuracy_10': 82.14644193649292, 'accuracy_20': 93.68104338645935}, 62.70929274999071)
[2026-01-17 16:41:12,109][flwr][DEBUG] - evaluate_round 7: strategy sampled 6 clients (out of 12)
[2026-01-17 16:41:12,374][flwr][DEBUG] - evaluate_round 7 received 6 results and 0 failures
[2026-01-17 16:41:12,374][flwr][DEBUG] - fit_round 8: strategy sampled 7 clients (out of 12)
[2026-01-17 16:41:19,745][flwr][DEBUG] - fit_round 8 received 7 results and 0 failures
[2026-01-17 16:41:20,008][flwr][INFO] - fit progress: (8, 0.04571284271343242, {'rmse': 4163.1629802351, 'mae': 1498.0567626953125, 'r2': 0.8762561717437211, 'mape': 7.132469177246094, 'accuracy_10': 83.14945101737976, 'accuracy_20': 94.83450055122375}, 70.60823108401382)
[2026-01-17 16:41:20,008][flwr][DEBUG] - evaluate_round 8: strategy sampled 6 clients (out of 12)
[2026-01-17 16:41:20,216][flwr][DEBUG] - evaluate_round 8 received 6 results and 0 failures
[2026-01-17 16:41:20,216][flwr][DEBUG] - fit_round 9: strategy sampled 7 clients (out of 12)
[2026-01-17 16:41:27,152][flwr][DEBUG] - fit_round 9 received 7 results and 0 failures
[2026-01-17 16:41:27,395][flwr][INFO] - fit progress: (9, 0.0425677182733893, {'rmse': 4113.11463492084, 'mae': 1412.79931640625, 'r2': 0.8792135181631886, 'mape': 6.5844035148620605, 'accuracy_10': 85.25576591491699, 'accuracy_20': 94.7342038154602}, 77.99535941699287)
[2026-01-17 16:41:27,396][flwr][DEBUG] - evaluate_round 9: strategy sampled 6 clients (out of 12)
[2026-01-17 16:41:27,632][flwr][DEBUG] - evaluate_round 9 received 6 results and 0 failures
[2026-01-17 16:41:27,632][flwr][DEBUG] - fit_round 10: strategy sampled 7 clients (out of 12)
[2026-01-17 16:41:36,012][flwr][DEBUG] - fit_round 10 received 7 results and 0 failures
[2026-01-17 16:41:36,369][flwr][INFO] - fit progress: (10, 0.04442570190278882, {'rmse': 4170.35226329863, 'mae': 1401.7288818359375, 'r2': 0.8758284233539886, 'mape': 6.637365341186523, 'accuracy_10': 85.80742478370667, 'accuracy_20': 94.4333016872406}, 86.96938679198502)
[2026-01-17 16:41:36,371][flwr][DEBUG] - evaluate_round 10: strategy sampled 6 clients (out of 12)
[2026-01-17 16:41:36,645][flwr][DEBUG] - evaluate_round 10 received 6 results and 0 failures
[2026-01-17 16:41:36,645][flwr][DEBUG] - fit_round 11: strategy sampled 7 clients (out of 12)
[2026-01-17 16:41:44,633][flwr][DEBUG] - fit_round 11 received 7 results and 0 failures
[2026-01-17 16:41:44,885][flwr][INFO] - fit progress: (11, 0.039653359567643764, {'rmse': 4067.2777136556583, 'mae': 1373.030517578125, 'r2': 0.8818906267635858, 'mape': 6.275143623352051, 'accuracy_10': 86.20862364768982, 'accuracy_20': 95.03510594367981}, 95.48531904199626)
[2026-01-17 16:41:44,886][flwr][DEBUG] - evaluate_round 11: strategy sampled 6 clients (out of 12)
[2026-01-17 16:41:45,012][flwr][DEBUG] - evaluate_round 11 received 6 results and 0 failures
[2026-01-17 16:41:45,012][flwr][DEBUG] - fit_round 12: strategy sampled 7 clients (out of 12)
[2026-01-17 16:41:52,788][flwr][DEBUG] - fit_round 12 received 7 results and 0 failures
[2026-01-17 16:41:53,057][flwr][INFO] - fit progress: (12, 0.04292562779098928, {'rmse': 4275.214848402358, 'mae': 1362.45166015625, 'r2': 0.8695053852357788, 'mape': 6.294156551361084, 'accuracy_10': 87.9137396812439, 'accuracy_20': 95.08525729179382}, 103.65682637499413)
[2026-01-17 16:41:53,057][flwr][DEBUG] - evaluate_round 12: strategy sampled 6 clients (out of 12)
[2026-01-17 16:41:53,328][flwr][DEBUG] - evaluate_round 12 received 6 results and 0 failures
[2026-01-17 16:41:53,328][flwr][DEBUG] - fit_round 13: strategy sampled 7 clients (out of 12)
[2026-01-17 16:42:00,312][flwr][DEBUG] - fit_round 13 received 7 results and 0 failures
[2026-01-17 16:42:00,595][flwr][INFO] - fit progress: (13, 0.037629731631872346, {'rmse': 4056.4604028635604, 'mae': 1351.5889892578125, 'r2': 0.8825180379997085, 'mape': 6.056573390960693, 'accuracy_10': 87.41223812103271, 'accuracy_20': 95.8375096321106}, 111.19463070901111)
[2026-01-17 16:42:00,595][flwr][DEBUG] - evaluate_round 13: strategy sampled 6 clients (out of 12)
[2026-01-17 16:42:00,827][flwr][DEBUG] - evaluate_round 13 received 6 results and 0 failures
[2026-01-17 16:42:00,827][flwr][DEBUG] - fit_round 14: strategy sampled 7 clients (out of 12)
[2026-01-17 16:42:07,961][flwr][DEBUG] - fit_round 14 received 7 results and 0 failures
[2026-01-17 16:42:08,213][flwr][INFO] - fit progress: (14, 0.035212062243204056, {'rmse': 3995.2870985700138, 'mae': 1419.0777587890625, 'r2': 0.886034679444776, 'mape': 6.072798728942871, 'accuracy_10': 85.60681939125061, 'accuracy_20': 96.23871445655823}, 118.8133517089882)
[2026-01-17 16:42:08,214][flwr][DEBUG] - evaluate_round 14: strategy sampled 6 clients (out of 12)
[2026-01-17 16:42:08,435][flwr][DEBUG] - evaluate_round 14 received 6 results and 0 failures
[2026-01-17 16:42:08,435][flwr][DEBUG] - fit_round 15: strategy sampled 7 clients (out of 12)
[2026-01-17 16:42:15,773][flwr][DEBUG] - fit_round 15 received 7 results and 0 failures
[2026-01-17 16:42:16,007][flwr][INFO] - fit progress: (15, 0.03452909976027256, {'rmse': 4041.1618378877133, 'mae': 1450.149169921875, 'r2': 0.8834025074509118, 'mape': 6.005702018737793, 'accuracy_10': 85.95787286758423, 'accuracy_20': 96.13841772079468}, 126.60710508399643)
[2026-01-17 16:42:16,007][flwr][DEBUG] - evaluate_round 15: strategy sampled 6 clients (out of 12)
[2026-01-17 16:42:16,223][flwr][DEBUG] - evaluate_round 15 received 6 results and 0 failures
[2026-01-17 16:42:16,224][flwr][DEBUG] - fit_round 16: strategy sampled 7 clients (out of 12)
[2026-01-17 16:42:23,394][flwr][DEBUG] - fit_round 16 received 7 results and 0 failures
[2026-01-17 16:42:23,640][flwr][INFO] - fit progress: (16, 0.033121964605590526, {'rmse': 3931.834304748866, 'mae': 1372.1475830078125, 'r2': 0.8896259121368495, 'mape': 5.808183670043945, 'accuracy_10': 86.65997982025146, 'accuracy_20': 96.38916850090027}, 134.2398227090016)
[2026-01-17 16:42:23,640][flwr][DEBUG] - evaluate_round 16: strategy sampled 6 clients (out of 12)
[2026-01-17 16:42:23,856][flwr][DEBUG] - evaluate_round 16 received 6 results and 0 failures
[2026-01-17 16:42:23,856][flwr][DEBUG] - fit_round 17: strategy sampled 7 clients (out of 12)
[2026-01-17 16:42:31,647][flwr][DEBUG] - fit_round 17 received 7 results and 0 failures
[2026-01-17 16:42:31,929][flwr][INFO] - fit progress: (17, 0.03376873702169541, {'rmse': 3917.839327997002, 'mae': 1301.8375244140625, 'r2': 0.8904102421789772, 'mape': 5.642806529998779, 'accuracy_10': 87.9137396812439, 'accuracy_20': 96.13841772079468}, 142.5284032089985)
[2026-01-17 16:42:31,929][flwr][DEBUG] - evaluate_round 17: strategy sampled 6 clients (out of 12)
[2026-01-17 16:42:32,234][flwr][DEBUG] - evaluate_round 17 received 6 results and 0 failures
[2026-01-17 16:42:32,234][flwr][DEBUG] - fit_round 18: strategy sampled 7 clients (out of 12)
[2026-01-17 16:42:39,458][flwr][DEBUG] - fit_round 18 received 7 results and 0 failures
[2026-01-17 16:42:39,725][flwr][INFO] - fit progress: (18, 0.03563770188864997, {'rmse': 4207.22069780039, 'mae': 1552.158447265625, 'r2': 0.8736232151191619, 'mape': 6.076446533203125, 'accuracy_10': 84.05215740203857, 'accuracy_20': 95.18555402755737}, 150.32466237497283)
[2026-01-17 16:42:39,725][flwr][DEBUG] - evaluate_round 18: strategy sampled 6 clients (out of 12)
[2026-01-17 16:42:39,838][flwr][DEBUG] - evaluate_round 18 received 6 results and 0 failures
[2026-01-17 16:42:39,839][flwr][DEBUG] - fit_round 19: strategy sampled 7 clients (out of 12)
[2026-01-17 16:42:46,796][flwr][DEBUG] - fit_round 19 received 7 results and 0 failures
[2026-01-17 16:42:47,028][flwr][INFO] - fit progress: (19, 0.03011824309624126, {'rmse': 3811.7064420020597, 'mae': 1326.704833984375, 'r2': 0.8962673196593078, 'mape': 5.470423698425293, 'accuracy_10': 87.31193542480469, 'accuracy_20': 96.84051871299744}, 157.62734666699544)
[2026-01-17 16:42:47,028][flwr][DEBUG] - evaluate_round 19: strategy sampled 6 clients (out of 12)
[2026-01-17 16:42:47,113][flwr][DEBUG] - evaluate_round 19 received 6 results and 0 failures
[2026-01-17 16:42:47,113][flwr][DEBUG] - fit_round 20: strategy sampled 7 clients (out of 12)
[2026-01-17 16:42:55,074][flwr][DEBUG] - fit_round 20 received 7 results and 0 failures
[2026-01-17 16:42:55,408][flwr][INFO] - fit progress: (20, 0.031424387426320144, {'rmse': 4009.897380233065, 'mae': 1430.34375, 'r2': 0.8851996417273584, 'mape': 5.631161689758301, 'accuracy_10': 86.00802421569824, 'accuracy_20': 95.8375096321106}, 166.00789416697808)
[2026-01-17 16:42:55,409][flwr][DEBUG] - evaluate_round 20: strategy sampled 6 clients (out of 12)
[2026-01-17 16:42:55,725][flwr][DEBUG] - evaluate_round 20 received 6 results and 0 failures
[2026-01-17 16:42:55,725][flwr][DEBUG] - fit_round 21: strategy sampled 7 clients (out of 12)
[2026-01-17 16:43:01,359][flwr][DEBUG] - fit_round 21 received 7 results and 0 failures
[2026-01-17 16:43:01,681][flwr][INFO] - fit progress: (21, 0.030228464747428775, {'rmse': 3894.592918393397, 'mae': 1387.638671875, 'r2': 0.8917068847339671, 'mape': 5.526063919067383, 'accuracy_10': 86.30892634391785, 'accuracy_20': 96.18856310844421}, 172.28052337502595)
[2026-01-17 16:43:01,681][flwr][DEBUG] - evaluate_round 21: strategy sampled 6 clients (out of 12)
[2026-01-17 16:43:01,999][flwr][DEBUG] - evaluate_round 21 received 6 results and 0 failures
[2026-01-17 16:43:02,000][flwr][DEBUG] - fit_round 22: strategy sampled 7 clients (out of 12)
[2026-01-17 16:43:09,565][flwr][DEBUG] - fit_round 22 received 7 results and 0 failures
[2026-01-17 16:43:09,813][flwr][INFO] - fit progress: (22, 0.02907901483147948, {'rmse': 3834.0592066372683, 'mae': 1328.623046875, 'r2': 0.8950471235996029, 'mape': 5.338763236999512, 'accuracy_10': 87.26178407669067, 'accuracy_20': 96.63991928100586}, 180.41233120899415)
[2026-01-17 16:43:09,813][flwr][DEBUG] - evaluate_round 22: strategy sampled 6 clients (out of 12)
[2026-01-17 16:43:10,012][flwr][DEBUG] - evaluate_round 22 received 6 results and 0 failures
[2026-01-17 16:43:10,013][flwr][DEBUG] - fit_round 23: strategy sampled 7 clients (out of 12)
[2026-01-17 16:43:16,876][flwr][DEBUG] - fit_round 23 received 7 results and 0 failures
[2026-01-17 16:43:17,132][flwr][INFO] - fit progress: (23, 0.029086685788032106, {'rmse': 3713.8788348571634, 'mae': 1186.97314453125, 'r2': 0.9015235973501716, 'mape': 5.0924153327941895, 'accuracy_10': 89.4182562828064, 'accuracy_20': 96.08826637268066}, 187.73121741699288)
[2026-01-17 16:43:17,132][flwr][DEBUG] - evaluate_round 23: strategy sampled 6 clients (out of 12)
[2026-01-17 16:43:17,212][flwr][DEBUG] - evaluate_round 23 received 6 results and 0 failures
[2026-01-17 16:43:17,213][flwr][DEBUG] - fit_round 24: strategy sampled 7 clients (out of 12)
[2026-01-17 16:43:24,148][flwr][DEBUG] - fit_round 24 received 7 results and 0 failures
[2026-01-17 16:43:24,379][flwr][INFO] - fit progress: (24, 0.0290100120480659, {'rmse': 3701.1781907927643, 'mae': 1189.0223388671875, 'r2': 0.902195981857813, 'mape': 5.079183101654053, 'accuracy_10': 89.01705145835876, 'accuracy_20': 96.13841772079468}, 194.97842674999265)
[2026-01-17 16:43:24,379][flwr][DEBUG] - evaluate_round 24: strategy sampled 6 clients (out of 12)
[2026-01-17 16:43:24,464][flwr][DEBUG] - evaluate_round 24 received 6 results and 0 failures
[2026-01-17 16:43:24,464][flwr][DEBUG] - fit_round 25: strategy sampled 7 clients (out of 12)
[2026-01-17 16:43:31,553][flwr][DEBUG] - fit_round 25 received 7 results and 0 failures
[2026-01-17 16:43:31,862][flwr][INFO] - fit progress: (25, 0.030123608347510503, {'rmse': 4033.679089863248, 'mae': 1417.489501953125, 'r2': 0.8838339003402276, 'mape': 5.395931243896484, 'accuracy_10': 85.90772151947021, 'accuracy_20': 95.78736424446106}, 202.46147649997147)
[2026-01-17 16:43:31,863][flwr][DEBUG] - evaluate_round 25: strategy sampled 6 clients (out of 12)
[2026-01-17 16:43:32,106][flwr][DEBUG] - evaluate_round 25 received 6 results and 0 failures
[2026-01-17 16:43:32,106][flwr][INFO] - FL finished in 202.7054824589868
[2026-01-17 16:43:32,107][flwr][INFO] - app_fit: losses_distributed [(1, 0.15547632128622005), (2, 0.1021764064270661), (3, 0.12032048545298304), (4, 0.06245749870693381), (5, 0.04908658761945036), (6, 0.034748924513147254), (7, 0.08297697656593327), (8, 0.0413968519352219), (9, 0.04301528417576805), (10, 0.05703944716143336), (11, 0.048531571947489485), (12, 0.08061316398612689), (13, 0.04619073088126801), (14, 0.03634196726724904), (15, 0.04086181769380346), (16, 0.024555376360141976), (17, 0.0347968193905753), (18, 0.04569740550599432), (19, 0.03227253000370833), (20, 0.02852792347478279), (21, 0.04208891600442405), (22, 0.025026556241950815), (23, 0.03991024028572151), (24, 0.016536782921497024), (25, 0.041465802298438166)]
[2026-01-17 16:43:32,107][flwr][INFO] - app_fit: metrics_distributed_fit {}
[2026-01-17 16:43:32,107][flwr][INFO] - app_fit: metrics_distributed {}
[2026-01-17 16:43:32,107][flwr][INFO] - app_fit: losses_centralized [(0, 1.4340404903996313), (1, 0.15853634855542761), (2, 0.10207739984289693), (3, 0.07702571920370506), (4, 0.06220206294728139), (5, 0.052988754307016085), (6, 0.05062243532587437), (7, 0.05456954260041924), (8, 0.04571284271343242), (9, 0.0425677182733893), (10, 0.04442570190278882), (11, 0.039653359567643764), (12, 0.04292562779098928), (13, 0.037629731631872346), (14, 0.035212062243204056), (15, 0.03452909976027256), (16, 0.033121964605590526), (17, 0.03376873702169541), (18, 0.03563770188864997), (19, 0.03011824309624126), (20, 0.031424387426320144), (21, 0.030228464747428775), (22, 0.02907901483147948), (23, 0.029086685788032106), (24, 0.0290100120480659), (25, 0.030123608347510503)]
[2026-01-17 16:43:32,107][flwr][INFO] - app_fit: metrics_centralized {'rmse': [(0, 11782.010694274555), (1, 6006.196799972508), (2, 5127.431325722461), (3, 4732.803186273437), (4, 4608.774457488672), (5, 4377.487635619317), (6, 4252.2535201937335), (7, 4507.024739226533), (8, 4163.1629802351), (9, 4113.11463492084), (10, 4170.35226329863), (11, 4067.2777136556583), (12, 4275.214848402358), (13, 4056.4604028635604), (14, 3995.2870985700138), (15, 4041.1618378877133), (16, 3931.834304748866), (17, 3917.839327997002), (18, 4207.22069780039), (19, 3811.7064420020597), (20, 4009.897380233065), (21, 3894.592918393397), (22, 3834.0592066372683), (23, 3713.8788348571634), (24, 3701.1781907927643), (25, 4033.679089863248)], 'mae': [(0, 9149.193359375), (1, 3129.133544921875), (2, 2406.6142578125), (3, 1998.515625), (4, 1864.51953125), (5, 1702.7271728515625), (6, 1582.930419921875), (7, 1582.79248046875), (8, 1498.0567626953125), (9, 1412.79931640625), (10, 1401.7288818359375), (11, 1373.030517578125), (12, 1362.45166015625), (13, 1351.5889892578125), (14, 1419.0777587890625), (15, 1450.149169921875), (16, 1372.1475830078125), (17, 1301.8375244140625), (18, 1552.158447265625), (19, 1326.704833984375), (20, 1430.34375), (21, 1387.638671875), (22, 1328.623046875), (23, 1186.97314453125), (24, 1189.0223388671875), (25, 1417.489501953125)], 'r2': [(0, 0.00890437044283554), (1, 0.7424415278540084), (2, 0.8122947494097817), (3, 0.8400760144350929), (4, 0.8483481778616699), (5, 0.8631872455596649), (6, 0.8709033331463908), (7, 0.8549704169295791), (8, 0.8762561717437211), (9, 0.8792135181631886), (10, 0.8758284233539886), (11, 0.8818906267635858), (12, 0.8695053852357788), (13, 0.8825180379997085), (14, 0.886034679444776), (15, 0.8834025074509118), (16, 0.8896259121368495), (17, 0.8904102421789772), (18, 0.8736232151191619), (19, 0.8962673196593078), (20, 0.8851996417273584), (21, 0.8917068847339671), (22, 0.8950471235996029), (23, 0.9015235973501716), (24, 0.902195981857813), (25, 0.8838339003402276)], 'mape': [(0, 79.91940307617188), (1, 16.657630920410156), (2, 12.745091438293457), (3, 10.417929649353027), (4, 8.956570625305176), (5, 8.077597618103027), (6, 7.669808864593506), (7, 7.639103889465332), (8, 7.132469177246094), (9, 6.5844035148620605), (10, 6.637365341186523), (11, 6.275143623352051), (12, 6.294156551361084), (13, 6.056573390960693), (14, 6.072798728942871), (15, 6.005702018737793), (16, 5.808183670043945), (17, 5.642806529998779), (18, 6.076446533203125), (19, 5.470423698425293), (20, 5.631161689758301), (21, 5.526063919067383), (22, 5.338763236999512), (23, 5.0924153327941895), (24, 5.079183101654053), (25, 5.395931243896484)], 'accuracy_10': [(0, 11.735205352306366), (1, 40.872618556022644), (2, 54.413241147994995), (3, 64.94483351707458), (4, 69.45837736129761), (5, 75.52657723426819), (6, 79.1374146938324), (7, 82.14644193649292), (8, 83.14945101737976), (9, 85.25576591491699), (10, 85.80742478370667), (11, 86.20862364768982), (12, 87.9137396812439), (13, 87.41223812103271), (14, 85.60681939125061), (15, 85.95787286758423), (16, 86.65997982025146), (17, 87.9137396812439), (18, 84.05215740203857), (19, 87.31193542480469), (20, 86.00802421569824), (21, 86.30892634391785), (22, 87.26178407669067), (23, 89.4182562828064), (24, 89.01705145835876), (25, 85.90772151947021)], 'accuracy_20': [(0, 21.46439254283905), (1, 76.02808475494385), (2, 86.40922904014587), (3, 91.02306962013245), (4, 92.3771321773529), (5, 93.63089203834534), (6, 93.98194551467896), (7, 93.68104338645935), (8, 94.83450055122375), (9, 94.7342038154602), (10, 94.4333016872406), (11, 95.03510594367981), (12, 95.08525729179382), (13, 95.8375096321106), (14, 96.23871445655823), (15, 96.13841772079468), (16, 96.38916850090027), (17, 96.13841772079468), (18, 95.18555402755737), (19, 96.84051871299744), (20, 95.8375096321106), (21, 96.18856310844421), (22, 96.63991928100586), (23, 96.08826637268066), (24, 96.13841772079468), (25, 95.78736424446106)]}
[2026-01-17 16:43:32,784][flwr][INFO] - Starting Flower simulation, config: ServerConfig(num_rounds=25, round_timeout=None)
[2026-01-17 16:43:40,491][flwr][INFO] - Flower VCE: Ray initialized with resources: {'object_store_memory': 2147483648.0, 'node:127.0.0.1': 1.0, 'CPU': 10.0, 'memory': 12254846157.0}
[2026-01-17 16:43:40,492][flwr][INFO] - Initializing global parameters
[2026-01-17 16:43:40,492][flwr][INFO] - Using initial parameters provided by strategy
[2026-01-17 16:43:40,493][flwr][INFO] - Evaluating initial parameters
[2026-01-17 16:43:40,775][flwr][INFO] - initial parameters (loss, other metrics): 1.4340404903996313, {'rmse': 11782.010694274555, 'mae': 9149.193359375, 'r2': 0.00890437044283554, 'mape': 79.91940307617188, 'accuracy_10': 11.735205352306366, 'accuracy_20': 21.46439254283905}
[2026-01-17 16:43:40,775][flwr][INFO] - FL starting
[2026-01-17 16:43:40,775][flwr][DEBUG] - fit_round 1: strategy sampled 7 clients (out of 12)
[2026-01-17 16:43:52,054][flwr][DEBUG] - fit_round 1 received 7 results and 0 failures
[2026-01-17 16:43:52,060][flwr][WARNING] - No fit_metrics_aggregation_fn provided
[2026-01-17 16:43:52,314][flwr][INFO] - fit progress: (1, 0.17083737034436572, {'rmse': 6606.32848108539, 'mae': 3308.4267578125, 'r2': 0.6884003013920492, 'mape': 17.52846908569336, 'accuracy_10': 38.31494450569153, 'accuracy_20': 76.12838745117188}, 11.538847916992381)
[2026-01-17 16:43:52,314][flwr][DEBUG] - evaluate_round 1: strategy sampled 6 clients (out of 12)
[2026-01-17 16:43:52,525][flwr][DEBUG] - evaluate_round 1 received 6 results and 0 failures
[2026-01-17 16:43:52,525][flwr][WARNING] - No evaluate_metrics_aggregation_fn provided
[2026-01-17 16:43:52,525][flwr][DEBUG] - fit_round 2: strategy sampled 7 clients (out of 12)
[2026-01-17 16:43:57,725][flwr][DEBUG] - fit_round 2 received 7 results and 0 failures
[2026-01-17 16:43:57,974][flwr][INFO] - fit progress: (2, 0.08007238918136331, {'rmse': 4755.911479411701, 'mae': 2061.430419921875, 'r2': 0.838510522205606, 'mape': 10.975934982299805, 'accuracy_10': 59.729188680648804, 'accuracy_20': 90.62186479568481}, 17.198379208974075)
[2026-01-17 16:43:57,974][flwr][DEBUG] - evaluate_round 2: strategy sampled 6 clients (out of 12)
[2026-01-17 16:43:58,194][flwr][DEBUG] - evaluate_round 2 received 6 results and 0 failures
[2026-01-17 16:43:58,194][flwr][DEBUG] - fit_round 3: strategy sampled 7 clients (out of 12)
[2026-01-17 16:44:03,383][flwr][DEBUG] - fit_round 3 received 7 results and 0 failures
[2026-01-17 16:44:03,621][flwr][INFO] - fit progress: (3, 0.07333069910092603, {'rmse': 5064.2314323103365, 'mae': 1900.1708984375, 'r2': 0.8168934772462378, 'mape': 9.687217712402344, 'accuracy_10': 71.11334204673767, 'accuracy_20': 92.97893643379211}, 22.84533849998843)
[2026-01-17 16:44:03,621][flwr][DEBUG] - evaluate_round 3: strategy sampled 6 clients (out of 12)
[2026-01-17 16:44:03,800][flwr][DEBUG] - evaluate_round 3 received 6 results and 0 failures
[2026-01-17 16:44:03,800][flwr][DEBUG] - fit_round 4: strategy sampled 7 clients (out of 12)
[2026-01-17 16:44:09,315][flwr][DEBUG] - fit_round 4 received 7 results and 0 failures
[2026-01-17 16:44:09,585][flwr][INFO] - fit progress: (4, 0.04627822819301334, {'rmse': 4259.191472568474, 'mae': 1548.696044921875, 'r2': 0.8704817298082697, 'mape': 7.383903980255127, 'accuracy_10': 79.63891625404358, 'accuracy_20': 95.23570537567139}, 28.81005849997746)
[2026-01-17 16:44:09,586][flwr][DEBUG] - evaluate_round 4: strategy sampled 6 clients (out of 12)
[2026-01-17 16:44:09,802][flwr][DEBUG] - evaluate_round 4 received 6 results and 0 failures
[2026-01-17 16:44:09,802][flwr][DEBUG] - fit_round 5: strategy sampled 7 clients (out of 12)
[2026-01-17 16:44:15,107][flwr][DEBUG] - fit_round 5 received 7 results and 0 failures
[2026-01-17 16:44:15,349][flwr][INFO] - fit progress: (5, 0.046401641743562164, {'rmse': 4321.99745488125, 'mae': 1482.4619140625, 'r2': 0.8666338128839703, 'mape': 7.162204265594482, 'accuracy_10': 83.24974775314331, 'accuracy_20': 94.93480324745178}, 34.57326345896581)
[2026-01-17 16:44:15,349][flwr][DEBUG] - evaluate_round 5: strategy sampled 6 clients (out of 12)
[2026-01-17 16:44:15,546][flwr][DEBUG] - evaluate_round 5 received 6 results and 0 failures
[2026-01-17 16:44:15,547][flwr][DEBUG] - fit_round 6: strategy sampled 7 clients (out of 12)
[2026-01-17 16:44:20,639][flwr][DEBUG] - fit_round 6 received 7 results and 0 failures
[2026-01-17 16:44:20,908][flwr][INFO] - fit progress: (6, 0.039017760313471914, {'rmse': 4118.958606249886, 'mae': 1471.537353515625, 'r2': 0.8788700332437026, 'mape': 6.64495325088501, 'accuracy_10': 83.29989910125732, 'accuracy_20': 96.03811502456665}, 40.132319541997276)
[2026-01-17 16:44:20,908][flwr][DEBUG] - evaluate_round 6: strategy sampled 6 clients (out of 12)
[2026-01-17 16:44:21,112][flwr][DEBUG] - evaluate_round 6 received 6 results and 0 failures
[2026-01-17 16:44:21,112][flwr][DEBUG] - fit_round 7: strategy sampled 7 clients (out of 12)
[2026-01-17 16:44:26,331][flwr][DEBUG] - fit_round 7 received 7 results and 0 failures
[2026-01-17 16:44:26,581][flwr][INFO] - fit progress: (7, 0.037634999017673004, {'rmse': 4121.210016487876, 'mae': 1324.572509765625, 'r2': 0.8787375846491859, 'mape': 6.024546146392822, 'accuracy_10': 87.96389102935791, 'accuracy_20': 95.68706154823303}, 45.80566820898093)
[2026-01-17 16:44:26,581][flwr][DEBUG] - evaluate_round 7: strategy sampled 6 clients (out of 12)
[2026-01-17 16:44:26,801][flwr][DEBUG] - evaluate_round 7 received 6 results and 0 failures
[2026-01-17 16:44:26,801][flwr][DEBUG] - fit_round 8: strategy sampled 7 clients (out of 12)
[2026-01-17 16:44:32,141][flwr][DEBUG] - fit_round 8 received 7 results and 0 failures
[2026-01-17 16:44:32,395][flwr][INFO] - fit progress: (8, 0.03426361374310409, {'rmse': 4073.9869906517865, 'mae': 1394.0684814453125, 'r2': 0.8815006433091739, 'mape': 5.924252033233643, 'accuracy_10': 86.10832691192627, 'accuracy_20': 95.8375096321106}, 51.62002254195977)
[2026-01-17 16:44:32,396][flwr][DEBUG] - evaluate_round 8: strategy sampled 6 clients (out of 12)
[2026-01-17 16:44:32,582][flwr][DEBUG] - evaluate_round 8 received 6 results and 0 failures
[2026-01-17 16:44:32,582][flwr][DEBUG] - fit_round 9: strategy sampled 7 clients (out of 12)
[2026-01-17 16:44:37,799][flwr][DEBUG] - fit_round 9 received 7 results and 0 failures
[2026-01-17 16:44:38,081][flwr][INFO] - fit progress: (9, 0.03387601470897944, {'rmse': 4076.357687936622, 'mae': 1386.431640625, 'r2': 0.8813626876337979, 'mape': 5.830021858215332, 'accuracy_10': 86.40922904014587, 'accuracy_20': 95.98796367645264}, 57.30522695899708)
[2026-01-17 16:44:38,081][flwr][DEBUG] - evaluate_round 9: strategy sampled 6 clients (out of 12)
[2026-01-17 16:44:38,315][flwr][DEBUG] - evaluate_round 9 received 6 results and 0 failures
[2026-01-17 16:44:38,315][flwr][DEBUG] - fit_round 10: strategy sampled 7 clients (out of 12)
[2026-01-17 16:44:45,316][flwr][DEBUG] - fit_round 10 received 7 results and 0 failures
[2026-01-17 16:44:45,580][flwr][INFO] - fit progress: (10, 0.032647426016890295, {'rmse': 4005.300238434068, 'mae': 1381.07470703125, 'r2': 0.8854627203330987, 'mape': 5.706691741943359, 'accuracy_10': 86.71013116836548, 'accuracy_20': 96.28886580467224}, 64.80456224997761)
[2026-01-17 16:44:45,580][flwr][DEBUG] - evaluate_round 10: strategy sampled 6 clients (out of 12)
[2026-01-17 16:44:45,705][flwr][DEBUG] - evaluate_round 10 received 6 results and 0 failures
[2026-01-17 16:44:45,705][flwr][DEBUG] - fit_round 11: strategy sampled 7 clients (out of 12)
[2026-01-17 16:44:50,658][flwr][DEBUG] - fit_round 11 received 7 results and 0 failures
[2026-01-17 16:44:50,914][flwr][INFO] - fit progress: (11, 0.035738638464880804, {'rmse': 4469.539573602632, 'mae': 1553.3035888671875, 'r2': 0.8573728241237537, 'mape': 5.823096752166748, 'accuracy_10': 84.35305953025818, 'accuracy_20': 95.03510594367981}, 70.13848199998029)
[2026-01-17 16:44:50,914][flwr][DEBUG] - evaluate_round 11: strategy sampled 6 clients (out of 12)
[2026-01-17 16:44:51,120][flwr][DEBUG] - evaluate_round 11 received 6 results and 0 failures
[2026-01-17 16:44:51,120][flwr][DEBUG] - fit_round 12: strategy sampled 7 clients (out of 12)
[2026-01-17 16:44:55,882][flwr][DEBUG] - fit_round 12 received 7 results and 0 failures
[2026-01-17 16:44:56,133][flwr][INFO] - fit progress: (12, 0.03499516318089804, {'rmse': 4011.677329995522, 'mae': 1296.5361328125, 'r2': 0.8850977057339814, 'mape': 5.662264823913574, 'accuracy_10': 88.61584663391113, 'accuracy_20': 95.33600807189941}, 75.35758974996861)
[2026-01-17 16:44:56,133][flwr][DEBUG] - evaluate_round 12: strategy sampled 6 clients (out of 12)
[2026-01-17 16:44:56,308][flwr][DEBUG] - evaluate_round 12 received 6 results and 0 failures
[2026-01-17 16:44:56,308][flwr][DEBUG] - fit_round 13: strategy sampled 7 clients (out of 12)
[2026-01-17 16:45:01,590][flwr][DEBUG] - fit_round 13 received 7 results and 0 failures
[2026-01-17 16:45:01,856][flwr][INFO] - fit progress: (13, 0.031347823617914494, {'rmse': 3977.301472103919, 'mae': 1372.4217529296875, 'r2': 0.8870584538428308, 'mape': 5.56412410736084, 'accuracy_10': 87.0611846446991, 'accuracy_20': 96.18856310844421}, 81.07998637499986)
[2026-01-17 16:45:01,856][flwr][DEBUG] - evaluate_round 13: strategy sampled 6 clients (out of 12)
[2026-01-17 16:45:02,035][flwr][DEBUG] - evaluate_round 13 received 6 results and 0 failures
[2026-01-17 16:45:02,036][flwr][DEBUG] - fit_round 14: strategy sampled 7 clients (out of 12)
[2026-01-17 16:45:06,802][flwr][DEBUG] - fit_round 14 received 7 results and 0 failures
[2026-01-17 16:45:07,065][flwr][INFO] - fit progress: (14, 0.031498396795321494, {'rmse': 4016.4460658646967, 'mae': 1412.24609375, 'r2': 0.8848243682652288, 'mape': 5.593108654022217, 'accuracy_10': 85.8575701713562, 'accuracy_20': 96.18856310844421}, 86.28932129201712)
[2026-01-17 16:45:07,065][flwr][DEBUG] - evaluate_round 14: strategy sampled 6 clients (out of 12)
[2026-01-17 16:45:07,242][flwr][DEBUG] - evaluate_round 14 received 6 results and 0 failures
[2026-01-17 16:45:07,243][flwr][DEBUG] - fit_round 15: strategy sampled 7 clients (out of 12)
[2026-01-17 16:45:12,295][flwr][DEBUG] - fit_round 15 received 7 results and 0 failures
[2026-01-17 16:45:12,549][flwr][INFO] - fit progress: (15, 0.03026004412109658, {'rmse': 4010.0246882033034, 'mae': 1406.5765380859375, 'r2': 0.8851923527281917, 'mape': 5.493659973144531, 'accuracy_10': 85.70712208747864, 'accuracy_20': 95.93781232833862}, 91.77317741699517)
[2026-01-17 16:45:12,549][flwr][DEBUG] - evaluate_round 15: strategy sampled 6 clients (out of 12)
[2026-01-17 16:45:12,727][flwr][DEBUG] - evaluate_round 15 received 6 results and 0 failures
[2026-01-17 16:45:12,727][flwr][DEBUG] - fit_round 16: strategy sampled 7 clients (out of 12)
[2026-01-17 16:45:17,571][flwr][DEBUG] - fit_round 16 received 7 results and 0 failures
[2026-01-17 16:45:17,829][flwr][INFO] - fit progress: (16, 0.029011648912412473, {'rmse': 3874.3205855994934, 'mae': 1316.4879150390625, 'r2': 0.8928313338498892, 'mape': 5.294078350067139, 'accuracy_10': 86.65997982025146, 'accuracy_20': 96.33901715278625}, 97.05322399997385)
[2026-01-17 16:45:17,829][flwr][DEBUG] - evaluate_round 16: strategy sampled 6 clients (out of 12)
[2026-01-17 16:45:17,920][flwr][DEBUG] - evaluate_round 16 received 6 results and 0 failures
[2026-01-17 16:45:17,921][flwr][DEBUG] - fit_round 17: strategy sampled 7 clients (out of 12)
[2026-01-17 16:45:23,150][flwr][DEBUG] - fit_round 17 received 7 results and 0 failures
[2026-01-17 16:45:23,406][flwr][INFO] - fit progress: (17, 0.03067170557684621, {'rmse': 3748.0078708561964, 'mae': 1253.28662109375, 'r2': 0.8997053660409254, 'mape': 5.422885894775391, 'accuracy_10': 88.36509585380554, 'accuracy_20': 95.8375096321106}, 102.63038691697875)
[2026-01-17 16:45:23,406][flwr][DEBUG] - evaluate_round 17: strategy sampled 6 clients (out of 12)
[2026-01-17 16:45:23,611][flwr][DEBUG] - evaluate_round 17 received 6 results and 0 failures
[2026-01-17 16:45:23,611][flwr][DEBUG] - fit_round 18: strategy sampled 7 clients (out of 12)
[2026-01-17 16:45:28,719][flwr][DEBUG] - fit_round 18 received 7 results and 0 failures
[2026-01-17 16:45:28,991][flwr][INFO] - fit progress: (18, 0.034741816598522206, {'rmse': 3929.4547967879716, 'mae': 1180.3150634765625, 'r2': 0.8897594680139358, 'mape': 5.434106826782227, 'accuracy_10': 89.66900706291199, 'accuracy_20': 95.33600807189941}, 108.21520912495907)
[2026-01-17 16:45:28,991][flwr][DEBUG] - evaluate_round 18: strategy sampled 6 clients (out of 12)
[2026-01-17 16:45:29,188][flwr][DEBUG] - evaluate_round 18 received 6 results and 0 failures
[2026-01-17 16:45:29,188][flwr][DEBUG] - fit_round 19: strategy sampled 7 clients (out of 12)
[2026-01-17 16:45:34,756][flwr][DEBUG] - fit_round 19 received 7 results and 0 failures
[2026-01-17 16:45:35,032][flwr][INFO] - fit progress: (19, 0.029991287855784535, {'rmse': 3928.3842734640916, 'mae': 1365.212158203125, 'r2': 0.8898195252605913, 'mape': 5.492088794708252, 'accuracy_10': 86.30892634391785, 'accuracy_20': 96.13841772079468}, 114.2559224590077)
[2026-01-17 16:45:35,032][flwr][DEBUG] - evaluate_round 19: strategy sampled 6 clients (out of 12)
[2026-01-17 16:45:35,138][flwr][DEBUG] - evaluate_round 19 received 6 results and 0 failures
[2026-01-17 16:45:35,138][flwr][DEBUG] - fit_round 20: strategy sampled 7 clients (out of 12)
[2026-01-17 16:45:40,450][flwr][DEBUG] - fit_round 20 received 7 results and 0 failures
[2026-01-17 16:45:40,720][flwr][INFO] - fit progress: (20, 0.03167082996499036, {'rmse': 3853.871559873266, 'mae': 1261.007568359375, 'r2': 0.893959640122312, 'mape': 5.473397731781006, 'accuracy_10': 88.81645202636719, 'accuracy_20': 95.53660750389099}, 119.94415433396352)
[2026-01-17 16:45:40,720][flwr][DEBUG] - evaluate_round 20: strategy sampled 6 clients (out of 12)
[2026-01-17 16:45:40,999][flwr][DEBUG] - evaluate_round 20 received 6 results and 0 failures
[2026-01-17 16:45:40,999][flwr][DEBUG] - fit_round 21: strategy sampled 7 clients (out of 12)
[2026-01-17 16:45:46,229][flwr][DEBUG] - fit_round 21 received 7 results and 0 failures
[2026-01-17 16:45:46,500][flwr][INFO] - fit progress: (21, 0.0313325767688371, {'rmse': 3931.5032748301255, 'mae': 1291.513671875, 'r2': 0.8896444939516266, 'mape': 5.512129306793213, 'accuracy_10': 88.41524720191956, 'accuracy_20': 95.88766098022461}, 125.72432429197943)
[2026-01-17 16:45:46,500][flwr][DEBUG] - evaluate_round 21: strategy sampled 6 clients (out of 12)
[2026-01-17 16:45:46,585][flwr][DEBUG] - evaluate_round 21 received 6 results and 0 failures
[2026-01-17 16:45:46,585][flwr][DEBUG] - fit_round 22: strategy sampled 7 clients (out of 12)
[2026-01-17 16:45:51,773][flwr][DEBUG] - fit_round 22 received 7 results and 0 failures
[2026-01-17 16:45:52,053][flwr][INFO] - fit progress: (22, 0.030386575621925482, {'rmse': 3907.5549900161354, 'mae': 1265.186279296875, 'r2': 0.8909848338366312, 'mape': 5.356435775756836, 'accuracy_10': 88.91674876213074, 'accuracy_20': 96.13841772079468}, 131.2770276250085)
[2026-01-17 16:45:52,053][flwr][DEBUG] - evaluate_round 22: strategy sampled 6 clients (out of 12)
[2026-01-17 16:45:52,240][flwr][DEBUG] - evaluate_round 22 received 6 results and 0 failures
[2026-01-17 16:45:52,240][flwr][DEBUG] - fit_round 23: strategy sampled 7 clients (out of 12)
[2026-01-17 16:45:57,176][flwr][DEBUG] - fit_round 23 received 7 results and 0 failures
[2026-01-17 16:45:57,446][flwr][INFO] - fit progress: (23, 0.0339269475701266, {'rmse': 3955.0016434889126, 'mae': 1178.96337890625, 'r2': 0.8883213792769266, 'mape': 5.456128120422363, 'accuracy_10': 89.56870436668396, 'accuracy_20': 95.33600807189941}, 136.6703965839697)
[2026-01-17 16:45:57,447][flwr][DEBUG] - evaluate_round 23: strategy sampled 6 clients (out of 12)
[2026-01-17 16:45:57,523][flwr][DEBUG] - evaluate_round 23 received 6 results and 0 failures
[2026-01-17 16:45:57,523][flwr][DEBUG] - fit_round 24: strategy sampled 7 clients (out of 12)
[2026-01-17 16:46:02,456][flwr][DEBUG] - fit_round 24 received 7 results and 0 failures
[2026-01-17 16:46:02,708][flwr][INFO] - fit progress: (24, 0.030006731179362554, {'rmse': 4081.1510631193255, 'mae': 1425.1397705078125, 'r2': 0.8810835130993141, 'mape': 5.5951619148254395, 'accuracy_10': 86.60982847213745, 'accuracy_20': 95.73721289634705}, 141.93198295898037)
[2026-01-17 16:46:02,708][flwr][DEBUG] - evaluate_round 24: strategy sampled 6 clients (out of 12)
[2026-01-17 16:46:02,788][flwr][DEBUG] - evaluate_round 24 received 6 results and 0 failures
[2026-01-17 16:46:02,788][flwr][DEBUG] - fit_round 25: strategy sampled 7 clients (out of 12)
[2026-01-17 16:46:07,616][flwr][DEBUG] - fit_round 25 received 7 results and 0 failures
[2026-01-17 16:46:07,859][flwr][INFO] - fit progress: (25, 0.03068378175923614, {'rmse': 3941.5625074328073, 'mae': 1249.353515625, 'r2': 0.8890790538744154, 'mape': 5.40336275100708, 'accuracy_10': 89.4182562828064, 'accuracy_20': 96.08826637268066}, 147.08309479197487)
[2026-01-17 16:46:07,859][flwr][DEBUG] - evaluate_round 25: strategy sampled 6 clients (out of 12)
[2026-01-17 16:46:07,933][flwr][DEBUG] - evaluate_round 25 received 6 results and 0 failures
[2026-01-17 16:46:07,933][flwr][INFO] - FL finished in 147.1574482920114
[2026-01-17 16:46:07,935][flwr][INFO] - app_fit: losses_distributed [(1, 0.1659948403368633), (2, 0.09534007979741588), (3, 0.054456609142446134), (4, 0.03291353112566986), (5, 0.041601501957369016), (6, 0.03697393411849636), (7, 0.04470231272190233), (8, 0.030276410688078143), (9, 0.025839342646507175), (10, 0.03539437175290641), (11, 0.04533733760070477), (12, 0.03541227691176101), (13, 0.032733427945715494), (14, 0.038798776274642316), (15, 0.022943182592794348), (16, 0.04560957326160121), (17, 0.03573301790587219), (18, 0.0657593762621683), (19, 0.03911739029449803), (20, 0.02233631514278284), (21, 0.04261311331384216), (22, 0.041182084622708684), (23, 0.02539611373277795), (24, 0.032337244591003074), (25, 0.06419678568155521)]
[2026-01-17 16:46:07,936][flwr][INFO] - app_fit: metrics_distributed_fit {'scaffold_updates': [(1, 7), (2, 7), (3, 7), (4, 7), (5, 7), (6, 7), (7, 7), (8, 7), (9, 7), (10, 7), (11, 7), (12, 7), (13, 7), (14, 7), (15, 7), (16, 7), (17, 7), (18, 7), (19, 7), (20, 7), (21, 7), (22, 7), (23, 7), (24, 7), (25, 7)], 'avg_control_delta_norm': [(1, 1.73553015598395), (2, 1.1215145441783596), (3, 0.9662946032461992), (4, 0.854499472762231), (5, 0.7087744130266753), (6, 0.7089586637986143), (7, 0.7192788168559219), (8, 0.6270605428603576), (9, 0.582699934849468), (10, 0.5866040266620444), (11, 0.5891132106004363), (12, 0.6153558188871928), (13, 0.5391780683817541), (14, 0.5713480549565975), (15, 0.5338148313127355), (16, 0.4388464863843947), (17, 0.5451307825468958), (18, 0.4871205058232521), (19, 0.5153150876773934), (20, 0.5349593961533724), (21, 0.5035748113804772), (22, 0.4569878226654205), (23, 0.5060809578519511), (24, 0.5146318867570979), (25, 0.5232396237538851)]}
[2026-01-17 16:46:07,936][flwr][INFO] - app_fit: metrics_distributed {}
[2026-01-17 16:46:07,936][flwr][INFO] - app_fit: losses_centralized [(0, 1.4340404903996313), (1, 0.17083737034436572), (2, 0.08007238918136331), (3, 0.07333069910092603), (4, 0.04627822819301334), (5, 0.046401641743562164), (6, 0.039017760313471914), (7, 0.037634999017673004), (8, 0.03426361374310409), (9, 0.03387601470897944), (10, 0.032647426016890295), (11, 0.035738638464880804), (12, 0.03499516318089804), (13, 0.031347823617914494), (14, 0.031498396795321494), (15, 0.03026004412109658), (16, 0.029011648912412473), (17, 0.03067170557684621), (18, 0.034741816598522206), (19, 0.029991287855784535), (20, 0.03167082996499036), (21, 0.0313325767688371), (22, 0.030386575621925482), (23, 0.0339269475701266), (24, 0.030006731179362554), (25, 0.03068378175923614)]
[2026-01-17 16:46:07,936][flwr][INFO] - app_fit: metrics_centralized {'rmse': [(0, 11782.010694274555), (1, 6606.32848108539), (2, 4755.911479411701), (3, 5064.2314323103365), (4, 4259.191472568474), (5, 4321.99745488125), (6, 4118.958606249886), (7, 4121.210016487876), (8, 4073.9869906517865), (9, 4076.357687936622), (10, 4005.300238434068), (11, 4469.539573602632), (12, 4011.677329995522), (13, 3977.301472103919), (14, 4016.4460658646967), (15, 4010.0246882033034), (16, 3874.3205855994934), (17, 3748.0078708561964), (18, 3929.4547967879716), (19, 3928.3842734640916), (20, 3853.871559873266), (21, 3931.5032748301255), (22, 3907.5549900161354), (23, 3955.0016434889126), (24, 4081.1510631193255), (25, 3941.5625074328073)], 'mae': [(0, 9149.193359375), (1, 3308.4267578125), (2, 2061.430419921875), (3, 1900.1708984375), (4, 1548.696044921875), (5, 1482.4619140625), (6, 1471.537353515625), (7, 1324.572509765625), (8, 1394.0684814453125), (9, 1386.431640625), (10, 1381.07470703125), (11, 1553.3035888671875), (12, 1296.5361328125), (13, 1372.4217529296875), (14, 1412.24609375), (15, 1406.5765380859375), (16, 1316.4879150390625), (17, 1253.28662109375), (18, 1180.3150634765625), (19, 1365.212158203125), (20, 1261.007568359375), (21, 1291.513671875), (22, 1265.186279296875), (23, 1178.96337890625), (24, 1425.1397705078125), (25, 1249.353515625)], 'r2': [(0, 0.00890437044283554), (1, 0.6884003013920492), (2, 0.838510522205606), (3, 0.8168934772462378), (4, 0.8704817298082697), (5, 0.8666338128839703), (6, 0.8788700332437026), (7, 0.8787375846491859), (8, 0.8815006433091739), (9, 0.8813626876337979), (10, 0.8854627203330987), (11, 0.8573728241237537), (12, 0.8850977057339814), (13, 0.8870584538428308), (14, 0.8848243682652288), (15, 0.8851923527281917), (16, 0.8928313338498892), (17, 0.8997053660409254), (18, 0.8897594680139358), (19, 0.8898195252605913), (20, 0.893959640122312), (21, 0.8896444939516266), (22, 0.8909848338366312), (23, 0.8883213792769266), (24, 0.8810835130993141), (25, 0.8890790538744154)], 'mape': [(0, 79.91940307617188), (1, 17.52846908569336), (2, 10.975934982299805), (3, 9.687217712402344), (4, 7.383903980255127), (5, 7.162204265594482), (6, 6.64495325088501), (7, 6.024546146392822), (8, 5.924252033233643), (9, 5.830021858215332), (10, 5.706691741943359), (11, 5.823096752166748), (12, 5.662264823913574), (13, 5.56412410736084), (14, 5.593108654022217), (15, 5.493659973144531), (16, 5.294078350067139), (17, 5.422885894775391), (18, 5.434106826782227), (19, 5.492088794708252), (20, 5.473397731781006), (21, 5.512129306793213), (22, 5.356435775756836), (23, 5.456128120422363), (24, 5.5951619148254395), (25, 5.40336275100708)], 'accuracy_10': [(0, 11.735205352306366), (1, 38.31494450569153), (2, 59.729188680648804), (3, 71.11334204673767), (4, 79.63891625404358), (5, 83.24974775314331), (6, 83.29989910125732), (7, 87.96389102935791), (8, 86.10832691192627), (9, 86.40922904014587), (10, 86.71013116836548), (11, 84.35305953025818), (12, 88.61584663391113), (13, 87.0611846446991), (14, 85.8575701713562), (15, 85.70712208747864), (16, 86.65997982025146), (17, 88.36509585380554), (18, 89.66900706291199), (19, 86.30892634391785), (20, 88.81645202636719), (21, 88.41524720191956), (22, 88.91674876213074), (23, 89.56870436668396), (24, 86.60982847213745), (25, 89.4182562828064)], 'accuracy_20': [(0, 21.46439254283905), (1, 76.12838745117188), (2, 90.62186479568481), (3, 92.97893643379211), (4, 95.23570537567139), (5, 94.93480324745178), (6, 96.03811502456665), (7, 95.68706154823303), (8, 95.8375096321106), (9, 95.98796367645264), (10, 96.28886580467224), (11, 95.03510594367981), (12, 95.33600807189941), (13, 96.18856310844421), (14, 96.18856310844421), (15, 95.93781232833862), (16, 96.33901715278625), (17, 95.8375096321106), (18, 95.33600807189941), (19, 96.13841772079468), (20, 95.53660750389099), (21, 95.88766098022461), (22, 96.13841772079468), (23, 95.33600807189941), (24, 95.73721289634705), (25, 96.08826637268066)]}
[2026-01-17 16:46:08,547][flwr][INFO] - Starting Flower simulation, config: ServerConfig(num_rounds=25, round_timeout=None)
[2026-01-17 16:46:15,841][flwr][INFO] - Flower VCE: Ray initialized with resources: {'node:127.0.0.1': 1.0, 'CPU': 10.0, 'memory': 12419432858.0, 'object_store_memory': 2147483648.0}
[2026-01-17 16:46:15,841][flwr][INFO] - Initializing global parameters
[2026-01-17 16:46:15,841][flwr][INFO] - Using initial parameters provided by strategy
[2026-01-17 16:46:15,841][flwr][INFO] - Evaluating initial parameters
[2026-01-17 16:46:16,077][flwr][INFO] - initial parameters (loss, other metrics): 1.4340404903996313, {'rmse': 11782.010694274555, 'mae': 9149.193359375, 'r2': 0.00890437044283554, 'mape': 79.91940307617188, 'accuracy_10': 11.735205352306366, 'accuracy_20': 21.46439254283905}
[2026-01-17 16:46:16,078][flwr][INFO] - FL starting
[2026-01-17 16:46:16,078][flwr][DEBUG] - fit_round 1: strategy sampled 7 clients (out of 12)
[2026-01-17 16:46:31,353][flwr][DEBUG] - fit_round 1 received 7 results and 0 failures
[2026-01-17 16:46:31,359][flwr][WARNING] - No fit_metrics_aggregation_fn provided
[2026-01-17 16:46:31,614][flwr][INFO] - fit progress: (1, 0.14419882086179442, {'rmse': 5596.409563282516, 'mae': 2949.030029296875, 'r2': 0.7763877022469946, 'mape': 15.849767684936523, 'accuracy_10': 35.70712208747864, 'accuracy_20': 75.12537837028503}, 15.536453125008848)
[2026-01-17 16:46:31,615][flwr][DEBUG] - evaluate_round 1: strategy sampled 6 clients (out of 12)
[2026-01-17 16:46:31,842][flwr][DEBUG] - evaluate_round 1 received 6 results and 0 failures
[2026-01-17 16:46:31,842][flwr][WARNING] - No evaluate_metrics_aggregation_fn provided
[2026-01-17 16:46:31,842][flwr][DEBUG] - fit_round 2: strategy sampled 7 clients (out of 12)
[2026-01-17 16:46:42,572][flwr][DEBUG] - fit_round 2 received 7 results and 0 failures
[2026-01-17 16:46:42,945][flwr][INFO] - fit progress: (2, 0.0880024068752526, {'rmse': 4973.530737815943, 'mae': 2275.806884765625, 'r2': 0.8233936365775999, 'mape': 11.733519554138184, 'accuracy_10': 58.02407264709473, 'accuracy_20': 88.01404237747192}, 26.86753754201345)
[2026-01-17 16:46:42,946][flwr][DEBUG] - evaluate_round 2: strategy sampled 6 clients (out of 12)
[2026-01-17 16:46:43,248][flwr][DEBUG] - evaluate_round 2 received 6 results and 0 failures
[2026-01-17 16:46:43,249][flwr][DEBUG] - fit_round 3: strategy sampled 7 clients (out of 12)
[2026-01-17 16:46:53,575][flwr][DEBUG] - fit_round 3 received 7 results and 0 failures
[2026-01-17 16:46:53,833][flwr][INFO] - fit progress: (3, 0.06491253330720703, {'rmse': 4466.106805708972, 'mae': 1864.2762451171875, 'r2': 0.8575918167506305, 'mape': 9.612107276916504, 'accuracy_10': 67.20160245895386, 'accuracy_20': 92.0762300491333}, 37.75512504199287)
[2026-01-17 16:46:53,833][flwr][DEBUG] - evaluate_round 3: strategy sampled 6 clients (out of 12)
[2026-01-17 16:46:54,033][flwr][DEBUG] - evaluate_round 3 received 6 results and 0 failures
[2026-01-17 16:46:54,034][flwr][DEBUG] - fit_round 4: strategy sampled 7 clients (out of 12)
[2026-01-17 16:47:02,918][flwr][DEBUG] - fit_round 4 received 7 results and 0 failures
[2026-01-17 16:47:03,168][flwr][INFO] - fit progress: (4, 0.053161506833454435, {'rmse': 4367.19543872266, 'mae': 1632.511474609375, 'r2': 0.8638298360998874, 'mape': 7.912003040313721, 'accuracy_10': 78.33500504493713, 'accuracy_20': 93.07923913002014}, 47.089637833996676)
[2026-01-17 16:47:03,168][flwr][DEBUG] - evaluate_round 4: strategy sampled 6 clients (out of 12)
[2026-01-17 16:47:03,401][flwr][DEBUG] - evaluate_round 4 received 6 results and 0 failures
[2026-01-17 16:47:03,401][flwr][DEBUG] - fit_round 5: strategy sampled 7 clients (out of 12)
[2026-01-17 16:47:12,598][flwr][DEBUG] - fit_round 5 received 7 results and 0 failures
[2026-01-17 16:47:12,870][flwr][INFO] - fit progress: (5, 0.04868005334755542, {'rmse': 4255.251578931615, 'mae': 1548.9779052734375, 'r2': 0.870721240161171, 'mape': 7.497499942779541, 'accuracy_10': 81.19357824325562, 'accuracy_20': 94.38315033912659}, 56.79153512499761)
[2026-01-17 16:47:12,870][flwr][DEBUG] - evaluate_round 5: strategy sampled 6 clients (out of 12)
[2026-01-17 16:47:13,087][flwr][DEBUG] - evaluate_round 5 received 6 results and 0 failures
[2026-01-17 16:47:13,087][flwr][DEBUG] - fit_round 6: strategy sampled 7 clients (out of 12)
[2026-01-17 16:47:21,775][flwr][DEBUG] - fit_round 6 received 7 results and 0 failures
[2026-01-17 16:47:22,050][flwr][INFO] - fit progress: (6, 0.04523409609080348, {'rmse': 4236.405315830863, 'mae': 1467.9222412109375, 'r2': 0.8718638384450386, 'mape': 6.9292097091674805, 'accuracy_10': 84.35305953025818, 'accuracy_20': 94.78435516357422}, 65.97210808400996)
[2026-01-17 16:47:22,055][flwr][DEBUG] - evaluate_round 6: strategy sampled 6 clients (out of 12)
[2026-01-17 16:47:22,294][flwr][DEBUG] - evaluate_round 6 received 6 results and 0 failures
[2026-01-17 16:47:22,295][flwr][DEBUG] - fit_round 7: strategy sampled 7 clients (out of 12)
[2026-01-17 16:47:31,773][flwr][DEBUG] - fit_round 7 received 7 results and 0 failures
[2026-01-17 16:47:32,062][flwr][INFO] - fit progress: (7, 0.04208154889961393, {'rmse': 4148.915761979267, 'mae': 1425.422607421875, 'r2': 0.8771016809810682, 'mape': 6.595137119293213, 'accuracy_10': 85.25576591491699, 'accuracy_20': 95.08525729179382}, 75.98410791700007)
[2026-01-17 16:47:32,063][flwr][DEBUG] - evaluate_round 7: strategy sampled 6 clients (out of 12)
[2026-01-17 16:47:32,282][flwr][DEBUG] - evaluate_round 7 received 6 results and 0 failures
[2026-01-17 16:47:32,282][flwr][DEBUG] - fit_round 8: strategy sampled 7 clients (out of 12)
[2026-01-17 16:47:41,483][flwr][DEBUG] - fit_round 8 received 7 results and 0 failures
[2026-01-17 16:47:41,745][flwr][INFO] - fit progress: (8, 0.03863606234468751, {'rmse': 4140.760558158368, 'mae': 1467.4561767578125, 'r2': 0.8775843535194514, 'mape': 6.418832302093506, 'accuracy_10': 84.10230875015259, 'accuracy_20': 95.68706154823303}, 85.66637095896294)
[2026-01-17 16:47:41,745][flwr][DEBUG] - evaluate_round 8: strategy sampled 6 clients (out of 12)
[2026-01-17 16:47:41,957][flwr][DEBUG] - evaluate_round 8 received 6 results and 0 failures
[2026-01-17 16:47:41,957][flwr][DEBUG] - fit_round 9: strategy sampled 7 clients (out of 12)
[2026-01-17 16:47:51,225][flwr][DEBUG] - fit_round 9 received 7 results and 0 failures
[2026-01-17 16:47:51,534][flwr][INFO] - fit progress: (9, 0.03745537745386153, {'rmse': 4075.002576686302, 'mae': 1340.1763916015625, 'r2': 0.8814415540181422, 'mape': 5.98773717880249, 'accuracy_10': 86.96088194847107, 'accuracy_20': 95.8375096321106}, 95.45585516700521)
[2026-01-17 16:47:51,535][flwr][DEBUG] - evaluate_round 9: strategy sampled 6 clients (out of 12)
[2026-01-17 16:47:51,788][flwr][DEBUG] - evaluate_round 9 received 6 results and 0 failures
[2026-01-17 16:47:51,789][flwr][DEBUG] - fit_round 10: strategy sampled 7 clients (out of 12)
[2026-01-17 16:48:01,534][flwr][DEBUG] - fit_round 10 received 7 results and 0 failures
[2026-01-17 16:48:01,830][flwr][INFO] - fit progress: (10, 0.03657501157178892, {'rmse': 4025.7971881355375, 'mae': 1331.1385498046875, 'r2': 0.8842874388809354, 'mape': 5.931362152099609, 'accuracy_10': 86.96088194847107, 'accuracy_20': 95.93781232833862}, 105.75177774997428)
[2026-01-17 16:48:01,831][flwr][DEBUG] - evaluate_round 10: strategy sampled 6 clients (out of 12)
[2026-01-17 16:48:02,021][flwr][DEBUG] - evaluate_round 10 received 6 results and 0 failures
[2026-01-17 16:48:02,021][flwr][DEBUG] - fit_round 11: strategy sampled 7 clients (out of 12)
[2026-01-17 16:48:11,216][flwr][DEBUG] - fit_round 11 received 7 results and 0 failures
[2026-01-17 16:48:11,494][flwr][INFO] - fit progress: (11, 0.03450558461443173, {'rmse': 3994.158234221574, 'mae': 1381.9864501953125, 'r2': 0.886099077825744, 'mape': 5.907859802246094, 'accuracy_10': 85.70712208747864, 'accuracy_20': 95.98796367645264}, 115.41598787496332)
[2026-01-17 16:48:11,495][flwr][DEBUG] - evaluate_round 11: strategy sampled 6 clients (out of 12)
[2026-01-17 16:48:11,626][flwr][DEBUG] - evaluate_round 11 received 6 results and 0 failures
[2026-01-17 16:48:11,627][flwr][DEBUG] - fit_round 12: strategy sampled 7 clients (out of 12)
[2026-01-17 16:48:21,668][flwr][DEBUG] - fit_round 12 received 7 results and 0 failures
[2026-01-17 16:48:21,967][flwr][INFO] - fit progress: (12, 0.0329712052047701, {'rmse': 3980.1456003518265, 'mae': 1352.086181640625, 'r2': 0.8868968639176414, 'mape': 5.6839985847473145, 'accuracy_10': 86.30892634391785, 'accuracy_20': 96.13841772079468}, 125.88851166696986)
[2026-01-17 16:48:21,967][flwr][DEBUG] - evaluate_round 12: strategy sampled 6 clients (out of 12)
[2026-01-17 16:48:22,246][flwr][DEBUG] - evaluate_round 12 received 6 results and 0 failures
[2026-01-17 16:48:22,246][flwr][DEBUG] - fit_round 13: strategy sampled 7 clients (out of 12)
[2026-01-17 16:48:32,915][flwr][DEBUG] - fit_round 13 received 7 results and 0 failures
[2026-01-17 16:48:33,223][flwr][INFO] - fit progress: (13, 0.032434057915133006, {'rmse': 4001.77173262044, 'mae': 1377.3092041015625, 'r2': 0.8856644364186909, 'mape': 5.6447367668151855, 'accuracy_10': 86.35907769203186, 'accuracy_20': 95.88766098022461}, 137.14441883401014)
[2026-01-17 16:48:33,223][flwr][DEBUG] - evaluate_round 13: strategy sampled 6 clients (out of 12)
[2026-01-17 16:48:33,363][flwr][DEBUG] - evaluate_round 13 received 6 results and 0 failures
[2026-01-17 16:48:33,363][flwr][DEBUG] - fit_round 14: strategy sampled 7 clients (out of 12)
[2026-01-17 16:48:42,634][flwr][DEBUG] - fit_round 14 received 7 results and 0 failures
[2026-01-17 16:48:42,932][flwr][INFO] - fit progress: (14, 0.0321873476235579, {'rmse': 3849.614656040264, 'mae': 1253.0794677734375, 'r2': 0.8941937680553056, 'mape': 5.462122917175293, 'accuracy_10': 88.41524720191956, 'accuracy_20': 96.18856310844421}, 146.85322874999838)
[2026-01-17 16:48:42,932][flwr][DEBUG] - evaluate_round 14: strategy sampled 6 clients (out of 12)
[2026-01-17 16:48:43,151][flwr][DEBUG] - evaluate_round 14 received 6 results and 0 failures
[2026-01-17 16:48:43,152][flwr][DEBUG] - fit_round 15: strategy sampled 7 clients (out of 12)
[2026-01-17 16:48:53,192][flwr][DEBUG] - fit_round 15 received 7 results and 0 failures
[2026-01-17 16:48:53,479][flwr][INFO] - fit progress: (15, 0.03392752634740641, {'rmse': 4226.008991945, 'mae': 1473.41552734375, 'r2': 0.872491968314882, 'mape': 5.731382369995117, 'accuracy_10': 86.05817556381226, 'accuracy_20': 95.18555402755737}, 157.40071208396694)
[2026-01-17 16:48:53,480][flwr][DEBUG] - evaluate_round 15: strategy sampled 6 clients (out of 12)
[2026-01-17 16:48:53,714][flwr][DEBUG] - evaluate_round 15 received 6 results and 0 failures
[2026-01-17 16:48:53,715][flwr][DEBUG] - fit_round 16: strategy sampled 7 clients (out of 12)
[2026-01-17 16:49:02,502][flwr][DEBUG] - fit_round 16 received 7 results and 0 failures
[2026-01-17 16:49:02,779][flwr][INFO] - fit progress: (16, 0.030258815799099035, {'rmse': 3778.456563201435, 'mae': 1237.166259765625, 'r2': 0.8980691617199246, 'mape': 5.389915466308594, 'accuracy_10': 88.81645202636719, 'accuracy_20': 96.43931984901428}, 166.70019683399005)
[2026-01-17 16:49:02,780][flwr][DEBUG] - evaluate_round 16: strategy sampled 6 clients (out of 12)
[2026-01-17 16:49:03,049][flwr][DEBUG] - evaluate_round 16 received 6 results and 0 failures
[2026-01-17 16:49:03,049][flwr][DEBUG] - fit_round 17: strategy sampled 7 clients (out of 12)
[2026-01-17 16:49:12,329][flwr][DEBUG] - fit_round 17 received 7 results and 0 failures
[2026-01-17 16:49:12,604][flwr][INFO] - fit progress: (17, 0.033934441618826854, {'rmse': 3813.8190832812193, 'mae': 1189.973388671875, 'r2': 0.8961522942660186, 'mape': 5.492787837982178, 'accuracy_10': 88.46539855003357, 'accuracy_20': 95.13540863990784}, 176.5248807920143)
[2026-01-17 16:49:12,604][flwr][DEBUG] - evaluate_round 17: strategy sampled 6 clients (out of 12)
[2026-01-17 16:49:12,823][flwr][DEBUG] - evaluate_round 17 received 6 results and 0 failures
[2026-01-17 16:49:12,823][flwr][DEBUG] - fit_round 18: strategy sampled 7 clients (out of 12)
[2026-01-17 16:49:21,925][flwr][DEBUG] - fit_round 18 received 7 results and 0 failures
[2026-01-17 16:49:22,249][flwr][INFO] - fit progress: (18, 0.030455300582567214, {'rmse': 3873.5616685422733, 'mae': 1342.198974609375, 'r2': 0.8928733152585708, 'mape': 5.522779941558838, 'accuracy_10': 86.8104338645935, 'accuracy_20': 96.23871445655823}, 186.16982741700485)
[2026-01-17 16:49:22,249][flwr][DEBUG] - evaluate_round 18: strategy sampled 6 clients (out of 12)
[2026-01-17 16:49:22,401][flwr][DEBUG] - evaluate_round 18 received 6 results and 0 failures
[2026-01-17 16:49:22,402][flwr][DEBUG] - fit_round 19: strategy sampled 7 clients (out of 12)
[2026-01-17 16:49:34,424][flwr][DEBUG] - fit_round 19 received 7 results and 0 failures
[2026-01-17 16:49:34,695][flwr][INFO] - fit progress: (19, 0.029785240229701207, {'rmse': 3910.4452431916243, 'mae': 1339.1285400390625, 'r2': 0.8908235078993392, 'mape': 5.439667701721191, 'accuracy_10': 87.46238946914673, 'accuracy_20': 96.03811502456665}, 198.61609254201176)
[2026-01-17 16:49:34,695][flwr][DEBUG] - evaluate_round 19: strategy sampled 6 clients (out of 12)
[2026-01-17 16:49:34,867][flwr][DEBUG] - evaluate_round 19 received 6 results and 0 failures
[2026-01-17 16:49:34,868][flwr][DEBUG] - fit_round 20: strategy sampled 7 clients (out of 12)
[2026-01-17 16:49:43,568][flwr][DEBUG] - fit_round 20 received 7 results and 0 failures
[2026-01-17 16:49:43,828][flwr][INFO] - fit progress: (20, 0.030383866157012815, {'rmse': 3948.8846526582665, 'mae': 1375.0618896484375, 'r2': 0.8886665654517514, 'mape': 5.535040378570557, 'accuracy_10': 86.71013116836548, 'accuracy_20': 95.98796367645264}, 207.74934033397585)
[2026-01-17 16:49:43,829][flwr][DEBUG] - evaluate_round 20: strategy sampled 6 clients (out of 12)
[2026-01-17 16:49:43,930][flwr][DEBUG] - evaluate_round 20 received 6 results and 0 failures
[2026-01-17 16:49:43,931][flwr][DEBUG] - fit_round 21: strategy sampled 7 clients (out of 12)
[2026-01-17 16:49:53,008][flwr][DEBUG] - fit_round 21 received 7 results and 0 failures
[2026-01-17 16:49:53,295][flwr][INFO] - fit progress: (21, 0.028273628492173603, {'rmse': 3831.2496655791047, 'mae': 1280.3453369140625, 'r2': 0.8952008818838364, 'mape': 5.226440906524658, 'accuracy_10': 88.31494450569153, 'accuracy_20': 96.28886580467224}, 217.2156320840004)
[2026-01-17 16:49:53,295][flwr][DEBUG] - evaluate_round 21: strategy sampled 6 clients (out of 12)
[2026-01-17 16:49:53,398][flwr][DEBUG] - evaluate_round 21 received 6 results and 0 failures
[2026-01-17 16:49:53,398][flwr][DEBUG] - fit_round 22: strategy sampled 7 clients (out of 12)
[2026-01-17 16:50:02,638][flwr][DEBUG] - fit_round 22 received 7 results and 0 failures
[2026-01-17 16:50:02,895][flwr][INFO] - fit progress: (22, 0.029111621555766704, {'rmse': 3745.222556804869, 'mae': 1206.9730224609375, 'r2': 0.8998543725430059, 'mape': 5.159893035888672, 'accuracy_10': 88.46539855003357, 'accuracy_20': 95.93781232833862}, 226.81613683397882)
[2026-01-17 16:50:02,895][flwr][DEBUG] - evaluate_round 22: strategy sampled 6 clients (out of 12)
[2026-01-17 16:50:03,098][flwr][DEBUG] - evaluate_round 22 received 6 results and 0 failures
[2026-01-17 16:50:03,099][flwr][DEBUG] - fit_round 23: strategy sampled 7 clients (out of 12)
[2026-01-17 16:50:12,243][flwr][DEBUG] - fit_round 23 received 7 results and 0 failures
[2026-01-17 16:50:12,542][flwr][INFO] - fit progress: (23, 0.029785646770220463, {'rmse': 3752.967359303835, 'mae': 1192.61572265625, 'r2': 0.8994397648841657, 'mape': 5.1829633712768555, 'accuracy_10': 88.96690011024475, 'accuracy_20': 95.88766098022461}, 236.462775958993)
[2026-01-17 16:50:12,542][flwr][DEBUG] - evaluate_round 23: strategy sampled 6 clients (out of 12)
[2026-01-17 16:50:12,771][flwr][DEBUG] - evaluate_round 23 received 6 results and 0 failures
[2026-01-17 16:50:12,771][flwr][DEBUG] - fit_round 24: strategy sampled 7 clients (out of 12)
[2026-01-17 16:50:23,960][flwr][DEBUG] - fit_round 24 received 7 results and 0 failures
[2026-01-17 16:50:24,248][flwr][INFO] - fit progress: (24, 0.030736800309349086, {'rmse': 4078.2255945447646, 'mae': 1450.5836181640625, 'r2': 0.8812539392860688, 'mape': 5.611729621887207, 'accuracy_10': 86.30892634391785, 'accuracy_20': 95.586758852005}, 248.16897104197415)
[2026-01-17 16:50:24,248][flwr][DEBUG] - evaluate_round 24: strategy sampled 6 clients (out of 12)
[2026-01-17 16:50:24,365][flwr][DEBUG] - evaluate_round 24 received 6 results and 0 failures
[2026-01-17 16:50:24,366][flwr][DEBUG] - fit_round 25: strategy sampled 7 clients (out of 12)
[2026-01-17 16:50:34,726][flwr][DEBUG] - fit_round 25 received 7 results and 0 failures
[2026-01-17 16:50:35,074][flwr][INFO] - fit progress: (25, 0.027749537324968168, {'rmse': 3821.784661646964, 'mae': 1292.27783203125, 'r2': 0.8957180488408115, 'mape': 5.24005651473999, 'accuracy_10': 88.06419372558594, 'accuracy_20': 96.28886580467224}, 258.99528729199665)
[2026-01-17 16:50:35,075][flwr][DEBUG] - evaluate_round 25: strategy sampled 6 clients (out of 12)
[2026-01-17 16:50:35,301][flwr][DEBUG] - evaluate_round 25 received 6 results and 0 failures
[2026-01-17 16:50:35,302][flwr][INFO] - FL finished in 259.22266899998067
[2026-01-17 16:50:35,306][flwr][INFO] - app_fit: losses_distributed [(1, 0.14349417344970214), (2, 0.07787416049808114), (3, 0.0685702958330512), (4, 0.056601715426557286), (5, 0.030470089334011918), (6, 0.03898781710292561), (7, 0.04309135738139351), (8, 0.05191841727204025), (9, 0.05183449638893367), (10, 0.046906027122006824), (11, 0.040243884583444814), (12, 0.03543605122462815), (13, 0.03048586968650005), (14, 0.04426719196295552), (15, 0.03237129079920697), (16, 0.01696762371293241), (17, 0.049942512980939276), (18, 0.04070974799632284), (19, 0.02339182445853729), (20, 0.03730692747784288), (21, 0.04680775945676072), (22, 0.04460962192758608), (23, 0.03031947853970246), (24, 0.027465747714870505), (25, 0.025515071246650957)]
[2026-01-17 16:50:35,306][flwr][INFO] - app_fit: metrics_distributed_fit {'scaffold_updates': [(1, 7), (2, 7), (3, 7), (4, 7), (5, 7), (6, 7), (7, 7), (8, 7), (9, 7), (10, 7), (11, 7), (12, 7), (13, 7), (14, 7), (15, 7), (16, 7), (17, 7), (18, 7), (19, 7), (20, 7), (21, 7), (22, 7), (23, 7), (24, 7), (25, 7)], 'avg_control_delta_norm': [(1, 1.7631860623923026), (2, 1.106445299218471), (3, 0.7608141446700791), (4, 0.8202141457093999), (5, 0.589632120966619), (6, 0.637772322889492), (7, 0.5108388853486441), (8, 0.5131705282294925), (9, 0.5945357874574777), (10, 0.41335677877629406), (11, 0.4553902647483974), (12, 0.4301893248356457), (13, 0.398678372399421), (14, 0.3927147090776909), (15, 0.4560099587981027), (16, 0.5583032722403718), (17, 0.4287929186914913), (18, 0.4154024729886863), (19, 0.35510886175709233), (20, 0.40506627252697675), (21, 0.34121214377912273), (22, 0.3550879099111871), (23, 0.3423008590785063), (24, 0.4013194806306865), (25, 0.31518521148879414)]}
[2026-01-17 16:50:35,306][flwr][INFO] - app_fit: metrics_distributed {}
[2026-01-17 16:50:35,306][flwr][INFO] - app_fit: losses_centralized [(0, 1.4340404903996313), (1, 0.14419882086179442), (2, 0.0880024068752526), (3, 0.06491253330720703), (4, 0.053161506833454435), (5, 0.04868005334755542), (6, 0.04523409609080348), (7, 0.04208154889961393), (8, 0.03863606234468751), (9, 0.03745537745386153), (10, 0.03657501157178892), (11, 0.03450558461443173), (12, 0.0329712052047701), (13, 0.032434057915133006), (14, 0.0321873476235579), (15, 0.03392752634740641), (16, 0.030258815799099035), (17, 0.033934441618826854), (18, 0.030455300582567214), (19, 0.029785240229701207), (20, 0.030383866157012815), (21, 0.028273628492173603), (22, 0.029111621555766704), (23, 0.029785646770220463), (24, 0.030736800309349086), (25, 0.027749537324968168)]
[2026-01-17 16:50:35,307][flwr][INFO] - app_fit: metrics_centralized {'rmse': [(0, 11782.010694274555), (1, 5596.409563282516), (2, 4973.530737815943), (3, 4466.106805708972), (4, 4367.19543872266), (5, 4255.251578931615), (6, 4236.405315830863), (7, 4148.915761979267), (8, 4140.760558158368), (9, 4075.002576686302), (10, 4025.7971881355375), (11, 3994.158234221574), (12, 3980.1456003518265), (13, 4001.77173262044), (14, 3849.614656040264), (15, 4226.008991945), (16, 3778.456563201435), (17, 3813.8190832812193), (18, 3873.5616685422733), (19, 3910.4452431916243), (20, 3948.8846526582665), (21, 3831.2496655791047), (22, 3745.222556804869), (23, 3752.967359303835), (24, 4078.2255945447646), (25, 3821.784661646964)], 'mae': [(0, 9149.193359375), (1, 2949.030029296875), (2, 2275.806884765625), (3, 1864.2762451171875), (4, 1632.511474609375), (5, 1548.9779052734375), (6, 1467.9222412109375), (7, 1425.422607421875), (8, 1467.4561767578125), (9, 1340.1763916015625), (10, 1331.1385498046875), (11, 1381.9864501953125), (12, 1352.086181640625), (13, 1377.3092041015625), (14, 1253.0794677734375), (15, 1473.41552734375), (16, 1237.166259765625), (17, 1189.973388671875), (18, 1342.198974609375), (19, 1339.1285400390625), (20, 1375.0618896484375), (21, 1280.3453369140625), (22, 1206.9730224609375), (23, 1192.61572265625), (24, 1450.5836181640625), (25, 1292.27783203125)], 'r2': [(0, 0.00890437044283554), (1, 0.7763877022469946), (2, 0.8233936365775999), (3, 0.8575918167506305), (4, 0.8638298360998874), (5, 0.870721240161171), (6, 0.8718638384450386), (7, 0.8771016809810682), (8, 0.8775843535194514), (9, 0.8814415540181422), (10, 0.8842874388809354), (11, 0.886099077825744), (12, 0.8868968639176414), (13, 0.8856644364186909), (14, 0.8941937680553056), (15, 0.872491968314882), (16, 0.8980691617199246), (17, 0.8961522942660186), (18, 0.8928733152585708), (19, 0.8908235078993392), (20, 0.8886665654517514), (21, 0.8952008818838364), (22, 0.8998543725430059), (23, 0.8994397648841657), (24, 0.8812539392860688), (25, 0.8957180488408115)], 'mape': [(0, 79.91940307617188), (1, 15.849767684936523), (2, 11.733519554138184), (3, 9.612107276916504), (4, 7.912003040313721), (5, 7.497499942779541), (6, 6.9292097091674805), (7, 6.595137119293213), (8, 6.418832302093506), (9, 5.98773717880249), (10, 5.931362152099609), (11, 5.907859802246094), (12, 5.6839985847473145), (13, 5.6447367668151855), (14, 5.462122917175293), (15, 5.731382369995117), (16, 5.389915466308594), (17, 5.492787837982178), (18, 5.522779941558838), (19, 5.439667701721191), (20, 5.535040378570557), (21, 5.226440906524658), (22, 5.159893035888672), (23, 5.1829633712768555), (24, 5.611729621887207), (25, 5.24005651473999)], 'accuracy_10': [(0, 11.735205352306366), (1, 35.70712208747864), (2, 58.02407264709473), (3, 67.20160245895386), (4, 78.33500504493713), (5, 81.19357824325562), (6, 84.35305953025818), (7, 85.25576591491699), (8, 84.10230875015259), (9, 86.96088194847107), (10, 86.96088194847107), (11, 85.70712208747864), (12, 86.30892634391785), (13, 86.35907769203186), (14, 88.41524720191956), (15, 86.05817556381226), (16, 88.81645202636719), (17, 88.46539855003357), (18, 86.8104338645935), (19, 87.46238946914673), (20, 86.71013116836548), (21, 88.31494450569153), (22, 88.46539855003357), (23, 88.96690011024475), (24, 86.30892634391785), (25, 88.06419372558594)], 'accuracy_20': [(0, 21.46439254283905), (1, 75.12537837028503), (2, 88.01404237747192), (3, 92.0762300491333), (4, 93.07923913002014), (5, 94.38315033912659), (6, 94.78435516357422), (7, 95.08525729179382), (8, 95.68706154823303), (9, 95.8375096321106), (10, 95.93781232833862), (11, 95.98796367645264), (12, 96.13841772079468), (13, 95.88766098022461), (14, 96.18856310844421), (15, 95.18555402755737), (16, 96.43931984901428), (17, 95.13540863990784), (18, 96.23871445655823), (19, 96.03811502456665), (20, 95.98796367645264), (21, 96.28886580467224), (22, 95.93781232833862), (23, 95.88766098022461), (24, 95.586758852005), (25, 96.28886580467224)]}
