[2026-01-13 00:22:52,644][flwr][INFO] - Starting Flower simulation, config: ServerConfig(num_rounds=50, round_timeout=None)
[2026-01-13 00:22:57,558][flwr][INFO] - Flower VCE: Ray initialized with resources: {'CPU': 10.0, 'object_store_memory': 2147483648.0, 'node:127.0.0.1': 1.0, 'memory': 11766851584.0}
[2026-01-13 00:22:57,559][flwr][INFO] - Initializing global parameters
[2026-01-13 00:22:57,559][flwr][INFO] - Using initial parameters provided by strategy
[2026-01-13 00:22:57,559][flwr][INFO] - Evaluating initial parameters
[2026-01-13 00:22:57,618][flwr][INFO] - initial parameters (loss, other metrics): 68.07474291324615, {'accuracy': 0.507}
[2026-01-13 00:22:57,618][flwr][INFO] - FL starting
[2026-01-13 00:22:57,618][flwr][DEBUG] - fit_round 1: strategy sampled 100 clients (out of 100)
[2026-01-13 00:23:02,325][flwr][DEBUG] - fit_round 1 received 100 results and 0 failures
[2026-01-13 00:23:02,359][flwr][WARNING] - No fit_metrics_aggregation_fn provided
[2026-01-13 00:23:02,387][flwr][INFO] - fit progress: (1, 65.55643957853317, {'accuracy': 0.507}, 4.768881584022893)
[2026-01-13 00:23:02,387][flwr][DEBUG] - evaluate_round 1: strategy sampled 100 clients (out of 100)
[2026-01-13 00:23:02,770][flwr][DEBUG] - evaluate_round 1 received 100 results and 0 failures
[2026-01-13 00:23:02,771][flwr][WARNING] - No evaluate_metrics_aggregation_fn provided
[2026-01-13 00:23:02,771][flwr][DEBUG] - fit_round 2: strategy sampled 100 clients (out of 100)
[2026-01-13 00:23:03,311][flwr][DEBUG] - fit_round 2 received 100 results and 0 failures
[2026-01-13 00:23:03,363][flwr][INFO] - fit progress: (2, 66.46114641427994, {'accuracy': 0.507}, 5.74547341701691)
[2026-01-13 00:23:03,364][flwr][DEBUG] - evaluate_round 2: strategy sampled 100 clients (out of 100)
[2026-01-13 00:23:03,726][flwr][DEBUG] - evaluate_round 2 received 100 results and 0 failures
[2026-01-13 00:23:03,726][flwr][DEBUG] - fit_round 3: strategy sampled 100 clients (out of 100)
[2026-01-13 00:23:04,200][flwr][DEBUG] - fit_round 3 received 100 results and 0 failures
[2026-01-13 00:23:04,251][flwr][INFO] - fit progress: (3, 67.36613249778748, {'accuracy': 0.507}, 6.633262375020422)
[2026-01-13 00:23:04,251][flwr][DEBUG] - evaluate_round 3: strategy sampled 100 clients (out of 100)
[2026-01-13 00:23:04,622][flwr][DEBUG] - evaluate_round 3 received 100 results and 0 failures
[2026-01-13 00:23:04,623][flwr][DEBUG] - fit_round 4: strategy sampled 100 clients (out of 100)
[2026-01-13 00:23:05,067][flwr][DEBUG] - fit_round 4 received 100 results and 0 failures
[2026-01-13 00:23:05,117][flwr][INFO] - fit progress: (4, 67.35184895992279, {'accuracy': 0.5075}, 7.498911542003043)
[2026-01-13 00:23:05,117][flwr][DEBUG] - evaluate_round 4: strategy sampled 100 clients (out of 100)
[2026-01-13 00:23:05,483][flwr][DEBUG] - evaluate_round 4 received 100 results and 0 failures
[2026-01-13 00:23:05,483][flwr][DEBUG] - fit_round 5: strategy sampled 100 clients (out of 100)
[2026-01-13 00:23:05,910][flwr][DEBUG] - fit_round 5 received 100 results and 0 failures
[2026-01-13 00:23:05,962][flwr][INFO] - fit progress: (5, 66.5303698182106, {'accuracy': 0.509}, 8.343907417001901)
[2026-01-13 00:23:05,962][flwr][DEBUG] - evaluate_round 5: strategy sampled 100 clients (out of 100)
[2026-01-13 00:23:06,322][flwr][DEBUG] - evaluate_round 5 received 100 results and 0 failures
[2026-01-13 00:23:06,322][flwr][DEBUG] - fit_round 6: strategy sampled 100 clients (out of 100)
[2026-01-13 00:23:06,785][flwr][DEBUG] - fit_round 6 received 100 results and 0 failures
[2026-01-13 00:23:06,835][flwr][INFO] - fit progress: (6, 65.3307592868805, {'accuracy': 0.518}, 9.217197584017413)
[2026-01-13 00:23:06,835][flwr][DEBUG] - evaluate_round 6: strategy sampled 100 clients (out of 100)
[2026-01-13 00:23:07,190][flwr][DEBUG] - evaluate_round 6 received 100 results and 0 failures
[2026-01-13 00:23:07,190][flwr][DEBUG] - fit_round 7: strategy sampled 100 clients (out of 100)
[2026-01-13 00:23:07,644][flwr][DEBUG] - fit_round 7 received 100 results and 0 failures
[2026-01-13 00:23:07,694][flwr][INFO] - fit progress: (7, 63.95016276836395, {'accuracy': 0.5315}, 10.075897000002442)
[2026-01-13 00:23:07,694][flwr][DEBUG] - evaluate_round 7: strategy sampled 100 clients (out of 100)
[2026-01-13 00:23:08,052][flwr][DEBUG] - evaluate_round 7 received 100 results and 0 failures
[2026-01-13 00:23:08,053][flwr][DEBUG] - fit_round 8: strategy sampled 100 clients (out of 100)
[2026-01-13 00:23:08,505][flwr][DEBUG] - fit_round 8 received 100 results and 0 failures
[2026-01-13 00:23:08,555][flwr][INFO] - fit progress: (8, 62.33834773302078, {'accuracy': 0.5515}, 10.937332041998161)
[2026-01-13 00:23:08,555][flwr][DEBUG] - evaluate_round 8: strategy sampled 100 clients (out of 100)
[2026-01-13 00:23:08,917][flwr][DEBUG] - evaluate_round 8 received 100 results and 0 failures
[2026-01-13 00:23:08,917][flwr][DEBUG] - fit_round 9: strategy sampled 100 clients (out of 100)
[2026-01-13 00:23:09,333][flwr][DEBUG] - fit_round 9 received 100 results and 0 failures
[2026-01-13 00:23:09,385][flwr][INFO] - fit progress: (9, 60.72183668613434, {'accuracy': 0.5705}, 11.76687583400053)
[2026-01-13 00:23:09,385][flwr][DEBUG] - evaluate_round 9: strategy sampled 100 clients (out of 100)
[2026-01-13 00:23:09,742][flwr][DEBUG] - evaluate_round 9 received 100 results and 0 failures
[2026-01-13 00:23:09,743][flwr][DEBUG] - fit_round 10: strategy sampled 100 clients (out of 100)
[2026-01-13 00:23:10,168][flwr][DEBUG] - fit_round 10 received 100 results and 0 failures
[2026-01-13 00:23:10,220][flwr][INFO] - fit progress: (10, 59.60856795310974, {'accuracy': 0.5795}, 12.60209116700571)
[2026-01-13 00:23:10,220][flwr][DEBUG] - evaluate_round 10: strategy sampled 100 clients (out of 100)
[2026-01-13 00:23:10,577][flwr][DEBUG] - evaluate_round 10 received 100 results and 0 failures
[2026-01-13 00:23:10,578][flwr][DEBUG] - fit_round 11: strategy sampled 100 clients (out of 100)
[2026-01-13 00:23:11,015][flwr][DEBUG] - fit_round 11 received 100 results and 0 failures
[2026-01-13 00:23:11,171][flwr][INFO] - fit progress: (11, 58.51537650823593, {'accuracy': 0.581}, 13.553333042014856)
[2026-01-13 00:23:11,171][flwr][DEBUG] - evaluate_round 11: strategy sampled 100 clients (out of 100)
[2026-01-13 00:23:11,621][flwr][DEBUG] - evaluate_round 11 received 100 results and 0 failures
[2026-01-13 00:23:11,622][flwr][DEBUG] - fit_round 12: strategy sampled 100 clients (out of 100)
[2026-01-13 00:23:12,117][flwr][DEBUG] - fit_round 12 received 100 results and 0 failures
[2026-01-13 00:23:12,168][flwr][INFO] - fit progress: (12, 57.64822083711624, {'accuracy': 0.5835}, 14.549791625002399)
[2026-01-13 00:23:12,168][flwr][DEBUG] - evaluate_round 12: strategy sampled 100 clients (out of 100)
[2026-01-13 00:23:12,534][flwr][DEBUG] - evaluate_round 12 received 100 results and 0 failures
[2026-01-13 00:23:12,535][flwr][DEBUG] - fit_round 13: strategy sampled 100 clients (out of 100)
[2026-01-13 00:23:12,983][flwr][DEBUG] - fit_round 13 received 100 results and 0 failures
[2026-01-13 00:23:13,036][flwr][INFO] - fit progress: (13, 57.1769677400589, {'accuracy': 0.587}, 15.417749917018227)
[2026-01-13 00:23:13,036][flwr][DEBUG] - evaluate_round 13: strategy sampled 100 clients (out of 100)
[2026-01-13 00:23:13,453][flwr][DEBUG] - evaluate_round 13 received 100 results and 0 failures
[2026-01-13 00:23:13,454][flwr][DEBUG] - fit_round 14: strategy sampled 100 clients (out of 100)
[2026-01-13 00:23:13,986][flwr][DEBUG] - fit_round 14 received 100 results and 0 failures
[2026-01-13 00:23:14,040][flwr][INFO] - fit progress: (14, 56.57971203327179, {'accuracy': 0.5875}, 16.422173375001876)
[2026-01-13 00:23:14,040][flwr][DEBUG] - evaluate_round 14: strategy sampled 100 clients (out of 100)
[2026-01-13 00:23:14,410][flwr][DEBUG] - evaluate_round 14 received 100 results and 0 failures
[2026-01-13 00:23:14,410][flwr][DEBUG] - fit_round 15: strategy sampled 100 clients (out of 100)
[2026-01-13 00:23:14,851][flwr][DEBUG] - fit_round 15 received 100 results and 0 failures
[2026-01-13 00:23:14,903][flwr][INFO] - fit progress: (15, 56.35429972410202, {'accuracy': 0.589}, 17.285365084011573)
[2026-01-13 00:23:14,903][flwr][DEBUG] - evaluate_round 15: strategy sampled 100 clients (out of 100)
[2026-01-13 00:23:15,302][flwr][DEBUG] - evaluate_round 15 received 100 results and 0 failures
[2026-01-13 00:23:15,302][flwr][DEBUG] - fit_round 16: strategy sampled 100 clients (out of 100)
[2026-01-13 00:23:15,946][flwr][DEBUG] - fit_round 16 received 100 results and 0 failures
[2026-01-13 00:23:16,004][flwr][INFO] - fit progress: (16, 56.09428143501282, {'accuracy': 0.5895}, 18.386517959006596)
[2026-01-13 00:23:16,005][flwr][DEBUG] - evaluate_round 16: strategy sampled 100 clients (out of 100)
[2026-01-13 00:23:16,389][flwr][DEBUG] - evaluate_round 16 received 100 results and 0 failures
[2026-01-13 00:23:16,389][flwr][DEBUG] - fit_round 17: strategy sampled 100 clients (out of 100)
[2026-01-13 00:23:17,148][flwr][DEBUG] - fit_round 17 received 100 results and 0 failures
[2026-01-13 00:23:17,218][flwr][INFO] - fit progress: (17, 55.8853999376297, {'accuracy': 0.589}, 19.600005542015424)
[2026-01-13 00:23:17,218][flwr][DEBUG] - evaluate_round 17: strategy sampled 100 clients (out of 100)
[2026-01-13 00:23:17,938][flwr][DEBUG] - evaluate_round 17 received 100 results and 0 failures
[2026-01-13 00:23:17,939][flwr][DEBUG] - fit_round 18: strategy sampled 100 clients (out of 100)
[2026-01-13 00:23:18,548][flwr][DEBUG] - fit_round 18 received 100 results and 0 failures
[2026-01-13 00:23:18,604][flwr][INFO] - fit progress: (18, 55.51683837175369, {'accuracy': 0.5885}, 20.98632729201927)
[2026-01-13 00:23:18,604][flwr][DEBUG] - evaluate_round 18: strategy sampled 100 clients (out of 100)
[2026-01-13 00:23:18,985][flwr][DEBUG] - evaluate_round 18 received 100 results and 0 failures
[2026-01-13 00:23:18,985][flwr][DEBUG] - fit_round 19: strategy sampled 100 clients (out of 100)
[2026-01-13 00:23:19,464][flwr][DEBUG] - fit_round 19 received 100 results and 0 failures
[2026-01-13 00:23:19,520][flwr][INFO] - fit progress: (19, 55.34382247924805, {'accuracy': 0.5895}, 21.901950625004247)
[2026-01-13 00:23:19,520][flwr][DEBUG] - evaluate_round 19: strategy sampled 100 clients (out of 100)
[2026-01-13 00:23:19,918][flwr][DEBUG] - evaluate_round 19 received 100 results and 0 failures
[2026-01-13 00:23:19,918][flwr][DEBUG] - fit_round 20: strategy sampled 100 clients (out of 100)
[2026-01-13 00:23:20,670][flwr][DEBUG] - fit_round 20 received 100 results and 0 failures
[2026-01-13 00:23:20,747][flwr][INFO] - fit progress: (20, 54.88613700866699, {'accuracy': 0.5905}, 23.12879337501363)
[2026-01-13 00:23:20,747][flwr][DEBUG] - evaluate_round 20: strategy sampled 100 clients (out of 100)
[2026-01-13 00:23:21,129][flwr][DEBUG] - evaluate_round 20 received 100 results and 0 failures
[2026-01-13 00:23:21,129][flwr][DEBUG] - fit_round 21: strategy sampled 100 clients (out of 100)
[2026-01-13 00:23:21,703][flwr][DEBUG] - fit_round 21 received 100 results and 0 failures
[2026-01-13 00:23:21,755][flwr][INFO] - fit progress: (21, 54.863095343112946, {'accuracy': 0.591}, 24.136887417000253)
[2026-01-13 00:23:21,755][flwr][DEBUG] - evaluate_round 21: strategy sampled 100 clients (out of 100)
[2026-01-13 00:23:22,123][flwr][DEBUG] - evaluate_round 21 received 100 results and 0 failures
[2026-01-13 00:23:22,123][flwr][DEBUG] - fit_round 22: strategy sampled 100 clients (out of 100)
[2026-01-13 00:23:22,613][flwr][DEBUG] - fit_round 22 received 100 results and 0 failures
[2026-01-13 00:23:22,664][flwr][INFO] - fit progress: (22, 54.87553030252457, {'accuracy': 0.589}, 25.046182999998564)
[2026-01-13 00:23:22,664][flwr][DEBUG] - evaluate_round 22: strategy sampled 100 clients (out of 100)
[2026-01-13 00:23:23,035][flwr][DEBUG] - evaluate_round 22 received 100 results and 0 failures
[2026-01-13 00:23:23,035][flwr][DEBUG] - fit_round 23: strategy sampled 100 clients (out of 100)
[2026-01-13 00:23:23,589][flwr][DEBUG] - fit_round 23 received 100 results and 0 failures
[2026-01-13 00:23:23,642][flwr][INFO] - fit progress: (23, 54.51454043388367, {'accuracy': 0.589}, 26.024562125006923)
[2026-01-13 00:23:23,643][flwr][DEBUG] - evaluate_round 23: strategy sampled 100 clients (out of 100)
[2026-01-13 00:23:24,038][flwr][DEBUG] - evaluate_round 23 received 100 results and 0 failures
[2026-01-13 00:23:24,039][flwr][DEBUG] - fit_round 24: strategy sampled 100 clients (out of 100)
[2026-01-13 00:23:24,538][flwr][DEBUG] - fit_round 24 received 100 results and 0 failures
[2026-01-13 00:23:24,593][flwr][INFO] - fit progress: (24, 54.23497420549393, {'accuracy': 0.589}, 26.97505658402224)
[2026-01-13 00:23:24,593][flwr][DEBUG] - evaluate_round 24: strategy sampled 100 clients (out of 100)
[2026-01-13 00:23:25,017][flwr][DEBUG] - evaluate_round 24 received 100 results and 0 failures
[2026-01-13 00:23:25,018][flwr][DEBUG] - fit_round 25: strategy sampled 100 clients (out of 100)
[2026-01-13 00:23:25,551][flwr][DEBUG] - fit_round 25 received 100 results and 0 failures
[2026-01-13 00:23:25,605][flwr][INFO] - fit progress: (25, 53.94755798578262, {'accuracy': 0.589}, 27.987151542009087)
[2026-01-13 00:23:25,605][flwr][DEBUG] - evaluate_round 25: strategy sampled 100 clients (out of 100)
[2026-01-13 00:23:26,072][flwr][DEBUG] - evaluate_round 25 received 100 results and 0 failures
[2026-01-13 00:23:26,073][flwr][DEBUG] - fit_round 26: strategy sampled 100 clients (out of 100)
[2026-01-13 00:23:26,579][flwr][DEBUG] - fit_round 26 received 100 results and 0 failures
[2026-01-13 00:23:26,642][flwr][INFO] - fit progress: (26, 53.56749701499939, {'accuracy': 0.589}, 29.024204250017647)
[2026-01-13 00:23:26,642][flwr][DEBUG] - evaluate_round 26: strategy sampled 100 clients (out of 100)
[2026-01-13 00:23:27,029][flwr][DEBUG] - evaluate_round 26 received 100 results and 0 failures
[2026-01-13 00:23:27,029][flwr][DEBUG] - fit_round 27: strategy sampled 100 clients (out of 100)
[2026-01-13 00:23:27,490][flwr][DEBUG] - fit_round 27 received 100 results and 0 failures
[2026-01-13 00:23:27,541][flwr][INFO] - fit progress: (27, 53.81064918637276, {'accuracy': 0.5885}, 29.923212834022706)
[2026-01-13 00:23:27,541][flwr][DEBUG] - evaluate_round 27: strategy sampled 100 clients (out of 100)
[2026-01-13 00:23:27,985][flwr][DEBUG] - evaluate_round 27 received 100 results and 0 failures
[2026-01-13 00:23:27,985][flwr][DEBUG] - fit_round 28: strategy sampled 100 clients (out of 100)
[2026-01-13 00:23:28,514][flwr][DEBUG] - fit_round 28 received 100 results and 0 failures
[2026-01-13 00:23:28,578][flwr][INFO] - fit progress: (28, 53.50422781705856, {'accuracy': 0.5885}, 30.959750584006542)
[2026-01-13 00:23:28,578][flwr][DEBUG] - evaluate_round 28: strategy sampled 100 clients (out of 100)
[2026-01-13 00:23:29,016][flwr][DEBUG] - evaluate_round 28 received 100 results and 0 failures
[2026-01-13 00:23:29,016][flwr][DEBUG] - fit_round 29: strategy sampled 100 clients (out of 100)
[2026-01-13 00:23:29,545][flwr][DEBUG] - fit_round 29 received 100 results and 0 failures
[2026-01-13 00:23:29,601][flwr][INFO] - fit progress: (29, 53.490602850914, {'accuracy': 0.588}, 31.983547417010413)
[2026-01-13 00:23:29,602][flwr][DEBUG] - evaluate_round 29: strategy sampled 100 clients (out of 100)
[2026-01-13 00:23:29,980][flwr][DEBUG] - evaluate_round 29 received 100 results and 0 failures
[2026-01-13 00:23:29,981][flwr][DEBUG] - fit_round 30: strategy sampled 100 clients (out of 100)
[2026-01-13 00:23:30,464][flwr][DEBUG] - fit_round 30 received 100 results and 0 failures
[2026-01-13 00:23:30,520][flwr][INFO] - fit progress: (30, 53.14605590701103, {'accuracy': 0.5895}, 32.90194616699591)
[2026-01-13 00:23:30,520][flwr][DEBUG] - evaluate_round 30: strategy sampled 100 clients (out of 100)
[2026-01-13 00:23:30,920][flwr][DEBUG] - evaluate_round 30 received 100 results and 0 failures
[2026-01-13 00:23:30,920][flwr][DEBUG] - fit_round 31: strategy sampled 100 clients (out of 100)
[2026-01-13 00:23:31,434][flwr][DEBUG] - fit_round 31 received 100 results and 0 failures
[2026-01-13 00:23:31,489][flwr][INFO] - fit progress: (31, 52.853926211595535, {'accuracy': 0.59}, 33.87151345901657)
[2026-01-13 00:23:31,490][flwr][DEBUG] - evaluate_round 31: strategy sampled 100 clients (out of 100)
[2026-01-13 00:23:31,888][flwr][DEBUG] - evaluate_round 31 received 100 results and 0 failures
[2026-01-13 00:23:31,889][flwr][DEBUG] - fit_round 32: strategy sampled 100 clients (out of 100)
[2026-01-13 00:23:32,395][flwr][DEBUG] - fit_round 32 received 100 results and 0 failures
[2026-01-13 00:23:32,454][flwr][INFO] - fit progress: (32, 52.56241515278816, {'accuracy': 0.59}, 34.83647941701929)
[2026-01-13 00:23:32,455][flwr][DEBUG] - evaluate_round 32: strategy sampled 100 clients (out of 100)
[2026-01-13 00:23:32,839][flwr][DEBUG] - evaluate_round 32 received 100 results and 0 failures
[2026-01-13 00:23:32,839][flwr][DEBUG] - fit_round 33: strategy sampled 100 clients (out of 100)
[2026-01-13 00:23:33,349][flwr][DEBUG] - fit_round 33 received 100 results and 0 failures
[2026-01-13 00:23:33,405][flwr][INFO] - fit progress: (33, 52.434652745723724, {'accuracy': 0.589}, 35.787558584008366)
[2026-01-13 00:23:33,406][flwr][DEBUG] - evaluate_round 33: strategy sampled 100 clients (out of 100)
[2026-01-13 00:23:33,788][flwr][DEBUG] - evaluate_round 33 received 100 results and 0 failures
[2026-01-13 00:23:33,788][flwr][DEBUG] - fit_round 34: strategy sampled 100 clients (out of 100)
[2026-01-13 00:23:34,260][flwr][DEBUG] - fit_round 34 received 100 results and 0 failures
[2026-01-13 00:23:34,316][flwr][INFO] - fit progress: (34, 52.32906675338745, {'accuracy': 0.589}, 36.6981359590136)
[2026-01-13 00:23:34,316][flwr][DEBUG] - evaluate_round 34: strategy sampled 100 clients (out of 100)
[2026-01-13 00:23:34,700][flwr][DEBUG] - evaluate_round 34 received 100 results and 0 failures
[2026-01-13 00:23:34,701][flwr][DEBUG] - fit_round 35: strategy sampled 100 clients (out of 100)
[2026-01-13 00:23:35,187][flwr][DEBUG] - fit_round 35 received 100 results and 0 failures
[2026-01-13 00:23:35,240][flwr][INFO] - fit progress: (35, 52.222277492284775, {'accuracy': 0.589}, 37.62255995901069)
[2026-01-13 00:23:35,241][flwr][DEBUG] - evaluate_round 35: strategy sampled 100 clients (out of 100)
[2026-01-13 00:23:35,606][flwr][DEBUG] - evaluate_round 35 received 100 results and 0 failures
[2026-01-13 00:23:35,606][flwr][DEBUG] - fit_round 36: strategy sampled 100 clients (out of 100)
[2026-01-13 00:23:36,146][flwr][DEBUG] - fit_round 36 received 100 results and 0 failures
[2026-01-13 00:23:36,202][flwr][INFO] - fit progress: (36, 52.243287801742554, {'accuracy': 0.5895}, 38.584673709003255)
[2026-01-13 00:23:36,203][flwr][DEBUG] - evaluate_round 36: strategy sampled 100 clients (out of 100)
[2026-01-13 00:23:36,577][flwr][DEBUG] - evaluate_round 36 received 100 results and 0 failures
[2026-01-13 00:23:36,577][flwr][DEBUG] - fit_round 37: strategy sampled 100 clients (out of 100)
[2026-01-13 00:23:37,031][flwr][DEBUG] - fit_round 37 received 100 results and 0 failures
[2026-01-13 00:23:37,081][flwr][INFO] - fit progress: (37, 51.936798453330994, {'accuracy': 0.589}, 39.4635169999965)
[2026-01-13 00:23:37,082][flwr][DEBUG] - evaluate_round 37: strategy sampled 100 clients (out of 100)
[2026-01-13 00:23:37,460][flwr][DEBUG] - evaluate_round 37 received 100 results and 0 failures
[2026-01-13 00:23:37,461][flwr][DEBUG] - fit_round 38: strategy sampled 100 clients (out of 100)
[2026-01-13 00:23:37,914][flwr][DEBUG] - fit_round 38 received 100 results and 0 failures
[2026-01-13 00:23:37,965][flwr][INFO] - fit progress: (38, 51.96883177757263, {'accuracy': 0.589}, 40.34741379201296)
[2026-01-13 00:23:37,965][flwr][DEBUG] - evaluate_round 38: strategy sampled 100 clients (out of 100)
[2026-01-13 00:23:38,334][flwr][DEBUG] - evaluate_round 38 received 100 results and 0 failures
[2026-01-13 00:23:38,334][flwr][DEBUG] - fit_round 39: strategy sampled 100 clients (out of 100)
[2026-01-13 00:23:38,841][flwr][DEBUG] - fit_round 39 received 100 results and 0 failures
[2026-01-13 00:23:38,892][flwr][INFO] - fit progress: (39, 51.90942996740341, {'accuracy': 0.5895}, 41.27382341702469)
[2026-01-13 00:23:38,892][flwr][DEBUG] - evaluate_round 39: strategy sampled 100 clients (out of 100)
[2026-01-13 00:23:39,343][flwr][DEBUG] - evaluate_round 39 received 100 results and 0 failures
[2026-01-13 00:23:39,344][flwr][DEBUG] - fit_round 40: strategy sampled 100 clients (out of 100)
[2026-01-13 00:23:39,835][flwr][DEBUG] - fit_round 40 received 100 results and 0 failures
[2026-01-13 00:23:39,891][flwr][INFO] - fit progress: (40, 51.77855005860329, {'accuracy': 0.589}, 42.273590500000864)
[2026-01-13 00:23:39,892][flwr][DEBUG] - evaluate_round 40: strategy sampled 100 clients (out of 100)
[2026-01-13 00:23:40,419][flwr][DEBUG] - evaluate_round 40 received 100 results and 0 failures
[2026-01-13 00:23:40,419][flwr][DEBUG] - fit_round 41: strategy sampled 100 clients (out of 100)
[2026-01-13 00:23:41,100][flwr][DEBUG] - fit_round 41 received 100 results and 0 failures
[2026-01-13 00:23:41,178][flwr][INFO] - fit progress: (41, 52.09649720788002, {'accuracy': 0.589}, 43.5600167090015)
[2026-01-13 00:23:41,178][flwr][DEBUG] - evaluate_round 41: strategy sampled 100 clients (out of 100)
[2026-01-13 00:23:41,667][flwr][DEBUG] - evaluate_round 41 received 100 results and 0 failures
[2026-01-13 00:23:41,667][flwr][DEBUG] - fit_round 42: strategy sampled 100 clients (out of 100)
[2026-01-13 00:23:42,172][flwr][DEBUG] - fit_round 42 received 100 results and 0 failures
[2026-01-13 00:23:42,224][flwr][INFO] - fit progress: (42, 51.4171824157238, {'accuracy': 0.5885}, 44.60618825000711)
[2026-01-13 00:23:42,224][flwr][DEBUG] - evaluate_round 42: strategy sampled 100 clients (out of 100)
[2026-01-13 00:23:42,734][flwr][DEBUG] - evaluate_round 42 received 100 results and 0 failures
[2026-01-13 00:23:42,734][flwr][DEBUG] - fit_round 43: strategy sampled 100 clients (out of 100)
[2026-01-13 00:23:43,261][flwr][DEBUG] - fit_round 43 received 100 results and 0 failures
[2026-01-13 00:23:43,313][flwr][INFO] - fit progress: (43, 51.65246418118477, {'accuracy': 0.5885}, 45.695594542019535)
[2026-01-13 00:23:43,314][flwr][DEBUG] - evaluate_round 43: strategy sampled 100 clients (out of 100)
[2026-01-13 00:23:43,684][flwr][DEBUG] - evaluate_round 43 received 100 results and 0 failures
[2026-01-13 00:23:43,684][flwr][DEBUG] - fit_round 44: strategy sampled 100 clients (out of 100)
[2026-01-13 00:23:44,159][flwr][DEBUG] - fit_round 44 received 100 results and 0 failures
[2026-01-13 00:23:44,211][flwr][INFO] - fit progress: (44, 51.25295156240463, {'accuracy': 0.5885}, 46.59313387502334)
[2026-01-13 00:23:44,211][flwr][DEBUG] - evaluate_round 44: strategy sampled 100 clients (out of 100)
[2026-01-13 00:23:44,584][flwr][DEBUG] - evaluate_round 44 received 100 results and 0 failures
[2026-01-13 00:23:44,585][flwr][DEBUG] - fit_round 45: strategy sampled 100 clients (out of 100)
[2026-01-13 00:23:45,093][flwr][DEBUG] - fit_round 45 received 100 results and 0 failures
[2026-01-13 00:23:45,144][flwr][INFO] - fit progress: (45, 51.89977556467056, {'accuracy': 0.5885}, 47.526469500007806)
[2026-01-13 00:23:45,145][flwr][DEBUG] - evaluate_round 45: strategy sampled 100 clients (out of 100)
[2026-01-13 00:23:45,555][flwr][DEBUG] - evaluate_round 45 received 100 results and 0 failures
[2026-01-13 00:23:45,555][flwr][DEBUG] - fit_round 46: strategy sampled 100 clients (out of 100)
[2026-01-13 00:23:46,013][flwr][DEBUG] - fit_round 46 received 100 results and 0 failures
[2026-01-13 00:23:46,066][flwr][INFO] - fit progress: (46, 51.7823132276535, {'accuracy': 0.589}, 48.448060709022684)
[2026-01-13 00:23:46,066][flwr][DEBUG] - evaluate_round 46: strategy sampled 100 clients (out of 100)
[2026-01-13 00:23:46,561][flwr][DEBUG] - evaluate_round 46 received 100 results and 0 failures
[2026-01-13 00:23:46,562][flwr][DEBUG] - fit_round 47: strategy sampled 100 clients (out of 100)
[2026-01-13 00:23:47,122][flwr][DEBUG] - fit_round 47 received 100 results and 0 failures
[2026-01-13 00:23:47,179][flwr][INFO] - fit progress: (47, 51.16031289100647, {'accuracy': 0.588}, 49.56075062500895)
[2026-01-13 00:23:47,179][flwr][DEBUG] - evaluate_round 47: strategy sampled 100 clients (out of 100)
[2026-01-13 00:23:47,550][flwr][DEBUG] - evaluate_round 47 received 100 results and 0 failures
[2026-01-13 00:23:47,550][flwr][DEBUG] - fit_round 48: strategy sampled 100 clients (out of 100)
[2026-01-13 00:23:48,082][flwr][DEBUG] - fit_round 48 received 100 results and 0 failures
[2026-01-13 00:23:48,136][flwr][INFO] - fit progress: (48, 51.52368453145027, {'accuracy': 0.588}, 50.51860916701844)
[2026-01-13 00:23:48,137][flwr][DEBUG] - evaluate_round 48: strategy sampled 100 clients (out of 100)
[2026-01-13 00:23:48,522][flwr][DEBUG] - evaluate_round 48 received 100 results and 0 failures
[2026-01-13 00:23:48,522][flwr][DEBUG] - fit_round 49: strategy sampled 100 clients (out of 100)
[2026-01-13 00:23:49,060][flwr][DEBUG] - fit_round 49 received 100 results and 0 failures
[2026-01-13 00:23:49,114][flwr][INFO] - fit progress: (49, 51.4079724252224, {'accuracy': 0.5875}, 51.49625758401817)
[2026-01-13 00:23:49,114][flwr][DEBUG] - evaluate_round 49: strategy sampled 100 clients (out of 100)
[2026-01-13 00:23:49,593][flwr][DEBUG] - evaluate_round 49 received 100 results and 0 failures
[2026-01-13 00:23:49,594][flwr][DEBUG] - fit_round 50: strategy sampled 100 clients (out of 100)
[2026-01-13 00:23:50,125][flwr][DEBUG] - fit_round 50 received 100 results and 0 failures
[2026-01-13 00:23:50,179][flwr][INFO] - fit progress: (50, 51.45343431830406, {'accuracy': 0.589}, 52.56122733402299)
[2026-01-13 00:23:50,179][flwr][DEBUG] - evaluate_round 50: strategy sampled 100 clients (out of 100)
[2026-01-13 00:23:50,698][flwr][DEBUG] - evaluate_round 50 received 100 results and 0 failures
[2026-01-13 00:23:50,698][flwr][INFO] - FL finished in 53.08058120901114
[2026-01-13 00:23:50,699][flwr][INFO] - app_fit: losses_distributed [(1, 1.0462871445120399), (2, 1.0635803118771932), (3, 1.078815455814406), (4, 1.0782987408094167), (5, 1.0650150170708679), (6, 1.0457397970085935), (7, 1.0237204574548615), (8, 0.9980118133983785), (9, 0.9724066744858358), (10, 0.954714958646056), (11, 0.9373003158959919), (12, 0.9235395753376856), (13, 0.9161204358687851), (14, 0.9066622168232557), (15, 0.9032500127035874), (16, 0.8993047533961558), (17, 0.8961210284420248), (18, 0.8903881340235709), (19, 0.887804155480604), (20, 0.8806992404086598), (21, 0.8805740657723398), (22, 0.88089643186541), (23, 0.8752339637082862), (24, 0.870852992531925), (25, 0.8663480015338078), (26, 0.8604311209184725), (27, 0.8645372085603837), (28, 0.8597126612958919), (29, 0.8595773405114674), (30, 0.8540464851907767), (31, 0.8493129436575105), (32, 0.8447367093092482), (33, 0.8427019473906942), (34, 0.8409957955416559), (35, 0.839381121260043), (36, 0.8397085033823335), (37, 0.8346722751211659), (38, 0.8354539632865051), (39, 0.8343629307273576), (40, 0.8323944897408914), (41, 0.8376714549068704), (42, 0.8264983085167421), (43, 0.8305590533321899), (44, 0.8240317045557349), (45, 0.8348606514815449), (46, 0.8329417775040736), (47, 0.8228067371727257), (48, 0.8289318862662516), (49, 0.8271390262385142), (50, 0.8278922853446793)]
[2026-01-13 00:23:50,699][flwr][INFO] - app_fit: metrics_distributed_fit {}
[2026-01-13 00:23:50,699][flwr][INFO] - app_fit: metrics_distributed {}
[2026-01-13 00:23:50,700][flwr][INFO] - app_fit: losses_centralized [(0, 68.07474291324615), (1, 65.55643957853317), (2, 66.46114641427994), (3, 67.36613249778748), (4, 67.35184895992279), (5, 66.5303698182106), (6, 65.3307592868805), (7, 63.95016276836395), (8, 62.33834773302078), (9, 60.72183668613434), (10, 59.60856795310974), (11, 58.51537650823593), (12, 57.64822083711624), (13, 57.1769677400589), (14, 56.57971203327179), (15, 56.35429972410202), (16, 56.09428143501282), (17, 55.8853999376297), (18, 55.51683837175369), (19, 55.34382247924805), (20, 54.88613700866699), (21, 54.863095343112946), (22, 54.87553030252457), (23, 54.51454043388367), (24, 54.23497420549393), (25, 53.94755798578262), (26, 53.56749701499939), (27, 53.81064918637276), (28, 53.50422781705856), (29, 53.490602850914), (30, 53.14605590701103), (31, 52.853926211595535), (32, 52.56241515278816), (33, 52.434652745723724), (34, 52.32906675338745), (35, 52.222277492284775), (36, 52.243287801742554), (37, 51.936798453330994), (38, 51.96883177757263), (39, 51.90942996740341), (40, 51.77855005860329), (41, 52.09649720788002), (42, 51.4171824157238), (43, 51.65246418118477), (44, 51.25295156240463), (45, 51.89977556467056), (46, 51.7823132276535), (47, 51.16031289100647), (48, 51.52368453145027), (49, 51.4079724252224), (50, 51.45343431830406)]
[2026-01-13 00:23:50,700][flwr][INFO] - app_fit: metrics_centralized {'accuracy': [(0, 0.507), (1, 0.507), (2, 0.507), (3, 0.507), (4, 0.5075), (5, 0.509), (6, 0.518), (7, 0.5315), (8, 0.5515), (9, 0.5705), (10, 0.5795), (11, 0.581), (12, 0.5835), (13, 0.587), (14, 0.5875), (15, 0.589), (16, 0.5895), (17, 0.589), (18, 0.5885), (19, 0.5895), (20, 0.5905), (21, 0.591), (22, 0.589), (23, 0.589), (24, 0.589), (25, 0.589), (26, 0.589), (27, 0.5885), (28, 0.5885), (29, 0.588), (30, 0.5895), (31, 0.59), (32, 0.59), (33, 0.589), (34, 0.589), (35, 0.589), (36, 0.5895), (37, 0.589), (38, 0.589), (39, 0.5895), (40, 0.589), (41, 0.589), (42, 0.5885), (43, 0.5885), (44, 0.5885), (45, 0.5885), (46, 0.589), (47, 0.588), (48, 0.588), (49, 0.5875), (50, 0.589)]}
[2026-01-13 00:23:50,735][flwr][INFO] - Starting Flower simulation, config: ServerConfig(num_rounds=50, round_timeout=None)
[2026-01-13 00:23:58,229][flwr][INFO] - Flower VCE: Ray initialized with resources: {'memory': 12437053850.0, 'CPU': 10.0, 'object_store_memory': 2147483648.0, 'node:127.0.0.1': 1.0}
[2026-01-13 00:23:58,231][flwr][INFO] - Initializing global parameters
[2026-01-13 00:23:58,231][flwr][INFO] - Using initial parameters provided by strategy
[2026-01-13 00:23:58,231][flwr][INFO] - Evaluating initial parameters
[2026-01-13 00:23:58,255][flwr][INFO] - initial parameters (loss, other metrics): 68.07474291324615, {'accuracy': 0.507, 'adaptive_mu': 0.1}
[2026-01-13 00:23:58,255][flwr][INFO] - FL starting
[2026-01-13 00:23:58,256][flwr][DEBUG] - fit_round 1: strategy sampled 100 clients (out of 100)
[2026-01-13 00:24:03,899][flwr][DEBUG] - fit_round 1 received 100 results and 0 failures
[2026-01-13 00:24:03,932][flwr][WARNING] - No fit_metrics_aggregation_fn provided
[2026-01-13 00:24:03,986][flwr][INFO] - fit progress: (1, 66.05937314033508, {'accuracy': 0.507, 'adaptive_mu': 0.1}, 5.730197041993961)
[2026-01-13 00:24:03,986][flwr][DEBUG] - evaluate_round 1: strategy sampled 100 clients (out of 100)
[2026-01-13 00:24:04,375][flwr][DEBUG] - evaluate_round 1 received 100 results and 0 failures
[2026-01-13 00:24:04,375][flwr][WARNING] - No evaluate_metrics_aggregation_fn provided
[2026-01-13 00:24:04,376][flwr][DEBUG] - fit_round 2: strategy sampled 100 clients (out of 100)
[2026-01-13 00:24:05,048][flwr][DEBUG] - fit_round 2 received 100 results and 0 failures
[2026-01-13 00:24:05,129][flwr][INFO] - fit progress: (2, 65.30991500616074, {'accuracy': 0.507, 'adaptive_mu': 0.1}, 6.873010958981467)
[2026-01-13 00:24:05,129][flwr][DEBUG] - evaluate_round 2: strategy sampled 100 clients (out of 100)
[2026-01-13 00:24:05,500][flwr][DEBUG] - evaluate_round 2 received 100 results and 0 failures
[2026-01-13 00:24:05,501][flwr][DEBUG] - fit_round 3: strategy sampled 100 clients (out of 100)
[2026-01-13 00:24:06,042][flwr][DEBUG] - fit_round 3 received 100 results and 0 failures
[2026-01-13 00:24:06,122][flwr][INFO] - fit progress: (3, 65.16870427131653, {'accuracy': 0.507, 'adaptive_mu': 0.1}, 7.8665559999935795)
[2026-01-13 00:24:06,122][flwr][DEBUG] - evaluate_round 3: strategy sampled 100 clients (out of 100)
[2026-01-13 00:24:06,491][flwr][DEBUG] - evaluate_round 3 received 100 results and 0 failures
[2026-01-13 00:24:06,492][flwr][DEBUG] - fit_round 4: strategy sampled 100 clients (out of 100)
[2026-01-13 00:24:07,050][flwr][DEBUG] - fit_round 4 received 100 results and 0 failures
[2026-01-13 00:24:07,132][flwr][INFO] - fit progress: (4, 65.13750666379929, {'accuracy': 0.507, 'adaptive_mu': 0.16030780226256253}, 8.876391416997649)
[2026-01-13 00:24:07,132][flwr][DEBUG] - evaluate_round 4: strategy sampled 100 clients (out of 100)
[2026-01-13 00:24:07,503][flwr][DEBUG] - evaluate_round 4 received 100 results and 0 failures
[2026-01-13 00:24:07,503][flwr][DEBUG] - fit_round 5: strategy sampled 100 clients (out of 100)
[2026-01-13 00:24:08,067][flwr][DEBUG] - fit_round 5 received 100 results and 0 failures
[2026-01-13 00:24:08,152][flwr][INFO] - fit progress: (5, 64.91936975717545, {'accuracy': 0.507, 'adaptive_mu': 0.203156405853256}, 9.896422749996418)
[2026-01-13 00:24:08,152][flwr][DEBUG] - evaluate_round 5: strategy sampled 100 clients (out of 100)
[2026-01-13 00:24:08,517][flwr][DEBUG] - evaluate_round 5 received 100 results and 0 failures
[2026-01-13 00:24:08,518][flwr][DEBUG] - fit_round 6: strategy sampled 100 clients (out of 100)
[2026-01-13 00:24:09,039][flwr][DEBUG] - fit_round 6 received 100 results and 0 failures
[2026-01-13 00:24:09,119][flwr][INFO] - fit progress: (6, 64.4404149055481, {'accuracy': 0.508, 'adaptive_mu': 0.2329326804895278}, 10.86384583398467)
[2026-01-13 00:24:09,120][flwr][DEBUG] - evaluate_round 6: strategy sampled 100 clients (out of 100)
[2026-01-13 00:24:09,478][flwr][DEBUG] - evaluate_round 6 received 100 results and 0 failures
[2026-01-13 00:24:09,479][flwr][DEBUG] - fit_round 7: strategy sampled 100 clients (out of 100)
[2026-01-13 00:24:10,065][flwr][DEBUG] - fit_round 7 received 100 results and 0 failures
[2026-01-13 00:24:10,148][flwr][INFO] - fit progress: (7, 63.74646723270416, {'accuracy': 0.5085, 'adaptive_mu': 0.25429450207650406}, 11.89238495900645)
[2026-01-13 00:24:10,148][flwr][DEBUG] - evaluate_round 7: strategy sampled 100 clients (out of 100)
[2026-01-13 00:24:10,520][flwr][DEBUG] - evaluate_round 7 received 100 results and 0 failures
[2026-01-13 00:24:10,521][flwr][DEBUG] - fit_round 8: strategy sampled 100 clients (out of 100)
[2026-01-13 00:24:11,072][flwr][DEBUG] - fit_round 8 received 100 results and 0 failures
[2026-01-13 00:24:11,155][flwr][INFO] - fit progress: (8, 62.850149631500244, {'accuracy': 0.5165, 'adaptive_mu': 0.2700719300743933}, 12.899651874991832)
[2026-01-13 00:24:11,155][flwr][DEBUG] - evaluate_round 8: strategy sampled 100 clients (out of 100)
[2026-01-13 00:24:11,518][flwr][DEBUG] - evaluate_round 8 received 100 results and 0 failures
[2026-01-13 00:24:11,519][flwr][DEBUG] - fit_round 9: strategy sampled 100 clients (out of 100)
[2026-01-13 00:24:12,095][flwr][DEBUG] - fit_round 9 received 100 results and 0 failures
[2026-01-13 00:24:12,180][flwr][INFO] - fit progress: (9, 61.741275906562805, {'accuracy': 0.5225, 'adaptive_mu': 0.2822988469934883}, 13.924578791979002)
[2026-01-13 00:24:12,180][flwr][DEBUG] - evaluate_round 9: strategy sampled 100 clients (out of 100)
[2026-01-13 00:24:12,551][flwr][DEBUG] - evaluate_round 9 received 100 results and 0 failures
[2026-01-13 00:24:12,551][flwr][DEBUG] - fit_round 10: strategy sampled 100 clients (out of 100)
[2026-01-13 00:24:13,078][flwr][DEBUG] - fit_round 10 received 100 results and 0 failures
[2026-01-13 00:24:13,159][flwr][INFO] - fit progress: (10, 60.50270199775696, {'accuracy': 0.5385, 'adaptive_mu': 0.2919023160056047}, 14.903939791984158)
[2026-01-13 00:24:13,160][flwr][DEBUG] - evaluate_round 10: strategy sampled 100 clients (out of 100)
[2026-01-13 00:24:13,533][flwr][DEBUG] - evaluate_round 10 received 100 results and 0 failures
[2026-01-13 00:24:13,533][flwr][DEBUG] - fit_round 11: strategy sampled 100 clients (out of 100)
[2026-01-13 00:24:14,062][flwr][DEBUG] - fit_round 11 received 100 results and 0 failures
[2026-01-13 00:24:14,267][flwr][INFO] - fit progress: (11, 59.15172153711319, {'accuracy': 0.56, 'adaptive_mu': 0.29945873399799633}, 16.01145879199612)
[2026-01-13 00:24:14,267][flwr][DEBUG] - evaluate_round 11: strategy sampled 100 clients (out of 100)
[2026-01-13 00:24:14,642][flwr][DEBUG] - evaluate_round 11 received 100 results and 0 failures
[2026-01-13 00:24:14,642][flwr][DEBUG] - fit_round 12: strategy sampled 100 clients (out of 100)
[2026-01-13 00:24:15,251][flwr][DEBUG] - fit_round 12 received 100 results and 0 failures
[2026-01-13 00:24:15,334][flwr][INFO] - fit progress: (12, 57.76174575090408, {'accuracy': 0.576, 'adaptive_mu': 0.30564790688286775}, 17.07830749999266)
[2026-01-13 00:24:15,334][flwr][DEBUG] - evaluate_round 12: strategy sampled 100 clients (out of 100)
[2026-01-13 00:24:15,731][flwr][DEBUG] - evaluate_round 12 received 100 results and 0 failures
[2026-01-13 00:24:15,732][flwr][DEBUG] - fit_round 13: strategy sampled 100 clients (out of 100)
[2026-01-13 00:24:16,303][flwr][DEBUG] - fit_round 13 received 100 results and 0 failures
[2026-01-13 00:24:16,386][flwr][INFO] - fit progress: (13, 56.486555099487305, {'accuracy': 0.5805, 'adaptive_mu': 0.31073572082254447}, 18.130206917005125)
[2026-01-13 00:24:16,386][flwr][DEBUG] - evaluate_round 13: strategy sampled 100 clients (out of 100)
[2026-01-13 00:24:16,781][flwr][DEBUG] - evaluate_round 13 received 100 results and 0 failures
[2026-01-13 00:24:16,782][flwr][DEBUG] - fit_round 14: strategy sampled 100 clients (out of 100)
[2026-01-13 00:24:17,323][flwr][DEBUG] - fit_round 14 received 100 results and 0 failures
[2026-01-13 00:24:17,405][flwr][INFO] - fit progress: (14, 55.270950973033905, {'accuracy': 0.587, 'adaptive_mu': 0.31487918836940954}, 19.1495472920069)
[2026-01-13 00:24:17,405][flwr][DEBUG] - evaluate_round 14: strategy sampled 100 clients (out of 100)
[2026-01-13 00:24:17,797][flwr][DEBUG] - evaluate_round 14 received 100 results and 0 failures
[2026-01-13 00:24:17,798][flwr][DEBUG] - fit_round 15: strategy sampled 100 clients (out of 100)
[2026-01-13 00:24:18,398][flwr][DEBUG] - fit_round 15 received 100 results and 0 failures
[2026-01-13 00:24:18,482][flwr][INFO] - fit progress: (15, 54.1969153881073, {'accuracy': 0.592, 'adaptive_mu': 0.31811152899959444}, 20.22621020898805)
[2026-01-13 00:24:18,482][flwr][DEBUG] - evaluate_round 15: strategy sampled 100 clients (out of 100)
[2026-01-13 00:24:18,929][flwr][DEBUG] - evaluate_round 15 received 100 results and 0 failures
[2026-01-13 00:24:18,930][flwr][DEBUG] - fit_round 16: strategy sampled 100 clients (out of 100)
[2026-01-13 00:24:19,498][flwr][DEBUG] - fit_round 16 received 100 results and 0 failures
[2026-01-13 00:24:19,583][flwr][INFO] - fit progress: (16, 53.299637377262115, {'accuracy': 0.5925, 'adaptive_mu': 0.32057106827827636}, 21.327232874988113)
[2026-01-13 00:24:19,583][flwr][DEBUG] - evaluate_round 16: strategy sampled 100 clients (out of 100)
[2026-01-13 00:24:19,952][flwr][DEBUG] - evaluate_round 16 received 100 results and 0 failures
[2026-01-13 00:24:19,952][flwr][DEBUG] - fit_round 17: strategy sampled 100 clients (out of 100)
[2026-01-13 00:24:20,519][flwr][DEBUG] - fit_round 17 received 100 results and 0 failures
[2026-01-13 00:24:20,603][flwr][INFO] - fit progress: (17, 52.536188185214996, {'accuracy': 0.5925, 'adaptive_mu': 0.3223590796008593}, 22.347867459000554)
[2026-01-13 00:24:20,604][flwr][DEBUG] - evaluate_round 17: strategy sampled 100 clients (out of 100)
[2026-01-13 00:24:20,965][flwr][DEBUG] - evaluate_round 17 received 100 results and 0 failures
[2026-01-13 00:24:20,966][flwr][DEBUG] - fit_round 18: strategy sampled 100 clients (out of 100)
[2026-01-13 00:24:21,524][flwr][DEBUG] - fit_round 18 received 100 results and 0 failures
[2026-01-13 00:24:21,606][flwr][INFO] - fit progress: (18, 51.916868686676025, {'accuracy': 0.5925, 'adaptive_mu': 0.32348462859825583}, 23.35090166699956)
[2026-01-13 00:24:21,607][flwr][DEBUG] - evaluate_round 18: strategy sampled 100 clients (out of 100)
[2026-01-13 00:24:21,972][flwr][DEBUG] - evaluate_round 18 received 100 results and 0 failures
[2026-01-13 00:24:21,972][flwr][DEBUG] - fit_round 19: strategy sampled 100 clients (out of 100)
[2026-01-13 00:24:22,521][flwr][DEBUG] - fit_round 19 received 100 results and 0 failures
[2026-01-13 00:24:22,609][flwr][INFO] - fit progress: (19, 51.36653310060501, {'accuracy': 0.5925, 'adaptive_mu': 0.32403391809488036}, 24.35340329198516)
[2026-01-13 00:24:22,609][flwr][DEBUG] - evaluate_round 19: strategy sampled 100 clients (out of 100)
[2026-01-13 00:24:22,984][flwr][DEBUG] - evaluate_round 19 received 100 results and 0 failures
[2026-01-13 00:24:22,984][flwr][DEBUG] - fit_round 20: strategy sampled 100 clients (out of 100)
[2026-01-13 00:24:23,577][flwr][DEBUG] - fit_round 20 received 100 results and 0 failures
[2026-01-13 00:24:23,658][flwr][INFO] - fit progress: (20, 50.97161066532135, {'accuracy': 0.5925, 'adaptive_mu': 0.3240984477754707}, 25.402604667004198)
[2026-01-13 00:24:23,658][flwr][DEBUG] - evaluate_round 20: strategy sampled 100 clients (out of 100)
[2026-01-13 00:24:24,017][flwr][DEBUG] - evaluate_round 20 received 100 results and 0 failures
[2026-01-13 00:24:24,018][flwr][DEBUG] - fit_round 21: strategy sampled 100 clients (out of 100)
[2026-01-13 00:24:24,567][flwr][DEBUG] - fit_round 21 received 100 results and 0 failures
[2026-01-13 00:24:24,659][flwr][INFO] - fit progress: (21, 50.61039060354233, {'accuracy': 0.5935, 'adaptive_mu': 0.3239312646598735}, 26.4034571670054)
[2026-01-13 00:24:24,659][flwr][DEBUG] - evaluate_round 21: strategy sampled 100 clients (out of 100)
[2026-01-13 00:24:25,068][flwr][DEBUG] - evaluate_round 21 received 100 results and 0 failures
[2026-01-13 00:24:25,069][flwr][DEBUG] - fit_round 22: strategy sampled 100 clients (out of 100)
[2026-01-13 00:24:25,605][flwr][DEBUG] - fit_round 22 received 100 results and 0 failures
[2026-01-13 00:24:25,688][flwr][INFO] - fit progress: (22, 50.26849013566971, {'accuracy': 0.595, 'adaptive_mu': 0.32359587289308506}, 27.432080458995188)
[2026-01-13 00:24:25,688][flwr][DEBUG] - evaluate_round 22: strategy sampled 100 clients (out of 100)
[2026-01-13 00:24:26,058][flwr][DEBUG] - evaluate_round 22 received 100 results and 0 failures
[2026-01-13 00:24:26,058][flwr][DEBUG] - fit_round 23: strategy sampled 100 clients (out of 100)
[2026-01-13 00:24:26,629][flwr][DEBUG] - fit_round 23 received 100 results and 0 failures
[2026-01-13 00:24:26,711][flwr][INFO] - fit progress: (23, 49.94085496664047, {'accuracy': 0.595, 'adaptive_mu': 0.3230357087322567}, 28.455723083985504)
[2026-01-13 00:24:26,712][flwr][DEBUG] - evaluate_round 23: strategy sampled 100 clients (out of 100)
[2026-01-13 00:24:27,081][flwr][DEBUG] - evaluate_round 23 received 100 results and 0 failures
[2026-01-13 00:24:27,081][flwr][DEBUG] - fit_round 24: strategy sampled 100 clients (out of 100)
[2026-01-13 00:24:27,723][flwr][DEBUG] - fit_round 24 received 100 results and 0 failures
[2026-01-13 00:24:27,807][flwr][INFO] - fit progress: (24, 49.708389937877655, {'accuracy': 0.5945, 'adaptive_mu': 0.3224087299263245}, 29.551117541996064)
[2026-01-13 00:24:27,807][flwr][DEBUG] - evaluate_round 24: strategy sampled 100 clients (out of 100)
[2026-01-13 00:24:28,243][flwr][DEBUG] - evaluate_round 24 received 100 results and 0 failures
[2026-01-13 00:24:28,244][flwr][DEBUG] - fit_round 25: strategy sampled 100 clients (out of 100)
[2026-01-13 00:24:28,855][flwr][DEBUG] - fit_round 25 received 100 results and 0 failures
[2026-01-13 00:24:28,939][flwr][INFO] - fit progress: (25, 49.520094096660614, {'accuracy': 0.5945, 'adaptive_mu': 0.32170531119231344}, 30.683451749995584)
[2026-01-13 00:24:28,939][flwr][DEBUG] - evaluate_round 25: strategy sampled 100 clients (out of 100)
[2026-01-13 00:24:29,309][flwr][DEBUG] - evaluate_round 25 received 100 results and 0 failures
[2026-01-13 00:24:29,309][flwr][DEBUG] - fit_round 26: strategy sampled 100 clients (out of 100)
[2026-01-13 00:24:29,828][flwr][DEBUG] - fit_round 26 received 100 results and 0 failures
[2026-01-13 00:24:29,910][flwr][INFO] - fit progress: (26, 49.331919610500336, {'accuracy': 0.595, 'adaptive_mu': 0.32094819232511196}, 31.654633792000823)
[2026-01-13 00:24:29,910][flwr][DEBUG] - evaluate_round 26: strategy sampled 100 clients (out of 100)
[2026-01-13 00:24:30,381][flwr][DEBUG] - evaluate_round 26 received 100 results and 0 failures
[2026-01-13 00:24:30,381][flwr][DEBUG] - fit_round 27: strategy sampled 100 clients (out of 100)
[2026-01-13 00:24:30,987][flwr][DEBUG] - fit_round 27 received 100 results and 0 failures
[2026-01-13 00:24:31,073][flwr][INFO] - fit progress: (27, 49.23962467908859, {'accuracy': 0.596, 'adaptive_mu': 0.3201044267925285}, 32.81707399999141)
[2026-01-13 00:24:31,073][flwr][DEBUG] - evaluate_round 27: strategy sampled 100 clients (out of 100)
[2026-01-13 00:24:31,477][flwr][DEBUG] - evaluate_round 27 received 100 results and 0 failures
[2026-01-13 00:24:31,478][flwr][DEBUG] - fit_round 28: strategy sampled 100 clients (out of 100)
[2026-01-13 00:24:32,011][flwr][DEBUG] - fit_round 28 received 100 results and 0 failures
[2026-01-13 00:24:32,093][flwr][INFO] - fit progress: (28, 49.02677962183952, {'accuracy': 0.5985, 'adaptive_mu': 0.3191357077570324}, 33.837320541992085)
[2026-01-13 00:24:32,093][flwr][DEBUG] - evaluate_round 28: strategy sampled 100 clients (out of 100)
[2026-01-13 00:24:32,507][flwr][DEBUG] - evaluate_round 28 received 100 results and 0 failures
[2026-01-13 00:24:32,507][flwr][DEBUG] - fit_round 29: strategy sampled 100 clients (out of 100)
[2026-01-13 00:24:33,047][flwr][DEBUG] - fit_round 29 received 100 results and 0 failures
[2026-01-13 00:24:33,237][flwr][INFO] - fit progress: (29, 48.938501447439194, {'accuracy': 0.599, 'adaptive_mu': 0.3182508132849594}, 34.981347666995134)
[2026-01-13 00:24:33,237][flwr][DEBUG] - evaluate_round 29: strategy sampled 100 clients (out of 100)
[2026-01-13 00:24:33,612][flwr][DEBUG] - evaluate_round 29 received 100 results and 0 failures
[2026-01-13 00:24:33,612][flwr][DEBUG] - fit_round 30: strategy sampled 100 clients (out of 100)
[2026-01-13 00:24:34,132][flwr][DEBUG] - fit_round 30 received 100 results and 0 failures
[2026-01-13 00:24:34,212][flwr][INFO] - fit progress: (30, 48.67534375190735, {'accuracy': 0.599, 'adaptive_mu': 0.3173125585148382}, 35.95684558400535)
[2026-01-13 00:24:34,213][flwr][DEBUG] - evaluate_round 30: strategy sampled 100 clients (out of 100)
[2026-01-13 00:24:34,571][flwr][DEBUG] - evaluate_round 30 received 100 results and 0 failures
[2026-01-13 00:24:34,572][flwr][DEBUG] - fit_round 31: strategy sampled 100 clients (out of 100)
[2026-01-13 00:24:35,136][flwr][DEBUG] - fit_round 31 received 100 results and 0 failures
[2026-01-13 00:24:35,218][flwr][INFO] - fit progress: (31, 48.60458296537399, {'accuracy': 0.5995, 'adaptive_mu': 0.31655768055642713}, 36.96288375000586)
[2026-01-13 00:24:35,219][flwr][DEBUG] - evaluate_round 31: strategy sampled 100 clients (out of 100)
[2026-01-13 00:24:35,585][flwr][DEBUG] - evaluate_round 31 received 100 results and 0 failures
[2026-01-13 00:24:35,585][flwr][DEBUG] - fit_round 32: strategy sampled 100 clients (out of 100)
[2026-01-13 00:24:36,114][flwr][DEBUG] - fit_round 32 received 100 results and 0 failures
[2026-01-13 00:24:36,194][flwr][INFO] - fit progress: (32, 48.565529853105545, {'accuracy': 0.5995, 'adaptive_mu': 0.31583980060267797}, 37.93841891697957)
[2026-01-13 00:24:36,194][flwr][DEBUG] - evaluate_round 32: strategy sampled 100 clients (out of 100)
[2026-01-13 00:24:36,549][flwr][DEBUG] - evaluate_round 32 received 100 results and 0 failures
[2026-01-13 00:24:36,550][flwr][DEBUG] - fit_round 33: strategy sampled 100 clients (out of 100)
[2026-01-13 00:24:37,097][flwr][DEBUG] - fit_round 33 received 100 results and 0 failures
[2026-01-13 00:24:37,178][flwr][INFO] - fit progress: (33, 48.49421367049217, {'accuracy': 0.599, 'adaptive_mu': 0.3150772227170733}, 38.92258508398663)
[2026-01-13 00:24:37,178][flwr][DEBUG] - evaluate_round 33: strategy sampled 100 clients (out of 100)
[2026-01-13 00:24:37,540][flwr][DEBUG] - evaluate_round 33 received 100 results and 0 failures
[2026-01-13 00:24:37,541][flwr][DEBUG] - fit_round 34: strategy sampled 100 clients (out of 100)
[2026-01-13 00:24:38,075][flwr][DEBUG] - fit_round 34 received 100 results and 0 failures
[2026-01-13 00:24:38,158][flwr][INFO] - fit progress: (34, 48.3236625790596, {'accuracy': 0.601, 'adaptive_mu': 0.3141570408821073}, 39.90276158400229)
[2026-01-13 00:24:38,159][flwr][DEBUG] - evaluate_round 34: strategy sampled 100 clients (out of 100)
[2026-01-13 00:24:38,545][flwr][DEBUG] - evaluate_round 34 received 100 results and 0 failures
[2026-01-13 00:24:38,546][flwr][DEBUG] - fit_round 35: strategy sampled 100 clients (out of 100)
[2026-01-13 00:24:39,128][flwr][DEBUG] - fit_round 35 received 100 results and 0 failures
[2026-01-13 00:24:39,208][flwr][INFO] - fit progress: (35, 48.30763351917267, {'accuracy': 0.6005, 'adaptive_mu': 0.3133713265441519}, 40.95287195898709)
[2026-01-13 00:24:39,209][flwr][DEBUG] - evaluate_round 35: strategy sampled 100 clients (out of 100)
[2026-01-13 00:24:39,574][flwr][DEBUG] - evaluate_round 35 received 100 results and 0 failures
[2026-01-13 00:24:39,575][flwr][DEBUG] - fit_round 36: strategy sampled 100 clients (out of 100)
[2026-01-13 00:24:40,153][flwr][DEBUG] - fit_round 36 received 100 results and 0 failures
[2026-01-13 00:24:40,242][flwr][INFO] - fit progress: (36, 48.109515726566315, {'accuracy': 0.6, 'adaptive_mu': 0.31254484700786866}, 41.986085499986075)
[2026-01-13 00:24:40,242][flwr][DEBUG] - evaluate_round 36: strategy sampled 100 clients (out of 100)
[2026-01-13 00:24:40,614][flwr][DEBUG] - evaluate_round 36 received 100 results and 0 failures
[2026-01-13 00:24:40,615][flwr][DEBUG] - fit_round 37: strategy sampled 100 clients (out of 100)
[2026-01-13 00:24:41,279][flwr][DEBUG] - fit_round 37 received 100 results and 0 failures
[2026-01-13 00:24:41,366][flwr][INFO] - fit progress: (37, 48.070578902959824, {'accuracy': 0.6005, 'adaptive_mu': 0.31189278602092696}, 43.11017820899724)
[2026-01-13 00:24:41,366][flwr][DEBUG] - evaluate_round 37: strategy sampled 100 clients (out of 100)
[2026-01-13 00:24:41,757][flwr][DEBUG] - evaluate_round 37 received 100 results and 0 failures
[2026-01-13 00:24:41,758][flwr][DEBUG] - fit_round 38: strategy sampled 100 clients (out of 100)
[2026-01-13 00:24:42,384][flwr][DEBUG] - fit_round 38 received 100 results and 0 failures
[2026-01-13 00:24:42,466][flwr][INFO] - fit progress: (38, 47.929931342601776, {'accuracy': 0.6005, 'adaptive_mu': 0.3110925438950377}, 44.21040024998365)
[2026-01-13 00:24:42,466][flwr][DEBUG] - evaluate_round 38: strategy sampled 100 clients (out of 100)
[2026-01-13 00:24:42,922][flwr][DEBUG] - evaluate_round 38 received 100 results and 0 failures
[2026-01-13 00:24:42,923][flwr][DEBUG] - fit_round 39: strategy sampled 100 clients (out of 100)
[2026-01-13 00:24:43,545][flwr][DEBUG] - fit_round 39 received 100 results and 0 failures
[2026-01-13 00:24:43,632][flwr][INFO] - fit progress: (39, 47.777607560157776, {'accuracy': 0.6, 'adaptive_mu': 0.3103487793551988}, 45.37662654198357)
[2026-01-13 00:24:43,632][flwr][DEBUG] - evaluate_round 39: strategy sampled 100 clients (out of 100)
[2026-01-13 00:24:44,024][flwr][DEBUG] - evaluate_round 39 received 100 results and 0 failures
[2026-01-13 00:24:44,024][flwr][DEBUG] - fit_round 40: strategy sampled 100 clients (out of 100)
[2026-01-13 00:24:44,608][flwr][DEBUG] - fit_round 40 received 100 results and 0 failures
[2026-01-13 00:24:44,692][flwr][INFO] - fit progress: (40, 47.61558735370636, {'accuracy': 0.6, 'adaptive_mu': 0.3096449285211752}, 46.43663874999038)
[2026-01-13 00:24:44,692][flwr][DEBUG] - evaluate_round 40: strategy sampled 100 clients (out of 100)
[2026-01-13 00:24:45,182][flwr][DEBUG] - evaluate_round 40 received 100 results and 0 failures
[2026-01-13 00:24:45,182][flwr][DEBUG] - fit_round 41: strategy sampled 100 clients (out of 100)
[2026-01-13 00:24:45,720][flwr][DEBUG] - fit_round 41 received 100 results and 0 failures
[2026-01-13 00:24:45,803][flwr][INFO] - fit progress: (41, 47.74035397171974, {'accuracy': 0.6, 'adaptive_mu': 0.3090993930411989}, 47.547269458998926)
[2026-01-13 00:24:45,803][flwr][DEBUG] - evaluate_round 41: strategy sampled 100 clients (out of 100)
[2026-01-13 00:24:46,183][flwr][DEBUG] - evaluate_round 41 received 100 results and 0 failures
[2026-01-13 00:24:46,184][flwr][DEBUG] - fit_round 42: strategy sampled 100 clients (out of 100)
[2026-01-13 00:24:46,889][flwr][DEBUG] - fit_round 42 received 100 results and 0 failures
[2026-01-13 00:24:46,984][flwr][INFO] - fit progress: (42, 47.63663858175278, {'accuracy': 0.599, 'adaptive_mu': 0.3085184115880647}, 48.72880724997958)
[2026-01-13 00:24:46,985][flwr][DEBUG] - evaluate_round 42: strategy sampled 100 clients (out of 100)
[2026-01-13 00:24:47,373][flwr][DEBUG] - evaluate_round 42 received 100 results and 0 failures
[2026-01-13 00:24:47,373][flwr][DEBUG] - fit_round 43: strategy sampled 100 clients (out of 100)
[2026-01-13 00:24:47,954][flwr][DEBUG] - fit_round 43 received 100 results and 0 failures
[2026-01-13 00:24:48,041][flwr][INFO] - fit progress: (43, 47.67015951871872, {'accuracy': 0.599, 'adaptive_mu': 0.3077117957655963}, 49.785068958997726)
[2026-01-13 00:24:48,041][flwr][DEBUG] - evaluate_round 43: strategy sampled 100 clients (out of 100)
[2026-01-13 00:24:48,403][flwr][DEBUG] - evaluate_round 43 received 100 results and 0 failures
[2026-01-13 00:24:48,404][flwr][DEBUG] - fit_round 44: strategy sampled 100 clients (out of 100)
[2026-01-13 00:24:49,072][flwr][DEBUG] - fit_round 44 received 100 results and 0 failures
[2026-01-13 00:24:49,154][flwr][INFO] - fit progress: (44, 47.457132786512375, {'accuracy': 0.5985, 'adaptive_mu': 0.3067581222721426}, 50.8982931250066)
[2026-01-13 00:24:49,154][flwr][DEBUG] - evaluate_round 44: strategy sampled 100 clients (out of 100)
[2026-01-13 00:24:49,587][flwr][DEBUG] - evaluate_round 44 received 100 results and 0 failures
[2026-01-13 00:24:49,588][flwr][DEBUG] - fit_round 45: strategy sampled 100 clients (out of 100)
[2026-01-13 00:24:50,214][flwr][DEBUG] - fit_round 45 received 100 results and 0 failures
[2026-01-13 00:24:50,298][flwr][INFO] - fit progress: (45, 47.525118708610535, {'accuracy': 0.599, 'adaptive_mu': 0.3060079029904068}, 52.04242704200442)
[2026-01-13 00:24:50,298][flwr][DEBUG] - evaluate_round 45: strategy sampled 100 clients (out of 100)
[2026-01-13 00:24:50,722][flwr][DEBUG] - evaluate_round 45 received 100 results and 0 failures
[2026-01-13 00:24:50,723][flwr][DEBUG] - fit_round 46: strategy sampled 100 clients (out of 100)
[2026-01-13 00:24:51,289][flwr][DEBUG] - fit_round 46 received 100 results and 0 failures
[2026-01-13 00:24:51,371][flwr][INFO] - fit progress: (46, 47.4755834043026, {'accuracy': 0.5985, 'adaptive_mu': 0.30538878525942154}, 53.11561645899201)
[2026-01-13 00:24:51,371][flwr][DEBUG] - evaluate_round 46: strategy sampled 100 clients (out of 100)
[2026-01-13 00:24:51,744][flwr][DEBUG] - evaluate_round 46 received 100 results and 0 failures
[2026-01-13 00:24:51,745][flwr][DEBUG] - fit_round 47: strategy sampled 100 clients (out of 100)
[2026-01-13 00:24:52,273][flwr][DEBUG] - fit_round 47 received 100 results and 0 failures
[2026-01-13 00:24:52,356][flwr][INFO] - fit progress: (47, 47.46470955014229, {'accuracy': 0.5985, 'adaptive_mu': 0.3045782376798058}, 54.100831999996444)
[2026-01-13 00:24:52,357][flwr][DEBUG] - evaluate_round 47: strategy sampled 100 clients (out of 100)
[2026-01-13 00:24:52,755][flwr][DEBUG] - evaluate_round 47 received 100 results and 0 failures
[2026-01-13 00:24:52,756][flwr][DEBUG] - fit_round 48: strategy sampled 100 clients (out of 100)
[2026-01-13 00:24:53,357][flwr][DEBUG] - fit_round 48 received 100 results and 0 failures
[2026-01-13 00:24:53,441][flwr][INFO] - fit progress: (48, 47.07717543840408, {'accuracy': 0.5995, 'adaptive_mu': 0.3037978065482946}, 55.185781834006775)
[2026-01-13 00:24:53,442][flwr][DEBUG] - evaluate_round 48: strategy sampled 100 clients (out of 100)
[2026-01-13 00:24:53,820][flwr][DEBUG] - evaluate_round 48 received 100 results and 0 failures
[2026-01-13 00:24:53,821][flwr][DEBUG] - fit_round 49: strategy sampled 100 clients (out of 100)
[2026-01-13 00:24:54,364][flwr][DEBUG] - fit_round 49 received 100 results and 0 failures
[2026-01-13 00:24:54,449][flwr][INFO] - fit progress: (49, 47.1655678153038, {'accuracy': 0.5985, 'adaptive_mu': 0.30343740774474154}, 56.19390829198528)
[2026-01-13 00:24:54,450][flwr][DEBUG] - evaluate_round 49: strategy sampled 100 clients (out of 100)
[2026-01-13 00:24:54,857][flwr][DEBUG] - evaluate_round 49 received 100 results and 0 failures
[2026-01-13 00:24:54,857][flwr][DEBUG] - fit_round 50: strategy sampled 100 clients (out of 100)
[2026-01-13 00:24:55,415][flwr][DEBUG] - fit_round 50 received 100 results and 0 failures
[2026-01-13 00:24:55,496][flwr][INFO] - fit progress: (50, 47.16673654317856, {'accuracy': 0.5985, 'adaptive_mu': 0.30283389216072953}, 57.240057749993866)
[2026-01-13 00:24:55,496][flwr][DEBUG] - evaluate_round 50: strategy sampled 100 clients (out of 100)
[2026-01-13 00:24:55,860][flwr][DEBUG] - evaluate_round 50 received 100 results and 0 failures
[2026-01-13 00:24:55,861][flwr][INFO] - FL finished in 57.60519845900126
[2026-01-13 00:24:55,861][flwr][INFO] - app_fit: losses_distributed [(1, 1.0517329406819653), (2, 1.041953101093045), (3, 1.041160403393777), (4, 1.0414360994229408), (5, 1.0380925901988531), (6, 1.0304638235845665), (7, 1.0193672116773798), (8, 1.005030581483933), (9, 0.9872162489896477), (10, 0.9673324396857087), (11, 0.9458074650226057), (12, 0.9237266241215737), (13, 0.9034407055249122), (14, 0.8840420292573848), (15, 0.8668771037266116), (16, 0.8524775309096153), (17, 0.8401280552386152), (18, 0.8300671275531337), (19, 0.8211318015781007), (20, 0.8147423550978184), (21, 0.8088947113124448), (22, 0.8034462020462283), (23, 0.7982100731649767), (24, 0.7945218156256095), (25, 0.7915685008003444), (26, 0.7886678185038464), (27, 0.7873268181010996), (28, 0.7840180099349515), (29, 0.7827688037026864), (30, 0.7786839659981625), (31, 0.7776549301524482), (32, 0.7771621552445376), (33, 0.7762156052597554), (34, 0.7736502348088296), (35, 0.7735076550907107), (36, 0.7704568726516015), (37, 0.7699362598656252), (38, 0.7677101676645811), (39, 0.7654082963796199), (40, 0.7628222030923364), (41, 0.764939892753128), (42, 0.7633404052976319), (43, 0.7640963642094051), (44, 0.7606717121445142), (45, 0.7618348078380537), (46, 0.7611284657244797), (47, 0.7610780338887062), (48, 0.754830346969343), (49, 0.7562914403225375), (50, 0.7564356720691655)]
[2026-01-13 00:24:55,861][flwr][INFO] - app_fit: metrics_distributed_fit {'adaptive_mu': [(1, 0.1), (2, 0.1), (3, 0.1), (4, 0.16030780226256253), (5, 0.203156405853256), (6, 0.2329326804895278), (7, 0.25429450207650406), (8, 0.2700719300743933), (9, 0.2822988469934883), (10, 0.2919023160056047), (11, 0.29945873399799633), (12, 0.30564790688286775), (13, 0.31073572082254447), (14, 0.31487918836940954), (15, 0.31811152899959444), (16, 0.32057106827827636), (17, 0.3223590796008593), (18, 0.32348462859825583), (19, 0.32403391809488036), (20, 0.3240984477754707), (21, 0.3239312646598735), (22, 0.32359587289308506), (23, 0.3230357087322567), (24, 0.3224087299263245), (25, 0.32170531119231344), (26, 0.32094819232511196), (27, 0.3201044267925285), (28, 0.3191357077570324), (29, 0.3182508132849594), (30, 0.3173125585148382), (31, 0.31655768055642713), (32, 0.31583980060267797), (33, 0.3150772227170733), (34, 0.3141570408821073), (35, 0.3133713265441519), (36, 0.31254484700786866), (37, 0.31189278602092696), (38, 0.3110925438950377), (39, 0.3103487793551988), (40, 0.3096449285211752), (41, 0.3090993930411989), (42, 0.3085184115880647), (43, 0.3077117957655963), (44, 0.3067581222721426), (45, 0.3060079029904068), (46, 0.30538878525942154), (47, 0.3045782376798058), (48, 0.3037978065482946), (49, 0.30343740774474154), (50, 0.30283389216072953)], 'gradient_divergence': [(1, 0.8148311871639453), (2, 0.8653339515766129), (3, 0.9091833385033533), (4, 0.9541964104538784), (5, 0.9757232593046501), (6, 1.000594957373105), (7, 1.0217843593796716), (8, 1.0386004699021578), (9, 1.064564016647637), (10, 1.0854216519370674), (11, 1.1001178033743053), (12, 1.1188379490096123), (13, 1.1351572349946946), (14, 1.1509230962488801), (15, 1.162318942900747), (16, 1.174336522500962), (17, 1.1862775046750904), (18, 1.1927266043890268), (19, 1.1970970675442367), (20, 1.196965043814853), (21, 1.2005423397012054), (22, 1.202272107983008), (23, 1.1966043350286781), (24, 1.1922076754458248), (25, 1.1848562542814762), (26, 1.1786508697271347), (27, 1.1706240761000664), (28, 1.1608498714119195), (29, 1.1540283099934459), (30, 1.1431622915714978), (31, 1.1375581086892634), (32, 1.1300580537505447), (33, 1.1234790171310305), (34, 1.1110975349135697), (35, 1.1081430690456182), (36, 1.0975800032354892), (37, 1.0922020354028792), (38, 1.0799200202524661), (39, 1.073632894922048), (40, 1.0650627103168517), (41, 1.062715985979885), (42, 1.0574507076200097), (43, 1.0464450236503036), (44, 1.0363646118529142), (45, 1.0314185072574764), (46, 1.0276681003719568), (47, 1.0159493207093329), (48, 1.0092157134693116), (49, 1.0100623348914086), (50, 0.9971819957531989)], 'avg_label_entropy': [(1, 0.6811522277531928), (2, 0.681152227753193), (3, 0.6811522277531928), (4, 0.6811522277531928), (5, 0.6811522277531927), (6, 0.6811522277531928), (7, 0.6811522277531928), (8, 0.681152227753193), (9, 0.6811522277531928), (10, 0.6811522277531928), (11, 0.6811522277531928), (12, 0.6811522277531928), (13, 0.6811522277531927), (14, 0.681152227753193), (15, 0.6811522277531928), (16, 0.6811522277531928), (17, 0.6811522277531927), (18, 0.681152227753193), (19, 0.6811522277531928), (20, 0.681152227753193), (21, 0.6811522277531928), (22, 0.6811522277531927), (23, 0.6811522277531928), (24, 0.6811522277531927), (25, 0.6811522277531927), (26, 0.6811522277531928), (27, 0.6811522277531928), (28, 0.6811522277531928), (29, 0.6811522277531928), (30, 0.6811522277531928), (31, 0.6811522277531928), (32, 0.6811522277531928), (33, 0.6811522277531928), (34, 0.6811522277531927), (35, 0.681152227753193), (36, 0.6811522277531928), (37, 0.681152227753193), (38, 0.681152227753193), (39, 0.6811522277531928), (40, 0.6811522277531928), (41, 0.6811522277531928), (42, 0.681152227753193), (43, 0.6811522277531928), (44, 0.6811522277531928), (45, 0.6811522277531928), (46, 0.6811522277531927), (47, 0.6811522277531928), (48, 0.681152227753193), (49, 0.681152227753193), (50, 0.681152227753193)], 'avg_feature_variance': [(1, 0.9265728816390038), (2, 0.9265729030966758), (3, 0.9265728893876076), (4, 0.9265729001164437), (5, 0.9265728926658631), (6, 0.9265728926658631), (7, 0.9265728974342347), (8, 0.9265728947520256), (9, 0.9265728944540024), (10, 0.9265729036927223), (11, 0.9265728893876076), (12, 0.9265728953480721), (13, 0.926572887301445), (14, 0.9265728941559792), (15, 0.9265729042887688), (16, 0.9265728983283043), (17, 0.9265728959441185), (18, 0.9265728878974915), (19, 0.9265728983283043), (20, 0.9265729075670243), (21, 0.9265729027986527), (22, 0.9265729084610939), (23, 0.9265728956460952), (24, 0.9265728950500488), (25, 0.9265728983283043), (26, 0.9265728986263275), (27, 0.9265728822350502), (28, 0.9265729057788848), (29, 0.9265728852152825), (30, 0.9265728944540024), (31, 0.9265729016065598), (32, 0.9265729016065598), (33, 0.9265728953480721), (34, 0.9265729025006294), (35, 0.9265728983283043), (36, 0.9265728998184204), (37, 0.9265728950500488), (38, 0.9265729022026062), (39, 0.9265728950500488), (40, 0.9265728917717934), (41, 0.9265728896856308), (42, 0.9265729013085365), (43, 0.9265728926658631), (44, 0.9265729027986527), (45, 0.9265728938579559), (46, 0.9265728974342347), (47, 0.9265728864073753), (48, 0.9265728905797005), (49, 0.9265729030966758), (50, 0.9265729004144668)]}
[2026-01-13 00:24:55,862][flwr][INFO] - app_fit: metrics_distributed {}
[2026-01-13 00:24:55,862][flwr][INFO] - app_fit: losses_centralized [(0, 68.07474291324615), (1, 66.05937314033508), (2, 65.30991500616074), (3, 65.16870427131653), (4, 65.13750666379929), (5, 64.91936975717545), (6, 64.4404149055481), (7, 63.74646723270416), (8, 62.850149631500244), (9, 61.741275906562805), (10, 60.50270199775696), (11, 59.15172153711319), (12, 57.76174575090408), (13, 56.486555099487305), (14, 55.270950973033905), (15, 54.1969153881073), (16, 53.299637377262115), (17, 52.536188185214996), (18, 51.916868686676025), (19, 51.36653310060501), (20, 50.97161066532135), (21, 50.61039060354233), (22, 50.26849013566971), (23, 49.94085496664047), (24, 49.708389937877655), (25, 49.520094096660614), (26, 49.331919610500336), (27, 49.23962467908859), (28, 49.02677962183952), (29, 48.938501447439194), (30, 48.67534375190735), (31, 48.60458296537399), (32, 48.565529853105545), (33, 48.49421367049217), (34, 48.3236625790596), (35, 48.30763351917267), (36, 48.109515726566315), (37, 48.070578902959824), (38, 47.929931342601776), (39, 47.777607560157776), (40, 47.61558735370636), (41, 47.74035397171974), (42, 47.63663858175278), (43, 47.67015951871872), (44, 47.457132786512375), (45, 47.525118708610535), (46, 47.4755834043026), (47, 47.46470955014229), (48, 47.07717543840408), (49, 47.1655678153038), (50, 47.16673654317856)]
[2026-01-13 00:24:55,862][flwr][INFO] - app_fit: metrics_centralized {'accuracy': [(0, 0.507), (1, 0.507), (2, 0.507), (3, 0.507), (4, 0.507), (5, 0.507), (6, 0.508), (7, 0.5085), (8, 0.5165), (9, 0.5225), (10, 0.5385), (11, 0.56), (12, 0.576), (13, 0.5805), (14, 0.587), (15, 0.592), (16, 0.5925), (17, 0.5925), (18, 0.5925), (19, 0.5925), (20, 0.5925), (21, 0.5935), (22, 0.595), (23, 0.595), (24, 0.5945), (25, 0.5945), (26, 0.595), (27, 0.596), (28, 0.5985), (29, 0.599), (30, 0.599), (31, 0.5995), (32, 0.5995), (33, 0.599), (34, 0.601), (35, 0.6005), (36, 0.6), (37, 0.6005), (38, 0.6005), (39, 0.6), (40, 0.6), (41, 0.6), (42, 0.599), (43, 0.599), (44, 0.5985), (45, 0.599), (46, 0.5985), (47, 0.5985), (48, 0.5995), (49, 0.5985), (50, 0.5985)], 'adaptive_mu': [(0, 0.1), (1, 0.1), (2, 0.1), (3, 0.1), (4, 0.16030780226256253), (5, 0.203156405853256), (6, 0.2329326804895278), (7, 0.25429450207650406), (8, 0.2700719300743933), (9, 0.2822988469934883), (10, 0.2919023160056047), (11, 0.29945873399799633), (12, 0.30564790688286775), (13, 0.31073572082254447), (14, 0.31487918836940954), (15, 0.31811152899959444), (16, 0.32057106827827636), (17, 0.3223590796008593), (18, 0.32348462859825583), (19, 0.32403391809488036), (20, 0.3240984477754707), (21, 0.3239312646598735), (22, 0.32359587289308506), (23, 0.3230357087322567), (24, 0.3224087299263245), (25, 0.32170531119231344), (26, 0.32094819232511196), (27, 0.3201044267925285), (28, 0.3191357077570324), (29, 0.3182508132849594), (30, 0.3173125585148382), (31, 0.31655768055642713), (32, 0.31583980060267797), (33, 0.3150772227170733), (34, 0.3141570408821073), (35, 0.3133713265441519), (36, 0.31254484700786866), (37, 0.31189278602092696), (38, 0.3110925438950377), (39, 0.3103487793551988), (40, 0.3096449285211752), (41, 0.3090993930411989), (42, 0.3085184115880647), (43, 0.3077117957655963), (44, 0.3067581222721426), (45, 0.3060079029904068), (46, 0.30538878525942154), (47, 0.3045782376798058), (48, 0.3037978065482946), (49, 0.30343740774474154), (50, 0.30283389216072953)]}
[2026-01-13 00:24:55,901][flwr][INFO] - Starting Flower simulation, config: ServerConfig(num_rounds=50, round_timeout=None)
[2026-01-13 00:25:03,147][flwr][INFO] - Flower VCE: Ray initialized with resources: {'object_store_memory': 2147483648.0, 'CPU': 10.0, 'memory': 12432707584.0, 'node:127.0.0.1': 1.0}
[2026-01-13 00:25:03,149][flwr][INFO] - Initializing global parameters
[2026-01-13 00:25:03,149][flwr][INFO] - Using initial parameters provided by strategy
[2026-01-13 00:25:03,149][flwr][INFO] - Evaluating initial parameters
[2026-01-13 00:25:03,176][flwr][INFO] - initial parameters (loss, other metrics): 68.07474291324615, {'accuracy': 0.507}
[2026-01-13 00:25:03,176][flwr][INFO] - FL starting
[2026-01-13 00:25:03,178][flwr][DEBUG] - fit_round 1: strategy sampled 10 clients (out of 100)
[2026-01-13 00:25:07,794][flwr][DEBUG] - fit_round 1 received 10 results and 0 failures
[2026-01-13 00:25:07,822][flwr][INFO] - fit progress: (1, 66.2714415192604, {'accuracy': 0.507}, 4.645941708993632)
[2026-01-13 00:25:07,822][flwr][INFO] - evaluate_round 1: no clients selected, cancel
[2026-01-13 00:25:07,823][flwr][DEBUG] - fit_round 2: strategy sampled 10 clients (out of 100)
[2026-01-13 00:25:07,961][flwr][DEBUG] - fit_round 2 received 10 results and 0 failures
[2026-01-13 00:25:07,986][flwr][INFO] - fit progress: (2, 75.7329877614975, {'accuracy': 0.144}, 4.810011833993485)
[2026-01-13 00:25:07,986][flwr][INFO] - evaluate_round 2: no clients selected, cancel
[2026-01-13 00:25:07,987][flwr][DEBUG] - fit_round 3: strategy sampled 10 clients (out of 100)
[2026-01-13 00:25:08,103][flwr][DEBUG] - fit_round 3 received 10 results and 0 failures
[2026-01-13 00:25:08,127][flwr][INFO] - fit progress: (3, 65.07135713100433, {'accuracy': 0.507}, 4.951225750002777)
[2026-01-13 00:25:08,127][flwr][INFO] - evaluate_round 3: no clients selected, cancel
[2026-01-13 00:25:08,128][flwr][DEBUG] - fit_round 4: strategy sampled 10 clients (out of 100)
[2026-01-13 00:25:08,268][flwr][DEBUG] - fit_round 4 received 10 results and 0 failures
[2026-01-13 00:25:08,303][flwr][INFO] - fit progress: (4, 71.7103146314621, {'accuracy': 0.1075}, 5.126941916998476)
[2026-01-13 00:25:08,303][flwr][INFO] - evaluate_round 4: no clients selected, cancel
[2026-01-13 00:25:08,304][flwr][DEBUG] - fit_round 5: strategy sampled 10 clients (out of 100)
[2026-01-13 00:25:08,455][flwr][DEBUG] - fit_round 5 received 10 results and 0 failures
[2026-01-13 00:25:08,481][flwr][INFO] - fit progress: (5, 65.56130158901215, {'accuracy': 0.507}, 5.304594999994151)
[2026-01-13 00:25:08,481][flwr][INFO] - evaluate_round 5: no clients selected, cancel
[2026-01-13 00:25:08,481][flwr][DEBUG] - fit_round 6: strategy sampled 10 clients (out of 100)
[2026-01-13 00:25:08,658][flwr][DEBUG] - fit_round 6 received 10 results and 0 failures
[2026-01-13 00:25:08,684][flwr][INFO] - fit progress: (6, 72.53142023086548, {'accuracy': 0.144}, 5.508425666979747)
[2026-01-13 00:25:08,685][flwr][INFO] - evaluate_round 6: no clients selected, cancel
[2026-01-13 00:25:08,685][flwr][DEBUG] - fit_round 7: strategy sampled 10 clients (out of 100)
[2026-01-13 00:25:08,839][flwr][DEBUG] - fit_round 7 received 10 results and 0 failures
[2026-01-13 00:25:08,863][flwr][INFO] - fit progress: (7, 68.10196924209595, {'accuracy': 0.507}, 5.686767791979946)
[2026-01-13 00:25:08,863][flwr][INFO] - evaluate_round 7: no clients selected, cancel
[2026-01-13 00:25:08,863][flwr][DEBUG] - fit_round 8: strategy sampled 10 clients (out of 100)
[2026-01-13 00:25:09,019][flwr][DEBUG] - fit_round 8 received 10 results and 0 failures
[2026-01-13 00:25:09,053][flwr][INFO] - fit progress: (8, 66.14399540424347, {'accuracy': 0.507}, 5.876907792000566)
[2026-01-13 00:25:09,053][flwr][INFO] - evaluate_round 8: no clients selected, cancel
[2026-01-13 00:25:09,054][flwr][DEBUG] - fit_round 9: strategy sampled 10 clients (out of 100)
[2026-01-13 00:25:09,219][flwr][DEBUG] - fit_round 9 received 10 results and 0 failures
[2026-01-13 00:25:09,243][flwr][INFO] - fit progress: (9, 71.43153405189514, {'accuracy': 0.248}, 6.0672642499848735)
[2026-01-13 00:25:09,243][flwr][INFO] - evaluate_round 9: no clients selected, cancel
[2026-01-13 00:25:09,244][flwr][DEBUG] - fit_round 10: strategy sampled 10 clients (out of 100)
[2026-01-13 00:25:09,493][flwr][DEBUG] - fit_round 10 received 10 results and 0 failures
[2026-01-13 00:25:09,518][flwr][INFO] - fit progress: (10, 68.49837917089462, {'accuracy': 0.507}, 6.342017708986532)
[2026-01-13 00:25:09,518][flwr][INFO] - evaluate_round 10: no clients selected, cancel
[2026-01-13 00:25:09,519][flwr][DEBUG] - fit_round 11: strategy sampled 10 clients (out of 100)
[2026-01-13 00:25:09,694][flwr][DEBUG] - fit_round 11 received 10 results and 0 failures
[2026-01-13 00:25:09,720][flwr][INFO] - fit progress: (11, 75.34342169761658, {'accuracy': 0.507}, 6.544124624982942)
[2026-01-13 00:25:09,720][flwr][INFO] - evaluate_round 11: no clients selected, cancel
[2026-01-13 00:25:09,721][flwr][DEBUG] - fit_round 12: strategy sampled 10 clients (out of 100)
[2026-01-13 00:25:09,912][flwr][DEBUG] - fit_round 12 received 10 results and 0 failures
[2026-01-13 00:25:09,939][flwr][INFO] - fit progress: (12, 75.85582095384598, {'accuracy': 0.507}, 6.762597166991327)
[2026-01-13 00:25:09,939][flwr][INFO] - evaluate_round 12: no clients selected, cancel
[2026-01-13 00:25:09,939][flwr][DEBUG] - fit_round 13: strategy sampled 10 clients (out of 100)
[2026-01-13 00:25:10,133][flwr][DEBUG] - fit_round 13 received 10 results and 0 failures
[2026-01-13 00:25:10,159][flwr][INFO] - fit progress: (13, 97.47850620746613, {'accuracy': 0.507}, 6.982749833987327)
[2026-01-13 00:25:10,159][flwr][INFO] - evaluate_round 13: no clients selected, cancel
[2026-01-13 00:25:10,159][flwr][DEBUG] - fit_round 14: strategy sampled 10 clients (out of 100)
[2026-01-13 00:25:10,512][flwr][DEBUG] - fit_round 14 received 10 results and 0 failures
[2026-01-13 00:25:10,537][flwr][INFO] - fit progress: (14, 83.35660976171494, {'accuracy': 0.507}, 7.360868874995504)
[2026-01-13 00:25:10,537][flwr][INFO] - evaluate_round 14: no clients selected, cancel
[2026-01-13 00:25:10,538][flwr][DEBUG] - fit_round 15: strategy sampled 10 clients (out of 100)
[2026-01-13 00:25:10,725][flwr][DEBUG] - fit_round 15 received 10 results and 0 failures
[2026-01-13 00:25:10,756][flwr][INFO] - fit progress: (15, 103.7008844614029, {'accuracy': 0.507}, 7.579787208989728)
[2026-01-13 00:25:10,756][flwr][INFO] - evaluate_round 15: no clients selected, cancel
[2026-01-13 00:25:10,756][flwr][DEBUG] - fit_round 16: strategy sampled 10 clients (out of 100)
[2026-01-13 00:25:10,958][flwr][DEBUG] - fit_round 16 received 10 results and 0 failures
[2026-01-13 00:25:10,985][flwr][INFO] - fit progress: (16, 102.16022562980652, {'accuracy': 0.507}, 7.808654958993429)
[2026-01-13 00:25:10,985][flwr][INFO] - evaluate_round 16: no clients selected, cancel
[2026-01-13 00:25:10,985][flwr][DEBUG] - fit_round 17: strategy sampled 10 clients (out of 100)
[2026-01-13 00:25:11,180][flwr][DEBUG] - fit_round 17 received 10 results and 0 failures
[2026-01-13 00:25:11,205][flwr][INFO] - fit progress: (17, 104.59228277206421, {'accuracy': 0.507}, 8.029266917001223)
[2026-01-13 00:25:11,205][flwr][INFO] - evaluate_round 17: no clients selected, cancel
[2026-01-13 00:25:11,206][flwr][DEBUG] - fit_round 18: strategy sampled 10 clients (out of 100)
[2026-01-13 00:25:11,400][flwr][DEBUG] - fit_round 18 received 10 results and 0 failures
[2026-01-13 00:25:11,426][flwr][INFO] - fit progress: (18, 110.88677883148193, {'accuracy': 0.507}, 8.249821125005838)
[2026-01-13 00:25:11,426][flwr][INFO] - evaluate_round 18: no clients selected, cancel
[2026-01-13 00:25:11,426][flwr][DEBUG] - fit_round 19: strategy sampled 10 clients (out of 100)
[2026-01-13 00:25:11,639][flwr][DEBUG] - fit_round 19 received 10 results and 0 failures
[2026-01-13 00:25:11,668][flwr][INFO] - fit progress: (19, 110.91728889942169, {'accuracy': 0.507}, 8.491480333992513)
[2026-01-13 00:25:11,668][flwr][INFO] - evaluate_round 19: no clients selected, cancel
[2026-01-13 00:25:11,668][flwr][DEBUG] - fit_round 20: strategy sampled 10 clients (out of 100)
[2026-01-13 00:25:11,869][flwr][DEBUG] - fit_round 20 received 10 results and 0 failures
[2026-01-13 00:25:11,893][flwr][INFO] - fit progress: (20, 129.258682847023, {'accuracy': 0.507}, 8.716863709007157)
[2026-01-13 00:25:11,893][flwr][INFO] - evaluate_round 20: no clients selected, cancel
[2026-01-13 00:25:11,894][flwr][DEBUG] - fit_round 21: strategy sampled 10 clients (out of 100)
[2026-01-13 00:25:12,085][flwr][DEBUG] - fit_round 21 received 10 results and 0 failures
[2026-01-13 00:25:12,110][flwr][INFO] - fit progress: (21, 124.49229979515076, {'accuracy': 0.507}, 8.9343182919838)
[2026-01-13 00:25:12,111][flwr][INFO] - evaluate_round 21: no clients selected, cancel
[2026-01-13 00:25:12,111][flwr][DEBUG] - fit_round 22: strategy sampled 10 clients (out of 100)
[2026-01-13 00:25:12,303][flwr][DEBUG] - fit_round 22 received 10 results and 0 failures
[2026-01-13 00:25:12,327][flwr][INFO] - fit progress: (22, 105.34901225566864, {'accuracy': 0.507}, 9.151397666981211)
[2026-01-13 00:25:12,328][flwr][INFO] - evaluate_round 22: no clients selected, cancel
[2026-01-13 00:25:12,328][flwr][DEBUG] - fit_round 23: strategy sampled 10 clients (out of 100)
[2026-01-13 00:25:12,524][flwr][DEBUG] - fit_round 23 received 10 results and 0 failures
[2026-01-13 00:25:12,550][flwr][INFO] - fit progress: (23, 147.63374280929565, {'accuracy': 0.507}, 9.37406750000082)
[2026-01-13 00:25:12,550][flwr][INFO] - evaluate_round 23: no clients selected, cancel
[2026-01-13 00:25:12,551][flwr][DEBUG] - fit_round 24: strategy sampled 10 clients (out of 100)
[2026-01-13 00:25:12,745][flwr][DEBUG] - fit_round 24 received 10 results and 0 failures
[2026-01-13 00:25:12,770][flwr][INFO] - fit progress: (24, 155.4341766834259, {'accuracy': 0.507}, 9.593790084007196)
[2026-01-13 00:25:12,770][flwr][INFO] - evaluate_round 24: no clients selected, cancel
[2026-01-13 00:25:12,770][flwr][DEBUG] - fit_round 25: strategy sampled 10 clients (out of 100)
[2026-01-13 00:25:12,974][flwr][DEBUG] - fit_round 25 received 10 results and 0 failures
[2026-01-13 00:25:12,999][flwr][INFO] - fit progress: (25, 189.89396142959595, {'accuracy': 0.507}, 9.823446041991701)
[2026-01-13 00:25:13,000][flwr][INFO] - evaluate_round 25: no clients selected, cancel
[2026-01-13 00:25:13,000][flwr][DEBUG] - fit_round 26: strategy sampled 10 clients (out of 100)
[2026-01-13 00:25:13,197][flwr][DEBUG] - fit_round 26 received 10 results and 0 failures
[2026-01-13 00:25:13,221][flwr][INFO] - fit progress: (26, 172.34181475639343, {'accuracy': 0.507}, 10.045308083994314)
[2026-01-13 00:25:13,221][flwr][INFO] - evaluate_round 26: no clients selected, cancel
[2026-01-13 00:25:13,222][flwr][DEBUG] - fit_round 27: strategy sampled 10 clients (out of 100)
[2026-01-13 00:25:13,422][flwr][DEBUG] - fit_round 27 received 10 results and 0 failures
[2026-01-13 00:25:13,448][flwr][INFO] - fit progress: (27, 195.27032995224, {'accuracy': 0.507}, 10.27165337500628)
[2026-01-13 00:25:13,448][flwr][INFO] - evaluate_round 27: no clients selected, cancel
[2026-01-13 00:25:13,448][flwr][DEBUG] - fit_round 28: strategy sampled 10 clients (out of 100)
[2026-01-13 00:25:13,667][flwr][DEBUG] - fit_round 28 received 10 results and 0 failures
[2026-01-13 00:25:13,694][flwr][INFO] - fit progress: (28, 202.462233543396, {'accuracy': 0.507}, 10.517860374995507)
[2026-01-13 00:25:13,694][flwr][INFO] - evaluate_round 28: no clients selected, cancel
[2026-01-13 00:25:13,694][flwr][DEBUG] - fit_round 29: strategy sampled 10 clients (out of 100)
[2026-01-13 00:25:13,888][flwr][DEBUG] - fit_round 29 received 10 results and 0 failures
[2026-01-13 00:25:13,915][flwr][INFO] - fit progress: (29, 197.9063799381256, {'accuracy': 0.507}, 10.73902058400563)
[2026-01-13 00:25:13,915][flwr][INFO] - evaluate_round 29: no clients selected, cancel
[2026-01-13 00:25:13,916][flwr][DEBUG] - fit_round 30: strategy sampled 10 clients (out of 100)
[2026-01-13 00:25:14,111][flwr][DEBUG] - fit_round 30 received 10 results and 0 failures
[2026-01-13 00:25:14,136][flwr][INFO] - fit progress: (30, 199.83285093307495, {'accuracy': 0.507}, 10.960317333985586)
[2026-01-13 00:25:14,137][flwr][INFO] - evaluate_round 30: no clients selected, cancel
[2026-01-13 00:25:14,137][flwr][DEBUG] - fit_round 31: strategy sampled 10 clients (out of 100)
[2026-01-13 00:25:14,331][flwr][DEBUG] - fit_round 31 received 10 results and 0 failures
[2026-01-13 00:25:14,356][flwr][INFO] - fit progress: (31, 198.56461191177368, {'accuracy': 0.507}, 11.179684000002453)
[2026-01-13 00:25:14,356][flwr][INFO] - evaluate_round 31: no clients selected, cancel
[2026-01-13 00:25:14,356][flwr][DEBUG] - fit_round 32: strategy sampled 10 clients (out of 100)
[2026-01-13 00:25:14,564][flwr][DEBUG] - fit_round 32 received 10 results and 0 failures
[2026-01-13 00:25:14,589][flwr][INFO] - fit progress: (32, 177.62390327453613, {'accuracy': 0.507}, 11.412811416987097)
[2026-01-13 00:25:14,589][flwr][INFO] - evaluate_round 32: no clients selected, cancel
[2026-01-13 00:25:14,589][flwr][DEBUG] - fit_round 33: strategy sampled 10 clients (out of 100)
[2026-01-13 00:25:14,781][flwr][DEBUG] - fit_round 33 received 10 results and 0 failures
[2026-01-13 00:25:14,807][flwr][INFO] - fit progress: (33, 167.25543022155762, {'accuracy': 0.507}, 11.63120699999854)
[2026-01-13 00:25:14,807][flwr][INFO] - evaluate_round 33: no clients selected, cancel
[2026-01-13 00:25:14,808][flwr][DEBUG] - fit_round 34: strategy sampled 10 clients (out of 100)
[2026-01-13 00:25:15,005][flwr][DEBUG] - fit_round 34 received 10 results and 0 failures
[2026-01-13 00:25:15,030][flwr][INFO] - fit progress: (34, 220.4546022415161, {'accuracy': 0.507}, 11.853738584002713)
[2026-01-13 00:25:15,030][flwr][INFO] - evaluate_round 34: no clients selected, cancel
[2026-01-13 00:25:15,030][flwr][DEBUG] - fit_round 35: strategy sampled 10 clients (out of 100)
[2026-01-13 00:25:15,226][flwr][DEBUG] - fit_round 35 received 10 results and 0 failures
[2026-01-13 00:25:15,252][flwr][INFO] - fit progress: (35, 257.6822009086609, {'accuracy': 0.507}, 12.075988374999724)
[2026-01-13 00:25:15,252][flwr][INFO] - evaluate_round 35: no clients selected, cancel
[2026-01-13 00:25:15,253][flwr][DEBUG] - fit_round 36: strategy sampled 10 clients (out of 100)
[2026-01-13 00:25:15,452][flwr][DEBUG] - fit_round 36 received 10 results and 0 failures
[2026-01-13 00:25:15,476][flwr][INFO] - fit progress: (36, 210.23102378845215, {'accuracy': 0.507}, 12.29981654198491)
[2026-01-13 00:25:15,476][flwr][INFO] - evaluate_round 36: no clients selected, cancel
[2026-01-13 00:25:15,476][flwr][DEBUG] - fit_round 37: strategy sampled 10 clients (out of 100)
[2026-01-13 00:25:15,678][flwr][DEBUG] - fit_round 37 received 10 results and 0 failures
[2026-01-13 00:25:15,703][flwr][INFO] - fit progress: (37, 244.16075134277344, {'accuracy': 0.507}, 12.527308916993206)
[2026-01-13 00:25:15,704][flwr][INFO] - evaluate_round 37: no clients selected, cancel
[2026-01-13 00:25:15,704][flwr][DEBUG] - fit_round 38: strategy sampled 10 clients (out of 100)
[2026-01-13 00:25:15,896][flwr][DEBUG] - fit_round 38 received 10 results and 0 failures
[2026-01-13 00:25:15,921][flwr][INFO] - fit progress: (38, 281.32988595962524, {'accuracy': 0.507}, 12.745328708988382)
[2026-01-13 00:25:15,922][flwr][INFO] - evaluate_round 38: no clients selected, cancel
[2026-01-13 00:25:15,922][flwr][DEBUG] - fit_round 39: strategy sampled 10 clients (out of 100)
[2026-01-13 00:25:16,115][flwr][DEBUG] - fit_round 39 received 10 results and 0 failures
[2026-01-13 00:25:16,139][flwr][INFO] - fit progress: (39, 266.4338655471802, {'accuracy': 0.507}, 12.96279683400644)
[2026-01-13 00:25:16,139][flwr][INFO] - evaluate_round 39: no clients selected, cancel
[2026-01-13 00:25:16,139][flwr][DEBUG] - fit_round 40: strategy sampled 10 clients (out of 100)
[2026-01-13 00:25:16,342][flwr][DEBUG] - fit_round 40 received 10 results and 0 failures
[2026-01-13 00:25:16,366][flwr][INFO] - fit progress: (40, 267.8141062259674, {'accuracy': 0.507}, 13.19020412498503)
[2026-01-13 00:25:16,366][flwr][INFO] - evaluate_round 40: no clients selected, cancel
[2026-01-13 00:25:16,367][flwr][DEBUG] - fit_round 41: strategy sampled 10 clients (out of 100)
[2026-01-13 00:25:16,572][flwr][DEBUG] - fit_round 41 received 10 results and 0 failures
[2026-01-13 00:25:16,596][flwr][INFO] - fit progress: (41, 249.3171989917755, {'accuracy': 0.507}, 13.420055916998535)
[2026-01-13 00:25:16,596][flwr][INFO] - evaluate_round 41: no clients selected, cancel
[2026-01-13 00:25:16,597][flwr][DEBUG] - fit_round 42: strategy sampled 10 clients (out of 100)
[2026-01-13 00:25:16,803][flwr][DEBUG] - fit_round 42 received 10 results and 0 failures
[2026-01-13 00:25:16,883][flwr][INFO] - fit progress: (42, 220.48277807235718, {'accuracy': 0.507}, 13.706643833982525)
[2026-01-13 00:25:16,883][flwr][INFO] - evaluate_round 42: no clients selected, cancel
[2026-01-13 00:25:16,883][flwr][DEBUG] - fit_round 43: strategy sampled 10 clients (out of 100)
[2026-01-13 00:25:17,077][flwr][DEBUG] - fit_round 43 received 10 results and 0 failures
[2026-01-13 00:25:17,100][flwr][INFO] - fit progress: (43, 189.19378423690796, {'accuracy': 0.507}, 13.924437584006228)
[2026-01-13 00:25:17,101][flwr][INFO] - evaluate_round 43: no clients selected, cancel
[2026-01-13 00:25:17,101][flwr][DEBUG] - fit_round 44: strategy sampled 10 clients (out of 100)
[2026-01-13 00:25:17,295][flwr][DEBUG] - fit_round 44 received 10 results and 0 failures
[2026-01-13 00:25:17,320][flwr][INFO] - fit progress: (44, 213.56098628044128, {'accuracy': 0.507}, 14.143812416994479)
[2026-01-13 00:25:17,320][flwr][INFO] - evaluate_round 44: no clients selected, cancel
[2026-01-13 00:25:17,320][flwr][DEBUG] - fit_round 45: strategy sampled 10 clients (out of 100)
[2026-01-13 00:25:17,513][flwr][DEBUG] - fit_round 45 received 10 results and 0 failures
[2026-01-13 00:25:17,538][flwr][INFO] - fit progress: (45, 202.98508286476135, {'accuracy': 0.507}, 14.361861166980816)
[2026-01-13 00:25:17,538][flwr][INFO] - evaluate_round 45: no clients selected, cancel
[2026-01-13 00:25:17,539][flwr][DEBUG] - fit_round 46: strategy sampled 10 clients (out of 100)
[2026-01-13 00:25:17,736][flwr][DEBUG] - fit_round 46 received 10 results and 0 failures
[2026-01-13 00:25:17,762][flwr][INFO] - fit progress: (46, 215.2045395374298, {'accuracy': 0.507}, 14.586096208979143)
[2026-01-13 00:25:17,762][flwr][INFO] - evaluate_round 46: no clients selected, cancel
[2026-01-13 00:25:17,763][flwr][DEBUG] - fit_round 47: strategy sampled 10 clients (out of 100)
[2026-01-13 00:25:17,946][flwr][DEBUG] - fit_round 47 received 10 results and 0 failures
[2026-01-13 00:25:17,975][flwr][INFO] - fit progress: (47, 237.23831868171692, {'accuracy': 0.507}, 14.798626292002155)
[2026-01-13 00:25:17,975][flwr][INFO] - evaluate_round 47: no clients selected, cancel
[2026-01-13 00:25:17,975][flwr][DEBUG] - fit_round 48: strategy sampled 10 clients (out of 100)
[2026-01-13 00:25:18,241][flwr][DEBUG] - fit_round 48 received 10 results and 0 failures
[2026-01-13 00:25:18,266][flwr][INFO] - fit progress: (48, 221.0230598449707, {'accuracy': 0.507}, 15.090333083993755)
[2026-01-13 00:25:18,267][flwr][INFO] - evaluate_round 48: no clients selected, cancel
[2026-01-13 00:25:18,267][flwr][DEBUG] - fit_round 49: strategy sampled 10 clients (out of 100)
[2026-01-13 00:25:18,589][flwr][DEBUG] - fit_round 49 received 10 results and 0 failures
[2026-01-13 00:25:18,614][flwr][INFO] - fit progress: (49, 229.438636302948, {'accuracy': 0.507}, 15.4376849590044)
[2026-01-13 00:25:18,614][flwr][INFO] - evaluate_round 49: no clients selected, cancel
[2026-01-13 00:25:18,614][flwr][DEBUG] - fit_round 50: strategy sampled 10 clients (out of 100)
[2026-01-13 00:25:18,905][flwr][DEBUG] - fit_round 50 received 10 results and 0 failures
[2026-01-13 00:25:18,933][flwr][INFO] - fit progress: (50, 303.6118040084839, {'accuracy': 0.507}, 15.756994458992267)
[2026-01-13 00:25:18,933][flwr][INFO] - evaluate_round 50: no clients selected, cancel
[2026-01-13 00:25:18,933][flwr][INFO] - FL finished in 15.757349416991929
[2026-01-13 00:25:18,934][flwr][INFO] - app_fit: losses_distributed []
[2026-01-13 00:25:18,934][flwr][INFO] - app_fit: metrics_distributed_fit {'c_global_norm': [(1, 6.421348027491357), (2, 45.54013872273743), (3, 57.40384843897806), (4, 39.579073711218776), (5, 52.214409844718936), (6, 52.50874980492346), (7, 26.273513988935942), (8, 6.640268644420279), (9, 28.148239102221577), (10, 48.453358191722785), (11, 16.16193503110035), (12, 15.791457765106706), (13, 41.68850447146604), (14, 25.336432869415123), (15, 22.516221151725762), (16, 19.285781698765074), (17, 20.40230828927961), (18, 24.065901780874274), (19, 11.995710832005226), (20, 22.117469952207067), (21, 8.545477927725917), (22, 34.27726549971036), (23, 53.51737834647692), (24, 12.787051427828459), (25, 20.213735123609343), (26, 37.384733699591436), (27, 21.736756343087183), (28, 25.07486448156261), (29, 20.19488717669814), (30, 20.317176150018305), (31, 16.14906182118067), (32, 22.61079438927197), (33, 16.180441630207525), (34, 32.661221964402635), (35, 26.50703680880564), (36, 37.06379651444223), (37, 19.887478980431517), (38, 22.44399436057055), (39, 36.26922827508334), (40, 6.9870879970728295), (41, 31.11035442103812), (42, 23.613791036979595), (43, 29.540140382017338), (44, 16.670264798231184), (45, 11.173132687581116), (46, 17.692808022010958), (47, 19.549031683717345), (48, 20.05963783258368), (49, 7.121415692290568), (50, 52.86443413574011)], 'num_clients': [(1, 10), (2, 10), (3, 10), (4, 10), (5, 10), (6, 10), (7, 10), (8, 10), (9, 10), (10, 10), (11, 10), (12, 10), (13, 10), (14, 10), (15, 10), (16, 10), (17, 10), (18, 10), (19, 10), (20, 10), (21, 10), (22, 10), (23, 10), (24, 10), (25, 10), (26, 10), (27, 10), (28, 10), (29, 10), (30, 10), (31, 10), (32, 10), (33, 10), (34, 10), (35, 10), (36, 10), (37, 10), (38, 10), (39, 10), (40, 10), (41, 10), (42, 10), (43, 10), (44, 10), (45, 10), (46, 10), (47, 10), (48, 10), (49, 10), (50, 10)]}
[2026-01-13 00:25:18,934][flwr][INFO] - app_fit: metrics_distributed {}
[2026-01-13 00:25:18,934][flwr][INFO] - app_fit: losses_centralized [(0, 68.07474291324615), (1, 66.2714415192604), (2, 75.7329877614975), (3, 65.07135713100433), (4, 71.7103146314621), (5, 65.56130158901215), (6, 72.53142023086548), (7, 68.10196924209595), (8, 66.14399540424347), (9, 71.43153405189514), (10, 68.49837917089462), (11, 75.34342169761658), (12, 75.85582095384598), (13, 97.47850620746613), (14, 83.35660976171494), (15, 103.7008844614029), (16, 102.16022562980652), (17, 104.59228277206421), (18, 110.88677883148193), (19, 110.91728889942169), (20, 129.258682847023), (21, 124.49229979515076), (22, 105.34901225566864), (23, 147.63374280929565), (24, 155.4341766834259), (25, 189.89396142959595), (26, 172.34181475639343), (27, 195.27032995224), (28, 202.462233543396), (29, 197.9063799381256), (30, 199.83285093307495), (31, 198.56461191177368), (32, 177.62390327453613), (33, 167.25543022155762), (34, 220.4546022415161), (35, 257.6822009086609), (36, 210.23102378845215), (37, 244.16075134277344), (38, 281.32988595962524), (39, 266.4338655471802), (40, 267.8141062259674), (41, 249.3171989917755), (42, 220.48277807235718), (43, 189.19378423690796), (44, 213.56098628044128), (45, 202.98508286476135), (46, 215.2045395374298), (47, 237.23831868171692), (48, 221.0230598449707), (49, 229.438636302948), (50, 303.6118040084839)]
[2026-01-13 00:25:18,934][flwr][INFO] - app_fit: metrics_centralized {'accuracy': [(0, 0.507), (1, 0.507), (2, 0.144), (3, 0.507), (4, 0.1075), (5, 0.507), (6, 0.144), (7, 0.507), (8, 0.507), (9, 0.248), (10, 0.507), (11, 0.507), (12, 0.507), (13, 0.507), (14, 0.507), (15, 0.507), (16, 0.507), (17, 0.507), (18, 0.507), (19, 0.507), (20, 0.507), (21, 0.507), (22, 0.507), (23, 0.507), (24, 0.507), (25, 0.507), (26, 0.507), (27, 0.507), (28, 0.507), (29, 0.507), (30, 0.507), (31, 0.507), (32, 0.507), (33, 0.507), (34, 0.507), (35, 0.507), (36, 0.507), (37, 0.507), (38, 0.507), (39, 0.507), (40, 0.507), (41, 0.507), (42, 0.507), (43, 0.507), (44, 0.507), (45, 0.507), (46, 0.507), (47, 0.507), (48, 0.507), (49, 0.507), (50, 0.507)]}
