[2026-01-23 11:55:43,494][flwr][INFO] - Starting Flower simulation, config: ServerConfig(num_rounds=20, round_timeout=None)
[2026-01-23 11:55:49,013][flwr][INFO] - Flower VCE: Ray initialized with resources: {'CPU': 10.0, 'object_store_memory': 2147483648.0, 'node:127.0.0.1': 1.0, 'memory': 11655798784.0}
[2026-01-23 11:55:49,013][flwr][INFO] - Initializing global parameters
[2026-01-23 11:55:49,013][flwr][INFO] - Requesting initial parameters from one random client
[2026-01-23 11:55:52,286][flwr][INFO] - Received initial parameters from one random client
[2026-01-23 11:55:52,286][flwr][INFO] - Evaluating initial parameters
[2026-01-23 11:55:53,146][flwr][INFO] - initial parameters (loss, other metrics): 1338031744.0, {'rmse': 36579.116227705665, 'mae': 22510.587890625, 'r2': -9.6510009765625}
[2026-01-23 11:55:53,146][flwr][INFO] - FL starting
[2026-01-23 11:55:53,147][flwr][DEBUG] - fit_round 1: strategy sampled 8 clients (out of 14)
[2026-01-23 11:56:03,708][flwr][DEBUG] - fit_round 1 received 8 results and 0 failures
[2026-01-23 11:56:03,718][flwr][WARNING] - No fit_metrics_aggregation_fn provided
[2026-01-23 11:56:04,181][flwr][INFO] - fit progress: (1, 104174176.0, {'rmse': 10206.575135666224, 'mae': 6959.919921875, 'r2': 0.17075270414352417}, 11.034917165990919)
[2026-01-23 11:56:04,181][flwr][DEBUG] - evaluate_round 1: strategy sampled 8 clients (out of 14)
[2026-01-23 11:56:04,482][flwr][DEBUG] - evaluate_round 1 received 8 results and 0 failures
[2026-01-23 11:56:04,482][flwr][WARNING] - No evaluate_metrics_aggregation_fn provided
[2026-01-23 11:56:04,483][flwr][DEBUG] - fit_round 2: strategy sampled 8 clients (out of 14)
[2026-01-23 11:56:09,568][flwr][DEBUG] - fit_round 2 received 8 results and 0 failures
[2026-01-23 11:56:10,053][flwr][INFO] - fit progress: (2, 82438560.0, {'rmse': 9079.568271674596, 'mae': 6357.91015625, 'r2': 0.3437725305557251}, 16.907166832999792)
[2026-01-23 11:56:10,054][flwr][DEBUG] - evaluate_round 2: strategy sampled 8 clients (out of 14)
[2026-01-23 11:56:10,321][flwr][DEBUG] - evaluate_round 2 received 8 results and 0 failures
[2026-01-23 11:56:10,321][flwr][DEBUG] - fit_round 3: strategy sampled 8 clients (out of 14)
[2026-01-23 11:56:15,739][flwr][DEBUG] - fit_round 3 received 8 results and 0 failures
[2026-01-23 11:56:16,248][flwr][INFO] - fit progress: (3, 69979904.0, {'rmse': 8365.399213426697, 'mae': 5832.6708984375, 'r2': 0.4429458975791931}, 23.102033915987704)
[2026-01-23 11:56:16,249][flwr][DEBUG] - evaluate_round 3: strategy sampled 8 clients (out of 14)
[2026-01-23 11:56:16,611][flwr][DEBUG] - evaluate_round 3 received 8 results and 0 failures
[2026-01-23 11:56:16,612][flwr][DEBUG] - fit_round 4: strategy sampled 8 clients (out of 14)
[2026-01-23 11:56:21,346][flwr][DEBUG] - fit_round 4 received 8 results and 0 failures
[2026-01-23 11:56:21,728][flwr][INFO] - fit progress: (4, 63830244.0, {'rmse': 7989.3832052293, 'mae': 5661.708984375, 'r2': 0.49189841747283936}, 28.582131583010778)
[2026-01-23 11:56:21,729][flwr][DEBUG] - evaluate_round 4: strategy sampled 8 clients (out of 14)
[2026-01-23 11:56:21,953][flwr][DEBUG] - evaluate_round 4 received 8 results and 0 failures
[2026-01-23 11:56:21,954][flwr][DEBUG] - fit_round 5: strategy sampled 8 clients (out of 14)
[2026-01-23 11:56:26,054][flwr][DEBUG] - fit_round 5 received 8 results and 0 failures
[2026-01-23 11:56:26,464][flwr][INFO] - fit progress: (5, 57053912.0, {'rmse': 7553.404000846241, 'mae': 5369.44091796875, 'r2': 0.5458394289016724}, 33.31780908303335)
[2026-01-23 11:56:26,464][flwr][DEBUG] - evaluate_round 5: strategy sampled 8 clients (out of 14)
[2026-01-23 11:56:26,716][flwr][DEBUG] - evaluate_round 5 received 8 results and 0 failures
[2026-01-23 11:56:26,716][flwr][DEBUG] - fit_round 6: strategy sampled 8 clients (out of 14)
[2026-01-23 11:56:31,198][flwr][DEBUG] - fit_round 6 received 8 results and 0 failures
[2026-01-23 11:56:31,593][flwr][INFO] - fit progress: (6, 50843824.0, {'rmse': 7130.485537465173, 'mae': 5070.55615234375, 'r2': 0.595272958278656}, 38.446411875018384)
[2026-01-23 11:56:31,593][flwr][DEBUG] - evaluate_round 6: strategy sampled 8 clients (out of 14)
[2026-01-23 11:56:31,816][flwr][DEBUG] - evaluate_round 6 received 8 results and 0 failures
[2026-01-23 11:56:31,817][flwr][DEBUG] - fit_round 7: strategy sampled 8 clients (out of 14)
[2026-01-23 11:56:36,391][flwr][DEBUG] - fit_round 7 received 8 results and 0 failures
[2026-01-23 11:56:36,791][flwr][INFO] - fit progress: (7, 49226588.0, {'rmse': 7016.166189593859, 'mae': 5003.896484375, 'r2': 0.6081464886665344}, 43.64508545800345)
[2026-01-23 11:56:36,792][flwr][DEBUG] - evaluate_round 7: strategy sampled 8 clients (out of 14)
[2026-01-23 11:56:37,010][flwr][DEBUG] - evaluate_round 7 received 8 results and 0 failures
[2026-01-23 11:56:37,010][flwr][DEBUG] - fit_round 8: strategy sampled 8 clients (out of 14)
[2026-01-23 11:56:41,593][flwr][DEBUG] - fit_round 8 received 8 results and 0 failures
[2026-01-23 11:56:41,982][flwr][INFO] - fit progress: (8, 45050116.0, {'rmse': 6711.938319144478, 'mae': 4814.0380859375, 'r2': 0.6413920521736145}, 48.83567895798478)
[2026-01-23 11:56:41,983][flwr][DEBUG] - evaluate_round 8: strategy sampled 8 clients (out of 14)
[2026-01-23 11:56:42,194][flwr][DEBUG] - evaluate_round 8 received 8 results and 0 failures
[2026-01-23 11:56:42,194][flwr][DEBUG] - fit_round 9: strategy sampled 8 clients (out of 14)
[2026-01-23 11:56:46,427][flwr][DEBUG] - fit_round 9 received 8 results and 0 failures
[2026-01-23 11:56:46,821][flwr][INFO] - fit progress: (9, 45164308.0, {'rmse': 6720.439568956781, 'mae': 4778.84814453125, 'r2': 0.640483021736145}, 53.67428654100513)
[2026-01-23 11:56:46,821][flwr][DEBUG] - evaluate_round 9: strategy sampled 8 clients (out of 14)
[2026-01-23 11:56:46,930][flwr][DEBUG] - evaluate_round 9 received 8 results and 0 failures
[2026-01-23 11:56:46,930][flwr][DEBUG] - fit_round 10: strategy sampled 8 clients (out of 14)
[2026-01-23 11:56:51,191][flwr][DEBUG] - fit_round 10 received 8 results and 0 failures
[2026-01-23 11:56:51,576][flwr][INFO] - fit progress: (10, 42807172.0, {'rmse': 6542.719006651592, 'mae': 4642.8330078125, 'r2': 0.6592463254928589}, 58.4297095410293)
[2026-01-23 11:56:51,576][flwr][DEBUG] - evaluate_round 10: strategy sampled 8 clients (out of 14)
[2026-01-23 11:56:51,685][flwr][DEBUG] - evaluate_round 10 received 8 results and 0 failures
[2026-01-23 11:56:51,685][flwr][DEBUG] - fit_round 11: strategy sampled 8 clients (out of 14)
[2026-01-23 11:56:55,949][flwr][DEBUG] - fit_round 11 received 8 results and 0 failures
[2026-01-23 11:56:56,342][flwr][INFO] - fit progress: (11, 39528220.0, {'rmse': 6287.147206802144, 'mae': 4467.52099609375, 'r2': 0.6853474378585815}, 63.19590733299265)
[2026-01-23 11:56:56,343][flwr][DEBUG] - evaluate_round 11: strategy sampled 8 clients (out of 14)
[2026-01-23 11:56:56,435][flwr][DEBUG] - evaluate_round 11 received 8 results and 0 failures
[2026-01-23 11:56:56,435][flwr][DEBUG] - fit_round 12: strategy sampled 8 clients (out of 14)
[2026-01-23 11:57:00,605][flwr][DEBUG] - fit_round 12 received 8 results and 0 failures
[2026-01-23 11:57:01,002][flwr][INFO] - fit progress: (12, 42201512.0, {'rmse': 6496.269083096851, 'mae': 4584.8359375, 'r2': 0.6640675067901611}, 67.85584691603435)
[2026-01-23 11:57:01,003][flwr][DEBUG] - evaluate_round 12: strategy sampled 8 clients (out of 14)
[2026-01-23 11:57:01,195][flwr][DEBUG] - evaluate_round 12 received 8 results and 0 failures
[2026-01-23 11:57:01,199][flwr][DEBUG] - fit_round 13: strategy sampled 8 clients (out of 14)
[2026-01-23 11:57:06,047][flwr][DEBUG] - fit_round 13 received 8 results and 0 failures
[2026-01-23 11:57:06,446][flwr][INFO] - fit progress: (13, 37484572.0, {'rmse': 6122.464536442821, 'mae': 4358.10791015625, 'r2': 0.7016152739524841}, 73.29961137502687)
[2026-01-23 11:57:06,447][flwr][DEBUG] - evaluate_round 13: strategy sampled 8 clients (out of 14)
[2026-01-23 11:57:06,561][flwr][DEBUG] - evaluate_round 13 received 8 results and 0 failures
[2026-01-23 11:57:06,561][flwr][DEBUG] - fit_round 14: strategy sampled 8 clients (out of 14)
[2026-01-23 11:57:10,842][flwr][DEBUG] - fit_round 14 received 8 results and 0 failures
[2026-01-23 11:57:11,282][flwr][INFO] - fit progress: (14, 36043408.0, {'rmse': 6003.616243565207, 'mae': 4237.65087890625, 'r2': 0.713087260723114}, 78.13510625000345)
[2026-01-23 11:57:11,282][flwr][DEBUG] - evaluate_round 14: strategy sampled 8 clients (out of 14)
[2026-01-23 11:57:11,407][flwr][DEBUG] - evaluate_round 14 received 8 results and 0 failures
[2026-01-23 11:57:11,408][flwr][DEBUG] - fit_round 15: strategy sampled 8 clients (out of 14)
[2026-01-23 11:57:15,898][flwr][DEBUG] - fit_round 15 received 8 results and 0 failures
[2026-01-23 11:57:16,308][flwr][INFO] - fit progress: (15, 34526856.0, {'rmse': 5875.955752045789, 'mae': 4167.2294921875, 'r2': 0.7251592874526978}, 83.16134854103439)
[2026-01-23 11:57:16,309][flwr][DEBUG] - evaluate_round 15: strategy sampled 8 clients (out of 14)
[2026-01-23 11:57:16,456][flwr][DEBUG] - evaluate_round 15 received 8 results and 0 failures
[2026-01-23 11:57:16,457][flwr][DEBUG] - fit_round 16: strategy sampled 8 clients (out of 14)
[2026-01-23 11:57:21,033][flwr][DEBUG] - fit_round 16 received 8 results and 0 failures
[2026-01-23 11:57:21,430][flwr][INFO] - fit progress: (16, 37093600.0, {'rmse': 6090.451543194478, 'mae': 4308.99609375, 'r2': 0.7047275304794312}, 88.2871393749956)
[2026-01-23 11:57:21,430][flwr][DEBUG] - evaluate_round 16: strategy sampled 8 clients (out of 14)
[2026-01-23 11:57:21,542][flwr][DEBUG] - evaluate_round 16 received 8 results and 0 failures
[2026-01-23 11:57:21,543][flwr][DEBUG] - fit_round 17: strategy sampled 8 clients (out of 14)
[2026-01-23 11:57:25,722][flwr][DEBUG] - fit_round 17 received 8 results and 0 failures
[2026-01-23 11:57:26,092][flwr][INFO] - fit progress: (17, 39598868.0, {'rmse': 6292.763145073871, 'mae': 4360.5087890625, 'r2': 0.6847850680351257}, 92.952034750022)
[2026-01-23 11:57:26,092][flwr][DEBUG] - evaluate_round 17: strategy sampled 8 clients (out of 14)
[2026-01-23 11:57:26,183][flwr][DEBUG] - evaluate_round 17 received 8 results and 0 failures
[2026-01-23 11:57:26,184][flwr][DEBUG] - fit_round 18: strategy sampled 8 clients (out of 14)
[2026-01-23 11:57:30,440][flwr][DEBUG] - fit_round 18 received 8 results and 0 failures
[2026-01-23 11:57:30,857][flwr][INFO] - fit progress: (18, 35513348.0, {'rmse': 5959.307677910246, 'mae': 4188.9951171875, 'r2': 0.7173066139221191}, 97.7190244999947)
[2026-01-23 11:57:30,857][flwr][DEBUG] - evaluate_round 18: strategy sampled 8 clients (out of 14)
[2026-01-23 11:57:31,238][flwr][DEBUG] - evaluate_round 18 received 8 results and 0 failures
[2026-01-23 11:57:31,239][flwr][DEBUG] - fit_round 19: strategy sampled 8 clients (out of 14)
[2026-01-23 11:57:35,518][flwr][DEBUG] - fit_round 19 received 8 results and 0 failures
[2026-01-23 11:57:35,909][flwr][INFO] - fit progress: (19, 34058616.0, {'rmse': 5835.976010917111, 'mae': 4120.490234375, 'r2': 0.728886604309082}, 102.77280287502799)
[2026-01-23 11:57:35,909][flwr][DEBUG] - evaluate_round 19: strategy sampled 8 clients (out of 14)
[2026-01-23 11:57:36,024][flwr][DEBUG] - evaluate_round 19 received 8 results and 0 failures
[2026-01-23 11:57:36,024][flwr][DEBUG] - fit_round 20: strategy sampled 8 clients (out of 14)
[2026-01-23 11:57:40,594][flwr][DEBUG] - fit_round 20 received 8 results and 0 failures
[2026-01-23 11:57:40,966][flwr][INFO] - fit progress: (20, 33418968.0, {'rmse': 5780.914114567004, 'mae': 4067.65283203125, 'r2': 0.7339783310890198}, 107.83073200000217)
[2026-01-23 11:57:40,966][flwr][DEBUG] - evaluate_round 20: strategy sampled 8 clients (out of 14)
[2026-01-23 11:57:41,064][flwr][DEBUG] - evaluate_round 20 received 8 results and 0 failures
[2026-01-23 11:57:41,065][flwr][INFO] - FL finished in 107.9295242910157
[2026-01-23 11:57:41,065][flwr][INFO] - app_fit: losses_distributed [(1, 86471011.9389313), (2, 77665811.18045112), (3, 61143952.22900763), (4, 53584037.82591093), (5, 47941169.787545785), (6, 44145086.20930233), (7, 43553325.68796992), (8, 41824360.335877866), (9, 39227774.5620155), (10, 38600351.197674416), (11, 38898546.69379845), (12, 39334462.61133603), (13, 39841977.74898785), (14, 31986388.26693227), (15, 34255006.798534796), (16, 34147185.76377953), (17, 31033032.9707113), (18, 34627304.89312977), (19, 30704161.881944444), (20, 36068780.59689923)]
[2026-01-23 11:57:41,066][flwr][INFO] - app_fit: metrics_distributed_fit {}
[2026-01-23 11:57:41,066][flwr][INFO] - app_fit: metrics_distributed {}
[2026-01-23 11:57:41,066][flwr][INFO] - app_fit: losses_centralized [(0, 1338031744.0), (1, 104174176.0), (2, 82438560.0), (3, 69979904.0), (4, 63830244.0), (5, 57053912.0), (6, 50843824.0), (7, 49226588.0), (8, 45050116.0), (9, 45164308.0), (10, 42807172.0), (11, 39528220.0), (12, 42201512.0), (13, 37484572.0), (14, 36043408.0), (15, 34526856.0), (16, 37093600.0), (17, 39598868.0), (18, 35513348.0), (19, 34058616.0), (20, 33418968.0)]
[2026-01-23 11:57:41,066][flwr][INFO] - app_fit: metrics_centralized {'rmse': [(0, 36579.116227705665), (1, 10206.575135666224), (2, 9079.568271674596), (3, 8365.399213426697), (4, 7989.3832052293), (5, 7553.404000846241), (6, 7130.485537465173), (7, 7016.166189593859), (8, 6711.938319144478), (9, 6720.439568956781), (10, 6542.719006651592), (11, 6287.147206802144), (12, 6496.269083096851), (13, 6122.464536442821), (14, 6003.616243565207), (15, 5875.955752045789), (16, 6090.451543194478), (17, 6292.763145073871), (18, 5959.307677910246), (19, 5835.976010917111), (20, 5780.914114567004)], 'mae': [(0, 22510.587890625), (1, 6959.919921875), (2, 6357.91015625), (3, 5832.6708984375), (4, 5661.708984375), (5, 5369.44091796875), (6, 5070.55615234375), (7, 5003.896484375), (8, 4814.0380859375), (9, 4778.84814453125), (10, 4642.8330078125), (11, 4467.52099609375), (12, 4584.8359375), (13, 4358.10791015625), (14, 4237.65087890625), (15, 4167.2294921875), (16, 4308.99609375), (17, 4360.5087890625), (18, 4188.9951171875), (19, 4120.490234375), (20, 4067.65283203125)], 'r2': [(0, -9.6510009765625), (1, 0.17075270414352417), (2, 0.3437725305557251), (3, 0.4429458975791931), (4, 0.49189841747283936), (5, 0.5458394289016724), (6, 0.595272958278656), (7, 0.6081464886665344), (8, 0.6413920521736145), (9, 0.640483021736145), (10, 0.6592463254928589), (11, 0.6853474378585815), (12, 0.6640675067901611), (13, 0.7016152739524841), (14, 0.713087260723114), (15, 0.7251592874526978), (16, 0.7047275304794312), (17, 0.6847850680351257), (18, 0.7173066139221191), (19, 0.728886604309082), (20, 0.7339783310890198)]}
[2026-01-23 11:57:41,069][flwr][INFO] - Starting Flower simulation, config: ServerConfig(num_rounds=20, round_timeout=None)
[2026-01-23 11:57:48,335][flwr][INFO] - Flower VCE: Ray initialized with resources: {'CPU': 10.0, 'object_store_memory': 2147483648.0, 'node:127.0.0.1': 1.0, 'memory': 12510037197.0}
[2026-01-23 11:57:48,335][flwr][INFO] - Initializing global parameters
[2026-01-23 11:57:48,335][flwr][INFO] - Requesting initial parameters from one random client
[2026-01-23 11:57:51,630][flwr][INFO] - Received initial parameters from one random client
[2026-01-23 11:57:51,630][flwr][INFO] - Evaluating initial parameters
[2026-01-23 11:57:51,989][flwr][INFO] - initial parameters (loss, other metrics): 680332864.0, {'rmse': 26083.191215800263, 'mae': 23322.81640625, 'r2': -4.415585994720459}
[2026-01-23 11:57:51,989][flwr][INFO] - FL starting
[2026-01-23 11:57:51,990][flwr][DEBUG] - fit_round 1: strategy sampled 8 clients (out of 14)
[2026-01-23 11:58:00,849][flwr][DEBUG] - fit_round 1 received 8 results and 0 failures
[2026-01-23 11:58:00,856][flwr][WARNING] - No fit_metrics_aggregation_fn provided
[2026-01-23 11:58:01,230][flwr][INFO] - fit progress: (1, 91841728.0, {'rmse': 9583.408996802757, 'mae': 6646.4072265625, 'r2': 0.268921434879303}, 9.24108000000706)
[2026-01-23 11:58:01,230][flwr][DEBUG] - evaluate_round 1: strategy sampled 8 clients (out of 14)
[2026-01-23 11:58:01,510][flwr][DEBUG] - evaluate_round 1 received 8 results and 0 failures
[2026-01-23 11:58:01,510][flwr][WARNING] - No evaluate_metrics_aggregation_fn provided
[2026-01-23 11:58:01,511][flwr][DEBUG] - fit_round 2: strategy sampled 8 clients (out of 14)
[2026-01-23 11:58:06,153][flwr][DEBUG] - fit_round 2 received 8 results and 0 failures
[2026-01-23 11:58:06,539][flwr][INFO] - fit progress: (2, 74052536.0, {'rmse': 8605.378318237961, 'mae': 6024.2998046875, 'r2': 0.41052699089050293}, 14.550994709017687)
[2026-01-23 11:58:06,540][flwr][DEBUG] - evaluate_round 2: strategy sampled 8 clients (out of 14)
[2026-01-23 11:58:06,780][flwr][DEBUG] - evaluate_round 2 received 8 results and 0 failures
[2026-01-23 11:58:06,781][flwr][DEBUG] - fit_round 3: strategy sampled 8 clients (out of 14)
[2026-01-23 11:58:11,440][flwr][DEBUG] - fit_round 3 received 8 results and 0 failures
[2026-01-23 11:58:11,845][flwr][INFO] - fit progress: (3, 64262104.0, {'rmse': 8016.364762159966, 'mae': 5690.70068359375, 'r2': 0.4884607791900635}, 19.856505875010043)
[2026-01-23 11:58:11,845][flwr][DEBUG] - evaluate_round 3: strategy sampled 8 clients (out of 14)
[2026-01-23 11:58:12,069][flwr][DEBUG] - evaluate_round 3 received 8 results and 0 failures
[2026-01-23 11:58:12,070][flwr][DEBUG] - fit_round 4: strategy sampled 8 clients (out of 14)
[2026-01-23 11:58:16,684][flwr][DEBUG] - fit_round 4 received 8 results and 0 failures
[2026-01-23 11:58:17,082][flwr][INFO] - fit progress: (4, 57395908.0, {'rmse': 7576.008711716216, 'mae': 5410.533203125, 'r2': 0.5431170463562012}, 25.093889542040415)
[2026-01-23 11:58:17,082][flwr][DEBUG] - evaluate_round 4: strategy sampled 8 clients (out of 14)
[2026-01-23 11:58:17,312][flwr][DEBUG] - evaluate_round 4 received 8 results and 0 failures
[2026-01-23 11:58:17,313][flwr][DEBUG] - fit_round 5: strategy sampled 8 clients (out of 14)
[2026-01-23 11:58:21,896][flwr][DEBUG] - fit_round 5 received 8 results and 0 failures
[2026-01-23 11:58:22,281][flwr][INFO] - fit progress: (5, 51289064.0, {'rmse': 7161.63836004025, 'mae': 5103.57421875, 'r2': 0.5917288064956665}, 30.293318709009327)
[2026-01-23 11:58:22,282][flwr][DEBUG] - evaluate_round 5: strategy sampled 8 clients (out of 14)
[2026-01-23 11:58:22,385][flwr][DEBUG] - evaluate_round 5 received 8 results and 0 failures
[2026-01-23 11:58:22,385][flwr][DEBUG] - fit_round 6: strategy sampled 8 clients (out of 14)
[2026-01-23 11:58:26,898][flwr][DEBUG] - fit_round 6 received 8 results and 0 failures
[2026-01-23 11:58:27,266][flwr][INFO] - fit progress: (6, 45780280.0, {'rmse': 6766.112620995899, 'mae': 4914.80517578125, 'r2': 0.6355798244476318}, 35.27786641701823)
[2026-01-23 11:58:27,266][flwr][DEBUG] - evaluate_round 6: strategy sampled 8 clients (out of 14)
[2026-01-23 11:58:27,465][flwr][DEBUG] - evaluate_round 6 received 8 results and 0 failures
[2026-01-23 11:58:27,466][flwr][DEBUG] - fit_round 7: strategy sampled 8 clients (out of 14)
[2026-01-23 11:58:31,652][flwr][DEBUG] - fit_round 7 received 8 results and 0 failures
[2026-01-23 11:58:32,056][flwr][INFO] - fit progress: (7, 46984072.0, {'rmse': 6854.49283317154, 'mae': 4887.6259765625, 'r2': 0.6259973645210266}, 40.067550750041846)
[2026-01-23 11:58:32,056][flwr][DEBUG] - evaluate_round 7: strategy sampled 8 clients (out of 14)
[2026-01-23 11:58:32,260][flwr][DEBUG] - evaluate_round 7 received 8 results and 0 failures
[2026-01-23 11:58:32,262][flwr][DEBUG] - fit_round 8: strategy sampled 8 clients (out of 14)
[2026-01-23 11:58:36,463][flwr][DEBUG] - fit_round 8 received 8 results and 0 failures
[2026-01-23 11:58:36,858][flwr][INFO] - fit progress: (8, 42855916.0, {'rmse': 6546.443003647095, 'mae': 4716.29736328125, 'r2': 0.6588582992553711}, 44.87011829204857)
[2026-01-23 11:58:36,859][flwr][DEBUG] - evaluate_round 8: strategy sampled 8 clients (out of 14)
[2026-01-23 11:58:36,960][flwr][DEBUG] - evaluate_round 8 received 8 results and 0 failures
[2026-01-23 11:58:36,961][flwr][DEBUG] - fit_round 9: strategy sampled 8 clients (out of 14)
[2026-01-23 11:58:41,219][flwr][DEBUG] - fit_round 9 received 8 results and 0 failures
[2026-01-23 11:58:41,623][flwr][INFO] - fit progress: (9, 43380376.0, {'rmse': 6586.378063852697, 'mae': 4656.97509765625, 'r2': 0.6546834707260132}, 49.634882167039905)
[2026-01-23 11:58:41,624][flwr][DEBUG] - evaluate_round 9: strategy sampled 8 clients (out of 14)
[2026-01-23 11:58:41,737][flwr][DEBUG] - evaluate_round 9 received 8 results and 0 failures
[2026-01-23 11:58:41,738][flwr][DEBUG] - fit_round 10: strategy sampled 8 clients (out of 14)
[2026-01-23 11:58:46,251][flwr][DEBUG] - fit_round 10 received 8 results and 0 failures
[2026-01-23 11:58:46,648][flwr][INFO] - fit progress: (10, 39917108.0, {'rmse': 6317.998733776385, 'mae': 4537.7158203125, 'r2': 0.6822518110275269}, 54.65954191703349)
[2026-01-23 11:58:46,648][flwr][DEBUG] - evaluate_round 10: strategy sampled 8 clients (out of 14)
[2026-01-23 11:58:46,766][flwr][DEBUG] - evaluate_round 10 received 8 results and 0 failures
[2026-01-23 11:58:46,767][flwr][DEBUG] - fit_round 11: strategy sampled 8 clients (out of 14)
[2026-01-23 11:58:50,982][flwr][DEBUG] - fit_round 11 received 8 results and 0 failures
[2026-01-23 11:58:51,356][flwr][INFO] - fit progress: (11, 39073064.0, {'rmse': 6250.8450628695, 'mae': 4446.939453125, 'r2': 0.6889705657958984}, 59.36758254200686)
[2026-01-23 11:58:51,356][flwr][DEBUG] - evaluate_round 11: strategy sampled 8 clients (out of 14)
[2026-01-23 11:58:51,448][flwr][DEBUG] - evaluate_round 11 received 8 results and 0 failures
[2026-01-23 11:58:51,448][flwr][DEBUG] - fit_round 12: strategy sampled 8 clients (out of 14)
[2026-01-23 11:58:55,970][flwr][DEBUG] - fit_round 12 received 8 results and 0 failures
[2026-01-23 11:58:56,350][flwr][INFO] - fit progress: (12, 38942680.0, {'rmse': 6240.407038006415, 'mae': 4375.42236328125, 'r2': 0.6900084614753723}, 64.36195333400974)
[2026-01-23 11:58:56,350][flwr][DEBUG] - evaluate_round 12: strategy sampled 8 clients (out of 14)
[2026-01-23 11:58:56,473][flwr][DEBUG] - evaluate_round 12 received 8 results and 0 failures
[2026-01-23 11:58:56,474][flwr][DEBUG] - fit_round 13: strategy sampled 8 clients (out of 14)
[2026-01-23 11:59:00,879][flwr][DEBUG] - fit_round 13 received 8 results and 0 failures
[2026-01-23 11:59:01,286][flwr][INFO] - fit progress: (13, 36752492.0, {'rmse': 6062.383359702684, 'mae': 4286.95654296875, 'r2': 0.7074427604675293}, 69.2978750000475)
[2026-01-23 11:59:01,286][flwr][DEBUG] - evaluate_round 13: strategy sampled 8 clients (out of 14)
[2026-01-23 11:59:01,413][flwr][DEBUG] - evaluate_round 13 received 8 results and 0 failures
[2026-01-23 11:59:01,414][flwr][DEBUG] - fit_round 14: strategy sampled 8 clients (out of 14)
[2026-01-23 11:59:06,220][flwr][DEBUG] - fit_round 14 received 8 results and 0 failures
[2026-01-23 11:59:06,607][flwr][INFO] - fit progress: (14, 36316988.0, {'rmse': 6026.357772319861, 'mae': 4249.529296875, 'r2': 0.7109094858169556}, 74.61902941699373)
[2026-01-23 11:59:06,608][flwr][DEBUG] - evaluate_round 14: strategy sampled 8 clients (out of 14)
[2026-01-23 11:59:06,759][flwr][DEBUG] - evaluate_round 14 received 8 results and 0 failures
[2026-01-23 11:59:06,761][flwr][DEBUG] - fit_round 15: strategy sampled 8 clients (out of 14)
[2026-01-23 11:59:11,154][flwr][DEBUG] - fit_round 15 received 8 results and 0 failures
[2026-01-23 11:59:11,574][flwr][INFO] - fit progress: (15, 37252192.0, {'rmse': 6103.457380862096, 'mae': 4228.64306640625, 'r2': 0.7034651041030884}, 79.5854485000018)
[2026-01-23 11:59:11,574][flwr][DEBUG] - evaluate_round 15: strategy sampled 8 clients (out of 14)
[2026-01-23 11:59:11,700][flwr][DEBUG] - evaluate_round 15 received 8 results and 0 failures
[2026-01-23 11:59:11,701][flwr][DEBUG] - fit_round 16: strategy sampled 8 clients (out of 14)
[2026-01-23 11:59:16,277][flwr][DEBUG] - fit_round 16 received 8 results and 0 failures
[2026-01-23 11:59:16,718][flwr][INFO] - fit progress: (16, 34233780.0, {'rmse': 5850.964023133282, 'mae': 4100.76220703125, 'r2': 0.7274922728538513}, 84.72943191701779)
[2026-01-23 11:59:16,718][flwr][DEBUG] - evaluate_round 16: strategy sampled 8 clients (out of 14)
[2026-01-23 11:59:16,906][flwr][DEBUG] - evaluate_round 16 received 8 results and 0 failures
[2026-01-23 11:59:16,908][flwr][DEBUG] - fit_round 17: strategy sampled 8 clients (out of 14)
[2026-01-23 11:59:21,441][flwr][DEBUG] - fit_round 17 received 8 results and 0 failures
[2026-01-23 11:59:21,885][flwr][INFO] - fit progress: (17, 35919016.0, {'rmse': 5993.24753368322, 'mae': 4122.685546875, 'r2': 0.7140774726867676}, 89.89684416702949)
[2026-01-23 11:59:21,886][flwr][DEBUG] - evaluate_round 17: strategy sampled 8 clients (out of 14)
[2026-01-23 11:59:22,075][flwr][DEBUG] - evaluate_round 17 received 8 results and 0 failures
[2026-01-23 11:59:22,077][flwr][DEBUG] - fit_round 18: strategy sampled 8 clients (out of 14)
[2026-01-23 11:59:26,837][flwr][DEBUG] - fit_round 18 received 8 results and 0 failures
[2026-01-23 11:59:27,299][flwr][INFO] - fit progress: (18, 36462172.0, {'rmse': 6038.391507678183, 'mae': 4153.25341796875, 'r2': 0.7097538113594055}, 95.3110474999994)
[2026-01-23 11:59:27,300][flwr][DEBUG] - evaluate_round 18: strategy sampled 8 clients (out of 14)
[2026-01-23 11:59:27,487][flwr][DEBUG] - evaluate_round 18 received 8 results and 0 failures
[2026-01-23 11:59:27,489][flwr][DEBUG] - fit_round 19: strategy sampled 8 clients (out of 14)
[2026-01-23 11:59:31,873][flwr][DEBUG] - fit_round 19 received 8 results and 0 failures
[2026-01-23 11:59:32,313][flwr][INFO] - fit progress: (19, 35050276.0, {'rmse': 5920.3273558140345, 'mae': 4086.330810546875, 'r2': 0.7209928035736084}, 100.32500820903806)
[2026-01-23 11:59:32,314][flwr][DEBUG] - evaluate_round 19: strategy sampled 8 clients (out of 14)
[2026-01-23 11:59:32,441][flwr][DEBUG] - evaluate_round 19 received 8 results and 0 failures
[2026-01-23 11:59:32,442][flwr][DEBUG] - fit_round 20: strategy sampled 8 clients (out of 14)
[2026-01-23 11:59:36,765][flwr][DEBUG] - fit_round 20 received 8 results and 0 failures
[2026-01-23 11:59:37,174][flwr][INFO] - fit progress: (20, 33904364.0, {'rmse': 5822.7454005821, 'mae': 3993.239990234375, 'r2': 0.7301144599914551}, 105.18591437500436)
[2026-01-23 11:59:37,175][flwr][DEBUG] - evaluate_round 20: strategy sampled 8 clients (out of 14)
[2026-01-23 11:59:37,285][flwr][DEBUG] - evaluate_round 20 received 8 results and 0 failures
[2026-01-23 11:59:37,285][flwr][INFO] - FL finished in 105.29687879199628
[2026-01-23 11:59:37,285][flwr][INFO] - app_fit: losses_distributed [(1, 77506049.875969), (2, 67222951.03100775), (3, 58339153.70542636), (4, 48106431.906976745), (5, 44393011.01937985), (6, 43503120.91472868), (7, 41659269.12015504), (8, 40927797.275193796), (9, 38070752.17829458), (10, 35423353.87209302), (11, 35166182.12790698), (12, 33219961.027131785), (13, 34347479.37596899), (14, 31979136.434108526), (15, 31009365.139534883), (16, 32525936.453488372), (17, 28546781.84108527), (18, 32958469.825581394), (19, 33278464.65503876), (20, 30388420.72868217)]
[2026-01-23 11:59:37,286][flwr][INFO] - app_fit: metrics_distributed_fit {}
[2026-01-23 11:59:37,286][flwr][INFO] - app_fit: metrics_distributed {}
[2026-01-23 11:59:37,286][flwr][INFO] - app_fit: losses_centralized [(0, 680332864.0), (1, 91841728.0), (2, 74052536.0), (3, 64262104.0), (4, 57395908.0), (5, 51289064.0), (6, 45780280.0), (7, 46984072.0), (8, 42855916.0), (9, 43380376.0), (10, 39917108.0), (11, 39073064.0), (12, 38942680.0), (13, 36752492.0), (14, 36316988.0), (15, 37252192.0), (16, 34233780.0), (17, 35919016.0), (18, 36462172.0), (19, 35050276.0), (20, 33904364.0)]
[2026-01-23 11:59:37,286][flwr][INFO] - app_fit: metrics_centralized {'rmse': [(0, 26083.191215800263), (1, 9583.408996802757), (2, 8605.378318237961), (3, 8016.364762159966), (4, 7576.008711716216), (5, 7161.63836004025), (6, 6766.112620995899), (7, 6854.49283317154), (8, 6546.443003647095), (9, 6586.378063852697), (10, 6317.998733776385), (11, 6250.8450628695), (12, 6240.407038006415), (13, 6062.383359702684), (14, 6026.357772319861), (15, 6103.457380862096), (16, 5850.964023133282), (17, 5993.24753368322), (18, 6038.391507678183), (19, 5920.3273558140345), (20, 5822.7454005821)], 'mae': [(0, 23322.81640625), (1, 6646.4072265625), (2, 6024.2998046875), (3, 5690.70068359375), (4, 5410.533203125), (5, 5103.57421875), (6, 4914.80517578125), (7, 4887.6259765625), (8, 4716.29736328125), (9, 4656.97509765625), (10, 4537.7158203125), (11, 4446.939453125), (12, 4375.42236328125), (13, 4286.95654296875), (14, 4249.529296875), (15, 4228.64306640625), (16, 4100.76220703125), (17, 4122.685546875), (18, 4153.25341796875), (19, 4086.330810546875), (20, 3993.239990234375)], 'r2': [(0, -4.415585994720459), (1, 0.268921434879303), (2, 0.41052699089050293), (3, 0.4884607791900635), (4, 0.5431170463562012), (5, 0.5917288064956665), (6, 0.6355798244476318), (7, 0.6259973645210266), (8, 0.6588582992553711), (9, 0.6546834707260132), (10, 0.6822518110275269), (11, 0.6889705657958984), (12, 0.6900084614753723), (13, 0.7074427604675293), (14, 0.7109094858169556), (15, 0.7034651041030884), (16, 0.7274922728538513), (17, 0.7140774726867676), (18, 0.7097538113594055), (19, 0.7209928035736084), (20, 0.7301144599914551)]}
