[2026-01-13 03:47:06,266][flwr][INFO] - Starting Flower simulation, config: ServerConfig(num_rounds=10, round_timeout=None)
[2026-01-13 03:47:11,210][flwr][INFO] - Flower VCE: Ray initialized with resources: {'node:127.0.0.1': 1.0, 'object_store_memory': 2147483648.0, 'CPU': 10.0, 'memory': 11877122868.0}
[2026-01-13 03:47:11,211][flwr][INFO] - Initializing global parameters
[2026-01-13 03:47:11,211][flwr][INFO] - Using initial parameters provided by strategy
[2026-01-13 03:47:11,211][flwr][INFO] - Evaluating initial parameters
[2026-01-13 03:47:11,293][flwr][INFO] - initial parameters (loss, other metrics): 349.35961854457855, {'accuracy': 0.2425}
[2026-01-13 03:47:11,293][flwr][INFO] - FL starting
[2026-01-13 03:47:11,294][flwr][DEBUG] - fit_round 1: strategy sampled 10 clients (out of 10)
[2026-01-13 03:47:17,084][flwr][DEBUG] - fit_round 1 received 10 results and 0 failures
[2026-01-13 03:47:17,096][flwr][WARNING] - No fit_metrics_aggregation_fn provided
[2026-01-13 03:47:17,175][flwr][INFO] - fit progress: (1, 264.8336856365204, {'accuracy': 0.494}, 5.881737083022017)
[2026-01-13 03:47:17,176][flwr][DEBUG] - evaluate_round 1: strategy sampled 10 clients (out of 10)
[2026-01-13 03:47:17,263][flwr][DEBUG] - evaluate_round 1 received 10 results and 0 failures
[2026-01-13 03:47:17,263][flwr][WARNING] - No evaluate_metrics_aggregation_fn provided
[2026-01-13 03:47:17,263][flwr][DEBUG] - fit_round 2: strategy sampled 10 clients (out of 10)
[2026-01-13 03:47:18,711][flwr][DEBUG] - fit_round 2 received 10 results and 0 failures
[2026-01-13 03:47:18,790][flwr][INFO] - fit progress: (2, 249.56963124871254, {'accuracy': 0.5035}, 7.4959497500094585)
[2026-01-13 03:47:18,790][flwr][DEBUG] - evaluate_round 2: strategy sampled 10 clients (out of 10)
[2026-01-13 03:47:18,843][flwr][DEBUG] - evaluate_round 2 received 10 results and 0 failures
[2026-01-13 03:47:18,843][flwr][DEBUG] - fit_round 3: strategy sampled 10 clients (out of 10)
[2026-01-13 03:47:20,311][flwr][DEBUG] - fit_round 3 received 10 results and 0 failures
[2026-01-13 03:47:20,386][flwr][INFO] - fit progress: (3, 250.90933737158775, {'accuracy': 0.5055}, 9.092521125014173)
[2026-01-13 03:47:20,386][flwr][DEBUG] - evaluate_round 3: strategy sampled 10 clients (out of 10)
[2026-01-13 03:47:20,444][flwr][DEBUG] - evaluate_round 3 received 10 results and 0 failures
[2026-01-13 03:47:20,444][flwr][DEBUG] - fit_round 4: strategy sampled 10 clients (out of 10)
[2026-01-13 03:47:21,927][flwr][DEBUG] - fit_round 4 received 10 results and 0 failures
[2026-01-13 03:47:22,002][flwr][INFO] - fit progress: (4, 247.88666504621506, {'accuracy': 0.505}, 10.707966665999265)
[2026-01-13 03:47:22,002][flwr][DEBUG] - evaluate_round 4: strategy sampled 10 clients (out of 10)
[2026-01-13 03:47:22,050][flwr][DEBUG] - evaluate_round 4 received 10 results and 0 failures
[2026-01-13 03:47:22,050][flwr][DEBUG] - fit_round 5: strategy sampled 10 clients (out of 10)
[2026-01-13 03:47:23,475][flwr][DEBUG] - fit_round 5 received 10 results and 0 failures
[2026-01-13 03:47:23,551][flwr][INFO] - fit progress: (5, 248.81786653399467, {'accuracy': 0.5055}, 12.257488375005778)
[2026-01-13 03:47:23,551][flwr][DEBUG] - evaluate_round 5: strategy sampled 10 clients (out of 10)
[2026-01-13 03:47:23,601][flwr][DEBUG] - evaluate_round 5 received 10 results and 0 failures
[2026-01-13 03:47:23,601][flwr][DEBUG] - fit_round 6: strategy sampled 10 clients (out of 10)
[2026-01-13 03:47:25,114][flwr][DEBUG] - fit_round 6 received 10 results and 0 failures
[2026-01-13 03:47:25,199][flwr][INFO] - fit progress: (6, 248.13082838058472, {'accuracy': 0.5085}, 13.905462166003417)
[2026-01-13 03:47:25,199][flwr][DEBUG] - evaluate_round 6: strategy sampled 10 clients (out of 10)
[2026-01-13 03:47:25,254][flwr][DEBUG] - evaluate_round 6 received 10 results and 0 failures
[2026-01-13 03:47:25,255][flwr][DEBUG] - fit_round 7: strategy sampled 10 clients (out of 10)
[2026-01-13 03:47:26,808][flwr][DEBUG] - fit_round 7 received 10 results and 0 failures
[2026-01-13 03:47:26,887][flwr][INFO] - fit progress: (7, 248.17580339312553, {'accuracy': 0.5105}, 15.593673958006548)
[2026-01-13 03:47:26,888][flwr][DEBUG] - evaluate_round 7: strategy sampled 10 clients (out of 10)
[2026-01-13 03:47:26,932][flwr][DEBUG] - evaluate_round 7 received 10 results and 0 failures
[2026-01-13 03:47:26,932][flwr][DEBUG] - fit_round 8: strategy sampled 10 clients (out of 10)
[2026-01-13 03:47:28,647][flwr][DEBUG] - fit_round 8 received 10 results and 0 failures
[2026-01-13 03:47:28,741][flwr][INFO] - fit progress: (8, 245.267372995615, {'accuracy': 0.5125}, 17.447584666020703)
[2026-01-13 03:47:28,742][flwr][DEBUG] - evaluate_round 8: strategy sampled 10 clients (out of 10)
[2026-01-13 03:47:28,818][flwr][DEBUG] - evaluate_round 8 received 10 results and 0 failures
[2026-01-13 03:47:28,818][flwr][DEBUG] - fit_round 9: strategy sampled 10 clients (out of 10)
[2026-01-13 03:47:30,507][flwr][DEBUG] - fit_round 9 received 10 results and 0 failures
[2026-01-13 03:47:30,589][flwr][INFO] - fit progress: (9, 248.06858572363853, {'accuracy': 0.5115}, 19.295615916023962)
[2026-01-13 03:47:30,590][flwr][DEBUG] - evaluate_round 9: strategy sampled 10 clients (out of 10)
[2026-01-13 03:47:30,646][flwr][DEBUG] - evaluate_round 9 received 10 results and 0 failures
[2026-01-13 03:47:30,647][flwr][DEBUG] - fit_round 10: strategy sampled 10 clients (out of 10)
[2026-01-13 03:47:32,162][flwr][DEBUG] - fit_round 10 received 10 results and 0 failures
[2026-01-13 03:47:32,238][flwr][INFO] - fit progress: (10, 246.3570834994316, {'accuracy': 0.5115}, 20.943783791008173)
[2026-01-13 03:47:32,238][flwr][DEBUG] - evaluate_round 10: strategy sampled 10 clients (out of 10)
[2026-01-13 03:47:32,292][flwr][DEBUG] - evaluate_round 10 received 10 results and 0 failures
[2026-01-13 03:47:32,292][flwr][INFO] - FL finished in 20.998606458015274
[2026-01-13 03:47:32,293][flwr][INFO] - app_fit: losses_distributed [(1, 29.720998749315306), (2, 29.451311014654873), (3, 29.824959177228795), (4, 29.42054542255814), (5, 29.36179576278768), (6, 29.45491703733841), (7, 29.480854499543227), (8, 29.073726413797957), (9, 29.52225030944496), (10, 29.25022061357953)]
[2026-01-13 03:47:32,293][flwr][INFO] - app_fit: metrics_distributed_fit {}
[2026-01-13 03:47:32,293][flwr][INFO] - app_fit: metrics_distributed {}
[2026-01-13 03:47:32,293][flwr][INFO] - app_fit: losses_centralized [(0, 349.35961854457855), (1, 264.8336856365204), (2, 249.56963124871254), (3, 250.90933737158775), (4, 247.88666504621506), (5, 248.81786653399467), (6, 248.13082838058472), (7, 248.17580339312553), (8, 245.267372995615), (9, 248.06858572363853), (10, 246.3570834994316)]
[2026-01-13 03:47:32,293][flwr][INFO] - app_fit: metrics_centralized {'accuracy': [(0, 0.2425), (1, 0.494), (2, 0.5035), (3, 0.5055), (4, 0.505), (5, 0.5055), (6, 0.5085), (7, 0.5105), (8, 0.5125), (9, 0.5115), (10, 0.5115)]}
