[2026-01-15 18:07:53,904][flwr][INFO] - Starting Flower simulation, config: ServerConfig(num_rounds=10, round_timeout=None)
[2026-01-15 18:07:59,532][flwr][INFO] - Flower VCE: Ray initialized with resources: {'node:127.0.0.1': 1.0, 'memory': 11850584474.0, 'object_store_memory': 2147483648.0, 'CPU': 10.0}
[2026-01-15 18:07:59,532][flwr][INFO] - Initializing global parameters
[2026-01-15 18:07:59,532][flwr][INFO] - Using initial parameters provided by strategy
[2026-01-15 18:07:59,533][flwr][INFO] - Evaluating initial parameters
[2026-01-15 18:07:59,972][flwr][INFO] - initial parameters (loss, other metrics): 1.4145967275411397, {'rmse': 13963.591515079492, 'mae': 10300.927734375, 'r2': -0.5562232211899847}
[2026-01-15 18:07:59,972][flwr][INFO] - FL starting
[2026-01-15 18:07:59,973][flwr][DEBUG] - fit_round 1: strategy sampled 3 clients (out of 3)
[2026-01-15 18:08:10,870][flwr][DEBUG] - fit_round 1 received 3 results and 0 failures
[2026-01-15 18:08:10,871][flwr][WARNING] - No fit_metrics_aggregation_fn provided
[2026-01-15 18:08:11,037][flwr][INFO] - fit progress: (1, 0.2558604145909215, {'rmse': 5938.576597131673, 'mae': 3443.519287109375, 'r2': 0.7185233690062343}, 11.064370834006695)
[2026-01-15 18:08:11,037][flwr][DEBUG] - evaluate_round 1: strategy sampled 3 clients (out of 3)
[2026-01-15 18:08:11,185][flwr][DEBUG] - evaluate_round 1 received 3 results and 0 failures
[2026-01-15 18:08:11,186][flwr][WARNING] - No evaluate_metrics_aggregation_fn provided
[2026-01-15 18:08:11,186][flwr][DEBUG] - fit_round 2: strategy sampled 3 clients (out of 3)
[2026-01-15 18:08:17,611][flwr][DEBUG] - fit_round 2 received 3 results and 0 failures
[2026-01-15 18:08:17,762][flwr][INFO] - fit progress: (2, 0.24289384097964675, {'rmse': 5786.141719660865, 'mae': 3381.95751953125, 'r2': 0.7327881279695374}, 17.789977792010177)
[2026-01-15 18:08:17,763][flwr][DEBUG] - evaluate_round 2: strategy sampled 3 clients (out of 3)
[2026-01-15 18:08:17,902][flwr][DEBUG] - evaluate_round 2 received 3 results and 0 failures
[2026-01-15 18:08:17,902][flwr][DEBUG] - fit_round 3: strategy sampled 3 clients (out of 3)
[2026-01-15 18:08:24,232][flwr][DEBUG] - fit_round 3 received 3 results and 0 failures
[2026-01-15 18:08:24,386][flwr][INFO] - fit progress: (3, 0.27131666778563496, {'rmse': 6115.318143809037, 'mae': 3496.8203125, 'r2': 0.7015196570741545}, 24.413540250010556)
[2026-01-15 18:08:24,386][flwr][DEBUG] - evaluate_round 3: strategy sampled 3 clients (out of 3)
[2026-01-15 18:08:24,482][flwr][DEBUG] - evaluate_round 3 received 3 results and 0 failures
[2026-01-15 18:08:24,483][flwr][DEBUG] - fit_round 4: strategy sampled 3 clients (out of 3)
[2026-01-15 18:08:30,712][flwr][DEBUG] - fit_round 4 received 3 results and 0 failures
[2026-01-15 18:08:30,862][flwr][INFO] - fit progress: (4, 0.31722991533942885, {'rmse': 6612.5335537901055, 'mae': 3607.130615234375, 'r2': 0.6510096631968953}, 30.889311417005956)
[2026-01-15 18:08:30,862][flwr][DEBUG] - evaluate_round 4: strategy sampled 3 clients (out of 3)
[2026-01-15 18:08:30,953][flwr][DEBUG] - evaluate_round 4 received 3 results and 0 failures
[2026-01-15 18:08:30,954][flwr][DEBUG] - fit_round 5: strategy sampled 3 clients (out of 3)
[2026-01-15 18:08:37,241][flwr][DEBUG] - fit_round 5 received 3 results and 0 failures
[2026-01-15 18:08:37,399][flwr][INFO] - fit progress: (5, 0.3456235438495785, {'rmse': 6902.119384652804, 'mae': 3690.172119140625, 'r2': 0.6197733440538565}, 37.426313125004526)
[2026-01-15 18:08:37,399][flwr][DEBUG] - evaluate_round 5: strategy sampled 3 clients (out of 3)
[2026-01-15 18:08:37,488][flwr][DEBUG] - evaluate_round 5 received 3 results and 0 failures
[2026-01-15 18:08:37,488][flwr][DEBUG] - fit_round 6: strategy sampled 3 clients (out of 3)
[2026-01-15 18:08:43,904][flwr][DEBUG] - fit_round 6 received 3 results and 0 failures
[2026-01-15 18:08:44,063][flwr][INFO] - fit progress: (6, 0.4052185001852992, {'rmse': 7473.524202141852, 'mae': 3796.153076171875, 'r2': 0.5542118468326516}, 44.091064417007146)
[2026-01-15 18:08:44,064][flwr][DEBUG] - evaluate_round 6: strategy sampled 3 clients (out of 3)
[2026-01-15 18:08:44,159][flwr][DEBUG] - evaluate_round 6 received 3 results and 0 failures
[2026-01-15 18:08:44,160][flwr][DEBUG] - fit_round 7: strategy sampled 3 clients (out of 3)
[2026-01-15 18:08:50,542][flwr][DEBUG] - fit_round 7 received 3 results and 0 failures
[2026-01-15 18:08:50,699][flwr][INFO] - fit progress: (7, 0.4467991007579578, {'rmse': 7847.6014169936025, 'mae': 3938.464599609375, 'r2': 0.5084683297876413}, 50.726185209001414)
[2026-01-15 18:08:50,699][flwr][DEBUG] - evaluate_round 7: strategy sampled 3 clients (out of 3)
[2026-01-15 18:08:50,789][flwr][DEBUG] - evaluate_round 7 received 3 results and 0 failures
[2026-01-15 18:08:50,789][flwr][DEBUG] - fit_round 8: strategy sampled 3 clients (out of 3)
[2026-01-15 18:08:57,122][flwr][DEBUG] - fit_round 8 received 3 results and 0 failures
[2026-01-15 18:08:57,281][flwr][INFO] - fit progress: (8, 0.4962476533096474, {'rmse': 8270.467459581714, 'mae': 4075.5419921875, 'r2': 0.454069004696283}, 57.30892441701144)
[2026-01-15 18:08:57,282][flwr][DEBUG] - evaluate_round 8: strategy sampled 3 clients (out of 3)
[2026-01-15 18:08:57,369][flwr][DEBUG] - evaluate_round 8 received 3 results and 0 failures
[2026-01-15 18:08:57,369][flwr][DEBUG] - fit_round 9: strategy sampled 3 clients (out of 3)
[2026-01-15 18:09:03,667][flwr][DEBUG] - fit_round 9 received 3 results and 0 failures
[2026-01-15 18:09:03,829][flwr][INFO] - fit progress: (9, 0.5619207876580613, {'rmse': 8800.723152105173, 'mae': 4154.2392578125, 'r2': 0.38182085927153453}, 63.85639870900195)
[2026-01-15 18:09:03,829][flwr][DEBUG] - evaluate_round 9: strategy sampled 3 clients (out of 3)
[2026-01-15 18:09:03,962][flwr][DEBUG] - evaluate_round 9 received 3 results and 0 failures
[2026-01-15 18:09:03,962][flwr][DEBUG] - fit_round 10: strategy sampled 3 clients (out of 3)
[2026-01-15 18:09:10,266][flwr][DEBUG] - fit_round 10 received 3 results and 0 failures
[2026-01-15 18:09:10,424][flwr][INFO] - fit progress: (10, 0.607698486910926, {'rmse': 9152.187061025359, 'mae': 4240.63818359375, 'r2': 0.33145999062117837}, 70.45163508399855)
[2026-01-15 18:09:10,424][flwr][DEBUG] - evaluate_round 10: strategy sampled 3 clients (out of 3)
[2026-01-15 18:09:10,538][flwr][DEBUG] - evaluate_round 10 received 3 results and 0 failures
[2026-01-15 18:09:10,539][flwr][INFO] - FL finished in 70.5662023749901
[2026-01-15 18:09:10,539][flwr][INFO] - app_fit: losses_distributed [(1, 0.1643136378632379), (2, 0.1634902675315663), (3, 0.18648400382988317), (4, 0.20203349923403346), (5, 0.2266238595754024), (6, 0.247395747790052), (7, 0.28471764671787614), (8, 0.32487907452408377), (9, 0.34861121832984826), (10, 0.3779636408373705)]
[2026-01-15 18:09:10,540][flwr][INFO] - app_fit: metrics_distributed_fit {}
[2026-01-15 18:09:10,540][flwr][INFO] - app_fit: metrics_distributed {}
[2026-01-15 18:09:10,540][flwr][INFO] - app_fit: losses_centralized [(0, 1.4145967275411397), (1, 0.2558604145909215), (2, 0.24289384097964675), (3, 0.27131666778563496), (4, 0.31722991533942885), (5, 0.3456235438495785), (6, 0.4052185001852992), (7, 0.4467991007579578), (8, 0.4962476533096474), (9, 0.5619207876580613), (10, 0.607698486910926)]
[2026-01-15 18:09:10,540][flwr][INFO] - app_fit: metrics_centralized {'rmse': [(0, 13963.591515079492), (1, 5938.576597131673), (2, 5786.141719660865), (3, 6115.318143809037), (4, 6612.5335537901055), (5, 6902.119384652804), (6, 7473.524202141852), (7, 7847.6014169936025), (8, 8270.467459581714), (9, 8800.723152105173), (10, 9152.187061025359)], 'mae': [(0, 10300.927734375), (1, 3443.519287109375), (2, 3381.95751953125), (3, 3496.8203125), (4, 3607.130615234375), (5, 3690.172119140625), (6, 3796.153076171875), (7, 3938.464599609375), (8, 4075.5419921875), (9, 4154.2392578125), (10, 4240.63818359375)], 'r2': [(0, -0.5562232211899847), (1, 0.7185233690062343), (2, 0.7327881279695374), (3, 0.7015196570741545), (4, 0.6510096631968953), (5, 0.6197733440538565), (6, 0.5542118468326516), (7, 0.5084683297876413), (8, 0.454069004696283), (9, 0.38182085927153453), (10, 0.33145999062117837)]}
[2026-01-15 18:09:10,891][flwr][INFO] - Starting Flower simulation, config: ServerConfig(num_rounds=10, round_timeout=None)
[2026-01-15 18:09:18,537][flwr][INFO] - Flower VCE: Ray initialized with resources: {'memory': 12163670426.0, 'CPU': 10.0, 'node:127.0.0.1': 1.0, 'object_store_memory': 2147483648.0}
[2026-01-15 18:09:18,538][flwr][INFO] - Initializing global parameters
[2026-01-15 18:09:18,538][flwr][INFO] - Using initial parameters provided by strategy
[2026-01-15 18:09:18,538][flwr][INFO] - Evaluating initial parameters
[2026-01-15 18:09:18,695][flwr][INFO] - initial parameters (loss, other metrics): 1.4145967275411397, {'rmse': 13963.591515079492, 'mae': 10300.927734375, 'r2': -0.5562232211899847}
[2026-01-15 18:09:18,695][flwr][INFO] - FL starting
[2026-01-15 18:09:18,695][flwr][DEBUG] - fit_round 1: strategy sampled 3 clients (out of 3)
[2026-01-15 18:09:40,174][flwr][DEBUG] - fit_round 1 received 3 results and 0 failures
[2026-01-15 18:09:40,177][flwr][WARNING] - No fit_metrics_aggregation_fn provided
[2026-01-15 18:09:40,443][flwr][INFO] - fit progress: (1, 0.23196245561371576, {'rmse': 5654.440909586022, 'mae': 3416.645751953125, 'r2': 0.7448139305279988}, 21.748039583006175)
[2026-01-15 18:09:40,444][flwr][DEBUG] - evaluate_round 1: strategy sampled 3 clients (out of 3)
[2026-01-15 18:09:40,718][flwr][DEBUG] - evaluate_round 1 received 3 results and 0 failures
[2026-01-15 18:09:40,718][flwr][WARNING] - No evaluate_metrics_aggregation_fn provided
[2026-01-15 18:09:40,718][flwr][DEBUG] - fit_round 2: strategy sampled 3 clients (out of 3)
[2026-01-15 18:09:56,795][flwr][DEBUG] - fit_round 2 received 3 results and 0 failures
[2026-01-15 18:09:56,952][flwr][INFO] - fit progress: (2, 0.23641976512767174, {'rmse': 5708.50926249577, 'mae': 3353.4873046875, 'r2': 0.7399103546968229}, 38.25667166701169)
[2026-01-15 18:09:56,953][flwr][DEBUG] - evaluate_round 2: strategy sampled 3 clients (out of 3)
[2026-01-15 18:09:57,109][flwr][DEBUG] - evaluate_round 2 received 3 results and 0 failures
[2026-01-15 18:09:57,110][flwr][DEBUG] - fit_round 3: strategy sampled 3 clients (out of 3)
[2026-01-15 18:10:13,132][flwr][DEBUG] - fit_round 3 received 3 results and 0 failures
[2026-01-15 18:10:13,295][flwr][INFO] - fit progress: (3, 0.25363253449295853, {'rmse': 5912.665388807319, 'mae': 3418.963623046875, 'r2': 0.7209742979055382}, 54.599473417008994)
[2026-01-15 18:10:13,295][flwr][DEBUG] - evaluate_round 3: strategy sampled 3 clients (out of 3)
[2026-01-15 18:10:13,393][flwr][DEBUG] - evaluate_round 3 received 3 results and 0 failures
[2026-01-15 18:10:13,394][flwr][DEBUG] - fit_round 4: strategy sampled 3 clients (out of 3)
[2026-01-15 18:10:29,433][flwr][DEBUG] - fit_round 4 received 3 results and 0 failures
[2026-01-15 18:10:29,593][flwr][INFO] - fit progress: (4, 0.28294540901441834, {'rmse': 6244.995756603843, 'mae': 3478.805419921875, 'r2': 0.6887266629818959}, 70.89767108298838)
[2026-01-15 18:10:29,593][flwr][DEBUG] - evaluate_round 4: strategy sampled 3 clients (out of 3)
[2026-01-15 18:10:29,735][flwr][DEBUG] - evaluate_round 4 received 3 results and 0 failures
[2026-01-15 18:10:29,735][flwr][DEBUG] - fit_round 5: strategy sampled 3 clients (out of 3)
[2026-01-15 18:10:45,885][flwr][DEBUG] - fit_round 5 received 3 results and 0 failures
[2026-01-15 18:10:46,052][flwr][INFO] - fit progress: (5, 0.3156031547962605, {'rmse': 6595.5569893679185, 'mae': 3554.289794921875, 'r2': 0.652799296817451}, 87.35683112501283)
[2026-01-15 18:10:46,052][flwr][DEBUG] - evaluate_round 5: strategy sampled 3 clients (out of 3)
[2026-01-15 18:10:46,159][flwr][DEBUG] - evaluate_round 5 received 3 results and 0 failures
[2026-01-15 18:10:46,159][flwr][DEBUG] - fit_round 6: strategy sampled 3 clients (out of 3)
[2026-01-15 18:11:02,141][flwr][DEBUG] - fit_round 6 received 3 results and 0 failures
[2026-01-15 18:11:02,301][flwr][INFO] - fit progress: (6, 0.3422496053012642, {'rmse': 6868.347690674956, 'mae': 3684.8154296875, 'r2': 0.6234850797870687}, 103.60560483299196)
[2026-01-15 18:11:02,301][flwr][DEBUG] - evaluate_round 6: strategy sampled 3 clients (out of 3)
[2026-01-15 18:11:02,403][flwr][DEBUG] - evaluate_round 6 received 3 results and 0 failures
[2026-01-15 18:11:02,404][flwr][DEBUG] - fit_round 7: strategy sampled 3 clients (out of 3)
[2026-01-15 18:11:18,512][flwr][DEBUG] - fit_round 7 received 3 results and 0 failures
[2026-01-15 18:11:18,675][flwr][INFO] - fit progress: (7, 0.3755789289961348, {'rmse': 7195.010493390541, 'mae': 3684.109130859375, 'r2': 0.5868188614450912}, 119.97948420798639)
[2026-01-15 18:11:18,675][flwr][DEBUG] - evaluate_round 7: strategy sampled 3 clients (out of 3)
[2026-01-15 18:11:18,790][flwr][DEBUG] - evaluate_round 7 received 3 results and 0 failures
[2026-01-15 18:11:18,790][flwr][DEBUG] - fit_round 8: strategy sampled 3 clients (out of 3)
[2026-01-15 18:11:34,745][flwr][DEBUG] - fit_round 8 received 3 results and 0 failures
[2026-01-15 18:11:34,901][flwr][INFO] - fit progress: (8, 0.4020168006539464, {'rmse': 7443.940891758881, 'mae': 3773.545654296875, 'r2': 0.5577341081169349}, 136.20504999998957)
[2026-01-15 18:11:34,901][flwr][DEBUG] - evaluate_round 8: strategy sampled 3 clients (out of 3)
[2026-01-15 18:11:34,994][flwr][DEBUG] - evaluate_round 8 received 3 results and 0 failures
[2026-01-15 18:11:34,994][flwr][DEBUG] - fit_round 9: strategy sampled 3 clients (out of 3)
[2026-01-15 18:11:51,068][flwr][DEBUG] - fit_round 9 received 3 results and 0 failures
[2026-01-15 18:11:51,242][flwr][INFO] - fit progress: (9, 0.46432390847840943, {'rmse': 8000.024749961715, 'mae': 3863.85595703125, 'r2': 0.48918892827819427}, 152.54678991698893)
[2026-01-15 18:11:51,243][flwr][DEBUG] - evaluate_round 9: strategy sampled 3 clients (out of 3)
[2026-01-15 18:11:51,344][flwr][DEBUG] - evaluate_round 9 received 3 results and 0 failures
[2026-01-15 18:11:51,344][flwr][DEBUG] - fit_round 10: strategy sampled 3 clients (out of 3)
[2026-01-15 18:12:07,344][flwr][DEBUG] - fit_round 10 received 3 results and 0 failures
[2026-01-15 18:12:07,501][flwr][INFO] - fit progress: (10, 0.5015090674132079, {'rmse': 8314.195090325942, 'mae': 3950.32421875, 'r2': 0.44828083843916255}, 168.8057018330146)
[2026-01-15 18:12:07,502][flwr][DEBUG] - evaluate_round 10: strategy sampled 3 clients (out of 3)
[2026-01-15 18:12:07,598][flwr][DEBUG] - evaluate_round 10 received 3 results and 0 failures
[2026-01-15 18:12:07,598][flwr][INFO] - FL finished in 168.90277091698954
[2026-01-15 18:12:07,599][flwr][INFO] - app_fit: losses_distributed [(1, 0.15617986730382202), (2, 0.15901681081520774), (3, 0.17619191681869895), (4, 0.18732309821121323), (5, 0.20364576113359042), (6, 0.23592033953907557), (7, 0.23602646321116255), (8, 0.2635808973001102), (9, 0.28576076482466656), (10, 0.31022842448948157)]
[2026-01-15 18:12:07,599][flwr][INFO] - app_fit: metrics_distributed_fit {}
[2026-01-15 18:12:07,599][flwr][INFO] - app_fit: metrics_distributed {}
[2026-01-15 18:12:07,599][flwr][INFO] - app_fit: losses_centralized [(0, 1.4145967275411397), (1, 0.23196245561371576), (2, 0.23641976512767174), (3, 0.25363253449295853), (4, 0.28294540901441834), (5, 0.3156031547962605), (6, 0.3422496053012642), (7, 0.3755789289961348), (8, 0.4020168006539464), (9, 0.46432390847840943), (10, 0.5015090674132079)]
[2026-01-15 18:12:07,599][flwr][INFO] - app_fit: metrics_centralized {'rmse': [(0, 13963.591515079492), (1, 5654.440909586022), (2, 5708.50926249577), (3, 5912.665388807319), (4, 6244.995756603843), (5, 6595.5569893679185), (6, 6868.347690674956), (7, 7195.010493390541), (8, 7443.940891758881), (9, 8000.024749961715), (10, 8314.195090325942)], 'mae': [(0, 10300.927734375), (1, 3416.645751953125), (2, 3353.4873046875), (3, 3418.963623046875), (4, 3478.805419921875), (5, 3554.289794921875), (6, 3684.8154296875), (7, 3684.109130859375), (8, 3773.545654296875), (9, 3863.85595703125), (10, 3950.32421875)], 'r2': [(0, -0.5562232211899847), (1, 0.7448139305279988), (2, 0.7399103546968229), (3, 0.7209742979055382), (4, 0.6887266629818959), (5, 0.652799296817451), (6, 0.6234850797870687), (7, 0.5868188614450912), (8, 0.5577341081169349), (9, 0.48918892827819427), (10, 0.44828083843916255)]}
