[2026-01-23 03:58:00,400][flwr][INFO] - Starting Flower simulation, config: ServerConfig(num_rounds=10, round_timeout=None)
[2026-01-23 03:58:05,417][flwr][INFO] - Flower VCE: Ray initialized with resources: {'CPU': 10.0, 'memory': 11741636608.0, 'node:127.0.0.1': 1.0, 'object_store_memory': 2147483648.0}
[2026-01-23 03:58:05,418][flwr][INFO] - Initializing global parameters
[2026-01-23 03:58:05,418][flwr][INFO] - Requesting initial parameters from one random client
[2026-01-23 03:58:08,811][flwr][INFO] - Received initial parameters from one random client
[2026-01-23 03:58:08,811][flwr][INFO] - Evaluating initial parameters
[2026-01-23 03:58:09,750][flwr][INFO] - initial parameters (loss, other metrics): 1639903872.0, {'rmse': 40495.726589357546, 'mae': 23662.876953125, 'r2': -12.053963661193848}
[2026-01-23 03:58:09,751][flwr][INFO] - FL starting
[2026-01-23 03:58:09,751][flwr][DEBUG] - fit_round 1: strategy sampled 6 clients (out of 12)
[2026-01-23 03:58:22,807][flwr][DEBUG] - fit_round 1 received 6 results and 0 failures
[2026-01-23 03:58:22,817][flwr][WARNING] - No fit_metrics_aggregation_fn provided
[2026-01-23 03:58:23,233][flwr][INFO] - fit progress: (1, 42575656.0, {'rmse': 6525.002375478495, 'mae': 4509.68310546875, 'r2': 0.6610892415046692}, 13.482361167029012)
[2026-01-23 03:58:23,234][flwr][DEBUG] - evaluate_round 1: strategy sampled 6 clients (out of 12)
[2026-01-23 03:58:23,524][flwr][DEBUG] - evaluate_round 1 received 6 results and 0 failures
[2026-01-23 03:58:23,525][flwr][WARNING] - No evaluate_metrics_aggregation_fn provided
[2026-01-23 03:58:23,526][flwr][DEBUG] - fit_round 2: strategy sampled 6 clients (out of 12)
[2026-01-23 03:58:34,450][flwr][DEBUG] - fit_round 2 received 6 results and 0 failures
[2026-01-23 03:58:34,846][flwr][INFO] - fit progress: (2, 26138472.0, {'rmse': 5112.579779328632, 'mae': 3569.437255859375, 'r2': 0.7919325232505798}, 25.094846874999348)
[2026-01-23 03:58:34,846][flwr][DEBUG] - evaluate_round 2: strategy sampled 6 clients (out of 12)
[2026-01-23 03:58:35,078][flwr][DEBUG] - evaluate_round 2 received 6 results and 0 failures
[2026-01-23 03:58:35,079][flwr][DEBUG] - fit_round 3: strategy sampled 6 clients (out of 12)
[2026-01-23 03:58:46,100][flwr][DEBUG] - fit_round 3 received 6 results and 0 failures
[2026-01-23 03:58:46,509][flwr][INFO] - fit progress: (3, 20921032.0, {'rmse': 4573.95146454354, 'mae': 3090.10009765625, 'r2': 0.8334643840789795}, 36.7583031670074)
[2026-01-23 03:58:46,509][flwr][DEBUG] - evaluate_round 3: strategy sampled 6 clients (out of 12)
[2026-01-23 03:58:46,731][flwr][DEBUG] - evaluate_round 3 received 6 results and 0 failures
[2026-01-23 03:58:46,732][flwr][DEBUG] - fit_round 4: strategy sampled 6 clients (out of 12)
[2026-01-23 03:58:57,488][flwr][DEBUG] - fit_round 4 received 6 results and 0 failures
[2026-01-23 03:58:57,879][flwr][INFO] - fit progress: (4, 20487818.0, {'rmse': 4526.34709230302, 'mae': 3044.055419921875, 'r2': 0.8369128704071045}, 48.12848075001966)
[2026-01-23 03:58:57,880][flwr][DEBUG] - evaluate_round 4: strategy sampled 6 clients (out of 12)
[2026-01-23 03:58:58,110][flwr][DEBUG] - evaluate_round 4 received 6 results and 0 failures
[2026-01-23 03:58:58,110][flwr][DEBUG] - fit_round 5: strategy sampled 6 clients (out of 12)
[2026-01-23 03:59:09,059][flwr][DEBUG] - fit_round 5 received 6 results and 0 failures
[2026-01-23 03:59:09,449][flwr][INFO] - fit progress: (5, 20209430.0, {'rmse': 4495.4899621732, 'mae': 3015.990478515625, 'r2': 0.839128851890564}, 59.697540374996606)
[2026-01-23 03:59:09,449][flwr][DEBUG] - evaluate_round 5: strategy sampled 6 clients (out of 12)
[2026-01-23 03:59:09,686][flwr][DEBUG] - evaluate_round 5 received 6 results and 0 failures
[2026-01-23 03:59:09,687][flwr][DEBUG] - fit_round 6: strategy sampled 6 clients (out of 12)
[2026-01-23 03:59:20,171][flwr][DEBUG] - fit_round 6 received 6 results and 0 failures
[2026-01-23 03:59:20,548][flwr][INFO] - fit progress: (6, 19161048.0, {'rmse': 4377.333434866483, 'mae': 2907.824462890625, 'r2': 0.847474217414856}, 70.79719612502959)
[2026-01-23 03:59:20,549][flwr][DEBUG] - evaluate_round 6: strategy sampled 6 clients (out of 12)
[2026-01-23 03:59:20,653][flwr][DEBUG] - evaluate_round 6 received 6 results and 0 failures
[2026-01-23 03:59:20,654][flwr][DEBUG] - fit_round 7: strategy sampled 6 clients (out of 12)
[2026-01-23 03:59:30,876][flwr][DEBUG] - fit_round 7 received 6 results and 0 failures
[2026-01-23 03:59:31,283][flwr][INFO] - fit progress: (7, 18382144.0, {'rmse': 4287.440261974503, 'mae': 2785.47607421875, 'r2': 0.8536744713783264}, 81.53197266702773)
[2026-01-23 03:59:31,284][flwr][DEBUG] - evaluate_round 7: strategy sampled 6 clients (out of 12)
[2026-01-23 03:59:31,510][flwr][DEBUG] - evaluate_round 7 received 6 results and 0 failures
[2026-01-23 03:59:31,511][flwr][DEBUG] - fit_round 8: strategy sampled 6 clients (out of 12)
[2026-01-23 03:59:43,173][flwr][DEBUG] - fit_round 8 received 6 results and 0 failures
[2026-01-23 03:59:43,564][flwr][INFO] - fit progress: (8, 18187980.0, {'rmse': 4264.736803133343, 'mae': 2695.5166015625, 'r2': 0.8552200198173523}, 93.81258691701805)
[2026-01-23 03:59:43,564][flwr][DEBUG] - evaluate_round 8: strategy sampled 6 clients (out of 12)
[2026-01-23 03:59:43,749][flwr][DEBUG] - evaluate_round 8 received 6 results and 0 failures
[2026-01-23 03:59:43,750][flwr][DEBUG] - fit_round 9: strategy sampled 6 clients (out of 12)
[2026-01-23 03:59:54,005][flwr][DEBUG] - fit_round 9 received 6 results and 0 failures
[2026-01-23 03:59:54,371][flwr][INFO] - fit progress: (9, 15328477.0, {'rmse': 3915.1598945636947, 'mae': 2571.304443359375, 'r2': 0.8779822587966919}, 104.61954662500648)
[2026-01-23 03:59:54,371][flwr][DEBUG] - evaluate_round 9: strategy sampled 6 clients (out of 12)
[2026-01-23 03:59:54,591][flwr][DEBUG] - evaluate_round 9 received 6 results and 0 failures
[2026-01-23 03:59:54,592][flwr][DEBUG] - fit_round 10: strategy sampled 6 clients (out of 12)
[2026-01-23 04:00:04,983][flwr][DEBUG] - fit_round 10 received 6 results and 0 failures
[2026-01-23 04:00:05,391][flwr][INFO] - fit progress: (10, 15946727.0, {'rmse': 3993.3353227596604, 'mae': 2607.045654296875, 'r2': 0.8730608224868774}, 115.6396128340275)
[2026-01-23 04:00:05,391][flwr][DEBUG] - evaluate_round 10: strategy sampled 6 clients (out of 12)
[2026-01-23 04:00:05,502][flwr][DEBUG] - evaluate_round 10 received 6 results and 0 failures
[2026-01-23 04:00:05,503][flwr][INFO] - FL finished in 115.75132170901634
[2026-01-23 04:00:05,504][flwr][INFO] - app_fit: losses_distributed [(1, 48846530.95890411), (2, 28031756.91981132), (3, 22999945.672169812), (4, 21189362.708559047), (5, 20668198.5935412), (6, 20727996.02739726), (7, 20960304.35272727), (8, 19981608.989386793), (9, 15195993.81192189), (10, 17891874.655660376)]
[2026-01-23 04:00:05,504][flwr][INFO] - app_fit: metrics_distributed_fit {}
[2026-01-23 04:00:05,504][flwr][INFO] - app_fit: metrics_distributed {}
[2026-01-23 04:00:05,504][flwr][INFO] - app_fit: losses_centralized [(0, 1639903872.0), (1, 42575656.0), (2, 26138472.0), (3, 20921032.0), (4, 20487818.0), (5, 20209430.0), (6, 19161048.0), (7, 18382144.0), (8, 18187980.0), (9, 15328477.0), (10, 15946727.0)]
[2026-01-23 04:00:05,505][flwr][INFO] - app_fit: metrics_centralized {'rmse': [(0, 40495.726589357546), (1, 6525.002375478495), (2, 5112.579779328632), (3, 4573.95146454354), (4, 4526.34709230302), (5, 4495.4899621732), (6, 4377.333434866483), (7, 4287.440261974503), (8, 4264.736803133343), (9, 3915.1598945636947), (10, 3993.3353227596604)], 'mae': [(0, 23662.876953125), (1, 4509.68310546875), (2, 3569.437255859375), (3, 3090.10009765625), (4, 3044.055419921875), (5, 3015.990478515625), (6, 2907.824462890625), (7, 2785.47607421875), (8, 2695.5166015625), (9, 2571.304443359375), (10, 2607.045654296875)], 'r2': [(0, -12.053963661193848), (1, 0.6610892415046692), (2, 0.7919325232505798), (3, 0.8334643840789795), (4, 0.8369128704071045), (5, 0.839128851890564), (6, 0.847474217414856), (7, 0.8536744713783264), (8, 0.8552200198173523), (9, 0.8779822587966919), (10, 0.8730608224868774)]}
[2026-01-23 04:00:05,507][flwr][INFO] - Starting Flower simulation, config: ServerConfig(num_rounds=10, round_timeout=None)
[2026-01-23 04:00:12,175][flwr][INFO] - Flower VCE: Ray initialized with resources: {'CPU': 10.0, 'memory': 12261625447.0, 'object_store_memory': 2147483648.0, 'node:127.0.0.1': 1.0}
[2026-01-23 04:00:12,176][flwr][INFO] - Initializing global parameters
[2026-01-23 04:00:12,176][flwr][INFO] - Requesting initial parameters from one random client
[2026-01-23 04:00:15,633][flwr][INFO] - Received initial parameters from one random client
[2026-01-23 04:00:15,633][flwr][INFO] - Evaluating initial parameters
[2026-01-23 04:00:16,037][flwr][INFO] - initial parameters (loss, other metrics): 295637728.0, {'rmse': 17194.118994586493, 'mae': 10907.791015625, 'r2': -1.3533353805541992}
[2026-01-23 04:00:16,037][flwr][INFO] - FL starting
[2026-01-23 04:00:16,038][flwr][DEBUG] - fit_round 1: strategy sampled 6 clients (out of 12)
[2026-01-23 04:00:31,528][flwr][DEBUG] - fit_round 1 received 6 results and 0 failures
[2026-01-23 04:00:31,533][flwr][WARNING] - No fit_metrics_aggregation_fn provided
[2026-01-23 04:00:31,916][flwr][INFO] - fit progress: (1, 30850962.0, {'rmse': 5554.364230044695, 'mae': 3800.59765625, 'r2': 0.7544201612472534}, 15.87870733300224)
[2026-01-23 04:00:31,916][flwr][DEBUG] - evaluate_round 1: strategy sampled 6 clients (out of 12)
[2026-01-23 04:00:32,177][flwr][DEBUG] - evaluate_round 1 received 6 results and 0 failures
[2026-01-23 04:00:32,178][flwr][WARNING] - No evaluate_metrics_aggregation_fn provided
[2026-01-23 04:00:32,178][flwr][DEBUG] - fit_round 2: strategy sampled 6 clients (out of 12)
[2026-01-23 04:00:43,351][flwr][DEBUG] - fit_round 2 received 6 results and 0 failures
[2026-01-23 04:00:43,721][flwr][INFO] - fit progress: (2, 21404880.0, {'rmse': 4626.5408244173095, 'mae': 3168.111083984375, 'r2': 0.8296128511428833}, 27.683605541998986)
[2026-01-23 04:00:43,721][flwr][DEBUG] - evaluate_round 2: strategy sampled 6 clients (out of 12)
[2026-01-23 04:00:44,066][flwr][DEBUG] - evaluate_round 2 received 6 results and 0 failures
[2026-01-23 04:00:44,070][flwr][DEBUG] - fit_round 3: strategy sampled 6 clients (out of 12)
[2026-01-23 04:00:54,603][flwr][DEBUG] - fit_round 3 received 6 results and 0 failures
[2026-01-23 04:00:55,004][flwr][INFO] - fit progress: (3, 24920676.0, {'rmse': 4992.06129770058, 'mae': 3192.42236328125, 'r2': 0.801626443862915}, 38.96651524998015)
[2026-01-23 04:00:55,004][flwr][DEBUG] - evaluate_round 3: strategy sampled 6 clients (out of 12)
[2026-01-23 04:00:55,203][flwr][DEBUG] - evaluate_round 3 received 6 results and 0 failures
[2026-01-23 04:00:55,203][flwr][DEBUG] - fit_round 4: strategy sampled 6 clients (out of 12)
[2026-01-23 04:01:05,943][flwr][DEBUG] - fit_round 4 received 6 results and 0 failures
[2026-01-23 04:01:06,318][flwr][INFO] - fit progress: (4, 27783788.0, {'rmse': 5271.032915852452, 'mae': 3277.929443359375, 'r2': 0.7788354754447937}, 50.28057399997488)
[2026-01-23 04:01:06,318][flwr][DEBUG] - evaluate_round 4: strategy sampled 6 clients (out of 12)
[2026-01-23 04:01:06,532][flwr][DEBUG] - evaluate_round 4 received 6 results and 0 failures
[2026-01-23 04:01:06,532][flwr][DEBUG] - fit_round 5: strategy sampled 6 clients (out of 12)
[2026-01-23 04:01:16,857][flwr][DEBUG] - fit_round 5 received 6 results and 0 failures
[2026-01-23 04:01:17,272][flwr][INFO] - fit progress: (5, 17127234.0, {'rmse': 4138.50625226059, 'mae': 2677.50244140625, 'r2': 0.8636637926101685}, 61.234761041996535)
[2026-01-23 04:01:17,273][flwr][DEBUG] - evaluate_round 5: strategy sampled 6 clients (out of 12)
[2026-01-23 04:01:17,367][flwr][DEBUG] - evaluate_round 5 received 6 results and 0 failures
[2026-01-23 04:01:17,368][flwr][DEBUG] - fit_round 6: strategy sampled 6 clients (out of 12)
[2026-01-23 04:01:28,250][flwr][DEBUG] - fit_round 6 received 6 results and 0 failures
[2026-01-23 04:01:28,674][flwr][INFO] - fit progress: (6, 17558774.0, {'rmse': 4190.319080929279, 'mae': 2736.492919921875, 'r2': 0.8602286577224731}, 72.63675245799823)
[2026-01-23 04:01:28,675][flwr][DEBUG] - evaluate_round 6: strategy sampled 6 clients (out of 12)
[2026-01-23 04:01:28,912][flwr][DEBUG] - evaluate_round 6 received 6 results and 0 failures
[2026-01-23 04:01:28,912][flwr][DEBUG] - fit_round 7: strategy sampled 6 clients (out of 12)
[2026-01-23 04:01:39,698][flwr][DEBUG] - fit_round 7 received 6 results and 0 failures
[2026-01-23 04:01:40,098][flwr][INFO] - fit progress: (7, 21040002.0, {'rmse': 4586.938194482241, 'mae': 2849.6884765625, 'r2': 0.8325173854827881}, 84.06075670797145)
[2026-01-23 04:01:40,099][flwr][DEBUG] - evaluate_round 7: strategy sampled 6 clients (out of 12)
[2026-01-23 04:01:40,342][flwr][DEBUG] - evaluate_round 7 received 6 results and 0 failures
[2026-01-23 04:01:40,343][flwr][DEBUG] - fit_round 8: strategy sampled 6 clients (out of 12)
[2026-01-23 04:01:51,610][flwr][DEBUG] - fit_round 8 received 6 results and 0 failures
[2026-01-23 04:01:51,982][flwr][INFO] - fit progress: (8, 17944610.0, {'rmse': 4236.1078834231785, 'mae': 2684.881591796875, 'r2': 0.857157289981842}, 95.94411158299772)
[2026-01-23 04:01:51,982][flwr][DEBUG] - evaluate_round 8: strategy sampled 6 clients (out of 12)
[2026-01-23 04:01:52,087][flwr][DEBUG] - evaluate_round 8 received 6 results and 0 failures
[2026-01-23 04:01:52,087][flwr][DEBUG] - fit_round 9: strategy sampled 6 clients (out of 12)
[2026-01-23 04:02:02,897][flwr][DEBUG] - fit_round 9 received 6 results and 0 failures
[2026-01-23 04:02:03,310][flwr][INFO] - fit progress: (9, 14496823.0, {'rmse': 3807.4693695419273, 'mae': 2459.923583984375, 'r2': 0.8846023678779602}, 107.27227708301507)
[2026-01-23 04:02:03,310][flwr][DEBUG] - evaluate_round 9: strategy sampled 6 clients (out of 12)
[2026-01-23 04:02:03,422][flwr][DEBUG] - evaluate_round 9 received 6 results and 0 failures
[2026-01-23 04:02:03,423][flwr][DEBUG] - fit_round 10: strategy sampled 6 clients (out of 12)
[2026-01-23 04:02:13,639][flwr][DEBUG] - fit_round 10 received 6 results and 0 failures
[2026-01-23 04:02:14,001][flwr][INFO] - fit progress: (10, 15520700.0, {'rmse': 3939.6319625061424, 'mae': 2497.909423828125, 'r2': 0.8764520883560181}, 117.9634677079739)
[2026-01-23 04:02:14,001][flwr][DEBUG] - evaluate_round 10: strategy sampled 6 clients (out of 12)
[2026-01-23 04:02:14,101][flwr][DEBUG] - evaluate_round 10 received 6 results and 0 failures
[2026-01-23 04:02:14,101][flwr][INFO] - FL finished in 118.06330154201714
[2026-01-23 04:02:14,101][flwr][INFO] - app_fit: losses_distributed [(1, 34157855.26207605), (2, 25026331.791284405), (3, 29000563.248), (4, 26179422.09272919), (5, 20799076.2370283), (6, 18026112.759219088), (7, 25706765.45021645), (8, 19427776.264150944), (9, 20828841.844660193), (10, 20645776.546116505)]
[2026-01-23 04:02:14,101][flwr][INFO] - app_fit: metrics_distributed_fit {}
[2026-01-23 04:02:14,101][flwr][INFO] - app_fit: metrics_distributed {}
[2026-01-23 04:02:14,101][flwr][INFO] - app_fit: losses_centralized [(0, 295637728.0), (1, 30850962.0), (2, 21404880.0), (3, 24920676.0), (4, 27783788.0), (5, 17127234.0), (6, 17558774.0), (7, 21040002.0), (8, 17944610.0), (9, 14496823.0), (10, 15520700.0)]
[2026-01-23 04:02:14,102][flwr][INFO] - app_fit: metrics_centralized {'rmse': [(0, 17194.118994586493), (1, 5554.364230044695), (2, 4626.5408244173095), (3, 4992.06129770058), (4, 5271.032915852452), (5, 4138.50625226059), (6, 4190.319080929279), (7, 4586.938194482241), (8, 4236.1078834231785), (9, 3807.4693695419273), (10, 3939.6319625061424)], 'mae': [(0, 10907.791015625), (1, 3800.59765625), (2, 3168.111083984375), (3, 3192.42236328125), (4, 3277.929443359375), (5, 2677.50244140625), (6, 2736.492919921875), (7, 2849.6884765625), (8, 2684.881591796875), (9, 2459.923583984375), (10, 2497.909423828125)], 'r2': [(0, -1.3533353805541992), (1, 0.7544201612472534), (2, 0.8296128511428833), (3, 0.801626443862915), (4, 0.7788354754447937), (5, 0.8636637926101685), (6, 0.8602286577224731), (7, 0.8325173854827881), (8, 0.857157289981842), (9, 0.8846023678779602), (10, 0.8764520883560181)]}
