[2026-01-17 00:07:41,401][flwr][INFO] - Starting Flower simulation, config: ServerConfig(num_rounds=35, round_timeout=None)
[2026-01-17 00:07:46,091][flwr][INFO] - Flower VCE: Ray initialized with resources: {'node:127.0.0.1': 1.0, 'memory': 11750222234.0, 'CPU': 10.0, 'object_store_memory': 2147483648.0}
[2026-01-17 00:07:46,091][flwr][INFO] - Initializing global parameters
[2026-01-17 00:07:46,091][flwr][INFO] - Using initial parameters provided by strategy
[2026-01-17 00:07:46,091][flwr][INFO] - Evaluating initial parameters
[2026-01-17 00:07:46,583][flwr][INFO] - initial parameters (loss, other metrics): 3.751187844883834, {'rmse': 15582.423431546198, 'mae': 10182.001953125, 'r2': -0.733591274930137, 'mape': 51.084510803222656, 'accuracy_10': 6.068204715847969, 'accuracy_20': 13.03911805152893}
[2026-01-17 00:07:46,583][flwr][INFO] - FL starting
[2026-01-17 00:07:46,583][flwr][DEBUG] - fit_round 1: strategy sampled 7 clients (out of 12)
[2026-01-17 00:07:56,782][flwr][DEBUG] - fit_round 1 received 7 results and 0 failures
[2026-01-17 00:07:56,786][flwr][WARNING] - No fit_metrics_aggregation_fn provided
[2026-01-17 00:07:56,991][flwr][INFO] - fit progress: (1, 0.23013387819230854, {'rmse': 5825.315098773628, 'mae': 3302.431640625, 'r2': 0.7577211033567762, 'mape': 19.392580032348633, 'accuracy_10': 28.335005044937134, 'accuracy_20': 56.56970739364624}, 10.407568208000157)
[2026-01-17 00:07:56,991][flwr][DEBUG] - evaluate_round 1: strategy sampled 6 clients (out of 12)
[2026-01-17 00:07:57,172][flwr][DEBUG] - evaluate_round 1 received 6 results and 0 failures
[2026-01-17 00:07:57,172][flwr][WARNING] - No evaluate_metrics_aggregation_fn provided
[2026-01-17 00:07:57,172][flwr][DEBUG] - fit_round 2: strategy sampled 7 clients (out of 12)
[2026-01-17 00:08:01,939][flwr][DEBUG] - fit_round 2 received 7 results and 0 failures
[2026-01-17 00:08:02,125][flwr][INFO] - fit progress: (2, 0.11630110346984002, {'rmse': 5023.553722216972, 'mae': 2581.753662109375, 'r2': 0.8198232149314371, 'mape': 14.128518104553223, 'accuracy_10': 43.229690194129944, 'accuracy_20': 80.44132590293884}, 15.541332749999128)
[2026-01-17 00:08:02,125][flwr][DEBUG] - evaluate_round 2: strategy sampled 6 clients (out of 12)
[2026-01-17 00:08:02,280][flwr][DEBUG] - evaluate_round 2 received 6 results and 0 failures
[2026-01-17 00:08:02,280][flwr][DEBUG] - fit_round 3: strategy sampled 7 clients (out of 12)
[2026-01-17 00:08:07,203][flwr][DEBUG] - fit_round 3 received 7 results and 0 failures
[2026-01-17 00:08:07,386][flwr][INFO] - fit progress: (3, 0.09453401422742735, {'rmse': 4765.455067462078, 'mae': 2232.142822265625, 'r2': 0.8378617572817835, 'mape': 12.002826690673828, 'accuracy_10': 63.340020179748535, 'accuracy_20': 85.95787286758423}, 20.802240958000766)
[2026-01-17 00:08:07,386][flwr][DEBUG] - evaluate_round 3: strategy sampled 6 clients (out of 12)
[2026-01-17 00:08:07,528][flwr][DEBUG] - evaluate_round 3 received 6 results and 0 failures
[2026-01-17 00:08:07,528][flwr][DEBUG] - fit_round 4: strategy sampled 7 clients (out of 12)
[2026-01-17 00:08:12,353][flwr][DEBUG] - fit_round 4 received 7 results and 0 failures
[2026-01-17 00:08:12,539][flwr][INFO] - fit progress: (4, 0.07688405367554191, {'rmse': 4361.791145848229, 'mae': 1981.352294921875, 'r2': 0.8641666406589701, 'mape': 10.660102844238281, 'accuracy_10': 64.79438543319702, 'accuracy_20': 88.86659741401672}, 25.955275458021788)
[2026-01-17 00:08:12,539][flwr][DEBUG] - evaluate_round 4: strategy sampled 6 clients (out of 12)
[2026-01-17 00:08:12,695][flwr][DEBUG] - evaluate_round 4 received 6 results and 0 failures
[2026-01-17 00:08:12,696][flwr][DEBUG] - fit_round 5: strategy sampled 7 clients (out of 12)
[2026-01-17 00:08:17,680][flwr][DEBUG] - fit_round 5 received 7 results and 0 failures
[2026-01-17 00:08:17,878][flwr][INFO] - fit progress: (5, 0.06466204815412477, {'rmse': 4299.08990368892, 'mae': 1885.8980712890625, 'r2': 0.8680438015759022, 'mape': 9.686735153198242, 'accuracy_10': 65.74724316596985, 'accuracy_20': 90.62186479568481}, 31.29485425000894)
[2026-01-17 00:08:17,879][flwr][DEBUG] - evaluate_round 5: strategy sampled 6 clients (out of 12)
[2026-01-17 00:08:18,016][flwr][DEBUG] - evaluate_round 5 received 6 results and 0 failures
[2026-01-17 00:08:18,016][flwr][DEBUG] - fit_round 6: strategy sampled 7 clients (out of 12)
[2026-01-17 00:08:22,585][flwr][DEBUG] - fit_round 6 received 7 results and 0 failures
[2026-01-17 00:08:22,772][flwr][INFO] - fit progress: (6, 0.06138714600948537, {'rmse': 4159.5184817476165, 'mae': 1841.7576904296875, 'r2': 0.876472729815544, 'mape': 9.44781494140625, 'accuracy_10': 68.45536828041077, 'accuracy_20': 91.62487387657166}, 36.189021666999906)
[2026-01-17 00:08:22,772][flwr][DEBUG] - evaluate_round 6: strategy sampled 6 clients (out of 12)
[2026-01-17 00:08:22,937][flwr][DEBUG] - evaluate_round 6 received 6 results and 0 failures
[2026-01-17 00:08:22,938][flwr][DEBUG] - fit_round 7: strategy sampled 7 clients (out of 12)
[2026-01-17 00:08:27,873][flwr][DEBUG] - fit_round 7 received 7 results and 0 failures
[2026-01-17 00:08:28,101][flwr][INFO] - fit progress: (7, 0.05900743239584454, {'rmse': 4093.612829762971, 'mae': 1797.2542724609375, 'r2': 0.8803561897770276, 'mape': 9.289928436279297, 'accuracy_10': 68.80642175674438, 'accuracy_20': 91.72517657279968}, 41.51816395801143)
[2026-01-17 00:08:28,102][flwr][DEBUG] - evaluate_round 7: strategy sampled 6 clients (out of 12)
[2026-01-17 00:08:28,248][flwr][DEBUG] - evaluate_round 7 received 6 results and 0 failures
[2026-01-17 00:08:28,248][flwr][DEBUG] - fit_round 8: strategy sampled 7 clients (out of 12)
[2026-01-17 00:08:33,312][flwr][DEBUG] - fit_round 8 received 7 results and 0 failures
[2026-01-17 00:08:33,537][flwr][INFO] - fit progress: (8, 0.06620312864082298, {'rmse': 4191.478020937245, 'mae': 1708.65283203125, 'r2': 0.8745672065082286, 'mape': 9.197011947631836, 'accuracy_10': 76.7803430557251, 'accuracy_20': 89.21765089035034}, 46.95399183299742)
[2026-01-17 00:08:33,538][flwr][DEBUG] - evaluate_round 8: strategy sampled 6 clients (out of 12)
[2026-01-17 00:08:33,712][flwr][DEBUG] - evaluate_round 8 received 6 results and 0 failures
[2026-01-17 00:08:33,713][flwr][DEBUG] - fit_round 9: strategy sampled 7 clients (out of 12)
[2026-01-17 00:08:38,934][flwr][DEBUG] - fit_round 9 received 7 results and 0 failures
[2026-01-17 00:08:39,131][flwr][INFO] - fit progress: (9, 0.05561589907365314, {'rmse': 4012.1962813401838, 'mae': 1597.08203125, 'r2': 0.8850679777635367, 'mape': 8.286157608032227, 'accuracy_10': 78.58575582504272, 'accuracy_20': 90.5717134475708}, 52.54810408302001)
[2026-01-17 00:08:39,132][flwr][DEBUG] - evaluate_round 9: strategy sampled 6 clients (out of 12)
[2026-01-17 00:08:39,268][flwr][DEBUG] - evaluate_round 9 received 6 results and 0 failures
[2026-01-17 00:08:39,268][flwr][DEBUG] - fit_round 10: strategy sampled 7 clients (out of 12)
[2026-01-17 00:08:44,195][flwr][DEBUG] - fit_round 10 received 7 results and 0 failures
[2026-01-17 00:08:44,398][flwr][INFO] - fit progress: (10, 0.053969917520918065, {'rmse': 3994.8324120042885, 'mae': 1586.11474609375, 'r2': 0.8860606235886914, 'mape': 8.166497230529785, 'accuracy_10': 79.08726334571838, 'accuracy_20': 91.27382040023804}, 57.815099583007395)
[2026-01-17 00:08:44,399][flwr][DEBUG] - evaluate_round 10: strategy sampled 6 clients (out of 12)
[2026-01-17 00:08:44,539][flwr][DEBUG] - evaluate_round 10 received 6 results and 0 failures
[2026-01-17 00:08:44,540][flwr][DEBUG] - fit_round 11: strategy sampled 7 clients (out of 12)
[2026-01-17 00:08:49,540][flwr][DEBUG] - fit_round 11 received 7 results and 0 failures
[2026-01-17 00:08:49,738][flwr][INFO] - fit progress: (11, 0.04894085764070392, {'rmse': 3986.028976312139, 'mae': 1633.5694580078125, 'r2': 0.8865622445917093, 'mape': 7.975085735321045, 'accuracy_10': 77.23169326782227, 'accuracy_20': 92.97893643379211}, 63.155014749994734)
[2026-01-17 00:08:49,738][flwr][DEBUG] - evaluate_round 11: strategy sampled 6 clients (out of 12)
[2026-01-17 00:08:49,827][flwr][DEBUG] - evaluate_round 11 received 6 results and 0 failures
[2026-01-17 00:08:49,827][flwr][DEBUG] - fit_round 12: strategy sampled 7 clients (out of 12)
[2026-01-17 00:08:54,592][flwr][DEBUG] - fit_round 12 received 7 results and 0 failures
[2026-01-17 00:08:54,789][flwr][INFO] - fit progress: (12, 0.04611071246632243, {'rmse': 3994.380928254089, 'mae': 1611.4036865234375, 'r2': 0.8860863770746809, 'mape': 7.642261028289795, 'accuracy_10': 77.23169326782227, 'accuracy_20': 93.38014125823975}, 68.20623720801086)
[2026-01-17 00:08:54,790][flwr][DEBUG] - evaluate_round 12: strategy sampled 6 clients (out of 12)
[2026-01-17 00:08:54,954][flwr][DEBUG] - evaluate_round 12 received 6 results and 0 failures
[2026-01-17 00:08:54,955][flwr][DEBUG] - fit_round 13: strategy sampled 7 clients (out of 12)
[2026-01-17 00:08:59,596][flwr][DEBUG] - fit_round 13 received 7 results and 0 failures
[2026-01-17 00:08:59,791][flwr][INFO] - fit progress: (13, 0.04745194345241863, {'rmse': 3905.418927592788, 'mae': 1499.963623046875, 'r2': 0.8911039877073156, 'mape': 7.518385887145996, 'accuracy_10': 81.14343285560608, 'accuracy_20': 92.67803430557251}, 73.20768058300018)
[2026-01-17 00:08:59,791][flwr][DEBUG] - evaluate_round 13: strategy sampled 6 clients (out of 12)
[2026-01-17 00:08:59,916][flwr][DEBUG] - evaluate_round 13 received 6 results and 0 failures
[2026-01-17 00:08:59,916][flwr][DEBUG] - fit_round 14: strategy sampled 7 clients (out of 12)
[2026-01-17 00:09:04,894][flwr][DEBUG] - fit_round 14 received 7 results and 0 failures
[2026-01-17 00:09:05,092][flwr][INFO] - fit progress: (14, 0.042956027911309015, {'rmse': 3924.2828644224924, 'mae': 1535.9429931640625, 'r2': 0.8900494733852095, 'mape': 7.207909107208252, 'accuracy_10': 79.08726334571838, 'accuracy_20': 93.73119473457336}, 78.5089503750205)
[2026-01-17 00:09:05,092][flwr][DEBUG] - evaluate_round 14: strategy sampled 6 clients (out of 12)
[2026-01-17 00:09:05,225][flwr][DEBUG] - evaluate_round 14 received 6 results and 0 failures
[2026-01-17 00:09:05,225][flwr][DEBUG] - fit_round 15: strategy sampled 7 clients (out of 12)
[2026-01-17 00:09:10,023][flwr][DEBUG] - fit_round 15 received 7 results and 0 failures
[2026-01-17 00:09:10,224][flwr][INFO] - fit progress: (15, 0.04537953016485499, {'rmse': 3866.97814837374, 'mae': 1450.3092041015625, 'r2': 0.8932371492451472, 'mape': 7.183077335357666, 'accuracy_10': 82.19658732414246, 'accuracy_20': 92.87863373756409}, 83.64047058302094)
[2026-01-17 00:09:10,224][flwr][DEBUG] - evaluate_round 15: strategy sampled 6 clients (out of 12)
[2026-01-17 00:09:10,364][flwr][DEBUG] - evaluate_round 15 received 6 results and 0 failures
[2026-01-17 00:09:10,364][flwr][DEBUG] - fit_round 16: strategy sampled 7 clients (out of 12)
[2026-01-17 00:09:15,082][flwr][DEBUG] - fit_round 16 received 7 results and 0 failures
[2026-01-17 00:09:15,281][flwr][INFO] - fit progress: (16, 0.04089214944784177, {'rmse': 3934.758188249946, 'mae': 1533.2978515625, 'r2': 0.8894616896656834, 'mape': 7.01962947845459, 'accuracy_10': 79.438316822052, 'accuracy_20': 94.48345303535461}, 88.69811150000896)
[2026-01-17 00:09:15,281][flwr][DEBUG] - evaluate_round 16: strategy sampled 6 clients (out of 12)
[2026-01-17 00:09:15,353][flwr][DEBUG] - evaluate_round 16 received 6 results and 0 failures
[2026-01-17 00:09:15,353][flwr][DEBUG] - fit_round 17: strategy sampled 7 clients (out of 12)
[2026-01-17 00:09:20,036][flwr][DEBUG] - fit_round 17 received 7 results and 0 failures
[2026-01-17 00:09:20,247][flwr][INFO] - fit progress: (17, 0.04179866436995947, {'rmse': 3859.255109473848, 'mae': 1434.5811767578125, 'r2': 0.8936631743805494, 'mape': 6.886482238769531, 'accuracy_10': 82.04613924026489, 'accuracy_20': 93.73119473457336}, 93.66394262501854)
[2026-01-17 00:09:20,247][flwr][DEBUG] - evaluate_round 17: strategy sampled 6 clients (out of 12)
[2026-01-17 00:09:20,385][flwr][DEBUG] - evaluate_round 17 received 6 results and 0 failures
[2026-01-17 00:09:20,385][flwr][DEBUG] - fit_round 18: strategy sampled 7 clients (out of 12)
[2026-01-17 00:09:25,128][flwr][DEBUG] - fit_round 18 received 7 results and 0 failures
[2026-01-17 00:09:25,334][flwr][INFO] - fit progress: (18, 0.03888178610410112, {'rmse': 3892.4830121658847, 'mae': 1495.26025390625, 'r2': 0.8918241833563726, 'mape': 6.779836177825928, 'accuracy_10': 80.24072051048279, 'accuracy_20': 94.78435516357422}, 98.75056379201123)
[2026-01-17 00:09:25,334][flwr][DEBUG] - evaluate_round 18: strategy sampled 6 clients (out of 12)
[2026-01-17 00:09:25,482][flwr][DEBUG] - evaluate_round 18 received 6 results and 0 failures
[2026-01-17 00:09:25,482][flwr][DEBUG] - fit_round 19: strategy sampled 7 clients (out of 12)
[2026-01-17 00:09:30,167][flwr][DEBUG] - fit_round 19 received 7 results and 0 failures
[2026-01-17 00:09:30,361][flwr][INFO] - fit progress: (19, 0.03987690826472541, {'rmse': 3823.9229856261486, 'mae': 1394.792236328125, 'r2': 0.8956013221921837, 'mape': 6.627589225769043, 'accuracy_10': 82.89869427680969, 'accuracy_20': 94.23269629478455}, 103.77826579200337)
[2026-01-17 00:09:30,361][flwr][DEBUG] - evaluate_round 19: strategy sampled 6 clients (out of 12)
[2026-01-17 00:09:30,491][flwr][DEBUG] - evaluate_round 19 received 6 results and 0 failures
[2026-01-17 00:09:30,491][flwr][DEBUG] - fit_round 20: strategy sampled 7 clients (out of 12)
[2026-01-17 00:09:35,771][flwr][DEBUG] - fit_round 20 received 7 results and 0 failures
[2026-01-17 00:09:35,983][flwr][INFO] - fit progress: (20, 0.03818714303135454, {'rmse': 3917.390968489104, 'mae': 1512.4766845703125, 'r2': 0.8904353283622262, 'mape': 6.7239155769348145, 'accuracy_10': 81.04313015937805, 'accuracy_20': 95.33600807189941}, 109.40014883299591)
[2026-01-17 00:09:35,984][flwr][DEBUG] - evaluate_round 20: strategy sampled 6 clients (out of 12)
[2026-01-17 00:09:36,077][flwr][DEBUG] - evaluate_round 20 received 6 results and 0 failures
[2026-01-17 00:09:36,077][flwr][DEBUG] - fit_round 21: strategy sampled 7 clients (out of 12)
[2026-01-17 00:09:40,809][flwr][DEBUG] - fit_round 21 received 7 results and 0 failures
[2026-01-17 00:09:41,008][flwr][INFO] - fit progress: (21, 0.03882942675195313, {'rmse': 3826.7232719390618, 'mae': 1372.1767578125, 'r2': 0.8954483632046394, 'mape': 6.5064520835876465, 'accuracy_10': 84.7041130065918, 'accuracy_20': 94.08224821090698}, 114.42510587500874)
[2026-01-17 00:09:41,008][flwr][DEBUG] - evaluate_round 21: strategy sampled 6 clients (out of 12)
[2026-01-17 00:09:41,155][flwr][DEBUG] - evaluate_round 21 received 6 results and 0 failures
[2026-01-17 00:09:41,156][flwr][DEBUG] - fit_round 22: strategy sampled 7 clients (out of 12)
[2026-01-17 00:09:46,232][flwr][DEBUG] - fit_round 22 received 7 results and 0 failures
[2026-01-17 00:09:46,455][flwr][INFO] - fit progress: (22, 0.03844802553411442, {'rmse': 3804.8248317103903, 'mae': 1344.361572265625, 'r2': 0.896641537169848, 'mape': 6.375736713409424, 'accuracy_10': 84.60381031036377, 'accuracy_20': 94.03209686279297}, 119.87166712500039)
[2026-01-17 00:09:46,455][flwr][DEBUG] - evaluate_round 22: strategy sampled 6 clients (out of 12)
[2026-01-17 00:09:46,537][flwr][DEBUG] - evaluate_round 22 received 6 results and 0 failures
[2026-01-17 00:09:46,537][flwr][DEBUG] - fit_round 23: strategy sampled 7 clients (out of 12)
[2026-01-17 00:09:51,576][flwr][DEBUG] - fit_round 23 received 7 results and 0 failures
[2026-01-17 00:09:51,772][flwr][INFO] - fit progress: (23, 0.03790125509755781, {'rmse': 3827.1816000811878, 'mae': 1329.89990234375, 'r2': 0.8954233210193734, 'mape': 6.2266082763671875, 'accuracy_10': 85.10531783103943, 'accuracy_20': 93.98194551467896}, 125.1894971250149)
[2026-01-17 00:09:51,773][flwr][DEBUG] - evaluate_round 23: strategy sampled 6 clients (out of 12)
[2026-01-17 00:09:51,910][flwr][DEBUG] - evaluate_round 23 received 6 results and 0 failures
[2026-01-17 00:09:51,910][flwr][DEBUG] - fit_round 24: strategy sampled 7 clients (out of 12)
[2026-01-17 00:09:56,776][flwr][DEBUG] - fit_round 24 received 7 results and 0 failures
[2026-01-17 00:09:56,999][flwr][INFO] - fit progress: (24, 0.05330793886121321, {'rmse': 4398.229189116911, 'mae': 1428.498779296875, 'r2': 0.8618876771388123, 'mape': 7.158695697784424, 'accuracy_10': 83.90170335769653, 'accuracy_20': 92.0762300491333}, 130.41657658299664)
[2026-01-17 00:09:57,000][flwr][DEBUG] - evaluate_round 24: strategy sampled 6 clients (out of 12)
[2026-01-17 00:09:57,077][flwr][DEBUG] - evaluate_round 24 received 6 results and 0 failures
[2026-01-17 00:09:57,077][flwr][DEBUG] - fit_round 25: strategy sampled 7 clients (out of 12)
[2026-01-17 00:10:02,170][flwr][DEBUG] - fit_round 25 received 7 results and 0 failures
[2026-01-17 00:10:02,362][flwr][INFO] - fit progress: (25, 0.03814769344107288, {'rmse': 3813.4628620192434, 'mae': 1298.6175537109375, 'r2': 0.8961716973764765, 'mape': 6.137165546417236, 'accuracy_10': 85.90772151947021, 'accuracy_20': 93.98194551467896}, 135.7790170829976)
[2026-01-17 00:10:02,362][flwr][DEBUG] - evaluate_round 25: strategy sampled 6 clients (out of 12)
[2026-01-17 00:10:02,546][flwr][DEBUG] - evaluate_round 25 received 6 results and 0 failures
[2026-01-17 00:10:02,546][flwr][DEBUG] - fit_round 26: strategy sampled 7 clients (out of 12)
[2026-01-17 00:10:07,454][flwr][DEBUG] - fit_round 26 received 7 results and 0 failures
[2026-01-17 00:10:07,646][flwr][INFO] - fit progress: (26, 0.04220459978782769, {'rmse': 3941.9700658427128, 'mae': 1286.0213623046875, 'r2': 0.8890561162593313, 'mape': 6.286337375640869, 'accuracy_10': 86.05817556381226, 'accuracy_20': 93.38014125823975}, 141.06289508301415)
[2026-01-17 00:10:07,646][flwr][DEBUG] - evaluate_round 26: strategy sampled 6 clients (out of 12)
[2026-01-17 00:10:07,772][flwr][DEBUG] - evaluate_round 26 received 6 results and 0 failures
[2026-01-17 00:10:07,772][flwr][DEBUG] - fit_round 27: strategy sampled 7 clients (out of 12)
[2026-01-17 00:10:12,408][flwr][DEBUG] - fit_round 27 received 7 results and 0 failures
[2026-01-17 00:10:12,600][flwr][INFO] - fit progress: (27, 0.03461141614738474, {'rmse': 3867.154897337318, 'mae': 1417.2899169921875, 'r2': 0.893227389025941, 'mape': 6.131206512451172, 'accuracy_10': 83.1995964050293, 'accuracy_20': 95.38615942001343}, 146.01734141699853)
[2026-01-17 00:10:12,600][flwr][DEBUG] - evaluate_round 27: strategy sampled 6 clients (out of 12)
[2026-01-17 00:10:12,731][flwr][DEBUG] - evaluate_round 27 received 6 results and 0 failures
[2026-01-17 00:10:12,732][flwr][DEBUG] - fit_round 28: strategy sampled 7 clients (out of 12)
[2026-01-17 00:10:17,499][flwr][DEBUG] - fit_round 28 received 7 results and 0 failures
[2026-01-17 00:10:17,693][flwr][INFO] - fit progress: (28, 0.03494724460271231, {'rmse': 3784.558098378198, 'mae': 1302.662841796875, 'r2': 0.8977396974909886, 'mape': 5.921526908874512, 'accuracy_10': 86.25877499580383, 'accuracy_20': 94.83450055122375}, 151.11060470799566)
[2026-01-17 00:10:17,694][flwr][DEBUG] - evaluate_round 28: strategy sampled 6 clients (out of 12)
[2026-01-17 00:10:17,762][flwr][DEBUG] - evaluate_round 28 received 6 results and 0 failures
[2026-01-17 00:10:17,762][flwr][DEBUG] - fit_round 29: strategy sampled 7 clients (out of 12)
[2026-01-17 00:10:22,829][flwr][DEBUG] - fit_round 29 received 7 results and 0 failures
[2026-01-17 00:10:23,020][flwr][INFO] - fit progress: (29, 0.03536888128174553, {'rmse': 3795.554373210849, 'mae': 1286.162841796875, 'r2': 0.89714458810731, 'mape': 5.870400428771973, 'accuracy_10': 86.40922904014587, 'accuracy_20': 94.23269629478455}, 156.43749170799856)
[2026-01-17 00:10:23,020][flwr][DEBUG] - evaluate_round 29: strategy sampled 6 clients (out of 12)
[2026-01-17 00:10:23,082][flwr][DEBUG] - evaluate_round 29 received 6 results and 0 failures
[2026-01-17 00:10:23,082][flwr][DEBUG] - fit_round 30: strategy sampled 7 clients (out of 12)
[2026-01-17 00:10:27,858][flwr][DEBUG] - fit_round 30 received 7 results and 0 failures
[2026-01-17 00:10:28,052][flwr][INFO] - fit progress: (30, 0.03531326738783087, {'rmse': 3771.4249296519215, 'mae': 1272.6502685546875, 'r2': 0.898448197009592, 'mape': 5.837949752807617, 'accuracy_10': 86.20862364768982, 'accuracy_20': 94.28284764289856}, 161.4695040420047)
[2026-01-17 00:10:28,053][flwr][DEBUG] - evaluate_round 30: strategy sampled 6 clients (out of 12)
[2026-01-17 00:10:28,122][flwr][DEBUG] - evaluate_round 30 received 6 results and 0 failures
[2026-01-17 00:10:28,122][flwr][DEBUG] - fit_round 31: strategy sampled 7 clients (out of 12)
[2026-01-17 00:10:32,784][flwr][DEBUG] - fit_round 31 received 7 results and 0 failures
[2026-01-17 00:10:32,979][flwr][INFO] - fit progress: (31, 0.034527162719544105, {'rmse': 3780.2674508558252, 'mae': 1277.9754638671875, 'r2': 0.8979714348669113, 'mape': 5.809081554412842, 'accuracy_10': 86.50952577590942, 'accuracy_20': 94.7342038154602}, 166.39593483300996)
[2026-01-17 00:10:32,979][flwr][DEBUG] - evaluate_round 31: strategy sampled 6 clients (out of 12)
[2026-01-17 00:10:33,162][flwr][DEBUG] - evaluate_round 31 received 6 results and 0 failures
[2026-01-17 00:10:33,162][flwr][DEBUG] - fit_round 32: strategy sampled 7 clients (out of 12)
[2026-01-17 00:10:38,049][flwr][DEBUG] - fit_round 32 received 7 results and 0 failures
[2026-01-17 00:10:38,245][flwr][INFO] - fit progress: (32, 0.03427864405921583, {'rmse': 3775.7533023225974, 'mae': 1265.0933837890625, 'r2': 0.8982149637022507, 'mape': 5.722480773925781, 'accuracy_10': 86.91073060035706, 'accuracy_20': 94.63390111923218}, 171.6626513749943)
[2026-01-17 00:10:38,246][flwr][DEBUG] - evaluate_round 32: strategy sampled 6 clients (out of 12)
[2026-01-17 00:10:38,309][flwr][DEBUG] - evaluate_round 32 received 6 results and 0 failures
[2026-01-17 00:10:38,309][flwr][DEBUG] - fit_round 33: strategy sampled 7 clients (out of 12)
[2026-01-17 00:10:42,935][flwr][DEBUG] - fit_round 33 received 7 results and 0 failures
[2026-01-17 00:10:43,129][flwr][INFO] - fit progress: (33, 0.03331700936071911, {'rmse': 3928.16547512958, 'mae': 1466.7545166015625, 'r2': 0.8898317933648225, 'mape': 6.043579578399658, 'accuracy_10': 82.69809484481812, 'accuracy_20': 95.73721289634705}, 176.54656370801968)
[2026-01-17 00:10:43,130][flwr][DEBUG] - evaluate_round 33: strategy sampled 6 clients (out of 12)
[2026-01-17 00:10:43,208][flwr][DEBUG] - evaluate_round 33 received 6 results and 0 failures
[2026-01-17 00:10:43,209][flwr][DEBUG] - fit_round 34: strategy sampled 7 clients (out of 12)
[2026-01-17 00:10:48,086][flwr][DEBUG] - fit_round 34 received 7 results and 0 failures
[2026-01-17 00:10:48,276][flwr][INFO] - fit progress: (34, 0.03692242346373326, {'rmse': 3880.2523113838874, 'mae': 1220.8282470703125, 'r2': 0.8925029255725428, 'mape': 5.753535270690918, 'accuracy_10': 87.3620867729187, 'accuracy_20': 94.23269629478455}, 181.69289708300494)
[2026-01-17 00:10:48,276][flwr][DEBUG] - evaluate_round 34: strategy sampled 6 clients (out of 12)
[2026-01-17 00:10:48,339][flwr][DEBUG] - evaluate_round 34 received 6 results and 0 failures
[2026-01-17 00:10:48,339][flwr][DEBUG] - fit_round 35: strategy sampled 7 clients (out of 12)
[2026-01-17 00:10:53,272][flwr][DEBUG] - fit_round 35 received 7 results and 0 failures
[2026-01-17 00:10:53,457][flwr][INFO] - fit progress: (35, 0.040161245217156354, {'rmse': 4003.874248774554, 'mae': 1219.97705078125, 'r2': 0.8855442632614027, 'mape': 5.877114772796631, 'accuracy_10': 87.21163272857666, 'accuracy_20': 93.43029260635376}, 186.874815667019)
[2026-01-17 00:10:53,458][flwr][DEBUG] - evaluate_round 35: strategy sampled 6 clients (out of 12)
[2026-01-17 00:10:53,608][flwr][DEBUG] - evaluate_round 35 received 6 results and 0 failures
[2026-01-17 00:10:53,608][flwr][INFO] - FL finished in 187.02576925000176
[2026-01-17 00:10:53,609][flwr][INFO] - app_fit: losses_distributed [(1, 0.27334161005213603), (2, 0.10959176457406651), (3, 0.15762151480946782), (4, 0.05553728220310831), (5, 0.05830612416926103), (6, 0.03792570578331743), (7, 0.05112656496179472), (8, 0.07658977537025885), (9, 0.07876447582049474), (10, 0.04255915008013651), (11, 0.0379761678959325), (12, 0.06386462307094916), (13, 0.07276780562673502), (14, 0.039236773044994296), (15, 0.03371717627442407), (16, 0.033765846476375365), (17, 0.05721901271415045), (18, 0.0422903231702365), (19, 0.021219771273611434), (20, 0.043553141582844256), (21, 0.028132741459530566), (22, 0.05534952558036676), (23, 0.036462052030587895), (24, 0.08046867146168085), (25, 0.06363556660764547), (26, 0.025188471328735227), (27, 0.02895442736102848), (28, 0.02975465497056469), (29, 0.04230034709591455), (30, 0.05729663623190729), (31, 0.03209869489017482), (32, 0.025035580065555556), (33, 0.03580771639277149), (34, 0.04544350516057309), (35, 0.06289557650438711)]
[2026-01-17 00:10:53,609][flwr][INFO] - app_fit: metrics_distributed_fit {}
[2026-01-17 00:10:53,609][flwr][INFO] - app_fit: metrics_distributed {}
[2026-01-17 00:10:53,610][flwr][INFO] - app_fit: losses_centralized [(0, 3.751187844883834), (1, 0.23013387819230854), (2, 0.11630110346984002), (3, 0.09453401422742735), (4, 0.07688405367554191), (5, 0.06466204815412477), (6, 0.06138714600948537), (7, 0.05900743239584454), (8, 0.06620312864082298), (9, 0.05561589907365314), (10, 0.053969917520918065), (11, 0.04894085764070392), (12, 0.04611071246632243), (13, 0.04745194345241863), (14, 0.042956027911309015), (15, 0.04537953016485499), (16, 0.04089214944784177), (17, 0.04179866436995947), (18, 0.03888178610410112), (19, 0.03987690826472541), (20, 0.03818714303135454), (21, 0.03882942675195313), (22, 0.03844802553411442), (23, 0.03790125509755781), (24, 0.05330793886121321), (25, 0.03814769344107288), (26, 0.04220459978782769), (27, 0.03461141614738474), (28, 0.03494724460271231), (29, 0.03536888128174553), (30, 0.03531326738783087), (31, 0.034527162719544105), (32, 0.03427864405921583), (33, 0.03331700936071911), (34, 0.03692242346373326), (35, 0.040161245217156354)]
[2026-01-17 00:10:53,610][flwr][INFO] - app_fit: metrics_centralized {'rmse': [(0, 15582.423431546198), (1, 5825.315098773628), (2, 5023.553722216972), (3, 4765.455067462078), (4, 4361.791145848229), (5, 4299.08990368892), (6, 4159.5184817476165), (7, 4093.612829762971), (8, 4191.478020937245), (9, 4012.1962813401838), (10, 3994.8324120042885), (11, 3986.028976312139), (12, 3994.380928254089), (13, 3905.418927592788), (14, 3924.2828644224924), (15, 3866.97814837374), (16, 3934.758188249946), (17, 3859.255109473848), (18, 3892.4830121658847), (19, 3823.9229856261486), (20, 3917.390968489104), (21, 3826.7232719390618), (22, 3804.8248317103903), (23, 3827.1816000811878), (24, 4398.229189116911), (25, 3813.4628620192434), (26, 3941.9700658427128), (27, 3867.154897337318), (28, 3784.558098378198), (29, 3795.554373210849), (30, 3771.4249296519215), (31, 3780.2674508558252), (32, 3775.7533023225974), (33, 3928.16547512958), (34, 3880.2523113838874), (35, 4003.874248774554)], 'mae': [(0, 10182.001953125), (1, 3302.431640625), (2, 2581.753662109375), (3, 2232.142822265625), (4, 1981.352294921875), (5, 1885.8980712890625), (6, 1841.7576904296875), (7, 1797.2542724609375), (8, 1708.65283203125), (9, 1597.08203125), (10, 1586.11474609375), (11, 1633.5694580078125), (12, 1611.4036865234375), (13, 1499.963623046875), (14, 1535.9429931640625), (15, 1450.3092041015625), (16, 1533.2978515625), (17, 1434.5811767578125), (18, 1495.26025390625), (19, 1394.792236328125), (20, 1512.4766845703125), (21, 1372.1767578125), (22, 1344.361572265625), (23, 1329.89990234375), (24, 1428.498779296875), (25, 1298.6175537109375), (26, 1286.0213623046875), (27, 1417.2899169921875), (28, 1302.662841796875), (29, 1286.162841796875), (30, 1272.6502685546875), (31, 1277.9754638671875), (32, 1265.0933837890625), (33, 1466.7545166015625), (34, 1220.8282470703125), (35, 1219.97705078125)], 'r2': [(0, -0.733591274930137), (1, 0.7577211033567762), (2, 0.8198232149314371), (3, 0.8378617572817835), (4, 0.8641666406589701), (5, 0.8680438015759022), (6, 0.876472729815544), (7, 0.8803561897770276), (8, 0.8745672065082286), (9, 0.8850679777635367), (10, 0.8860606235886914), (11, 0.8865622445917093), (12, 0.8860863770746809), (13, 0.8911039877073156), (14, 0.8900494733852095), (15, 0.8932371492451472), (16, 0.8894616896656834), (17, 0.8936631743805494), (18, 0.8918241833563726), (19, 0.8956013221921837), (20, 0.8904353283622262), (21, 0.8954483632046394), (22, 0.896641537169848), (23, 0.8954233210193734), (24, 0.8618876771388123), (25, 0.8961716973764765), (26, 0.8890561162593313), (27, 0.893227389025941), (28, 0.8977396974909886), (29, 0.89714458810731), (30, 0.898448197009592), (31, 0.8979714348669113), (32, 0.8982149637022507), (33, 0.8898317933648225), (34, 0.8925029255725428), (35, 0.8855442632614027)], 'mape': [(0, 51.084510803222656), (1, 19.392580032348633), (2, 14.128518104553223), (3, 12.002826690673828), (4, 10.660102844238281), (5, 9.686735153198242), (6, 9.44781494140625), (7, 9.289928436279297), (8, 9.197011947631836), (9, 8.286157608032227), (10, 8.166497230529785), (11, 7.975085735321045), (12, 7.642261028289795), (13, 7.518385887145996), (14, 7.207909107208252), (15, 7.183077335357666), (16, 7.01962947845459), (17, 6.886482238769531), (18, 6.779836177825928), (19, 6.627589225769043), (20, 6.7239155769348145), (21, 6.5064520835876465), (22, 6.375736713409424), (23, 6.2266082763671875), (24, 7.158695697784424), (25, 6.137165546417236), (26, 6.286337375640869), (27, 6.131206512451172), (28, 5.921526908874512), (29, 5.870400428771973), (30, 5.837949752807617), (31, 5.809081554412842), (32, 5.722480773925781), (33, 6.043579578399658), (34, 5.753535270690918), (35, 5.877114772796631)], 'accuracy_10': [(0, 6.068204715847969), (1, 28.335005044937134), (2, 43.229690194129944), (3, 63.340020179748535), (4, 64.79438543319702), (5, 65.74724316596985), (6, 68.45536828041077), (7, 68.80642175674438), (8, 76.7803430557251), (9, 78.58575582504272), (10, 79.08726334571838), (11, 77.23169326782227), (12, 77.23169326782227), (13, 81.14343285560608), (14, 79.08726334571838), (15, 82.19658732414246), (16, 79.438316822052), (17, 82.04613924026489), (18, 80.24072051048279), (19, 82.89869427680969), (20, 81.04313015937805), (21, 84.7041130065918), (22, 84.60381031036377), (23, 85.10531783103943), (24, 83.90170335769653), (25, 85.90772151947021), (26, 86.05817556381226), (27, 83.1995964050293), (28, 86.25877499580383), (29, 86.40922904014587), (30, 86.20862364768982), (31, 86.50952577590942), (32, 86.91073060035706), (33, 82.69809484481812), (34, 87.3620867729187), (35, 87.21163272857666)], 'accuracy_20': [(0, 13.03911805152893), (1, 56.56970739364624), (2, 80.44132590293884), (3, 85.95787286758423), (4, 88.86659741401672), (5, 90.62186479568481), (6, 91.62487387657166), (7, 91.72517657279968), (8, 89.21765089035034), (9, 90.5717134475708), (10, 91.27382040023804), (11, 92.97893643379211), (12, 93.38014125823975), (13, 92.67803430557251), (14, 93.73119473457336), (15, 92.87863373756409), (16, 94.48345303535461), (17, 93.73119473457336), (18, 94.78435516357422), (19, 94.23269629478455), (20, 95.33600807189941), (21, 94.08224821090698), (22, 94.03209686279297), (23, 93.98194551467896), (24, 92.0762300491333), (25, 93.98194551467896), (26, 93.38014125823975), (27, 95.38615942001343), (28, 94.83450055122375), (29, 94.23269629478455), (30, 94.28284764289856), (31, 94.7342038154602), (32, 94.63390111923218), (33, 95.73721289634705), (34, 94.23269629478455), (35, 93.43029260635376)]}
[2026-01-17 00:10:54,081][flwr][INFO] - Starting Flower simulation, config: ServerConfig(num_rounds=35, round_timeout=None)
[2026-01-17 00:11:01,259][flwr][INFO] - Flower VCE: Ray initialized with resources: {'CPU': 10.0, 'node:127.0.0.1': 1.0, 'memory': 12422614221.0, 'object_store_memory': 2147483648.0}
[2026-01-17 00:11:01,260][flwr][INFO] - Initializing global parameters
[2026-01-17 00:11:01,260][flwr][INFO] - Using initial parameters provided by strategy
[2026-01-17 00:11:01,261][flwr][INFO] - Evaluating initial parameters
[2026-01-17 00:11:01,456][flwr][INFO] - initial parameters (loss, other metrics): 3.751187844883834, {'rmse': 15582.423431546198, 'mae': 10182.001953125, 'r2': -0.733591274930137, 'mape': 51.084510803222656, 'accuracy_10': 6.068204715847969, 'accuracy_20': 13.03911805152893}
[2026-01-17 00:11:01,456][flwr][INFO] - FL starting
[2026-01-17 00:11:01,456][flwr][DEBUG] - fit_round 1: strategy sampled 7 clients (out of 12)
[2026-01-17 00:11:12,799][flwr][DEBUG] - fit_round 1 received 7 results and 0 failures
[2026-01-17 00:11:12,804][flwr][WARNING] - No fit_metrics_aggregation_fn provided
[2026-01-17 00:11:13,008][flwr][INFO] - fit progress: (1, 0.19786599215676814, {'rmse': 5636.5938296102195, 'mae': 3124.134765625, 'r2': 0.7731649233297017, 'mape': 18.317028045654297, 'accuracy_10': 28.78635823726654, 'accuracy_20': 59.52858328819275}, 11.552423333982006)
[2026-01-17 00:11:13,009][flwr][DEBUG] - evaluate_round 1: strategy sampled 6 clients (out of 12)
[2026-01-17 00:11:13,174][flwr][DEBUG] - evaluate_round 1 received 6 results and 0 failures
[2026-01-17 00:11:13,175][flwr][WARNING] - No evaluate_metrics_aggregation_fn provided
[2026-01-17 00:11:13,175][flwr][DEBUG] - fit_round 2: strategy sampled 7 clients (out of 12)
[2026-01-17 00:11:18,480][flwr][DEBUG] - fit_round 2 received 7 results and 0 failures
[2026-01-17 00:11:18,673][flwr][INFO] - fit progress: (2, 0.10873665496213744, {'rmse': 4950.275345877237, 'mae': 2495.728271484375, 'r2': 0.8250413463711285, 'mape': 13.651721000671387, 'accuracy_10': 43.12938749790192, 'accuracy_20': 82.24673867225647}, 17.216988250002032)
[2026-01-17 00:11:18,673][flwr][DEBUG] - evaluate_round 2: strategy sampled 6 clients (out of 12)
[2026-01-17 00:11:18,856][flwr][DEBUG] - evaluate_round 2 received 6 results and 0 failures
[2026-01-17 00:11:18,856][flwr][DEBUG] - fit_round 3: strategy sampled 7 clients (out of 12)
[2026-01-17 00:11:24,497][flwr][DEBUG] - fit_round 3 received 7 results and 0 failures
[2026-01-17 00:11:24,697][flwr][INFO] - fit progress: (3, 0.0903021095744675, {'rmse': 4565.969776509695, 'mae': 2137.86865234375, 'r2': 0.8511520813157814, 'mape': 11.618745803833008, 'accuracy_10': 64.04212713241577, 'accuracy_20': 85.8575701713562}, 23.241398166981526)
[2026-01-17 00:11:24,698][flwr][DEBUG] - evaluate_round 3: strategy sampled 6 clients (out of 12)
[2026-01-17 00:11:24,845][flwr][DEBUG] - evaluate_round 3 received 6 results and 0 failures
[2026-01-17 00:11:24,845][flwr][DEBUG] - fit_round 4: strategy sampled 7 clients (out of 12)
[2026-01-17 00:11:30,342][flwr][DEBUG] - fit_round 4 received 7 results and 0 failures
[2026-01-17 00:11:30,534][flwr][INFO] - fit progress: (4, 0.07645796902231132, {'rmse': 4328.4895748979225, 'mae': 2055.9404296875, 'r2': 0.8662328445998284, 'mape': 10.802206039428711, 'accuracy_10': 57.0712149143219, 'accuracy_20': 88.86659741401672}, 29.078414458985208)
[2026-01-17 00:11:30,535][flwr][DEBUG] - evaluate_round 4: strategy sampled 6 clients (out of 12)
[2026-01-17 00:11:30,703][flwr][DEBUG] - evaluate_round 4 received 6 results and 0 failures
[2026-01-17 00:11:30,703][flwr][DEBUG] - fit_round 5: strategy sampled 7 clients (out of 12)
[2026-01-17 00:11:36,169][flwr][DEBUG] - fit_round 5 received 7 results and 0 failures
[2026-01-17 00:11:36,362][flwr][INFO] - fit progress: (5, 0.06466763120223072, {'rmse': 4127.498031495594, 'mae': 1872.03662109375, 'r2': 0.8783672609601322, 'mape': 9.737234115600586, 'accuracy_10': 65.69709181785583, 'accuracy_20': 90.2708113193512}, 34.90640325000277)
[2026-01-17 00:11:36,363][flwr][DEBUG] - evaluate_round 5: strategy sampled 6 clients (out of 12)
[2026-01-17 00:11:36,521][flwr][DEBUG] - evaluate_round 5 received 6 results and 0 failures
[2026-01-17 00:11:36,521][flwr][DEBUG] - fit_round 6: strategy sampled 7 clients (out of 12)
[2026-01-17 00:11:41,976][flwr][DEBUG] - fit_round 6 received 7 results and 0 failures
[2026-01-17 00:11:42,175][flwr][INFO] - fit progress: (6, 0.06018780981010217, {'rmse': 4056.533372228065, 'mae': 1783.0003662109375, 'r2': 0.8825138068603532, 'mape': 9.19842529296875, 'accuracy_10': 69.60882544517517, 'accuracy_20': 90.12036323547363}, 40.719058458984364)
[2026-01-17 00:11:42,175][flwr][DEBUG] - evaluate_round 6: strategy sampled 6 clients (out of 12)
[2026-01-17 00:11:42,340][flwr][DEBUG] - evaluate_round 6 received 6 results and 0 failures
[2026-01-17 00:11:42,341][flwr][DEBUG] - fit_round 7: strategy sampled 7 clients (out of 12)
[2026-01-17 00:11:47,945][flwr][DEBUG] - fit_round 7 received 7 results and 0 failures
[2026-01-17 00:11:48,152][flwr][INFO] - fit progress: (7, 0.057675616244001755, {'rmse': 3965.024716190304, 'mae': 1720.7314453125, 'r2': 0.8877546119272313, 'mape': 8.83166790008545, 'accuracy_10': 71.36409282684326, 'accuracy_20': 90.22065997123718}, 46.69604062498547)
[2026-01-17 00:11:48,152][flwr][DEBUG] - evaluate_round 7: strategy sampled 6 clients (out of 12)
[2026-01-17 00:11:48,288][flwr][DEBUG] - evaluate_round 7 received 6 results and 0 failures
[2026-01-17 00:11:48,288][flwr][DEBUG] - fit_round 8: strategy sampled 7 clients (out of 12)
[2026-01-17 00:11:53,718][flwr][DEBUG] - fit_round 8 received 7 results and 0 failures
[2026-01-17 00:11:53,904][flwr][INFO] - fit progress: (8, 0.053651643883336035, {'rmse': 3912.1287044267856, 'mae': 1698.66552734375, 'r2': 0.8907294842098865, 'mape': 8.52497386932373, 'accuracy_10': 71.91574573516846, 'accuracy_20': 91.87562465667725}, 52.44822429199121)
[2026-01-17 00:11:53,904][flwr][DEBUG] - evaluate_round 8: strategy sampled 6 clients (out of 12)
[2026-01-17 00:11:54,044][flwr][DEBUG] - evaluate_round 8 received 6 results and 0 failures
[2026-01-17 00:11:54,044][flwr][DEBUG] - fit_round 9: strategy sampled 7 clients (out of 12)
[2026-01-17 00:11:59,374][flwr][DEBUG] - fit_round 9 received 7 results and 0 failures
[2026-01-17 00:11:59,563][flwr][INFO] - fit progress: (9, 0.05442221720451666, {'rmse': 3888.060827713476, 'mae': 1623.1573486328125, 'r2': 0.8920698387608854, 'mape': 8.425594329833984, 'accuracy_10': 74.87462162971497, 'accuracy_20': 90.82247018814087}, 58.107009667000966)
[2026-01-17 00:11:59,563][flwr][DEBUG] - evaluate_round 9: strategy sampled 6 clients (out of 12)
[2026-01-17 00:11:59,719][flwr][DEBUG] - evaluate_round 9 received 6 results and 0 failures
[2026-01-17 00:11:59,719][flwr][DEBUG] - fit_round 10: strategy sampled 7 clients (out of 12)
[2026-01-17 00:12:05,011][flwr][DEBUG] - fit_round 10 received 7 results and 0 failures
[2026-01-17 00:12:05,220][flwr][INFO] - fit progress: (10, 0.0526245038838704, {'rmse': 3864.0051759799703, 'mae': 1637.6639404296875, 'r2': 0.8934012470553616, 'mape': 8.49055004119873, 'accuracy_10': 75.37612915039062, 'accuracy_20': 92.27682948112488}, 63.76446662499802)
[2026-01-17 00:12:05,221][flwr][DEBUG] - evaluate_round 10: strategy sampled 6 clients (out of 12)
[2026-01-17 00:12:05,311][flwr][DEBUG] - evaluate_round 10 received 6 results and 0 failures
[2026-01-17 00:12:05,311][flwr][DEBUG] - fit_round 11: strategy sampled 7 clients (out of 12)
[2026-01-17 00:12:10,814][flwr][DEBUG] - fit_round 11 received 7 results and 0 failures
[2026-01-17 00:12:11,021][flwr][INFO] - fit progress: (11, 0.051049415553651875, {'rmse': 3873.1191564422597, 'mae': 1572.302001953125, 'r2': 0.8928977928030564, 'mape': 8.011577606201172, 'accuracy_10': 77.3319959640503, 'accuracy_20': 92.3771321773529}, 69.5653595420008)
[2026-01-17 00:12:11,022][flwr][DEBUG] - evaluate_round 11: strategy sampled 6 clients (out of 12)
[2026-01-17 00:12:11,201][flwr][DEBUG] - evaluate_round 11 received 6 results and 0 failures
[2026-01-17 00:12:11,201][flwr][DEBUG] - fit_round 12: strategy sampled 7 clients (out of 12)
[2026-01-17 00:12:16,333][flwr][DEBUG] - fit_round 12 received 7 results and 0 failures
[2026-01-17 00:12:16,524][flwr][INFO] - fit progress: (12, 0.04825593605674915, {'rmse': 4030.2813797550166, 'mae': 1707.3111572265625, 'r2': 0.8840295227051884, 'mape': 7.997209548950195, 'accuracy_10': 73.82146716117859, 'accuracy_20': 93.88164281845093}, 75.06845270900521)
[2026-01-17 00:12:16,524][flwr][DEBUG] - evaluate_round 12: strategy sampled 6 clients (out of 12)
[2026-01-17 00:12:16,654][flwr][DEBUG] - evaluate_round 12 received 6 results and 0 failures
[2026-01-17 00:12:16,655][flwr][DEBUG] - fit_round 13: strategy sampled 7 clients (out of 12)
[2026-01-17 00:12:21,835][flwr][DEBUG] - fit_round 13 received 7 results and 0 failures
[2026-01-17 00:12:22,029][flwr][INFO] - fit progress: (13, 0.04583498694697617, {'rmse': 3958.201611843439, 'mae': 1627.33251953125, 'r2': 0.8881405842322023, 'mape': 7.608080863952637, 'accuracy_10': 76.62988901138306, 'accuracy_20': 93.93179416656494}, 80.57318645899068)
[2026-01-17 00:12:22,029][flwr][DEBUG] - evaluate_round 13: strategy sampled 6 clients (out of 12)
[2026-01-17 00:12:22,155][flwr][DEBUG] - evaluate_round 13 received 6 results and 0 failures
[2026-01-17 00:12:22,156][flwr][DEBUG] - fit_round 14: strategy sampled 7 clients (out of 12)
[2026-01-17 00:12:27,291][flwr][DEBUG] - fit_round 14 received 7 results and 0 failures
[2026-01-17 00:12:27,488][flwr][INFO] - fit progress: (14, 0.05489778095331331, {'rmse': 4002.0694646645, 'mae': 1498.515380859375, 'r2': 0.8856474238653037, 'mape': 7.928691864013672, 'accuracy_10': 81.04313015937805, 'accuracy_20': 91.07322096824646}, 86.03277916699881)
[2026-01-17 00:12:27,489][flwr][DEBUG] - evaluate_round 14: strategy sampled 6 clients (out of 12)
[2026-01-17 00:12:27,650][flwr][DEBUG] - evaluate_round 14 received 6 results and 0 failures
[2026-01-17 00:12:27,650][flwr][DEBUG] - fit_round 15: strategy sampled 7 clients (out of 12)
[2026-01-17 00:12:31,075][flwr][DEBUG] - fit_round 15 received 7 results and 0 failures
[2026-01-17 00:12:31,275][flwr][INFO] - fit progress: (15, 0.05332544141466783, {'rmse': 4473.031187014014, 'mae': 1887.42724609375, 'r2': 0.8571498863444106, 'mape': 8.075920104980469, 'accuracy_10': 73.06920886039734, 'accuracy_20': 92.22667813301086}, 89.81924166699173)
[2026-01-17 00:12:31,275][flwr][DEBUG] - evaluate_round 15: strategy sampled 6 clients (out of 12)
[2026-01-17 00:12:31,347][flwr][DEBUG] - evaluate_round 15 received 6 results and 0 failures
[2026-01-17 00:12:31,347][flwr][DEBUG] - fit_round 16: strategy sampled 7 clients (out of 12)
[2026-01-17 00:12:37,279][flwr][DEBUG] - fit_round 16 received 7 results and 0 failures
[2026-01-17 00:12:37,492][flwr][INFO] - fit progress: (16, 0.043898920933066785, {'rmse': 4067.967428581502, 'mae': 1679.6334228515625, 'r2': 0.8818505666001574, 'mape': 7.474278450012207, 'accuracy_10': 75.67703127861023, 'accuracy_20': 95.03510594367981}, 96.03619741700822)
[2026-01-17 00:12:37,492][flwr][DEBUG] - evaluate_round 16: strategy sampled 6 clients (out of 12)
[2026-01-17 00:12:37,687][flwr][DEBUG] - evaluate_round 16 received 6 results and 0 failures
[2026-01-17 00:12:37,687][flwr][DEBUG] - fit_round 17: strategy sampled 7 clients (out of 12)
[2026-01-17 00:12:43,338][flwr][DEBUG] - fit_round 17 received 7 results and 0 failures
[2026-01-17 00:12:43,530][flwr][INFO] - fit progress: (17, 0.041609532141884266, {'rmse': 3841.4627422376493, 'mae': 1466.3780517578125, 'r2': 0.8946414035333079, 'mape': 7.0458664894104, 'accuracy_10': 81.64493441581726, 'accuracy_20': 94.08224821090698}, 102.07432124999468)
[2026-01-17 00:12:43,531][flwr][DEBUG] - evaluate_round 17: strategy sampled 6 clients (out of 12)
[2026-01-17 00:12:43,609][flwr][DEBUG] - evaluate_round 17 received 6 results and 0 failures
[2026-01-17 00:12:43,609][flwr][DEBUG] - fit_round 18: strategy sampled 7 clients (out of 12)
[2026-01-17 00:12:49,116][flwr][DEBUG] - fit_round 18 received 7 results and 0 failures
[2026-01-17 00:12:49,312][flwr][INFO] - fit progress: (18, 0.041666715549736645, {'rmse': 3821.8473281909105, 'mae': 1393.4962158203125, 'r2': 0.8957146316641398, 'mape': 6.743011474609375, 'accuracy_10': 84.25275683403015, 'accuracy_20': 93.88164281845093}, 107.85642974998336)
[2026-01-17 00:12:49,312][flwr][DEBUG] - evaluate_round 18: strategy sampled 6 clients (out of 12)
[2026-01-17 00:12:49,451][flwr][DEBUG] - evaluate_round 18 received 6 results and 0 failures
[2026-01-17 00:12:49,451][flwr][DEBUG] - fit_round 19: strategy sampled 7 clients (out of 12)
[2026-01-17 00:12:54,687][flwr][DEBUG] - fit_round 19 received 7 results and 0 failures
[2026-01-17 00:12:54,879][flwr][INFO] - fit progress: (19, 0.04084653435265617, {'rmse': 3801.793261080881, 'mae': 1384.086181640625, 'r2': 0.8968061776218516, 'mape': 6.705581188201904, 'accuracy_10': 83.5004985332489, 'accuracy_20': 93.78134608268738}, 113.42319624999072)
[2026-01-17 00:12:54,879][flwr][DEBUG] - evaluate_round 19: strategy sampled 6 clients (out of 12)
[2026-01-17 00:12:55,006][flwr][DEBUG] - evaluate_round 19 received 6 results and 0 failures
[2026-01-17 00:12:55,006][flwr][DEBUG] - fit_round 20: strategy sampled 7 clients (out of 12)
[2026-01-17 00:13:00,211][flwr][DEBUG] - fit_round 20 received 7 results and 0 failures
[2026-01-17 00:13:00,404][flwr][INFO] - fit progress: (20, 0.03773241435759584, {'rmse': 3848.6810727832462, 'mae': 1469.64892578125, 'r2': 0.8942450843693587, 'mape': 6.6391119956970215, 'accuracy_10': 81.54463171958923, 'accuracy_20': 95.18555402755737}, 118.9486852090049)
[2026-01-17 00:13:00,404][flwr][DEBUG] - evaluate_round 20: strategy sampled 6 clients (out of 12)
[2026-01-17 00:13:00,472][flwr][DEBUG] - evaluate_round 20 received 6 results and 0 failures
[2026-01-17 00:13:00,472][flwr][DEBUG] - fit_round 21: strategy sampled 7 clients (out of 12)
[2026-01-17 00:13:05,726][flwr][DEBUG] - fit_round 21 received 7 results and 0 failures
[2026-01-17 00:13:05,928][flwr][INFO] - fit progress: (21, 0.04476684498681931, {'rmse': 3929.4555602525907, 'mae': 1338.6474609375, 'r2': 0.8897594240159529, 'mape': 6.709387302398682, 'accuracy_10': 84.35305953025818, 'accuracy_20': 92.82848834991455}, 124.47230329198646)
[2026-01-17 00:13:05,928][flwr][DEBUG] - evaluate_round 21: strategy sampled 6 clients (out of 12)
[2026-01-17 00:13:06,004][flwr][DEBUG] - evaluate_round 21 received 6 results and 0 failures
[2026-01-17 00:13:06,004][flwr][DEBUG] - fit_round 22: strategy sampled 7 clients (out of 12)
[2026-01-17 00:13:11,357][flwr][DEBUG] - fit_round 22 received 7 results and 0 failures
[2026-01-17 00:13:11,550][flwr][INFO] - fit progress: (22, 0.037643446924245226, {'rmse': 4075.5054901202134, 'mae': 1562.40625, 'r2': 0.881412288026518, 'mape': 6.580404281616211, 'accuracy_10': 79.83951568603516, 'accuracy_20': 95.2858567237854}, 130.09429583398742)
[2026-01-17 00:13:11,550][flwr][DEBUG] - evaluate_round 22: strategy sampled 6 clients (out of 12)
[2026-01-17 00:13:11,693][flwr][DEBUG] - evaluate_round 22 received 6 results and 0 failures
[2026-01-17 00:13:11,693][flwr][DEBUG] - fit_round 23: strategy sampled 7 clients (out of 12)
[2026-01-17 00:13:16,862][flwr][DEBUG] - fit_round 23 received 7 results and 0 failures
[2026-01-17 00:13:17,056][flwr][INFO] - fit progress: (23, 0.03600074406787977, {'rmse': 3692.3891994208843, 'mae': 1336.07568359375, 'r2': 0.9026599259214761, 'mape': 6.227847099304199, 'accuracy_10': 85.15546917915344, 'accuracy_20': 94.88465189933777}, 135.60066729199025)
[2026-01-17 00:13:17,056][flwr][DEBUG] - evaluate_round 23: strategy sampled 6 clients (out of 12)
[2026-01-17 00:13:17,176][flwr][DEBUG] - evaluate_round 23 received 6 results and 0 failures
[2026-01-17 00:13:17,176][flwr][DEBUG] - fit_round 24: strategy sampled 7 clients (out of 12)
[2026-01-17 00:13:22,377][flwr][DEBUG] - fit_round 24 received 7 results and 0 failures
[2026-01-17 00:13:22,573][flwr][INFO] - fit progress: (24, 0.034079642135952576, {'rmse': 3757.426246781166, 'mae': 1407.3721923828125, 'r2': 0.8992006725121018, 'mape': 6.185656547546387, 'accuracy_10': 82.99899697303772, 'accuracy_20': 95.88766098022461}, 141.1173615840089)
[2026-01-17 00:13:22,574][flwr][DEBUG] - evaluate_round 24: strategy sampled 6 clients (out of 12)
[2026-01-17 00:13:22,727][flwr][DEBUG] - evaluate_round 24 received 6 results and 0 failures
[2026-01-17 00:13:22,727][flwr][DEBUG] - fit_round 25: strategy sampled 7 clients (out of 12)
[2026-01-17 00:13:27,908][flwr][DEBUG] - fit_round 25 received 7 results and 0 failures
[2026-01-17 00:13:28,115][flwr][INFO] - fit progress: (25, 0.03328146543372479, {'rmse': 3778.4741629393206, 'mae': 1405.6285400390625, 'r2': 0.8980682157632922, 'mape': 6.10410213470459, 'accuracy_10': 82.9488456249237, 'accuracy_20': 96.08826637268066}, 146.65935316699324)
[2026-01-17 00:13:28,115][flwr][DEBUG] - evaluate_round 25: strategy sampled 6 clients (out of 12)
[2026-01-17 00:13:28,195][flwr][DEBUG] - evaluate_round 25 received 6 results and 0 failures
[2026-01-17 00:13:28,195][flwr][DEBUG] - fit_round 26: strategy sampled 7 clients (out of 12)
[2026-01-17 00:13:33,481][flwr][DEBUG] - fit_round 26 received 7 results and 0 failures
[2026-01-17 00:13:33,702][flwr][INFO] - fit progress: (26, 0.03414013787521163, {'rmse': 3702.0106698927816, 'mae': 1320.613037109375, 'r2': 0.9021519765419181, 'mape': 6.085224628448486, 'accuracy_10': 86.05817556381226, 'accuracy_20': 95.38615942001343}, 152.24613204199704)
[2026-01-17 00:13:33,702][flwr][DEBUG] - evaluate_round 26: strategy sampled 6 clients (out of 12)
[2026-01-17 00:13:33,800][flwr][DEBUG] - evaluate_round 26 received 6 results and 0 failures
[2026-01-17 00:13:33,801][flwr][DEBUG] - fit_round 27: strategy sampled 7 clients (out of 12)
[2026-01-17 00:13:37,168][flwr][DEBUG] - fit_round 27 received 7 results and 0 failures
[2026-01-17 00:13:37,362][flwr][INFO] - fit progress: (27, 0.036065507226192964, {'rmse': 4003.8864869024446, 'mae': 1571.7369384765625, 'r2': 0.8855435592936763, 'mape': 6.644040107727051, 'accuracy_10': 80.69207668304443, 'accuracy_20': 95.78736424446106}, 155.90712241700385)
[2026-01-17 00:13:37,363][flwr][DEBUG] - evaluate_round 27: strategy sampled 6 clients (out of 12)
[2026-01-17 00:13:37,505][flwr][DEBUG] - evaluate_round 27 received 6 results and 0 failures
[2026-01-17 00:13:37,505][flwr][DEBUG] - fit_round 28: strategy sampled 7 clients (out of 12)
[2026-01-17 00:13:42,974][flwr][DEBUG] - fit_round 28 received 7 results and 0 failures
[2026-01-17 00:13:43,163][flwr][INFO] - fit progress: (28, 0.03715579238474563, {'rmse': 3766.8812033298846, 'mae': 1224.279052734375, 'r2': 0.8986927377985381, 'mape': 5.91713285446167, 'accuracy_10': 86.91073060035706, 'accuracy_20': 93.98194551467896}, 161.70770891700522)
[2026-01-17 00:13:43,163][flwr][DEBUG] - evaluate_round 28: strategy sampled 6 clients (out of 12)
[2026-01-17 00:13:43,228][flwr][DEBUG] - evaluate_round 28 received 6 results and 0 failures
[2026-01-17 00:13:43,228][flwr][DEBUG] - fit_round 29: strategy sampled 7 clients (out of 12)
[2026-01-17 00:13:48,470][flwr][DEBUG] - fit_round 29 received 7 results and 0 failures
[2026-01-17 00:13:48,679][flwr][INFO] - fit progress: (29, 0.03354553027879988, {'rmse': 3666.7776043823546, 'mae': 1277.01953125, 'r2': 0.9040056115614028, 'mape': 5.900362968444824, 'accuracy_10': 86.15847826004028, 'accuracy_20': 95.18555402755737}, 167.22382879198994)
[2026-01-17 00:13:48,680][flwr][DEBUG] - evaluate_round 29: strategy sampled 6 clients (out of 12)
[2026-01-17 00:13:48,779][flwr][DEBUG] - evaluate_round 29 received 6 results and 0 failures
[2026-01-17 00:13:48,780][flwr][DEBUG] - fit_round 30: strategy sampled 7 clients (out of 12)
[2026-01-17 00:13:54,002][flwr][DEBUG] - fit_round 30 received 7 results and 0 failures
[2026-01-17 00:13:54,194][flwr][INFO] - fit progress: (30, 0.0328142060230345, {'rmse': 3691.375217991257, 'mae': 1275.8782958984375, 'r2': 0.902713383470697, 'mape': 5.7928009033203125, 'accuracy_10': 86.8104338645935, 'accuracy_20': 95.53660750389099}, 172.73910383399925)
[2026-01-17 00:13:54,195][flwr][DEBUG] - evaluate_round 30: strategy sampled 6 clients (out of 12)
[2026-01-17 00:13:54,261][flwr][DEBUG] - evaluate_round 30 received 6 results and 0 failures
[2026-01-17 00:13:54,261][flwr][DEBUG] - fit_round 31: strategy sampled 7 clients (out of 12)
[2026-01-17 00:13:59,273][flwr][DEBUG] - fit_round 31 received 7 results and 0 failures
[2026-01-17 00:13:59,470][flwr][INFO] - fit progress: (31, 0.03229528550458409, {'rmse': 3838.0867629588574, 'mae': 1444.5523681640625, 'r2': 0.8948265103803561, 'mape': 6.092233657836914, 'accuracy_10': 83.24974775314331, 'accuracy_20': 96.18856310844421}, 178.01516395900398)
[2026-01-17 00:13:59,471][flwr][DEBUG] - evaluate_round 31: strategy sampled 6 clients (out of 12)
[2026-01-17 00:13:59,600][flwr][DEBUG] - evaluate_round 31 received 6 results and 0 failures
[2026-01-17 00:13:59,600][flwr][DEBUG] - fit_round 32: strategy sampled 7 clients (out of 12)
[2026-01-17 00:14:04,825][flwr][DEBUG] - fit_round 32 received 7 results and 0 failures
[2026-01-17 00:14:05,018][flwr][INFO] - fit progress: (32, 0.03213372936335915, {'rmse': 3687.992136651053, 'mae': 1288.303466796875, 'r2': 0.9028916266324132, 'mape': 5.779909610748291, 'accuracy_10': 86.71013116836548, 'accuracy_20': 95.93781232833862}, 183.56301354200696)
[2026-01-17 00:14:05,019][flwr][DEBUG] - evaluate_round 32: strategy sampled 6 clients (out of 12)
[2026-01-17 00:14:05,095][flwr][DEBUG] - evaluate_round 32 received 6 results and 0 failures
[2026-01-17 00:14:05,095][flwr][DEBUG] - fit_round 33: strategy sampled 7 clients (out of 12)
[2026-01-17 00:14:10,502][flwr][DEBUG] - fit_round 33 received 7 results and 0 failures
[2026-01-17 00:14:10,716][flwr][INFO] - fit progress: (33, 0.030832848779730117, {'rmse': 3784.4316614255304, 'mae': 1395.2208251953125, 'r2': 0.8977465318443321, 'mape': 5.816098213195801, 'accuracy_10': 84.05215740203857, 'accuracy_20': 96.33901715278625}, 189.2608867920062)
[2026-01-17 00:14:10,717][flwr][DEBUG] - evaluate_round 33: strategy sampled 6 clients (out of 12)
[2026-01-17 00:14:10,948][flwr][DEBUG] - evaluate_round 33 received 6 results and 0 failures
[2026-01-17 00:14:10,948][flwr][DEBUG] - fit_round 34: strategy sampled 7 clients (out of 12)
[2026-01-17 00:14:16,328][flwr][DEBUG] - fit_round 34 received 7 results and 0 failures
[2026-01-17 00:14:16,531][flwr][INFO] - fit progress: (34, 0.030468008162429484, {'rmse': 3831.7139767994167, 'mae': 1392.68017578125, 'r2': 0.89517548038171, 'mape': 5.68530797958374, 'accuracy_10': 83.55064988136292, 'accuracy_20': 96.03811502456665}, 195.07540312499623)
[2026-01-17 00:14:16,531][flwr][DEBUG] - evaluate_round 34: strategy sampled 6 clients (out of 12)
[2026-01-17 00:14:16,617][flwr][DEBUG] - evaluate_round 34 received 6 results and 0 failures
[2026-01-17 00:14:16,618][flwr][DEBUG] - fit_round 35: strategy sampled 7 clients (out of 12)
[2026-01-17 00:14:21,867][flwr][DEBUG] - fit_round 35 received 7 results and 0 failures
[2026-01-17 00:14:22,067][flwr][INFO] - fit progress: (35, 0.030528438289686214, {'rmse': 3643.3853762675176, 'mae': 1254.658935546875, 'r2': 0.9052264969228397, 'mape': 5.60336446762085, 'accuracy_10': 86.91073060035706, 'accuracy_20': 95.93781232833862}, 200.61206975000096)
[2026-01-17 00:14:22,068][flwr][DEBUG] - evaluate_round 35: strategy sampled 6 clients (out of 12)
[2026-01-17 00:14:22,216][flwr][DEBUG] - evaluate_round 35 received 6 results and 0 failures
[2026-01-17 00:14:22,216][flwr][INFO] - FL finished in 200.76056875000359
[2026-01-17 00:14:22,217][flwr][INFO] - app_fit: losses_distributed [(1, 0.2022625021900959), (2, 0.11603035055695181), (3, 0.06072983481366225), (4, 0.06967351114402502), (5, 0.06899660256850786), (6, 0.058335567893121255), (7, 0.05457767325138515), (8, 0.032951285168162044), (9, 0.08116594843093806), (10, 0.0566214845450084), (11, 0.06051744521771072), (12, 0.06908906380852271), (13, 0.04815288057553906), (14, 0.06671223416820418), (15, 0.05178371686196278), (16, 0.04845540970407626), (17, 0.04807012401314245), (18, 0.042376711784987614), (19, 0.042855769692765104), (20, 0.06486138248341114), (21, 0.04673484652708534), (22, 0.04426315848179757), (23, 0.04414820305167901), (24, 0.041419333249946795), (25, 0.030683365470340594), (26, 0.0480715577741937), (27, 0.04983134976503944), (28, 0.06464434151672421), (29, 0.04915136101637681), (30, 0.03162213051033505), (31, 0.023391625497786235), (32, 0.03963430345902452), (33, 0.03943646038127616), (34, 0.03345415551408745), (35, 0.04117523650441709)]
[2026-01-17 00:14:22,217][flwr][INFO] - app_fit: metrics_distributed_fit {'scaffold_updates': [(1, 7), (2, 7), (3, 7), (4, 7), (5, 7), (6, 7), (7, 7), (8, 7), (9, 7), (10, 7), (11, 7), (12, 7), (13, 7), (14, 7), (15, 7), (16, 7), (17, 7), (18, 7), (19, 7), (20, 7), (21, 7), (22, 7), (23, 7), (24, 7), (25, 7), (26, 7), (27, 7), (28, 7), (29, 7), (30, 7), (31, 7), (32, 7), (33, 7), (34, 7), (35, 7)], 'avg_control_delta_norm': [(1, 2.8663406115097003), (2, 1.6206080703263912), (3, 1.1721061833544422), (4, 1.029351548069896), (5, 0.84736314483488), (6, 0.6986854578455718), (7, 0.5929778960370721), (8, 0.6054202798397427), (9, 0.7250859218195245), (10, 0.7513224036844396), (11, 0.5170271563642387), (12, 0.6098453935603325), (13, 0.45555646163838576), (14, 0.7434856405769972), (15, 0.6497015804436721), (16, 0.54186665879845), (17, 0.5156993753188533), (18, 0.40044007268546356), (19, 0.41172050319341896), (20, 0.4070465087464492), (21, 0.5055411995846039), (22, 0.538121815335783), (23, 0.5288318871549441), (24, 0.3959347486598798), (25, 0.3799860412507089), (26, 0.4556285394337138), (27, 0.4662772465740711), (28, 0.3821682173727617), (29, 0.40479355700061037), (30, 0.3942347794417289), (31, 0.39707560850824525), (32, 0.3985262100525105), (33, 0.31876998982007204), (34, 0.3257634522863171), (35, 0.4042753827220862)]}
[2026-01-17 00:14:22,217][flwr][INFO] - app_fit: metrics_distributed {}
[2026-01-17 00:14:22,217][flwr][INFO] - app_fit: losses_centralized [(0, 3.751187844883834), (1, 0.19786599215676814), (2, 0.10873665496213744), (3, 0.0903021095744675), (4, 0.07645796902231132), (5, 0.06466763120223072), (6, 0.06018780981010217), (7, 0.057675616244001755), (8, 0.053651643883336035), (9, 0.05442221720451666), (10, 0.0526245038838704), (11, 0.051049415553651875), (12, 0.04825593605674915), (13, 0.04583498694697617), (14, 0.05489778095331331), (15, 0.05332544141466783), (16, 0.043898920933066785), (17, 0.041609532141884266), (18, 0.041666715549736645), (19, 0.04084653435265617), (20, 0.03773241435759584), (21, 0.04476684498681931), (22, 0.037643446924245226), (23, 0.03600074406787977), (24, 0.034079642135952576), (25, 0.03328146543372479), (26, 0.03414013787521163), (27, 0.036065507226192964), (28, 0.03715579238474563), (29, 0.03354553027879988), (30, 0.0328142060230345), (31, 0.03229528550458409), (32, 0.03213372936335915), (33, 0.030832848779730117), (34, 0.030468008162429484), (35, 0.030528438289686214)]
[2026-01-17 00:14:22,217][flwr][INFO] - app_fit: metrics_centralized {'rmse': [(0, 15582.423431546198), (1, 5636.5938296102195), (2, 4950.275345877237), (3, 4565.969776509695), (4, 4328.4895748979225), (5, 4127.498031495594), (6, 4056.533372228065), (7, 3965.024716190304), (8, 3912.1287044267856), (9, 3888.060827713476), (10, 3864.0051759799703), (11, 3873.1191564422597), (12, 4030.2813797550166), (13, 3958.201611843439), (14, 4002.0694646645), (15, 4473.031187014014), (16, 4067.967428581502), (17, 3841.4627422376493), (18, 3821.8473281909105), (19, 3801.793261080881), (20, 3848.6810727832462), (21, 3929.4555602525907), (22, 4075.5054901202134), (23, 3692.3891994208843), (24, 3757.426246781166), (25, 3778.4741629393206), (26, 3702.0106698927816), (27, 4003.8864869024446), (28, 3766.8812033298846), (29, 3666.7776043823546), (30, 3691.375217991257), (31, 3838.0867629588574), (32, 3687.992136651053), (33, 3784.4316614255304), (34, 3831.7139767994167), (35, 3643.3853762675176)], 'mae': [(0, 10182.001953125), (1, 3124.134765625), (2, 2495.728271484375), (3, 2137.86865234375), (4, 2055.9404296875), (5, 1872.03662109375), (6, 1783.0003662109375), (7, 1720.7314453125), (8, 1698.66552734375), (9, 1623.1573486328125), (10, 1637.6639404296875), (11, 1572.302001953125), (12, 1707.3111572265625), (13, 1627.33251953125), (14, 1498.515380859375), (15, 1887.42724609375), (16, 1679.6334228515625), (17, 1466.3780517578125), (18, 1393.4962158203125), (19, 1384.086181640625), (20, 1469.64892578125), (21, 1338.6474609375), (22, 1562.40625), (23, 1336.07568359375), (24, 1407.3721923828125), (25, 1405.6285400390625), (26, 1320.613037109375), (27, 1571.7369384765625), (28, 1224.279052734375), (29, 1277.01953125), (30, 1275.8782958984375), (31, 1444.5523681640625), (32, 1288.303466796875), (33, 1395.2208251953125), (34, 1392.68017578125), (35, 1254.658935546875)], 'r2': [(0, -0.733591274930137), (1, 0.7731649233297017), (2, 0.8250413463711285), (3, 0.8511520813157814), (4, 0.8662328445998284), (5, 0.8783672609601322), (6, 0.8825138068603532), (7, 0.8877546119272313), (8, 0.8907294842098865), (9, 0.8920698387608854), (10, 0.8934012470553616), (11, 0.8928977928030564), (12, 0.8840295227051884), (13, 0.8881405842322023), (14, 0.8856474238653037), (15, 0.8571498863444106), (16, 0.8818505666001574), (17, 0.8946414035333079), (18, 0.8957146316641398), (19, 0.8968061776218516), (20, 0.8942450843693587), (21, 0.8897594240159529), (22, 0.881412288026518), (23, 0.9026599259214761), (24, 0.8992006725121018), (25, 0.8980682157632922), (26, 0.9021519765419181), (27, 0.8855435592936763), (28, 0.8986927377985381), (29, 0.9040056115614028), (30, 0.902713383470697), (31, 0.8948265103803561), (32, 0.9028916266324132), (33, 0.8977465318443321), (34, 0.89517548038171), (35, 0.9052264969228397)], 'mape': [(0, 51.084510803222656), (1, 18.317028045654297), (2, 13.651721000671387), (3, 11.618745803833008), (4, 10.802206039428711), (5, 9.737234115600586), (6, 9.19842529296875), (7, 8.83166790008545), (8, 8.52497386932373), (9, 8.425594329833984), (10, 8.49055004119873), (11, 8.011577606201172), (12, 7.997209548950195), (13, 7.608080863952637), (14, 7.928691864013672), (15, 8.075920104980469), (16, 7.474278450012207), (17, 7.0458664894104), (18, 6.743011474609375), (19, 6.705581188201904), (20, 6.6391119956970215), (21, 6.709387302398682), (22, 6.580404281616211), (23, 6.227847099304199), (24, 6.185656547546387), (25, 6.10410213470459), (26, 6.085224628448486), (27, 6.644040107727051), (28, 5.91713285446167), (29, 5.900362968444824), (30, 5.7928009033203125), (31, 6.092233657836914), (32, 5.779909610748291), (33, 5.816098213195801), (34, 5.68530797958374), (35, 5.60336446762085)], 'accuracy_10': [(0, 6.068204715847969), (1, 28.78635823726654), (2, 43.12938749790192), (3, 64.04212713241577), (4, 57.0712149143219), (5, 65.69709181785583), (6, 69.60882544517517), (7, 71.36409282684326), (8, 71.91574573516846), (9, 74.87462162971497), (10, 75.37612915039062), (11, 77.3319959640503), (12, 73.82146716117859), (13, 76.62988901138306), (14, 81.04313015937805), (15, 73.06920886039734), (16, 75.67703127861023), (17, 81.64493441581726), (18, 84.25275683403015), (19, 83.5004985332489), (20, 81.54463171958923), (21, 84.35305953025818), (22, 79.83951568603516), (23, 85.15546917915344), (24, 82.99899697303772), (25, 82.9488456249237), (26, 86.05817556381226), (27, 80.69207668304443), (28, 86.91073060035706), (29, 86.15847826004028), (30, 86.8104338645935), (31, 83.24974775314331), (32, 86.71013116836548), (33, 84.05215740203857), (34, 83.55064988136292), (35, 86.91073060035706)], 'accuracy_20': [(0, 13.03911805152893), (1, 59.52858328819275), (2, 82.24673867225647), (3, 85.8575701713562), (4, 88.86659741401672), (5, 90.2708113193512), (6, 90.12036323547363), (7, 90.22065997123718), (8, 91.87562465667725), (9, 90.82247018814087), (10, 92.27682948112488), (11, 92.3771321773529), (12, 93.88164281845093), (13, 93.93179416656494), (14, 91.07322096824646), (15, 92.22667813301086), (16, 95.03510594367981), (17, 94.08224821090698), (18, 93.88164281845093), (19, 93.78134608268738), (20, 95.18555402755737), (21, 92.82848834991455), (22, 95.2858567237854), (23, 94.88465189933777), (24, 95.88766098022461), (25, 96.08826637268066), (26, 95.38615942001343), (27, 95.78736424446106), (28, 93.98194551467896), (29, 95.18555402755737), (30, 95.53660750389099), (31, 96.18856310844421), (32, 95.93781232833862), (33, 96.33901715278625), (34, 96.03811502456665), (35, 95.93781232833862)]}
