[2026-01-14 23:17:05,674][flwr][INFO] - Starting Flower simulation, config: ServerConfig(num_rounds=30, round_timeout=None)
[2026-01-14 23:17:10,932][flwr][INFO] - Flower VCE: Ray initialized with resources: {'CPU': 10.0, 'object_store_memory': 2147483648.0, 'memory': 11863612212.0, 'node:127.0.0.1': 1.0}
[2026-01-14 23:17:10,932][flwr][INFO] - Initializing global parameters
[2026-01-14 23:17:10,932][flwr][INFO] - Using initial parameters provided by strategy
[2026-01-14 23:17:10,932][flwr][INFO] - Evaluating initial parameters
[2026-01-14 23:17:11,050][flwr][INFO] - initial parameters (loss, other metrics): 275.8148798942566, {'accuracy': 0.3415}
[2026-01-14 23:17:11,050][flwr][INFO] - FL starting
[2026-01-14 23:17:11,050][flwr][DEBUG] - fit_round 1: strategy sampled 20 clients (out of 20)
[2026-01-14 23:17:16,991][flwr][DEBUG] - fit_round 1 received 20 results and 0 failures
[2026-01-14 23:17:17,009][flwr][WARNING] - No fit_metrics_aggregation_fn provided
[2026-01-14 23:17:17,093][flwr][INFO] - fit progress: (1, 175.0027189552784, {'accuracy': 0.6395}, 6.04046724998625)
[2026-01-14 23:17:17,094][flwr][DEBUG] - evaluate_round 1: strategy sampled 20 clients (out of 20)
[2026-01-14 23:17:17,208][flwr][DEBUG] - evaluate_round 1 received 20 results and 0 failures
[2026-01-14 23:17:17,208][flwr][WARNING] - No evaluate_metrics_aggregation_fn provided
[2026-01-14 23:17:17,209][flwr][DEBUG] - fit_round 2: strategy sampled 20 clients (out of 20)
[2026-01-14 23:17:18,608][flwr][DEBUG] - fit_round 2 received 20 results and 0 failures
[2026-01-14 23:17:18,704][flwr][INFO] - fit progress: (2, 167.8124828785658, {'accuracy': 0.6445}, 7.650233791995561)
[2026-01-14 23:17:18,704][flwr][DEBUG] - evaluate_round 2: strategy sampled 20 clients (out of 20)
[2026-01-14 23:17:18,803][flwr][DEBUG] - evaluate_round 2 received 20 results and 0 failures
[2026-01-14 23:17:18,803][flwr][DEBUG] - fit_round 3: strategy sampled 20 clients (out of 20)
[2026-01-14 23:17:20,202][flwr][DEBUG] - fit_round 3 received 20 results and 0 failures
[2026-01-14 23:17:20,293][flwr][INFO] - fit progress: (3, 171.43833493441343, {'accuracy': 0.6495}, 9.239513124979567)
[2026-01-14 23:17:20,294][flwr][DEBUG] - evaluate_round 3: strategy sampled 20 clients (out of 20)
[2026-01-14 23:17:20,391][flwr][DEBUG] - evaluate_round 3 received 20 results and 0 failures
[2026-01-14 23:17:20,391][flwr][DEBUG] - fit_round 4: strategy sampled 20 clients (out of 20)
[2026-01-14 23:17:21,618][flwr][DEBUG] - fit_round 4 received 20 results and 0 failures
[2026-01-14 23:17:21,707][flwr][INFO] - fit progress: (4, 173.41840401291847, {'accuracy': 0.65}, 10.652886957977898)
[2026-01-14 23:17:21,708][flwr][DEBUG] - evaluate_round 4: strategy sampled 20 clients (out of 20)
[2026-01-14 23:17:21,792][flwr][DEBUG] - evaluate_round 4 received 20 results and 0 failures
[2026-01-14 23:17:21,792][flwr][DEBUG] - fit_round 5: strategy sampled 20 clients (out of 20)
[2026-01-14 23:17:23,279][flwr][DEBUG] - fit_round 5 received 20 results and 0 failures
[2026-01-14 23:17:23,384][flwr][INFO] - fit progress: (5, 169.53868628293276, {'accuracy': 0.653}, 12.328731124987826)
[2026-01-14 23:17:23,384][flwr][DEBUG] - evaluate_round 5: strategy sampled 20 clients (out of 20)
[2026-01-14 23:17:23,478][flwr][DEBUG] - evaluate_round 5 received 20 results and 0 failures
[2026-01-14 23:17:23,479][flwr][DEBUG] - fit_round 6: strategy sampled 20 clients (out of 20)
[2026-01-14 23:17:24,800][flwr][DEBUG] - fit_round 6 received 20 results and 0 failures
[2026-01-14 23:17:24,888][flwr][INFO] - fit progress: (6, 168.58393223583698, {'accuracy': 0.655}, 13.83242833300028)
[2026-01-14 23:17:24,888][flwr][DEBUG] - evaluate_round 6: strategy sampled 20 clients (out of 20)
[2026-01-14 23:17:24,971][flwr][DEBUG] - evaluate_round 6 received 20 results and 0 failures
[2026-01-14 23:17:24,972][flwr][DEBUG] - fit_round 7: strategy sampled 20 clients (out of 20)
[2026-01-14 23:17:26,145][flwr][DEBUG] - fit_round 7 received 20 results and 0 failures
[2026-01-14 23:17:26,238][flwr][INFO] - fit progress: (7, 166.67356634885073, {'accuracy': 0.6575}, 15.18212266699993)
[2026-01-14 23:17:26,238][flwr][DEBUG] - evaluate_round 7: strategy sampled 20 clients (out of 20)
[2026-01-14 23:17:26,336][flwr][DEBUG] - evaluate_round 7 received 20 results and 0 failures
[2026-01-14 23:17:26,337][flwr][DEBUG] - fit_round 8: strategy sampled 20 clients (out of 20)
[2026-01-14 23:17:27,589][flwr][DEBUG] - fit_round 8 received 20 results and 0 failures
[2026-01-14 23:17:27,679][flwr][INFO] - fit progress: (8, 168.16249940544367, {'accuracy': 0.6585}, 16.62346183299087)
[2026-01-14 23:17:27,679][flwr][DEBUG] - evaluate_round 8: strategy sampled 20 clients (out of 20)
[2026-01-14 23:17:27,761][flwr][DEBUG] - evaluate_round 8 received 20 results and 0 failures
[2026-01-14 23:17:27,761][flwr][DEBUG] - fit_round 9: strategy sampled 20 clients (out of 20)
[2026-01-14 23:17:29,072][flwr][DEBUG] - fit_round 9 received 20 results and 0 failures
[2026-01-14 23:17:29,162][flwr][INFO] - fit progress: (9, 168.04077272117138, {'accuracy': 0.658}, 18.105682791996514)
[2026-01-14 23:17:29,162][flwr][DEBUG] - evaluate_round 9: strategy sampled 20 clients (out of 20)
[2026-01-14 23:17:29,246][flwr][DEBUG] - evaluate_round 9 received 20 results and 0 failures
[2026-01-14 23:17:29,246][flwr][DEBUG] - fit_round 10: strategy sampled 20 clients (out of 20)
[2026-01-14 23:17:30,630][flwr][DEBUG] - fit_round 10 received 20 results and 0 failures
[2026-01-14 23:17:30,715][flwr][INFO] - fit progress: (10, 168.40975483506918, {'accuracy': 0.6585}, 19.658884916978423)
[2026-01-14 23:17:30,715][flwr][DEBUG] - evaluate_round 10: strategy sampled 20 clients (out of 20)
[2026-01-14 23:17:30,800][flwr][DEBUG] - evaluate_round 10 received 20 results and 0 failures
[2026-01-14 23:17:30,800][flwr][DEBUG] - fit_round 11: strategy sampled 20 clients (out of 20)
[2026-01-14 23:17:32,003][flwr][DEBUG] - fit_round 11 received 20 results and 0 failures
[2026-01-14 23:17:32,090][flwr][INFO] - fit progress: (11, 166.84144561737776, {'accuracy': 0.6585}, 21.033682332985336)
[2026-01-14 23:17:32,090][flwr][DEBUG] - evaluate_round 11: strategy sampled 20 clients (out of 20)
[2026-01-14 23:17:32,171][flwr][DEBUG] - evaluate_round 11 received 20 results and 0 failures
[2026-01-14 23:17:32,172][flwr][DEBUG] - fit_round 12: strategy sampled 20 clients (out of 20)
[2026-01-14 23:17:33,331][flwr][DEBUG] - fit_round 12 received 20 results and 0 failures
[2026-01-14 23:17:33,417][flwr][INFO] - fit progress: (12, 164.70903126895428, {'accuracy': 0.6595}, 22.359915832988918)
[2026-01-14 23:17:33,417][flwr][DEBUG] - evaluate_round 12: strategy sampled 20 clients (out of 20)
[2026-01-14 23:17:33,498][flwr][DEBUG] - evaluate_round 12 received 20 results and 0 failures
[2026-01-14 23:17:33,498][flwr][DEBUG] - fit_round 13: strategy sampled 20 clients (out of 20)
[2026-01-14 23:17:34,643][flwr][DEBUG] - fit_round 13 received 20 results and 0 failures
[2026-01-14 23:17:34,728][flwr][INFO] - fit progress: (13, 167.5314916819334, {'accuracy': 0.6595}, 23.67127929200069)
[2026-01-14 23:17:34,728][flwr][DEBUG] - evaluate_round 13: strategy sampled 20 clients (out of 20)
[2026-01-14 23:17:34,813][flwr][DEBUG] - evaluate_round 13 received 20 results and 0 failures
[2026-01-14 23:17:34,813][flwr][DEBUG] - fit_round 14: strategy sampled 20 clients (out of 20)
[2026-01-14 23:17:36,047][flwr][DEBUG] - fit_round 14 received 20 results and 0 failures
[2026-01-14 23:17:36,134][flwr][INFO] - fit progress: (14, 167.17861518263817, {'accuracy': 0.6605}, 25.0771264579962)
[2026-01-14 23:17:36,134][flwr][DEBUG] - evaluate_round 14: strategy sampled 20 clients (out of 20)
[2026-01-14 23:17:36,213][flwr][DEBUG] - evaluate_round 14 received 20 results and 0 failures
[2026-01-14 23:17:36,213][flwr][DEBUG] - fit_round 15: strategy sampled 20 clients (out of 20)
[2026-01-14 23:17:37,552][flwr][DEBUG] - fit_round 15 received 20 results and 0 failures
[2026-01-14 23:17:37,644][flwr][INFO] - fit progress: (15, 169.27215916663408, {'accuracy': 0.66}, 26.58722887499607)
[2026-01-14 23:17:37,645][flwr][DEBUG] - evaluate_round 15: strategy sampled 20 clients (out of 20)
[2026-01-14 23:17:37,751][flwr][DEBUG] - evaluate_round 15 received 20 results and 0 failures
[2026-01-14 23:17:37,751][flwr][DEBUG] - fit_round 16: strategy sampled 20 clients (out of 20)
[2026-01-14 23:17:39,094][flwr][DEBUG] - fit_round 16 received 20 results and 0 failures
[2026-01-14 23:17:39,198][flwr][INFO] - fit progress: (16, 166.82993981987238, {'accuracy': 0.661}, 28.14068362498074)
[2026-01-14 23:17:39,198][flwr][DEBUG] - evaluate_round 16: strategy sampled 20 clients (out of 20)
[2026-01-14 23:17:39,291][flwr][DEBUG] - evaluate_round 16 received 20 results and 0 failures
[2026-01-14 23:17:39,291][flwr][DEBUG] - fit_round 17: strategy sampled 20 clients (out of 20)
[2026-01-14 23:17:40,690][flwr][DEBUG] - fit_round 17 received 20 results and 0 failures
[2026-01-14 23:17:40,781][flwr][INFO] - fit progress: (17, 162.49135304242373, {'accuracy': 0.66}, 29.723763541987864)
[2026-01-14 23:17:40,781][flwr][DEBUG] - evaluate_round 17: strategy sampled 20 clients (out of 20)
[2026-01-14 23:17:40,871][flwr][DEBUG] - evaluate_round 17 received 20 results and 0 failures
[2026-01-14 23:17:40,872][flwr][DEBUG] - fit_round 18: strategy sampled 20 clients (out of 20)
[2026-01-14 23:17:42,128][flwr][DEBUG] - fit_round 18 received 20 results and 0 failures
[2026-01-14 23:17:42,217][flwr][INFO] - fit progress: (18, 168.33815207332373, {'accuracy': 0.6605}, 31.159516041981988)
[2026-01-14 23:17:42,217][flwr][DEBUG] - evaluate_round 18: strategy sampled 20 clients (out of 20)
[2026-01-14 23:17:42,296][flwr][DEBUG] - evaluate_round 18 received 20 results and 0 failures
[2026-01-14 23:17:42,297][flwr][DEBUG] - fit_round 19: strategy sampled 20 clients (out of 20)
[2026-01-14 23:17:43,517][flwr][DEBUG] - fit_round 19 received 20 results and 0 failures
[2026-01-14 23:17:43,622][flwr][INFO] - fit progress: (19, 165.9444955587387, {'accuracy': 0.662}, 32.56485716698808)
[2026-01-14 23:17:43,623][flwr][DEBUG] - evaluate_round 19: strategy sampled 20 clients (out of 20)
[2026-01-14 23:17:43,732][flwr][DEBUG] - evaluate_round 19 received 20 results and 0 failures
[2026-01-14 23:17:43,733][flwr][DEBUG] - fit_round 20: strategy sampled 20 clients (out of 20)
[2026-01-14 23:17:44,954][flwr][DEBUG] - fit_round 20 received 20 results and 0 failures
[2026-01-14 23:17:45,043][flwr][INFO] - fit progress: (20, 167.4656189903617, {'accuracy': 0.66}, 33.985290582990274)
[2026-01-14 23:17:45,043][flwr][DEBUG] - evaluate_round 20: strategy sampled 20 clients (out of 20)
[2026-01-14 23:17:45,128][flwr][DEBUG] - evaluate_round 20 received 20 results and 0 failures
[2026-01-14 23:17:45,128][flwr][DEBUG] - fit_round 21: strategy sampled 20 clients (out of 20)
[2026-01-14 23:17:46,723][flwr][DEBUG] - fit_round 21 received 20 results and 0 failures
[2026-01-14 23:17:46,810][flwr][INFO] - fit progress: (21, 164.31277111172676, {'accuracy': 0.661}, 35.7518641249917)
[2026-01-14 23:17:46,810][flwr][DEBUG] - evaluate_round 21: strategy sampled 20 clients (out of 20)
[2026-01-14 23:17:46,905][flwr][DEBUG] - evaluate_round 21 received 20 results and 0 failures
[2026-01-14 23:17:46,905][flwr][DEBUG] - fit_round 22: strategy sampled 20 clients (out of 20)
[2026-01-14 23:17:48,151][flwr][DEBUG] - fit_round 22 received 20 results and 0 failures
[2026-01-14 23:17:48,236][flwr][INFO] - fit progress: (22, 164.6327260285616, {'accuracy': 0.661}, 37.17818908300251)
[2026-01-14 23:17:48,236][flwr][DEBUG] - evaluate_round 22: strategy sampled 20 clients (out of 20)
[2026-01-14 23:17:48,320][flwr][DEBUG] - evaluate_round 22 received 20 results and 0 failures
[2026-01-14 23:17:48,320][flwr][DEBUG] - fit_round 23: strategy sampled 20 clients (out of 20)
[2026-01-14 23:17:49,621][flwr][DEBUG] - fit_round 23 received 20 results and 0 failures
[2026-01-14 23:17:49,707][flwr][INFO] - fit progress: (23, 165.73771823197603, {'accuracy': 0.6605}, 38.648793000000296)
[2026-01-14 23:17:49,707][flwr][DEBUG] - evaluate_round 23: strategy sampled 20 clients (out of 20)
[2026-01-14 23:17:49,806][flwr][DEBUG] - evaluate_round 23 received 20 results and 0 failures
[2026-01-14 23:17:49,807][flwr][DEBUG] - fit_round 24: strategy sampled 20 clients (out of 20)
[2026-01-14 23:17:51,201][flwr][DEBUG] - fit_round 24 received 20 results and 0 failures
[2026-01-14 23:17:51,294][flwr][INFO] - fit progress: (24, 169.35575239360332, {'accuracy': 0.661}, 40.23556970799109)
[2026-01-14 23:17:51,294][flwr][DEBUG] - evaluate_round 24: strategy sampled 20 clients (out of 20)
[2026-01-14 23:17:51,371][flwr][DEBUG] - evaluate_round 24 received 20 results and 0 failures
[2026-01-14 23:17:51,371][flwr][DEBUG] - fit_round 25: strategy sampled 20 clients (out of 20)
[2026-01-14 23:17:52,662][flwr][DEBUG] - fit_round 25 received 20 results and 0 failures
[2026-01-14 23:17:52,746][flwr][INFO] - fit progress: (25, 164.00584630668163, {'accuracy': 0.6605}, 41.68798558297567)
[2026-01-14 23:17:52,746][flwr][DEBUG] - evaluate_round 25: strategy sampled 20 clients (out of 20)
[2026-01-14 23:17:52,823][flwr][DEBUG] - evaluate_round 25 received 20 results and 0 failures
[2026-01-14 23:17:52,823][flwr][DEBUG] - fit_round 26: strategy sampled 20 clients (out of 20)
[2026-01-14 23:17:54,129][flwr][DEBUG] - fit_round 26 received 20 results and 0 failures
[2026-01-14 23:17:54,220][flwr][INFO] - fit progress: (26, 164.61606194078922, {'accuracy': 0.659}, 43.161957167001674)
[2026-01-14 23:17:54,220][flwr][DEBUG] - evaluate_round 26: strategy sampled 20 clients (out of 20)
[2026-01-14 23:17:54,309][flwr][DEBUG] - evaluate_round 26 received 20 results and 0 failures
[2026-01-14 23:17:54,309][flwr][DEBUG] - fit_round 27: strategy sampled 20 clients (out of 20)
[2026-01-14 23:17:55,497][flwr][DEBUG] - fit_round 27 received 20 results and 0 failures
[2026-01-14 23:17:55,589][flwr][INFO] - fit progress: (27, 162.32148787379265, {'accuracy': 0.6595}, 44.531096999999136)
[2026-01-14 23:17:55,590][flwr][DEBUG] - evaluate_round 27: strategy sampled 20 clients (out of 20)
[2026-01-14 23:17:55,684][flwr][DEBUG] - evaluate_round 27 received 20 results and 0 failures
[2026-01-14 23:17:55,684][flwr][DEBUG] - fit_round 28: strategy sampled 20 clients (out of 20)
[2026-01-14 23:17:57,122][flwr][DEBUG] - fit_round 28 received 20 results and 0 failures
[2026-01-14 23:17:57,209][flwr][INFO] - fit progress: (28, 166.20195835083723, {'accuracy': 0.6585}, 46.15094424999552)
[2026-01-14 23:17:57,209][flwr][DEBUG] - evaluate_round 28: strategy sampled 20 clients (out of 20)
[2026-01-14 23:17:57,296][flwr][DEBUG] - evaluate_round 28 received 20 results and 0 failures
[2026-01-14 23:17:57,296][flwr][DEBUG] - fit_round 29: strategy sampled 20 clients (out of 20)
[2026-01-14 23:17:59,014][flwr][DEBUG] - fit_round 29 received 20 results and 0 failures
[2026-01-14 23:17:59,109][flwr][INFO] - fit progress: (29, 163.90609245747328, {'accuracy': 0.659}, 48.050434582983144)
[2026-01-14 23:17:59,109][flwr][DEBUG] - evaluate_round 29: strategy sampled 20 clients (out of 20)
[2026-01-14 23:17:59,218][flwr][DEBUG] - evaluate_round 29 received 20 results and 0 failures
[2026-01-14 23:17:59,218][flwr][DEBUG] - fit_round 30: strategy sampled 20 clients (out of 20)
[2026-01-14 23:18:00,695][flwr][DEBUG] - fit_round 30 received 20 results and 0 failures
[2026-01-14 23:18:00,812][flwr][INFO] - fit progress: (30, 172.5474520176649, {'accuracy': 0.6595}, 49.75399091700092)
[2026-01-14 23:18:00,813][flwr][DEBUG] - evaluate_round 30: strategy sampled 20 clients (out of 20)
[2026-01-14 23:18:00,910][flwr][DEBUG] - evaluate_round 30 received 20 results and 0 failures
[2026-01-14 23:18:00,911][flwr][INFO] - FL finished in 49.8523393329815
[2026-01-14 23:18:00,912][flwr][INFO] - app_fit: losses_distributed [(1, 8.572659840571502), (2, 8.47789164286832), (3, 8.749989731286117), (4, 8.888341659809864), (5, 8.692930761981305), (6, 8.662682951427477), (7, 8.570318314684705), (8, 8.667163710417906), (9, 8.669581850072316), (10, 8.706962779866572), (11, 8.622848901752231), (12, 8.501471729312305), (13, 8.672357535156968), (14, 8.655134960136397), (15, 8.777090934164951), (16, 8.633986929031604), (17, 8.383457793691598), (18, 8.731481044902791), (19, 8.58885651016769), (20, 8.667877763266661), (21, 8.482284171775822), (22, 8.505431957815073), (23, 8.563941077429467), (24, 8.77295784056353), (25, 8.467722412186315), (26, 8.508559114459176), (27, 8.374295343486493), (28, 8.60117333597824), (29, 8.458709295907635), (30, 8.955448035778227)]
[2026-01-14 23:18:00,913][flwr][INFO] - app_fit: metrics_distributed_fit {}
[2026-01-14 23:18:00,913][flwr][INFO] - app_fit: metrics_distributed {}
[2026-01-14 23:18:00,913][flwr][INFO] - app_fit: losses_centralized [(0, 275.8148798942566), (1, 175.0027189552784), (2, 167.8124828785658), (3, 171.43833493441343), (4, 173.41840401291847), (5, 169.53868628293276), (6, 168.58393223583698), (7, 166.67356634885073), (8, 168.16249940544367), (9, 168.04077272117138), (10, 168.40975483506918), (11, 166.84144561737776), (12, 164.70903126895428), (13, 167.5314916819334), (14, 167.17861518263817), (15, 169.27215916663408), (16, 166.82993981987238), (17, 162.49135304242373), (18, 168.33815207332373), (19, 165.9444955587387), (20, 167.4656189903617), (21, 164.31277111172676), (22, 164.6327260285616), (23, 165.73771823197603), (24, 169.35575239360332), (25, 164.00584630668163), (26, 164.61606194078922), (27, 162.32148787379265), (28, 166.20195835083723), (29, 163.90609245747328), (30, 172.5474520176649)]
[2026-01-14 23:18:00,913][flwr][INFO] - app_fit: metrics_centralized {'accuracy': [(0, 0.3415), (1, 0.6395), (2, 0.6445), (3, 0.6495), (4, 0.65), (5, 0.653), (6, 0.655), (7, 0.6575), (8, 0.6585), (9, 0.658), (10, 0.6585), (11, 0.6585), (12, 0.6595), (13, 0.6595), (14, 0.6605), (15, 0.66), (16, 0.661), (17, 0.66), (18, 0.6605), (19, 0.662), (20, 0.66), (21, 0.661), (22, 0.661), (23, 0.6605), (24, 0.661), (25, 0.6605), (26, 0.659), (27, 0.6595), (28, 0.6585), (29, 0.659), (30, 0.6595)]}
[2026-01-14 23:18:00,957][flwr][INFO] - Starting Flower simulation, config: ServerConfig(num_rounds=30, round_timeout=None)
[2026-01-14 23:18:07,759][flwr][INFO] - Flower VCE: Ray initialized with resources: {'memory': 12306518426.0, 'CPU': 10.0, 'node:127.0.0.1': 1.0, 'object_store_memory': 2147483648.0}
[2026-01-14 23:18:07,760][flwr][INFO] - Initializing global parameters
[2026-01-14 23:18:07,761][flwr][INFO] - Using initial parameters provided by strategy
[2026-01-14 23:18:07,761][flwr][INFO] - Evaluating initial parameters
[2026-01-14 23:18:07,835][flwr][INFO] - initial parameters (loss, other metrics): 275.8148798942566, {'accuracy': 0.3415, 'adaptive_mu': 0.1, 'mu_adapted': False}
[2026-01-14 23:18:07,835][flwr][INFO] - FL starting
[2026-01-14 23:18:07,836][flwr][DEBUG] - fit_round 1: strategy sampled 20 clients (out of 20)
[2026-01-14 23:18:14,734][flwr][DEBUG] - fit_round 1 received 20 results and 0 failures
[2026-01-14 23:18:14,749][flwr][WARNING] - No fit_metrics_aggregation_fn provided
[2026-01-14 23:18:14,831][flwr][INFO] - fit progress: (1, 208.99797195196152, {'accuracy': 0.6065, 'adaptive_mu': 0.1, 'mu_adapted': False}, 6.995727458008332)
[2026-01-14 23:18:14,832][flwr][DEBUG] - evaluate_round 1: strategy sampled 20 clients (out of 20)
[2026-01-14 23:18:14,972][flwr][DEBUG] - evaluate_round 1 received 20 results and 0 failures
[2026-01-14 23:18:14,972][flwr][WARNING] - No evaluate_metrics_aggregation_fn provided
[2026-01-14 23:18:14,972][flwr][DEBUG] - fit_round 2: strategy sampled 20 clients (out of 20)
[2026-01-14 23:18:16,898][flwr][DEBUG] - fit_round 2 received 20 results and 0 failures
[2026-01-14 23:18:16,989][flwr][INFO] - fit progress: (2, 167.88592398166656, {'accuracy': 0.634, 'adaptive_mu': 0.1, 'mu_adapted': False}, 9.153948291990673)
[2026-01-14 23:18:16,990][flwr][DEBUG] - evaluate_round 2: strategy sampled 20 clients (out of 20)
[2026-01-14 23:18:17,086][flwr][DEBUG] - evaluate_round 2 received 20 results and 0 failures
[2026-01-14 23:18:17,086][flwr][DEBUG] - fit_round 3: strategy sampled 20 clients (out of 20)
[2026-01-14 23:18:19,179][flwr][DEBUG] - fit_round 3 received 20 results and 0 failures
[2026-01-14 23:18:19,266][flwr][INFO] - fit progress: (3, 164.65731318295002, {'accuracy': 0.6405, 'adaptive_mu': 0.1, 'mu_adapted': False}, 11.430422875011573)
[2026-01-14 23:18:19,266][flwr][DEBUG] - evaluate_round 3: strategy sampled 20 clients (out of 20)
[2026-01-14 23:18:19,358][flwr][DEBUG] - evaluate_round 3 received 20 results and 0 failures
[2026-01-14 23:18:19,359][flwr][DEBUG] - fit_round 4: strategy sampled 20 clients (out of 20)
[2026-01-14 23:18:21,772][flwr][DEBUG] - fit_round 4 received 20 results and 0 failures
[2026-01-14 23:18:21,856][flwr][INFO] - fit progress: (4, 164.31219825148582, {'accuracy': 0.643, 'adaptive_mu': 0.1, 'mu_adapted': False}, 14.020262125006411)
[2026-01-14 23:18:21,856][flwr][DEBUG] - evaluate_round 4: strategy sampled 20 clients (out of 20)
[2026-01-14 23:18:21,943][flwr][DEBUG] - evaluate_round 4 received 20 results and 0 failures
[2026-01-14 23:18:21,943][flwr][DEBUG] - fit_round 5: strategy sampled 20 clients (out of 20)
[2026-01-14 23:18:23,954][flwr][DEBUG] - fit_round 5 received 20 results and 0 failures
[2026-01-14 23:18:24,039][flwr][INFO] - fit progress: (5, 165.40033875405788, {'accuracy': 0.647, 'adaptive_mu': 0.1, 'mu_adapted': False}, 16.203197416994954)
[2026-01-14 23:18:24,039][flwr][DEBUG] - evaluate_round 5: strategy sampled 20 clients (out of 20)
[2026-01-14 23:18:24,134][flwr][DEBUG] - evaluate_round 5 received 20 results and 0 failures
[2026-01-14 23:18:24,134][flwr][DEBUG] - fit_round 6: strategy sampled 20 clients (out of 20)
[2026-01-14 23:18:25,971][flwr][DEBUG] - fit_round 6 received 20 results and 0 failures
[2026-01-14 23:18:26,057][flwr][INFO] - fit progress: (6, 166.57818603515625, {'accuracy': 0.65, 'adaptive_mu': 0.11000000000000001, 'mu_adapted': True}, 18.2213945830008)
[2026-01-14 23:18:26,057][flwr][DEBUG] - evaluate_round 6: strategy sampled 20 clients (out of 20)
[2026-01-14 23:18:26,142][flwr][DEBUG] - evaluate_round 6 received 20 results and 0 failures
[2026-01-14 23:18:26,142][flwr][DEBUG] - fit_round 7: strategy sampled 20 clients (out of 20)
[2026-01-14 23:18:28,039][flwr][DEBUG] - fit_round 7 received 20 results and 0 failures
[2026-01-14 23:18:28,150][flwr][INFO] - fit progress: (7, 166.54744804650545, {'accuracy': 0.647, 'adaptive_mu': 0.10450000000000001, 'mu_adapted': True}, 20.313978666992625)
[2026-01-14 23:18:28,150][flwr][DEBUG] - evaluate_round 7: strategy sampled 20 clients (out of 20)
[2026-01-14 23:18:28,256][flwr][DEBUG] - evaluate_round 7 received 20 results and 0 failures
[2026-01-14 23:18:28,257][flwr][DEBUG] - fit_round 8: strategy sampled 20 clients (out of 20)
[2026-01-14 23:18:30,063][flwr][DEBUG] - fit_round 8 received 20 results and 0 failures
[2026-01-14 23:18:30,372][flwr][INFO] - fit progress: (8, 170.02642282098532, {'accuracy': 0.6505, 'adaptive_mu': 0.11495000000000002, 'mu_adapted': True}, 22.536366832995554)
[2026-01-14 23:18:30,372][flwr][DEBUG] - evaluate_round 8: strategy sampled 20 clients (out of 20)
[2026-01-14 23:18:30,474][flwr][DEBUG] - evaluate_round 8 received 20 results and 0 failures
[2026-01-14 23:18:30,474][flwr][DEBUG] - fit_round 9: strategy sampled 20 clients (out of 20)
[2026-01-14 23:18:32,575][flwr][DEBUG] - fit_round 9 received 20 results and 0 failures
[2026-01-14 23:18:32,665][flwr][INFO] - fit progress: (9, 168.5508386939764, {'accuracy': 0.6505, 'adaptive_mu': 0.10920250000000002, 'mu_adapted': True}, 24.8293905419996)
[2026-01-14 23:18:32,665][flwr][DEBUG] - evaluate_round 9: strategy sampled 20 clients (out of 20)
[2026-01-14 23:18:32,764][flwr][DEBUG] - evaluate_round 9 received 20 results and 0 failures
[2026-01-14 23:18:32,764][flwr][DEBUG] - fit_round 10: strategy sampled 20 clients (out of 20)
[2026-01-14 23:18:34,703][flwr][DEBUG] - fit_round 10 received 20 results and 0 failures
[2026-01-14 23:18:34,789][flwr][INFO] - fit progress: (10, 172.15598764270544, {'accuracy': 0.656, 'adaptive_mu': 0.12012275000000003, 'mu_adapted': True}, 26.95334974999423)
[2026-01-14 23:18:34,789][flwr][DEBUG] - evaluate_round 10: strategy sampled 20 clients (out of 20)
[2026-01-14 23:18:34,881][flwr][DEBUG] - evaluate_round 10 received 20 results and 0 failures
[2026-01-14 23:18:34,881][flwr][DEBUG] - fit_round 11: strategy sampled 20 clients (out of 20)
[2026-01-14 23:18:36,830][flwr][DEBUG] - fit_round 11 received 20 results and 0 failures
[2026-01-14 23:18:36,922][flwr][INFO] - fit progress: (11, 171.71166594326496, {'accuracy': 0.6575, 'adaptive_mu': 0.11411661250000002, 'mu_adapted': True}, 29.08640420800657)
[2026-01-14 23:18:36,922][flwr][DEBUG] - evaluate_round 11: strategy sampled 20 clients (out of 20)
[2026-01-14 23:18:37,008][flwr][DEBUG] - evaluate_round 11 received 20 results and 0 failures
[2026-01-14 23:18:37,008][flwr][DEBUG] - fit_round 12: strategy sampled 20 clients (out of 20)
[2026-01-14 23:18:39,138][flwr][DEBUG] - fit_round 12 received 20 results and 0 failures
[2026-01-14 23:18:39,241][flwr][INFO] - fit progress: (12, 168.50957707315683, {'accuracy': 0.6565, 'adaptive_mu': 0.10841078187500001, 'mu_adapted': True}, 31.405367667000974)
[2026-01-14 23:18:39,241][flwr][DEBUG] - evaluate_round 12: strategy sampled 20 clients (out of 20)
[2026-01-14 23:18:39,330][flwr][DEBUG] - evaluate_round 12 received 20 results and 0 failures
[2026-01-14 23:18:39,330][flwr][DEBUG] - fit_round 13: strategy sampled 20 clients (out of 20)
[2026-01-14 23:18:41,292][flwr][DEBUG] - fit_round 13 received 20 results and 0 failures
[2026-01-14 23:18:41,382][flwr][INFO] - fit progress: (13, 170.01590626686811, {'accuracy': 0.6585, 'adaptive_mu': 0.11925186006250002, 'mu_adapted': True}, 33.546534833003534)
[2026-01-14 23:18:41,382][flwr][DEBUG] - evaluate_round 13: strategy sampled 20 clients (out of 20)
[2026-01-14 23:18:41,462][flwr][DEBUG] - evaluate_round 13 received 20 results and 0 failures
[2026-01-14 23:18:41,462][flwr][DEBUG] - fit_round 14: strategy sampled 20 clients (out of 20)
[2026-01-14 23:18:43,281][flwr][DEBUG] - fit_round 14 received 20 results and 0 failures
[2026-01-14 23:18:43,372][flwr][INFO] - fit progress: (14, 168.05601348727942, {'accuracy': 0.659, 'adaptive_mu': 0.11328926705937502, 'mu_adapted': True}, 35.53657316698809)
[2026-01-14 23:18:43,372][flwr][DEBUG] - evaluate_round 14: strategy sampled 20 clients (out of 20)
[2026-01-14 23:18:43,463][flwr][DEBUG] - evaluate_round 14 received 20 results and 0 failures
[2026-01-14 23:18:43,464][flwr][DEBUG] - fit_round 15: strategy sampled 20 clients (out of 20)
[2026-01-14 23:18:45,605][flwr][DEBUG] - fit_round 15 received 20 results and 0 failures
[2026-01-14 23:18:45,694][flwr][INFO] - fit progress: (15, 171.6764953583479, {'accuracy': 0.66, 'adaptive_mu': 0.12461819376531252, 'mu_adapted': True}, 37.858570250013145)
[2026-01-14 23:18:45,694][flwr][DEBUG] - evaluate_round 15: strategy sampled 20 clients (out of 20)
[2026-01-14 23:18:45,791][flwr][DEBUG] - evaluate_round 15 received 20 results and 0 failures
[2026-01-14 23:18:45,792][flwr][DEBUG] - fit_round 16: strategy sampled 20 clients (out of 20)
[2026-01-14 23:18:47,907][flwr][DEBUG] - fit_round 16 received 20 results and 0 failures
[2026-01-14 23:18:47,992][flwr][INFO] - fit progress: (16, 168.56040352582932, {'accuracy': 0.6605, 'adaptive_mu': 0.11838728407704689, 'mu_adapted': True}, 40.15663395798765)
[2026-01-14 23:18:47,993][flwr][DEBUG] - evaluate_round 16: strategy sampled 20 clients (out of 20)
[2026-01-14 23:18:48,081][flwr][DEBUG] - evaluate_round 16 received 20 results and 0 failures
[2026-01-14 23:18:48,081][flwr][DEBUG] - fit_round 17: strategy sampled 20 clients (out of 20)
[2026-01-14 23:18:49,940][flwr][DEBUG] - fit_round 17 received 20 results and 0 failures
[2026-01-14 23:18:50,041][flwr][INFO] - fit progress: (17, 171.65429966896772, {'accuracy': 0.661, 'adaptive_mu': 0.1302260124847516, 'mu_adapted': True}, 42.20490129198879)
[2026-01-14 23:18:50,041][flwr][DEBUG] - evaluate_round 17: strategy sampled 20 clients (out of 20)
[2026-01-14 23:18:50,131][flwr][DEBUG] - evaluate_round 17 received 20 results and 0 failures
[2026-01-14 23:18:50,131][flwr][DEBUG] - fit_round 18: strategy sampled 20 clients (out of 20)
[2026-01-14 23:18:52,048][flwr][DEBUG] - fit_round 18 received 20 results and 0 failures
[2026-01-14 23:18:52,136][flwr][INFO] - fit progress: (18, 168.36740488559008, {'accuracy': 0.662, 'adaptive_mu': 0.12371471186051401, 'mu_adapted': True}, 44.30002575000981)
[2026-01-14 23:18:52,136][flwr][DEBUG] - evaluate_round 18: strategy sampled 20 clients (out of 20)
[2026-01-14 23:18:52,212][flwr][DEBUG] - evaluate_round 18 received 20 results and 0 failures
[2026-01-14 23:18:52,213][flwr][DEBUG] - fit_round 19: strategy sampled 20 clients (out of 20)
[2026-01-14 23:18:54,084][flwr][DEBUG] - fit_round 19 received 20 results and 0 failures
[2026-01-14 23:18:54,173][flwr][INFO] - fit progress: (19, 169.40990090370178, {'accuracy': 0.6615, 'adaptive_mu': 0.13608618304656542, 'mu_adapted': True}, 46.33737158300937)
[2026-01-14 23:18:54,173][flwr][DEBUG] - evaluate_round 19: strategy sampled 20 clients (out of 20)
[2026-01-14 23:18:54,256][flwr][DEBUG] - evaluate_round 19 received 20 results and 0 failures
[2026-01-14 23:18:54,256][flwr][DEBUG] - fit_round 20: strategy sampled 20 clients (out of 20)
[2026-01-14 23:18:56,165][flwr][DEBUG] - fit_round 20 received 20 results and 0 failures
[2026-01-14 23:18:56,251][flwr][INFO] - fit progress: (20, 166.0874174758792, {'accuracy': 0.6615, 'adaptive_mu': 0.12928187389423715, 'mu_adapted': True}, 48.41522383299889)
[2026-01-14 23:18:56,251][flwr][DEBUG] - evaluate_round 20: strategy sampled 20 clients (out of 20)
[2026-01-14 23:18:56,347][flwr][DEBUG] - evaluate_round 20 received 20 results and 0 failures
[2026-01-14 23:18:56,347][flwr][DEBUG] - fit_round 21: strategy sampled 20 clients (out of 20)
[2026-01-14 23:18:58,268][flwr][DEBUG] - fit_round 21 received 20 results and 0 failures
[2026-01-14 23:18:58,372][flwr][INFO] - fit progress: (21, 168.6000883206725, {'accuracy': 0.663, 'adaptive_mu': 0.14221006128366087, 'mu_adapted': True}, 50.53646025000489)
[2026-01-14 23:18:58,373][flwr][DEBUG] - evaluate_round 21: strategy sampled 20 clients (out of 20)
[2026-01-14 23:18:58,470][flwr][DEBUG] - evaluate_round 21 received 20 results and 0 failures
[2026-01-14 23:18:58,471][flwr][DEBUG] - fit_round 22: strategy sampled 20 clients (out of 20)
[2026-01-14 23:19:00,674][flwr][DEBUG] - fit_round 22 received 20 results and 0 failures
[2026-01-14 23:19:00,760][flwr][INFO] - fit progress: (22, 170.87253183871508, {'accuracy': 0.661, 'adaptive_mu': 0.15643106741202698, 'mu_adapted': True}, 52.92432250001002)
[2026-01-14 23:19:00,760][flwr][DEBUG] - evaluate_round 22: strategy sampled 20 clients (out of 20)
[2026-01-14 23:19:00,856][flwr][DEBUG] - evaluate_round 22 received 20 results and 0 failures
[2026-01-14 23:19:00,856][flwr][DEBUG] - fit_round 23: strategy sampled 20 clients (out of 20)
[2026-01-14 23:19:02,738][flwr][DEBUG] - fit_round 23 received 20 results and 0 failures
[2026-01-14 23:19:02,828][flwr][INFO] - fit progress: (23, 167.8235202357173, {'accuracy': 0.6615, 'adaptive_mu': 0.1486095140414256, 'mu_adapted': True}, 54.992559583013644)
[2026-01-14 23:19:02,829][flwr][DEBUG] - evaluate_round 23: strategy sampled 20 clients (out of 20)
[2026-01-14 23:19:02,922][flwr][DEBUG] - evaluate_round 23 received 20 results and 0 failures
[2026-01-14 23:19:02,922][flwr][DEBUG] - fit_round 24: strategy sampled 20 clients (out of 20)
[2026-01-14 23:19:04,855][flwr][DEBUG] - fit_round 24 received 20 results and 0 failures
[2026-01-14 23:19:04,939][flwr][INFO] - fit progress: (24, 166.24452041089535, {'accuracy': 0.66, 'adaptive_mu': 0.14117903833935433, 'mu_adapted': True}, 57.10275858300156)
[2026-01-14 23:19:04,939][flwr][DEBUG] - evaluate_round 24: strategy sampled 20 clients (out of 20)
[2026-01-14 23:19:05,025][flwr][DEBUG] - evaluate_round 24 received 20 results and 0 failures
[2026-01-14 23:19:05,025][flwr][DEBUG] - fit_round 25: strategy sampled 20 clients (out of 20)
[2026-01-14 23:19:06,881][flwr][DEBUG] - fit_round 25 received 20 results and 0 failures
[2026-01-14 23:19:06,973][flwr][INFO] - fit progress: (25, 168.91188418865204, {'accuracy': 0.66, 'adaptive_mu': 0.15529694217328976, 'mu_adapted': True}, 59.13720612501493)
[2026-01-14 23:19:06,973][flwr][DEBUG] - evaluate_round 25: strategy sampled 20 clients (out of 20)
[2026-01-14 23:19:07,058][flwr][DEBUG] - evaluate_round 25 received 20 results and 0 failures
[2026-01-14 23:19:07,058][flwr][DEBUG] - fit_round 26: strategy sampled 20 clients (out of 20)
[2026-01-14 23:19:09,016][flwr][DEBUG] - fit_round 26 received 20 results and 0 failures
[2026-01-14 23:19:09,112][flwr][INFO] - fit progress: (26, 171.94092984497547, {'accuracy': 0.6585, 'adaptive_mu': 0.17082663639061876, 'mu_adapted': True}, 61.27614066700335)
[2026-01-14 23:19:09,112][flwr][DEBUG] - evaluate_round 26: strategy sampled 20 clients (out of 20)
[2026-01-14 23:19:09,201][flwr][DEBUG] - evaluate_round 26 received 20 results and 0 failures
[2026-01-14 23:19:09,202][flwr][DEBUG] - fit_round 27: strategy sampled 20 clients (out of 20)
[2026-01-14 23:19:11,058][flwr][DEBUG] - fit_round 27 received 20 results and 0 failures
[2026-01-14 23:19:11,150][flwr][INFO] - fit progress: (27, 166.8268088772893, {'accuracy': 0.659, 'adaptive_mu': 0.1622853045710878, 'mu_adapted': True}, 63.314021666999906)
[2026-01-14 23:19:11,150][flwr][DEBUG] - evaluate_round 27: strategy sampled 20 clients (out of 20)
[2026-01-14 23:19:11,227][flwr][DEBUG] - evaluate_round 27 received 20 results and 0 failures
[2026-01-14 23:19:11,228][flwr][DEBUG] - fit_round 28: strategy sampled 20 clients (out of 20)
[2026-01-14 23:19:13,058][flwr][DEBUG] - fit_round 28 received 20 results and 0 failures
[2026-01-14 23:19:13,144][flwr][INFO] - fit progress: (28, 169.7519484832883, {'accuracy': 0.6595, 'adaptive_mu': 0.1785138350281966, 'mu_adapted': True}, 65.30798441701336)
[2026-01-14 23:19:13,144][flwr][DEBUG] - evaluate_round 28: strategy sampled 20 clients (out of 20)
[2026-01-14 23:19:13,231][flwr][DEBUG] - evaluate_round 28 received 20 results and 0 failures
[2026-01-14 23:19:13,231][flwr][DEBUG] - fit_round 29: strategy sampled 20 clients (out of 20)
[2026-01-14 23:19:15,517][flwr][DEBUG] - fit_round 29 received 20 results and 0 failures
[2026-01-14 23:19:15,614][flwr][INFO] - fit progress: (29, 169.9444997832179, {'accuracy': 0.6585, 'adaptive_mu': 0.19636521853101627, 'mu_adapted': True}, 67.77780920799705)
[2026-01-14 23:19:15,614][flwr][DEBUG] - evaluate_round 29: strategy sampled 20 clients (out of 20)
[2026-01-14 23:19:15,709][flwr][DEBUG] - evaluate_round 29 received 20 results and 0 failures
[2026-01-14 23:19:15,709][flwr][DEBUG] - fit_round 30: strategy sampled 20 clients (out of 20)
[2026-01-14 23:19:17,702][flwr][DEBUG] - fit_round 30 received 20 results and 0 failures
[2026-01-14 23:19:17,804][flwr][INFO] - fit progress: (30, 167.333465911448, {'accuracy': 0.66, 'adaptive_mu': 0.18654695760446544, 'mu_adapted': True}, 69.96848212499754)
[2026-01-14 23:19:17,805][flwr][DEBUG] - evaluate_round 30: strategy sampled 20 clients (out of 20)
[2026-01-14 23:19:17,889][flwr][DEBUG] - evaluate_round 30 received 20 results and 0 failures
[2026-01-14 23:19:17,889][flwr][INFO] - FL finished in 70.05319745800807
[2026-01-14 23:19:17,889][flwr][INFO] - app_fit: losses_distributed [(1, 10.021314930962372), (2, 8.235701763515225), (3, 8.217754792997574), (4, 8.251452831525462), (5, 8.348784853053438), (6, 8.446010009815208), (7, 8.465347341486714), (8, 8.694327686284293), (9, 8.624896615306284), (10, 8.856752245805895), (11, 8.839320267562593), (12, 8.663199819026051), (13, 8.758842405847004), (14, 8.650341309132278), (15, 8.870077062451177), (16, 8.695138836363657), (17, 8.88071917368819), (18, 8.693002281538057), (19, 8.756383878759088), (20, 8.565562968665388), (21, 8.71956434032926), (22, 8.856134165158393), (23, 8.685618109323762), (24, 8.594446225532284), (25, 8.747229415285508), (26, 8.922272797739387), (27, 8.628101689717122), (28, 8.798240492826798), (29, 8.8129948902121), (30, 8.662751936727208)]
[2026-01-14 23:19:17,889][flwr][INFO] - app_fit: metrics_distributed_fit {'adaptive_mu': [(1, 0.1), (2, 0.1), (3, 0.1), (4, 0.1), (5, 0.1), (6, 0.1), (7, 0.11000000000000001), (8, 0.10450000000000001), (9, 0.11495000000000002), (10, 0.10920250000000002), (11, 0.12012275000000003), (12, 0.11411661250000002), (13, 0.10841078187500001), (14, 0.11925186006250002), (15, 0.11328926705937502), (16, 0.12461819376531252), (17, 0.11838728407704689), (18, 0.1302260124847516), (19, 0.12371471186051401), (20, 0.13608618304656542), (21, 0.12928187389423715), (22, 0.14221006128366087), (23, 0.15643106741202698), (24, 0.1486095140414256), (25, 0.14117903833935433), (26, 0.15529694217328976), (27, 0.17082663639061876), (28, 0.1622853045710878), (29, 0.1785138350281966), (30, 0.19636521853101627)]}
[2026-01-14 23:19:17,889][flwr][INFO] - app_fit: metrics_distributed {}
[2026-01-14 23:19:17,890][flwr][INFO] - app_fit: losses_centralized [(0, 275.8148798942566), (1, 208.99797195196152), (2, 167.88592398166656), (3, 164.65731318295002), (4, 164.31219825148582), (5, 165.40033875405788), (6, 166.57818603515625), (7, 166.54744804650545), (8, 170.02642282098532), (9, 168.5508386939764), (10, 172.15598764270544), (11, 171.71166594326496), (12, 168.50957707315683), (13, 170.01590626686811), (14, 168.05601348727942), (15, 171.6764953583479), (16, 168.56040352582932), (17, 171.65429966896772), (18, 168.36740488559008), (19, 169.40990090370178), (20, 166.0874174758792), (21, 168.6000883206725), (22, 170.87253183871508), (23, 167.8235202357173), (24, 166.24452041089535), (25, 168.91188418865204), (26, 171.94092984497547), (27, 166.8268088772893), (28, 169.7519484832883), (29, 169.9444997832179), (30, 167.333465911448)]
[2026-01-14 23:19:17,890][flwr][INFO] - app_fit: metrics_centralized {'accuracy': [(0, 0.3415), (1, 0.6065), (2, 0.634), (3, 0.6405), (4, 0.643), (5, 0.647), (6, 0.65), (7, 0.647), (8, 0.6505), (9, 0.6505), (10, 0.656), (11, 0.6575), (12, 0.6565), (13, 0.6585), (14, 0.659), (15, 0.66), (16, 0.6605), (17, 0.661), (18, 0.662), (19, 0.6615), (20, 0.6615), (21, 0.663), (22, 0.661), (23, 0.6615), (24, 0.66), (25, 0.66), (26, 0.6585), (27, 0.659), (28, 0.6595), (29, 0.6585), (30, 0.66)], 'adaptive_mu': [(0, 0.1), (1, 0.1), (2, 0.1), (3, 0.1), (4, 0.1), (5, 0.1), (6, 0.11000000000000001), (7, 0.10450000000000001), (8, 0.11495000000000002), (9, 0.10920250000000002), (10, 0.12012275000000003), (11, 0.11411661250000002), (12, 0.10841078187500001), (13, 0.11925186006250002), (14, 0.11328926705937502), (15, 0.12461819376531252), (16, 0.11838728407704689), (17, 0.1302260124847516), (18, 0.12371471186051401), (19, 0.13608618304656542), (20, 0.12928187389423715), (21, 0.14221006128366087), (22, 0.15643106741202698), (23, 0.1486095140414256), (24, 0.14117903833935433), (25, 0.15529694217328976), (26, 0.17082663639061876), (27, 0.1622853045710878), (28, 0.1785138350281966), (29, 0.19636521853101627), (30, 0.18654695760446544)], 'mu_adapted': [(0, False), (1, False), (2, False), (3, False), (4, False), (5, False), (6, True), (7, True), (8, True), (9, True), (10, True), (11, True), (12, True), (13, True), (14, True), (15, True), (16, True), (17, True), (18, True), (19, True), (20, True), (21, True), (22, True), (23, True), (24, True), (25, True), (26, True), (27, True), (28, True), (29, True), (30, True)]}
[2026-01-14 23:19:17,923][flwr][INFO] - Starting Flower simulation, config: ServerConfig(num_rounds=30, round_timeout=None)
[2026-01-14 23:19:25,341][flwr][INFO] - Flower VCE: Ray initialized with resources: {'CPU': 10.0, 'node:127.0.0.1': 1.0, 'object_store_memory': 2147483648.0, 'memory': 12323011380.0}
[2026-01-14 23:19:25,342][flwr][INFO] - Initializing global parameters
[2026-01-14 23:19:25,342][flwr][INFO] - Using initial parameters provided by strategy
[2026-01-14 23:19:25,342][flwr][INFO] - Evaluating initial parameters
[2026-01-14 23:19:25,425][flwr][INFO] - initial parameters (loss, other metrics): 275.8148798942566, {'accuracy': 0.3415}
[2026-01-14 23:19:25,425][flwr][INFO] - FL starting
[2026-01-14 23:19:25,427][flwr][DEBUG] - fit_round 1: strategy sampled 5 clients (out of 20)
[2026-01-14 23:19:30,386][flwr][DEBUG] - fit_round 1 received 5 results and 0 failures
[2026-01-14 23:19:30,471][flwr][INFO] - fit progress: (1, 200.40898267924786, {'accuracy': 0.646}, 5.0462542090099305)
[2026-01-14 23:19:30,471][flwr][INFO] - evaluate_round 1: no clients selected, cancel
[2026-01-14 23:19:30,472][flwr][DEBUG] - fit_round 2: strategy sampled 5 clients (out of 20)
[2026-01-14 23:19:31,223][flwr][DEBUG] - fit_round 2 received 5 results and 0 failures
[2026-01-14 23:19:31,301][flwr][INFO] - fit progress: (2, 404.594166636467, {'accuracy': 0.6565}, 5.876444458990591)
[2026-01-14 23:19:31,301][flwr][INFO] - evaluate_round 2: no clients selected, cancel
[2026-01-14 23:19:31,302][flwr][DEBUG] - fit_round 3: strategy sampled 5 clients (out of 20)
[2026-01-14 23:19:32,155][flwr][DEBUG] - fit_round 3 received 5 results and 0 failures
[2026-01-14 23:19:32,231][flwr][INFO] - fit progress: (3, 217.188597291708, {'accuracy': 0.5915}, 6.806326999998419)
[2026-01-14 23:19:32,231][flwr][INFO] - evaluate_round 3: no clients selected, cancel
[2026-01-14 23:19:32,232][flwr][DEBUG] - fit_round 4: strategy sampled 5 clients (out of 20)
[2026-01-14 23:19:33,048][flwr][DEBUG] - fit_round 4 received 5 results and 0 failures
[2026-01-14 23:19:33,125][flwr][INFO] - fit progress: (4, 152.52015015482903, {'accuracy': 0.656}, 7.699905166984536)
[2026-01-14 23:19:33,125][flwr][INFO] - evaluate_round 4: no clients selected, cancel
[2026-01-14 23:19:33,125][flwr][DEBUG] - fit_round 5: strategy sampled 5 clients (out of 20)
[2026-01-14 23:19:33,978][flwr][DEBUG] - fit_round 5 received 5 results and 0 failures
[2026-01-14 23:19:34,055][flwr][INFO] - fit progress: (5, 196.69850251823664, {'accuracy': 0.662}, 8.630332667002222)
[2026-01-14 23:19:34,055][flwr][INFO] - evaluate_round 5: no clients selected, cancel
[2026-01-14 23:19:34,056][flwr][DEBUG] - fit_round 6: strategy sampled 5 clients (out of 20)
[2026-01-14 23:19:34,838][flwr][DEBUG] - fit_round 6 received 5 results and 0 failures
[2026-01-14 23:19:34,914][flwr][INFO] - fit progress: (6, 139.53446942567825, {'accuracy': 0.657}, 9.489218000002438)
[2026-01-14 23:19:34,914][flwr][INFO] - evaluate_round 6: no clients selected, cancel
[2026-01-14 23:19:34,915][flwr][DEBUG] - fit_round 7: strategy sampled 5 clients (out of 20)
[2026-01-14 23:19:35,779][flwr][DEBUG] - fit_round 7 received 5 results and 0 failures
[2026-01-14 23:19:35,858][flwr][INFO] - fit progress: (7, 265.9270147681236, {'accuracy': 0.5845}, 10.432842499983963)
[2026-01-14 23:19:35,858][flwr][INFO] - evaluate_round 7: no clients selected, cancel
[2026-01-14 23:19:35,858][flwr][DEBUG] - fit_round 8: strategy sampled 5 clients (out of 20)
[2026-01-14 23:19:36,739][flwr][DEBUG] - fit_round 8 received 5 results and 0 failures
[2026-01-14 23:19:36,816][flwr][INFO] - fit progress: (8, 151.18226304650307, {'accuracy': 0.6535}, 11.39146954199532)
[2026-01-14 23:19:36,816][flwr][INFO] - evaluate_round 8: no clients selected, cancel
[2026-01-14 23:19:36,817][flwr][DEBUG] - fit_round 9: strategy sampled 5 clients (out of 20)
[2026-01-14 23:19:37,650][flwr][DEBUG] - fit_round 9 received 5 results and 0 failures
[2026-01-14 23:19:37,733][flwr][INFO] - fit progress: (9, 147.6781353354454, {'accuracy': 0.6525}, 12.307950374990469)
[2026-01-14 23:19:37,733][flwr][INFO] - evaluate_round 9: no clients selected, cancel
[2026-01-14 23:19:37,733][flwr][DEBUG] - fit_round 10: strategy sampled 5 clients (out of 20)
[2026-01-14 23:19:38,593][flwr][DEBUG] - fit_round 10 received 5 results and 0 failures
[2026-01-14 23:19:38,685][flwr][INFO] - fit progress: (10, 138.93992272019386, {'accuracy': 0.659}, 13.260437833989272)
[2026-01-14 23:19:38,685][flwr][INFO] - evaluate_round 10: no clients selected, cancel
[2026-01-14 23:19:38,686][flwr][DEBUG] - fit_round 11: strategy sampled 5 clients (out of 20)
[2026-01-14 23:19:39,543][flwr][DEBUG] - fit_round 11 received 5 results and 0 failures
[2026-01-14 23:19:39,623][flwr][INFO] - fit progress: (11, 164.59205417335033, {'accuracy': 0.659}, 14.19824399999925)
[2026-01-14 23:19:39,623][flwr][INFO] - evaluate_round 11: no clients selected, cancel
[2026-01-14 23:19:39,624][flwr][DEBUG] - fit_round 12: strategy sampled 5 clients (out of 20)
[2026-01-14 23:19:40,508][flwr][DEBUG] - fit_round 12 received 5 results and 0 failures
[2026-01-14 23:19:40,587][flwr][INFO] - fit progress: (12, 177.63684521615505, {'accuracy': 0.661}, 15.162632708990714)
[2026-01-14 23:19:40,588][flwr][INFO] - evaluate_round 12: no clients selected, cancel
[2026-01-14 23:19:40,588][flwr][DEBUG] - fit_round 13: strategy sampled 5 clients (out of 20)
[2026-01-14 23:19:41,465][flwr][DEBUG] - fit_round 13 received 5 results and 0 failures
[2026-01-14 23:19:41,546][flwr][INFO] - fit progress: (13, 147.25695645809174, {'accuracy': 0.657}, 16.120952958997805)
[2026-01-14 23:19:41,546][flwr][INFO] - evaluate_round 13: no clients selected, cancel
[2026-01-14 23:19:41,546][flwr][DEBUG] - fit_round 14: strategy sampled 5 clients (out of 20)
[2026-01-14 23:19:42,323][flwr][DEBUG] - fit_round 14 received 5 results and 0 failures
[2026-01-14 23:19:42,406][flwr][INFO] - fit progress: (14, 194.57465648278594, {'accuracy': 0.6625}, 16.9808245000022)
[2026-01-14 23:19:42,406][flwr][INFO] - evaluate_round 14: no clients selected, cancel
[2026-01-14 23:19:42,406][flwr][DEBUG] - fit_round 15: strategy sampled 5 clients (out of 20)
[2026-01-14 23:19:43,197][flwr][DEBUG] - fit_round 15 received 5 results and 0 failures
[2026-01-14 23:19:43,278][flwr][INFO] - fit progress: (15, 232.17849143221974, {'accuracy': 0.664}, 17.852752792008687)
[2026-01-14 23:19:43,278][flwr][INFO] - evaluate_round 15: no clients selected, cancel
[2026-01-14 23:19:43,278][flwr][DEBUG] - fit_round 16: strategy sampled 5 clients (out of 20)
[2026-01-14 23:19:44,169][flwr][DEBUG] - fit_round 16 received 5 results and 0 failures
[2026-01-14 23:19:44,246][flwr][INFO] - fit progress: (16, 159.10745210945606, {'accuracy': 0.6365}, 18.82109104198753)
[2026-01-14 23:19:44,246][flwr][INFO] - evaluate_round 16: no clients selected, cancel
[2026-01-14 23:19:44,246][flwr][DEBUG] - fit_round 17: strategy sampled 5 clients (out of 20)
[2026-01-14 23:19:45,107][flwr][DEBUG] - fit_round 17 received 5 results and 0 failures
[2026-01-14 23:19:45,189][flwr][INFO] - fit progress: (17, 142.45783761143684, {'accuracy': 0.66}, 19.764626083982876)
[2026-01-14 23:19:45,190][flwr][INFO] - evaluate_round 17: no clients selected, cancel
[2026-01-14 23:19:45,190][flwr][DEBUG] - fit_round 18: strategy sampled 5 clients (out of 20)
[2026-01-14 23:19:46,056][flwr][DEBUG] - fit_round 18 received 5 results and 0 failures
[2026-01-14 23:19:46,135][flwr][INFO] - fit progress: (18, 153.82895222306252, {'accuracy': 0.634}, 20.70997645900934)
[2026-01-14 23:19:46,135][flwr][INFO] - evaluate_round 18: no clients selected, cancel
[2026-01-14 23:19:46,135][flwr][DEBUG] - fit_round 19: strategy sampled 5 clients (out of 20)
[2026-01-14 23:19:46,996][flwr][DEBUG] - fit_round 19 received 5 results and 0 failures
[2026-01-14 23:19:47,075][flwr][INFO] - fit progress: (19, 187.57515631988645, {'accuracy': 0.6635}, 21.65056141698733)
[2026-01-14 23:19:47,076][flwr][INFO] - evaluate_round 19: no clients selected, cancel
[2026-01-14 23:19:47,076][flwr][DEBUG] - fit_round 20: strategy sampled 5 clients (out of 20)
[2026-01-14 23:19:47,930][flwr][DEBUG] - fit_round 20 received 5 results and 0 failures
[2026-01-14 23:19:48,009][flwr][INFO] - fit progress: (20, 208.50378315150738, {'accuracy': 0.6635}, 22.58450850000372)
[2026-01-14 23:19:48,010][flwr][INFO] - evaluate_round 20: no clients selected, cancel
[2026-01-14 23:19:48,010][flwr][DEBUG] - fit_round 21: strategy sampled 5 clients (out of 20)
[2026-01-14 23:19:48,864][flwr][DEBUG] - fit_round 21 received 5 results and 0 failures
[2026-01-14 23:19:48,941][flwr][INFO] - fit progress: (21, 178.59455652534962, {'accuracy': 0.636}, 23.51630741698318)
[2026-01-14 23:19:48,941][flwr][INFO] - evaluate_round 21: no clients selected, cancel
[2026-01-14 23:19:48,942][flwr][DEBUG] - fit_round 22: strategy sampled 5 clients (out of 20)
[2026-01-14 23:19:49,806][flwr][DEBUG] - fit_round 22 received 5 results and 0 failures
[2026-01-14 23:19:49,887][flwr][INFO] - fit progress: (22, 169.85557130724192, {'accuracy': 0.6635}, 24.462203542003408)
[2026-01-14 23:19:49,887][flwr][INFO] - evaluate_round 22: no clients selected, cancel
[2026-01-14 23:19:49,888][flwr][DEBUG] - fit_round 23: strategy sampled 5 clients (out of 20)
[2026-01-14 23:19:50,671][flwr][DEBUG] - fit_round 23 received 5 results and 0 failures
[2026-01-14 23:19:50,746][flwr][INFO] - fit progress: (23, 207.5529605820775, {'accuracy': 0.6635}, 25.320879000006244)
[2026-01-14 23:19:50,746][flwr][INFO] - evaluate_round 23: no clients selected, cancel
[2026-01-14 23:19:50,746][flwr][DEBUG] - fit_round 24: strategy sampled 5 clients (out of 20)
[2026-01-14 23:19:51,618][flwr][DEBUG] - fit_round 24 received 5 results and 0 failures
[2026-01-14 23:19:51,695][flwr][INFO] - fit progress: (24, 140.6100048571825, {'accuracy': 0.6645}, 26.26968837500317)
[2026-01-14 23:19:51,695][flwr][INFO] - evaluate_round 24: no clients selected, cancel
[2026-01-14 23:19:51,695][flwr][DEBUG] - fit_round 25: strategy sampled 5 clients (out of 20)
[2026-01-14 23:19:52,549][flwr][DEBUG] - fit_round 25 received 5 results and 0 failures
[2026-01-14 23:19:52,629][flwr][INFO] - fit progress: (25, 141.73698717355728, {'accuracy': 0.6635}, 27.203693541989196)
[2026-01-14 23:19:52,629][flwr][INFO] - evaluate_round 25: no clients selected, cancel
[2026-01-14 23:19:52,629][flwr][DEBUG] - fit_round 26: strategy sampled 5 clients (out of 20)
[2026-01-14 23:19:53,470][flwr][DEBUG] - fit_round 26 received 5 results and 0 failures
[2026-01-14 23:19:53,560][flwr][INFO] - fit progress: (26, 209.50310853123665, {'accuracy': 0.664}, 28.135044916998595)
[2026-01-14 23:19:53,560][flwr][INFO] - evaluate_round 26: no clients selected, cancel
[2026-01-14 23:19:53,560][flwr][DEBUG] - fit_round 27: strategy sampled 5 clients (out of 20)
[2026-01-14 23:19:54,357][flwr][DEBUG] - fit_round 27 received 5 results and 0 failures
[2026-01-14 23:19:54,452][flwr][INFO] - fit progress: (27, 139.50849424302578, {'accuracy': 0.665}, 29.027454166993266)
[2026-01-14 23:19:54,453][flwr][INFO] - evaluate_round 27: no clients selected, cancel
[2026-01-14 23:19:54,453][flwr][DEBUG] - fit_round 28: strategy sampled 5 clients (out of 20)
[2026-01-14 23:19:55,440][flwr][DEBUG] - fit_round 28 received 5 results and 0 failures
[2026-01-14 23:19:55,535][flwr][INFO] - fit progress: (28, 155.90699657052755, {'accuracy': 0.6645}, 30.110137292009313)
[2026-01-14 23:19:55,535][flwr][INFO] - evaluate_round 28: no clients selected, cancel
[2026-01-14 23:19:55,536][flwr][DEBUG] - fit_round 29: strategy sampled 5 clients (out of 20)
[2026-01-14 23:19:56,358][flwr][DEBUG] - fit_round 29 received 5 results and 0 failures
[2026-01-14 23:19:56,458][flwr][INFO] - fit progress: (29, 160.6760075688362, {'accuracy': 0.6635}, 31.03298404198722)
[2026-01-14 23:19:56,458][flwr][INFO] - evaluate_round 29: no clients selected, cancel
[2026-01-14 23:19:56,458][flwr][DEBUG] - fit_round 30: strategy sampled 5 clients (out of 20)
[2026-01-14 23:19:57,392][flwr][DEBUG] - fit_round 30 received 5 results and 0 failures
[2026-01-14 23:19:57,485][flwr][INFO] - fit progress: (30, 138.85429622232914, {'accuracy': 0.664}, 32.060233750002226)
[2026-01-14 23:19:57,485][flwr][INFO] - evaluate_round 30: no clients selected, cancel
[2026-01-14 23:19:57,485][flwr][INFO] - FL finished in 32.06046862498624
[2026-01-14 23:19:57,486][flwr][INFO] - app_fit: losses_distributed []
[2026-01-14 23:19:57,486][flwr][INFO] - app_fit: metrics_distributed_fit {'c_global_norm': [(1, 0.223556801317544), (2, 0.19008005550110124), (3, 0.16320038136044476), (4, 0.104098224631112), (5, 0.08157514262025307), (6, 0.0587430205894789), (7, 0.058571849551064335), (8, 0.07081765032223597), (9, 0.05013791832533249), (10, 0.051169517459244904), (11, 0.04733533480653355), (12, 0.04278121088323641), (13, 0.03727637761663743), (14, 0.04662456486863165), (15, 0.037204179608707075), (16, 0.04215229292246272), (17, 0.03426211931760665), (18, 0.030280433002861356), (19, 0.04222096535955103), (20, 0.04310923734632119), (21, 0.03681509958321636), (22, 0.04470251068073804), (23, 0.034540337776996395), (24, 0.029766633797897978), (25, 0.039516478791305265), (26, 0.0521033412773134), (27, 0.036675727945725906), (28, 0.0422988615793724), (29, 0.028781154060981386), (30, 0.03611060985146776)], 'num_clients': [(1, 5), (2, 5), (3, 5), (4, 5), (5, 5), (6, 5), (7, 5), (8, 5), (9, 5), (10, 5), (11, 5), (12, 5), (13, 5), (14, 5), (15, 5), (16, 5), (17, 5), (18, 5), (19, 5), (20, 5), (21, 5), (22, 5), (23, 5), (24, 5), (25, 5), (26, 5), (27, 5), (28, 5), (29, 5), (30, 5)]}
[2026-01-14 23:19:57,486][flwr][INFO] - app_fit: metrics_distributed {}
[2026-01-14 23:19:57,486][flwr][INFO] - app_fit: losses_centralized [(0, 275.8148798942566), (1, 200.40898267924786), (2, 404.594166636467), (3, 217.188597291708), (4, 152.52015015482903), (5, 196.69850251823664), (6, 139.53446942567825), (7, 265.9270147681236), (8, 151.18226304650307), (9, 147.6781353354454), (10, 138.93992272019386), (11, 164.59205417335033), (12, 177.63684521615505), (13, 147.25695645809174), (14, 194.57465648278594), (15, 232.17849143221974), (16, 159.10745210945606), (17, 142.45783761143684), (18, 153.82895222306252), (19, 187.57515631988645), (20, 208.50378315150738), (21, 178.59455652534962), (22, 169.85557130724192), (23, 207.5529605820775), (24, 140.6100048571825), (25, 141.73698717355728), (26, 209.50310853123665), (27, 139.50849424302578), (28, 155.90699657052755), (29, 160.6760075688362), (30, 138.85429622232914)]
[2026-01-14 23:19:57,486][flwr][INFO] - app_fit: metrics_centralized {'accuracy': [(0, 0.3415), (1, 0.646), (2, 0.6565), (3, 0.5915), (4, 0.656), (5, 0.662), (6, 0.657), (7, 0.5845), (8, 0.6535), (9, 0.6525), (10, 0.659), (11, 0.659), (12, 0.661), (13, 0.657), (14, 0.6625), (15, 0.664), (16, 0.6365), (17, 0.66), (18, 0.634), (19, 0.6635), (20, 0.6635), (21, 0.636), (22, 0.6635), (23, 0.6635), (24, 0.6645), (25, 0.6635), (26, 0.664), (27, 0.665), (28, 0.6645), (29, 0.6635), (30, 0.664)]}
