[2026-01-11 01:13:07,151][flwr][INFO] - Starting Flower simulation, config: ServerConfig(num_rounds=50, round_timeout=None)
[2026-01-11 01:13:12,023][flwr][INFO] - Flower VCE: Ray initialized with resources: {'object_store_memory': 2147483648.0, 'CPU': 10.0, 'node:127.0.0.1': 1.0, 'memory': 11862358836.0}
[2026-01-11 01:13:12,027][flwr][INFO] - Initializing global parameters
[2026-01-11 01:13:12,027][flwr][INFO] - Requesting initial parameters from one random client
[2026-01-11 01:13:15,089][flwr][INFO] - Received initial parameters from one random client
[2026-01-11 01:13:15,089][flwr][INFO] - Evaluating initial parameters
[2026-01-11 01:13:15,146][flwr][INFO] - initial parameters (loss, other metrics): 68.82396364212036, {'accuracy': 0.248}
[2026-01-11 01:13:15,146][flwr][INFO] - FL starting
[2026-01-11 01:13:15,148][flwr][DEBUG] - fit_round 1: strategy sampled 10 clients (out of 100)
[2026-01-11 01:13:18,935][flwr][DEBUG] - fit_round 1 received 10 results and 0 failures
[2026-01-11 01:13:18,968][flwr][INFO] - fit progress: (1, 66.12216597795486, {'accuracy': 0.507}, 3.8212000409985194)
[2026-01-11 01:13:18,968][flwr][INFO] - evaluate_round 1: no clients selected, cancel
[2026-01-11 01:13:18,969][flwr][DEBUG] - fit_round 2: strategy sampled 10 clients (out of 100)
[2026-01-11 01:13:19,162][flwr][DEBUG] - fit_round 2 received 10 results and 0 failures
[2026-01-11 01:13:19,187][flwr][INFO] - fit progress: (2, 64.16334110498428, {'accuracy': 0.3535}, 4.040443582998705)
[2026-01-11 01:13:19,187][flwr][INFO] - evaluate_round 2: no clients selected, cancel
[2026-01-11 01:13:19,188][flwr][DEBUG] - fit_round 3: strategy sampled 10 clients (out of 100)
[2026-01-11 01:13:19,359][flwr][DEBUG] - fit_round 3 received 10 results and 0 failures
[2026-01-11 01:13:19,383][flwr][INFO] - fit progress: (3, 99.58608746528625, {'accuracy': 0.4745}, 4.236458665996906)
[2026-01-11 01:13:19,383][flwr][INFO] - evaluate_round 3: no clients selected, cancel
[2026-01-11 01:13:19,384][flwr][DEBUG] - fit_round 4: strategy sampled 10 clients (out of 100)
[2026-01-11 01:13:19,583][flwr][DEBUG] - fit_round 4 received 10 results and 0 failures
[2026-01-11 01:13:19,610][flwr][INFO] - fit progress: (4, 58.60852664709091, {'accuracy': 0.626}, 4.463107040995965)
[2026-01-11 01:13:19,610][flwr][INFO] - evaluate_round 4: no clients selected, cancel
[2026-01-11 01:13:19,610][flwr][DEBUG] - fit_round 5: strategy sampled 10 clients (out of 100)
[2026-01-11 01:13:19,851][flwr][DEBUG] - fit_round 5 received 10 results and 0 failures
[2026-01-11 01:13:19,875][flwr][INFO] - fit progress: (5, 67.35286623239517, {'accuracy': 0.605}, 4.728803666002932)
[2026-01-11 01:13:19,875][flwr][INFO] - evaluate_round 5: no clients selected, cancel
[2026-01-11 01:13:19,876][flwr][DEBUG] - fit_round 6: strategy sampled 10 clients (out of 100)
[2026-01-11 01:13:20,102][flwr][DEBUG] - fit_round 6 received 10 results and 0 failures
[2026-01-11 01:13:20,125][flwr][INFO] - fit progress: (6, 83.4795953631401, {'accuracy': 0.517}, 4.978936250001425)
[2026-01-11 01:13:20,126][flwr][INFO] - evaluate_round 6: no clients selected, cancel
[2026-01-11 01:13:20,126][flwr][DEBUG] - fit_round 7: strategy sampled 10 clients (out of 100)
[2026-01-11 01:13:20,345][flwr][DEBUG] - fit_round 7 received 10 results and 0 failures
[2026-01-11 01:13:20,370][flwr][INFO] - fit progress: (7, 229.65045177936554, {'accuracy': 0.393}, 5.223348750005243)
[2026-01-11 01:13:20,370][flwr][INFO] - evaluate_round 7: no clients selected, cancel
[2026-01-11 01:13:20,371][flwr][DEBUG] - fit_round 8: strategy sampled 10 clients (out of 100)
[2026-01-11 01:13:20,579][flwr][DEBUG] - fit_round 8 received 10 results and 0 failures
[2026-01-11 01:13:20,603][flwr][INFO] - fit progress: (8, 134.33836150169373, {'accuracy': 0.4105}, 5.456942999997409)
[2026-01-11 01:13:20,604][flwr][INFO] - evaluate_round 8: no clients selected, cancel
[2026-01-11 01:13:20,604][flwr][DEBUG] - fit_round 9: strategy sampled 10 clients (out of 100)
[2026-01-11 01:13:20,833][flwr][DEBUG] - fit_round 9 received 10 results and 0 failures
[2026-01-11 01:13:20,860][flwr][INFO] - fit progress: (9, 235.4216766357422, {'accuracy': 0.477}, 5.713244333004695)
[2026-01-11 01:13:20,860][flwr][INFO] - evaluate_round 9: no clients selected, cancel
[2026-01-11 01:13:20,860][flwr][DEBUG] - fit_round 10: strategy sampled 10 clients (out of 100)
[2026-01-11 01:13:21,092][flwr][DEBUG] - fit_round 10 received 10 results and 0 failures
[2026-01-11 01:13:21,118][flwr][INFO] - fit progress: (10, 105.4175318479538, {'accuracy': 0.5245}, 5.971728250005981)
[2026-01-11 01:13:21,118][flwr][INFO] - evaluate_round 10: no clients selected, cancel
[2026-01-11 01:13:21,119][flwr][DEBUG] - fit_round 11: strategy sampled 10 clients (out of 100)
[2026-01-11 01:13:21,355][flwr][DEBUG] - fit_round 11 received 10 results and 0 failures
[2026-01-11 01:13:21,381][flwr][INFO] - fit progress: (11, 60.08352732658386, {'accuracy': 0.528}, 6.233993040994392)
[2026-01-11 01:13:21,381][flwr][INFO] - evaluate_round 11: no clients selected, cancel
[2026-01-11 01:13:21,381][flwr][DEBUG] - fit_round 12: strategy sampled 10 clients (out of 100)
[2026-01-11 01:13:21,615][flwr][DEBUG] - fit_round 12 received 10 results and 0 failures
[2026-01-11 01:13:21,640][flwr][INFO] - fit progress: (12, 53.579315304756165, {'accuracy': 0.5665}, 6.492995833003079)
[2026-01-11 01:13:21,640][flwr][INFO] - evaluate_round 12: no clients selected, cancel
[2026-01-11 01:13:21,640][flwr][DEBUG] - fit_round 13: strategy sampled 10 clients (out of 100)
[2026-01-11 01:13:22,020][flwr][DEBUG] - fit_round 13 received 10 results and 0 failures
[2026-01-11 01:13:22,045][flwr][INFO] - fit progress: (13, 96.22055006027222, {'accuracy': 0.5235}, 6.898024416004773)
[2026-01-11 01:13:22,045][flwr][INFO] - evaluate_round 13: no clients selected, cancel
[2026-01-11 01:13:22,045][flwr][DEBUG] - fit_round 14: strategy sampled 10 clients (out of 100)
[2026-01-11 01:13:22,286][flwr][DEBUG] - fit_round 14 received 10 results and 0 failures
[2026-01-11 01:13:22,372][flwr][INFO] - fit progress: (14, 51.065656304359436, {'accuracy': 0.629}, 7.225719958005357)
[2026-01-11 01:13:22,373][flwr][INFO] - evaluate_round 14: no clients selected, cancel
[2026-01-11 01:13:22,373][flwr][DEBUG] - fit_round 15: strategy sampled 10 clients (out of 100)
[2026-01-11 01:13:22,632][flwr][DEBUG] - fit_round 15 received 10 results and 0 failures
[2026-01-11 01:13:22,656][flwr][INFO] - fit progress: (15, 52.546644270420074, {'accuracy': 0.5605}, 7.509670333005488)
[2026-01-11 01:13:22,656][flwr][INFO] - evaluate_round 15: no clients selected, cancel
[2026-01-11 01:13:22,657][flwr][DEBUG] - fit_round 16: strategy sampled 10 clients (out of 100)
[2026-01-11 01:13:22,894][flwr][DEBUG] - fit_round 16 received 10 results and 0 failures
[2026-01-11 01:13:22,921][flwr][INFO] - fit progress: (16, 65.24273753166199, {'accuracy': 0.417}, 7.774774833000265)
[2026-01-11 01:13:22,921][flwr][INFO] - evaluate_round 16: no clients selected, cancel
[2026-01-11 01:13:22,922][flwr][DEBUG] - fit_round 17: strategy sampled 10 clients (out of 100)
[2026-01-11 01:13:23,174][flwr][DEBUG] - fit_round 17 received 10 results and 0 failures
[2026-01-11 01:13:23,199][flwr][INFO] - fit progress: (17, 48.761362195014954, {'accuracy': 0.51}, 8.052207165994332)
[2026-01-11 01:13:23,199][flwr][INFO] - evaluate_round 17: no clients selected, cancel
[2026-01-11 01:13:23,199][flwr][DEBUG] - fit_round 18: strategy sampled 10 clients (out of 100)
[2026-01-11 01:13:23,498][flwr][DEBUG] - fit_round 18 received 10 results and 0 failures
[2026-01-11 01:13:23,522][flwr][INFO] - fit progress: (18, 80.9535208940506, {'accuracy': 0.54}, 8.375787833007053)
[2026-01-11 01:13:23,522][flwr][INFO] - evaluate_round 18: no clients selected, cancel
[2026-01-11 01:13:23,523][flwr][DEBUG] - fit_round 19: strategy sampled 10 clients (out of 100)
[2026-01-11 01:13:23,767][flwr][DEBUG] - fit_round 19 received 10 results and 0 failures
[2026-01-11 01:13:23,793][flwr][INFO] - fit progress: (19, 49.63250780105591, {'accuracy': 0.617}, 8.646387750006397)
[2026-01-11 01:13:23,793][flwr][INFO] - evaluate_round 19: no clients selected, cancel
[2026-01-11 01:13:23,794][flwr][DEBUG] - fit_round 20: strategy sampled 10 clients (out of 100)
[2026-01-11 01:13:24,048][flwr][DEBUG] - fit_round 20 received 10 results and 0 failures
[2026-01-11 01:13:24,072][flwr][INFO] - fit progress: (20, 53.62905794382095, {'accuracy': 0.5325}, 8.925733416006551)
[2026-01-11 01:13:24,072][flwr][INFO] - evaluate_round 20: no clients selected, cancel
[2026-01-11 01:13:24,073][flwr][DEBUG] - fit_round 21: strategy sampled 10 clients (out of 100)
[2026-01-11 01:13:24,336][flwr][DEBUG] - fit_round 21 received 10 results and 0 failures
[2026-01-11 01:13:24,360][flwr][INFO] - fit progress: (21, 178.10654366016388, {'accuracy': 0.54}, 9.213588915998116)
[2026-01-11 01:13:24,360][flwr][INFO] - evaluate_round 21: no clients selected, cancel
[2026-01-11 01:13:24,361][flwr][DEBUG] - fit_round 22: strategy sampled 10 clients (out of 100)
[2026-01-11 01:13:24,624][flwr][DEBUG] - fit_round 22 received 10 results and 0 failures
[2026-01-11 01:13:24,648][flwr][INFO] - fit progress: (22, 116.41396844387054, {'accuracy': 0.513}, 9.501680790999671)
[2026-01-11 01:13:24,648][flwr][INFO] - evaluate_round 22: no clients selected, cancel
[2026-01-11 01:13:24,649][flwr][DEBUG] - fit_round 23: strategy sampled 10 clients (out of 100)
[2026-01-11 01:13:24,904][flwr][DEBUG] - fit_round 23 received 10 results and 0 failures
[2026-01-11 01:13:24,937][flwr][INFO] - fit progress: (23, 110.18516957759857, {'accuracy': 0.623}, 9.790343540997128)
[2026-01-11 01:13:24,937][flwr][INFO] - evaluate_round 23: no clients selected, cancel
[2026-01-11 01:13:24,937][flwr][DEBUG] - fit_round 24: strategy sampled 10 clients (out of 100)
[2026-01-11 01:13:25,202][flwr][DEBUG] - fit_round 24 received 10 results and 0 failures
[2026-01-11 01:13:25,226][flwr][INFO] - fit progress: (24, 63.378151655197144, {'accuracy': 0.622}, 10.079901624994818)
[2026-01-11 01:13:25,227][flwr][INFO] - evaluate_round 24: no clients selected, cancel
[2026-01-11 01:13:25,227][flwr][DEBUG] - fit_round 25: strategy sampled 10 clients (out of 100)
[2026-01-11 01:13:25,486][flwr][DEBUG] - fit_round 25 received 10 results and 0 failures
[2026-01-11 01:13:25,510][flwr][INFO] - fit progress: (25, 177.32021713256836, {'accuracy': 0.5075}, 10.363445082999533)
[2026-01-11 01:13:25,510][flwr][INFO] - evaluate_round 25: no clients selected, cancel
[2026-01-11 01:13:25,511][flwr][DEBUG] - fit_round 26: strategy sampled 10 clients (out of 100)
[2026-01-11 01:13:25,756][flwr][DEBUG] - fit_round 26 received 10 results and 0 failures
[2026-01-11 01:13:25,781][flwr][INFO] - fit progress: (26, 99.02729904651642, {'accuracy': 0.4835}, 10.634170250006719)
[2026-01-11 01:13:25,781][flwr][INFO] - evaluate_round 26: no clients selected, cancel
[2026-01-11 01:13:25,781][flwr][DEBUG] - fit_round 27: strategy sampled 10 clients (out of 100)
[2026-01-11 01:13:26,041][flwr][DEBUG] - fit_round 27 received 10 results and 0 failures
[2026-01-11 01:13:26,065][flwr][INFO] - fit progress: (27, 51.11151021718979, {'accuracy': 0.569}, 10.918560165999224)
[2026-01-11 01:13:26,065][flwr][INFO] - evaluate_round 27: no clients selected, cancel
[2026-01-11 01:13:26,066][flwr][DEBUG] - fit_round 28: strategy sampled 10 clients (out of 100)
[2026-01-11 01:13:26,322][flwr][DEBUG] - fit_round 28 received 10 results and 0 failures
[2026-01-11 01:13:26,346][flwr][INFO] - fit progress: (28, 58.867994606494904, {'accuracy': 0.589}, 11.199162791002891)
[2026-01-11 01:13:26,346][flwr][INFO] - evaluate_round 28: no clients selected, cancel
[2026-01-11 01:13:26,346][flwr][DEBUG] - fit_round 29: strategy sampled 10 clients (out of 100)
[2026-01-11 01:13:26,598][flwr][DEBUG] - fit_round 29 received 10 results and 0 failures
[2026-01-11 01:13:26,625][flwr][INFO] - fit progress: (29, 82.6513689160347, {'accuracy': 0.625}, 11.478032875005738)
[2026-01-11 01:13:26,625][flwr][INFO] - evaluate_round 29: no clients selected, cancel
[2026-01-11 01:13:26,625][flwr][DEBUG] - fit_round 30: strategy sampled 10 clients (out of 100)
[2026-01-11 01:13:26,887][flwr][DEBUG] - fit_round 30 received 10 results and 0 failures
[2026-01-11 01:13:26,914][flwr][INFO] - fit progress: (30, 66.25973391532898, {'accuracy': 0.4715}, 11.767013125005178)
[2026-01-11 01:13:26,914][flwr][INFO] - evaluate_round 30: no clients selected, cancel
[2026-01-11 01:13:26,914][flwr][DEBUG] - fit_round 31: strategy sampled 10 clients (out of 100)
[2026-01-11 01:13:27,165][flwr][DEBUG] - fit_round 31 received 10 results and 0 failures
[2026-01-11 01:13:27,189][flwr][INFO] - fit progress: (31, 51.059796929359436, {'accuracy': 0.5425}, 12.042548583005555)
[2026-01-11 01:13:27,189][flwr][INFO] - evaluate_round 31: no clients selected, cancel
[2026-01-11 01:13:27,190][flwr][DEBUG] - fit_round 32: strategy sampled 10 clients (out of 100)
[2026-01-11 01:13:27,465][flwr][DEBUG] - fit_round 32 received 10 results and 0 failures
[2026-01-11 01:13:27,494][flwr][INFO] - fit progress: (32, 78.15043830871582, {'accuracy': 0.459}, 12.34714729100233)
[2026-01-11 01:13:27,494][flwr][INFO] - evaluate_round 32: no clients selected, cancel
[2026-01-11 01:13:27,494][flwr][DEBUG] - fit_round 33: strategy sampled 10 clients (out of 100)
[2026-01-11 01:13:27,832][flwr][DEBUG] - fit_round 33 received 10 results and 0 failures
[2026-01-11 01:13:27,856][flwr][INFO] - fit progress: (33, 61.997202694416046, {'accuracy': 0.4415}, 12.709890083002392)
[2026-01-11 01:13:27,857][flwr][INFO] - evaluate_round 33: no clients selected, cancel
[2026-01-11 01:13:27,857][flwr][DEBUG] - fit_round 34: strategy sampled 10 clients (out of 100)
[2026-01-11 01:13:28,106][flwr][DEBUG] - fit_round 34 received 10 results and 0 failures
[2026-01-11 01:13:28,236][flwr][INFO] - fit progress: (34, 77.37845546007156, {'accuracy': 0.4625}, 13.08941899999627)
[2026-01-11 01:13:28,236][flwr][INFO] - evaluate_round 34: no clients selected, cancel
[2026-01-11 01:13:28,237][flwr][DEBUG] - fit_round 35: strategy sampled 10 clients (out of 100)
[2026-01-11 01:13:28,499][flwr][DEBUG] - fit_round 35 received 10 results and 0 failures
[2026-01-11 01:13:28,524][flwr][INFO] - fit progress: (35, 84.72044712305069, {'accuracy': 0.4645}, 13.377278625004692)
[2026-01-11 01:13:28,524][flwr][INFO] - evaluate_round 35: no clients selected, cancel
[2026-01-11 01:13:28,524][flwr][DEBUG] - fit_round 36: strategy sampled 10 clients (out of 100)
[2026-01-11 01:13:28,772][flwr][DEBUG] - fit_round 36 received 10 results and 0 failures
[2026-01-11 01:13:28,797][flwr][INFO] - fit progress: (36, 45.250041484832764, {'accuracy': 0.536}, 13.650541625000187)
[2026-01-11 01:13:28,797][flwr][INFO] - evaluate_round 36: no clients selected, cancel
[2026-01-11 01:13:28,798][flwr][DEBUG] - fit_round 37: strategy sampled 10 clients (out of 100)
[2026-01-11 01:13:29,046][flwr][DEBUG] - fit_round 37 received 10 results and 0 failures
[2026-01-11 01:13:29,070][flwr][INFO] - fit progress: (37, 48.41229552030563, {'accuracy': 0.497}, 13.92374558300071)
[2026-01-11 01:13:29,070][flwr][INFO] - evaluate_round 37: no clients selected, cancel
[2026-01-11 01:13:29,071][flwr][DEBUG] - fit_round 38: strategy sampled 10 clients (out of 100)
[2026-01-11 01:13:29,337][flwr][DEBUG] - fit_round 38 received 10 results and 0 failures
[2026-01-11 01:13:29,361][flwr][INFO] - fit progress: (38, 63.85595017671585, {'accuracy': 0.602}, 14.21454679100134)
[2026-01-11 01:13:29,361][flwr][INFO] - evaluate_round 38: no clients selected, cancel
[2026-01-11 01:13:29,362][flwr][DEBUG] - fit_round 39: strategy sampled 10 clients (out of 100)
[2026-01-11 01:13:29,607][flwr][DEBUG] - fit_round 39 received 10 results and 0 failures
[2026-01-11 01:13:29,633][flwr][INFO] - fit progress: (39, 49.63956207036972, {'accuracy': 0.6055}, 14.486280291006551)
[2026-01-11 01:13:29,633][flwr][INFO] - evaluate_round 39: no clients selected, cancel
[2026-01-11 01:13:29,633][flwr][DEBUG] - fit_round 40: strategy sampled 10 clients (out of 100)
[2026-01-11 01:13:29,899][flwr][DEBUG] - fit_round 40 received 10 results and 0 failures
[2026-01-11 01:13:29,925][flwr][INFO] - fit progress: (40, 74.10608154535294, {'accuracy': 0.479}, 14.777981833001832)
[2026-01-11 01:13:29,925][flwr][INFO] - evaluate_round 40: no clients selected, cancel
[2026-01-11 01:13:29,925][flwr][DEBUG] - fit_round 41: strategy sampled 10 clients (out of 100)
[2026-01-11 01:13:30,174][flwr][DEBUG] - fit_round 41 received 10 results and 0 failures
[2026-01-11 01:13:30,199][flwr][INFO] - fit progress: (41, 52.6967436671257, {'accuracy': 0.482}, 15.052215290997992)
[2026-01-11 01:13:30,199][flwr][INFO] - evaluate_round 41: no clients selected, cancel
[2026-01-11 01:13:30,199][flwr][DEBUG] - fit_round 42: strategy sampled 10 clients (out of 100)
[2026-01-11 01:13:30,445][flwr][DEBUG] - fit_round 42 received 10 results and 0 failures
[2026-01-11 01:13:30,469][flwr][INFO] - fit progress: (42, 89.4494104385376, {'accuracy': 0.4745}, 15.322852083001635)
[2026-01-11 01:13:30,470][flwr][INFO] - evaluate_round 42: no clients selected, cancel
[2026-01-11 01:13:30,470][flwr][DEBUG] - fit_round 43: strategy sampled 10 clients (out of 100)
[2026-01-11 01:13:30,722][flwr][DEBUG] - fit_round 43 received 10 results and 0 failures
[2026-01-11 01:13:30,747][flwr][INFO] - fit progress: (43, 83.94010901451111, {'accuracy': 0.4835}, 15.60045500000706)
[2026-01-11 01:13:30,747][flwr][INFO] - evaluate_round 43: no clients selected, cancel
[2026-01-11 01:13:30,748][flwr][DEBUG] - fit_round 44: strategy sampled 10 clients (out of 100)
[2026-01-11 01:13:31,266][flwr][DEBUG] - fit_round 44 received 10 results and 0 failures
[2026-01-11 01:13:31,293][flwr][INFO] - fit progress: (44, 91.59978371858597, {'accuracy': 0.4815}, 16.14666416599357)
[2026-01-11 01:13:31,293][flwr][INFO] - evaluate_round 44: no clients selected, cancel
[2026-01-11 01:13:31,294][flwr][DEBUG] - fit_round 45: strategy sampled 10 clients (out of 100)
[2026-01-11 01:13:31,556][flwr][DEBUG] - fit_round 45 received 10 results and 0 failures
[2026-01-11 01:13:31,581][flwr][INFO] - fit progress: (45, 68.63731753826141, {'accuracy': 0.476}, 16.433939208000083)
[2026-01-11 01:13:31,581][flwr][INFO] - evaluate_round 45: no clients selected, cancel
[2026-01-11 01:13:31,581][flwr][DEBUG] - fit_round 46: strategy sampled 10 clients (out of 100)
[2026-01-11 01:13:31,832][flwr][DEBUG] - fit_round 46 received 10 results and 0 failures
[2026-01-11 01:13:31,858][flwr][INFO] - fit progress: (46, 54.2032333612442, {'accuracy': 0.5375}, 16.71122737499536)
[2026-01-11 01:13:31,858][flwr][INFO] - evaluate_round 46: no clients selected, cancel
[2026-01-11 01:13:31,858][flwr][DEBUG] - fit_round 47: strategy sampled 10 clients (out of 100)
[2026-01-11 01:13:32,101][flwr][DEBUG] - fit_round 47 received 10 results and 0 failures
[2026-01-11 01:13:32,125][flwr][INFO] - fit progress: (47, 84.39154422283173, {'accuracy': 0.478}, 16.978589249993092)
[2026-01-11 01:13:32,125][flwr][INFO] - evaluate_round 47: no clients selected, cancel
[2026-01-11 01:13:32,126][flwr][DEBUG] - fit_round 48: strategy sampled 10 clients (out of 100)
[2026-01-11 01:13:32,384][flwr][DEBUG] - fit_round 48 received 10 results and 0 failures
[2026-01-11 01:13:32,409][flwr][INFO] - fit progress: (48, 73.63924270868301, {'accuracy': 0.3915}, 17.262146082997788)
[2026-01-11 01:13:32,409][flwr][INFO] - evaluate_round 48: no clients selected, cancel
[2026-01-11 01:13:32,409][flwr][DEBUG] - fit_round 49: strategy sampled 10 clients (out of 100)
[2026-01-11 01:13:32,673][flwr][DEBUG] - fit_round 49 received 10 results and 0 failures
[2026-01-11 01:13:32,698][flwr][INFO] - fit progress: (49, 90.39466917514801, {'accuracy': 0.5125}, 17.551305874992977)
[2026-01-11 01:13:32,698][flwr][INFO] - evaluate_round 49: no clients selected, cancel
[2026-01-11 01:13:32,699][flwr][DEBUG] - fit_round 50: strategy sampled 10 clients (out of 100)
[2026-01-11 01:13:32,968][flwr][DEBUG] - fit_round 50 received 10 results and 0 failures
[2026-01-11 01:13:32,996][flwr][INFO] - fit progress: (50, 53.364829897880554, {'accuracy': 0.612}, 17.849473541005864)
[2026-01-11 01:13:32,996][flwr][INFO] - evaluate_round 50: no clients selected, cancel
[2026-01-11 01:13:32,996][flwr][INFO] - FL finished in 17.84976962499786
[2026-01-11 01:13:32,997][flwr][INFO] - app_fit: losses_distributed []
[2026-01-11 01:13:32,997][flwr][INFO] - app_fit: metrics_distributed_fit {'c_global_norm': [(1, 0.11464950343196803), (2, 0.3715817156428803), (3, 0.6109601489526515), (4, 0.6443058038668503), (5, 0.8406760737793547), (6, 1.030136850193518), (7, 0.9757364971192424), (8, 0.9241750067938157), (9, 0.9352170646832231), (10, 0.5488513105049602), (11, 0.5016885589702058), (12, 0.4522359706134475), (13, 0.6250797116588799), (14, 0.6528111574321005), (15, 0.7073992817207714), (16, 0.6632970755043278), (17, 0.5182434304509203), (18, 0.4893177799014784), (19, 0.406895369045135), (20, 0.5044173496768167), (21, 0.44808187999647464), (22, 0.5290384145434979), (23, 0.5210081807837538), (24, 0.574321686307392), (25, 0.5078504382001032), (26, 0.5249245694356447), (27, 0.5039063689782497), (28, 0.45381176941074297), (29, 0.5065105859167598), (30, 0.569598595783783), (31, 0.6174077334438303), (32, 0.579764040492889), (33, 0.6356411106795878), (34, 0.5646157925417749), (35, 0.5109012171092698), (36, 0.4788093982503436), (37, 0.5253792308614156), (38, 0.5764092348435876), (39, 0.5002422942448169), (40, 0.5357949878858606), (41, 0.5958705330738381), (42, 0.48305069837710535), (43, 0.6049666284797625), (44, 0.617064662219739), (45, 0.5650476769516873), (46, 0.5213558211802113), (47, 0.5267491874229145), (48, 0.5616626115071343), (49, 0.5461163132942419), (50, 0.5185011047582113)], 'num_clients': [(1, 10), (2, 10), (3, 10), (4, 10), (5, 10), (6, 10), (7, 10), (8, 10), (9, 10), (10, 10), (11, 10), (12, 10), (13, 10), (14, 10), (15, 10), (16, 10), (17, 10), (18, 10), (19, 10), (20, 10), (21, 10), (22, 10), (23, 10), (24, 10), (25, 10), (26, 10), (27, 10), (28, 10), (29, 10), (30, 10), (31, 10), (32, 10), (33, 10), (34, 10), (35, 10), (36, 10), (37, 10), (38, 10), (39, 10), (40, 10), (41, 10), (42, 10), (43, 10), (44, 10), (45, 10), (46, 10), (47, 10), (48, 10), (49, 10), (50, 10)]}
[2026-01-11 01:13:32,997][flwr][INFO] - app_fit: metrics_distributed {}
[2026-01-11 01:13:32,997][flwr][INFO] - app_fit: losses_centralized [(0, 68.82396364212036), (1, 66.12216597795486), (2, 64.16334110498428), (3, 99.58608746528625), (4, 58.60852664709091), (5, 67.35286623239517), (6, 83.4795953631401), (7, 229.65045177936554), (8, 134.33836150169373), (9, 235.4216766357422), (10, 105.4175318479538), (11, 60.08352732658386), (12, 53.579315304756165), (13, 96.22055006027222), (14, 51.065656304359436), (15, 52.546644270420074), (16, 65.24273753166199), (17, 48.761362195014954), (18, 80.9535208940506), (19, 49.63250780105591), (20, 53.62905794382095), (21, 178.10654366016388), (22, 116.41396844387054), (23, 110.18516957759857), (24, 63.378151655197144), (25, 177.32021713256836), (26, 99.02729904651642), (27, 51.11151021718979), (28, 58.867994606494904), (29, 82.6513689160347), (30, 66.25973391532898), (31, 51.059796929359436), (32, 78.15043830871582), (33, 61.997202694416046), (34, 77.37845546007156), (35, 84.72044712305069), (36, 45.250041484832764), (37, 48.41229552030563), (38, 63.85595017671585), (39, 49.63956207036972), (40, 74.10608154535294), (41, 52.6967436671257), (42, 89.4494104385376), (43, 83.94010901451111), (44, 91.59978371858597), (45, 68.63731753826141), (46, 54.2032333612442), (47, 84.39154422283173), (48, 73.63924270868301), (49, 90.39466917514801), (50, 53.364829897880554)]
[2026-01-11 01:13:32,997][flwr][INFO] - app_fit: metrics_centralized {'accuracy': [(0, 0.248), (1, 0.507), (2, 0.3535), (3, 0.4745), (4, 0.626), (5, 0.605), (6, 0.517), (7, 0.393), (8, 0.4105), (9, 0.477), (10, 0.5245), (11, 0.528), (12, 0.5665), (13, 0.5235), (14, 0.629), (15, 0.5605), (16, 0.417), (17, 0.51), (18, 0.54), (19, 0.617), (20, 0.5325), (21, 0.54), (22, 0.513), (23, 0.623), (24, 0.622), (25, 0.5075), (26, 0.4835), (27, 0.569), (28, 0.589), (29, 0.625), (30, 0.4715), (31, 0.5425), (32, 0.459), (33, 0.4415), (34, 0.4625), (35, 0.4645), (36, 0.536), (37, 0.497), (38, 0.602), (39, 0.6055), (40, 0.479), (41, 0.482), (42, 0.4745), (43, 0.4835), (44, 0.4815), (45, 0.476), (46, 0.5375), (47, 0.478), (48, 0.3915), (49, 0.5125), (50, 0.612)]}
