[2026-01-11 12:14:47,656][flwr][INFO] - Starting Flower simulation, config: ServerConfig(num_rounds=50, round_timeout=None)
[2026-01-11 12:14:53,238][flwr][INFO] - Flower VCE: Ray initialized with resources: {'object_store_memory': 2147483648.0, 'memory': 11754701210.0, 'node:127.0.0.1': 1.0, 'CPU': 10.0}
[2026-01-11 12:14:53,239][flwr][INFO] - Initializing global parameters
[2026-01-11 12:14:53,240][flwr][INFO] - Using initial parameters provided by strategy
[2026-01-11 12:14:53,240][flwr][INFO] - Evaluating initial parameters
[2026-01-11 12:14:53,278][flwr][INFO] - initial parameters (loss, other metrics): 68.07474291324615, {'accuracy': 0.507}
[2026-01-11 12:14:53,278][flwr][INFO] - FL starting
[2026-01-11 12:14:53,279][flwr][DEBUG] - fit_round 1: strategy sampled 100 clients (out of 100)
[2026-01-11 12:14:59,610][flwr][DEBUG] - fit_round 1 received 100 results and 0 failures
[2026-01-11 12:14:59,660][flwr][WARNING] - No fit_metrics_aggregation_fn provided
[2026-01-11 12:14:59,696][flwr][INFO] - fit progress: (1, 64.2325576543808, {'accuracy': 0.507}, 6.417606542003341)
[2026-01-11 12:14:59,697][flwr][DEBUG] - evaluate_round 1: strategy sampled 100 clients (out of 100)
[2026-01-11 12:15:00,187][flwr][DEBUG] - evaluate_round 1 received 100 results and 0 failures
[2026-01-11 12:15:00,187][flwr][WARNING] - No evaluate_metrics_aggregation_fn provided
[2026-01-11 12:15:00,188][flwr][DEBUG] - fit_round 2: strategy sampled 100 clients (out of 100)
[2026-01-11 12:15:02,055][flwr][DEBUG] - fit_round 2 received 100 results and 0 failures
[2026-01-11 12:15:02,125][flwr][INFO] - fit progress: (2, 55.64573085308075, {'accuracy': 0.5785}, 8.846805125009269)
[2026-01-11 12:15:02,126][flwr][DEBUG] - evaluate_round 2: strategy sampled 100 clients (out of 100)
[2026-01-11 12:15:02,859][flwr][DEBUG] - evaluate_round 2 received 100 results and 0 failures
[2026-01-11 12:15:02,859][flwr][DEBUG] - fit_round 3: strategy sampled 100 clients (out of 100)
[2026-01-11 12:15:04,172][flwr][DEBUG] - fit_round 3 received 100 results and 0 failures
[2026-01-11 12:15:04,233][flwr][INFO] - fit progress: (3, 50.53546780347824, {'accuracy': 0.6015}, 10.95490087500366)
[2026-01-11 12:15:04,234][flwr][DEBUG] - evaluate_round 3: strategy sampled 100 clients (out of 100)
[2026-01-11 12:15:04,677][flwr][DEBUG] - evaluate_round 3 received 100 results and 0 failures
[2026-01-11 12:15:04,677][flwr][DEBUG] - fit_round 4: strategy sampled 100 clients (out of 100)
[2026-01-11 12:15:05,942][flwr][DEBUG] - fit_round 4 received 100 results and 0 failures
[2026-01-11 12:15:05,997][flwr][INFO] - fit progress: (4, 48.48263889551163, {'accuracy': 0.6045}, 12.718697250005789)
[2026-01-11 12:15:05,997][flwr][DEBUG] - evaluate_round 4: strategy sampled 100 clients (out of 100)
[2026-01-11 12:15:06,401][flwr][DEBUG] - evaluate_round 4 received 100 results and 0 failures
[2026-01-11 12:15:06,402][flwr][DEBUG] - fit_round 5: strategy sampled 100 clients (out of 100)
[2026-01-11 12:15:07,401][flwr][DEBUG] - fit_round 5 received 100 results and 0 failures
[2026-01-11 12:15:07,462][flwr][INFO] - fit progress: (5, 47.04725852608681, {'accuracy': 0.6045}, 14.183187375005218)
[2026-01-11 12:15:07,462][flwr][DEBUG] - evaluate_round 5: strategy sampled 100 clients (out of 100)
[2026-01-11 12:15:07,864][flwr][DEBUG] - evaluate_round 5 received 100 results and 0 failures
[2026-01-11 12:15:07,864][flwr][DEBUG] - fit_round 6: strategy sampled 100 clients (out of 100)
[2026-01-11 12:15:09,078][flwr][DEBUG] - fit_round 6 received 100 results and 0 failures
[2026-01-11 12:15:09,146][flwr][INFO] - fit progress: (6, 46.18910485506058, {'accuracy': 0.607}, 15.867139499998302)
[2026-01-11 12:15:09,146][flwr][DEBUG] - evaluate_round 6: strategy sampled 100 clients (out of 100)
[2026-01-11 12:15:09,569][flwr][DEBUG] - evaluate_round 6 received 100 results and 0 failures
[2026-01-11 12:15:09,570][flwr][DEBUG] - fit_round 7: strategy sampled 100 clients (out of 100)
[2026-01-11 12:15:10,690][flwr][DEBUG] - fit_round 7 received 100 results and 0 failures
[2026-01-11 12:15:10,742][flwr][INFO] - fit progress: (7, 45.492560029029846, {'accuracy': 0.6065}, 17.463019542003167)
[2026-01-11 12:15:10,742][flwr][DEBUG] - evaluate_round 7: strategy sampled 100 clients (out of 100)
[2026-01-11 12:15:11,115][flwr][DEBUG] - evaluate_round 7 received 100 results and 0 failures
[2026-01-11 12:15:11,116][flwr][DEBUG] - fit_round 8: strategy sampled 100 clients (out of 100)
[2026-01-11 12:15:12,362][flwr][DEBUG] - fit_round 8 received 100 results and 0 failures
[2026-01-11 12:15:12,424][flwr][INFO] - fit progress: (8, 45.1274853348732, {'accuracy': 0.606}, 19.14525416700053)
[2026-01-11 12:15:12,424][flwr][DEBUG] - evaluate_round 8: strategy sampled 100 clients (out of 100)
[2026-01-11 12:15:12,845][flwr][DEBUG] - evaluate_round 8 received 100 results and 0 failures
[2026-01-11 12:15:12,846][flwr][DEBUG] - fit_round 9: strategy sampled 100 clients (out of 100)
[2026-01-11 12:15:13,901][flwr][DEBUG] - fit_round 9 received 100 results and 0 failures
[2026-01-11 12:15:13,975][flwr][INFO] - fit progress: (9, 44.72201067209244, {'accuracy': 0.606}, 20.69666554199648)
[2026-01-11 12:15:13,976][flwr][DEBUG] - evaluate_round 9: strategy sampled 100 clients (out of 100)
[2026-01-11 12:15:14,356][flwr][DEBUG] - evaluate_round 9 received 100 results and 0 failures
[2026-01-11 12:15:14,357][flwr][DEBUG] - fit_round 10: strategy sampled 100 clients (out of 100)
[2026-01-11 12:15:15,195][flwr][DEBUG] - fit_round 10 received 100 results and 0 failures
[2026-01-11 12:15:15,250][flwr][INFO] - fit progress: (10, 44.40371775627136, {'accuracy': 0.6065}, 21.9716723330057)
[2026-01-11 12:15:15,250][flwr][DEBUG] - evaluate_round 10: strategy sampled 100 clients (out of 100)
[2026-01-11 12:15:15,626][flwr][DEBUG] - evaluate_round 10 received 100 results and 0 failures
[2026-01-11 12:15:15,627][flwr][DEBUG] - fit_round 11: strategy sampled 100 clients (out of 100)
[2026-01-11 12:15:16,499][flwr][DEBUG] - fit_round 11 received 100 results and 0 failures
[2026-01-11 12:15:16,551][flwr][INFO] - fit progress: (11, 44.238700449466705, {'accuracy': 0.609}, 23.27213725000911)
[2026-01-11 12:15:16,551][flwr][DEBUG] - evaluate_round 11: strategy sampled 100 clients (out of 100)
[2026-01-11 12:15:16,919][flwr][DEBUG] - evaluate_round 11 received 100 results and 0 failures
[2026-01-11 12:15:16,920][flwr][DEBUG] - fit_round 12: strategy sampled 100 clients (out of 100)
[2026-01-11 12:15:17,734][flwr][DEBUG] - fit_round 12 received 100 results and 0 failures
[2026-01-11 12:15:17,785][flwr][INFO] - fit progress: (12, 44.14119955897331, {'accuracy': 0.6095}, 24.50627404199622)
[2026-01-11 12:15:17,785][flwr][DEBUG] - evaluate_round 12: strategy sampled 100 clients (out of 100)
[2026-01-11 12:15:18,218][flwr][DEBUG] - evaluate_round 12 received 100 results and 0 failures
[2026-01-11 12:15:18,218][flwr][DEBUG] - fit_round 13: strategy sampled 100 clients (out of 100)
[2026-01-11 12:15:19,349][flwr][DEBUG] - fit_round 13 received 100 results and 0 failures
[2026-01-11 12:15:19,414][flwr][INFO] - fit progress: (13, 44.00875332951546, {'accuracy': 0.6085}, 26.134958499998902)
[2026-01-11 12:15:19,414][flwr][DEBUG] - evaluate_round 13: strategy sampled 100 clients (out of 100)
[2026-01-11 12:15:21,040][flwr][DEBUG] - evaluate_round 13 received 100 results and 0 failures
[2026-01-11 12:15:21,042][flwr][DEBUG] - fit_round 14: strategy sampled 100 clients (out of 100)
[2026-01-11 12:15:22,460][flwr][DEBUG] - fit_round 14 received 100 results and 0 failures
[2026-01-11 12:15:22,525][flwr][INFO] - fit progress: (14, 43.8659642636776, {'accuracy': 0.608}, 29.246275124998647)
[2026-01-11 12:15:22,525][flwr][DEBUG] - evaluate_round 14: strategy sampled 100 clients (out of 100)
[2026-01-11 12:15:23,001][flwr][DEBUG] - evaluate_round 14 received 100 results and 0 failures
[2026-01-11 12:15:23,001][flwr][DEBUG] - fit_round 15: strategy sampled 100 clients (out of 100)
[2026-01-11 12:15:24,237][flwr][DEBUG] - fit_round 15 received 100 results and 0 failures
[2026-01-11 12:15:24,290][flwr][INFO] - fit progress: (15, 43.81460803747177, {'accuracy': 0.611}, 31.011799291998614)
[2026-01-11 12:15:24,291][flwr][DEBUG] - evaluate_round 15: strategy sampled 100 clients (out of 100)
[2026-01-11 12:15:24,668][flwr][DEBUG] - evaluate_round 15 received 100 results and 0 failures
[2026-01-11 12:15:24,669][flwr][DEBUG] - fit_round 16: strategy sampled 100 clients (out of 100)
[2026-01-11 12:15:25,680][flwr][DEBUG] - fit_round 16 received 100 results and 0 failures
[2026-01-11 12:15:25,738][flwr][INFO] - fit progress: (16, 43.64632499217987, {'accuracy': 0.6125}, 32.45912920800038)
[2026-01-11 12:15:25,738][flwr][DEBUG] - evaluate_round 16: strategy sampled 100 clients (out of 100)
[2026-01-11 12:15:26,290][flwr][DEBUG] - evaluate_round 16 received 100 results and 0 failures
[2026-01-11 12:15:26,291][flwr][DEBUG] - fit_round 17: strategy sampled 100 clients (out of 100)
[2026-01-11 12:15:27,772][flwr][DEBUG] - fit_round 17 received 100 results and 0 failures
[2026-01-11 12:15:27,843][flwr][INFO] - fit progress: (17, 43.782239496707916, {'accuracy': 0.6135}, 34.56444645799638)
[2026-01-11 12:15:27,844][flwr][DEBUG] - evaluate_round 17: strategy sampled 100 clients (out of 100)
[2026-01-11 12:15:28,307][flwr][DEBUG] - evaluate_round 17 received 100 results and 0 failures
[2026-01-11 12:15:28,307][flwr][DEBUG] - fit_round 18: strategy sampled 100 clients (out of 100)
[2026-01-11 12:15:29,827][flwr][DEBUG] - fit_round 18 received 100 results and 0 failures
[2026-01-11 12:15:29,886][flwr][INFO] - fit progress: (18, 43.66739574074745, {'accuracy': 0.6135}, 36.606916625009035)
[2026-01-11 12:15:29,886][flwr][DEBUG] - evaluate_round 18: strategy sampled 100 clients (out of 100)
[2026-01-11 12:15:30,417][flwr][DEBUG] - evaluate_round 18 received 100 results and 0 failures
[2026-01-11 12:15:30,417][flwr][DEBUG] - fit_round 19: strategy sampled 100 clients (out of 100)
[2026-01-11 12:15:31,532][flwr][DEBUG] - fit_round 19 received 100 results and 0 failures
[2026-01-11 12:15:31,588][flwr][INFO] - fit progress: (19, 43.67677116394043, {'accuracy': 0.616}, 38.30934449999768)
[2026-01-11 12:15:31,588][flwr][DEBUG] - evaluate_round 19: strategy sampled 100 clients (out of 100)
[2026-01-11 12:15:32,087][flwr][DEBUG] - evaluate_round 19 received 100 results and 0 failures
[2026-01-11 12:15:32,087][flwr][DEBUG] - fit_round 20: strategy sampled 100 clients (out of 100)
[2026-01-11 12:15:33,066][flwr][DEBUG] - fit_round 20 received 100 results and 0 failures
[2026-01-11 12:15:33,120][flwr][INFO] - fit progress: (20, 43.719074964523315, {'accuracy': 0.6145}, 39.84095141700527)
[2026-01-11 12:15:33,120][flwr][DEBUG] - evaluate_round 20: strategy sampled 100 clients (out of 100)
[2026-01-11 12:15:33,540][flwr][DEBUG] - evaluate_round 20 received 100 results and 0 failures
[2026-01-11 12:15:33,541][flwr][DEBUG] - fit_round 21: strategy sampled 100 clients (out of 100)
[2026-01-11 12:15:34,494][flwr][DEBUG] - fit_round 21 received 100 results and 0 failures
[2026-01-11 12:15:34,547][flwr][INFO] - fit progress: (21, 43.51771920919418, {'accuracy': 0.616}, 41.26857962500071)
[2026-01-11 12:15:34,547][flwr][DEBUG] - evaluate_round 21: strategy sampled 100 clients (out of 100)
[2026-01-11 12:15:34,924][flwr][DEBUG] - evaluate_round 21 received 100 results and 0 failures
[2026-01-11 12:15:34,924][flwr][DEBUG] - fit_round 22: strategy sampled 100 clients (out of 100)
[2026-01-11 12:15:35,844][flwr][DEBUG] - fit_round 22 received 100 results and 0 failures
[2026-01-11 12:15:35,895][flwr][INFO] - fit progress: (22, 43.53114429116249, {'accuracy': 0.616}, 42.616699250007514)
[2026-01-11 12:15:35,896][flwr][DEBUG] - evaluate_round 22: strategy sampled 100 clients (out of 100)
[2026-01-11 12:15:36,321][flwr][DEBUG] - evaluate_round 22 received 100 results and 0 failures
[2026-01-11 12:15:36,321][flwr][DEBUG] - fit_round 23: strategy sampled 100 clients (out of 100)
[2026-01-11 12:15:37,583][flwr][DEBUG] - fit_round 23 received 100 results and 0 failures
[2026-01-11 12:15:37,649][flwr][INFO] - fit progress: (23, 43.703797459602356, {'accuracy': 0.6145}, 44.3704430420039)
[2026-01-11 12:15:37,649][flwr][DEBUG] - evaluate_round 23: strategy sampled 100 clients (out of 100)
[2026-01-11 12:15:38,057][flwr][DEBUG] - evaluate_round 23 received 100 results and 0 failures
[2026-01-11 12:15:38,058][flwr][DEBUG] - fit_round 24: strategy sampled 100 clients (out of 100)
[2026-01-11 12:15:39,213][flwr][DEBUG] - fit_round 24 received 100 results and 0 failures
[2026-01-11 12:15:39,485][flwr][INFO] - fit progress: (24, 43.66850596666336, {'accuracy': 0.616}, 46.20633670799725)
[2026-01-11 12:15:39,485][flwr][DEBUG] - evaluate_round 24: strategy sampled 100 clients (out of 100)
[2026-01-11 12:15:39,979][flwr][DEBUG] - evaluate_round 24 received 100 results and 0 failures
[2026-01-11 12:15:39,979][flwr][DEBUG] - fit_round 25: strategy sampled 100 clients (out of 100)
[2026-01-11 12:15:41,312][flwr][DEBUG] - fit_round 25 received 100 results and 0 failures
[2026-01-11 12:15:41,383][flwr][INFO] - fit progress: (25, 43.73704147338867, {'accuracy': 0.6145}, 48.10396308300551)
[2026-01-11 12:15:41,383][flwr][DEBUG] - evaluate_round 25: strategy sampled 100 clients (out of 100)
[2026-01-11 12:15:42,045][flwr][DEBUG] - evaluate_round 25 received 100 results and 0 failures
[2026-01-11 12:15:42,045][flwr][DEBUG] - fit_round 26: strategy sampled 100 clients (out of 100)
[2026-01-11 12:15:43,347][flwr][DEBUG] - fit_round 26 received 100 results and 0 failures
[2026-01-11 12:15:43,422][flwr][INFO] - fit progress: (26, 43.830786406993866, {'accuracy': 0.6155}, 50.14301337499637)
[2026-01-11 12:15:43,422][flwr][DEBUG] - evaluate_round 26: strategy sampled 100 clients (out of 100)
[2026-01-11 12:15:44,053][flwr][DEBUG] - evaluate_round 26 received 100 results and 0 failures
[2026-01-11 12:15:44,053][flwr][DEBUG] - fit_round 27: strategy sampled 100 clients (out of 100)
[2026-01-11 12:15:46,155][flwr][DEBUG] - fit_round 27 received 100 results and 0 failures
[2026-01-11 12:15:46,267][flwr][INFO] - fit progress: (27, 43.56404101848602, {'accuracy': 0.6155}, 52.98783287500555)
[2026-01-11 12:15:46,267][flwr][DEBUG] - evaluate_round 27: strategy sampled 100 clients (out of 100)
[2026-01-11 12:15:46,838][flwr][DEBUG] - evaluate_round 27 received 100 results and 0 failures
[2026-01-11 12:15:46,839][flwr][DEBUG] - fit_round 28: strategy sampled 100 clients (out of 100)
[2026-01-11 12:15:49,377][flwr][DEBUG] - fit_round 28 received 100 results and 0 failures
[2026-01-11 12:15:49,453][flwr][INFO] - fit progress: (28, 43.62437957525253, {'accuracy': 0.6155}, 56.17465387500124)
[2026-01-11 12:15:49,454][flwr][DEBUG] - evaluate_round 28: strategy sampled 100 clients (out of 100)
[2026-01-11 12:15:49,967][flwr][DEBUG] - evaluate_round 28 received 100 results and 0 failures
[2026-01-11 12:15:49,967][flwr][DEBUG] - fit_round 29: strategy sampled 100 clients (out of 100)
[2026-01-11 12:15:51,878][flwr][DEBUG] - fit_round 29 received 100 results and 0 failures
[2026-01-11 12:15:51,957][flwr][INFO] - fit progress: (29, 43.68679881095886, {'accuracy': 0.6135}, 58.67854629200883)
[2026-01-11 12:15:51,958][flwr][DEBUG] - evaluate_round 29: strategy sampled 100 clients (out of 100)
[2026-01-11 12:15:52,515][flwr][DEBUG] - evaluate_round 29 received 100 results and 0 failures
[2026-01-11 12:15:52,516][flwr][DEBUG] - fit_round 30: strategy sampled 100 clients (out of 100)
[2026-01-11 12:15:53,705][flwr][DEBUG] - fit_round 30 received 100 results and 0 failures
[2026-01-11 12:15:53,916][flwr][INFO] - fit progress: (30, 43.744329392910004, {'accuracy': 0.616}, 60.63744770800986)
[2026-01-11 12:15:53,917][flwr][DEBUG] - evaluate_round 30: strategy sampled 100 clients (out of 100)
[2026-01-11 12:15:54,380][flwr][DEBUG] - evaluate_round 30 received 100 results and 0 failures
[2026-01-11 12:15:54,380][flwr][DEBUG] - fit_round 31: strategy sampled 100 clients (out of 100)
[2026-01-11 12:15:55,574][flwr][DEBUG] - fit_round 31 received 100 results and 0 failures
[2026-01-11 12:15:55,628][flwr][INFO] - fit progress: (31, 43.64207208156586, {'accuracy': 0.6155}, 62.34957179200137)
[2026-01-11 12:15:55,629][flwr][DEBUG] - evaluate_round 31: strategy sampled 100 clients (out of 100)
[2026-01-11 12:15:56,074][flwr][DEBUG] - evaluate_round 31 received 100 results and 0 failures
[2026-01-11 12:15:56,075][flwr][DEBUG] - fit_round 32: strategy sampled 100 clients (out of 100)
[2026-01-11 12:15:57,233][flwr][DEBUG] - fit_round 32 received 100 results and 0 failures
[2026-01-11 12:15:57,304][flwr][INFO] - fit progress: (32, 43.74912476539612, {'accuracy': 0.617}, 64.02555454200774)
[2026-01-11 12:15:57,305][flwr][DEBUG] - evaluate_round 32: strategy sampled 100 clients (out of 100)
[2026-01-11 12:15:57,758][flwr][DEBUG] - evaluate_round 32 received 100 results and 0 failures
[2026-01-11 12:15:57,759][flwr][DEBUG] - fit_round 33: strategy sampled 100 clients (out of 100)
[2026-01-11 12:15:59,099][flwr][DEBUG] - fit_round 33 received 100 results and 0 failures
[2026-01-11 12:15:59,159][flwr][INFO] - fit progress: (33, 43.63047796487808, {'accuracy': 0.6155}, 65.87997408299998)
[2026-01-11 12:15:59,159][flwr][DEBUG] - evaluate_round 33: strategy sampled 100 clients (out of 100)
[2026-01-11 12:15:59,654][flwr][DEBUG] - evaluate_round 33 received 100 results and 0 failures
[2026-01-11 12:15:59,654][flwr][DEBUG] - fit_round 34: strategy sampled 100 clients (out of 100)
[2026-01-11 12:16:00,690][flwr][DEBUG] - fit_round 34 received 100 results and 0 failures
[2026-01-11 12:16:00,740][flwr][INFO] - fit progress: (34, 43.886954605579376, {'accuracy': 0.6085}, 67.46162570800516)
[2026-01-11 12:16:00,741][flwr][DEBUG] - evaluate_round 34: strategy sampled 100 clients (out of 100)
[2026-01-11 12:16:01,136][flwr][DEBUG] - evaluate_round 34 received 100 results and 0 failures
[2026-01-11 12:16:01,137][flwr][DEBUG] - fit_round 35: strategy sampled 100 clients (out of 100)
[2026-01-11 12:16:02,248][flwr][DEBUG] - fit_round 35 received 100 results and 0 failures
[2026-01-11 12:16:02,313][flwr][INFO] - fit progress: (35, 43.56253045797348, {'accuracy': 0.618}, 69.03450587500993)
[2026-01-11 12:16:02,314][flwr][DEBUG] - evaluate_round 35: strategy sampled 100 clients (out of 100)
[2026-01-11 12:16:02,754][flwr][DEBUG] - evaluate_round 35 received 100 results and 0 failures
[2026-01-11 12:16:02,754][flwr][DEBUG] - fit_round 36: strategy sampled 100 clients (out of 100)
[2026-01-11 12:16:04,089][flwr][DEBUG] - fit_round 36 received 100 results and 0 failures
[2026-01-11 12:16:04,159][flwr][INFO] - fit progress: (36, 43.888755679130554, {'accuracy': 0.608}, 70.87976720799634)
[2026-01-11 12:16:04,159][flwr][DEBUG] - evaluate_round 36: strategy sampled 100 clients (out of 100)
[2026-01-11 12:16:04,589][flwr][DEBUG] - evaluate_round 36 received 100 results and 0 failures
[2026-01-11 12:16:04,590][flwr][DEBUG] - fit_round 37: strategy sampled 100 clients (out of 100)
[2026-01-11 12:16:05,554][flwr][DEBUG] - fit_round 37 received 100 results and 0 failures
[2026-01-11 12:16:05,606][flwr][INFO] - fit progress: (37, 43.930994749069214, {'accuracy': 0.6085}, 72.32734775000426)
[2026-01-11 12:16:05,606][flwr][DEBUG] - evaluate_round 37: strategy sampled 100 clients (out of 100)
[2026-01-11 12:16:06,055][flwr][DEBUG] - evaluate_round 37 received 100 results and 0 failures
[2026-01-11 12:16:06,055][flwr][DEBUG] - fit_round 38: strategy sampled 100 clients (out of 100)
[2026-01-11 12:16:07,009][flwr][DEBUG] - fit_round 38 received 100 results and 0 failures
[2026-01-11 12:16:07,066][flwr][INFO] - fit progress: (38, 43.48356258869171, {'accuracy': 0.617}, 73.78709470800823)
[2026-01-11 12:16:07,067][flwr][DEBUG] - evaluate_round 38: strategy sampled 100 clients (out of 100)
[2026-01-11 12:16:07,483][flwr][DEBUG] - evaluate_round 38 received 100 results and 0 failures
[2026-01-11 12:16:07,484][flwr][DEBUG] - fit_round 39: strategy sampled 100 clients (out of 100)
[2026-01-11 12:16:08,463][flwr][DEBUG] - fit_round 39 received 100 results and 0 failures
[2026-01-11 12:16:08,533][flwr][INFO] - fit progress: (39, 44.27649527788162, {'accuracy': 0.604}, 75.25455883299583)
[2026-01-11 12:16:08,534][flwr][DEBUG] - evaluate_round 39: strategy sampled 100 clients (out of 100)
[2026-01-11 12:16:08,951][flwr][DEBUG] - evaluate_round 39 received 100 results and 0 failures
[2026-01-11 12:16:08,951][flwr][DEBUG] - fit_round 40: strategy sampled 100 clients (out of 100)
[2026-01-11 12:16:10,041][flwr][DEBUG] - fit_round 40 received 100 results and 0 failures
[2026-01-11 12:16:10,099][flwr][INFO] - fit progress: (40, 43.83784580230713, {'accuracy': 0.61}, 76.82011800000328)
[2026-01-11 12:16:10,100][flwr][DEBUG] - evaluate_round 40: strategy sampled 100 clients (out of 100)
[2026-01-11 12:16:10,521][flwr][DEBUG] - evaluate_round 40 received 100 results and 0 failures
[2026-01-11 12:16:10,522][flwr][DEBUG] - fit_round 41: strategy sampled 100 clients (out of 100)
[2026-01-11 12:16:11,741][flwr][DEBUG] - fit_round 41 received 100 results and 0 failures
[2026-01-11 12:16:11,802][flwr][INFO] - fit progress: (41, 43.49121826887131, {'accuracy': 0.6115}, 78.52279658299813)
[2026-01-11 12:16:11,802][flwr][DEBUG] - evaluate_round 41: strategy sampled 100 clients (out of 100)
[2026-01-11 12:16:12,337][flwr][DEBUG] - evaluate_round 41 received 100 results and 0 failures
[2026-01-11 12:16:12,337][flwr][DEBUG] - fit_round 42: strategy sampled 100 clients (out of 100)
[2026-01-11 12:16:13,261][flwr][DEBUG] - fit_round 42 received 100 results and 0 failures
[2026-01-11 12:16:13,317][flwr][INFO] - fit progress: (42, 43.64888834953308, {'accuracy': 0.613}, 80.0380845000036)
[2026-01-11 12:16:13,317][flwr][DEBUG] - evaluate_round 42: strategy sampled 100 clients (out of 100)
[2026-01-11 12:16:13,821][flwr][DEBUG] - evaluate_round 42 received 100 results and 0 failures
[2026-01-11 12:16:13,821][flwr][DEBUG] - fit_round 43: strategy sampled 100 clients (out of 100)
[2026-01-11 12:16:15,178][flwr][DEBUG] - fit_round 43 received 100 results and 0 failures
[2026-01-11 12:16:15,304][flwr][INFO] - fit progress: (43, 43.68859797716141, {'accuracy': 0.6035}, 82.02538991700567)
[2026-01-11 12:16:15,306][flwr][DEBUG] - evaluate_round 43: strategy sampled 100 clients (out of 100)
[2026-01-11 12:16:16,053][flwr][DEBUG] - evaluate_round 43 received 100 results and 0 failures
[2026-01-11 12:16:16,054][flwr][DEBUG] - fit_round 44: strategy sampled 100 clients (out of 100)
[2026-01-11 12:16:17,465][flwr][DEBUG] - fit_round 44 received 100 results and 0 failures
[2026-01-11 12:16:17,527][flwr][INFO] - fit progress: (44, 43.827681958675385, {'accuracy': 0.6035}, 84.24838429200463)
[2026-01-11 12:16:17,528][flwr][DEBUG] - evaluate_round 44: strategy sampled 100 clients (out of 100)
[2026-01-11 12:16:17,936][flwr][DEBUG] - evaluate_round 44 received 100 results and 0 failures
[2026-01-11 12:16:17,936][flwr][DEBUG] - fit_round 45: strategy sampled 100 clients (out of 100)
[2026-01-11 12:16:19,025][flwr][DEBUG] - fit_round 45 received 100 results and 0 failures
[2026-01-11 12:16:19,099][flwr][INFO] - fit progress: (45, 43.625344812870026, {'accuracy': 0.6135}, 85.81964975000301)
[2026-01-11 12:16:19,099][flwr][DEBUG] - evaluate_round 45: strategy sampled 100 clients (out of 100)
[2026-01-11 12:16:19,578][flwr][DEBUG] - evaluate_round 45 received 100 results and 0 failures
[2026-01-11 12:16:19,578][flwr][DEBUG] - fit_round 46: strategy sampled 100 clients (out of 100)
[2026-01-11 12:16:20,635][flwr][DEBUG] - fit_round 46 received 100 results and 0 failures
[2026-01-11 12:16:20,722][flwr][INFO] - fit progress: (46, 43.519025802612305, {'accuracy': 0.6095}, 87.44336287499755)
[2026-01-11 12:16:20,723][flwr][DEBUG] - evaluate_round 46: strategy sampled 100 clients (out of 100)
[2026-01-11 12:16:21,197][flwr][DEBUG] - evaluate_round 46 received 100 results and 0 failures
[2026-01-11 12:16:21,197][flwr][DEBUG] - fit_round 47: strategy sampled 100 clients (out of 100)
[2026-01-11 12:16:22,189][flwr][DEBUG] - fit_round 47 received 100 results and 0 failures
[2026-01-11 12:16:22,245][flwr][INFO] - fit progress: (47, 43.65040624141693, {'accuracy': 0.6095}, 88.96632554200187)
[2026-01-11 12:16:22,245][flwr][DEBUG] - evaluate_round 47: strategy sampled 100 clients (out of 100)
[2026-01-11 12:16:22,693][flwr][DEBUG] - evaluate_round 47 received 100 results and 0 failures
[2026-01-11 12:16:22,694][flwr][DEBUG] - fit_round 48: strategy sampled 100 clients (out of 100)
[2026-01-11 12:16:24,279][flwr][DEBUG] - fit_round 48 received 100 results and 0 failures
[2026-01-11 12:16:24,474][flwr][INFO] - fit progress: (48, 43.37048262357712, {'accuracy': 0.6125}, 91.19556691699836)
[2026-01-11 12:16:24,475][flwr][DEBUG] - evaluate_round 48: strategy sampled 100 clients (out of 100)
[2026-01-11 12:16:24,895][flwr][DEBUG] - evaluate_round 48 received 100 results and 0 failures
[2026-01-11 12:16:24,896][flwr][DEBUG] - fit_round 49: strategy sampled 100 clients (out of 100)
[2026-01-11 12:16:25,976][flwr][DEBUG] - fit_round 49 received 100 results and 0 failures
[2026-01-11 12:16:26,028][flwr][INFO] - fit progress: (49, 43.7603417634964, {'accuracy': 0.605}, 92.74909608300368)
[2026-01-11 12:16:26,028][flwr][DEBUG] - evaluate_round 49: strategy sampled 100 clients (out of 100)
[2026-01-11 12:16:26,582][flwr][DEBUG] - evaluate_round 49 received 100 results and 0 failures
[2026-01-11 12:16:26,583][flwr][DEBUG] - fit_round 50: strategy sampled 100 clients (out of 100)
[2026-01-11 12:16:27,620][flwr][DEBUG] - fit_round 50 received 100 results and 0 failures
[2026-01-11 12:16:27,679][flwr][INFO] - fit progress: (50, 43.796423852443695, {'accuracy': 0.606}, 94.40053400000033)
[2026-01-11 12:16:27,680][flwr][DEBUG] - evaluate_round 50: strategy sampled 100 clients (out of 100)
[2026-01-11 12:16:28,161][flwr][DEBUG] - evaluate_round 50 received 100 results and 0 failures
[2026-01-11 12:16:28,161][flwr][INFO] - FL finished in 94.88244600000326
[2026-01-11 12:16:28,162][flwr][INFO] - app_fit: losses_distributed [(1, 1.0271238223887955), (2, 0.8893620467599612), (3, 0.8091495798919794), (4, 0.7765590487147626), (5, 0.7535622690012838), (6, 0.7398778061987461), (7, 0.7286398782224243), (8, 0.7231465021192824), (9, 0.7164541547005494), (10, 0.7117523747465581), (11, 0.7093837081504492), (12, 0.7081903349756516), (13, 0.706263128841832), (14, 0.7038435833920662), (15, 0.7033946075231956), (16, 0.7004806890117431), (17, 0.7028489487163035), (18, 0.7009118303605721), (19, 0.701538382909675), (20, 0.702202460380002), (21, 0.6990502155952757), (22, 0.6995216864537325), (23, 0.7023918428145713), (24, 0.7019550890849312), (25, 0.7031228204805561), (26, 0.7052468081281453), (27, 0.7008567126605563), (28, 0.7018228153082562), (29, 0.702977250511329), (30, 0.7041727036780193), (31, 0.7024841104147784), (32, 0.7044393894039052), (33, 0.7021719664335251), (34, 0.7065465163282703), (35, 0.7016207120456522), (36, 0.7070672533753518), (37, 0.7081188416792942), (38, 0.700946162144343), (39, 0.7138147710465462), (40, 0.7067702966779301), (41, 0.7009448479432973), (42, 0.7036292414107828), (43, 0.7040344927125145), (44, 0.7067662126917617), (45, 0.7036557639180868), (46, 0.7015398760433219), (47, 0.7039005321888115), (48, 0.6991807435458024), (49, 0.7056020637454976), (50, 0.7062731147558344)]
[2026-01-11 12:16:28,162][flwr][INFO] - app_fit: metrics_distributed_fit {}
[2026-01-11 12:16:28,162][flwr][INFO] - app_fit: metrics_distributed {}
[2026-01-11 12:16:28,162][flwr][INFO] - app_fit: losses_centralized [(0, 68.07474291324615), (1, 64.2325576543808), (2, 55.64573085308075), (3, 50.53546780347824), (4, 48.48263889551163), (5, 47.04725852608681), (6, 46.18910485506058), (7, 45.492560029029846), (8, 45.1274853348732), (9, 44.72201067209244), (10, 44.40371775627136), (11, 44.238700449466705), (12, 44.14119955897331), (13, 44.00875332951546), (14, 43.8659642636776), (15, 43.81460803747177), (16, 43.64632499217987), (17, 43.782239496707916), (18, 43.66739574074745), (19, 43.67677116394043), (20, 43.719074964523315), (21, 43.51771920919418), (22, 43.53114429116249), (23, 43.703797459602356), (24, 43.66850596666336), (25, 43.73704147338867), (26, 43.830786406993866), (27, 43.56404101848602), (28, 43.62437957525253), (29, 43.68679881095886), (30, 43.744329392910004), (31, 43.64207208156586), (32, 43.74912476539612), (33, 43.63047796487808), (34, 43.886954605579376), (35, 43.56253045797348), (36, 43.888755679130554), (37, 43.930994749069214), (38, 43.48356258869171), (39, 44.27649527788162), (40, 43.83784580230713), (41, 43.49121826887131), (42, 43.64888834953308), (43, 43.68859797716141), (44, 43.827681958675385), (45, 43.625344812870026), (46, 43.519025802612305), (47, 43.65040624141693), (48, 43.37048262357712), (49, 43.7603417634964), (50, 43.796423852443695)]
[2026-01-11 12:16:28,162][flwr][INFO] - app_fit: metrics_centralized {'accuracy': [(0, 0.507), (1, 0.507), (2, 0.5785), (3, 0.6015), (4, 0.6045), (5, 0.6045), (6, 0.607), (7, 0.6065), (8, 0.606), (9, 0.606), (10, 0.6065), (11, 0.609), (12, 0.6095), (13, 0.6085), (14, 0.608), (15, 0.611), (16, 0.6125), (17, 0.6135), (18, 0.6135), (19, 0.616), (20, 0.6145), (21, 0.616), (22, 0.616), (23, 0.6145), (24, 0.616), (25, 0.6145), (26, 0.6155), (27, 0.6155), (28, 0.6155), (29, 0.6135), (30, 0.616), (31, 0.6155), (32, 0.617), (33, 0.6155), (34, 0.6085), (35, 0.618), (36, 0.608), (37, 0.6085), (38, 0.617), (39, 0.604), (40, 0.61), (41, 0.6115), (42, 0.613), (43, 0.6035), (44, 0.6035), (45, 0.6135), (46, 0.6095), (47, 0.6095), (48, 0.6125), (49, 0.605), (50, 0.606)]}
[2026-01-11 12:16:28,214][flwr][INFO] - Starting Flower simulation, config: ServerConfig(num_rounds=50, round_timeout=None)
[2026-01-11 12:16:35,843][flwr][INFO] - Flower VCE: Ray initialized with resources: {'node:127.0.0.1': 1.0, 'object_store_memory': 2147483648.0, 'memory': 12175865037.0, 'CPU': 10.0}
[2026-01-11 12:16:35,845][flwr][INFO] - Initializing global parameters
[2026-01-11 12:16:35,845][flwr][INFO] - Using initial parameters provided by strategy
[2026-01-11 12:16:35,845][flwr][INFO] - Evaluating initial parameters
[2026-01-11 12:16:35,873][flwr][INFO] - initial parameters (loss, other metrics): 67.88411092758179, {'accuracy': 0.3585, 'adaptive_mu': 0.001}
[2026-01-11 12:16:35,873][flwr][INFO] - FL starting
[2026-01-11 12:16:35,874][flwr][DEBUG] - fit_round 1: strategy sampled 100 clients (out of 100)
[2026-01-11 12:16:42,639][flwr][DEBUG] - fit_round 1 received 100 results and 0 failures
[2026-01-11 12:16:42,688][flwr][WARNING] - No fit_metrics_aggregation_fn provided
[2026-01-11 12:16:42,759][flwr][INFO] - fit progress: (1, 63.36492341756821, {'accuracy': 0.5105, 'adaptive_mu': 0.001}, 6.885735542004113)
[2026-01-11 12:16:42,759][flwr][DEBUG] - evaluate_round 1: strategy sampled 100 clients (out of 100)
[2026-01-11 12:16:43,430][flwr][DEBUG] - evaluate_round 1 received 100 results and 0 failures
[2026-01-11 12:16:43,431][flwr][WARNING] - No evaluate_metrics_aggregation_fn provided
[2026-01-11 12:16:43,432][flwr][DEBUG] - fit_round 2: strategy sampled 100 clients (out of 100)
[2026-01-11 12:16:45,153][flwr][DEBUG] - fit_round 2 received 100 results and 0 failures
[2026-01-11 12:16:45,245][flwr][INFO] - fit progress: (2, 57.91875857114792, {'accuracy': 0.5655, 'adaptive_mu': 0.001}, 9.37210612501076)
[2026-01-11 12:16:45,246][flwr][DEBUG] - evaluate_round 2: strategy sampled 100 clients (out of 100)
[2026-01-11 12:16:45,684][flwr][DEBUG] - evaluate_round 2 received 100 results and 0 failures
[2026-01-11 12:16:45,685][flwr][DEBUG] - fit_round 3: strategy sampled 100 clients (out of 100)
[2026-01-11 12:16:47,038][flwr][DEBUG] - fit_round 3 received 100 results and 0 failures
[2026-01-11 12:16:47,138][flwr][INFO] - fit progress: (3, 52.73998552560806, {'accuracy': 0.592, 'adaptive_mu': 0.001}, 11.2649875000061)
[2026-01-11 12:16:47,139][flwr][DEBUG] - evaluate_round 3: strategy sampled 100 clients (out of 100)
[2026-01-11 12:16:47,653][flwr][DEBUG] - evaluate_round 3 received 100 results and 0 failures
[2026-01-11 12:16:47,654][flwr][DEBUG] - fit_round 4: strategy sampled 100 clients (out of 100)
[2026-01-11 12:16:49,293][flwr][DEBUG] - fit_round 4 received 100 results and 0 failures
[2026-01-11 12:16:49,386][flwr][INFO] - fit progress: (4, 49.632051944732666, {'accuracy': 0.5955, 'adaptive_mu': 0.0018926760487847647}, 13.512502917001257)
[2026-01-11 12:16:49,386][flwr][DEBUG] - evaluate_round 4: strategy sampled 100 clients (out of 100)
[2026-01-11 12:16:49,786][flwr][DEBUG] - evaluate_round 4 received 100 results and 0 failures
[2026-01-11 12:16:49,786][flwr][DEBUG] - fit_round 5: strategy sampled 100 clients (out of 100)
[2026-01-11 12:16:51,126][flwr][DEBUG] - fit_round 5 received 100 results and 0 failures
[2026-01-11 12:16:51,212][flwr][INFO] - fit progress: (5, 48.05877920985222, {'accuracy': 0.6015, 'adaptive_mu': 0.0025387010102295732}, 15.338395541999489)
[2026-01-11 12:16:51,212][flwr][DEBUG] - evaluate_round 5: strategy sampled 100 clients (out of 100)
[2026-01-11 12:16:51,601][flwr][DEBUG] - evaluate_round 5 received 100 results and 0 failures
[2026-01-11 12:16:51,601][flwr][DEBUG] - fit_round 6: strategy sampled 100 clients (out of 100)
[2026-01-11 12:16:52,985][flwr][DEBUG] - fit_round 6 received 100 results and 0 failures
[2026-01-11 12:16:53,072][flwr][INFO] - fit progress: (6, 47.01783585548401, {'accuracy': 0.605, 'adaptive_mu': 0.002975805926171977}, 17.19827587500913)
[2026-01-11 12:16:53,072][flwr][DEBUG] - evaluate_round 6: strategy sampled 100 clients (out of 100)
[2026-01-11 12:16:53,459][flwr][DEBUG] - evaluate_round 6 received 100 results and 0 failures
[2026-01-11 12:16:53,460][flwr][DEBUG] - fit_round 7: strategy sampled 100 clients (out of 100)
[2026-01-11 12:16:54,783][flwr][DEBUG] - fit_round 7 received 100 results and 0 failures
[2026-01-11 12:16:54,870][flwr][INFO] - fit progress: (7, 46.31175026297569, {'accuracy': 0.606, 'adaptive_mu': 0.0032488993435305404}, 18.996545834001154)
[2026-01-11 12:16:54,870][flwr][DEBUG] - evaluate_round 7: strategy sampled 100 clients (out of 100)
[2026-01-11 12:16:55,252][flwr][DEBUG] - evaluate_round 7 received 100 results and 0 failures
[2026-01-11 12:16:55,253][flwr][DEBUG] - fit_round 8: strategy sampled 100 clients (out of 100)
[2026-01-11 12:16:56,513][flwr][DEBUG] - fit_round 8 received 100 results and 0 failures
[2026-01-11 12:16:56,605][flwr][INFO] - fit progress: (8, 45.77298188209534, {'accuracy': 0.6045, 'adaptive_mu': 0.0034039146681674624}, 20.7321326250094)
[2026-01-11 12:16:56,606][flwr][DEBUG] - evaluate_round 8: strategy sampled 100 clients (out of 100)
[2026-01-11 12:16:56,987][flwr][DEBUG] - evaluate_round 8 received 100 results and 0 failures
[2026-01-11 12:16:56,988][flwr][DEBUG] - fit_round 9: strategy sampled 100 clients (out of 100)
[2026-01-11 12:16:58,189][flwr][DEBUG] - fit_round 9 received 100 results and 0 failures
[2026-01-11 12:16:58,273][flwr][INFO] - fit progress: (9, 45.3886496424675, {'accuracy': 0.604, 'adaptive_mu': 0.0034906864589013334}, 22.39949466699909)
[2026-01-11 12:16:58,273][flwr][DEBUG] - evaluate_round 9: strategy sampled 100 clients (out of 100)
[2026-01-11 12:16:58,692][flwr][DEBUG] - evaluate_round 9 received 100 results and 0 failures
[2026-01-11 12:16:58,692][flwr][DEBUG] - fit_round 10: strategy sampled 100 clients (out of 100)
[2026-01-11 12:16:59,912][flwr][DEBUG] - fit_round 10 received 100 results and 0 failures
[2026-01-11 12:16:59,998][flwr][INFO] - fit progress: (10, 45.00130432844162, {'accuracy': 0.603, 'adaptive_mu': 0.0035399185053642144}, 24.124665292009013)
[2026-01-11 12:16:59,998][flwr][DEBUG] - evaluate_round 10: strategy sampled 100 clients (out of 100)
[2026-01-11 12:17:00,385][flwr][DEBUG] - evaluate_round 10 received 100 results and 0 failures
[2026-01-11 12:17:00,385][flwr][DEBUG] - fit_round 11: strategy sampled 100 clients (out of 100)
[2026-01-11 12:17:01,628][flwr][DEBUG] - fit_round 11 received 100 results and 0 failures
[2026-01-11 12:17:01,714][flwr][INFO] - fit progress: (11, 44.93233734369278, {'accuracy': 0.6035, 'adaptive_mu': 0.003567454997918746}, 25.840704500005813)
[2026-01-11 12:17:01,714][flwr][DEBUG] - evaluate_round 11: strategy sampled 100 clients (out of 100)
[2026-01-11 12:17:02,117][flwr][DEBUG] - evaluate_round 11 received 100 results and 0 failures
[2026-01-11 12:17:02,117][flwr][DEBUG] - fit_round 12: strategy sampled 100 clients (out of 100)
[2026-01-11 12:17:03,452][flwr][DEBUG] - fit_round 12 received 100 results and 0 failures
[2026-01-11 12:17:03,542][flwr][INFO] - fit progress: (12, 44.59438118338585, {'accuracy': 0.6035, 'adaptive_mu': 0.00358073742695138}, 27.668823959000292)
[2026-01-11 12:17:03,542][flwr][DEBUG] - evaluate_round 12: strategy sampled 100 clients (out of 100)
[2026-01-11 12:17:03,925][flwr][DEBUG] - evaluate_round 12 received 100 results and 0 failures
[2026-01-11 12:17:03,925][flwr][DEBUG] - fit_round 13: strategy sampled 100 clients (out of 100)
[2026-01-11 12:17:05,299][flwr][DEBUG] - fit_round 13 received 100 results and 0 failures
[2026-01-11 12:17:05,385][flwr][INFO] - fit progress: (13, 44.51790118217468, {'accuracy': 0.6045, 'adaptive_mu': 0.0035858180035848093}, 29.51180854201084)
[2026-01-11 12:17:05,385][flwr][DEBUG] - evaluate_round 13: strategy sampled 100 clients (out of 100)
[2026-01-11 12:17:05,857][flwr][DEBUG] - evaluate_round 13 received 100 results and 0 failures
[2026-01-11 12:17:05,858][flwr][DEBUG] - fit_round 14: strategy sampled 100 clients (out of 100)
[2026-01-11 12:17:07,280][flwr][DEBUG] - fit_round 14 received 100 results and 0 failures
[2026-01-11 12:17:07,365][flwr][INFO] - fit progress: (14, 44.31319046020508, {'accuracy': 0.603, 'adaptive_mu': 0.003586221785073913}, 31.49146358401049)
[2026-01-11 12:17:07,366][flwr][DEBUG] - evaluate_round 14: strategy sampled 100 clients (out of 100)
[2026-01-11 12:17:07,758][flwr][DEBUG] - evaluate_round 14 received 100 results and 0 failures
[2026-01-11 12:17:07,758][flwr][DEBUG] - fit_round 15: strategy sampled 100 clients (out of 100)
[2026-01-11 12:17:09,149][flwr][DEBUG] - fit_round 15 received 100 results and 0 failures
[2026-01-11 12:17:09,238][flwr][INFO] - fit progress: (15, 44.09345653653145, {'accuracy': 0.6075, 'adaptive_mu': 0.003583126734608745}, 33.36483200000657)
[2026-01-11 12:17:09,238][flwr][DEBUG] - evaluate_round 15: strategy sampled 100 clients (out of 100)
[2026-01-11 12:17:09,629][flwr][DEBUG] - evaluate_round 15 received 100 results and 0 failures
[2026-01-11 12:17:09,630][flwr][DEBUG] - fit_round 16: strategy sampled 100 clients (out of 100)
[2026-01-11 12:17:10,857][flwr][DEBUG] - fit_round 16 received 100 results and 0 failures
[2026-01-11 12:17:10,942][flwr][INFO] - fit progress: (16, 44.088144928216934, {'accuracy': 0.6075, 'adaptive_mu': 0.0035804333103510036}, 35.068321584010846)
[2026-01-11 12:17:10,942][flwr][DEBUG] - evaluate_round 16: strategy sampled 100 clients (out of 100)
[2026-01-11 12:17:11,338][flwr][DEBUG] - evaluate_round 16 received 100 results and 0 failures
[2026-01-11 12:17:11,339][flwr][DEBUG] - fit_round 17: strategy sampled 100 clients (out of 100)
[2026-01-11 12:17:12,676][flwr][DEBUG] - fit_round 17 received 100 results and 0 failures
[2026-01-11 12:17:12,768][flwr][INFO] - fit progress: (17, 44.23811021447182, {'accuracy': 0.6075, 'adaptive_mu': 0.003575610753496201}, 36.89469137499691)
[2026-01-11 12:17:12,768][flwr][DEBUG] - evaluate_round 17: strategy sampled 100 clients (out of 100)
[2026-01-11 12:17:13,156][flwr][DEBUG] - evaluate_round 17 received 100 results and 0 failures
[2026-01-11 12:17:13,157][flwr][DEBUG] - fit_round 18: strategy sampled 100 clients (out of 100)
[2026-01-11 12:17:14,349][flwr][DEBUG] - fit_round 18 received 100 results and 0 failures
[2026-01-11 12:17:14,435][flwr][INFO] - fit progress: (18, 44.23261472582817, {'accuracy': 0.6065, 'adaptive_mu': 0.0035697005230986636}, 38.56192154200107)
[2026-01-11 12:17:14,436][flwr][DEBUG] - evaluate_round 18: strategy sampled 100 clients (out of 100)
[2026-01-11 12:17:14,832][flwr][DEBUG] - evaluate_round 18 received 100 results and 0 failures
[2026-01-11 12:17:14,832][flwr][DEBUG] - fit_round 19: strategy sampled 100 clients (out of 100)
[2026-01-11 12:17:16,093][flwr][DEBUG] - fit_round 19 received 100 results and 0 failures
[2026-01-11 12:17:16,180][flwr][INFO] - fit progress: (19, 43.827218323946, {'accuracy': 0.61, 'adaptive_mu': 0.0035628417406988835}, 40.30702979200578)
[2026-01-11 12:17:16,181][flwr][DEBUG] - evaluate_round 19: strategy sampled 100 clients (out of 100)
[2026-01-11 12:17:16,688][flwr][DEBUG] - evaluate_round 19 received 100 results and 0 failures
[2026-01-11 12:17:16,688][flwr][DEBUG] - fit_round 20: strategy sampled 100 clients (out of 100)
[2026-01-11 12:17:18,059][flwr][DEBUG] - fit_round 20 received 100 results and 0 failures
[2026-01-11 12:17:18,145][flwr][INFO] - fit progress: (20, 43.974999368190765, {'accuracy': 0.609, 'adaptive_mu': 0.0035579189469882}, 42.27154379199783)
[2026-01-11 12:17:18,145][flwr][DEBUG] - evaluate_round 20: strategy sampled 100 clients (out of 100)
[2026-01-11 12:17:18,609][flwr][DEBUG] - evaluate_round 20 received 100 results and 0 failures
[2026-01-11 12:17:18,610][flwr][DEBUG] - fit_round 21: strategy sampled 100 clients (out of 100)
[2026-01-11 12:17:19,899][flwr][DEBUG] - fit_round 21 received 100 results and 0 failures
[2026-01-11 12:17:20,085][flwr][INFO] - fit progress: (21, 44.002923637628555, {'accuracy': 0.606, 'adaptive_mu': 0.0035537497349574553}, 44.21150341699831)
[2026-01-11 12:17:20,085][flwr][DEBUG] - evaluate_round 21: strategy sampled 100 clients (out of 100)
[2026-01-11 12:17:20,535][flwr][DEBUG] - evaluate_round 21 received 100 results and 0 failures
[2026-01-11 12:17:20,536][flwr][DEBUG] - fit_round 22: strategy sampled 100 clients (out of 100)
[2026-01-11 12:17:21,958][flwr][DEBUG] - fit_round 22 received 100 results and 0 failures
[2026-01-11 12:17:22,044][flwr][INFO] - fit progress: (22, 44.060100466012955, {'accuracy': 0.606, 'adaptive_mu': 0.0035497771879565466}, 46.17102191700542)
[2026-01-11 12:17:22,045][flwr][DEBUG] - evaluate_round 22: strategy sampled 100 clients (out of 100)
[2026-01-11 12:17:22,459][flwr][DEBUG] - evaluate_round 22 received 100 results and 0 failures
[2026-01-11 12:17:22,460][flwr][DEBUG] - fit_round 23: strategy sampled 100 clients (out of 100)
[2026-01-11 12:17:23,788][flwr][DEBUG] - fit_round 23 received 100 results and 0 failures
[2026-01-11 12:17:23,875][flwr][INFO] - fit progress: (23, 43.88088122010231, {'accuracy': 0.6095, 'adaptive_mu': 0.0035450728702608536}, 48.00124295899877)
[2026-01-11 12:17:23,875][flwr][DEBUG] - evaluate_round 23: strategy sampled 100 clients (out of 100)
[2026-01-11 12:17:24,280][flwr][DEBUG] - evaluate_round 23 received 100 results and 0 failures
[2026-01-11 12:17:24,281][flwr][DEBUG] - fit_round 24: strategy sampled 100 clients (out of 100)
[2026-01-11 12:17:25,498][flwr][DEBUG] - fit_round 24 received 100 results and 0 failures
[2026-01-11 12:17:25,583][flwr][INFO] - fit progress: (24, 44.126612454652786, {'accuracy': 0.6105, 'adaptive_mu': 0.0035392225461175356}, 49.70970341700013)
[2026-01-11 12:17:25,583][flwr][DEBUG] - evaluate_round 24: strategy sampled 100 clients (out of 100)
[2026-01-11 12:17:26,003][flwr][DEBUG] - evaluate_round 24 received 100 results and 0 failures
[2026-01-11 12:17:26,004][flwr][DEBUG] - fit_round 25: strategy sampled 100 clients (out of 100)
[2026-01-11 12:17:27,528][flwr][DEBUG] - fit_round 25 received 100 results and 0 failures
[2026-01-11 12:17:27,616][flwr][INFO] - fit progress: (25, 44.048420786857605, {'accuracy': 0.6105, 'adaptive_mu': 0.003534937950596461}, 51.74236933400971)
[2026-01-11 12:17:27,616][flwr][DEBUG] - evaluate_round 25: strategy sampled 100 clients (out of 100)
[2026-01-11 12:17:28,154][flwr][DEBUG] - evaluate_round 25 received 100 results and 0 failures
[2026-01-11 12:17:28,154][flwr][DEBUG] - fit_round 26: strategy sampled 100 clients (out of 100)
[2026-01-11 12:17:29,836][flwr][DEBUG] - fit_round 26 received 100 results and 0 failures
[2026-01-11 12:17:29,931][flwr][INFO] - fit progress: (26, 44.08951762318611, {'accuracy': 0.6105, 'adaptive_mu': 0.0035311697275518597}, 54.05776887500542)
[2026-01-11 12:17:29,932][flwr][DEBUG] - evaluate_round 26: strategy sampled 100 clients (out of 100)
[2026-01-11 12:17:30,344][flwr][DEBUG] - evaluate_round 26 received 100 results and 0 failures
[2026-01-11 12:17:30,344][flwr][DEBUG] - fit_round 27: strategy sampled 100 clients (out of 100)
[2026-01-11 12:17:31,560][flwr][DEBUG] - fit_round 27 received 100 results and 0 failures
[2026-01-11 12:17:31,647][flwr][INFO] - fit progress: (27, 43.82780483365059, {'accuracy': 0.613, 'adaptive_mu': 0.0035272139925121735}, 55.77350079199823)
[2026-01-11 12:17:31,647][flwr][DEBUG] - evaluate_round 27: strategy sampled 100 clients (out of 100)
[2026-01-11 12:17:32,129][flwr][DEBUG] - evaluate_round 27 received 100 results and 0 failures
[2026-01-11 12:17:32,130][flwr][DEBUG] - fit_round 28: strategy sampled 100 clients (out of 100)
[2026-01-11 12:17:33,315][flwr][DEBUG] - fit_round 28 received 100 results and 0 failures
[2026-01-11 12:17:33,400][flwr][INFO] - fit progress: (28, 43.92063149809837, {'accuracy': 0.6115, 'adaptive_mu': 0.003525329175654272}, 57.52633879199857)
[2026-01-11 12:17:33,400][flwr][DEBUG] - evaluate_round 28: strategy sampled 100 clients (out of 100)
[2026-01-11 12:17:33,793][flwr][DEBUG] - evaluate_round 28 received 100 results and 0 failures
[2026-01-11 12:17:33,793][flwr][DEBUG] - fit_round 29: strategy sampled 100 clients (out of 100)
[2026-01-11 12:17:35,000][flwr][DEBUG] - fit_round 29 received 100 results and 0 failures
[2026-01-11 12:17:35,087][flwr][INFO] - fit progress: (29, 44.21669805049896, {'accuracy': 0.6105, 'adaptive_mu': 0.0035223858129640904}, 59.21348095900612)
[2026-01-11 12:17:35,087][flwr][DEBUG] - evaluate_round 29: strategy sampled 100 clients (out of 100)
[2026-01-11 12:17:35,447][flwr][DEBUG] - evaluate_round 29 received 100 results and 0 failures
[2026-01-11 12:17:35,448][flwr][DEBUG] - fit_round 30: strategy sampled 100 clients (out of 100)
[2026-01-11 12:17:36,780][flwr][DEBUG] - fit_round 30 received 100 results and 0 failures
[2026-01-11 12:17:36,894][flwr][INFO] - fit progress: (30, 44.043245792388916, {'accuracy': 0.613, 'adaptive_mu': 0.003520393205657146}, 61.01995920900663)
[2026-01-11 12:17:36,894][flwr][DEBUG] - evaluate_round 30: strategy sampled 100 clients (out of 100)
[2026-01-11 12:17:37,354][flwr][DEBUG] - evaluate_round 30 received 100 results and 0 failures
[2026-01-11 12:17:37,354][flwr][DEBUG] - fit_round 31: strategy sampled 100 clients (out of 100)
[2026-01-11 12:17:38,690][flwr][DEBUG] - fit_round 31 received 100 results and 0 failures
[2026-01-11 12:17:38,780][flwr][INFO] - fit progress: (31, 44.20137941837311, {'accuracy': 0.612, 'adaptive_mu': 0.003518259084804924}, 62.90638354200928)
[2026-01-11 12:17:38,780][flwr][DEBUG] - evaluate_round 31: strategy sampled 100 clients (out of 100)
[2026-01-11 12:17:39,160][flwr][DEBUG] - evaluate_round 31 received 100 results and 0 failures
[2026-01-11 12:17:39,161][flwr][DEBUG] - fit_round 32: strategy sampled 100 clients (out of 100)
[2026-01-11 12:17:40,482][flwr][DEBUG] - fit_round 32 received 100 results and 0 failures
[2026-01-11 12:17:40,568][flwr][INFO] - fit progress: (32, 44.39322781562805, {'accuracy': 0.6165, 'adaptive_mu': 0.003516934332559463}, 64.69437700000708)
[2026-01-11 12:17:40,568][flwr][DEBUG] - evaluate_round 32: strategy sampled 100 clients (out of 100)
[2026-01-11 12:17:40,947][flwr][DEBUG] - evaluate_round 32 received 100 results and 0 failures
[2026-01-11 12:17:40,948][flwr][DEBUG] - fit_round 33: strategy sampled 100 clients (out of 100)
[2026-01-11 12:17:42,132][flwr][DEBUG] - fit_round 33 received 100 results and 0 failures
[2026-01-11 12:17:42,216][flwr][INFO] - fit progress: (33, 44.173755049705505, {'accuracy': 0.6115, 'adaptive_mu': 0.0035160336801146747}, 66.3427915420034)
[2026-01-11 12:17:42,217][flwr][DEBUG] - evaluate_round 33: strategy sampled 100 clients (out of 100)
[2026-01-11 12:17:42,585][flwr][DEBUG] - evaluate_round 33 received 100 results and 0 failures
[2026-01-11 12:17:42,586][flwr][DEBUG] - fit_round 34: strategy sampled 100 clients (out of 100)
[2026-01-11 12:17:43,866][flwr][DEBUG] - fit_round 34 received 100 results and 0 failures
[2026-01-11 12:17:43,956][flwr][INFO] - fit progress: (34, 44.251546025276184, {'accuracy': 0.614, 'adaptive_mu': 0.0035130756497269563}, 68.08203166699968)
[2026-01-11 12:17:43,956][flwr][DEBUG] - evaluate_round 34: strategy sampled 100 clients (out of 100)
[2026-01-11 12:17:44,342][flwr][DEBUG] - evaluate_round 34 received 100 results and 0 failures
[2026-01-11 12:17:44,342][flwr][DEBUG] - fit_round 35: strategy sampled 100 clients (out of 100)
[2026-01-11 12:17:45,587][flwr][DEBUG] - fit_round 35 received 100 results and 0 failures
[2026-01-11 12:17:45,674][flwr][INFO] - fit progress: (35, 44.3815820813179, {'accuracy': 0.612, 'adaptive_mu': 0.0035107001272192636}, 69.80024279200006)
[2026-01-11 12:17:45,674][flwr][DEBUG] - evaluate_round 35: strategy sampled 100 clients (out of 100)
[2026-01-11 12:17:46,053][flwr][DEBUG] - evaluate_round 35 received 100 results and 0 failures
[2026-01-11 12:17:46,053][flwr][DEBUG] - fit_round 36: strategy sampled 100 clients (out of 100)
[2026-01-11 12:17:47,353][flwr][DEBUG] - fit_round 36 received 100 results and 0 failures
[2026-01-11 12:17:47,437][flwr][INFO] - fit progress: (36, 44.45524597167969, {'accuracy': 0.613, 'adaptive_mu': 0.0035080137339675342}, 71.56366487500782)
[2026-01-11 12:17:47,437][flwr][DEBUG] - evaluate_round 36: strategy sampled 100 clients (out of 100)
[2026-01-11 12:17:47,922][flwr][DEBUG] - evaluate_round 36 received 100 results and 0 failures
[2026-01-11 12:17:47,923][flwr][DEBUG] - fit_round 37: strategy sampled 100 clients (out of 100)
[2026-01-11 12:17:49,138][flwr][DEBUG] - fit_round 37 received 100 results and 0 failures
[2026-01-11 12:17:49,226][flwr][INFO] - fit progress: (37, 44.178476333618164, {'accuracy': 0.616, 'adaptive_mu': 0.0035057735990198036}, 73.35266704201058)
[2026-01-11 12:17:49,227][flwr][DEBUG] - evaluate_round 37: strategy sampled 100 clients (out of 100)
[2026-01-11 12:17:50,946][flwr][DEBUG] - evaluate_round 37 received 100 results and 0 failures
[2026-01-11 12:17:50,952][flwr][DEBUG] - fit_round 38: strategy sampled 100 clients (out of 100)
[2026-01-11 12:17:52,690][flwr][DEBUG] - fit_round 38 received 100 results and 0 failures
[2026-01-11 12:17:52,789][flwr][INFO] - fit progress: (38, 44.75126975774765, {'accuracy': 0.6125, 'adaptive_mu': 0.003504371805640178}, 76.91551875000005)
[2026-01-11 12:17:52,789][flwr][DEBUG] - evaluate_round 38: strategy sampled 100 clients (out of 100)
[2026-01-11 12:17:53,339][flwr][DEBUG] - evaluate_round 38 received 100 results and 0 failures
[2026-01-11 12:17:53,339][flwr][DEBUG] - fit_round 39: strategy sampled 100 clients (out of 100)
[2026-01-11 12:17:54,933][flwr][DEBUG] - fit_round 39 received 100 results and 0 failures
[2026-01-11 12:17:55,020][flwr][INFO] - fit progress: (39, 44.39927899837494, {'accuracy': 0.6145, 'adaptive_mu': 0.003504602013374666}, 79.1467990000092)
[2026-01-11 12:17:55,021][flwr][DEBUG] - evaluate_round 39: strategy sampled 100 clients (out of 100)
[2026-01-11 12:17:55,427][flwr][DEBUG] - evaluate_round 39 received 100 results and 0 failures
[2026-01-11 12:17:55,427][flwr][DEBUG] - fit_round 40: strategy sampled 100 clients (out of 100)
[2026-01-11 12:17:56,635][flwr][DEBUG] - fit_round 40 received 100 results and 0 failures
[2026-01-11 12:17:56,720][flwr][INFO] - fit progress: (40, 44.53635001182556, {'accuracy': 0.611, 'adaptive_mu': 0.0035034935666345707}, 80.84603400000196)
[2026-01-11 12:17:56,720][flwr][DEBUG] - evaluate_round 40: strategy sampled 100 clients (out of 100)
[2026-01-11 12:17:57,115][flwr][DEBUG] - evaluate_round 40 received 100 results and 0 failures
[2026-01-11 12:17:57,115][flwr][DEBUG] - fit_round 41: strategy sampled 100 clients (out of 100)
[2026-01-11 12:17:58,286][flwr][DEBUG] - fit_round 41 received 100 results and 0 failures
[2026-01-11 12:17:58,380][flwr][INFO] - fit progress: (41, 44.32495075464249, {'accuracy': 0.614, 'adaptive_mu': 0.003503409572676889}, 82.50598475000879)
[2026-01-11 12:17:58,380][flwr][DEBUG] - evaluate_round 41: strategy sampled 100 clients (out of 100)
[2026-01-11 12:17:58,844][flwr][DEBUG] - evaluate_round 41 received 100 results and 0 failures
[2026-01-11 12:17:58,845][flwr][DEBUG] - fit_round 42: strategy sampled 100 clients (out of 100)
[2026-01-11 12:18:01,358][flwr][DEBUG] - fit_round 42 received 100 results and 0 failures
[2026-01-11 12:18:01,486][flwr][INFO] - fit progress: (42, 44.57989150285721, {'accuracy': 0.6125, 'adaptive_mu': 0.0035026220307913586}, 85.61262033400999)
[2026-01-11 12:18:01,487][flwr][DEBUG] - evaluate_round 42: strategy sampled 100 clients (out of 100)
[2026-01-11 12:18:01,904][flwr][DEBUG] - evaluate_round 42 received 100 results and 0 failures
[2026-01-11 12:18:01,904][flwr][DEBUG] - fit_round 43: strategy sampled 100 clients (out of 100)
[2026-01-11 12:18:03,209][flwr][DEBUG] - fit_round 43 received 100 results and 0 failures
[2026-01-11 12:18:03,316][flwr][INFO] - fit progress: (43, 44.672991335392, {'accuracy': 0.611, 'adaptive_mu': 0.0035008763409826197}, 87.4426777500048)
[2026-01-11 12:18:03,317][flwr][DEBUG] - evaluate_round 43: strategy sampled 100 clients (out of 100)
[2026-01-11 12:18:03,893][flwr][DEBUG] - evaluate_round 43 received 100 results and 0 failures
[2026-01-11 12:18:03,894][flwr][DEBUG] - fit_round 44: strategy sampled 100 clients (out of 100)
[2026-01-11 12:18:05,276][flwr][DEBUG] - fit_round 44 received 100 results and 0 failures
[2026-01-11 12:18:05,364][flwr][INFO] - fit progress: (44, 44.10061651468277, {'accuracy': 0.615, 'adaptive_mu': 0.003499568244083394}, 89.49026287499873)
[2026-01-11 12:18:05,364][flwr][DEBUG] - evaluate_round 44: strategy sampled 100 clients (out of 100)
[2026-01-11 12:18:05,816][flwr][DEBUG] - evaluate_round 44 received 100 results and 0 failures
[2026-01-11 12:18:05,817][flwr][DEBUG] - fit_round 45: strategy sampled 100 clients (out of 100)
[2026-01-11 12:18:07,096][flwr][DEBUG] - fit_round 45 received 100 results and 0 failures
[2026-01-11 12:18:07,179][flwr][INFO] - fit progress: (45, 44.874627232551575, {'accuracy': 0.6105, 'adaptive_mu': 0.003499815912925119}, 91.30571529200824)
[2026-01-11 12:18:07,180][flwr][DEBUG] - evaluate_round 45: strategy sampled 100 clients (out of 100)
[2026-01-11 12:18:07,549][flwr][DEBUG] - evaluate_round 45 received 100 results and 0 failures
[2026-01-11 12:18:07,549][flwr][DEBUG] - fit_round 46: strategy sampled 100 clients (out of 100)
[2026-01-11 12:18:08,720][flwr][DEBUG] - fit_round 46 received 100 results and 0 failures
[2026-01-11 12:18:08,806][flwr][INFO] - fit progress: (46, 44.419871747493744, {'accuracy': 0.6115, 'adaptive_mu': 0.0035006920142876957}, 92.93265566699847)
[2026-01-11 12:18:08,807][flwr][DEBUG] - evaluate_round 46: strategy sampled 100 clients (out of 100)
[2026-01-11 12:18:09,189][flwr][DEBUG] - evaluate_round 46 received 100 results and 0 failures
[2026-01-11 12:18:09,189][flwr][DEBUG] - fit_round 47: strategy sampled 100 clients (out of 100)
[2026-01-11 12:18:10,385][flwr][DEBUG] - fit_round 47 received 100 results and 0 failures
[2026-01-11 12:18:10,471][flwr][INFO] - fit progress: (47, 44.82855308055878, {'accuracy': 0.6085, 'adaptive_mu': 0.003500452600878233}, 94.59699166700011)
[2026-01-11 12:18:10,471][flwr][DEBUG] - evaluate_round 47: strategy sampled 100 clients (out of 100)
[2026-01-11 12:18:10,862][flwr][DEBUG] - evaluate_round 47 received 100 results and 0 failures
[2026-01-11 12:18:10,862][flwr][DEBUG] - fit_round 48: strategy sampled 100 clients (out of 100)
[2026-01-11 12:18:12,044][flwr][DEBUG] - fit_round 48 received 100 results and 0 failures
[2026-01-11 12:18:12,128][flwr][INFO] - fit progress: (48, 44.5408616065979, {'accuracy': 0.6125, 'adaptive_mu': 0.0035012358382267425}, 96.25429033400724)
[2026-01-11 12:18:12,128][flwr][DEBUG] - evaluate_round 48: strategy sampled 100 clients (out of 100)
[2026-01-11 12:18:12,496][flwr][DEBUG] - evaluate_round 48 received 100 results and 0 failures
[2026-01-11 12:18:12,496][flwr][DEBUG] - fit_round 49: strategy sampled 100 clients (out of 100)
[2026-01-11 12:18:13,721][flwr][DEBUG] - fit_round 49 received 100 results and 0 failures
[2026-01-11 12:18:13,809][flwr][INFO] - fit progress: (49, 44.36179316043854, {'accuracy': 0.614, 'adaptive_mu': 0.0035011193076083815}, 97.9348616250063)
[2026-01-11 12:18:13,809][flwr][DEBUG] - evaluate_round 49: strategy sampled 100 clients (out of 100)
[2026-01-11 12:18:14,219][flwr][DEBUG] - evaluate_round 49 received 100 results and 0 failures
[2026-01-11 12:18:14,219][flwr][DEBUG] - fit_round 50: strategy sampled 100 clients (out of 100)
[2026-01-11 12:18:15,410][flwr][DEBUG] - fit_round 50 received 100 results and 0 failures
[2026-01-11 12:18:15,497][flwr][INFO] - fit progress: (50, 44.41462755203247, {'accuracy': 0.606, 'adaptive_mu': 0.0034989604573236804}, 99.62313891699887)
[2026-01-11 12:18:15,497][flwr][DEBUG] - evaluate_round 50: strategy sampled 100 clients (out of 100)
[2026-01-11 12:18:15,938][flwr][DEBUG] - evaluate_round 50 received 100 results and 0 failures
[2026-01-11 12:18:15,939][flwr][INFO] - FL finished in 100.06496570901072
[2026-01-11 12:18:15,939][flwr][INFO] - app_fit: losses_distributed [(1, 1.0141532335332908), (2, 0.9294482702823765), (3, 0.8488683636650969), (4, 0.7999378440390946), (5, 0.7748273892139548), (6, 0.7578479862592868), (7, 0.74653398749907), (8, 0.7376278819891373), (9, 0.731350780448816), (10, 0.7250441822718163), (11, 0.7240773445510214), (12, 0.7182650674596446), (13, 0.7170932611982435), (14, 0.7136743347731602), (15, 0.7100505396062604), (16, 0.7100136457381937), (17, 0.7126591978287399), (18, 0.7126142934591968), (19, 0.7060385459315655), (20, 0.7089288574436826), (21, 0.7095116097840297), (22, 0.7105394145802291), (23, 0.7078342509452801), (24, 0.7120020993910009), (25, 0.7109778429189775), (26, 0.7115903361970655), (27, 0.7074189133374221), (28, 0.7088640135913172), (29, 0.7136407102435929), (30, 0.7107677304771844), (31, 0.7134823328365102), (32, 0.7167438867250807), (33, 0.7128206053081226), (34, 0.714316600554361), (35, 0.7164342289322201), (36, 0.7176956874281337), (37, 0.7133262447834828), (38, 0.7228654696096468), (39, 0.7170595839297541), (40, 0.7190952030804105), (41, 0.715722411599718), (42, 0.720030998359768), (43, 0.7216817298406084), (44, 0.7123463105016195), (45, 0.7250995322197371), (46, 0.7173533522872524), (47, 0.7237241478028693), (48, 0.7192371449644113), (49, 0.7163401936542187), (50, 0.7167723884761537)]
[2026-01-11 12:18:15,940][flwr][INFO] - app_fit: metrics_distributed_fit {'adaptive_mu': [(1, 0.001), (2, 0.001), (3, 0.001), (4, 0.0018926760487847647), (5, 0.0025387010102295732), (6, 0.002975805926171977), (7, 0.0032488993435305404), (8, 0.0034039146681674624), (9, 0.0034906864589013334), (10, 0.0035399185053642144), (11, 0.003567454997918746), (12, 0.00358073742695138), (13, 0.0035858180035848093), (14, 0.003586221785073913), (15, 0.003583126734608745), (16, 0.0035804333103510036), (17, 0.003575610753496201), (18, 0.0035697005230986636), (19, 0.0035628417406988835), (20, 0.0035579189469882), (21, 0.0035537497349574553), (22, 0.0035497771879565466), (23, 0.0035450728702608536), (24, 0.0035392225461175356), (25, 0.003534937950596461), (26, 0.0035311697275518597), (27, 0.0035272139925121735), (28, 0.003525329175654272), (29, 0.0035223858129640904), (30, 0.003520393205657146), (31, 0.003518259084804924), (32, 0.003516934332559463), (33, 0.0035160336801146747), (34, 0.0035130756497269563), (35, 0.0035107001272192636), (36, 0.0035080137339675342), (37, 0.0035057735990198036), (38, 0.003504371805640178), (39, 0.003504602013374666), (40, 0.0035034935666345707), (41, 0.003503409572676889), (42, 0.0035026220307913586), (43, 0.0035008763409826197), (44, 0.003499568244083394), (45, 0.003499815912925119), (46, 0.0035006920142876957), (47, 0.003500452600878233), (48, 0.0035012358382267425), (49, 0.0035011193076083815), (50, 0.0034989604573236804)], 'gradient_divergence': [(1, 3.833066810257733), (2, 3.715917503647506), (3, 3.3191906681656835), (4, 2.992712823227048), (5, 2.778667238280177), (6, 2.6426649969816207), (7, 2.529132004864514), (8, 2.4429482832551), (9, 2.380524949170649), (10, 2.313681873679161), (11, 2.2708061415702105), (12, 2.2311779878661038), (13, 2.1883815927430987), (14, 2.165820723809302), (15, 2.1198380476608873), (16, 2.09749398175627), (17, 2.0735533015057444), (18, 2.048841050826013), (19, 2.0305848778784275), (20, 2.0031964055076243), (21, 1.988160690292716), (22, 1.9705162496678532), (23, 1.9509518772736192), (24, 1.9297360199317337), (25, 1.9275805165991187), (26, 1.9168005382269622), (27, 1.897376583851874), (28, 1.898337588403374), (29, 1.8785658921301365), (30, 1.872076571919024), (31, 1.8625189833715559), (32, 1.8592227613180876), (33, 1.8570400451309979), (34, 1.842573194038123), (35, 1.8383447234891355), (36, 1.8323920447938145), (37, 1.824652908332646), (38, 1.8239211288094521), (39, 1.8140348400175572), (40, 1.8032053163461388), (41, 1.810822606999427), (42, 1.800043570548296), (43, 1.7989746067300438), (44, 1.8042458807118238), (45, 1.795725579801947), (46, 1.7864275075867773), (47, 1.7797415110096335), (48, 1.7832536520063877), (49, 1.7768397493101658), (50, 1.7731390148960053)], 'avg_label_entropy': [(1, 0.681152227753193), (2, 0.6811522277531927), (3, 0.6811522277531928), (4, 0.681152227753193), (5, 0.6811522277531928), (6, 0.6811522277531927), (7, 0.6811522277531928), (8, 0.6811522277531928), (9, 0.6811522277531928), (10, 0.6811522277531928), (11, 0.6811522277531928), (12, 0.6811522277531928), (13, 0.6811522277531928), (14, 0.6811522277531928), (15, 0.6811522277531927), (16, 0.681152227753193), (17, 0.6811522277531927), (18, 0.681152227753193), (19, 0.681152227753193), (20, 0.6811522277531928), (21, 0.681152227753193), (22, 0.6811522277531928), (23, 0.6811522277531927), (24, 0.6811522277531928), (25, 0.6811522277531927), (26, 0.681152227753193), (27, 0.6811522277531925), (28, 0.6811522277531928), (29, 0.6811522277531928), (30, 0.6811522277531927), (31, 0.681152227753193), (32, 0.6811522277531928), (33, 0.681152227753193), (34, 0.6811522277531928), (35, 0.6811522277531928), (36, 0.6811522277531928), (37, 0.6811522277531928), (38, 0.681152227753193), (39, 0.6811522277531928), (40, 0.6811522277531928), (41, 0.6811522277531928), (42, 0.6811522277531927), (43, 0.681152227753193), (44, 0.6811522277531928), (45, 0.6811522277531928), (46, 0.6811522277531928), (47, 0.6811522277531927), (48, 0.6811522277531928), (49, 0.6811522277531928), (50, 0.6811522277531928)], 'avg_feature_variance': [(1, 0.9265728867053986), (2, 0.9265728914737701), (3, 0.9265729078650474), (4, 0.9265728983283043), (5, 0.9265728938579559), (6, 0.9265728935599327), (7, 0.9265728944540024), (8, 0.9265729036927223), (9, 0.9265729138255119), (10, 0.926572899222374), (11, 0.9265728881955146), (12, 0.9265729054808617), (13, 0.926572896540165), (14, 0.9265728911757469), (15, 0.926572907269001), (16, 0.9265728950500488), (17, 0.9265729027986527), (18, 0.9265729027986527), (19, 0.9265729016065598), (20, 0.9265728974342347), (21, 0.9265729025006294), (22, 0.9265728914737701), (23, 0.9265728867053986), (24, 0.9265728887915611), (25, 0.9265729078650474), (26, 0.9265729004144668), (27, 0.9265728989243507), (28, 0.9265729054808617), (29, 0.9265728938579559), (30, 0.9265728986263275), (31, 0.9265728890895844), (32, 0.9265728923678398), (33, 0.9265728855133056), (34, 0.9265729048848153), (35, 0.9265729027986527), (36, 0.9265728878974915), (37, 0.9265728908777237), (38, 0.9265728950500488), (39, 0.9265728941559792), (40, 0.9265729010105133), (41, 0.9265728884935379), (42, 0.9265729025006294), (43, 0.9265728923678398), (44, 0.9265728977322578), (45, 0.9265728968381882), (46, 0.9265728938579559), (47, 0.9265728962421417), (48, 0.9265729075670243), (49, 0.926572896540165), (50, 0.9265728887915611)]}
[2026-01-11 12:18:15,940][flwr][INFO] - app_fit: metrics_distributed {}
[2026-01-11 12:18:15,940][flwr][INFO] - app_fit: losses_centralized [(0, 67.88411092758179), (1, 63.36492341756821), (2, 57.91875857114792), (3, 52.73998552560806), (4, 49.632051944732666), (5, 48.05877920985222), (6, 47.01783585548401), (7, 46.31175026297569), (8, 45.77298188209534), (9, 45.3886496424675), (10, 45.00130432844162), (11, 44.93233734369278), (12, 44.59438118338585), (13, 44.51790118217468), (14, 44.31319046020508), (15, 44.09345653653145), (16, 44.088144928216934), (17, 44.23811021447182), (18, 44.23261472582817), (19, 43.827218323946), (20, 43.974999368190765), (21, 44.002923637628555), (22, 44.060100466012955), (23, 43.88088122010231), (24, 44.126612454652786), (25, 44.048420786857605), (26, 44.08951762318611), (27, 43.82780483365059), (28, 43.92063149809837), (29, 44.21669805049896), (30, 44.043245792388916), (31, 44.20137941837311), (32, 44.39322781562805), (33, 44.173755049705505), (34, 44.251546025276184), (35, 44.3815820813179), (36, 44.45524597167969), (37, 44.178476333618164), (38, 44.75126975774765), (39, 44.39927899837494), (40, 44.53635001182556), (41, 44.32495075464249), (42, 44.57989150285721), (43, 44.672991335392), (44, 44.10061651468277), (45, 44.874627232551575), (46, 44.419871747493744), (47, 44.82855308055878), (48, 44.5408616065979), (49, 44.36179316043854), (50, 44.41462755203247)]
[2026-01-11 12:18:15,941][flwr][INFO] - app_fit: metrics_centralized {'accuracy': [(0, 0.3585), (1, 0.5105), (2, 0.5655), (3, 0.592), (4, 0.5955), (5, 0.6015), (6, 0.605), (7, 0.606), (8, 0.6045), (9, 0.604), (10, 0.603), (11, 0.6035), (12, 0.6035), (13, 0.6045), (14, 0.603), (15, 0.6075), (16, 0.6075), (17, 0.6075), (18, 0.6065), (19, 0.61), (20, 0.609), (21, 0.606), (22, 0.606), (23, 0.6095), (24, 0.6105), (25, 0.6105), (26, 0.6105), (27, 0.613), (28, 0.6115), (29, 0.6105), (30, 0.613), (31, 0.612), (32, 0.6165), (33, 0.6115), (34, 0.614), (35, 0.612), (36, 0.613), (37, 0.616), (38, 0.6125), (39, 0.6145), (40, 0.611), (41, 0.614), (42, 0.6125), (43, 0.611), (44, 0.615), (45, 0.6105), (46, 0.6115), (47, 0.6085), (48, 0.6125), (49, 0.614), (50, 0.606)], 'adaptive_mu': [(0, 0.001), (1, 0.001), (2, 0.001), (3, 0.001), (4, 0.0018926760487847647), (5, 0.0025387010102295732), (6, 0.002975805926171977), (7, 0.0032488993435305404), (8, 0.0034039146681674624), (9, 0.0034906864589013334), (10, 0.0035399185053642144), (11, 0.003567454997918746), (12, 0.00358073742695138), (13, 0.0035858180035848093), (14, 0.003586221785073913), (15, 0.003583126734608745), (16, 0.0035804333103510036), (17, 0.003575610753496201), (18, 0.0035697005230986636), (19, 0.0035628417406988835), (20, 0.0035579189469882), (21, 0.0035537497349574553), (22, 0.0035497771879565466), (23, 0.0035450728702608536), (24, 0.0035392225461175356), (25, 0.003534937950596461), (26, 0.0035311697275518597), (27, 0.0035272139925121735), (28, 0.003525329175654272), (29, 0.0035223858129640904), (30, 0.003520393205657146), (31, 0.003518259084804924), (32, 0.003516934332559463), (33, 0.0035160336801146747), (34, 0.0035130756497269563), (35, 0.0035107001272192636), (36, 0.0035080137339675342), (37, 0.0035057735990198036), (38, 0.003504371805640178), (39, 0.003504602013374666), (40, 0.0035034935666345707), (41, 0.003503409572676889), (42, 0.0035026220307913586), (43, 0.0035008763409826197), (44, 0.003499568244083394), (45, 0.003499815912925119), (46, 0.0035006920142876957), (47, 0.003500452600878233), (48, 0.0035012358382267425), (49, 0.0035011193076083815), (50, 0.0034989604573236804)]}
[2026-01-11 12:18:15,991][flwr][INFO] - Starting Flower simulation, config: ServerConfig(num_rounds=50, round_timeout=None)
[2026-01-11 12:18:23,483][flwr][INFO] - Flower VCE: Ray initialized with resources: {'node:127.0.0.1': 1.0, 'object_store_memory': 2147483648.0, 'CPU': 10.0, 'memory': 12299801805.0}
[2026-01-11 12:18:23,484][flwr][INFO] - Initializing global parameters
[2026-01-11 12:18:23,485][flwr][INFO] - Using initial parameters provided by strategy
[2026-01-11 12:18:23,485][flwr][INFO] - Evaluating initial parameters
[2026-01-11 12:18:23,508][flwr][INFO] - initial parameters (loss, other metrics): 71.80140054225922, {'accuracy': 0.238}
[2026-01-11 12:18:23,509][flwr][INFO] - FL starting
[2026-01-11 12:18:23,510][flwr][DEBUG] - fit_round 1: strategy sampled 10 clients (out of 100)
[2026-01-11 12:18:28,513][flwr][DEBUG] - fit_round 1 received 10 results and 0 failures
[2026-01-11 12:18:28,539][flwr][INFO] - fit progress: (1, 64.52827906608582, {'accuracy': 0.507}, 5.0303035830002045)
[2026-01-11 12:18:28,539][flwr][INFO] - evaluate_round 1: no clients selected, cancel
[2026-01-11 12:18:28,540][flwr][DEBUG] - fit_round 2: strategy sampled 10 clients (out of 100)
[2026-01-11 12:18:28,740][flwr][DEBUG] - fit_round 2 received 10 results and 0 failures
[2026-01-11 12:18:28,766][flwr][INFO] - fit progress: (2, 108.52048933506012, {'accuracy': 0.245}, 5.257601790988701)
[2026-01-11 12:18:28,766][flwr][INFO] - evaluate_round 2: no clients selected, cancel
[2026-01-11 12:18:28,767][flwr][DEBUG] - fit_round 3: strategy sampled 10 clients (out of 100)
[2026-01-11 12:18:28,974][flwr][DEBUG] - fit_round 3 received 10 results and 0 failures
[2026-01-11 12:18:28,999][flwr][INFO] - fit progress: (3, 66.42640554904938, {'accuracy': 0.507}, 5.490405249991454)
[2026-01-11 12:18:28,999][flwr][INFO] - evaluate_round 3: no clients selected, cancel
[2026-01-11 12:18:29,000][flwr][DEBUG] - fit_round 4: strategy sampled 10 clients (out of 100)
[2026-01-11 12:18:29,206][flwr][DEBUG] - fit_round 4 received 10 results and 0 failures
[2026-01-11 12:18:29,237][flwr][INFO] - fit progress: (4, 121.43724727630615, {'accuracy': 0.245}, 5.728684000001522)
[2026-01-11 12:18:29,238][flwr][INFO] - evaluate_round 4: no clients selected, cancel
[2026-01-11 12:18:29,238][flwr][DEBUG] - fit_round 5: strategy sampled 10 clients (out of 100)
[2026-01-11 12:18:29,465][flwr][DEBUG] - fit_round 5 received 10 results and 0 failures
[2026-01-11 12:18:29,490][flwr][INFO] - fit progress: (5, 70.8304044008255, {'accuracy': 0.245}, 5.980897957997513)
[2026-01-11 12:18:29,490][flwr][INFO] - evaluate_round 5: no clients selected, cancel
[2026-01-11 12:18:29,490][flwr][DEBUG] - fit_round 6: strategy sampled 10 clients (out of 100)
[2026-01-11 12:18:29,715][flwr][DEBUG] - fit_round 6 received 10 results and 0 failures
[2026-01-11 12:18:29,740][flwr][INFO] - fit progress: (6, 77.90902864933014, {'accuracy': 0.245}, 6.230877582987887)
[2026-01-11 12:18:29,740][flwr][INFO] - evaluate_round 6: no clients selected, cancel
[2026-01-11 12:18:29,740][flwr][DEBUG] - fit_round 7: strategy sampled 10 clients (out of 100)
[2026-01-11 12:18:29,973][flwr][DEBUG] - fit_round 7 received 10 results and 0 failures
[2026-01-11 12:18:29,998][flwr][INFO] - fit progress: (7, 86.83135914802551, {'accuracy': 0.507}, 6.489386207991629)
[2026-01-11 12:18:29,998][flwr][INFO] - evaluate_round 7: no clients selected, cancel
[2026-01-11 12:18:29,999][flwr][DEBUG] - fit_round 8: strategy sampled 10 clients (out of 100)
[2026-01-11 12:18:30,225][flwr][DEBUG] - fit_round 8 received 10 results and 0 failures
[2026-01-11 12:18:30,250][flwr][INFO] - fit progress: (8, 65.95399338006973, {'accuracy': 0.507}, 6.741286040996783)
[2026-01-11 12:18:30,250][flwr][INFO] - evaluate_round 8: no clients selected, cancel
[2026-01-11 12:18:30,251][flwr][DEBUG] - fit_round 9: strategy sampled 10 clients (out of 100)
[2026-01-11 12:18:30,482][flwr][DEBUG] - fit_round 9 received 10 results and 0 failures
[2026-01-11 12:18:30,505][flwr][INFO] - fit progress: (9, 193.49481749534607, {'accuracy': 0.507}, 6.99602020799648)
[2026-01-11 12:18:30,505][flwr][INFO] - evaluate_round 9: no clients selected, cancel
[2026-01-11 12:18:30,505][flwr][DEBUG] - fit_round 10: strategy sampled 10 clients (out of 100)
[2026-01-11 12:18:30,773][flwr][DEBUG] - fit_round 10 received 10 results and 0 failures
[2026-01-11 12:18:30,803][flwr][INFO] - fit progress: (10, 67.04981261491776, {'accuracy': 0.507}, 7.2940803749952465)
[2026-01-11 12:18:30,803][flwr][INFO] - evaluate_round 10: no clients selected, cancel
[2026-01-11 12:18:30,803][flwr][DEBUG] - fit_round 11: strategy sampled 10 clients (out of 100)
[2026-01-11 12:18:31,051][flwr][DEBUG] - fit_round 11 received 10 results and 0 failures
[2026-01-11 12:18:31,077][flwr][INFO] - fit progress: (11, 871.2577476501465, {'accuracy': 0.507}, 7.567773124988889)
[2026-01-11 12:18:31,077][flwr][INFO] - evaluate_round 11: no clients selected, cancel
[2026-01-11 12:18:31,077][flwr][DEBUG] - fit_round 12: strategy sampled 10 clients (out of 100)
[2026-01-11 12:18:31,360][flwr][DEBUG] - fit_round 12 received 10 results and 0 failures
[2026-01-11 12:18:31,387][flwr][INFO] - fit progress: (12, 71.12788164615631, {'accuracy': 0.3685}, 7.878354707994731)
[2026-01-11 12:18:31,387][flwr][INFO] - evaluate_round 12: no clients selected, cancel
[2026-01-11 12:18:31,388][flwr][DEBUG] - fit_round 13: strategy sampled 10 clients (out of 100)
[2026-01-11 12:18:31,733][flwr][DEBUG] - fit_round 13 received 10 results and 0 failures
[2026-01-11 12:18:31,757][flwr][INFO] - fit progress: (13, 535.5564894676208, {'accuracy': 0.507}, 8.248699332994875)
[2026-01-11 12:18:31,758][flwr][INFO] - evaluate_round 13: no clients selected, cancel
[2026-01-11 12:18:31,758][flwr][DEBUG] - fit_round 14: strategy sampled 10 clients (out of 100)
[2026-01-11 12:18:32,030][flwr][DEBUG] - fit_round 14 received 10 results and 0 failures
[2026-01-11 12:18:32,059][flwr][INFO] - fit progress: (14, 248.87718963623047, {'accuracy': 0.296}, 8.55058170799748)
[2026-01-11 12:18:32,060][flwr][INFO] - evaluate_round 14: no clients selected, cancel
[2026-01-11 12:18:32,060][flwr][DEBUG] - fit_round 15: strategy sampled 10 clients (out of 100)
[2026-01-11 12:18:32,313][flwr][DEBUG] - fit_round 15 received 10 results and 0 failures
[2026-01-11 12:18:32,337][flwr][INFO] - fit progress: (15, 193.55315256118774, {'accuracy': 0.361}, 8.828626624992467)
[2026-01-11 12:18:32,338][flwr][INFO] - evaluate_round 15: no clients selected, cancel
[2026-01-11 12:18:32,338][flwr][DEBUG] - fit_round 16: strategy sampled 10 clients (out of 100)
[2026-01-11 12:18:32,621][flwr][DEBUG] - fit_round 16 received 10 results and 0 failures
[2026-01-11 12:18:32,646][flwr][INFO] - fit progress: (16, 929.0307750701904, {'accuracy': 0.507}, 9.1368727079971)
[2026-01-11 12:18:32,646][flwr][INFO] - evaluate_round 16: no clients selected, cancel
[2026-01-11 12:18:32,646][flwr][DEBUG] - fit_round 17: strategy sampled 10 clients (out of 100)
[2026-01-11 12:18:32,973][flwr][DEBUG] - fit_round 17 received 10 results and 0 failures
[2026-01-11 12:18:32,998][flwr][INFO] - fit progress: (17, 580.4196484088898, {'accuracy': 0.572}, 9.489445125000202)
[2026-01-11 12:18:32,998][flwr][INFO] - evaluate_round 17: no clients selected, cancel
[2026-01-11 12:18:32,999][flwr][DEBUG] - fit_round 18: strategy sampled 10 clients (out of 100)
[2026-01-11 12:18:33,260][flwr][DEBUG] - fit_round 18 received 10 results and 0 failures
[2026-01-11 12:18:33,284][flwr][INFO] - fit progress: (18, 849.9264211654663, {'accuracy': 0.354}, 9.775676457997179)
[2026-01-11 12:18:33,285][flwr][INFO] - evaluate_round 18: no clients selected, cancel
[2026-01-11 12:18:33,285][flwr][DEBUG] - fit_round 19: strategy sampled 10 clients (out of 100)
[2026-01-11 12:18:33,545][flwr][DEBUG] - fit_round 19 received 10 results and 0 failures
[2026-01-11 12:18:33,569][flwr][INFO] - fit progress: (19, 198.89333355426788, {'accuracy': 0.4785}, 10.060530499991728)
[2026-01-11 12:18:33,569][flwr][INFO] - evaluate_round 19: no clients selected, cancel
[2026-01-11 12:18:33,570][flwr][DEBUG] - fit_round 20: strategy sampled 10 clients (out of 100)
[2026-01-11 12:18:33,824][flwr][DEBUG] - fit_round 20 received 10 results and 0 failures
[2026-01-11 12:18:33,850][flwr][INFO] - fit progress: (20, 180.9752916097641, {'accuracy': 0.587}, 10.341446291000466)
[2026-01-11 12:18:33,850][flwr][INFO] - evaluate_round 20: no clients selected, cancel
[2026-01-11 12:18:33,851][flwr][DEBUG] - fit_round 21: strategy sampled 10 clients (out of 100)
[2026-01-11 12:18:34,126][flwr][DEBUG] - fit_round 21 received 10 results and 0 failures
[2026-01-11 12:18:34,151][flwr][INFO] - fit progress: (21, 591.785572052002, {'accuracy': 0.3695}, 10.64261870799237)
[2026-01-11 12:18:34,152][flwr][INFO] - evaluate_round 21: no clients selected, cancel
[2026-01-11 12:18:34,152][flwr][DEBUG] - fit_round 22: strategy sampled 10 clients (out of 100)
[2026-01-11 12:18:34,403][flwr][DEBUG] - fit_round 22 received 10 results and 0 failures
[2026-01-11 12:18:34,427][flwr][INFO] - fit progress: (22, 111.67287909984589, {'accuracy': 0.4555}, 10.91850670799613)
[2026-01-11 12:18:34,427][flwr][INFO] - evaluate_round 22: no clients selected, cancel
[2026-01-11 12:18:34,428][flwr][DEBUG] - fit_round 23: strategy sampled 10 clients (out of 100)
[2026-01-11 12:18:34,710][flwr][DEBUG] - fit_round 23 received 10 results and 0 failures
[2026-01-11 12:18:34,734][flwr][INFO] - fit progress: (23, 180.38567662239075, {'accuracy': 0.5675}, 11.225454582992825)
[2026-01-11 12:18:34,734][flwr][INFO] - evaluate_round 23: no clients selected, cancel
[2026-01-11 12:18:34,735][flwr][DEBUG] - fit_round 24: strategy sampled 10 clients (out of 100)
[2026-01-11 12:18:34,990][flwr][DEBUG] - fit_round 24 received 10 results and 0 failures
[2026-01-11 12:18:35,017][flwr][INFO] - fit progress: (24, 524.2991960048676, {'accuracy': 0.5755}, 11.508047333001741)
[2026-01-11 12:18:35,017][flwr][INFO] - evaluate_round 24: no clients selected, cancel
[2026-01-11 12:18:35,017][flwr][DEBUG] - fit_round 25: strategy sampled 10 clients (out of 100)
[2026-01-11 12:18:35,282][flwr][DEBUG] - fit_round 25 received 10 results and 0 failures
[2026-01-11 12:18:35,308][flwr][INFO] - fit progress: (25, 1117.6928930282593, {'accuracy': 0.545}, 11.799111499989522)
[2026-01-11 12:18:35,308][flwr][INFO] - evaluate_round 25: no clients selected, cancel
[2026-01-11 12:18:35,308][flwr][DEBUG] - fit_round 26: strategy sampled 10 clients (out of 100)
[2026-01-11 12:18:35,560][flwr][DEBUG] - fit_round 26 received 10 results and 0 failures
[2026-01-11 12:18:35,585][flwr][INFO] - fit progress: (26, 540.3623204231262, {'accuracy': 0.5745}, 12.076304374990286)
[2026-01-11 12:18:35,585][flwr][INFO] - evaluate_round 26: no clients selected, cancel
[2026-01-11 12:18:35,586][flwr][DEBUG] - fit_round 27: strategy sampled 10 clients (out of 100)
[2026-01-11 12:18:35,861][flwr][DEBUG] - fit_round 27 received 10 results and 0 failures
[2026-01-11 12:18:35,887][flwr][INFO] - fit progress: (27, 1011.3391146659851, {'accuracy': 0.565}, 12.378116790991044)
[2026-01-11 12:18:35,887][flwr][INFO] - evaluate_round 27: no clients selected, cancel
[2026-01-11 12:18:35,888][flwr][DEBUG] - fit_round 28: strategy sampled 10 clients (out of 100)
[2026-01-11 12:18:36,160][flwr][DEBUG] - fit_round 28 received 10 results and 0 failures
[2026-01-11 12:18:36,185][flwr][INFO] - fit progress: (28, 2232.733232498169, {'accuracy': 0.507}, 12.67611908300023)
[2026-01-11 12:18:36,185][flwr][INFO] - evaluate_round 28: no clients selected, cancel
[2026-01-11 12:18:36,186][flwr][DEBUG] - fit_round 29: strategy sampled 10 clients (out of 100)
[2026-01-11 12:18:36,451][flwr][DEBUG] - fit_round 29 received 10 results and 0 failures
[2026-01-11 12:18:36,476][flwr][INFO] - fit progress: (29, 543.5996460914612, {'accuracy': 0.5945}, 12.967103082992253)
[2026-01-11 12:18:36,476][flwr][INFO] - evaluate_round 29: no clients selected, cancel
[2026-01-11 12:18:36,476][flwr][DEBUG] - fit_round 30: strategy sampled 10 clients (out of 100)
[2026-01-11 12:18:36,748][flwr][DEBUG] - fit_round 30 received 10 results and 0 failures
[2026-01-11 12:18:36,774][flwr][INFO] - fit progress: (30, 598.6973667144775, {'accuracy': 0.4675}, 13.26511495799059)
[2026-01-11 12:18:36,774][flwr][INFO] - evaluate_round 30: no clients selected, cancel
[2026-01-11 12:18:36,774][flwr][DEBUG] - fit_round 31: strategy sampled 10 clients (out of 100)
[2026-01-11 12:18:37,070][flwr][DEBUG] - fit_round 31 received 10 results and 0 failures
[2026-01-11 12:18:37,096][flwr][INFO] - fit progress: (31, 1468.6601400375366, {'accuracy': 0.588}, 13.58723416599969)
[2026-01-11 12:18:37,096][flwr][INFO] - evaluate_round 31: no clients selected, cancel
[2026-01-11 12:18:37,097][flwr][DEBUG] - fit_round 32: strategy sampled 10 clients (out of 100)
[2026-01-11 12:18:37,356][flwr][DEBUG] - fit_round 32 received 10 results and 0 failures
[2026-01-11 12:18:37,381][flwr][INFO] - fit progress: (32, 1027.9874935150146, {'accuracy': 0.442}, 13.872464290994685)
[2026-01-11 12:18:37,381][flwr][INFO] - evaluate_round 32: no clients selected, cancel
[2026-01-11 12:18:37,382][flwr][DEBUG] - fit_round 33: strategy sampled 10 clients (out of 100)
[2026-01-11 12:18:37,650][flwr][DEBUG] - fit_round 33 received 10 results and 0 failures
[2026-01-11 12:18:37,675][flwr][INFO] - fit progress: (33, 412.7215313911438, {'accuracy': 0.477}, 14.166488374990877)
[2026-01-11 12:18:37,675][flwr][INFO] - evaluate_round 33: no clients selected, cancel
[2026-01-11 12:18:37,676][flwr][DEBUG] - fit_round 34: strategy sampled 10 clients (out of 100)
[2026-01-11 12:18:37,959][flwr][DEBUG] - fit_round 34 received 10 results and 0 failures
[2026-01-11 12:18:37,984][flwr][INFO] - fit progress: (34, 356.91255128383636, {'accuracy': 0.572}, 14.475373749999562)
[2026-01-11 12:18:37,984][flwr][INFO] - evaluate_round 34: no clients selected, cancel
[2026-01-11 12:18:37,985][flwr][DEBUG] - fit_round 35: strategy sampled 10 clients (out of 100)
[2026-01-11 12:18:38,248][flwr][DEBUG] - fit_round 35 received 10 results and 0 failures
[2026-01-11 12:18:38,273][flwr][INFO] - fit progress: (35, 432.74457931518555, {'accuracy': 0.4845}, 14.764225957987946)
[2026-01-11 12:18:38,273][flwr][INFO] - evaluate_round 35: no clients selected, cancel
[2026-01-11 12:18:38,274][flwr][DEBUG] - fit_round 36: strategy sampled 10 clients (out of 100)
[2026-01-11 12:18:38,549][flwr][DEBUG] - fit_round 36 received 10 results and 0 failures
[2026-01-11 12:18:38,584][flwr][INFO] - fit progress: (36, 254.870623588562, {'accuracy': 0.603}, 15.07510479100165)
[2026-01-11 12:18:38,584][flwr][INFO] - evaluate_round 36: no clients selected, cancel
[2026-01-11 12:18:38,584][flwr][DEBUG] - fit_round 37: strategy sampled 10 clients (out of 100)
[2026-01-11 12:18:38,866][flwr][DEBUG] - fit_round 37 received 10 results and 0 failures
[2026-01-11 12:18:38,891][flwr][INFO] - fit progress: (37, 408.70359539985657, {'accuracy': 0.6005}, 15.382161457993789)
[2026-01-11 12:18:38,891][flwr][INFO] - evaluate_round 37: no clients selected, cancel
[2026-01-11 12:18:38,892][flwr][DEBUG] - fit_round 38: strategy sampled 10 clients (out of 100)
[2026-01-11 12:18:39,167][flwr][DEBUG] - fit_round 38 received 10 results and 0 failures
[2026-01-11 12:18:39,194][flwr][INFO] - fit progress: (38, 298.41668474674225, {'accuracy': 0.606}, 15.684779957999126)
[2026-01-11 12:18:39,194][flwr][INFO] - evaluate_round 38: no clients selected, cancel
[2026-01-11 12:18:39,194][flwr][DEBUG] - fit_round 39: strategy sampled 10 clients (out of 100)
[2026-01-11 12:18:39,459][flwr][DEBUG] - fit_round 39 received 10 results and 0 failures
[2026-01-11 12:18:39,486][flwr][INFO] - fit progress: (39, 233.31112611293793, {'accuracy': 0.563}, 15.977239125000779)
[2026-01-11 12:18:39,486][flwr][INFO] - evaluate_round 39: no clients selected, cancel
[2026-01-11 12:18:39,487][flwr][DEBUG] - fit_round 40: strategy sampled 10 clients (out of 100)
[2026-01-11 12:18:39,755][flwr][DEBUG] - fit_round 40 received 10 results and 0 failures
[2026-01-11 12:18:39,784][flwr][INFO] - fit progress: (40, 270.27174711227417, {'accuracy': 0.526}, 16.275407041001017)
[2026-01-11 12:18:39,784][flwr][INFO] - evaluate_round 40: no clients selected, cancel
[2026-01-11 12:18:39,785][flwr][DEBUG] - fit_round 41: strategy sampled 10 clients (out of 100)
[2026-01-11 12:18:40,068][flwr][DEBUG] - fit_round 41 received 10 results and 0 failures
[2026-01-11 12:18:40,092][flwr][INFO] - fit progress: (41, 1796.2901649475098, {'accuracy': 0.507}, 16.583365082988166)
[2026-01-11 12:18:40,092][flwr][INFO] - evaluate_round 41: no clients selected, cancel
[2026-01-11 12:18:40,093][flwr][DEBUG] - fit_round 42: strategy sampled 10 clients (out of 100)
[2026-01-11 12:18:40,368][flwr][DEBUG] - fit_round 42 received 10 results and 0 failures
[2026-01-11 12:18:40,395][flwr][INFO] - fit progress: (42, 598.367392539978, {'accuracy': 0.571}, 16.886529333001818)
[2026-01-11 12:18:40,395][flwr][INFO] - evaluate_round 42: no clients selected, cancel
[2026-01-11 12:18:40,396][flwr][DEBUG] - fit_round 43: strategy sampled 10 clients (out of 100)
[2026-01-11 12:18:40,660][flwr][DEBUG] - fit_round 43 received 10 results and 0 failures
[2026-01-11 12:18:40,684][flwr][INFO] - fit progress: (43, 750.263548374176, {'accuracy': 0.4395}, 17.175629416000447)
[2026-01-11 12:18:40,685][flwr][INFO] - evaluate_round 43: no clients selected, cancel
[2026-01-11 12:18:40,685][flwr][DEBUG] - fit_round 44: strategy sampled 10 clients (out of 100)
[2026-01-11 12:18:40,946][flwr][DEBUG] - fit_round 44 received 10 results and 0 failures
[2026-01-11 12:18:40,973][flwr][INFO] - fit progress: (44, 1375.2299556732178, {'accuracy': 0.507}, 17.46443549999094)
[2026-01-11 12:18:40,973][flwr][INFO] - evaluate_round 44: no clients selected, cancel
[2026-01-11 12:18:40,974][flwr][DEBUG] - fit_round 45: strategy sampled 10 clients (out of 100)
[2026-01-11 12:18:41,618][flwr][DEBUG] - fit_round 45 received 10 results and 0 failures
[2026-01-11 12:18:41,646][flwr][INFO] - fit progress: (45, 3434.0453662872314, {'accuracy': 0.507}, 18.136966165999183)
[2026-01-11 12:18:41,646][flwr][INFO] - evaluate_round 45: no clients selected, cancel
[2026-01-11 12:18:41,646][flwr][DEBUG] - fit_round 46: strategy sampled 10 clients (out of 100)
[2026-01-11 12:18:41,937][flwr][DEBUG] - fit_round 46 received 10 results and 0 failures
[2026-01-11 12:18:41,964][flwr][INFO] - fit progress: (46, 3311.1065158843994, {'accuracy': 0.507}, 18.455578082997818)
[2026-01-11 12:18:41,965][flwr][INFO] - evaluate_round 46: no clients selected, cancel
[2026-01-11 12:18:41,965][flwr][DEBUG] - fit_round 47: strategy sampled 10 clients (out of 100)
[2026-01-11 12:18:42,246][flwr][DEBUG] - fit_round 47 received 10 results and 0 failures
[2026-01-11 12:18:42,271][flwr][INFO] - fit progress: (47, 4555.405666351318, {'accuracy': 0.507}, 18.76210304099368)
[2026-01-11 12:18:42,271][flwr][INFO] - evaluate_round 47: no clients selected, cancel
[2026-01-11 12:18:42,272][flwr][DEBUG] - fit_round 48: strategy sampled 10 clients (out of 100)
[2026-01-11 12:18:42,548][flwr][DEBUG] - fit_round 48 received 10 results and 0 failures
[2026-01-11 12:18:42,573][flwr][INFO] - fit progress: (48, 5789.652893066406, {'accuracy': 0.507}, 19.064595290998113)
[2026-01-11 12:18:42,574][flwr][INFO] - evaluate_round 48: no clients selected, cancel
[2026-01-11 12:18:42,574][flwr][DEBUG] - fit_round 49: strategy sampled 10 clients (out of 100)
[2026-01-11 12:18:42,859][flwr][DEBUG] - fit_round 49 received 10 results and 0 failures
[2026-01-11 12:18:42,885][flwr][INFO] - fit progress: (49, 5027.527450561523, {'accuracy': 0.507}, 19.376330125000095)
[2026-01-11 12:18:42,885][flwr][INFO] - evaluate_round 49: no clients selected, cancel
[2026-01-11 12:18:42,886][flwr][DEBUG] - fit_round 50: strategy sampled 10 clients (out of 100)
[2026-01-11 12:18:43,177][flwr][DEBUG] - fit_round 50 received 10 results and 0 failures
[2026-01-11 12:18:43,204][flwr][INFO] - fit progress: (50, 2664.0999689102173, {'accuracy': 0.5195}, 19.695049124988145)
[2026-01-11 12:18:43,204][flwr][INFO] - evaluate_round 50: no clients selected, cancel
[2026-01-11 12:18:43,204][flwr][INFO] - FL finished in 19.69529912500002
[2026-01-11 12:18:43,204][flwr][INFO] - app_fit: losses_distributed []
[2026-01-11 12:18:43,205][flwr][INFO] - app_fit: metrics_distributed_fit {'c_global_norm': [(1, 7.152041259569273), (2, 48.71971797899073), (3, 38.931641114922485), (4, 51.01486389620567), (5, 39.99977497991212), (6, 11.244484879427189), (7, 27.317431460790566), (8, 18.90719806406354), (9, 21.535249961401416), (10, 12.846323794948892), (11, 36.32510501245178), (12, 32.10877854287486), (13, 38.34875092542498), (14, 20.825318143779757), (15, 3.038427498628453), (16, 26.991368848031712), (17, 11.042460772311019), (18, 11.870173386284229), (19, 21.538446771110983), (20, 2.7067236429685653), (21, 10.640080901587682), (22, 22.57178578861526), (23, 9.140761441247635), (24, 16.7724737664275), (25, 13.044796486857496), (26, 24.275370432171382), (27, 20.880555036227143), (28, 8.033500140946023), (29, 18.705173313344385), (30, 14.758008948533675), (31, 8.213675270292125), (32, 13.181777281906989), (33, 11.621531307413806), (34, 2.402486955049569), (35, 7.2442947910223605), (36, 9.585089175765138), (37, 6.640037461262761), (38, 9.734191182514996), (39, 12.97165665168213), (40, 11.651080353010009), (41, 41.40505461496769), (42, 11.976510044687242), (43, 6.346995702560266), (44, 6.750803147986696), (45, 22.678958335768556), (46, 7.524863867463002), (47, 6.893432754452021), (48, 11.510297254515462), (49, 4.9510332076839605), (50, 8.959240074991223)], 'num_clients': [(1, 10), (2, 10), (3, 10), (4, 10), (5, 10), (6, 10), (7, 10), (8, 10), (9, 10), (10, 10), (11, 10), (12, 10), (13, 10), (14, 10), (15, 10), (16, 10), (17, 10), (18, 10), (19, 10), (20, 10), (21, 10), (22, 10), (23, 10), (24, 10), (25, 10), (26, 10), (27, 10), (28, 10), (29, 10), (30, 10), (31, 10), (32, 10), (33, 10), (34, 10), (35, 10), (36, 10), (37, 10), (38, 10), (39, 10), (40, 10), (41, 10), (42, 10), (43, 10), (44, 10), (45, 10), (46, 10), (47, 10), (48, 10), (49, 10), (50, 10)]}
[2026-01-11 12:18:43,206][flwr][INFO] - app_fit: metrics_distributed {}
[2026-01-11 12:18:43,206][flwr][INFO] - app_fit: losses_centralized [(0, 71.80140054225922), (1, 64.52827906608582), (2, 108.52048933506012), (3, 66.42640554904938), (4, 121.43724727630615), (5, 70.8304044008255), (6, 77.90902864933014), (7, 86.83135914802551), (8, 65.95399338006973), (9, 193.49481749534607), (10, 67.04981261491776), (11, 871.2577476501465), (12, 71.12788164615631), (13, 535.5564894676208), (14, 248.87718963623047), (15, 193.55315256118774), (16, 929.0307750701904), (17, 580.4196484088898), (18, 849.9264211654663), (19, 198.89333355426788), (20, 180.9752916097641), (21, 591.785572052002), (22, 111.67287909984589), (23, 180.38567662239075), (24, 524.2991960048676), (25, 1117.6928930282593), (26, 540.3623204231262), (27, 1011.3391146659851), (28, 2232.733232498169), (29, 543.5996460914612), (30, 598.6973667144775), (31, 1468.6601400375366), (32, 1027.9874935150146), (33, 412.7215313911438), (34, 356.91255128383636), (35, 432.74457931518555), (36, 254.870623588562), (37, 408.70359539985657), (38, 298.41668474674225), (39, 233.31112611293793), (40, 270.27174711227417), (41, 1796.2901649475098), (42, 598.367392539978), (43, 750.263548374176), (44, 1375.2299556732178), (45, 3434.0453662872314), (46, 3311.1065158843994), (47, 4555.405666351318), (48, 5789.652893066406), (49, 5027.527450561523), (50, 2664.0999689102173)]
[2026-01-11 12:18:43,206][flwr][INFO] - app_fit: metrics_centralized {'accuracy': [(0, 0.238), (1, 0.507), (2, 0.245), (3, 0.507), (4, 0.245), (5, 0.245), (6, 0.245), (7, 0.507), (8, 0.507), (9, 0.507), (10, 0.507), (11, 0.507), (12, 0.3685), (13, 0.507), (14, 0.296), (15, 0.361), (16, 0.507), (17, 0.572), (18, 0.354), (19, 0.4785), (20, 0.587), (21, 0.3695), (22, 0.4555), (23, 0.5675), (24, 0.5755), (25, 0.545), (26, 0.5745), (27, 0.565), (28, 0.507), (29, 0.5945), (30, 0.4675), (31, 0.588), (32, 0.442), (33, 0.477), (34, 0.572), (35, 0.4845), (36, 0.603), (37, 0.6005), (38, 0.606), (39, 0.563), (40, 0.526), (41, 0.507), (42, 0.571), (43, 0.4395), (44, 0.507), (45, 0.507), (46, 0.507), (47, 0.507), (48, 0.507), (49, 0.507), (50, 0.5195)]}
