[2025-12-31 16:34:47,949][flwr][INFO] - Starting Flower simulation, config: ServerConfig(num_rounds=10, round_timeout=None)
[2025-12-31 16:34:52,830][flwr][INFO] - Flower VCE: Ray initialized with resources: {'object_store_memory': 2147483648.0, 'CPU': 10.0, 'memory': 12172901172.0, 'node:127.0.0.1': 1.0}
[2025-12-31 16:34:52,831][flwr][INFO] - Initializing global parameters
[2025-12-31 16:34:52,831][flwr][INFO] - Requesting initial parameters from one random client
[2025-12-31 16:34:56,089][flwr][INFO] - Received initial parameters from one random client
[2025-12-31 16:34:56,089][flwr][INFO] - Evaluating initial parameters
[2025-12-31 16:34:56,127][flwr][INFO] - initial parameters (loss, other metrics): 70.58566999435425, {'accuracy': 0.244}
[2025-12-31 16:34:56,128][flwr][INFO] - FL starting
[2025-12-31 16:34:56,128][flwr][DEBUG] - fit_round 1: strategy sampled 5 clients (out of 10)
[2025-12-31 16:35:00,043][flwr][DEBUG] - fit_round 1 received 5 results and 0 failures
[2025-12-31 16:35:00,050][flwr][WARNING] - No fit_metrics_aggregation_fn provided
[2025-12-31 16:35:00,086][flwr][INFO] - fit progress: (1, 65.95531672239304, {'accuracy': 0.5655}, 3.957998708006926)
[2025-12-31 16:35:00,086][flwr][DEBUG] - evaluate_round 1: strategy sampled 10 clients (out of 10)
[2025-12-31 16:35:00,561][flwr][DEBUG] - evaluate_round 1 received 10 results and 0 failures
[2025-12-31 16:35:00,561][flwr][WARNING] - No evaluate_metrics_aggregation_fn provided
[2025-12-31 16:35:00,562][flwr][DEBUG] - fit_round 2: strategy sampled 5 clients (out of 10)
[2025-12-31 16:35:01,324][flwr][DEBUG] - fit_round 2 received 5 results and 0 failures
[2025-12-31 16:35:01,362][flwr][INFO] - fit progress: (2, 54.06112015247345, {'accuracy': 0.465}, 5.234524999978021)
[2025-12-31 16:35:01,362][flwr][DEBUG] - evaluate_round 2: strategy sampled 10 clients (out of 10)
[2025-12-31 16:35:01,829][flwr][DEBUG] - evaluate_round 2 received 10 results and 0 failures
[2025-12-31 16:35:01,829][flwr][DEBUG] - fit_round 3: strategy sampled 5 clients (out of 10)
[2025-12-31 16:35:02,458][flwr][DEBUG] - fit_round 3 received 5 results and 0 failures
[2025-12-31 16:35:02,493][flwr][INFO] - fit progress: (3, 55.50335091352463, {'accuracy': 0.5755}, 6.3654620830202475)
[2025-12-31 16:35:02,493][flwr][DEBUG] - evaluate_round 3: strategy sampled 10 clients (out of 10)
[2025-12-31 16:35:02,948][flwr][DEBUG] - evaluate_round 3 received 10 results and 0 failures
[2025-12-31 16:35:02,948][flwr][DEBUG] - fit_round 4: strategy sampled 5 clients (out of 10)
[2025-12-31 16:35:04,052][flwr][DEBUG] - fit_round 4 received 5 results and 0 failures
[2025-12-31 16:35:04,090][flwr][INFO] - fit progress: (4, 49.87902766466141, {'accuracy': 0.58}, 7.961969750002027)
[2025-12-31 16:35:04,090][flwr][DEBUG] - evaluate_round 4: strategy sampled 10 clients (out of 10)
[2025-12-31 16:35:07,498][flwr][DEBUG] - evaluate_round 4 received 10 results and 0 failures
[2025-12-31 16:35:07,498][flwr][DEBUG] - fit_round 5: strategy sampled 5 clients (out of 10)
[2025-12-31 16:35:08,372][flwr][DEBUG] - fit_round 5 received 5 results and 0 failures
[2025-12-31 16:35:08,408][flwr][INFO] - fit progress: (5, 49.356075048446655, {'accuracy': 0.59}, 12.280726458062418)
[2025-12-31 16:35:08,409][flwr][DEBUG] - evaluate_round 5: strategy sampled 10 clients (out of 10)
[2025-12-31 16:35:08,864][flwr][DEBUG] - evaluate_round 5 received 10 results and 0 failures
[2025-12-31 16:35:08,864][flwr][DEBUG] - fit_round 6: strategy sampled 5 clients (out of 10)
[2025-12-31 16:35:09,706][flwr][DEBUG] - fit_round 6 received 5 results and 0 failures
[2025-12-31 16:35:09,752][flwr][INFO] - fit progress: (6, 49.161651372909546, {'accuracy': 0.6}, 13.624551290995441)
[2025-12-31 16:35:09,752][flwr][DEBUG] - evaluate_round 6: strategy sampled 10 clients (out of 10)
[2025-12-31 16:35:10,220][flwr][DEBUG] - evaluate_round 6 received 10 results and 0 failures
[2025-12-31 16:35:10,221][flwr][DEBUG] - fit_round 7: strategy sampled 5 clients (out of 10)
[2025-12-31 16:35:11,174][flwr][DEBUG] - fit_round 7 received 5 results and 0 failures
[2025-12-31 16:35:11,209][flwr][INFO] - fit progress: (7, 51.494009256362915, {'accuracy': 0.5915}, 15.081698791007511)
[2025-12-31 16:35:11,210][flwr][DEBUG] - evaluate_round 7: strategy sampled 10 clients (out of 10)
[2025-12-31 16:35:11,664][flwr][DEBUG] - evaluate_round 7 received 10 results and 0 failures
[2025-12-31 16:35:11,665][flwr][DEBUG] - fit_round 8: strategy sampled 5 clients (out of 10)
[2025-12-31 16:35:12,500][flwr][DEBUG] - fit_round 8 received 5 results and 0 failures
[2025-12-31 16:35:12,536][flwr][INFO] - fit progress: (8, 50.06533807516098, {'accuracy': 0.578}, 16.408193625044078)
[2025-12-31 16:35:12,536][flwr][DEBUG] - evaluate_round 8: strategy sampled 10 clients (out of 10)
[2025-12-31 16:35:12,987][flwr][DEBUG] - evaluate_round 8 received 10 results and 0 failures
[2025-12-31 16:35:12,988][flwr][DEBUG] - fit_round 9: strategy sampled 5 clients (out of 10)
[2025-12-31 16:35:13,930][flwr][DEBUG] - fit_round 9 received 5 results and 0 failures
[2025-12-31 16:35:13,967][flwr][INFO] - fit progress: (9, 50.21300768852234, {'accuracy': 0.59}, 17.838908790959977)
[2025-12-31 16:35:13,967][flwr][DEBUG] - evaluate_round 9: strategy sampled 10 clients (out of 10)
[2025-12-31 16:35:14,420][flwr][DEBUG] - evaluate_round 9 received 10 results and 0 failures
[2025-12-31 16:35:14,420][flwr][DEBUG] - fit_round 10: strategy sampled 5 clients (out of 10)
[2025-12-31 16:35:15,365][flwr][DEBUG] - fit_round 10 received 5 results and 0 failures
[2025-12-31 16:35:15,405][flwr][INFO] - fit progress: (10, 51.64636188745499, {'accuracy': 0.574}, 19.277541832998395)
[2025-12-31 16:35:15,405][flwr][DEBUG] - evaluate_round 10: strategy sampled 10 clients (out of 10)
[2025-12-31 16:35:15,863][flwr][DEBUG] - evaluate_round 10 received 10 results and 0 failures
[2025-12-31 16:35:15,863][flwr][INFO] - FL finished in 19.735253583057784
[2025-12-31 16:35:15,864][flwr][INFO] - app_fit: losses_distributed [(1, 12.573661087283185), (2, 9.53401794871912), (3, 10.133778393700263), (4, 8.61994553621765), (5, 8.927989705591813), (6, 8.932754475127355), (7, 9.42352191790897), (8, 8.783977156196796), (9, 8.811687236542822), (10, 9.171380604243213)]
[2025-12-31 16:35:15,864][flwr][INFO] - app_fit: metrics_distributed_fit {}
[2025-12-31 16:35:15,864][flwr][INFO] - app_fit: metrics_distributed {}
[2025-12-31 16:35:15,864][flwr][INFO] - app_fit: losses_centralized [(0, 70.58566999435425), (1, 65.95531672239304), (2, 54.06112015247345), (3, 55.50335091352463), (4, 49.87902766466141), (5, 49.356075048446655), (6, 49.161651372909546), (7, 51.494009256362915), (8, 50.06533807516098), (9, 50.21300768852234), (10, 51.64636188745499)]
[2025-12-31 16:35:15,864][flwr][INFO] - app_fit: metrics_centralized {'accuracy': [(0, 0.244), (1, 0.5655), (2, 0.465), (3, 0.5755), (4, 0.58), (5, 0.59), (6, 0.6), (7, 0.5915), (8, 0.578), (9, 0.59), (10, 0.574)]}
