[2026-01-23 03:45:29,301][flwr][INFO] - Starting Flower simulation, config: ServerConfig(num_rounds=25, round_timeout=None)
[2026-01-23 03:45:34,919][flwr][INFO] - Flower VCE: Ray initialized with resources: {'node:127.0.0.1': 1.0, 'CPU': 10.0, 'object_store_memory': 2147483648.0, 'memory': 11628744295.0}
[2026-01-23 03:45:34,920][flwr][INFO] - Initializing global parameters
[2026-01-23 03:45:34,920][flwr][INFO] - Requesting initial parameters from one random client
[2026-01-23 03:45:38,819][flwr][INFO] - Received initial parameters from one random client
[2026-01-23 03:45:38,820][flwr][INFO] - Evaluating initial parameters
[2026-01-23 03:45:39,910][flwr][INFO] - initial parameters (loss, other metrics): 1719309184.0, {'rmse': 41464.55334378992, 'mae': 30855.859375, 'r2': -12.68604564666748}
[2026-01-23 03:45:39,911][flwr][INFO] - FL starting
[2026-01-23 03:45:39,912][flwr][DEBUG] - fit_round 1: strategy sampled 6 clients (out of 12)
[2026-01-23 03:45:56,858][flwr][DEBUG] - fit_round 1 received 6 results and 0 failures
[2026-01-23 03:45:56,865][flwr][WARNING] - No fit_metrics_aggregation_fn provided
[2026-01-23 03:45:57,261][flwr][INFO] - fit progress: (1, 33513422.0, {'rmse': 5789.077819480405, 'mae': 4033.613037109375, 'r2': 0.7332264184951782}, 17.350386667007115)
[2026-01-23 03:45:57,262][flwr][DEBUG] - evaluate_round 1: strategy sampled 6 clients (out of 12)
[2026-01-23 03:45:57,700][flwr][DEBUG] - evaluate_round 1 received 6 results and 0 failures
[2026-01-23 03:45:57,700][flwr][WARNING] - No evaluate_metrics_aggregation_fn provided
[2026-01-23 03:45:57,701][flwr][DEBUG] - fit_round 2: strategy sampled 6 clients (out of 12)
[2026-01-23 03:46:08,199][flwr][DEBUG] - fit_round 2 received 6 results and 0 failures
[2026-01-23 03:46:08,607][flwr][INFO] - fit progress: (2, 22286392.0, {'rmse': 4720.8465342563295, 'mae': 3098.68017578125, 'r2': 0.8225958347320557}, 28.695661542005837)
[2026-01-23 03:46:08,607][flwr][DEBUG] - evaluate_round 2: strategy sampled 6 clients (out of 12)
[2026-01-23 03:46:08,988][flwr][DEBUG] - evaluate_round 2 received 6 results and 0 failures
[2026-01-23 03:46:08,989][flwr][DEBUG] - fit_round 3: strategy sampled 6 clients (out of 12)
[2026-01-23 03:46:23,047][flwr][DEBUG] - fit_round 3 received 6 results and 0 failures
[2026-01-23 03:46:23,460][flwr][INFO] - fit progress: (3, 18515038.0, {'rmse': 4302.910410408285, 'mae': 2746.823974609375, 'r2': 0.852616548538208}, 43.54919804201927)
[2026-01-23 03:46:23,461][flwr][DEBUG] - evaluate_round 3: strategy sampled 6 clients (out of 12)
[2026-01-23 03:46:23,775][flwr][DEBUG] - evaluate_round 3 received 6 results and 0 failures
[2026-01-23 03:46:23,776][flwr][DEBUG] - fit_round 4: strategy sampled 6 clients (out of 12)
[2026-01-23 03:46:34,850][flwr][DEBUG] - fit_round 4 received 6 results and 0 failures
[2026-01-23 03:46:35,221][flwr][INFO] - fit progress: (4, 19932210.0, {'rmse': 4464.550369298122, 'mae': 2797.65380859375, 'r2': 0.841335654258728}, 55.30954212503275)
[2026-01-23 03:46:35,221][flwr][DEBUG] - evaluate_round 4: strategy sampled 6 clients (out of 12)
[2026-01-23 03:46:35,424][flwr][DEBUG] - evaluate_round 4 received 6 results and 0 failures
[2026-01-23 03:46:35,424][flwr][DEBUG] - fit_round 5: strategy sampled 6 clients (out of 12)
[2026-01-23 03:46:46,249][flwr][DEBUG] - fit_round 5 received 6 results and 0 failures
[2026-01-23 03:46:46,623][flwr][INFO] - fit progress: (5, 21007728.0, {'rmse': 4583.418811324141, 'mae': 2797.121826171875, 'r2': 0.83277428150177}, 66.71175354201114)
[2026-01-23 03:46:46,623][flwr][DEBUG] - evaluate_round 5: strategy sampled 6 clients (out of 12)
[2026-01-23 03:46:46,846][flwr][DEBUG] - evaluate_round 5 received 6 results and 0 failures
[2026-01-23 03:46:46,847][flwr][DEBUG] - fit_round 6: strategy sampled 6 clients (out of 12)
[2026-01-23 03:46:57,751][flwr][DEBUG] - fit_round 6 received 6 results and 0 failures
[2026-01-23 03:46:58,117][flwr][INFO] - fit progress: (6, 19325022.0, {'rmse': 4396.023430328823, 'mae': 2705.68798828125, 'r2': 0.8461689352989197}, 78.20569608401274)
[2026-01-23 03:46:58,117][flwr][DEBUG] - evaluate_round 6: strategy sampled 6 clients (out of 12)
[2026-01-23 03:46:58,330][flwr][DEBUG] - evaluate_round 6 received 6 results and 0 failures
[2026-01-23 03:46:58,330][flwr][DEBUG] - fit_round 7: strategy sampled 6 clients (out of 12)
[2026-01-23 03:47:09,181][flwr][DEBUG] - fit_round 7 received 6 results and 0 failures
[2026-01-23 03:47:09,582][flwr][INFO] - fit progress: (7, 17708654.0, {'rmse': 4208.165158355836, 'mae': 2569.20556640625, 'r2': 0.8590355515480042}, 89.67082179203862)
[2026-01-23 03:47:09,583][flwr][DEBUG] - evaluate_round 7: strategy sampled 6 clients (out of 12)
[2026-01-23 03:47:09,911][flwr][DEBUG] - evaluate_round 7 received 6 results and 0 failures
[2026-01-23 03:47:09,912][flwr][DEBUG] - fit_round 8: strategy sampled 6 clients (out of 12)
[2026-01-23 03:47:21,628][flwr][DEBUG] - fit_round 8 received 6 results and 0 failures
[2026-01-23 03:47:22,041][flwr][INFO] - fit progress: (8, 16165940.0, {'rmse': 4020.688995682208, 'mae': 2523.739990234375, 'r2': 0.8713158369064331}, 102.12936920899665)
[2026-01-23 03:47:22,041][flwr][DEBUG] - evaluate_round 8: strategy sampled 6 clients (out of 12)
[2026-01-23 03:47:22,267][flwr][DEBUG] - evaluate_round 8 received 6 results and 0 failures
[2026-01-23 03:47:22,268][flwr][DEBUG] - fit_round 9: strategy sampled 6 clients (out of 12)
[2026-01-23 03:47:33,061][flwr][DEBUG] - fit_round 9 received 6 results and 0 failures
[2026-01-23 03:47:33,461][flwr][INFO] - fit progress: (9, 20747942.0, {'rmse': 4554.990889123709, 'mae': 2703.62109375, 'r2': 0.8348422050476074}, 113.54975112504326)
[2026-01-23 03:47:33,462][flwr][DEBUG] - evaluate_round 9: strategy sampled 6 clients (out of 12)
[2026-01-23 03:47:33,602][flwr][DEBUG] - evaluate_round 9 received 6 results and 0 failures
[2026-01-23 03:47:33,603][flwr][DEBUG] - fit_round 10: strategy sampled 6 clients (out of 12)
[2026-01-23 03:47:44,135][flwr][DEBUG] - fit_round 10 received 6 results and 0 failures
[2026-01-23 03:47:44,515][flwr][INFO] - fit progress: (10, 18316982.0, {'rmse': 4279.834342588507, 'mae': 2567.5830078125, 'r2': 0.8541931509971619}, 124.60362141701626)
[2026-01-23 03:47:44,516][flwr][DEBUG] - evaluate_round 10: strategy sampled 6 clients (out of 12)
[2026-01-23 03:47:44,607][flwr][DEBUG] - evaluate_round 10 received 6 results and 0 failures
[2026-01-23 03:47:44,608][flwr][DEBUG] - fit_round 11: strategy sampled 6 clients (out of 12)
[2026-01-23 03:47:54,957][flwr][DEBUG] - fit_round 11 received 6 results and 0 failures
[2026-01-23 03:47:55,320][flwr][INFO] - fit progress: (11, 17026776.0, {'rmse': 4126.351414991214, 'mae': 2543.413330078125, 'r2': 0.8644634485244751}, 135.4079394590226)
[2026-01-23 03:47:55,321][flwr][DEBUG] - evaluate_round 11: strategy sampled 6 clients (out of 12)
[2026-01-23 03:47:55,430][flwr][DEBUG] - evaluate_round 11 received 6 results and 0 failures
[2026-01-23 03:47:55,431][flwr][DEBUG] - fit_round 12: strategy sampled 6 clients (out of 12)
[2026-01-23 03:48:06,221][flwr][DEBUG] - fit_round 12 received 6 results and 0 failures
[2026-01-23 03:48:06,594][flwr][INFO] - fit progress: (12, 16031295.0, {'rmse': 4003.9099640226677, 'mae': 2538.966552734375, 'r2': 0.8723876476287842}, 146.68224583403207)
[2026-01-23 03:48:06,594][flwr][DEBUG] - evaluate_round 12: strategy sampled 6 clients (out of 12)
[2026-01-23 03:48:06,915][flwr][DEBUG] - evaluate_round 12 received 6 results and 0 failures
[2026-01-23 03:48:06,916][flwr][DEBUG] - fit_round 13: strategy sampled 6 clients (out of 12)
[2026-01-23 03:48:17,387][flwr][DEBUG] - fit_round 13 received 6 results and 0 failures
[2026-01-23 03:48:17,753][flwr][INFO] - fit progress: (13, 20625002.0, {'rmse': 4541.475751338985, 'mae': 2709.085693359375, 'r2': 0.8358208537101746}, 157.8413891250384)
[2026-01-23 03:48:17,754][flwr][DEBUG] - evaluate_round 13: strategy sampled 6 clients (out of 12)
[2026-01-23 03:48:17,963][flwr][DEBUG] - evaluate_round 13 received 6 results and 0 failures
[2026-01-23 03:48:17,963][flwr][DEBUG] - fit_round 14: strategy sampled 6 clients (out of 12)
[2026-01-23 03:48:29,131][flwr][DEBUG] - fit_round 14 received 6 results and 0 failures
[2026-01-23 03:48:29,512][flwr][INFO] - fit progress: (14, 15467444.0, {'rmse': 3932.8671475146475, 'mae': 2491.9541015625, 'r2': 0.8768760561943054}, 169.59980416699545)
[2026-01-23 03:48:29,512][flwr][DEBUG] - evaluate_round 14: strategy sampled 6 clients (out of 12)
[2026-01-23 03:48:29,611][flwr][DEBUG] - evaluate_round 14 received 6 results and 0 failures
[2026-01-23 03:48:29,612][flwr][DEBUG] - fit_round 15: strategy sampled 6 clients (out of 12)
[2026-01-23 03:48:40,284][flwr][DEBUG] - fit_round 15 received 6 results and 0 failures
[2026-01-23 03:48:40,670][flwr][INFO] - fit progress: (15, 15476532.0, {'rmse': 3934.022369026389, 'mae': 2464.682861328125, 'r2': 0.8768036961555481}, 180.75817124999594)
[2026-01-23 03:48:40,671][flwr][DEBUG] - evaluate_round 15: strategy sampled 6 clients (out of 12)
[2026-01-23 03:48:40,768][flwr][DEBUG] - evaluate_round 15 received 6 results and 0 failures
[2026-01-23 03:48:40,768][flwr][DEBUG] - fit_round 16: strategy sampled 6 clients (out of 12)
[2026-01-23 03:48:50,928][flwr][DEBUG] - fit_round 16 received 6 results and 0 failures
[2026-01-23 03:48:51,319][flwr][INFO] - fit progress: (16, 17973352.0, {'rmse': 4239.499027007791, 'mae': 2553.821044921875, 'r2': 0.8569285273551941}, 191.40671616699547)
[2026-01-23 03:48:51,319][flwr][DEBUG] - evaluate_round 16: strategy sampled 6 clients (out of 12)
[2026-01-23 03:48:51,415][flwr][DEBUG] - evaluate_round 16 received 6 results and 0 failures
[2026-01-23 03:48:51,416][flwr][DEBUG] - fit_round 17: strategy sampled 6 clients (out of 12)
[2026-01-23 03:49:02,010][flwr][DEBUG] - fit_round 17 received 6 results and 0 failures
[2026-01-23 03:49:02,439][flwr][INFO] - fit progress: (17, 16090113.0, {'rmse': 4011.2483094418376, 'mae': 2499.07958984375, 'r2': 0.8719194531440735}, 202.52637141704326)
[2026-01-23 03:49:02,439][flwr][DEBUG] - evaluate_round 17: strategy sampled 6 clients (out of 12)
[2026-01-23 03:49:02,561][flwr][DEBUG] - evaluate_round 17 received 6 results and 0 failures
[2026-01-23 03:49:02,562][flwr][DEBUG] - fit_round 18: strategy sampled 6 clients (out of 12)
[2026-01-23 03:49:13,468][flwr][DEBUG] - fit_round 18 received 6 results and 0 failures
[2026-01-23 03:49:13,837][flwr][INFO] - fit progress: (18, 15865297.0, {'rmse': 3983.126535775634, 'mae': 2477.218505859375, 'r2': 0.8737090826034546}, 213.92470000003232)
[2026-01-23 03:49:13,838][flwr][DEBUG] - evaluate_round 18: strategy sampled 6 clients (out of 12)
[2026-01-23 03:49:13,935][flwr][DEBUG] - evaluate_round 18 received 6 results and 0 failures
[2026-01-23 03:49:13,936][flwr][DEBUG] - fit_round 19: strategy sampled 6 clients (out of 12)
[2026-01-23 03:49:24,731][flwr][DEBUG] - fit_round 19 received 6 results and 0 failures
[2026-01-23 03:49:25,151][flwr][INFO] - fit progress: (19, 19941172.0, {'rmse': 4465.553941002168, 'mae': 2689.348388671875, 'r2': 0.8412642478942871}, 225.23793520900654)
[2026-01-23 03:49:25,151][flwr][DEBUG] - evaluate_round 19: strategy sampled 6 clients (out of 12)
[2026-01-23 03:49:25,346][flwr][DEBUG] - evaluate_round 19 received 6 results and 0 failures
[2026-01-23 03:49:25,347][flwr][DEBUG] - fit_round 20: strategy sampled 6 clients (out of 12)
[2026-01-23 03:49:35,543][flwr][DEBUG] - fit_round 20 received 6 results and 0 failures
[2026-01-23 03:49:35,935][flwr][INFO] - fit progress: (20, 15055017.0, {'rmse': 3880.0795094946184, 'mae': 2462.485107421875, 'r2': 0.8801590204238892}, 236.0221795840189)
[2026-01-23 03:49:35,935][flwr][DEBUG] - evaluate_round 20: strategy sampled 6 clients (out of 12)
[2026-01-23 03:49:36,030][flwr][DEBUG] - evaluate_round 20 received 6 results and 0 failures
[2026-01-23 03:49:36,030][flwr][DEBUG] - fit_round 21: strategy sampled 6 clients (out of 12)
[2026-01-23 03:49:46,438][flwr][DEBUG] - fit_round 21 received 6 results and 0 failures
[2026-01-23 03:49:46,849][flwr][INFO] - fit progress: (21, 16565714.0, {'rmse': 4070.099998771529, 'mae': 2526.0595703125, 'r2': 0.8681336045265198}, 246.93661041703308)
[2026-01-23 03:49:46,850][flwr][DEBUG] - evaluate_round 21: strategy sampled 6 clients (out of 12)
[2026-01-23 03:49:46,945][flwr][DEBUG] - evaluate_round 21 received 6 results and 0 failures
[2026-01-23 03:49:46,945][flwr][DEBUG] - fit_round 22: strategy sampled 6 clients (out of 12)
[2026-01-23 03:49:57,556][flwr][DEBUG] - fit_round 22 received 6 results and 0 failures
[2026-01-23 03:49:57,938][flwr][INFO] - fit progress: (22, 15448712.0, {'rmse': 3930.4849573557713, 'mae': 2478.583740234375, 'r2': 0.8770251274108887}, 258.0248803750146)
[2026-01-23 03:49:57,938][flwr][DEBUG] - evaluate_round 22: strategy sampled 6 clients (out of 12)
[2026-01-23 03:49:58,033][flwr][DEBUG] - evaluate_round 22 received 6 results and 0 failures
[2026-01-23 03:49:58,033][flwr][DEBUG] - fit_round 23: strategy sampled 6 clients (out of 12)
[2026-01-23 03:50:08,803][flwr][DEBUG] - fit_round 23 received 6 results and 0 failures
[2026-01-23 03:50:09,217][flwr][INFO] - fit progress: (23, 24424056.0, {'rmse': 4942.070011644918, 'mae': 3001.153076171875, 'r2': 0.8055796027183533}, 269.3036403750302)
[2026-01-23 03:50:09,217][flwr][DEBUG] - evaluate_round 23: strategy sampled 6 clients (out of 12)
[2026-01-23 03:50:09,362][flwr][DEBUG] - evaluate_round 23 received 6 results and 0 failures
[2026-01-23 03:50:09,363][flwr][DEBUG] - fit_round 24: strategy sampled 6 clients (out of 12)
[2026-01-23 03:50:20,014][flwr][DEBUG] - fit_round 24 received 6 results and 0 failures
[2026-01-23 03:50:20,401][flwr][INFO] - fit progress: (24, 13847778.0, {'rmse': 3721.2602703922767, 'mae': 2297.50439453125, 'r2': 0.8897688984870911}, 280.48825133399805)
[2026-01-23 03:50:20,402][flwr][DEBUG] - evaluate_round 24: strategy sampled 6 clients (out of 12)
[2026-01-23 03:50:20,553][flwr][DEBUG] - evaluate_round 24 received 6 results and 0 failures
[2026-01-23 03:50:20,554][flwr][DEBUG] - fit_round 25: strategy sampled 6 clients (out of 12)
[2026-01-23 03:50:31,078][flwr][DEBUG] - fit_round 25 received 6 results and 0 failures
[2026-01-23 03:50:31,472][flwr][INFO] - fit progress: (25, 12784646.0, {'rmse': 3575.562333395965, 'mae': 2312.245849609375, 'r2': 0.8982316255569458}, 291.558266750013)
[2026-01-23 03:50:31,472][flwr][DEBUG] - evaluate_round 25: strategy sampled 6 clients (out of 12)
[2026-01-23 03:50:31,575][flwr][DEBUG] - evaluate_round 25 received 6 results and 0 failures
[2026-01-23 03:50:31,575][flwr][INFO] - FL finished in 291.66146954201395
[2026-01-23 03:50:31,575][flwr][INFO] - app_fit: losses_distributed [(1, 44233596.79064588), (2, 27662002.010834236), (3, 20445316.721698113), (4, 26619625.9245283), (5, 21383952.98998888), (6, 17930516.49176955), (7, 21910978.32429245), (8, 17749930.646226414), (9, 24682289.859223302), (10, 19529422.27240566), (11, 16468644.24268689), (12, 16717814.199110122), (13, 18431028.57142857), (14, 15667168.752650177), (15, 13818278.444938822), (16, 17342838.983490568), (17, 19895717.677714285), (18, 19740538.421116505), (19, 18736511.875514403), (20, 18933601.23643411), (21, 19549812.848837208), (22, 16342565.182170542), (23, 29461414.828698553), (24, 15010360.898776418), (25, 12317941.324053451)]
[2026-01-23 03:50:31,576][flwr][INFO] - app_fit: metrics_distributed_fit {}
[2026-01-23 03:50:31,576][flwr][INFO] - app_fit: metrics_distributed {}
[2026-01-23 03:50:31,576][flwr][INFO] - app_fit: losses_centralized [(0, 1719309184.0), (1, 33513422.0), (2, 22286392.0), (3, 18515038.0), (4, 19932210.0), (5, 21007728.0), (6, 19325022.0), (7, 17708654.0), (8, 16165940.0), (9, 20747942.0), (10, 18316982.0), (11, 17026776.0), (12, 16031295.0), (13, 20625002.0), (14, 15467444.0), (15, 15476532.0), (16, 17973352.0), (17, 16090113.0), (18, 15865297.0), (19, 19941172.0), (20, 15055017.0), (21, 16565714.0), (22, 15448712.0), (23, 24424056.0), (24, 13847778.0), (25, 12784646.0)]
[2026-01-23 03:50:31,576][flwr][INFO] - app_fit: metrics_centralized {'rmse': [(0, 41464.55334378992), (1, 5789.077819480405), (2, 4720.8465342563295), (3, 4302.910410408285), (4, 4464.550369298122), (5, 4583.418811324141), (6, 4396.023430328823), (7, 4208.165158355836), (8, 4020.688995682208), (9, 4554.990889123709), (10, 4279.834342588507), (11, 4126.351414991214), (12, 4003.9099640226677), (13, 4541.475751338985), (14, 3932.8671475146475), (15, 3934.022369026389), (16, 4239.499027007791), (17, 4011.2483094418376), (18, 3983.126535775634), (19, 4465.553941002168), (20, 3880.0795094946184), (21, 4070.099998771529), (22, 3930.4849573557713), (23, 4942.070011644918), (24, 3721.2602703922767), (25, 3575.562333395965)], 'mae': [(0, 30855.859375), (1, 4033.613037109375), (2, 3098.68017578125), (3, 2746.823974609375), (4, 2797.65380859375), (5, 2797.121826171875), (6, 2705.68798828125), (7, 2569.20556640625), (8, 2523.739990234375), (9, 2703.62109375), (10, 2567.5830078125), (11, 2543.413330078125), (12, 2538.966552734375), (13, 2709.085693359375), (14, 2491.9541015625), (15, 2464.682861328125), (16, 2553.821044921875), (17, 2499.07958984375), (18, 2477.218505859375), (19, 2689.348388671875), (20, 2462.485107421875), (21, 2526.0595703125), (22, 2478.583740234375), (23, 3001.153076171875), (24, 2297.50439453125), (25, 2312.245849609375)], 'r2': [(0, -12.68604564666748), (1, 0.7332264184951782), (2, 0.8225958347320557), (3, 0.852616548538208), (4, 0.841335654258728), (5, 0.83277428150177), (6, 0.8461689352989197), (7, 0.8590355515480042), (8, 0.8713158369064331), (9, 0.8348422050476074), (10, 0.8541931509971619), (11, 0.8644634485244751), (12, 0.8723876476287842), (13, 0.8358208537101746), (14, 0.8768760561943054), (15, 0.8768036961555481), (16, 0.8569285273551941), (17, 0.8719194531440735), (18, 0.8737090826034546), (19, 0.8412642478942871), (20, 0.8801590204238892), (21, 0.8681336045265198), (22, 0.8770251274108887), (23, 0.8055796027183533), (24, 0.8897688984870911), (25, 0.8982316255569458)]}
[2026-01-23 03:50:31,578][flwr][INFO] - Starting Flower simulation, config: ServerConfig(num_rounds=25, round_timeout=None)
[2026-01-23 03:50:38,594][flwr][INFO] - Flower VCE: Ray initialized with resources: {'node:127.0.0.1': 1.0, 'memory': 12220802253.0, 'CPU': 10.0, 'object_store_memory': 2147483648.0}
[2026-01-23 03:50:38,595][flwr][INFO] - Initializing global parameters
[2026-01-23 03:50:38,595][flwr][INFO] - Requesting initial parameters from one random client
[2026-01-23 03:50:42,452][flwr][INFO] - Received initial parameters from one random client
[2026-01-23 03:50:42,452][flwr][INFO] - Evaluating initial parameters
[2026-01-23 03:50:42,812][flwr][INFO] - initial parameters (loss, other metrics): 108018712.0, {'rmse': 10393.20508794087, 'mae': 6583.92529296875, 'r2': 0.14014935493469238}
[2026-01-23 03:50:42,813][flwr][INFO] - FL starting
[2026-01-23 03:50:42,813][flwr][DEBUG] - fit_round 1: strategy sampled 6 clients (out of 12)
[2026-01-23 03:50:58,380][flwr][DEBUG] - fit_round 1 received 6 results and 0 failures
[2026-01-23 03:50:58,387][flwr][WARNING] - No fit_metrics_aggregation_fn provided
[2026-01-23 03:50:58,810][flwr][INFO] - fit progress: (1, 33597304.0, {'rmse': 5796.318141717205, 'mae': 4158.8466796875, 'r2': 0.7325587272644043}, 15.997152958996594)
[2026-01-23 03:50:58,810][flwr][DEBUG] - evaluate_round 1: strategy sampled 6 clients (out of 12)
[2026-01-23 03:50:59,090][flwr][DEBUG] - evaluate_round 1 received 6 results and 0 failures
[2026-01-23 03:50:59,090][flwr][WARNING] - No evaluate_metrics_aggregation_fn provided
[2026-01-23 03:50:59,091][flwr][DEBUG] - fit_round 2: strategy sampled 6 clients (out of 12)
[2026-01-23 03:51:10,156][flwr][DEBUG] - fit_round 2 received 6 results and 0 failures
[2026-01-23 03:51:10,545][flwr][INFO] - fit progress: (2, 22915610.0, {'rmse': 4787.025172275575, 'mae': 3439.819580078125, 'r2': 0.81758713722229}, 27.73183412500657)
[2026-01-23 03:51:10,545][flwr][DEBUG] - evaluate_round 2: strategy sampled 6 clients (out of 12)
[2026-01-23 03:51:10,782][flwr][DEBUG] - evaluate_round 2 received 6 results and 0 failures
[2026-01-23 03:51:10,783][flwr][DEBUG] - fit_round 3: strategy sampled 6 clients (out of 12)
[2026-01-23 03:51:22,269][flwr][DEBUG] - fit_round 3 received 6 results and 0 failures
[2026-01-23 03:51:22,703][flwr][INFO] - fit progress: (3, 24039764.0, {'rmse': 4903.036202191454, 'mae': 3355.596435546875, 'r2': 0.8086386919021606}, 39.88985454203794)
[2026-01-23 03:51:22,703][flwr][DEBUG] - evaluate_round 3: strategy sampled 6 clients (out of 12)
[2026-01-23 03:51:22,945][flwr][DEBUG] - evaluate_round 3 received 6 results and 0 failures
[2026-01-23 03:51:22,946][flwr][DEBUG] - fit_round 4: strategy sampled 6 clients (out of 12)
[2026-01-23 03:51:33,143][flwr][DEBUG] - fit_round 4 received 6 results and 0 failures
[2026-01-23 03:51:33,502][flwr][INFO] - fit progress: (4, 17183028.0, {'rmse': 4145.241609363681, 'mae': 2874.946044921875, 'r2': 0.863219678401947}, 50.688432416995056)
[2026-01-23 03:51:33,502][flwr][DEBUG] - evaluate_round 4: strategy sampled 6 clients (out of 12)
[2026-01-23 03:51:33,735][flwr][DEBUG] - evaluate_round 4 received 6 results and 0 failures
[2026-01-23 03:51:33,735][flwr][DEBUG] - fit_round 5: strategy sampled 6 clients (out of 12)
[2026-01-23 03:51:44,523][flwr][DEBUG] - fit_round 5 received 6 results and 0 failures
[2026-01-23 03:51:44,951][flwr][INFO] - fit progress: (5, 16803630.0, {'rmse': 4099.2230971246245, 'mae': 2779.427490234375, 'r2': 0.8662397265434265}, 62.13828341703629)
[2026-01-23 03:51:44,952][flwr][DEBUG] - evaluate_round 5: strategy sampled 6 clients (out of 12)
[2026-01-23 03:51:45,159][flwr][DEBUG] - evaluate_round 5 received 6 results and 0 failures
[2026-01-23 03:51:45,160][flwr][DEBUG] - fit_round 6: strategy sampled 6 clients (out of 12)
[2026-01-23 03:51:56,044][flwr][DEBUG] - fit_round 6 received 6 results and 0 failures
[2026-01-23 03:51:56,415][flwr][INFO] - fit progress: (6, 16685310.0, {'rmse': 4084.7655991500906, 'mae': 2776.45654296875, 'r2': 0.8671815991401672}, 73.60162808402674)
[2026-01-23 03:51:56,415][flwr][DEBUG] - evaluate_round 6: strategy sampled 6 clients (out of 12)
[2026-01-23 03:51:56,512][flwr][DEBUG] - evaluate_round 6 received 6 results and 0 failures
[2026-01-23 03:51:56,513][flwr][DEBUG] - fit_round 7: strategy sampled 6 clients (out of 12)
[2026-01-23 03:52:07,241][flwr][DEBUG] - fit_round 7 received 6 results and 0 failures
[2026-01-23 03:52:07,597][flwr][INFO] - fit progress: (7, 16342082.0, {'rmse': 4042.534106225945, 'mae': 2656.0830078125, 'r2': 0.8699137568473816}, 84.78359012503643)
[2026-01-23 03:52:07,597][flwr][DEBUG] - evaluate_round 7: strategy sampled 6 clients (out of 12)
[2026-01-23 03:52:07,827][flwr][DEBUG] - evaluate_round 7 received 6 results and 0 failures
[2026-01-23 03:52:07,828][flwr][DEBUG] - fit_round 8: strategy sampled 6 clients (out of 12)
[2026-01-23 03:52:18,898][flwr][DEBUG] - fit_round 8 received 6 results and 0 failures
[2026-01-23 03:52:19,283][flwr][INFO] - fit progress: (8, 14370908.0, {'rmse': 3790.8980466374983, 'mae': 2544.412353515625, 'r2': 0.8856046795845032}, 96.46999316703295)
[2026-01-23 03:52:19,284][flwr][DEBUG] - evaluate_round 8: strategy sampled 6 clients (out of 12)
[2026-01-23 03:52:19,456][flwr][DEBUG] - evaluate_round 8 received 6 results and 0 failures
[2026-01-23 03:52:19,457][flwr][DEBUG] - fit_round 9: strategy sampled 6 clients (out of 12)
[2026-01-23 03:52:29,812][flwr][DEBUG] - fit_round 9 received 6 results and 0 failures
[2026-01-23 03:52:30,226][flwr][INFO] - fit progress: (9, 14128251.0, {'rmse': 3758.7565763161624, 'mae': 2483.735107421875, 'r2': 0.8875362873077393}, 107.41235370904906)
[2026-01-23 03:52:30,226][flwr][DEBUG] - evaluate_round 9: strategy sampled 6 clients (out of 12)
[2026-01-23 03:52:30,319][flwr][DEBUG] - evaluate_round 9 received 6 results and 0 failures
[2026-01-23 03:52:30,319][flwr][DEBUG] - fit_round 10: strategy sampled 6 clients (out of 12)
[2026-01-23 03:52:41,300][flwr][DEBUG] - fit_round 10 received 6 results and 0 failures
[2026-01-23 03:52:41,696][flwr][INFO] - fit progress: (10, 15450700.0, {'rmse': 3930.737844222125, 'mae': 2475.83349609375, 'r2': 0.8770093321800232}, 118.88251245900756)
[2026-01-23 03:52:41,697][flwr][DEBUG] - evaluate_round 10: strategy sampled 6 clients (out of 12)
[2026-01-23 03:52:41,810][flwr][DEBUG] - evaluate_round 10 received 6 results and 0 failures
[2026-01-23 03:52:41,811][flwr][DEBUG] - fit_round 11: strategy sampled 6 clients (out of 12)
[2026-01-23 03:52:52,450][flwr][DEBUG] - fit_round 11 received 6 results and 0 failures
[2026-01-23 03:52:52,816][flwr][INFO] - fit progress: (11, 12591380.0, {'rmse': 3548.433457175152, 'mae': 2307.60302734375, 'r2': 0.8997700810432434}, 130.0019301249995)
[2026-01-23 03:52:52,816][flwr][DEBUG] - evaluate_round 11: strategy sampled 6 clients (out of 12)
[2026-01-23 03:52:52,900][flwr][DEBUG] - evaluate_round 11 received 6 results and 0 failures
[2026-01-23 03:52:52,900][flwr][DEBUG] - fit_round 12: strategy sampled 6 clients (out of 12)
[2026-01-23 03:53:03,206][flwr][DEBUG] - fit_round 12 received 6 results and 0 failures
[2026-01-23 03:53:03,598][flwr][INFO] - fit progress: (12, 13728523.0, {'rmse': 3705.202153729267, 'mae': 2364.012451171875, 'r2': 0.8907182216644287}, 140.78440008399775)
[2026-01-23 03:53:03,599][flwr][DEBUG] - evaluate_round 12: strategy sampled 6 clients (out of 12)
[2026-01-23 03:53:03,705][flwr][DEBUG] - evaluate_round 12 received 6 results and 0 failures
[2026-01-23 03:53:03,706][flwr][DEBUG] - fit_round 13: strategy sampled 6 clients (out of 12)
[2026-01-23 03:53:14,700][flwr][DEBUG] - fit_round 13 received 6 results and 0 failures
[2026-01-23 03:53:15,098][flwr][INFO] - fit progress: (13, 14678272.0, {'rmse': 3831.223303332762, 'mae': 2407.611572265625, 'r2': 0.8831580281257629}, 152.28429808403598)
[2026-01-23 03:53:15,099][flwr][DEBUG] - evaluate_round 13: strategy sampled 6 clients (out of 12)
[2026-01-23 03:53:15,191][flwr][DEBUG] - evaluate_round 13 received 6 results and 0 failures
[2026-01-23 03:53:15,192][flwr][DEBUG] - fit_round 14: strategy sampled 6 clients (out of 12)
[2026-01-23 03:53:25,594][flwr][DEBUG] - fit_round 14 received 6 results and 0 failures
[2026-01-23 03:53:25,987][flwr][INFO] - fit progress: (14, 13938916.0, {'rmse': 3733.4857706974053, 'mae': 2341.951904296875, 'r2': 0.8890434503555298}, 163.17247824999504)
[2026-01-23 03:53:25,987][flwr][DEBUG] - evaluate_round 14: strategy sampled 6 clients (out of 12)
[2026-01-23 03:53:26,106][flwr][DEBUG] - evaluate_round 14 received 6 results and 0 failures
[2026-01-23 03:53:26,107][flwr][DEBUG] - fit_round 15: strategy sampled 6 clients (out of 12)
[2026-01-23 03:53:36,618][flwr][DEBUG] - fit_round 15 received 6 results and 0 failures
[2026-01-23 03:53:37,010][flwr][INFO] - fit progress: (15, 14889814.0, {'rmse': 3858.7321752098837, 'mae': 2401.759033203125, 'r2': 0.8814740777015686}, 174.19573312503053)
[2026-01-23 03:53:37,010][flwr][DEBUG] - evaluate_round 15: strategy sampled 6 clients (out of 12)
[2026-01-23 03:53:37,122][flwr][DEBUG] - evaluate_round 15 received 6 results and 0 failures
[2026-01-23 03:53:37,122][flwr][DEBUG] - fit_round 16: strategy sampled 6 clients (out of 12)
[2026-01-23 03:53:47,486][flwr][DEBUG] - fit_round 16 received 6 results and 0 failures
[2026-01-23 03:53:47,872][flwr][INFO] - fit progress: (16, 16380342.0, {'rmse': 4047.2635199601223, 'mae': 2456.72509765625, 'r2': 0.8696091771125793}, 185.05807433399605)
[2026-01-23 03:53:47,873][flwr][DEBUG] - evaluate_round 16: strategy sampled 6 clients (out of 12)
[2026-01-23 03:53:48,017][flwr][DEBUG] - evaluate_round 16 received 6 results and 0 failures
[2026-01-23 03:53:48,018][flwr][DEBUG] - fit_round 17: strategy sampled 6 clients (out of 12)
[2026-01-23 03:53:58,634][flwr][DEBUG] - fit_round 17 received 6 results and 0 failures
[2026-01-23 03:53:59,013][flwr][INFO] - fit progress: (17, 16109067.0, {'rmse': 4013.6102202381335, 'mae': 2571.221923828125, 'r2': 0.871768593788147}, 196.19884616701165)
[2026-01-23 03:53:59,013][flwr][DEBUG] - evaluate_round 17: strategy sampled 6 clients (out of 12)
[2026-01-23 03:53:59,126][flwr][DEBUG] - evaluate_round 17 received 6 results and 0 failures
[2026-01-23 03:53:59,126][flwr][DEBUG] - fit_round 18: strategy sampled 6 clients (out of 12)
[2026-01-23 03:54:09,442][flwr][DEBUG] - fit_round 18 received 6 results and 0 failures
[2026-01-23 03:54:09,821][flwr][INFO] - fit progress: (18, 14790913.0, {'rmse': 3845.8956044073793, 'mae': 2326.56298828125, 'r2': 0.8822613954544067}, 207.00651595904492)
[2026-01-23 03:54:09,821][flwr][DEBUG] - evaluate_round 18: strategy sampled 6 clients (out of 12)
[2026-01-23 03:54:09,911][flwr][DEBUG] - evaluate_round 18 received 6 results and 0 failures
[2026-01-23 03:54:09,911][flwr][DEBUG] - fit_round 19: strategy sampled 6 clients (out of 12)
[2026-01-23 03:54:20,543][flwr][DEBUG] - fit_round 19 received 6 results and 0 failures
[2026-01-23 03:54:20,901][flwr][INFO] - fit progress: (19, 13185351.0, {'rmse': 3631.1638630059097, 'mae': 2279.663818359375, 'r2': 0.8950419425964355}, 218.08634841704043)
[2026-01-23 03:54:20,901][flwr][DEBUG] - evaluate_round 19: strategy sampled 6 clients (out of 12)
[2026-01-23 03:54:21,044][flwr][DEBUG] - evaluate_round 19 received 6 results and 0 failures
[2026-01-23 03:54:21,045][flwr][DEBUG] - fit_round 20: strategy sampled 6 clients (out of 12)
[2026-01-23 03:54:31,579][flwr][DEBUG] - fit_round 20 received 6 results and 0 failures
[2026-01-23 03:54:31,942][flwr][INFO] - fit progress: (20, 13340075.0, {'rmse': 3652.40674076697, 'mae': 2301.385986328125, 'r2': 0.8938103318214417}, 229.12739004200557)
[2026-01-23 03:54:31,942][flwr][DEBUG] - evaluate_round 20: strategy sampled 6 clients (out of 12)
[2026-01-23 03:54:32,034][flwr][DEBUG] - evaluate_round 20 received 6 results and 0 failures
[2026-01-23 03:54:32,035][flwr][DEBUG] - fit_round 21: strategy sampled 6 clients (out of 12)
[2026-01-23 03:54:42,519][flwr][DEBUG] - fit_round 21 received 6 results and 0 failures
[2026-01-23 03:54:42,934][flwr][INFO] - fit progress: (21, 12854835.0, {'rmse': 3585.3639982573595, 'mae': 2234.583984375, 'r2': 0.8976729512214661}, 240.11878670903388)
[2026-01-23 03:54:42,934][flwr][DEBUG] - evaluate_round 21: strategy sampled 6 clients (out of 12)
[2026-01-23 03:54:43,063][flwr][DEBUG] - evaluate_round 21 received 6 results and 0 failures
[2026-01-23 03:54:43,063][flwr][DEBUG] - fit_round 22: strategy sampled 6 clients (out of 12)
[2026-01-23 03:54:53,756][flwr][DEBUG] - fit_round 22 received 6 results and 0 failures
[2026-01-23 03:54:54,135][flwr][INFO] - fit progress: (22, 16150849.0, {'rmse': 4018.8118891035447, 'mae': 2470.10791015625, 'r2': 0.8714359998703003}, 251.3200665000477)
[2026-01-23 03:54:54,135][flwr][DEBUG] - evaluate_round 22: strategy sampled 6 clients (out of 12)
[2026-01-23 03:54:54,232][flwr][DEBUG] - evaluate_round 22 received 6 results and 0 failures
[2026-01-23 03:54:54,233][flwr][DEBUG] - fit_round 23: strategy sampled 6 clients (out of 12)
[2026-01-23 03:55:04,788][flwr][DEBUG] - fit_round 23 received 6 results and 0 failures
[2026-01-23 03:55:05,158][flwr][INFO] - fit progress: (23, 11862246.0, {'rmse': 3444.1611460557415, 'mae': 2163.8173828125, 'r2': 0.9055741429328918}, 262.34317700000247)
[2026-01-23 03:55:05,158][flwr][DEBUG] - evaluate_round 23: strategy sampled 6 clients (out of 12)
[2026-01-23 03:55:05,252][flwr][DEBUG] - evaluate_round 23 received 6 results and 0 failures
[2026-01-23 03:55:05,252][flwr][DEBUG] - fit_round 24: strategy sampled 6 clients (out of 12)
[2026-01-23 03:55:15,726][flwr][DEBUG] - fit_round 24 received 6 results and 0 failures
[2026-01-23 03:55:16,115][flwr][INFO] - fit progress: (24, 13110887.0, {'rmse': 3620.8958836177544, 'mae': 2197.440185546875, 'r2': 0.8956347107887268}, 273.3002752090106)
[2026-01-23 03:55:16,116][flwr][DEBUG] - evaluate_round 24: strategy sampled 6 clients (out of 12)
[2026-01-23 03:55:16,205][flwr][DEBUG] - evaluate_round 24 received 6 results and 0 failures
[2026-01-23 03:55:16,206][flwr][DEBUG] - fit_round 25: strategy sampled 6 clients (out of 12)
[2026-01-23 03:55:27,661][flwr][DEBUG] - fit_round 25 received 6 results and 0 failures
[2026-01-23 03:55:28,337][flwr][INFO] - fit progress: (25, 11868724.0, {'rmse': 3445.1014498850395, 'mae': 2148.900390625, 'r2': 0.9055225849151611}, 285.5219122500275)
[2026-01-23 03:55:28,337][flwr][DEBUG] - evaluate_round 25: strategy sampled 6 clients (out of 12)
[2026-01-23 03:55:28,570][flwr][DEBUG] - evaluate_round 25 received 6 results and 0 failures
[2026-01-23 03:55:28,570][flwr][INFO] - FL finished in 285.75519583403366
[2026-01-23 03:55:28,571][flwr][INFO] - app_fit: losses_distributed [(1, 37675193.97330367), (2, 29475252.599514563), (3, 24695864.930041153), (4, 20000136.46478873), (5, 18694000.25250278), (6, 18667755.62015504), (7, 16078438.518438177), (8, 19928020.883458648), (9, 14346799.66738895), (10, 14491256.151699029), (11, 13912657.438679244), (12, 16073940.287222808), (13, 18393771.290048543), (14, 15091410.32739421), (15, 16023466.818872018), (16, 17210115.00707547), (17, 16294438.096424703), (18, 17663961.33299075), (19, 16004010.636), (20, 13535678.164810691), (21, 16137817.266146993), (22, 16916963.045936394), (23, 14440315.686857143), (24, 15068466.904126214), (25, 14594209.261327714)]
[2026-01-23 03:55:28,571][flwr][INFO] - app_fit: metrics_distributed_fit {}
[2026-01-23 03:55:28,571][flwr][INFO] - app_fit: metrics_distributed {}
[2026-01-23 03:55:28,571][flwr][INFO] - app_fit: losses_centralized [(0, 108018712.0), (1, 33597304.0), (2, 22915610.0), (3, 24039764.0), (4, 17183028.0), (5, 16803630.0), (6, 16685310.0), (7, 16342082.0), (8, 14370908.0), (9, 14128251.0), (10, 15450700.0), (11, 12591380.0), (12, 13728523.0), (13, 14678272.0), (14, 13938916.0), (15, 14889814.0), (16, 16380342.0), (17, 16109067.0), (18, 14790913.0), (19, 13185351.0), (20, 13340075.0), (21, 12854835.0), (22, 16150849.0), (23, 11862246.0), (24, 13110887.0), (25, 11868724.0)]
[2026-01-23 03:55:28,571][flwr][INFO] - app_fit: metrics_centralized {'rmse': [(0, 10393.20508794087), (1, 5796.318141717205), (2, 4787.025172275575), (3, 4903.036202191454), (4, 4145.241609363681), (5, 4099.2230971246245), (6, 4084.7655991500906), (7, 4042.534106225945), (8, 3790.8980466374983), (9, 3758.7565763161624), (10, 3930.737844222125), (11, 3548.433457175152), (12, 3705.202153729267), (13, 3831.223303332762), (14, 3733.4857706974053), (15, 3858.7321752098837), (16, 4047.2635199601223), (17, 4013.6102202381335), (18, 3845.8956044073793), (19, 3631.1638630059097), (20, 3652.40674076697), (21, 3585.3639982573595), (22, 4018.8118891035447), (23, 3444.1611460557415), (24, 3620.8958836177544), (25, 3445.1014498850395)], 'mae': [(0, 6583.92529296875), (1, 4158.8466796875), (2, 3439.819580078125), (3, 3355.596435546875), (4, 2874.946044921875), (5, 2779.427490234375), (6, 2776.45654296875), (7, 2656.0830078125), (8, 2544.412353515625), (9, 2483.735107421875), (10, 2475.83349609375), (11, 2307.60302734375), (12, 2364.012451171875), (13, 2407.611572265625), (14, 2341.951904296875), (15, 2401.759033203125), (16, 2456.72509765625), (17, 2571.221923828125), (18, 2326.56298828125), (19, 2279.663818359375), (20, 2301.385986328125), (21, 2234.583984375), (22, 2470.10791015625), (23, 2163.8173828125), (24, 2197.440185546875), (25, 2148.900390625)], 'r2': [(0, 0.14014935493469238), (1, 0.7325587272644043), (2, 0.81758713722229), (3, 0.8086386919021606), (4, 0.863219678401947), (5, 0.8662397265434265), (6, 0.8671815991401672), (7, 0.8699137568473816), (8, 0.8856046795845032), (9, 0.8875362873077393), (10, 0.8770093321800232), (11, 0.8997700810432434), (12, 0.8907182216644287), (13, 0.8831580281257629), (14, 0.8890434503555298), (15, 0.8814740777015686), (16, 0.8696091771125793), (17, 0.871768593788147), (18, 0.8822613954544067), (19, 0.8950419425964355), (20, 0.8938103318214417), (21, 0.8976729512214661), (22, 0.8714359998703003), (23, 0.9055741429328918), (24, 0.8956347107887268), (25, 0.9055225849151611)]}
