[2026-01-11 10:32:00,052][flwr][INFO] - Starting Flower simulation, config: ServerConfig(num_rounds=50, round_timeout=None)
[2026-01-11 10:32:05,308][flwr][INFO] - Flower VCE: Ray initialized with resources: {'object_store_memory': 2147483648.0, 'node:127.0.0.1': 1.0, 'CPU': 10.0, 'memory': 11847639040.0}
[2026-01-11 10:32:05,309][flwr][INFO] - Initializing global parameters
[2026-01-11 10:32:05,309][flwr][INFO] - Using initial parameters provided by strategy
[2026-01-11 10:32:05,309][flwr][INFO] - Evaluating initial parameters
[2026-01-11 10:32:05,371][flwr][INFO] - initial parameters (loss, other metrics): 68.07474291324615, {'accuracy': 0.507}
[2026-01-11 10:32:05,371][flwr][INFO] - FL starting
[2026-01-11 10:32:05,372][flwr][DEBUG] - fit_round 1: strategy sampled 100 clients (out of 100)
[2026-01-11 10:32:10,872][flwr][DEBUG] - fit_round 1 received 100 results and 0 failures
[2026-01-11 10:32:10,907][flwr][WARNING] - No fit_metrics_aggregation_fn provided
[2026-01-11 10:32:10,940][flwr][INFO] - fit progress: (1, 64.17303800582886, {'accuracy': 0.507}, 5.568376583003555)
[2026-01-11 10:32:10,940][flwr][DEBUG] - evaluate_round 1: strategy sampled 100 clients (out of 100)
[2026-01-11 10:32:11,404][flwr][DEBUG] - evaluate_round 1 received 100 results and 0 failures
[2026-01-11 10:32:11,404][flwr][WARNING] - No evaluate_metrics_aggregation_fn provided
[2026-01-11 10:32:11,405][flwr][DEBUG] - fit_round 2: strategy sampled 100 clients (out of 100)
[2026-01-11 10:32:12,404][flwr][DEBUG] - fit_round 2 received 100 results and 0 failures
[2026-01-11 10:32:12,457][flwr][INFO] - fit progress: (2, 55.58596235513687, {'accuracy': 0.5785}, 7.086027249999461)
[2026-01-11 10:32:12,458][flwr][DEBUG] - evaluate_round 2: strategy sampled 100 clients (out of 100)
[2026-01-11 10:32:12,885][flwr][DEBUG] - evaluate_round 2 received 100 results and 0 failures
[2026-01-11 10:32:12,886][flwr][DEBUG] - fit_round 3: strategy sampled 100 clients (out of 100)
[2026-01-11 10:32:13,756][flwr][DEBUG] - fit_round 3 received 100 results and 0 failures
[2026-01-11 10:32:13,813][flwr][INFO] - fit progress: (3, 50.64361250400543, {'accuracy': 0.6005}, 8.44203175000439)
[2026-01-11 10:32:13,814][flwr][DEBUG] - evaluate_round 3: strategy sampled 100 clients (out of 100)
[2026-01-11 10:32:14,187][flwr][DEBUG] - evaluate_round 3 received 100 results and 0 failures
[2026-01-11 10:32:14,187][flwr][DEBUG] - fit_round 4: strategy sampled 100 clients (out of 100)
[2026-01-11 10:32:15,090][flwr][DEBUG] - fit_round 4 received 100 results and 0 failures
[2026-01-11 10:32:15,154][flwr][INFO] - fit progress: (4, 48.53079283237457, {'accuracy': 0.6045}, 9.782993792003253)
[2026-01-11 10:32:15,155][flwr][DEBUG] - evaluate_round 4: strategy sampled 100 clients (out of 100)
[2026-01-11 10:32:15,656][flwr][DEBUG] - evaluate_round 4 received 100 results and 0 failures
[2026-01-11 10:32:15,657][flwr][DEBUG] - fit_round 5: strategy sampled 100 clients (out of 100)
[2026-01-11 10:32:16,814][flwr][DEBUG] - fit_round 5 received 100 results and 0 failures
[2026-01-11 10:32:16,868][flwr][INFO] - fit progress: (5, 46.993578016757965, {'accuracy': 0.6065}, 11.497088999996777)
[2026-01-11 10:32:16,869][flwr][DEBUG] - evaluate_round 5: strategy sampled 100 clients (out of 100)
[2026-01-11 10:32:17,282][flwr][DEBUG] - evaluate_round 5 received 100 results and 0 failures
[2026-01-11 10:32:17,282][flwr][DEBUG] - fit_round 6: strategy sampled 100 clients (out of 100)
[2026-01-11 10:32:18,576][flwr][DEBUG] - fit_round 6 received 100 results and 0 failures
[2026-01-11 10:32:18,743][flwr][INFO] - fit progress: (6, 46.224151998758316, {'accuracy': 0.6055}, 13.371145375000197)
[2026-01-11 10:32:18,743][flwr][DEBUG] - evaluate_round 6: strategy sampled 100 clients (out of 100)
[2026-01-11 10:32:19,456][flwr][DEBUG] - evaluate_round 6 received 100 results and 0 failures
[2026-01-11 10:32:19,457][flwr][DEBUG] - fit_round 7: strategy sampled 100 clients (out of 100)
[2026-01-11 10:32:20,586][flwr][DEBUG] - fit_round 7 received 100 results and 0 failures
[2026-01-11 10:32:20,652][flwr][INFO] - fit progress: (7, 45.507789611816406, {'accuracy': 0.606}, 15.280762124995817)
[2026-01-11 10:32:20,653][flwr][DEBUG] - evaluate_round 7: strategy sampled 100 clients (out of 100)
[2026-01-11 10:32:21,077][flwr][DEBUG] - evaluate_round 7 received 100 results and 0 failures
[2026-01-11 10:32:21,077][flwr][DEBUG] - fit_round 8: strategy sampled 100 clients (out of 100)
[2026-01-11 10:32:22,225][flwr][DEBUG] - fit_round 8 received 100 results and 0 failures
[2026-01-11 10:32:22,278][flwr][INFO] - fit progress: (8, 45.021111845970154, {'accuracy': 0.606}, 16.906407667003805)
[2026-01-11 10:32:22,278][flwr][DEBUG] - evaluate_round 8: strategy sampled 100 clients (out of 100)
[2026-01-11 10:32:22,698][flwr][DEBUG] - evaluate_round 8 received 100 results and 0 failures
[2026-01-11 10:32:22,699][flwr][DEBUG] - fit_round 9: strategy sampled 100 clients (out of 100)
[2026-01-11 10:32:23,973][flwr][DEBUG] - fit_round 9 received 100 results and 0 failures
[2026-01-11 10:32:24,036][flwr][INFO] - fit progress: (9, 44.68592321872711, {'accuracy': 0.6055}, 18.66406370799814)
[2026-01-11 10:32:24,036][flwr][DEBUG] - evaluate_round 9: strategy sampled 100 clients (out of 100)
[2026-01-11 10:32:24,459][flwr][DEBUG] - evaluate_round 9 received 100 results and 0 failures
[2026-01-11 10:32:24,459][flwr][DEBUG] - fit_round 10: strategy sampled 100 clients (out of 100)
[2026-01-11 10:32:25,807][flwr][DEBUG] - fit_round 10 received 100 results and 0 failures
[2026-01-11 10:32:25,862][flwr][INFO] - fit progress: (10, 44.40933367609978, {'accuracy': 0.6055}, 20.490673749998678)
[2026-01-11 10:32:25,862][flwr][DEBUG] - evaluate_round 10: strategy sampled 100 clients (out of 100)
[2026-01-11 10:32:26,254][flwr][DEBUG] - evaluate_round 10 received 100 results and 0 failures
[2026-01-11 10:32:26,254][flwr][DEBUG] - fit_round 11: strategy sampled 100 clients (out of 100)
[2026-01-11 10:32:27,323][flwr][DEBUG] - fit_round 11 received 100 results and 0 failures
[2026-01-11 10:32:27,373][flwr][INFO] - fit progress: (11, 44.26387745141983, {'accuracy': 0.608}, 22.001796416996513)
[2026-01-11 10:32:27,374][flwr][DEBUG] - evaluate_round 11: strategy sampled 100 clients (out of 100)
[2026-01-11 10:32:27,843][flwr][DEBUG] - evaluate_round 11 received 100 results and 0 failures
[2026-01-11 10:32:27,844][flwr][DEBUG] - fit_round 12: strategy sampled 100 clients (out of 100)
[2026-01-11 10:32:29,053][flwr][DEBUG] - fit_round 12 received 100 results and 0 failures
[2026-01-11 10:32:29,111][flwr][INFO] - fit progress: (12, 44.175003588199615, {'accuracy': 0.6085}, 23.739705667001544)
[2026-01-11 10:32:29,111][flwr][DEBUG] - evaluate_round 12: strategy sampled 100 clients (out of 100)
[2026-01-11 10:32:29,603][flwr][DEBUG] - evaluate_round 12 received 100 results and 0 failures
[2026-01-11 10:32:29,604][flwr][DEBUG] - fit_round 13: strategy sampled 100 clients (out of 100)
[2026-01-11 10:32:30,523][flwr][DEBUG] - fit_round 13 received 100 results and 0 failures
[2026-01-11 10:32:30,579][flwr][INFO] - fit progress: (13, 43.95116603374481, {'accuracy': 0.609}, 25.207787332998123)
[2026-01-11 10:32:30,580][flwr][DEBUG] - evaluate_round 13: strategy sampled 100 clients (out of 100)
[2026-01-11 10:32:31,081][flwr][DEBUG] - evaluate_round 13 received 100 results and 0 failures
[2026-01-11 10:32:31,082][flwr][DEBUG] - fit_round 14: strategy sampled 100 clients (out of 100)
[2026-01-11 10:32:32,352][flwr][DEBUG] - fit_round 14 received 100 results and 0 failures
[2026-01-11 10:32:32,408][flwr][INFO] - fit progress: (14, 43.91932535171509, {'accuracy': 0.608}, 27.036822082998697)
[2026-01-11 10:32:32,409][flwr][DEBUG] - evaluate_round 14: strategy sampled 100 clients (out of 100)
[2026-01-11 10:32:32,875][flwr][DEBUG] - evaluate_round 14 received 100 results and 0 failures
[2026-01-11 10:32:32,876][flwr][DEBUG] - fit_round 15: strategy sampled 100 clients (out of 100)
[2026-01-11 10:32:34,004][flwr][DEBUG] - fit_round 15 received 100 results and 0 failures
[2026-01-11 10:32:34,059][flwr][INFO] - fit progress: (15, 43.913503378629684, {'accuracy': 0.61}, 28.68759862499428)
[2026-01-11 10:32:34,059][flwr][DEBUG] - evaluate_round 15: strategy sampled 100 clients (out of 100)
[2026-01-11 10:32:34,454][flwr][DEBUG] - evaluate_round 15 received 100 results and 0 failures
[2026-01-11 10:32:34,454][flwr][DEBUG] - fit_round 16: strategy sampled 100 clients (out of 100)
[2026-01-11 10:32:35,439][flwr][DEBUG] - fit_round 16 received 100 results and 0 failures
[2026-01-11 10:32:35,497][flwr][INFO] - fit progress: (16, 43.6470046043396, {'accuracy': 0.612}, 30.12583912500122)
[2026-01-11 10:32:35,498][flwr][DEBUG] - evaluate_round 16: strategy sampled 100 clients (out of 100)
[2026-01-11 10:32:35,911][flwr][DEBUG] - evaluate_round 16 received 100 results and 0 failures
[2026-01-11 10:32:35,912][flwr][DEBUG] - fit_round 17: strategy sampled 100 clients (out of 100)
[2026-01-11 10:32:36,991][flwr][DEBUG] - fit_round 17 received 100 results and 0 failures
[2026-01-11 10:32:37,048][flwr][INFO] - fit progress: (17, 43.65452268719673, {'accuracy': 0.6135}, 31.67623487499077)
[2026-01-11 10:32:37,048][flwr][DEBUG] - evaluate_round 17: strategy sampled 100 clients (out of 100)
[2026-01-11 10:32:37,456][flwr][DEBUG] - evaluate_round 17 received 100 results and 0 failures
[2026-01-11 10:32:37,456][flwr][DEBUG] - fit_round 18: strategy sampled 100 clients (out of 100)
[2026-01-11 10:32:38,535][flwr][DEBUG] - fit_round 18 received 100 results and 0 failures
[2026-01-11 10:32:38,588][flwr][INFO] - fit progress: (18, 43.59220710396767, {'accuracy': 0.6125}, 33.21672366699204)
[2026-01-11 10:32:38,589][flwr][DEBUG] - evaluate_round 18: strategy sampled 100 clients (out of 100)
[2026-01-11 10:32:38,987][flwr][DEBUG] - evaluate_round 18 received 100 results and 0 failures
[2026-01-11 10:32:38,988][flwr][DEBUG] - fit_round 19: strategy sampled 100 clients (out of 100)
[2026-01-11 10:32:40,079][flwr][DEBUG] - fit_round 19 received 100 results and 0 failures
[2026-01-11 10:32:40,139][flwr][INFO] - fit progress: (19, 43.58462408185005, {'accuracy': 0.616}, 34.76774979199399)
[2026-01-11 10:32:40,140][flwr][DEBUG] - evaluate_round 19: strategy sampled 100 clients (out of 100)
[2026-01-11 10:32:40,538][flwr][DEBUG] - evaluate_round 19 received 100 results and 0 failures
[2026-01-11 10:32:40,539][flwr][DEBUG] - fit_round 20: strategy sampled 100 clients (out of 100)
[2026-01-11 10:32:41,545][flwr][DEBUG] - fit_round 20 received 100 results and 0 failures
[2026-01-11 10:32:41,597][flwr][INFO] - fit progress: (20, 43.63935285806656, {'accuracy': 0.616}, 36.22545516700484)
[2026-01-11 10:32:41,597][flwr][DEBUG] - evaluate_round 20: strategy sampled 100 clients (out of 100)
[2026-01-11 10:32:42,154][flwr][DEBUG] - evaluate_round 20 received 100 results and 0 failures
[2026-01-11 10:32:42,155][flwr][DEBUG] - fit_round 21: strategy sampled 100 clients (out of 100)
[2026-01-11 10:32:43,104][flwr][DEBUG] - fit_round 21 received 100 results and 0 failures
[2026-01-11 10:32:43,182][flwr][INFO] - fit progress: (21, 43.52527552843094, {'accuracy': 0.6155}, 37.810704042)
[2026-01-11 10:32:43,183][flwr][DEBUG] - evaluate_round 21: strategy sampled 100 clients (out of 100)
[2026-01-11 10:32:43,568][flwr][DEBUG] - evaluate_round 21 received 100 results and 0 failures
[2026-01-11 10:32:43,569][flwr][DEBUG] - fit_round 22: strategy sampled 100 clients (out of 100)
[2026-01-11 10:32:44,508][flwr][DEBUG] - fit_round 22 received 100 results and 0 failures
[2026-01-11 10:32:44,565][flwr][INFO] - fit progress: (22, 43.74344304203987, {'accuracy': 0.615}, 39.19312666699989)
[2026-01-11 10:32:44,565][flwr][DEBUG] - evaluate_round 22: strategy sampled 100 clients (out of 100)
[2026-01-11 10:32:44,945][flwr][DEBUG] - evaluate_round 22 received 100 results and 0 failures
[2026-01-11 10:32:44,945][flwr][DEBUG] - fit_round 23: strategy sampled 100 clients (out of 100)
[2026-01-11 10:32:45,946][flwr][DEBUG] - fit_round 23 received 100 results and 0 failures
[2026-01-11 10:32:45,997][flwr][INFO] - fit progress: (23, 43.597031116485596, {'accuracy': 0.6135}, 40.62547087499115)
[2026-01-11 10:32:45,997][flwr][DEBUG] - evaluate_round 23: strategy sampled 100 clients (out of 100)
[2026-01-11 10:32:46,388][flwr][DEBUG] - evaluate_round 23 received 100 results and 0 failures
[2026-01-11 10:32:46,388][flwr][DEBUG] - fit_round 24: strategy sampled 100 clients (out of 100)
[2026-01-11 10:32:47,231][flwr][DEBUG] - fit_round 24 received 100 results and 0 failures
[2026-01-11 10:32:47,290][flwr][INFO] - fit progress: (24, 43.575462996959686, {'accuracy': 0.616}, 41.918312833004165)
[2026-01-11 10:32:47,290][flwr][DEBUG] - evaluate_round 24: strategy sampled 100 clients (out of 100)
[2026-01-11 10:32:47,689][flwr][DEBUG] - evaluate_round 24 received 100 results and 0 failures
[2026-01-11 10:32:47,689][flwr][DEBUG] - fit_round 25: strategy sampled 100 clients (out of 100)
[2026-01-11 10:32:48,604][flwr][DEBUG] - fit_round 25 received 100 results and 0 failures
[2026-01-11 10:32:48,657][flwr][INFO] - fit progress: (25, 43.67424422502518, {'accuracy': 0.6175}, 43.28492216700397)
[2026-01-11 10:32:48,657][flwr][DEBUG] - evaluate_round 25: strategy sampled 100 clients (out of 100)
[2026-01-11 10:32:49,089][flwr][DEBUG] - evaluate_round 25 received 100 results and 0 failures
[2026-01-11 10:32:49,089][flwr][DEBUG] - fit_round 26: strategy sampled 100 clients (out of 100)
[2026-01-11 10:32:50,005][flwr][DEBUG] - fit_round 26 received 100 results and 0 failures
[2026-01-11 10:32:50,058][flwr][INFO] - fit progress: (26, 43.69774979352951, {'accuracy': 0.615}, 44.68667241699586)
[2026-01-11 10:32:50,059][flwr][DEBUG] - evaluate_round 26: strategy sampled 100 clients (out of 100)
[2026-01-11 10:32:50,457][flwr][DEBUG] - evaluate_round 26 received 100 results and 0 failures
[2026-01-11 10:32:50,458][flwr][DEBUG] - fit_round 27: strategy sampled 100 clients (out of 100)
[2026-01-11 10:32:51,351][flwr][DEBUG] - fit_round 27 received 100 results and 0 failures
[2026-01-11 10:32:51,404][flwr][INFO] - fit progress: (27, 43.73856121301651, {'accuracy': 0.616}, 46.03237012500176)
[2026-01-11 10:32:51,404][flwr][DEBUG] - evaluate_round 27: strategy sampled 100 clients (out of 100)
[2026-01-11 10:32:51,792][flwr][DEBUG] - evaluate_round 27 received 100 results and 0 failures
[2026-01-11 10:32:51,793][flwr][DEBUG] - fit_round 28: strategy sampled 100 clients (out of 100)
[2026-01-11 10:32:52,773][flwr][DEBUG] - fit_round 28 received 100 results and 0 failures
[2026-01-11 10:32:52,824][flwr][INFO] - fit progress: (28, 43.66166400909424, {'accuracy': 0.613}, 47.452473707991885)
[2026-01-11 10:32:52,824][flwr][DEBUG] - evaluate_round 28: strategy sampled 100 clients (out of 100)
[2026-01-11 10:32:53,399][flwr][DEBUG] - evaluate_round 28 received 100 results and 0 failures
[2026-01-11 10:32:53,400][flwr][DEBUG] - fit_round 29: strategy sampled 100 clients (out of 100)
[2026-01-11 10:32:54,336][flwr][DEBUG] - fit_round 29 received 100 results and 0 failures
[2026-01-11 10:32:54,394][flwr][INFO] - fit progress: (29, 43.73579305410385, {'accuracy': 0.6135}, 49.02207437499601)
[2026-01-11 10:32:54,394][flwr][DEBUG] - evaluate_round 29: strategy sampled 100 clients (out of 100)
[2026-01-11 10:32:54,768][flwr][DEBUG] - evaluate_round 29 received 100 results and 0 failures
[2026-01-11 10:32:54,769][flwr][DEBUG] - fit_round 30: strategy sampled 100 clients (out of 100)
[2026-01-11 10:32:55,711][flwr][DEBUG] - fit_round 30 received 100 results and 0 failures
[2026-01-11 10:32:55,765][flwr][INFO] - fit progress: (30, 43.7576185464859, {'accuracy': 0.6165}, 50.39346674999979)
[2026-01-11 10:32:55,765][flwr][DEBUG] - evaluate_round 30: strategy sampled 100 clients (out of 100)
[2026-01-11 10:32:56,144][flwr][DEBUG] - evaluate_round 30 received 100 results and 0 failures
[2026-01-11 10:32:56,144][flwr][DEBUG] - fit_round 31: strategy sampled 100 clients (out of 100)
[2026-01-11 10:32:57,005][flwr][DEBUG] - fit_round 31 received 100 results and 0 failures
[2026-01-11 10:32:57,058][flwr][INFO] - fit progress: (31, 43.561555087566376, {'accuracy': 0.6165}, 51.68640099999902)
[2026-01-11 10:32:57,058][flwr][DEBUG] - evaluate_round 31: strategy sampled 100 clients (out of 100)
[2026-01-11 10:32:57,448][flwr][DEBUG] - evaluate_round 31 received 100 results and 0 failures
[2026-01-11 10:32:57,448][flwr][DEBUG] - fit_round 32: strategy sampled 100 clients (out of 100)
[2026-01-11 10:32:58,395][flwr][DEBUG] - fit_round 32 received 100 results and 0 failures
[2026-01-11 10:32:58,448][flwr][INFO] - fit progress: (32, 43.74635362625122, {'accuracy': 0.611}, 53.076180957999895)
[2026-01-11 10:32:58,448][flwr][DEBUG] - evaluate_round 32: strategy sampled 100 clients (out of 100)
[2026-01-11 10:32:58,838][flwr][DEBUG] - evaluate_round 32 received 100 results and 0 failures
[2026-01-11 10:32:58,838][flwr][DEBUG] - fit_round 33: strategy sampled 100 clients (out of 100)
[2026-01-11 10:32:59,719][flwr][DEBUG] - fit_round 33 received 100 results and 0 failures
[2026-01-11 10:32:59,773][flwr][INFO] - fit progress: (33, 43.79524648189545, {'accuracy': 0.617}, 54.40079704199161)
[2026-01-11 10:32:59,773][flwr][DEBUG] - evaluate_round 33: strategy sampled 100 clients (out of 100)
[2026-01-11 10:33:00,163][flwr][DEBUG] - evaluate_round 33 received 100 results and 0 failures
[2026-01-11 10:33:00,163][flwr][DEBUG] - fit_round 34: strategy sampled 100 clients (out of 100)
[2026-01-11 10:33:01,094][flwr][DEBUG] - fit_round 34 received 100 results and 0 failures
[2026-01-11 10:33:01,145][flwr][INFO] - fit progress: (34, 43.68952214717865, {'accuracy': 0.618}, 55.77308058299241)
[2026-01-11 10:33:01,145][flwr][DEBUG] - evaluate_round 34: strategy sampled 100 clients (out of 100)
[2026-01-11 10:33:01,606][flwr][DEBUG] - evaluate_round 34 received 100 results and 0 failures
[2026-01-11 10:33:01,607][flwr][DEBUG] - fit_round 35: strategy sampled 100 clients (out of 100)
[2026-01-11 10:33:02,659][flwr][DEBUG] - fit_round 35 received 100 results and 0 failures
[2026-01-11 10:33:02,716][flwr][INFO] - fit progress: (35, 43.57855844497681, {'accuracy': 0.6175}, 57.34409958300239)
[2026-01-11 10:33:02,716][flwr][DEBUG] - evaluate_round 35: strategy sampled 100 clients (out of 100)
[2026-01-11 10:33:03,092][flwr][DEBUG] - evaluate_round 35 received 100 results and 0 failures
[2026-01-11 10:33:03,092][flwr][DEBUG] - fit_round 36: strategy sampled 100 clients (out of 100)
[2026-01-11 10:33:03,978][flwr][DEBUG] - fit_round 36 received 100 results and 0 failures
[2026-01-11 10:33:04,041][flwr][INFO] - fit progress: (36, 43.75375574827194, {'accuracy': 0.61}, 58.669623624999076)
[2026-01-11 10:33:04,042][flwr][DEBUG] - evaluate_round 36: strategy sampled 100 clients (out of 100)
[2026-01-11 10:33:04,417][flwr][DEBUG] - evaluate_round 36 received 100 results and 0 failures
[2026-01-11 10:33:04,418][flwr][DEBUG] - fit_round 37: strategy sampled 100 clients (out of 100)
[2026-01-11 10:33:05,330][flwr][DEBUG] - fit_round 37 received 100 results and 0 failures
[2026-01-11 10:33:05,383][flwr][INFO] - fit progress: (37, 43.70418590307236, {'accuracy': 0.6175}, 60.01139604199852)
[2026-01-11 10:33:05,383][flwr][DEBUG] - evaluate_round 37: strategy sampled 100 clients (out of 100)
[2026-01-11 10:33:05,775][flwr][DEBUG] - evaluate_round 37 received 100 results and 0 failures
[2026-01-11 10:33:05,775][flwr][DEBUG] - fit_round 38: strategy sampled 100 clients (out of 100)
[2026-01-11 10:33:06,704][flwr][DEBUG] - fit_round 38 received 100 results and 0 failures
[2026-01-11 10:33:06,757][flwr][INFO] - fit progress: (38, 43.93430703878403, {'accuracy': 0.609}, 61.38491583299765)
[2026-01-11 10:33:06,757][flwr][DEBUG] - evaluate_round 38: strategy sampled 100 clients (out of 100)
[2026-01-11 10:33:07,155][flwr][DEBUG] - evaluate_round 38 received 100 results and 0 failures
[2026-01-11 10:33:07,156][flwr][DEBUG] - fit_round 39: strategy sampled 100 clients (out of 100)
[2026-01-11 10:33:08,034][flwr][DEBUG] - fit_round 39 received 100 results and 0 failures
[2026-01-11 10:33:08,087][flwr][INFO] - fit progress: (39, 43.831508338451385, {'accuracy': 0.61}, 62.71547237499908)
[2026-01-11 10:33:08,088][flwr][DEBUG] - evaluate_round 39: strategy sampled 100 clients (out of 100)
[2026-01-11 10:33:08,515][flwr][DEBUG] - evaluate_round 39 received 100 results and 0 failures
[2026-01-11 10:33:08,516][flwr][DEBUG] - fit_round 40: strategy sampled 100 clients (out of 100)
[2026-01-11 10:33:09,488][flwr][DEBUG] - fit_round 40 received 100 results and 0 failures
[2026-01-11 10:33:09,547][flwr][INFO] - fit progress: (40, 43.8697515130043, {'accuracy': 0.6045}, 64.17495583300479)
[2026-01-11 10:33:09,547][flwr][DEBUG] - evaluate_round 40: strategy sampled 100 clients (out of 100)
[2026-01-11 10:33:09,967][flwr][DEBUG] - evaluate_round 40 received 100 results and 0 failures
[2026-01-11 10:33:09,967][flwr][DEBUG] - fit_round 41: strategy sampled 100 clients (out of 100)
[2026-01-11 10:33:10,929][flwr][DEBUG] - fit_round 41 received 100 results and 0 failures
[2026-01-11 10:33:10,983][flwr][INFO] - fit progress: (41, 43.99274927377701, {'accuracy': 0.6055}, 65.61149745799776)
[2026-01-11 10:33:10,984][flwr][DEBUG] - evaluate_round 41: strategy sampled 100 clients (out of 100)
[2026-01-11 10:33:11,415][flwr][DEBUG] - evaluate_round 41 received 100 results and 0 failures
[2026-01-11 10:33:11,415][flwr][DEBUG] - fit_round 42: strategy sampled 100 clients (out of 100)
[2026-01-11 10:33:12,741][flwr][DEBUG] - fit_round 42 received 100 results and 0 failures
[2026-01-11 10:33:12,800][flwr][INFO] - fit progress: (42, 43.61239767074585, {'accuracy': 0.615}, 67.42772766700364)
[2026-01-11 10:33:12,800][flwr][DEBUG] - evaluate_round 42: strategy sampled 100 clients (out of 100)
[2026-01-11 10:33:13,228][flwr][DEBUG] - evaluate_round 42 received 100 results and 0 failures
[2026-01-11 10:33:13,228][flwr][DEBUG] - fit_round 43: strategy sampled 100 clients (out of 100)
[2026-01-11 10:33:14,219][flwr][DEBUG] - fit_round 43 received 100 results and 0 failures
[2026-01-11 10:33:14,278][flwr][INFO] - fit progress: (43, 43.75644862651825, {'accuracy': 0.6125}, 68.90593966699089)
[2026-01-11 10:33:14,278][flwr][DEBUG] - evaluate_round 43: strategy sampled 100 clients (out of 100)
[2026-01-11 10:33:14,670][flwr][DEBUG] - evaluate_round 43 received 100 results and 0 failures
[2026-01-11 10:33:14,670][flwr][DEBUG] - fit_round 44: strategy sampled 100 clients (out of 100)
[2026-01-11 10:33:15,681][flwr][DEBUG] - fit_round 44 received 100 results and 0 failures
[2026-01-11 10:33:15,735][flwr][INFO] - fit progress: (44, 43.87204992771149, {'accuracy': 0.6095}, 70.36279124999419)
[2026-01-11 10:33:15,735][flwr][DEBUG] - evaluate_round 44: strategy sampled 100 clients (out of 100)
[2026-01-11 10:33:16,109][flwr][DEBUG] - evaluate_round 44 received 100 results and 0 failures
[2026-01-11 10:33:16,110][flwr][DEBUG] - fit_round 45: strategy sampled 100 clients (out of 100)
[2026-01-11 10:33:17,116][flwr][DEBUG] - fit_round 45 received 100 results and 0 failures
[2026-01-11 10:33:17,169][flwr][INFO] - fit progress: (45, 43.50996106863022, {'accuracy': 0.613}, 71.79747925000265)
[2026-01-11 10:33:17,170][flwr][DEBUG] - evaluate_round 45: strategy sampled 100 clients (out of 100)
[2026-01-11 10:33:17,620][flwr][DEBUG] - evaluate_round 45 received 100 results and 0 failures
[2026-01-11 10:33:17,620][flwr][DEBUG] - fit_round 46: strategy sampled 100 clients (out of 100)
[2026-01-11 10:33:18,539][flwr][DEBUG] - fit_round 46 received 100 results and 0 failures
[2026-01-11 10:33:18,593][flwr][INFO] - fit progress: (46, 43.68225967884064, {'accuracy': 0.609}, 73.22138208299293)
[2026-01-11 10:33:18,593][flwr][DEBUG] - evaluate_round 46: strategy sampled 100 clients (out of 100)
[2026-01-11 10:33:18,991][flwr][DEBUG] - evaluate_round 46 received 100 results and 0 failures
[2026-01-11 10:33:18,991][flwr][DEBUG] - fit_round 47: strategy sampled 100 clients (out of 100)
[2026-01-11 10:33:19,860][flwr][DEBUG] - fit_round 47 received 100 results and 0 failures
[2026-01-11 10:33:19,918][flwr][INFO] - fit progress: (47, 43.65146362781525, {'accuracy': 0.61}, 74.54585183299787)
[2026-01-11 10:33:19,918][flwr][DEBUG] - evaluate_round 47: strategy sampled 100 clients (out of 100)
[2026-01-11 10:33:20,307][flwr][DEBUG] - evaluate_round 47 received 100 results and 0 failures
[2026-01-11 10:33:20,307][flwr][DEBUG] - fit_round 48: strategy sampled 100 clients (out of 100)
[2026-01-11 10:33:21,225][flwr][DEBUG] - fit_round 48 received 100 results and 0 failures
[2026-01-11 10:33:21,279][flwr][INFO] - fit progress: (48, 43.85221308469772, {'accuracy': 0.605}, 75.90672420799092)
[2026-01-11 10:33:21,279][flwr][DEBUG] - evaluate_round 48: strategy sampled 100 clients (out of 100)
[2026-01-11 10:33:21,662][flwr][DEBUG] - evaluate_round 48 received 100 results and 0 failures
[2026-01-11 10:33:21,663][flwr][DEBUG] - fit_round 49: strategy sampled 100 clients (out of 100)
[2026-01-11 10:33:22,647][flwr][DEBUG] - fit_round 49 received 100 results and 0 failures
[2026-01-11 10:33:22,700][flwr][INFO] - fit progress: (49, 43.55959916114807, {'accuracy': 0.6075}, 77.32795183299459)
[2026-01-11 10:33:22,700][flwr][DEBUG] - evaluate_round 49: strategy sampled 100 clients (out of 100)
[2026-01-11 10:33:23,094][flwr][DEBUG] - evaluate_round 49 received 100 results and 0 failures
[2026-01-11 10:33:23,095][flwr][DEBUG] - fit_round 50: strategy sampled 100 clients (out of 100)
[2026-01-11 10:33:24,012][flwr][DEBUG] - fit_round 50 received 100 results and 0 failures
[2026-01-11 10:33:24,067][flwr][INFO] - fit progress: (50, 43.64967542886734, {'accuracy': 0.602}, 78.69545470799494)
[2026-01-11 10:33:24,068][flwr][DEBUG] - evaluate_round 50: strategy sampled 100 clients (out of 100)
[2026-01-11 10:33:24,475][flwr][DEBUG] - evaluate_round 50 received 100 results and 0 failures
[2026-01-11 10:33:24,475][flwr][INFO] - FL finished in 79.10285579199262
[2026-01-11 10:33:24,476][flwr][INFO] - app_fit: losses_distributed [(1, 1.0261432271497377), (2, 0.8884001064185261), (3, 0.8108018636873016), (4, 0.7773375687813461), (5, 0.7525514119280348), (6, 0.7403097302230145), (7, 0.7289581018604923), (8, 0.7213404548181744), (9, 0.716017501074842), (10, 0.7118479233485169), (11, 0.7098499355801678), (12, 0.7089089121800912), (13, 0.7054089699215992), (14, 0.7048418957049258), (15, 0.7050382259627116), (16, 0.7004581700514608), (17, 0.7009657023981027), (18, 0.6996473505228453), (19, 0.6999251072181641), (20, 0.7009560438180268), (21, 0.6989508317666927), (22, 0.7029995371050395), (23, 0.7007695451226251), (24, 0.7005483119560997), (25, 0.702397664015068), (26, 0.7029806031030735), (27, 0.7039205112385397), (28, 0.7022388159923586), (29, 0.7036949285603763), (30, 0.7047981903618106), (31, 0.7014268138472401), (32, 0.7042348021906255), (33, 0.7052523414938117), (34, 0.7037827371364296), (35, 0.7021864201530255), (36, 0.7050927120840454), (37, 0.7045640552986469), (38, 0.7082379854817168), (39, 0.7066691222688579), (40, 0.7070582743323025), (41, 0.7090833390023521), (42, 0.7031736891627719), (43, 0.7056661667270465), (44, 0.7074854912001118), (45, 0.7015053142663155), (46, 0.7042024820466632), (47, 0.7038021608424269), (48, 0.7070239010829568), (49, 0.7023428636809664), (50, 0.7037040727706764)]
[2026-01-11 10:33:24,476][flwr][INFO] - app_fit: metrics_distributed_fit {}
[2026-01-11 10:33:24,476][flwr][INFO] - app_fit: metrics_distributed {}
[2026-01-11 10:33:24,476][flwr][INFO] - app_fit: losses_centralized [(0, 68.07474291324615), (1, 64.17303800582886), (2, 55.58596235513687), (3, 50.64361250400543), (4, 48.53079283237457), (5, 46.993578016757965), (6, 46.224151998758316), (7, 45.507789611816406), (8, 45.021111845970154), (9, 44.68592321872711), (10, 44.40933367609978), (11, 44.26387745141983), (12, 44.175003588199615), (13, 43.95116603374481), (14, 43.91932535171509), (15, 43.913503378629684), (16, 43.6470046043396), (17, 43.65452268719673), (18, 43.59220710396767), (19, 43.58462408185005), (20, 43.63935285806656), (21, 43.52527552843094), (22, 43.74344304203987), (23, 43.597031116485596), (24, 43.575462996959686), (25, 43.67424422502518), (26, 43.69774979352951), (27, 43.73856121301651), (28, 43.66166400909424), (29, 43.73579305410385), (30, 43.7576185464859), (31, 43.561555087566376), (32, 43.74635362625122), (33, 43.79524648189545), (34, 43.68952214717865), (35, 43.57855844497681), (36, 43.75375574827194), (37, 43.70418590307236), (38, 43.93430703878403), (39, 43.831508338451385), (40, 43.8697515130043), (41, 43.99274927377701), (42, 43.61239767074585), (43, 43.75644862651825), (44, 43.87204992771149), (45, 43.50996106863022), (46, 43.68225967884064), (47, 43.65146362781525), (48, 43.85221308469772), (49, 43.55959916114807), (50, 43.64967542886734)]
[2026-01-11 10:33:24,476][flwr][INFO] - app_fit: metrics_centralized {'accuracy': [(0, 0.507), (1, 0.507), (2, 0.5785), (3, 0.6005), (4, 0.6045), (5, 0.6065), (6, 0.6055), (7, 0.606), (8, 0.606), (9, 0.6055), (10, 0.6055), (11, 0.608), (12, 0.6085), (13, 0.609), (14, 0.608), (15, 0.61), (16, 0.612), (17, 0.6135), (18, 0.6125), (19, 0.616), (20, 0.616), (21, 0.6155), (22, 0.615), (23, 0.6135), (24, 0.616), (25, 0.6175), (26, 0.615), (27, 0.616), (28, 0.613), (29, 0.6135), (30, 0.6165), (31, 0.6165), (32, 0.611), (33, 0.617), (34, 0.618), (35, 0.6175), (36, 0.61), (37, 0.6175), (38, 0.609), (39, 0.61), (40, 0.6045), (41, 0.6055), (42, 0.615), (43, 0.6125), (44, 0.6095), (45, 0.613), (46, 0.609), (47, 0.61), (48, 0.605), (49, 0.6075), (50, 0.602)]}
[2026-01-11 10:33:24,532][flwr][INFO] - Starting Flower simulation, config: ServerConfig(num_rounds=50, round_timeout=None)
[2026-01-11 10:33:31,630][flwr][INFO] - Flower VCE: Ray initialized with resources: {'node:127.0.0.1': 1.0, 'object_store_memory': 2147483648.0, 'memory': 12161760871.0, 'CPU': 10.0}
[2026-01-11 10:33:31,631][flwr][INFO] - Initializing global parameters
[2026-01-11 10:33:31,631][flwr][INFO] - Using initial parameters provided by strategy
[2026-01-11 10:33:31,631][flwr][INFO] - Evaluating initial parameters
[2026-01-11 10:33:31,655][flwr][INFO] - initial parameters (loss, other metrics): 67.88411092758179, {'accuracy': 0.3585, 'adaptive_mu': 0.001}
[2026-01-11 10:33:31,655][flwr][INFO] - FL starting
[2026-01-11 10:33:31,656][flwr][DEBUG] - fit_round 1: strategy sampled 100 clients (out of 100)
[2026-01-11 10:33:38,215][flwr][DEBUG] - fit_round 1 received 100 results and 0 failures
[2026-01-11 10:33:38,254][flwr][WARNING] - No fit_metrics_aggregation_fn provided
[2026-01-11 10:33:38,315][flwr][INFO] - fit progress: (1, 63.27455288171768, {'accuracy': 0.512, 'adaptive_mu': 0.001}, 6.659435583991581)
[2026-01-11 10:33:38,315][flwr][DEBUG] - evaluate_round 1: strategy sampled 100 clients (out of 100)
[2026-01-11 10:33:38,720][flwr][DEBUG] - evaluate_round 1 received 100 results and 0 failures
[2026-01-11 10:33:38,720][flwr][WARNING] - No evaluate_metrics_aggregation_fn provided
[2026-01-11 10:33:38,721][flwr][DEBUG] - fit_round 2: strategy sampled 100 clients (out of 100)
[2026-01-11 10:33:40,119][flwr][DEBUG] - fit_round 2 received 100 results and 0 failures
[2026-01-11 10:33:40,205][flwr][INFO] - fit progress: (2, 57.89112740755081, {'accuracy': 0.5655, 'adaptive_mu': 0.001}, 8.549468583994894)
[2026-01-11 10:33:40,205][flwr][DEBUG] - evaluate_round 2: strategy sampled 100 clients (out of 100)
[2026-01-11 10:33:40,640][flwr][DEBUG] - evaluate_round 2 received 100 results and 0 failures
[2026-01-11 10:33:40,640][flwr][DEBUG] - fit_round 3: strategy sampled 100 clients (out of 100)
[2026-01-11 10:33:41,982][flwr][DEBUG] - fit_round 3 received 100 results and 0 failures
[2026-01-11 10:33:42,067][flwr][INFO] - fit progress: (3, 52.6992524266243, {'accuracy': 0.592, 'adaptive_mu': 0.001}, 10.412252042006003)
[2026-01-11 10:33:42,068][flwr][DEBUG] - evaluate_round 3: strategy sampled 100 clients (out of 100)
[2026-01-11 10:33:42,464][flwr][DEBUG] - evaluate_round 3 received 100 results and 0 failures
[2026-01-11 10:33:42,465][flwr][DEBUG] - fit_round 4: strategy sampled 100 clients (out of 100)
[2026-01-11 10:33:43,859][flwr][DEBUG] - fit_round 4 received 100 results and 0 failures
[2026-01-11 10:33:43,947][flwr][INFO] - fit progress: (4, 49.69822382926941, {'accuracy': 0.5955, 'adaptive_mu': 0.0018928445891186075}, 12.29201220899995)
[2026-01-11 10:33:43,948][flwr][DEBUG] - evaluate_round 4: strategy sampled 100 clients (out of 100)
[2026-01-11 10:33:44,333][flwr][DEBUG] - evaluate_round 4 received 100 results and 0 failures
[2026-01-11 10:33:44,333][flwr][DEBUG] - fit_round 5: strategy sampled 100 clients (out of 100)
[2026-01-11 10:33:45,680][flwr][DEBUG] - fit_round 5 received 100 results and 0 failures
[2026-01-11 10:33:45,765][flwr][INFO] - fit progress: (5, 48.02421709895134, {'accuracy': 0.6015, 'adaptive_mu': 0.002538420500835188}, 14.10983704199316)
[2026-01-11 10:33:45,765][flwr][DEBUG] - evaluate_round 5: strategy sampled 100 clients (out of 100)
[2026-01-11 10:33:46,143][flwr][DEBUG] - evaluate_round 5 received 100 results and 0 failures
[2026-01-11 10:33:46,144][flwr][DEBUG] - fit_round 6: strategy sampled 100 clients (out of 100)
[2026-01-11 10:33:47,484][flwr][DEBUG] - fit_round 6 received 100 results and 0 failures
[2026-01-11 10:33:47,581][flwr][INFO] - fit progress: (6, 47.04916748404503, {'accuracy': 0.6045, 'adaptive_mu': 0.0029749044435393645}, 15.925590416998602)
[2026-01-11 10:33:47,581][flwr][DEBUG] - evaluate_round 6: strategy sampled 100 clients (out of 100)
[2026-01-11 10:33:47,980][flwr][DEBUG] - evaluate_round 6 received 100 results and 0 failures
[2026-01-11 10:33:47,980][flwr][DEBUG] - fit_round 7: strategy sampled 100 clients (out of 100)
[2026-01-11 10:33:49,650][flwr][DEBUG] - fit_round 7 received 100 results and 0 failures
[2026-01-11 10:33:49,741][flwr][INFO] - fit progress: (7, 46.31884300708771, {'accuracy': 0.606, 'adaptive_mu': 0.003247847251301432}, 18.085953375004465)
[2026-01-11 10:33:49,742][flwr][DEBUG] - evaluate_round 7: strategy sampled 100 clients (out of 100)
[2026-01-11 10:33:50,151][flwr][DEBUG] - evaluate_round 7 received 100 results and 0 failures
[2026-01-11 10:33:50,151][flwr][DEBUG] - fit_round 8: strategy sampled 100 clients (out of 100)
[2026-01-11 10:33:51,674][flwr][DEBUG] - fit_round 8 received 100 results and 0 failures
[2026-01-11 10:33:51,765][flwr][INFO] - fit progress: (8, 45.908765822649, {'accuracy': 0.6065, 'adaptive_mu': 0.003403027212031617}, 20.10964549999335)
[2026-01-11 10:33:51,765][flwr][DEBUG] - evaluate_round 8: strategy sampled 100 clients (out of 100)
[2026-01-11 10:33:52,152][flwr][DEBUG] - evaluate_round 8 received 100 results and 0 failures
[2026-01-11 10:33:52,153][flwr][DEBUG] - fit_round 9: strategy sampled 100 clients (out of 100)
[2026-01-11 10:33:53,371][flwr][DEBUG] - fit_round 9 received 100 results and 0 failures
[2026-01-11 10:33:53,458][flwr][INFO] - fit progress: (9, 45.38932138681412, {'accuracy': 0.604, 'adaptive_mu': 0.00348958524498776}, 21.80299616699631)
[2026-01-11 10:33:53,459][flwr][DEBUG] - evaluate_round 9: strategy sampled 100 clients (out of 100)
[2026-01-11 10:33:53,849][flwr][DEBUG] - evaluate_round 9 received 100 results and 0 failures
[2026-01-11 10:33:53,849][flwr][DEBUG] - fit_round 10: strategy sampled 100 clients (out of 100)
[2026-01-11 10:33:55,156][flwr][DEBUG] - fit_round 10 received 100 results and 0 failures
[2026-01-11 10:33:55,243][flwr][INFO] - fit progress: (10, 45.18164387345314, {'accuracy': 0.6025, 'adaptive_mu': 0.003538516049292473}, 23.587752042003558)
[2026-01-11 10:33:55,243][flwr][DEBUG] - evaluate_round 10: strategy sampled 100 clients (out of 100)
[2026-01-11 10:33:55,629][flwr][DEBUG] - evaluate_round 10 received 100 results and 0 failures
[2026-01-11 10:33:55,629][flwr][DEBUG] - fit_round 11: strategy sampled 100 clients (out of 100)
[2026-01-11 10:33:56,970][flwr][DEBUG] - fit_round 11 received 100 results and 0 failures
[2026-01-11 10:33:57,059][flwr][INFO] - fit progress: (11, 44.89683863520622, {'accuracy': 0.6035, 'adaptive_mu': 0.003565322858143361}, 25.40408849999949)
[2026-01-11 10:33:57,060][flwr][DEBUG] - evaluate_round 11: strategy sampled 100 clients (out of 100)
[2026-01-11 10:33:57,478][flwr][DEBUG] - evaluate_round 11 received 100 results and 0 failures
[2026-01-11 10:33:57,479][flwr][DEBUG] - fit_round 12: strategy sampled 100 clients (out of 100)
[2026-01-11 10:33:59,005][flwr][DEBUG] - fit_round 12 received 100 results and 0 failures
[2026-01-11 10:33:59,091][flwr][INFO] - fit progress: (12, 44.66212683916092, {'accuracy': 0.6035, 'adaptive_mu': 0.0035788566665741744}, 27.435988833996817)
[2026-01-11 10:33:59,092][flwr][DEBUG] - evaluate_round 12: strategy sampled 100 clients (out of 100)
[2026-01-11 10:33:59,489][flwr][DEBUG] - evaluate_round 12 received 100 results and 0 failures
[2026-01-11 10:33:59,490][flwr][DEBUG] - fit_round 13: strategy sampled 100 clients (out of 100)
[2026-01-11 10:34:00,905][flwr][DEBUG] - fit_round 13 received 100 results and 0 failures
[2026-01-11 10:34:01,115][flwr][INFO] - fit progress: (13, 44.3241682946682, {'accuracy': 0.604, 'adaptive_mu': 0.0035851074735128593}, 29.459626333991764)
[2026-01-11 10:34:01,115][flwr][DEBUG] - evaluate_round 13: strategy sampled 100 clients (out of 100)
[2026-01-11 10:34:01,600][flwr][DEBUG] - evaluate_round 13 received 100 results and 0 failures
[2026-01-11 10:34:01,600][flwr][DEBUG] - fit_round 14: strategy sampled 100 clients (out of 100)
[2026-01-11 10:34:03,020][flwr][DEBUG] - fit_round 14 received 100 results and 0 failures
[2026-01-11 10:34:03,111][flwr][INFO] - fit progress: (14, 44.3768966794014, {'accuracy': 0.605, 'adaptive_mu': 0.003586571847941686}, 31.455267375000403)
[2026-01-11 10:34:03,111][flwr][DEBUG] - evaluate_round 14: strategy sampled 100 clients (out of 100)
[2026-01-11 10:34:03,588][flwr][DEBUG] - evaluate_round 14 received 100 results and 0 failures
[2026-01-11 10:34:03,588][flwr][DEBUG] - fit_round 15: strategy sampled 100 clients (out of 100)
[2026-01-11 10:34:04,937][flwr][DEBUG] - fit_round 15 received 100 results and 0 failures
[2026-01-11 10:34:05,021][flwr][INFO] - fit progress: (15, 44.33943256735802, {'accuracy': 0.6075, 'adaptive_mu': 0.0035849414826374425}, 33.36573066699202)
[2026-01-11 10:34:05,021][flwr][DEBUG] - evaluate_round 15: strategy sampled 100 clients (out of 100)
[2026-01-11 10:34:05,410][flwr][DEBUG] - evaluate_round 15 received 100 results and 0 failures
[2026-01-11 10:34:05,411][flwr][DEBUG] - fit_round 16: strategy sampled 100 clients (out of 100)
[2026-01-11 10:34:06,623][flwr][DEBUG] - fit_round 16 received 100 results and 0 failures
[2026-01-11 10:34:06,711][flwr][INFO] - fit progress: (16, 44.1935148537159, {'accuracy': 0.606, 'adaptive_mu': 0.003580419068400488}, 35.055205708995345)
[2026-01-11 10:34:06,711][flwr][DEBUG] - evaluate_round 16: strategy sampled 100 clients (out of 100)
[2026-01-11 10:34:07,083][flwr][DEBUG] - evaluate_round 16 received 100 results and 0 failures
[2026-01-11 10:34:07,084][flwr][DEBUG] - fit_round 17: strategy sampled 100 clients (out of 100)
[2026-01-11 10:34:08,658][flwr][DEBUG] - fit_round 17 received 100 results and 0 failures
[2026-01-11 10:34:08,749][flwr][INFO] - fit progress: (17, 44.154469817876816, {'accuracy': 0.607, 'adaptive_mu': 0.0035743286361591955}, 37.093345041997964)
[2026-01-11 10:34:08,749][flwr][DEBUG] - evaluate_round 17: strategy sampled 100 clients (out of 100)
[2026-01-11 10:34:09,131][flwr][DEBUG] - evaluate_round 17 received 100 results and 0 failures
[2026-01-11 10:34:09,132][flwr][DEBUG] - fit_round 18: strategy sampled 100 clients (out of 100)
[2026-01-11 10:34:10,420][flwr][DEBUG] - fit_round 18 received 100 results and 0 failures
[2026-01-11 10:34:10,505][flwr][INFO] - fit progress: (18, 44.10293647646904, {'accuracy': 0.607, 'adaptive_mu': 0.0035668388630015154}, 38.84995775000425)
[2026-01-11 10:34:10,506][flwr][DEBUG] - evaluate_round 18: strategy sampled 100 clients (out of 100)
[2026-01-11 10:34:10,944][flwr][DEBUG] - evaluate_round 18 received 100 results and 0 failures
[2026-01-11 10:34:10,945][flwr][DEBUG] - fit_round 19: strategy sampled 100 clients (out of 100)
[2026-01-11 10:34:12,570][flwr][DEBUG] - fit_round 19 received 100 results and 0 failures
[2026-01-11 10:34:12,663][flwr][INFO] - fit progress: (19, 44.121335446834564, {'accuracy': 0.606, 'adaptive_mu': 0.003561009678127944}, 41.00787495900295)
[2026-01-11 10:34:12,664][flwr][DEBUG] - evaluate_round 19: strategy sampled 100 clients (out of 100)
[2026-01-11 10:34:13,163][flwr][DEBUG] - evaluate_round 19 received 100 results and 0 failures
[2026-01-11 10:34:13,164][flwr][DEBUG] - fit_round 20: strategy sampled 100 clients (out of 100)
[2026-01-11 10:34:14,697][flwr][DEBUG] - fit_round 20 received 100 results and 0 failures
[2026-01-11 10:34:14,790][flwr][INFO] - fit progress: (20, 44.196472853422165, {'accuracy': 0.607, 'adaptive_mu': 0.0035551694350480223}, 43.13498724999954)
[2026-01-11 10:34:14,791][flwr][DEBUG] - evaluate_round 20: strategy sampled 100 clients (out of 100)
[2026-01-11 10:34:15,267][flwr][DEBUG] - evaluate_round 20 received 100 results and 0 failures
[2026-01-11 10:34:15,267][flwr][DEBUG] - fit_round 21: strategy sampled 100 clients (out of 100)
[2026-01-11 10:34:16,696][flwr][DEBUG] - fit_round 21 received 100 results and 0 failures
[2026-01-11 10:34:16,953][flwr][INFO] - fit progress: (21, 43.80208346247673, {'accuracy': 0.6095, 'adaptive_mu': 0.003548607538966419}, 45.29746170899307)
[2026-01-11 10:34:16,953][flwr][DEBUG] - evaluate_round 21: strategy sampled 100 clients (out of 100)
[2026-01-11 10:34:17,354][flwr][DEBUG] - evaluate_round 21 received 100 results and 0 failures
[2026-01-11 10:34:17,355][flwr][DEBUG] - fit_round 22: strategy sampled 100 clients (out of 100)
[2026-01-11 10:34:18,609][flwr][DEBUG] - fit_round 22 received 100 results and 0 failures
[2026-01-11 10:34:18,703][flwr][INFO] - fit progress: (22, 43.93034490942955, {'accuracy': 0.608, 'adaptive_mu': 0.003545837033935943}, 47.047614374998375)
[2026-01-11 10:34:18,703][flwr][DEBUG] - evaluate_round 22: strategy sampled 100 clients (out of 100)
[2026-01-11 10:34:19,086][flwr][DEBUG] - evaluate_round 22 received 100 results and 0 failures
[2026-01-11 10:34:19,086][flwr][DEBUG] - fit_round 23: strategy sampled 100 clients (out of 100)
[2026-01-11 10:34:20,351][flwr][DEBUG] - fit_round 23 received 100 results and 0 failures
[2026-01-11 10:34:20,446][flwr][INFO] - fit progress: (23, 43.999327421188354, {'accuracy': 0.6125, 'adaptive_mu': 0.00354289226853805}, 48.79013037499681)
[2026-01-11 10:34:20,446][flwr][DEBUG] - evaluate_round 23: strategy sampled 100 clients (out of 100)
[2026-01-11 10:34:20,872][flwr][DEBUG] - evaluate_round 23 received 100 results and 0 failures
[2026-01-11 10:34:20,872][flwr][DEBUG] - fit_round 24: strategy sampled 100 clients (out of 100)
[2026-01-11 10:34:22,281][flwr][DEBUG] - fit_round 24 received 100 results and 0 failures
[2026-01-11 10:34:22,362][flwr][INFO] - fit progress: (24, 43.99276828765869, {'accuracy': 0.611, 'adaptive_mu': 0.0035396596026840733}, 50.70645083399722)
[2026-01-11 10:34:22,362][flwr][DEBUG] - evaluate_round 24: strategy sampled 100 clients (out of 100)
[2026-01-11 10:34:22,743][flwr][DEBUG] - evaluate_round 24 received 100 results and 0 failures
[2026-01-11 10:34:22,744][flwr][DEBUG] - fit_round 25: strategy sampled 100 clients (out of 100)
[2026-01-11 10:34:24,083][flwr][DEBUG] - fit_round 25 received 100 results and 0 failures
[2026-01-11 10:34:24,165][flwr][INFO] - fit progress: (25, 43.99517494440079, {'accuracy': 0.609, 'adaptive_mu': 0.0035362974543938384}, 52.5097931670025)
[2026-01-11 10:34:24,166][flwr][DEBUG] - evaluate_round 25: strategy sampled 100 clients (out of 100)
[2026-01-11 10:34:24,560][flwr][DEBUG] - evaluate_round 25 received 100 results and 0 failures
[2026-01-11 10:34:24,561][flwr][DEBUG] - fit_round 26: strategy sampled 100 clients (out of 100)
[2026-01-11 10:34:26,244][flwr][DEBUG] - fit_round 26 received 100 results and 0 failures
[2026-01-11 10:34:26,345][flwr][INFO] - fit progress: (26, 44.03943997621536, {'accuracy': 0.6125, 'adaptive_mu': 0.0035320577444224737}, 54.689675417001126)
[2026-01-11 10:34:26,346][flwr][DEBUG] - evaluate_round 26: strategy sampled 100 clients (out of 100)
[2026-01-11 10:34:26,769][flwr][DEBUG] - evaluate_round 26 received 100 results and 0 failures
[2026-01-11 10:34:26,769][flwr][DEBUG] - fit_round 27: strategy sampled 100 clients (out of 100)
[2026-01-11 10:34:28,248][flwr][DEBUG] - fit_round 27 received 100 results and 0 failures
[2026-01-11 10:34:28,338][flwr][INFO] - fit progress: (27, 44.26259505748749, {'accuracy': 0.611, 'adaptive_mu': 0.0035272365600122263}, 56.68227375000424)
[2026-01-11 10:34:28,339][flwr][DEBUG] - evaluate_round 27: strategy sampled 100 clients (out of 100)
[2026-01-11 10:34:28,824][flwr][DEBUG] - evaluate_round 27 received 100 results and 0 failures
[2026-01-11 10:34:28,825][flwr][DEBUG] - fit_round 28: strategy sampled 100 clients (out of 100)
[2026-01-11 10:34:30,245][flwr][DEBUG] - fit_round 28 received 100 results and 0 failures
[2026-01-11 10:34:30,331][flwr][INFO] - fit progress: (28, 43.99711385369301, {'accuracy': 0.6115, 'adaptive_mu': 0.00352456370105903}, 58.67532579199178)
[2026-01-11 10:34:30,331][flwr][DEBUG] - evaluate_round 28: strategy sampled 100 clients (out of 100)
[2026-01-11 10:34:30,734][flwr][DEBUG] - evaluate_round 28 received 100 results and 0 failures
[2026-01-11 10:34:30,734][flwr][DEBUG] - fit_round 29: strategy sampled 100 clients (out of 100)
[2026-01-11 10:34:31,995][flwr][DEBUG] - fit_round 29 received 100 results and 0 failures
[2026-01-11 10:34:32,081][flwr][INFO] - fit progress: (29, 44.30441027879715, {'accuracy': 0.6095, 'adaptive_mu': 0.0035223443036273136}, 60.42500662499515)
[2026-01-11 10:34:32,081][flwr][DEBUG] - evaluate_round 29: strategy sampled 100 clients (out of 100)
[2026-01-11 10:34:32,487][flwr][DEBUG] - evaluate_round 29 received 100 results and 0 failures
[2026-01-11 10:34:32,487][flwr][DEBUG] - fit_round 30: strategy sampled 100 clients (out of 100)
[2026-01-11 10:34:33,912][flwr][DEBUG] - fit_round 30 received 100 results and 0 failures
[2026-01-11 10:34:33,999][flwr][INFO] - fit progress: (30, 44.12491571903229, {'accuracy': 0.6135, 'adaptive_mu': 0.0035202849849337685}, 62.34375945899228)
[2026-01-11 10:34:34,000][flwr][DEBUG] - evaluate_round 30: strategy sampled 100 clients (out of 100)
[2026-01-11 10:34:34,394][flwr][DEBUG] - evaluate_round 30 received 100 results and 0 failures
[2026-01-11 10:34:34,394][flwr][DEBUG] - fit_round 31: strategy sampled 100 clients (out of 100)
[2026-01-11 10:34:36,122][flwr][DEBUG] - fit_round 31 received 100 results and 0 failures
[2026-01-11 10:34:36,342][flwr][INFO] - fit progress: (31, 44.32157552242279, {'accuracy': 0.612, 'adaptive_mu': 0.0035179064635633955}, 64.68652508400555)
[2026-01-11 10:34:36,342][flwr][DEBUG] - evaluate_round 31: strategy sampled 100 clients (out of 100)
[2026-01-11 10:34:36,847][flwr][DEBUG] - evaluate_round 31 received 100 results and 0 failures
[2026-01-11 10:34:36,848][flwr][DEBUG] - fit_round 32: strategy sampled 100 clients (out of 100)
[2026-01-11 10:34:38,387][flwr][DEBUG] - fit_round 32 received 100 results and 0 failures
[2026-01-11 10:34:38,484][flwr][INFO] - fit progress: (32, 44.1500740647316, {'accuracy': 0.613, 'adaptive_mu': 0.0035159581154101437}, 66.82816658400407)
[2026-01-11 10:34:38,484][flwr][DEBUG] - evaluate_round 32: strategy sampled 100 clients (out of 100)
[2026-01-11 10:34:38,910][flwr][DEBUG] - evaluate_round 32 received 100 results and 0 failures
[2026-01-11 10:34:38,911][flwr][DEBUG] - fit_round 33: strategy sampled 100 clients (out of 100)
[2026-01-11 10:34:40,320][flwr][DEBUG] - fit_round 33 received 100 results and 0 failures
[2026-01-11 10:34:40,408][flwr][INFO] - fit progress: (33, 44.18364930152893, {'accuracy': 0.6135, 'adaptive_mu': 0.0035136229761606255}, 68.75215070899867)
[2026-01-11 10:34:40,408][flwr][DEBUG] - evaluate_round 33: strategy sampled 100 clients (out of 100)
[2026-01-11 10:34:40,820][flwr][DEBUG] - evaluate_round 33 received 100 results and 0 failures
[2026-01-11 10:34:40,821][flwr][DEBUG] - fit_round 34: strategy sampled 100 clients (out of 100)
[2026-01-11 10:34:42,958][flwr][DEBUG] - fit_round 34 received 100 results and 0 failures
[2026-01-11 10:34:43,049][flwr][INFO] - fit progress: (34, 44.25944912433624, {'accuracy': 0.611, 'adaptive_mu': 0.0035112310682525716}, 71.39360912499251)
[2026-01-11 10:34:43,050][flwr][DEBUG] - evaluate_round 34: strategy sampled 100 clients (out of 100)
[2026-01-11 10:34:43,487][flwr][DEBUG] - evaluate_round 34 received 100 results and 0 failures
[2026-01-11 10:34:43,491][flwr][DEBUG] - fit_round 35: strategy sampled 100 clients (out of 100)
[2026-01-11 10:34:45,080][flwr][DEBUG] - fit_round 35 received 100 results and 0 failures
[2026-01-11 10:34:45,165][flwr][INFO] - fit progress: (35, 44.14252042770386, {'accuracy': 0.6145, 'adaptive_mu': 0.003508066917937368}, 73.50914179200481)
[2026-01-11 10:34:45,165][flwr][DEBUG] - evaluate_round 35: strategy sampled 100 clients (out of 100)
[2026-01-11 10:34:45,563][flwr][DEBUG] - evaluate_round 35 received 100 results and 0 failures
[2026-01-11 10:34:45,564][flwr][DEBUG] - fit_round 36: strategy sampled 100 clients (out of 100)
[2026-01-11 10:34:46,957][flwr][DEBUG] - fit_round 36 received 100 results and 0 failures
[2026-01-11 10:34:47,044][flwr][INFO] - fit progress: (36, 44.220556020736694, {'accuracy': 0.614, 'adaptive_mu': 0.0035062958685072787}, 75.3879785839963)
[2026-01-11 10:34:47,044][flwr][DEBUG] - evaluate_round 36: strategy sampled 100 clients (out of 100)
[2026-01-11 10:34:47,669][flwr][DEBUG] - evaluate_round 36 received 100 results and 0 failures
[2026-01-11 10:34:47,669][flwr][DEBUG] - fit_round 37: strategy sampled 100 clients (out of 100)
[2026-01-11 10:34:49,014][flwr][DEBUG] - fit_round 37 received 100 results and 0 failures
[2026-01-11 10:34:49,108][flwr][INFO] - fit progress: (37, 44.215245604515076, {'accuracy': 0.6165, 'adaptive_mu': 0.003503723599903195}, 77.45263091700326)
[2026-01-11 10:34:49,109][flwr][DEBUG] - evaluate_round 37: strategy sampled 100 clients (out of 100)
[2026-01-11 10:34:49,527][flwr][DEBUG] - evaluate_round 37 received 100 results and 0 failures
[2026-01-11 10:34:49,527][flwr][DEBUG] - fit_round 38: strategy sampled 100 clients (out of 100)
[2026-01-11 10:34:50,914][flwr][DEBUG] - fit_round 38 received 100 results and 0 failures
[2026-01-11 10:34:50,996][flwr][INFO] - fit progress: (38, 44.568940222263336, {'accuracy': 0.6125, 'adaptive_mu': 0.0035014863461545363}, 79.34062745899428)
[2026-01-11 10:34:50,997][flwr][DEBUG] - evaluate_round 38: strategy sampled 100 clients (out of 100)
[2026-01-11 10:34:51,363][flwr][DEBUG] - evaluate_round 38 received 100 results and 0 failures
[2026-01-11 10:34:51,363][flwr][DEBUG] - fit_round 39: strategy sampled 100 clients (out of 100)
[2026-01-11 10:34:52,905][flwr][DEBUG] - fit_round 39 received 100 results and 0 failures
[2026-01-11 10:34:52,989][flwr][INFO] - fit progress: (39, 44.37769877910614, {'accuracy': 0.6105, 'adaptive_mu': 0.00350126289271864}, 81.33325049999985)
[2026-01-11 10:34:52,989][flwr][DEBUG] - evaluate_round 39: strategy sampled 100 clients (out of 100)
[2026-01-11 10:34:53,377][flwr][DEBUG] - evaluate_round 39 received 100 results and 0 failures
[2026-01-11 10:34:53,378][flwr][DEBUG] - fit_round 40: strategy sampled 100 clients (out of 100)
[2026-01-11 10:34:54,683][flwr][DEBUG] - fit_round 40 received 100 results and 0 failures
[2026-01-11 10:34:54,772][flwr][INFO] - fit progress: (40, 44.43816781044006, {'accuracy': 0.614, 'adaptive_mu': 0.0035007125233385786}, 83.1162756249978)
[2026-01-11 10:34:54,772][flwr][DEBUG] - evaluate_round 40: strategy sampled 100 clients (out of 100)
[2026-01-11 10:34:55,152][flwr][DEBUG] - evaluate_round 40 received 100 results and 0 failures
[2026-01-11 10:34:55,152][flwr][DEBUG] - fit_round 41: strategy sampled 100 clients (out of 100)
[2026-01-11 10:34:56,444][flwr][DEBUG] - fit_round 41 received 100 results and 0 failures
[2026-01-11 10:34:56,531][flwr][INFO] - fit progress: (41, 44.4822478890419, {'accuracy': 0.6115, 'adaptive_mu': 0.00349996839334418}, 84.87536008399911)
[2026-01-11 10:34:56,531][flwr][DEBUG] - evaluate_round 41: strategy sampled 100 clients (out of 100)
[2026-01-11 10:34:56,911][flwr][DEBUG] - evaluate_round 41 received 100 results and 0 failures
[2026-01-11 10:34:56,911][flwr][DEBUG] - fit_round 42: strategy sampled 100 clients (out of 100)
[2026-01-11 10:34:58,279][flwr][DEBUG] - fit_round 42 received 100 results and 0 failures
[2026-01-11 10:34:58,365][flwr][INFO] - fit progress: (42, 44.702766597270966, {'accuracy': 0.612, 'adaptive_mu': 0.003498498751840444}, 86.70891479200509)
[2026-01-11 10:34:58,365][flwr][DEBUG] - evaluate_round 42: strategy sampled 100 clients (out of 100)
[2026-01-11 10:34:58,750][flwr][DEBUG] - evaluate_round 42 received 100 results and 0 failures
[2026-01-11 10:34:58,750][flwr][DEBUG] - fit_round 43: strategy sampled 100 clients (out of 100)
[2026-01-11 10:34:59,997][flwr][DEBUG] - fit_round 43 received 100 results and 0 failures
[2026-01-11 10:35:00,082][flwr][INFO] - fit progress: (43, 44.428501427173615, {'accuracy': 0.6145, 'adaptive_mu': 0.003496361127466224}, 88.42657599999802)
[2026-01-11 10:35:00,083][flwr][DEBUG] - evaluate_round 43: strategy sampled 100 clients (out of 100)
[2026-01-11 10:35:00,457][flwr][DEBUG] - evaluate_round 43 received 100 results and 0 failures
[2026-01-11 10:35:00,457][flwr][DEBUG] - fit_round 44: strategy sampled 100 clients (out of 100)
[2026-01-11 10:35:01,887][flwr][DEBUG] - fit_round 44 received 100 results and 0 failures
[2026-01-11 10:35:01,985][flwr][INFO] - fit progress: (44, 44.419587433338165, {'accuracy': 0.613, 'adaptive_mu': 0.0034955599264189716}, 90.32877462499891)
[2026-01-11 10:35:01,985][flwr][DEBUG] - evaluate_round 44: strategy sampled 100 clients (out of 100)
[2026-01-11 10:35:02,375][flwr][DEBUG] - evaluate_round 44 received 100 results and 0 failures
[2026-01-11 10:35:02,376][flwr][DEBUG] - fit_round 45: strategy sampled 100 clients (out of 100)
[2026-01-11 10:35:03,681][flwr][DEBUG] - fit_round 45 received 100 results and 0 failures
[2026-01-11 10:35:03,767][flwr][INFO] - fit progress: (45, 44.47842574119568, {'accuracy': 0.612, 'adaptive_mu': 0.0034949388753742587}, 92.1108382090024)
[2026-01-11 10:35:03,767][flwr][DEBUG] - evaluate_round 45: strategy sampled 100 clients (out of 100)
[2026-01-11 10:35:04,198][flwr][DEBUG] - evaluate_round 45 received 100 results and 0 failures
[2026-01-11 10:35:04,199][flwr][DEBUG] - fit_round 46: strategy sampled 100 clients (out of 100)
[2026-01-11 10:35:05,616][flwr][DEBUG] - fit_round 46 received 100 results and 0 failures
[2026-01-11 10:35:05,708][flwr][INFO] - fit progress: (46, 44.83103519678116, {'accuracy': 0.6115, 'adaptive_mu': 0.0034939364143546448}, 94.05240033399605)
[2026-01-11 10:35:05,709][flwr][DEBUG] - evaluate_round 46: strategy sampled 100 clients (out of 100)
[2026-01-11 10:35:06,086][flwr][DEBUG] - evaluate_round 46 received 100 results and 0 failures
[2026-01-11 10:35:06,087][flwr][DEBUG] - fit_round 47: strategy sampled 100 clients (out of 100)
[2026-01-11 10:35:07,386][flwr][DEBUG] - fit_round 47 received 100 results and 0 failures
[2026-01-11 10:35:07,475][flwr][INFO] - fit progress: (47, 44.433229088783264, {'accuracy': 0.612, 'adaptive_mu': 0.003493468050462298}, 95.81895945899305)
[2026-01-11 10:35:07,475][flwr][DEBUG] - evaluate_round 47: strategy sampled 100 clients (out of 100)
[2026-01-11 10:35:07,877][flwr][DEBUG] - evaluate_round 47 received 100 results and 0 failures
[2026-01-11 10:35:07,877][flwr][DEBUG] - fit_round 48: strategy sampled 100 clients (out of 100)
[2026-01-11 10:35:09,228][flwr][DEBUG] - fit_round 48 received 100 results and 0 failures
[2026-01-11 10:35:09,315][flwr][INFO] - fit progress: (48, 44.547529458999634, {'accuracy': 0.609, 'adaptive_mu': 0.0034924404373828525}, 97.65904616699845)
[2026-01-11 10:35:09,315][flwr][DEBUG] - evaluate_round 48: strategy sampled 100 clients (out of 100)
[2026-01-11 10:35:09,707][flwr][DEBUG] - evaluate_round 48 received 100 results and 0 failures
[2026-01-11 10:35:09,708][flwr][DEBUG] - fit_round 49: strategy sampled 100 clients (out of 100)
[2026-01-11 10:35:11,357][flwr][DEBUG] - fit_round 49 received 100 results and 0 failures
[2026-01-11 10:35:11,445][flwr][INFO] - fit progress: (49, 44.75595289468765, {'accuracy': 0.608, 'adaptive_mu': 0.0034916226956087804}, 99.78946549999819)
[2026-01-11 10:35:11,446][flwr][DEBUG] - evaluate_round 49: strategy sampled 100 clients (out of 100)
[2026-01-11 10:35:12,012][flwr][DEBUG] - evaluate_round 49 received 100 results and 0 failures
[2026-01-11 10:35:12,012][flwr][DEBUG] - fit_round 50: strategy sampled 100 clients (out of 100)
[2026-01-11 10:35:13,299][flwr][DEBUG] - fit_round 50 received 100 results and 0 failures
[2026-01-11 10:35:13,391][flwr][INFO] - fit progress: (50, 44.37039768695831, {'accuracy': 0.6135, 'adaptive_mu': 0.0034910691951267996}, 101.73496858400176)
[2026-01-11 10:35:13,391][flwr][DEBUG] - evaluate_round 50: strategy sampled 100 clients (out of 100)
[2026-01-11 10:35:13,808][flwr][DEBUG] - evaluate_round 50 received 100 results and 0 failures
[2026-01-11 10:35:13,808][flwr][INFO] - FL finished in 102.15257679199567
[2026-01-11 10:35:13,809][flwr][INFO] - app_fit: losses_distributed [(1, 1.0126694887706986), (2, 0.9289364634554269), (3, 0.848241154939377), (4, 0.8011534902965385), (5, 0.7742326232997766), (6, 0.7584339615055047), (7, 0.7466805165673821), (8, 0.7400576440072846), (9, 0.7315945200477987), (10, 0.7285275617964032), (11, 0.7237978508278508), (12, 0.7196630549885171), (13, 0.7138941334952538), (14, 0.7150501143674666), (15, 0.7145471161102136), (16, 0.7121327610959779), (17, 0.711451336131161), (18, 0.7110306250865955), (19, 0.7114637582070185), (20, 0.7130979334128188), (21, 0.7066481056473768), (22, 0.7086579887296017), (23, 0.7100495366174071), (24, 0.7098952152758871), (25, 0.7098279799312455), (26, 0.7108827185847789), (27, 0.7145515302613598), (28, 0.7100170882285252), (29, 0.7149619766605321), (30, 0.7123765061366816), (31, 0.7156913922304993), (32, 0.7128188011318072), (33, 0.7132982800166897), (34, 0.7146008554952001), (35, 0.712923947522529), (36, 0.714131763533385), (37, 0.7143033702388423), (38, 0.7201093843670835), (39, 0.7166349069216417), (40, 0.7181193380869831), (41, 0.7186013620189975), (42, 0.722341076726257), (43, 0.7179641081984404), (44, 0.717538051247868), (45, 0.7185095388938135), (46, 0.7243758602082662), (47, 0.7178956236143568), (48, 0.7194324423123545), (49, 0.7231589672033832), (50, 0.7165658289695899)]
[2026-01-11 10:35:13,809][flwr][INFO] - app_fit: metrics_distributed_fit {'adaptive_mu': [(1, 0.001), (2, 0.001), (3, 0.001), (4, 0.0018928445891186075), (5, 0.002538420500835188), (6, 0.0029749044435393645), (7, 0.003247847251301432), (8, 0.003403027212031617), (9, 0.00348958524498776), (10, 0.003538516049292473), (11, 0.003565322858143361), (12, 0.0035788566665741744), (13, 0.0035851074735128593), (14, 0.003586571847941686), (15, 0.0035849414826374425), (16, 0.003580419068400488), (17, 0.0035743286361591955), (18, 0.0035668388630015154), (19, 0.003561009678127944), (20, 0.0035551694350480223), (21, 0.003548607538966419), (22, 0.003545837033935943), (23, 0.00354289226853805), (24, 0.0035396596026840733), (25, 0.0035362974543938384), (26, 0.0035320577444224737), (27, 0.0035272365600122263), (28, 0.00352456370105903), (29, 0.0035223443036273136), (30, 0.0035202849849337685), (31, 0.0035179064635633955), (32, 0.0035159581154101437), (33, 0.0035136229761606255), (34, 0.0035112310682525716), (35, 0.003508066917937368), (36, 0.0035062958685072787), (37, 0.003503723599903195), (38, 0.0035014863461545363), (39, 0.00350126289271864), (40, 0.0035007125233385786), (41, 0.00349996839334418), (42, 0.003498498751840444), (43, 0.003496361127466224), (44, 0.0034955599264189716), (45, 0.0034949388753742587), (46, 0.0034939364143546448), (47, 0.003493468050462298), (48, 0.0034924404373828525), (49, 0.0034916226956087804), (50, 0.0034910691951267996)], 'gradient_divergence': [(1, 3.834733783081174), (2, 3.70937832724303), (3, 3.326632411852479), (4, 2.9917898624390364), (5, 2.7803796807676555), (6, 2.639823144078255), (7, 2.529076646603644), (8, 2.4486803113669158), (9, 2.3767095200717447), (10, 2.3149846958741547), (11, 2.2640649105235933), (12, 2.2226263577491046), (13, 2.1899531994760038), (14, 2.1508690379932522), (15, 2.1211327712610366), (16, 2.0989131209999323), (17, 2.0747636076435447), (18, 2.044621166586876), (19, 2.025934802144766), (20, 2.0048301438242198), (21, 1.982617387957871), (22, 1.9721813654527067), (23, 1.9552406583353876), (24, 1.9391994759254159), (25, 1.9271126301959156), (26, 1.9180154653452337), (27, 1.9055324919521808), (28, 1.8924861124902963), (29, 1.8876736993342638), (30, 1.8710479027405382), (31, 1.8634615606442093), (32, 1.858926285672933), (33, 1.847450520209968), (34, 1.8499097125604749), (35, 1.833787663951516), (36, 1.8403686070814729), (37, 1.8312655563652516), (38, 1.8273267273791134), (39, 1.8123828224651515), (40, 1.8066874532960355), (41, 1.8075824039429427), (42, 1.8010310213267804), (43, 1.7898443287424743), (44, 1.7976593525521458), (45, 1.798857606202364), (46, 1.7931974436528981), (47, 1.779498044103384), (48, 1.7737115047127008), (49, 1.774324114769697), (50, 1.7732208785228432)], 'avg_label_entropy': [(1, 0.6811522277531928), (2, 0.6811522277531928), (3, 0.681152227753193), (4, 0.6811522277531928), (5, 0.6811522277531928), (6, 0.6811522277531928), (7, 0.681152227753193), (8, 0.6811522277531928), (9, 0.6811522277531928), (10, 0.6811522277531928), (11, 0.6811522277531928), (12, 0.6811522277531927), (13, 0.6811522277531927), (14, 0.6811522277531928), (15, 0.6811522277531927), (16, 0.6811522277531927), (17, 0.681152227753193), (18, 0.6811522277531928), (19, 0.6811522277531928), (20, 0.6811522277531928), (21, 0.6811522277531931), (22, 0.6811522277531928), (23, 0.6811522277531927), (24, 0.6811522277531927), (25, 0.681152227753193), (26, 0.6811522277531928), (27, 0.681152227753193), (28, 0.6811522277531928), (29, 0.6811522277531928), (30, 0.6811522277531928), (31, 0.6811522277531928), (32, 0.6811522277531928), (33, 0.6811522277531928), (34, 0.6811522277531928), (35, 0.6811522277531927), (36, 0.681152227753193), (37, 0.6811522277531928), (38, 0.681152227753193), (39, 0.6811522277531928), (40, 0.681152227753193), (41, 0.6811522277531928), (42, 0.6811522277531928), (43, 0.6811522277531928), (44, 0.6811522277531928), (45, 0.6811522277531928), (46, 0.6811522277531927), (47, 0.6811522277531928), (48, 0.6811522277531927), (49, 0.6811522277531927), (50, 0.6811522277531928)], 'avg_feature_variance': [(1, 0.9265728989243507), (2, 0.9265728887915611), (3, 0.9265728923678398), (4, 0.9265729025006294), (5, 0.9265729030966758), (6, 0.9265728938579559), (7, 0.9265729025006294), (8, 0.9265728998184204), (9, 0.9265728896856308), (10, 0.9265728884935379), (11, 0.9265729001164437), (12, 0.9265728858113289), (13, 0.9265729022026062), (14, 0.9265728956460952), (15, 0.9265728995203972), (16, 0.9265729114413261), (17, 0.9265728959441185), (18, 0.9265729036927223), (19, 0.9265728929638862), (20, 0.9265729036927223), (21, 0.9265729078650474), (22, 0.9265728938579559), (23, 0.9265728980302811), (24, 0.9265728884935379), (25, 0.9265728926658631), (26, 0.9265729039907455), (27, 0.9265729138255119), (28, 0.9265728959441185), (29, 0.9265729048848153), (30, 0.9265728956460952), (31, 0.9265729111433029), (32, 0.9265728902816772), (33, 0.9265728920698166), (34, 0.9265728995203972), (35, 0.9265729057788848), (36, 0.9265728956460952), (37, 0.9265728980302811), (38, 0.9265728870034218), (39, 0.9265728887915611), (40, 0.9265728917717934), (41, 0.9265728959441185), (42, 0.9265728908777237), (43, 0.9265728893876076), (44, 0.9265729010105133), (45, 0.9265729108452797), (46, 0.926572907269001), (47, 0.9265728950500488), (48, 0.926572901904583), (49, 0.9265728980302811), (50, 0.9265729078650474)]}
[2026-01-11 10:35:13,810][flwr][INFO] - app_fit: metrics_distributed {}
[2026-01-11 10:35:13,810][flwr][INFO] - app_fit: losses_centralized [(0, 67.88411092758179), (1, 63.27455288171768), (2, 57.89112740755081), (3, 52.6992524266243), (4, 49.69822382926941), (5, 48.02421709895134), (6, 47.04916748404503), (7, 46.31884300708771), (8, 45.908765822649), (9, 45.38932138681412), (10, 45.18164387345314), (11, 44.89683863520622), (12, 44.66212683916092), (13, 44.3241682946682), (14, 44.3768966794014), (15, 44.33943256735802), (16, 44.1935148537159), (17, 44.154469817876816), (18, 44.10293647646904), (19, 44.121335446834564), (20, 44.196472853422165), (21, 43.80208346247673), (22, 43.93034490942955), (23, 43.999327421188354), (24, 43.99276828765869), (25, 43.99517494440079), (26, 44.03943997621536), (27, 44.26259505748749), (28, 43.99711385369301), (29, 44.30441027879715), (30, 44.12491571903229), (31, 44.32157552242279), (32, 44.1500740647316), (33, 44.18364930152893), (34, 44.25944912433624), (35, 44.14252042770386), (36, 44.220556020736694), (37, 44.215245604515076), (38, 44.568940222263336), (39, 44.37769877910614), (40, 44.43816781044006), (41, 44.4822478890419), (42, 44.702766597270966), (43, 44.428501427173615), (44, 44.419587433338165), (45, 44.47842574119568), (46, 44.83103519678116), (47, 44.433229088783264), (48, 44.547529458999634), (49, 44.75595289468765), (50, 44.37039768695831)]
[2026-01-11 10:35:13,810][flwr][INFO] - app_fit: metrics_centralized {'accuracy': [(0, 0.3585), (1, 0.512), (2, 0.5655), (3, 0.592), (4, 0.5955), (5, 0.6015), (6, 0.6045), (7, 0.606), (8, 0.6065), (9, 0.604), (10, 0.6025), (11, 0.6035), (12, 0.6035), (13, 0.604), (14, 0.605), (15, 0.6075), (16, 0.606), (17, 0.607), (18, 0.607), (19, 0.606), (20, 0.607), (21, 0.6095), (22, 0.608), (23, 0.6125), (24, 0.611), (25, 0.609), (26, 0.6125), (27, 0.611), (28, 0.6115), (29, 0.6095), (30, 0.6135), (31, 0.612), (32, 0.613), (33, 0.6135), (34, 0.611), (35, 0.6145), (36, 0.614), (37, 0.6165), (38, 0.6125), (39, 0.6105), (40, 0.614), (41, 0.6115), (42, 0.612), (43, 0.6145), (44, 0.613), (45, 0.612), (46, 0.6115), (47, 0.612), (48, 0.609), (49, 0.608), (50, 0.6135)], 'adaptive_mu': [(0, 0.001), (1, 0.001), (2, 0.001), (3, 0.001), (4, 0.0018928445891186075), (5, 0.002538420500835188), (6, 0.0029749044435393645), (7, 0.003247847251301432), (8, 0.003403027212031617), (9, 0.00348958524498776), (10, 0.003538516049292473), (11, 0.003565322858143361), (12, 0.0035788566665741744), (13, 0.0035851074735128593), (14, 0.003586571847941686), (15, 0.0035849414826374425), (16, 0.003580419068400488), (17, 0.0035743286361591955), (18, 0.0035668388630015154), (19, 0.003561009678127944), (20, 0.0035551694350480223), (21, 0.003548607538966419), (22, 0.003545837033935943), (23, 0.00354289226853805), (24, 0.0035396596026840733), (25, 0.0035362974543938384), (26, 0.0035320577444224737), (27, 0.0035272365600122263), (28, 0.00352456370105903), (29, 0.0035223443036273136), (30, 0.0035202849849337685), (31, 0.0035179064635633955), (32, 0.0035159581154101437), (33, 0.0035136229761606255), (34, 0.0035112310682525716), (35, 0.003508066917937368), (36, 0.0035062958685072787), (37, 0.003503723599903195), (38, 0.0035014863461545363), (39, 0.00350126289271864), (40, 0.0035007125233385786), (41, 0.00349996839334418), (42, 0.003498498751840444), (43, 0.003496361127466224), (44, 0.0034955599264189716), (45, 0.0034949388753742587), (46, 0.0034939364143546448), (47, 0.003493468050462298), (48, 0.0034924404373828525), (49, 0.0034916226956087804), (50, 0.0034910691951267996)]}
[2026-01-11 10:35:13,860][flwr][INFO] - Starting Flower simulation, config: ServerConfig(num_rounds=50, round_timeout=None)
[2026-01-11 10:35:20,947][flwr][INFO] - Flower VCE: Ray initialized with resources: {'object_store_memory': 2147483648.0, 'node:127.0.0.1': 1.0, 'memory': 12272997991.0, 'CPU': 10.0}
[2026-01-11 10:35:20,948][flwr][INFO] - Initializing global parameters
[2026-01-11 10:35:20,948][flwr][INFO] - Using initial parameters provided by strategy
[2026-01-11 10:35:20,948][flwr][INFO] - Evaluating initial parameters
[2026-01-11 10:35:20,973][flwr][INFO] - initial parameters (loss, other metrics): 71.80140054225922, {'accuracy': 0.238}
[2026-01-11 10:35:20,973][flwr][INFO] - FL starting
[2026-01-11 10:35:20,974][flwr][DEBUG] - fit_round 1: strategy sampled 10 clients (out of 100)
[2026-01-11 10:35:26,341][flwr][DEBUG] - fit_round 1 received 10 results and 0 failures
[2026-01-11 10:35:26,382][flwr][INFO] - fit progress: (1, 78.06627798080444, {'accuracy': 0.248}, 5.4092059999966295)
[2026-01-11 10:35:26,382][flwr][INFO] - evaluate_round 1: no clients selected, cancel
[2026-01-11 10:35:26,386][flwr][DEBUG] - fit_round 2: strategy sampled 10 clients (out of 100)
[2026-01-11 10:35:26,585][flwr][DEBUG] - fit_round 2 received 10 results and 0 failures
[2026-01-11 10:35:26,611][flwr][INFO] - fit progress: (2, 64.21919894218445, {'accuracy': 0.4095}, 5.637691874988377)
[2026-01-11 10:35:26,611][flwr][INFO] - evaluate_round 2: no clients selected, cancel
[2026-01-11 10:35:26,611][flwr][DEBUG] - fit_round 3: strategy sampled 10 clients (out of 100)
[2026-01-11 10:35:26,821][flwr][DEBUG] - fit_round 3 received 10 results and 0 failures
[2026-01-11 10:35:26,847][flwr][INFO] - fit progress: (3, 51.73915582895279, {'accuracy': 0.63}, 5.874195332988165)
[2026-01-11 10:35:26,847][flwr][INFO] - evaluate_round 3: no clients selected, cancel
[2026-01-11 10:35:26,848][flwr][DEBUG] - fit_round 4: strategy sampled 10 clients (out of 100)
[2026-01-11 10:35:27,064][flwr][DEBUG] - fit_round 4 received 10 results and 0 failures
[2026-01-11 10:35:27,089][flwr][INFO] - fit progress: (4, 67.40850323438644, {'accuracy': 0.493}, 6.116017499996815)
[2026-01-11 10:35:27,089][flwr][INFO] - evaluate_round 4: no clients selected, cancel
[2026-01-11 10:35:27,090][flwr][DEBUG] - fit_round 5: strategy sampled 10 clients (out of 100)
[2026-01-11 10:35:27,385][flwr][DEBUG] - fit_round 5 received 10 results and 0 failures
[2026-01-11 10:35:27,410][flwr][INFO] - fit progress: (5, 83.3022027015686, {'accuracy': 0.306}, 6.436642541986657)
[2026-01-11 10:35:27,410][flwr][INFO] - evaluate_round 5: no clients selected, cancel
[2026-01-11 10:35:27,410][flwr][DEBUG] - fit_round 6: strategy sampled 10 clients (out of 100)
[2026-01-11 10:35:27,629][flwr][DEBUG] - fit_round 6 received 10 results and 0 failures
[2026-01-11 10:35:27,654][flwr][INFO] - fit progress: (6, 68.7083391547203, {'accuracy': 0.567}, 6.681551707995823)
[2026-01-11 10:35:27,655][flwr][INFO] - evaluate_round 6: no clients selected, cancel
[2026-01-11 10:35:27,655][flwr][DEBUG] - fit_round 7: strategy sampled 10 clients (out of 100)
[2026-01-11 10:35:27,883][flwr][DEBUG] - fit_round 7 received 10 results and 0 failures
[2026-01-11 10:35:27,911][flwr][INFO] - fit progress: (7, 170.36953151226044, {'accuracy': 0.507}, 6.938464041988482)
[2026-01-11 10:35:27,912][flwr][INFO] - evaluate_round 7: no clients selected, cancel
[2026-01-11 10:35:27,912][flwr][DEBUG] - fit_round 8: strategy sampled 10 clients (out of 100)
[2026-01-11 10:35:28,149][flwr][DEBUG] - fit_round 8 received 10 results and 0 failures
[2026-01-11 10:35:28,174][flwr][INFO] - fit progress: (8, 69.86592274904251, {'accuracy': 0.5405}, 7.200879624986555)
[2026-01-11 10:35:28,174][flwr][INFO] - evaluate_round 8: no clients selected, cancel
[2026-01-11 10:35:28,174][flwr][DEBUG] - fit_round 9: strategy sampled 10 clients (out of 100)
[2026-01-11 10:35:28,407][flwr][DEBUG] - fit_round 9 received 10 results and 0 failures
[2026-01-11 10:35:28,433][flwr][INFO] - fit progress: (9, 191.63801503181458, {'accuracy': 0.4645}, 7.46008241699019)
[2026-01-11 10:35:28,433][flwr][INFO] - evaluate_round 9: no clients selected, cancel
[2026-01-11 10:35:28,434][flwr][DEBUG] - fit_round 10: strategy sampled 10 clients (out of 100)
[2026-01-11 10:35:28,708][flwr][DEBUG] - fit_round 10 received 10 results and 0 failures
[2026-01-11 10:35:28,739][flwr][INFO] - fit progress: (10, 86.47056356072426, {'accuracy': 0.621}, 7.766104666996398)
[2026-01-11 10:35:28,739][flwr][INFO] - evaluate_round 10: no clients selected, cancel
[2026-01-11 10:35:28,740][flwr][DEBUG] - fit_round 11: strategy sampled 10 clients (out of 100)
[2026-01-11 10:35:29,004][flwr][DEBUG] - fit_round 11 received 10 results and 0 failures
[2026-01-11 10:35:29,040][flwr][INFO] - fit progress: (11, 234.97069001197815, {'accuracy': 0.51}, 8.067352624988416)
[2026-01-11 10:35:29,041][flwr][INFO] - evaluate_round 11: no clients selected, cancel
[2026-01-11 10:35:29,042][flwr][DEBUG] - fit_round 12: strategy sampled 10 clients (out of 100)
[2026-01-11 10:35:29,332][flwr][DEBUG] - fit_round 12 received 10 results and 0 failures
[2026-01-11 10:35:29,360][flwr][INFO] - fit progress: (12, 168.22463423013687, {'accuracy': 0.5115}, 8.387363874993753)
[2026-01-11 10:35:29,360][flwr][INFO] - evaluate_round 12: no clients selected, cancel
[2026-01-11 10:35:29,361][flwr][DEBUG] - fit_round 13: strategy sampled 10 clients (out of 100)
[2026-01-11 10:35:29,578][flwr][DEBUG] - fit_round 13 received 10 results and 0 failures
[2026-01-11 10:35:29,606][flwr][INFO] - fit progress: (13, 107.96149981021881, {'accuracy': 0.476}, 8.633258416986791)
[2026-01-11 10:35:29,606][flwr][INFO] - evaluate_round 13: no clients selected, cancel
[2026-01-11 10:35:29,607][flwr][DEBUG] - fit_round 14: strategy sampled 10 clients (out of 100)
[2026-01-11 10:35:29,853][flwr][DEBUG] - fit_round 14 received 10 results and 0 failures
[2026-01-11 10:35:29,878][flwr][INFO] - fit progress: (14, 186.06559097766876, {'accuracy': 0.476}, 8.905247541988501)
[2026-01-11 10:35:29,878][flwr][INFO] - evaluate_round 14: no clients selected, cancel
[2026-01-11 10:35:29,879][flwr][DEBUG] - fit_round 15: strategy sampled 10 clients (out of 100)
[2026-01-11 10:35:30,109][flwr][DEBUG] - fit_round 15 received 10 results and 0 failures
[2026-01-11 10:35:30,135][flwr][INFO] - fit progress: (15, 63.013955771923065, {'accuracy': 0.5665}, 9.161701457996969)
[2026-01-11 10:35:30,135][flwr][INFO] - evaluate_round 15: no clients selected, cancel
[2026-01-11 10:35:30,135][flwr][DEBUG] - fit_round 16: strategy sampled 10 clients (out of 100)
[2026-01-11 10:35:30,374][flwr][DEBUG] - fit_round 16 received 10 results and 0 failures
[2026-01-11 10:35:30,398][flwr][INFO] - fit progress: (16, 162.4696867465973, {'accuracy': 0.509}, 9.425452749987016)
[2026-01-11 10:35:30,398][flwr][INFO] - evaluate_round 16: no clients selected, cancel
[2026-01-11 10:35:30,399][flwr][DEBUG] - fit_round 17: strategy sampled 10 clients (out of 100)
[2026-01-11 10:35:30,635][flwr][DEBUG] - fit_round 17 received 10 results and 0 failures
[2026-01-11 10:35:30,660][flwr][INFO] - fit progress: (17, 181.4112285375595, {'accuracy': 0.317}, 9.686945499997819)
[2026-01-11 10:35:30,660][flwr][INFO] - evaluate_round 17: no clients selected, cancel
[2026-01-11 10:35:30,660][flwr][DEBUG] - fit_round 18: strategy sampled 10 clients (out of 100)
[2026-01-11 10:35:30,912][flwr][DEBUG] - fit_round 18 received 10 results and 0 failures
[2026-01-11 10:35:30,937][flwr][INFO] - fit progress: (18, 194.7205948829651, {'accuracy': 0.5115}, 9.964082999998936)
[2026-01-11 10:35:30,937][flwr][INFO] - evaluate_round 18: no clients selected, cancel
[2026-01-11 10:35:30,938][flwr][DEBUG] - fit_round 19: strategy sampled 10 clients (out of 100)
[2026-01-11 10:35:31,174][flwr][DEBUG] - fit_round 19 received 10 results and 0 failures
[2026-01-11 10:35:31,199][flwr][INFO] - fit progress: (19, 103.25052118301392, {'accuracy': 0.52}, 10.226079166997806)
[2026-01-11 10:35:31,199][flwr][INFO] - evaluate_round 19: no clients selected, cancel
[2026-01-11 10:35:31,200][flwr][DEBUG] - fit_round 20: strategy sampled 10 clients (out of 100)
[2026-01-11 10:35:31,444][flwr][DEBUG] - fit_round 20 received 10 results and 0 failures
[2026-01-11 10:35:31,567][flwr][INFO] - fit progress: (20, 94.77287912368774, {'accuracy': 0.475}, 10.594268000000739)
[2026-01-11 10:35:31,567][flwr][INFO] - evaluate_round 20: no clients selected, cancel
[2026-01-11 10:35:31,568][flwr][DEBUG] - fit_round 21: strategy sampled 10 clients (out of 100)
[2026-01-11 10:35:31,805][flwr][DEBUG] - fit_round 21 received 10 results and 0 failures
[2026-01-11 10:35:31,833][flwr][INFO] - fit progress: (21, 78.92226910591125, {'accuracy': 0.6165}, 10.859637916990323)
[2026-01-11 10:35:31,833][flwr][INFO] - evaluate_round 21: no clients selected, cancel
[2026-01-11 10:35:31,833][flwr][DEBUG] - fit_round 22: strategy sampled 10 clients (out of 100)
[2026-01-11 10:35:32,078][flwr][DEBUG] - fit_round 22 received 10 results and 0 failures
[2026-01-11 10:35:32,103][flwr][INFO] - fit progress: (22, 48.779532849788666, {'accuracy': 0.622}, 11.130050499996287)
[2026-01-11 10:35:32,103][flwr][INFO] - evaluate_round 22: no clients selected, cancel
[2026-01-11 10:35:32,104][flwr][DEBUG] - fit_round 23: strategy sampled 10 clients (out of 100)
[2026-01-11 10:35:32,369][flwr][DEBUG] - fit_round 23 received 10 results and 0 failures
[2026-01-11 10:35:32,743][flwr][INFO] - fit progress: (23, 77.4145712852478, {'accuracy': 0.579}, 11.769609332986875)
[2026-01-11 10:35:32,743][flwr][INFO] - evaluate_round 23: no clients selected, cancel
[2026-01-11 10:35:32,743][flwr][DEBUG] - fit_round 24: strategy sampled 10 clients (out of 100)
[2026-01-11 10:35:32,990][flwr][DEBUG] - fit_round 24 received 10 results and 0 failures
[2026-01-11 10:35:33,015][flwr][INFO] - fit progress: (24, 117.87218880653381, {'accuracy': 0.4775}, 12.042303499998525)
[2026-01-11 10:35:33,015][flwr][INFO] - evaluate_round 24: no clients selected, cancel
[2026-01-11 10:35:33,016][flwr][DEBUG] - fit_round 25: strategy sampled 10 clients (out of 100)
[2026-01-11 10:35:33,260][flwr][DEBUG] - fit_round 25 received 10 results and 0 failures
[2026-01-11 10:35:33,284][flwr][INFO] - fit progress: (25, 51.71734178066254, {'accuracy': 0.6285}, 12.31140645800042)
[2026-01-11 10:35:33,284][flwr][INFO] - evaluate_round 25: no clients selected, cancel
[2026-01-11 10:35:33,285][flwr][DEBUG] - fit_round 26: strategy sampled 10 clients (out of 100)
[2026-01-11 10:35:33,529][flwr][DEBUG] - fit_round 26 received 10 results and 0 failures
[2026-01-11 10:35:33,553][flwr][INFO] - fit progress: (26, 88.2132140994072, {'accuracy': 0.4785}, 12.580196208000416)
[2026-01-11 10:35:33,553][flwr][INFO] - evaluate_round 26: no clients selected, cancel
[2026-01-11 10:35:33,554][flwr][DEBUG] - fit_round 27: strategy sampled 10 clients (out of 100)
[2026-01-11 10:35:33,787][flwr][DEBUG] - fit_round 27 received 10 results and 0 failures
[2026-01-11 10:35:33,813][flwr][INFO] - fit progress: (27, 60.5335835814476, {'accuracy': 0.622}, 12.840447082999162)
[2026-01-11 10:35:33,814][flwr][INFO] - evaluate_round 27: no clients selected, cancel
[2026-01-11 10:35:33,814][flwr][DEBUG] - fit_round 28: strategy sampled 10 clients (out of 100)
[2026-01-11 10:35:34,391][flwr][DEBUG] - fit_round 28 received 10 results and 0 failures
[2026-01-11 10:35:34,417][flwr][INFO] - fit progress: (28, 128.10225450992584, {'accuracy': 0.4785}, 13.444169666996459)
[2026-01-11 10:35:34,417][flwr][INFO] - evaluate_round 28: no clients selected, cancel
[2026-01-11 10:35:34,418][flwr][DEBUG] - fit_round 29: strategy sampled 10 clients (out of 100)
[2026-01-11 10:35:34,661][flwr][DEBUG] - fit_round 29 received 10 results and 0 failures
[2026-01-11 10:35:34,686][flwr][INFO] - fit progress: (29, 58.12460815906525, {'accuracy': 0.5825}, 13.71332483299193)
[2026-01-11 10:35:34,686][flwr][INFO] - evaluate_round 29: no clients selected, cancel
[2026-01-11 10:35:34,687][flwr][DEBUG] - fit_round 30: strategy sampled 10 clients (out of 100)
[2026-01-11 10:35:34,933][flwr][DEBUG] - fit_round 30 received 10 results and 0 failures
[2026-01-11 10:35:34,959][flwr][INFO] - fit progress: (30, 61.152988970279694, {'accuracy': 0.6155}, 13.9860003329959)
[2026-01-11 10:35:34,959][flwr][INFO] - evaluate_round 30: no clients selected, cancel
[2026-01-11 10:35:34,960][flwr][DEBUG] - fit_round 31: strategy sampled 10 clients (out of 100)
[2026-01-11 10:35:35,201][flwr][DEBUG] - fit_round 31 received 10 results and 0 failures
[2026-01-11 10:35:35,227][flwr][INFO] - fit progress: (31, 48.994417667388916, {'accuracy': 0.6285}, 14.253823874998488)
[2026-01-11 10:35:35,227][flwr][INFO] - evaluate_round 31: no clients selected, cancel
[2026-01-11 10:35:35,227][flwr][DEBUG] - fit_round 32: strategy sampled 10 clients (out of 100)
[2026-01-11 10:35:35,467][flwr][DEBUG] - fit_round 32 received 10 results and 0 failures
[2026-01-11 10:35:35,493][flwr][INFO] - fit progress: (32, 87.79448533058167, {'accuracy': 0.3675}, 14.519670666995808)
[2026-01-11 10:35:35,493][flwr][INFO] - evaluate_round 32: no clients selected, cancel
[2026-01-11 10:35:35,493][flwr][DEBUG] - fit_round 33: strategy sampled 10 clients (out of 100)
[2026-01-11 10:35:35,734][flwr][DEBUG] - fit_round 33 received 10 results and 0 failures
[2026-01-11 10:35:35,762][flwr][INFO] - fit progress: (33, 48.58625715970993, {'accuracy': 0.6105}, 14.788910916991881)
[2026-01-11 10:35:35,762][flwr][INFO] - evaluate_round 33: no clients selected, cancel
[2026-01-11 10:35:35,762][flwr][DEBUG] - fit_round 34: strategy sampled 10 clients (out of 100)
[2026-01-11 10:35:36,026][flwr][DEBUG] - fit_round 34 received 10 results and 0 failures
[2026-01-11 10:35:36,054][flwr][INFO] - fit progress: (34, 48.04200780391693, {'accuracy': 0.6295}, 15.081383749988163)
[2026-01-11 10:35:36,055][flwr][INFO] - evaluate_round 34: no clients selected, cancel
[2026-01-11 10:35:36,055][flwr][DEBUG] - fit_round 35: strategy sampled 10 clients (out of 100)
[2026-01-11 10:35:36,329][flwr][DEBUG] - fit_round 35 received 10 results and 0 failures
[2026-01-11 10:35:36,356][flwr][INFO] - fit progress: (35, 56.568749487400055, {'accuracy': 0.605}, 15.383285999996588)
[2026-01-11 10:35:36,356][flwr][INFO] - evaluate_round 35: no clients selected, cancel
[2026-01-11 10:35:36,357][flwr][DEBUG] - fit_round 36: strategy sampled 10 clients (out of 100)
[2026-01-11 10:35:36,600][flwr][DEBUG] - fit_round 36 received 10 results and 0 failures
[2026-01-11 10:35:36,625][flwr][INFO] - fit progress: (36, 44.259177446365356, {'accuracy': 0.6275}, 15.651702791990829)
[2026-01-11 10:35:36,625][flwr][INFO] - evaluate_round 36: no clients selected, cancel
[2026-01-11 10:35:36,625][flwr][DEBUG] - fit_round 37: strategy sampled 10 clients (out of 100)
[2026-01-11 10:35:36,896][flwr][DEBUG] - fit_round 37 received 10 results and 0 failures
[2026-01-11 10:35:36,922][flwr][INFO] - fit progress: (37, 43.99702689051628, {'accuracy': 0.628}, 15.948612916996353)
[2026-01-11 10:35:36,922][flwr][INFO] - evaluate_round 37: no clients selected, cancel
[2026-01-11 10:35:36,922][flwr][DEBUG] - fit_round 38: strategy sampled 10 clients (out of 100)
[2026-01-11 10:35:37,176][flwr][DEBUG] - fit_round 38 received 10 results and 0 failures
[2026-01-11 10:35:37,202][flwr][INFO] - fit progress: (38, 45.10855835676193, {'accuracy': 0.617}, 16.228628500000923)
[2026-01-11 10:35:37,202][flwr][INFO] - evaluate_round 38: no clients selected, cancel
[2026-01-11 10:35:37,202][flwr][DEBUG] - fit_round 39: strategy sampled 10 clients (out of 100)
[2026-01-11 10:35:37,442][flwr][DEBUG] - fit_round 39 received 10 results and 0 failures
[2026-01-11 10:35:37,467][flwr][INFO] - fit progress: (39, 71.92670595645905, {'accuracy': 0.465}, 16.494539583000005)
[2026-01-11 10:35:37,468][flwr][INFO] - evaluate_round 39: no clients selected, cancel
[2026-01-11 10:35:37,468][flwr][DEBUG] - fit_round 40: strategy sampled 10 clients (out of 100)
[2026-01-11 10:35:37,722][flwr][DEBUG] - fit_round 40 received 10 results and 0 failures
[2026-01-11 10:35:37,747][flwr][INFO] - fit progress: (40, 52.57810950279236, {'accuracy': 0.5265}, 16.77444108299096)
[2026-01-11 10:35:37,748][flwr][INFO] - evaluate_round 40: no clients selected, cancel
[2026-01-11 10:35:37,748][flwr][DEBUG] - fit_round 41: strategy sampled 10 clients (out of 100)
[2026-01-11 10:35:37,998][flwr][DEBUG] - fit_round 41 received 10 results and 0 failures
[2026-01-11 10:35:38,023][flwr][INFO] - fit progress: (41, 57.895466327667236, {'accuracy': 0.5155}, 17.050192082999274)
[2026-01-11 10:35:38,023][flwr][INFO] - evaluate_round 41: no clients selected, cancel
[2026-01-11 10:35:38,024][flwr][DEBUG] - fit_round 42: strategy sampled 10 clients (out of 100)
[2026-01-11 10:35:38,257][flwr][DEBUG] - fit_round 42 received 10 results and 0 failures
[2026-01-11 10:35:38,281][flwr][INFO] - fit progress: (42, 91.13675379753113, {'accuracy': 0.4825}, 17.30834849999519)
[2026-01-11 10:35:38,281][flwr][INFO] - evaluate_round 42: no clients selected, cancel
[2026-01-11 10:35:38,282][flwr][DEBUG] - fit_round 43: strategy sampled 10 clients (out of 100)
[2026-01-11 10:35:38,509][flwr][DEBUG] - fit_round 43 received 10 results and 0 failures
[2026-01-11 10:35:38,533][flwr][INFO] - fit progress: (43, 92.67041647434235, {'accuracy': 0.4815}, 17.559925041990937)
[2026-01-11 10:35:38,533][flwr][INFO] - evaluate_round 43: no clients selected, cancel
[2026-01-11 10:35:38,533][flwr][DEBUG] - fit_round 44: strategy sampled 10 clients (out of 100)
[2026-01-11 10:35:38,786][flwr][DEBUG] - fit_round 44 received 10 results and 0 failures
[2026-01-11 10:35:38,817][flwr][INFO] - fit progress: (44, 48.49631416797638, {'accuracy': 0.5665}, 17.84449199998926)
[2026-01-11 10:35:38,818][flwr][INFO] - evaluate_round 44: no clients selected, cancel
[2026-01-11 10:35:38,818][flwr][DEBUG] - fit_round 45: strategy sampled 10 clients (out of 100)
[2026-01-11 10:35:39,071][flwr][DEBUG] - fit_round 45 received 10 results and 0 failures
[2026-01-11 10:35:39,097][flwr][INFO] - fit progress: (45, 51.23399576544762, {'accuracy': 0.629}, 18.12415770799271)
[2026-01-11 10:35:39,097][flwr][INFO] - evaluate_round 45: no clients selected, cancel
[2026-01-11 10:35:39,098][flwr][DEBUG] - fit_round 46: strategy sampled 10 clients (out of 100)
[2026-01-11 10:35:39,344][flwr][DEBUG] - fit_round 46 received 10 results and 0 failures
[2026-01-11 10:35:39,369][flwr][INFO] - fit progress: (46, 64.01719689369202, {'accuracy': 0.4805}, 18.395748791997903)
[2026-01-11 10:35:39,369][flwr][INFO] - evaluate_round 46: no clients selected, cancel
[2026-01-11 10:35:39,369][flwr][DEBUG] - fit_round 47: strategy sampled 10 clients (out of 100)
[2026-01-11 10:35:39,619][flwr][DEBUG] - fit_round 47 received 10 results and 0 failures
[2026-01-11 10:35:39,644][flwr][INFO] - fit progress: (47, 86.09617912769318, {'accuracy': 0.6125}, 18.671136541990563)
[2026-01-11 10:35:39,644][flwr][INFO] - evaluate_round 47: no clients selected, cancel
[2026-01-11 10:35:39,645][flwr][DEBUG] - fit_round 48: strategy sampled 10 clients (out of 100)
[2026-01-11 10:35:39,908][flwr][DEBUG] - fit_round 48 received 10 results and 0 failures
[2026-01-11 10:35:39,933][flwr][INFO] - fit progress: (48, 87.56285756826401, {'accuracy': 0.518}, 18.959947666997323)
[2026-01-11 10:35:39,933][flwr][INFO] - evaluate_round 48: no clients selected, cancel
[2026-01-11 10:35:39,933][flwr][DEBUG] - fit_round 49: strategy sampled 10 clients (out of 100)
[2026-01-11 10:35:40,183][flwr][DEBUG] - fit_round 49 received 10 results and 0 failures
[2026-01-11 10:35:40,208][flwr][INFO] - fit progress: (49, 82.41852760314941, {'accuracy': 0.475}, 19.23528720799368)
[2026-01-11 10:35:40,208][flwr][INFO] - evaluate_round 49: no clients selected, cancel
[2026-01-11 10:35:40,209][flwr][DEBUG] - fit_round 50: strategy sampled 10 clients (out of 100)
[2026-01-11 10:35:40,534][flwr][DEBUG] - fit_round 50 received 10 results and 0 failures
[2026-01-11 10:35:40,558][flwr][INFO] - fit progress: (50, 96.27878761291504, {'accuracy': 0.458}, 19.58501912499196)
[2026-01-11 10:35:40,558][flwr][INFO] - evaluate_round 50: no clients selected, cancel
[2026-01-11 10:35:40,558][flwr][INFO] - FL finished in 19.585233124991646
[2026-01-11 10:35:40,558][flwr][INFO] - app_fit: losses_distributed []
[2026-01-11 10:35:40,559][flwr][INFO] - app_fit: metrics_distributed_fit {'c_global_norm': [(1, 0.16531251069249828), (2, 0.3159186838206787), (3, 0.46542824433999824), (4, 0.5067005146521597), (5, 0.5398680541654648), (6, 0.6060344921648004), (7, 0.7821106324744468), (8, 0.8513691140118282), (9, 0.9651841000601922), (10, 1.0689424757638404), (11, 0.8811952007343143), (12, 0.872154855421342), (13, 0.6944919667730931), (14, 0.6901155733363162), (15, 0.7264567853945011), (16, 0.7193328054964799), (17, 0.6806673285188405), (18, 0.6974844582479286), (19, 0.49649637485974685), (20, 0.528770623732769), (21, 0.49594081070922547), (22, 0.4728763013650816), (23, 0.5166280666197454), (24, 0.5923943194923446), (25, 0.622304208805115), (26, 0.4896970852265676), (27, 0.48947978052735996), (28, 0.35741414772797947), (29, 0.466132444295096), (30, 0.3594895940110096), (31, 0.32494932452879755), (32, 0.4825707109006663), (33, 0.48588710655663325), (34, 0.5033241072546089), (35, 0.5112227545869416), (36, 0.5437546542293217), (37, 0.4623037387199964), (38, 0.46869420809817797), (39, 0.4951152707425848), (40, 0.5506500293273322), (41, 0.5864133762060789), (42, 0.5639094810642328), (43, 0.468757355652158), (44, 0.42461450254771227), (45, 0.36527364358451503), (46, 0.3327951762706428), (47, 0.43636722244386855), (48, 0.4280381144879334), (49, 0.41684676812884774), (50, 0.43778344162499205)], 'num_clients': [(1, 10), (2, 10), (3, 10), (4, 10), (5, 10), (6, 10), (7, 10), (8, 10), (9, 10), (10, 10), (11, 10), (12, 10), (13, 10), (14, 10), (15, 10), (16, 10), (17, 10), (18, 10), (19, 10), (20, 10), (21, 10), (22, 10), (23, 10), (24, 10), (25, 10), (26, 10), (27, 10), (28, 10), (29, 10), (30, 10), (31, 10), (32, 10), (33, 10), (34, 10), (35, 10), (36, 10), (37, 10), (38, 10), (39, 10), (40, 10), (41, 10), (42, 10), (43, 10), (44, 10), (45, 10), (46, 10), (47, 10), (48, 10), (49, 10), (50, 10)]}
[2026-01-11 10:35:40,559][flwr][INFO] - app_fit: metrics_distributed {}
[2026-01-11 10:35:40,559][flwr][INFO] - app_fit: losses_centralized [(0, 71.80140054225922), (1, 78.06627798080444), (2, 64.21919894218445), (3, 51.73915582895279), (4, 67.40850323438644), (5, 83.3022027015686), (6, 68.7083391547203), (7, 170.36953151226044), (8, 69.86592274904251), (9, 191.63801503181458), (10, 86.47056356072426), (11, 234.97069001197815), (12, 168.22463423013687), (13, 107.96149981021881), (14, 186.06559097766876), (15, 63.013955771923065), (16, 162.4696867465973), (17, 181.4112285375595), (18, 194.7205948829651), (19, 103.25052118301392), (20, 94.77287912368774), (21, 78.92226910591125), (22, 48.779532849788666), (23, 77.4145712852478), (24, 117.87218880653381), (25, 51.71734178066254), (26, 88.2132140994072), (27, 60.5335835814476), (28, 128.10225450992584), (29, 58.12460815906525), (30, 61.152988970279694), (31, 48.994417667388916), (32, 87.79448533058167), (33, 48.58625715970993), (34, 48.04200780391693), (35, 56.568749487400055), (36, 44.259177446365356), (37, 43.99702689051628), (38, 45.10855835676193), (39, 71.92670595645905), (40, 52.57810950279236), (41, 57.895466327667236), (42, 91.13675379753113), (43, 92.67041647434235), (44, 48.49631416797638), (45, 51.23399576544762), (46, 64.01719689369202), (47, 86.09617912769318), (48, 87.56285756826401), (49, 82.41852760314941), (50, 96.27878761291504)]
[2026-01-11 10:35:40,559][flwr][INFO] - app_fit: metrics_centralized {'accuracy': [(0, 0.238), (1, 0.248), (2, 0.4095), (3, 0.63), (4, 0.493), (5, 0.306), (6, 0.567), (7, 0.507), (8, 0.5405), (9, 0.4645), (10, 0.621), (11, 0.51), (12, 0.5115), (13, 0.476), (14, 0.476), (15, 0.5665), (16, 0.509), (17, 0.317), (18, 0.5115), (19, 0.52), (20, 0.475), (21, 0.6165), (22, 0.622), (23, 0.579), (24, 0.4775), (25, 0.6285), (26, 0.4785), (27, 0.622), (28, 0.4785), (29, 0.5825), (30, 0.6155), (31, 0.6285), (32, 0.3675), (33, 0.6105), (34, 0.6295), (35, 0.605), (36, 0.6275), (37, 0.628), (38, 0.617), (39, 0.465), (40, 0.5265), (41, 0.5155), (42, 0.4825), (43, 0.4815), (44, 0.5665), (45, 0.629), (46, 0.4805), (47, 0.6125), (48, 0.518), (49, 0.475), (50, 0.458)]}
