[2025-12-30 13:11:09,295][flwr][INFO] - Starting Flower simulation, config: ServerConfig(num_rounds=10, round_timeout=None)
[2025-12-30 13:11:14,196][flwr][INFO] - Flower VCE: Ray initialized with resources: {'node:127.0.0.1': 1.0, 'memory': 11891131188.0, 'CPU': 10.0, 'object_store_memory': 2147483648.0}
[2025-12-30 13:11:14,197][flwr][INFO] - Initializing global parameters
[2025-12-30 13:11:14,197][flwr][INFO] - Requesting initial parameters from one random client
[2025-12-30 13:11:17,400][flwr][INFO] - Received initial parameters from one random client
[2025-12-30 13:11:17,400][flwr][INFO] - Evaluating initial parameters
[2025-12-30 13:11:17,438][flwr][INFO] - initial parameters (loss, other metrics): 67.86279785633087, {'accuracy': 0.505}
[2025-12-30 13:11:17,438][flwr][INFO] - FL starting
[2025-12-30 13:11:17,438][flwr][DEBUG] - fit_round 1: strategy sampled 5 clients (out of 10)
[2025-12-30 13:11:21,366][flwr][DEBUG] - fit_round 1 received 5 results and 0 failures
[2025-12-30 13:11:21,376][flwr][WARNING] - No fit_metrics_aggregation_fn provided
[2025-12-30 13:11:21,424][flwr][INFO] - fit progress: (1, 76.95499587059021, {'accuracy': 0.578}, 3.9862001669825986)
[2025-12-30 13:11:21,425][flwr][DEBUG] - evaluate_round 1: strategy sampled 10 clients (out of 10)
[2025-12-30 13:11:21,929][flwr][DEBUG] - evaluate_round 1 received 10 results and 0 failures
[2025-12-30 13:11:21,929][flwr][WARNING] - No evaluate_metrics_aggregation_fn provided
[2025-12-30 13:11:21,930][flwr][DEBUG] - fit_round 2: strategy sampled 5 clients (out of 10)
[2025-12-30 13:11:22,406][flwr][DEBUG] - fit_round 2 received 5 results and 0 failures
[2025-12-30 13:11:22,442][flwr][INFO] - fit progress: (2, 69.01421946287155, {'accuracy': 0.5975}, 5.0046133330324665)
[2025-12-30 13:11:22,443][flwr][DEBUG] - evaluate_round 2: strategy sampled 10 clients (out of 10)
[2025-12-30 13:11:22,916][flwr][DEBUG] - evaluate_round 2 received 10 results and 0 failures
[2025-12-30 13:11:22,917][flwr][DEBUG] - fit_round 3: strategy sampled 5 clients (out of 10)
[2025-12-30 13:11:23,549][flwr][DEBUG] - fit_round 3 received 5 results and 0 failures
[2025-12-30 13:11:23,584][flwr][INFO] - fit progress: (3, 51.53661721944809, {'accuracy': 0.606}, 6.1461790420580655)
[2025-12-30 13:11:23,584][flwr][DEBUG] - evaluate_round 3: strategy sampled 10 clients (out of 10)
[2025-12-30 13:11:24,050][flwr][DEBUG] - evaluate_round 3 received 10 results and 0 failures
[2025-12-30 13:11:24,050][flwr][DEBUG] - fit_round 4: strategy sampled 5 clients (out of 10)
[2025-12-30 13:11:24,615][flwr][DEBUG] - fit_round 4 received 5 results and 0 failures
[2025-12-30 13:11:24,656][flwr][INFO] - fit progress: (4, 50.73145812749863, {'accuracy': 0.6095}, 7.218275042017922)
[2025-12-30 13:11:24,656][flwr][DEBUG] - evaluate_round 4: strategy sampled 10 clients (out of 10)
[2025-12-30 13:11:25,126][flwr][DEBUG] - evaluate_round 4 received 10 results and 0 failures
[2025-12-30 13:11:25,126][flwr][DEBUG] - fit_round 5: strategy sampled 5 clients (out of 10)
[2025-12-30 13:11:25,624][flwr][DEBUG] - fit_round 5 received 5 results and 0 failures
[2025-12-30 13:11:25,661][flwr][INFO] - fit progress: (5, 65.21258091926575, {'accuracy': 0.5915}, 8.222859875066206)
[2025-12-30 13:11:25,661][flwr][DEBUG] - evaluate_round 5: strategy sampled 10 clients (out of 10)
[2025-12-30 13:11:26,129][flwr][DEBUG] - evaluate_round 5 received 10 results and 0 failures
[2025-12-30 13:11:26,129][flwr][DEBUG] - fit_round 6: strategy sampled 5 clients (out of 10)
[2025-12-30 13:11:26,689][flwr][DEBUG] - fit_round 6 received 5 results and 0 failures
[2025-12-30 13:11:26,729][flwr][INFO] - fit progress: (6, 51.43403309583664, {'accuracy': 0.5825}, 9.29113420797512)
[2025-12-30 13:11:26,729][flwr][DEBUG] - evaluate_round 6: strategy sampled 10 clients (out of 10)
[2025-12-30 13:11:27,190][flwr][DEBUG] - evaluate_round 6 received 10 results and 0 failures
[2025-12-30 13:11:27,190][flwr][DEBUG] - fit_round 7: strategy sampled 5 clients (out of 10)
[2025-12-30 13:11:27,757][flwr][DEBUG] - fit_round 7 received 5 results and 0 failures
[2025-12-30 13:11:27,796][flwr][INFO] - fit progress: (7, 56.4455451965332, {'accuracy': 0.4315}, 10.357859667041339)
[2025-12-30 13:11:27,796][flwr][DEBUG] - evaluate_round 7: strategy sampled 10 clients (out of 10)
[2025-12-30 13:11:28,264][flwr][DEBUG] - evaluate_round 7 received 10 results and 0 failures
[2025-12-30 13:11:28,264][flwr][DEBUG] - fit_round 8: strategy sampled 5 clients (out of 10)
[2025-12-30 13:11:28,844][flwr][DEBUG] - fit_round 8 received 5 results and 0 failures
[2025-12-30 13:11:28,881][flwr][INFO] - fit progress: (8, 56.15575534105301, {'accuracy': 0.43}, 11.443663957994431)
[2025-12-30 13:11:28,882][flwr][DEBUG] - evaluate_round 8: strategy sampled 10 clients (out of 10)
[2025-12-30 13:11:29,355][flwr][DEBUG] - evaluate_round 8 received 10 results and 0 failures
[2025-12-30 13:11:29,355][flwr][DEBUG] - fit_round 9: strategy sampled 5 clients (out of 10)
[2025-12-30 13:11:29,829][flwr][DEBUG] - fit_round 9 received 5 results and 0 failures
[2025-12-30 13:11:29,872][flwr][INFO] - fit progress: (9, 58.20113003253937, {'accuracy': 0.5755}, 12.434778916998766)
[2025-12-30 13:11:29,873][flwr][DEBUG] - evaluate_round 9: strategy sampled 10 clients (out of 10)
[2025-12-30 13:11:30,340][flwr][DEBUG] - evaluate_round 9 received 10 results and 0 failures
[2025-12-30 13:11:30,340][flwr][DEBUG] - fit_round 10: strategy sampled 5 clients (out of 10)
[2025-12-30 13:11:30,853][flwr][DEBUG] - fit_round 10 received 5 results and 0 failures
[2025-12-30 13:11:30,893][flwr][INFO] - fit progress: (10, 81.37578117847443, {'accuracy': 0.541}, 13.454825208056718)
[2025-12-30 13:11:30,893][flwr][DEBUG] - evaluate_round 10: strategy sampled 10 clients (out of 10)
[2025-12-30 13:11:31,359][flwr][DEBUG] - evaluate_round 10 received 10 results and 0 failures
[2025-12-30 13:11:31,359][flwr][INFO] - FL finished in 13.921292125014588
[2025-12-30 13:11:31,360][flwr][INFO] - app_fit: losses_distributed [(1, 15.083646345769463), (2, 13.481955900331725), (3, 9.739667790497245), (4, 9.589751301020964), (5, 12.652501669152533), (6, 9.191939718859441), (7, 9.401560691771069), (8, 9.34596621458909), (9, 10.685641653026378), (10, 15.816338851006083)]
[2025-12-30 13:11:31,360][flwr][INFO] - app_fit: metrics_distributed_fit {}
[2025-12-30 13:11:31,360][flwr][INFO] - app_fit: metrics_distributed {}
[2025-12-30 13:11:31,360][flwr][INFO] - app_fit: losses_centralized [(0, 67.86279785633087), (1, 76.95499587059021), (2, 69.01421946287155), (3, 51.53661721944809), (4, 50.73145812749863), (5, 65.21258091926575), (6, 51.43403309583664), (7, 56.4455451965332), (8, 56.15575534105301), (9, 58.20113003253937), (10, 81.37578117847443)]
[2025-12-30 13:11:31,360][flwr][INFO] - app_fit: metrics_centralized {'accuracy': [(0, 0.505), (1, 0.578), (2, 0.5975), (3, 0.606), (4, 0.6095), (5, 0.5915), (6, 0.5825), (7, 0.4315), (8, 0.43), (9, 0.5755), (10, 0.541)]}
