[2026-01-21 00:13:35,793][flwr][INFO] - Starting Flower simulation, config: ServerConfig(num_rounds=30, round_timeout=None)
[2026-01-21 00:13:40,872][flwr][INFO] - Flower VCE: Ray initialized with resources: {'memory': 11689116468.0, 'node:127.0.0.1': 1.0, 'object_store_memory': 2147483648.0, 'CPU': 10.0}
[2026-01-21 00:13:40,873][flwr][INFO] - Initializing global parameters
[2026-01-21 00:13:40,873][flwr][INFO] - Using initial parameters provided by strategy
[2026-01-21 00:13:40,873][flwr][INFO] - Evaluating initial parameters
[2026-01-21 00:13:41,649][flwr][INFO] - initial parameters (loss, other metrics): 1.4340404903996313, {'rmse': 11782.010694274555, 'mae': 9149.193359375, 'r2': 0.00890437044283554, 'mape': 79.91940307617188, 'accuracy_10': 11.735205352306366, 'accuracy_20': 21.46439254283905}
[2026-01-21 00:13:41,649][flwr][INFO] - FL starting
[2026-01-21 00:13:41,649][flwr][DEBUG] - fit_round 1: strategy sampled 9 clients (out of 12)
[2026-01-21 00:13:52,819][flwr][DEBUG] - fit_round 1 received 9 results and 0 failures
[2026-01-21 00:13:52,828][flwr][WARNING] - No fit_metrics_aggregation_fn provided
[2026-01-21 00:13:53,109][flwr][INFO] - fit progress: (1, 0.15656803837541114, {'rmse': 6121.607958698433, 'mae': 3100.643310546875, 'r2': 0.7324482953304179, 'mape': 16.749935150146484, 'accuracy_10': 37.763288617134094, 'accuracy_20': 76.4794409275055}, 11.459661166998558)
[2026-01-21 00:13:53,110][flwr][DEBUG] - evaluate_round 1: strategy sampled 8 clients (out of 12)
[2026-01-21 00:13:53,488][flwr][DEBUG] - evaluate_round 1 received 8 results and 0 failures
[2026-01-21 00:13:53,488][flwr][WARNING] - No evaluate_metrics_aggregation_fn provided
[2026-01-21 00:13:53,488][flwr][DEBUG] - fit_round 2: strategy sampled 9 clients (out of 12)
[2026-01-21 00:13:58,777][flwr][DEBUG] - fit_round 2 received 9 results and 0 failures
[2026-01-21 00:13:59,063][flwr][INFO] - fit progress: (2, 0.08555578793153361, {'rmse': 5004.207030089782, 'mae': 2131.204833984375, 'r2': 0.8212083447630316, 'mape': 11.218222618103027, 'accuracy_10': 61.28385066986084, 'accuracy_20': 90.42126536369324}, 17.413700958015397)
[2026-01-21 00:13:59,064][flwr][DEBUG] - evaluate_round 2: strategy sampled 8 clients (out of 12)
[2026-01-21 00:13:59,402][flwr][DEBUG] - evaluate_round 2 received 8 results and 0 failures
[2026-01-21 00:13:59,403][flwr][DEBUG] - fit_round 3: strategy sampled 9 clients (out of 12)
[2026-01-21 00:14:04,471][flwr][DEBUG] - fit_round 3 received 9 results and 0 failures
[2026-01-21 00:14:04,722][flwr][INFO] - fit progress: (3, 0.06245373282488155, {'rmse': 4617.190920895518, 'mae': 1763.202880859375, 'r2': 0.8477937886111632, 'mape': 8.952534675598145, 'accuracy_10': 71.71514630317688, 'accuracy_20': 93.63089203834534}, 23.072175042005256)
[2026-01-21 00:14:04,722][flwr][DEBUG] - evaluate_round 3: strategy sampled 8 clients (out of 12)
[2026-01-21 00:14:04,937][flwr][DEBUG] - evaluate_round 3 received 8 results and 0 failures
[2026-01-21 00:14:04,938][flwr][DEBUG] - fit_round 4: strategy sampled 9 clients (out of 12)
[2026-01-21 00:14:10,000][flwr][DEBUG] - fit_round 4 received 9 results and 0 failures
[2026-01-21 00:14:10,259][flwr][INFO] - fit progress: (4, 0.04583560948520749, {'rmse': 4245.412347464025, 'mae': 1558.5838623046875, 'r2': 0.8713183954510544, 'mape': 7.439262390136719, 'accuracy_10': 79.78937029838562, 'accuracy_20': 95.08525729179382}, 28.61007354198955)
[2026-01-21 00:14:10,260][flwr][DEBUG] - evaluate_round 4: strategy sampled 8 clients (out of 12)
[2026-01-21 00:14:10,492][flwr][DEBUG] - evaluate_round 4 received 8 results and 0 failures
[2026-01-21 00:14:10,492][flwr][DEBUG] - fit_round 5: strategy sampled 9 clients (out of 12)
[2026-01-21 00:14:15,570][flwr][DEBUG] - fit_round 5 received 9 results and 0 failures
[2026-01-21 00:14:15,826][flwr][INFO] - fit progress: (5, 0.0468966978711404, {'rmse': 4313.679172122099, 'mae': 1473.9163818359375, 'r2': 0.8671466827046158, 'mape': 7.067708492279053, 'accuracy_10': 85.05516648292542, 'accuracy_20': 94.83450055122375}, 34.1766039999784)
[2026-01-21 00:14:15,826][flwr][DEBUG] - evaluate_round 5: strategy sampled 8 clients (out of 12)
[2026-01-21 00:14:16,053][flwr][DEBUG] - evaluate_round 5 received 8 results and 0 failures
[2026-01-21 00:14:16,053][flwr][DEBUG] - fit_round 6: strategy sampled 9 clients (out of 12)
[2026-01-21 00:14:21,258][flwr][DEBUG] - fit_round 6 received 9 results and 0 failures
[2026-01-21 00:14:21,521][flwr][INFO] - fit progress: (6, 0.04088264725048659, {'rmse': 4087.780571410359, 'mae': 1433.1942138671875, 'r2': 0.8806968588256082, 'mape': 6.762970924377441, 'accuracy_10': 84.65396165847778, 'accuracy_20': 95.33600807189941}, 39.87135633296566)
[2026-01-21 00:14:21,521][flwr][DEBUG] - evaluate_round 6: strategy sampled 8 clients (out of 12)
[2026-01-21 00:14:21,773][flwr][DEBUG] - evaluate_round 6 received 8 results and 0 failures
[2026-01-21 00:14:21,774][flwr][DEBUG] - fit_round 7: strategy sampled 9 clients (out of 12)
[2026-01-21 00:14:26,600][flwr][DEBUG] - fit_round 7 received 9 results and 0 failures
[2026-01-21 00:14:26,837][flwr][INFO] - fit progress: (7, 0.03540763740568845, {'rmse': 4116.7562473384305, 'mae': 1477.9075927734375, 'r2': 0.8789995339733652, 'mape': 6.169062614440918, 'accuracy_10': 84.05215740203857, 'accuracy_20': 96.23871445655823}, 45.18793737498345)
[2026-01-21 00:14:26,838][flwr][DEBUG] - evaluate_round 7: strategy sampled 8 clients (out of 12)
[2026-01-21 00:14:27,006][flwr][DEBUG] - evaluate_round 7 received 8 results and 0 failures
[2026-01-21 00:14:27,006][flwr][DEBUG] - fit_round 8: strategy sampled 9 clients (out of 12)
[2026-01-21 00:14:31,972][flwr][DEBUG] - fit_round 8 received 9 results and 0 failures
[2026-01-21 00:14:32,211][flwr][INFO] - fit progress: (8, 0.0337490560907269, {'rmse': 4038.162824849934, 'mae': 1427.7899169921875, 'r2': 0.8835755001866687, 'mape': 5.985039710998535, 'accuracy_10': 85.10531783103943, 'accuracy_20': 96.03811502456665}, 50.56187599996338)
[2026-01-21 00:14:32,212][flwr][DEBUG] - evaluate_round 8: strategy sampled 8 clients (out of 12)
[2026-01-21 00:14:32,446][flwr][DEBUG] - evaluate_round 8 received 8 results and 0 failures
[2026-01-21 00:14:32,447][flwr][DEBUG] - fit_round 9: strategy sampled 9 clients (out of 12)
[2026-01-21 00:14:37,566][flwr][DEBUG] - fit_round 9 received 9 results and 0 failures
[2026-01-21 00:14:37,836][flwr][INFO] - fit progress: (9, 0.03554296951438324, {'rmse': 3987.7369522073545, 'mae': 1337.4815673828125, 'r2': 0.8864650090495051, 'mape': 5.952000141143799, 'accuracy_10': 86.76028251647949, 'accuracy_20': 95.98796367645264}, 56.186120332975406)
[2026-01-21 00:14:37,836][flwr][DEBUG] - evaluate_round 9: strategy sampled 8 clients (out of 12)
[2026-01-21 00:14:38,111][flwr][DEBUG] - evaluate_round 9 received 8 results and 0 failures
[2026-01-21 00:14:38,112][flwr][DEBUG] - fit_round 10: strategy sampled 9 clients (out of 12)
[2026-01-21 00:14:43,094][flwr][DEBUG] - fit_round 10 received 9 results and 0 failures
[2026-01-21 00:14:43,342][flwr][INFO] - fit progress: (10, 0.03758282004038214, {'rmse': 4073.24894893499, 'mae': 1312.8280029296875, 'r2': 0.8815435706744879, 'mape': 5.895389080047607, 'accuracy_10': 88.2146418094635, 'accuracy_20': 94.88465189933777}, 61.692475874966476)
[2026-01-21 00:14:43,342][flwr][DEBUG] - evaluate_round 10: strategy sampled 8 clients (out of 12)
[2026-01-21 00:14:43,434][flwr][DEBUG] - evaluate_round 10 received 8 results and 0 failures
[2026-01-21 00:14:43,434][flwr][DEBUG] - fit_round 11: strategy sampled 9 clients (out of 12)
[2026-01-21 00:14:48,048][flwr][DEBUG] - fit_round 11 received 9 results and 0 failures
[2026-01-21 00:14:48,317][flwr][INFO] - fit progress: (11, 0.03398150811859275, {'rmse': 3977.398270226405, 'mae': 1354.229736328125, 'r2': 0.8870529540949685, 'mape': 5.755695819854736, 'accuracy_10': 87.51253485679626, 'accuracy_20': 95.8375096321106}, 66.66734083299525)
[2026-01-21 00:14:48,317][flwr][DEBUG] - evaluate_round 11: strategy sampled 8 clients (out of 12)
[2026-01-21 00:14:48,545][flwr][DEBUG] - evaluate_round 11 received 8 results and 0 failures
[2026-01-21 00:14:48,546][flwr][DEBUG] - fit_round 12: strategy sampled 9 clients (out of 12)
[2026-01-21 00:14:53,316][flwr][DEBUG] - fit_round 12 received 9 results and 0 failures
[2026-01-21 00:14:53,570][flwr][INFO] - fit progress: (12, 0.033687453094866114, {'rmse': 3984.1665376838855, 'mae': 1340.56787109375, 'r2': 0.886668228399513, 'mape': 5.6711649894714355, 'accuracy_10': 88.11434507369995, 'accuracy_20': 95.8375096321106}, 71.92001341696596)
[2026-01-21 00:14:53,570][flwr][DEBUG] - evaluate_round 12: strategy sampled 8 clients (out of 12)
[2026-01-21 00:14:53,833][flwr][DEBUG] - evaluate_round 12 received 8 results and 0 failures
[2026-01-21 00:14:53,833][flwr][DEBUG] - fit_round 13: strategy sampled 9 clients (out of 12)
[2026-01-21 00:14:58,481][flwr][DEBUG] - fit_round 13 received 9 results and 0 failures
[2026-01-21 00:14:58,750][flwr][INFO] - fit progress: (13, 0.033834193342756724, {'rmse': 4010.245877748645, 'mae': 1346.3629150390625, 'r2': 0.8851796886421143, 'mape': 5.656028747558594, 'accuracy_10': 87.41223812103271, 'accuracy_20': 95.8375096321106}, 77.100561750005)
[2026-01-21 00:14:58,751][flwr][DEBUG] - evaluate_round 13: strategy sampled 8 clients (out of 12)
[2026-01-21 00:14:59,027][flwr][DEBUG] - evaluate_round 13 received 8 results and 0 failures
[2026-01-21 00:14:59,027][flwr][DEBUG] - fit_round 14: strategy sampled 9 clients (out of 12)
[2026-01-21 00:15:03,680][flwr][DEBUG] - fit_round 14 received 9 results and 0 failures
[2026-01-21 00:15:03,963][flwr][INFO] - fit progress: (14, 0.033035135606570974, {'rmse': 4078.888083779696, 'mae': 1443.111328125, 'r2': 0.8812153603880646, 'mape': 5.732170104980469, 'accuracy_10': 84.75426435470581, 'accuracy_20': 96.03811502456665}, 82.31328649999341)
[2026-01-21 00:15:03,963][flwr][DEBUG] - evaluate_round 14: strategy sampled 8 clients (out of 12)
[2026-01-21 00:15:04,082][flwr][DEBUG] - evaluate_round 14 received 8 results and 0 failures
[2026-01-21 00:15:04,082][flwr][DEBUG] - fit_round 15: strategy sampled 9 clients (out of 12)
[2026-01-21 00:15:09,192][flwr][DEBUG] - fit_round 15 received 9 results and 0 failures
[2026-01-21 00:15:09,446][flwr][INFO] - fit progress: (15, 0.03444140655742426, {'rmse': 4026.2550838216894, 'mae': 1295.8245849609375, 'r2': 0.8842611134211682, 'mape': 5.633489608764648, 'accuracy_10': 89.01705145835876, 'accuracy_20': 95.2858567237854}, 87.79589358298108)
[2026-01-21 00:15:09,446][flwr][DEBUG] - evaluate_round 15: strategy sampled 8 clients (out of 12)
[2026-01-21 00:15:09,723][flwr][DEBUG] - evaluate_round 15 received 8 results and 0 failures
[2026-01-21 00:15:09,723][flwr][DEBUG] - fit_round 16: strategy sampled 9 clients (out of 12)
[2026-01-21 00:15:14,721][flwr][DEBUG] - fit_round 16 received 9 results and 0 failures
[2026-01-21 00:15:14,979][flwr][INFO] - fit progress: (16, 0.03282761016492559, {'rmse': 3993.3325681690976, 'mae': 1325.7069091796875, 'r2': 0.8861461630004419, 'mape': 5.529718399047852, 'accuracy_10': 88.06419372558594, 'accuracy_20': 95.68706154823303}, 93.32918758300366)
[2026-01-21 00:15:14,979][flwr][DEBUG] - evaluate_round 16: strategy sampled 8 clients (out of 12)
[2026-01-21 00:15:15,177][flwr][DEBUG] - evaluate_round 16 received 8 results and 0 failures
[2026-01-21 00:15:15,177][flwr][DEBUG] - fit_round 17: strategy sampled 9 clients (out of 12)
[2026-01-21 00:15:20,244][flwr][DEBUG] - fit_round 17 received 9 results and 0 failures
[2026-01-21 00:15:20,496][flwr][INFO] - fit progress: (17, 0.032241751792034506, {'rmse': 3955.0249051048972, 'mae': 1330.5548095703125, 'r2': 0.8883200593374396, 'mape': 5.504380702972412, 'accuracy_10': 87.96389102935791, 'accuracy_20': 95.73721289634705}, 98.84571337501984)
[2026-01-21 00:15:20,496][flwr][DEBUG] - evaluate_round 17: strategy sampled 8 clients (out of 12)
[2026-01-21 00:15:20,736][flwr][DEBUG] - evaluate_round 17 received 8 results and 0 failures
[2026-01-21 00:15:20,736][flwr][DEBUG] - fit_round 18: strategy sampled 9 clients (out of 12)
[2026-01-21 00:15:25,367][flwr][DEBUG] - fit_round 18 received 9 results and 0 failures
[2026-01-21 00:15:25,615][flwr][INFO] - fit progress: (18, 0.03185552388519318, {'rmse': 3979.2542014804735, 'mae': 1358.1788330078125, 'r2': 0.8869475202619511, 'mape': 5.576521396636963, 'accuracy_10': 86.8104338645935, 'accuracy_20': 95.78736424446106}, 103.96500020800158)
[2026-01-21 00:15:25,616][flwr][DEBUG] - evaluate_round 18: strategy sampled 8 clients (out of 12)
[2026-01-21 00:15:25,719][flwr][DEBUG] - evaluate_round 18 received 8 results and 0 failures
[2026-01-21 00:15:25,719][flwr][DEBUG] - fit_round 19: strategy sampled 9 clients (out of 12)
[2026-01-21 00:15:30,382][flwr][DEBUG] - fit_round 19 received 9 results and 0 failures
[2026-01-21 00:15:30,631][flwr][INFO] - fit progress: (19, 0.03182091107713423, {'rmse': 3996.742173320666, 'mae': 1331.7186279296875, 'r2': 0.8859516552510478, 'mape': 5.497655391693115, 'accuracy_10': 87.41223812103271, 'accuracy_20': 95.88766098022461}, 108.98075758299092)
[2026-01-21 00:15:30,631][flwr][DEBUG] - evaluate_round 19: strategy sampled 8 clients (out of 12)
[2026-01-21 00:15:30,803][flwr][DEBUG] - evaluate_round 19 received 8 results and 0 failures
[2026-01-21 00:15:30,803][flwr][DEBUG] - fit_round 20: strategy sampled 9 clients (out of 12)
[2026-01-21 00:15:36,055][flwr][DEBUG] - fit_round 20 received 9 results and 0 failures
[2026-01-21 00:15:36,308][flwr][INFO] - fit progress: (20, 0.03171256573734396, {'rmse': 4003.007869090442, 'mae': 1338.5484619140625, 'r2': 0.8855937903241513, 'mape': 5.517614364624023, 'accuracy_10': 87.6629889011383, 'accuracy_20': 95.8375096321106}, 114.6584016669658)
[2026-01-21 00:15:36,309][flwr][DEBUG] - evaluate_round 20: strategy sampled 8 clients (out of 12)
[2026-01-21 00:15:36,559][flwr][DEBUG] - evaluate_round 20 received 8 results and 0 failures
[2026-01-21 00:15:36,560][flwr][DEBUG] - fit_round 21: strategy sampled 9 clients (out of 12)
[2026-01-21 00:15:41,618][flwr][DEBUG] - fit_round 21 received 9 results and 0 failures
[2026-01-21 00:15:41,868][flwr][INFO] - fit progress: (21, 0.031862943985293, {'rmse': 3990.227562433, 'mae': 1359.945068359375, 'r2': 0.8863231448866483, 'mape': 5.6260786056518555, 'accuracy_10': 87.26178407669067, 'accuracy_20': 95.8375096321106}, 120.21782445796998)
[2026-01-21 00:15:41,868][flwr][DEBUG] - evaluate_round 21: strategy sampled 8 clients (out of 12)
[2026-01-21 00:15:41,979][flwr][DEBUG] - evaluate_round 21 received 8 results and 0 failures
[2026-01-21 00:15:41,979][flwr][DEBUG] - fit_round 22: strategy sampled 9 clients (out of 12)
[2026-01-21 00:15:46,582][flwr][DEBUG] - fit_round 22 received 9 results and 0 failures
[2026-01-21 00:15:46,821][flwr][INFO] - fit progress: (22, 0.03155303963739332, {'rmse': 4084.1859654036325, 'mae': 1444.0233154296875, 'r2': 0.8809065898770849, 'mape': 5.664005279541016, 'accuracy_10': 85.8575701713562, 'accuracy_20': 95.98796367645264}, 125.17086054198444)
[2026-01-21 00:15:46,821][flwr][DEBUG] - evaluate_round 22: strategy sampled 8 clients (out of 12)
[2026-01-21 00:15:47,066][flwr][DEBUG] - evaluate_round 22 received 8 results and 0 failures
[2026-01-21 00:15:47,067][flwr][DEBUG] - fit_round 23: strategy sampled 9 clients (out of 12)
[2026-01-21 00:15:52,053][flwr][DEBUG] - fit_round 23 received 9 results and 0 failures
[2026-01-21 00:15:52,306][flwr][INFO] - fit progress: (23, 0.032472176970531015, {'rmse': 3905.6931523098433, 'mae': 1212.04150390625, 'r2': 0.8910886984082586, 'mape': 5.380195617675781, 'accuracy_10': 89.46840763092041, 'accuracy_20': 95.33600807189941}, 130.6560504999943)
[2026-01-21 00:15:52,306][flwr][DEBUG] - evaluate_round 23: strategy sampled 8 clients (out of 12)
[2026-01-21 00:15:52,408][flwr][DEBUG] - evaluate_round 23 received 8 results and 0 failures
[2026-01-21 00:15:52,408][flwr][DEBUG] - fit_round 24: strategy sampled 9 clients (out of 12)
[2026-01-21 00:15:57,166][flwr][DEBUG] - fit_round 24 received 9 results and 0 failures
[2026-01-21 00:15:57,413][flwr][INFO] - fit progress: (24, 0.031135189347903252, {'rmse': 3923.2264782956386, 'mae': 1345.6298828125, 'r2': 0.8901086580052042, 'mape': 5.651945114135742, 'accuracy_10': 86.91073060035706, 'accuracy_20': 96.03811502456665}, 135.76324558298802)
[2026-01-21 00:15:57,414][flwr][DEBUG] - evaluate_round 24: strategy sampled 8 clients (out of 12)
[2026-01-21 00:15:57,603][flwr][DEBUG] - evaluate_round 24 received 8 results and 0 failures
[2026-01-21 00:15:57,603][flwr][DEBUG] - fit_round 25: strategy sampled 9 clients (out of 12)
[2026-01-21 00:16:02,307][flwr][DEBUG] - fit_round 25 received 9 results and 0 failures
[2026-01-21 00:16:02,589][flwr][INFO] - fit progress: (25, 0.029722235433630263, {'rmse': 3930.5935938481352, 'mae': 1399.61767578125, 'r2': 0.8896955609437767, 'mape': 5.615842819213867, 'accuracy_10': 86.05817556381226, 'accuracy_20': 96.33901715278625}, 140.93904429196846)
[2026-01-21 00:16:02,590][flwr][DEBUG] - evaluate_round 25: strategy sampled 8 clients (out of 12)
[2026-01-21 00:16:02,725][flwr][DEBUG] - evaluate_round 25 received 8 results and 0 failures
[2026-01-21 00:16:02,726][flwr][DEBUG] - fit_round 26: strategy sampled 9 clients (out of 12)
[2026-01-21 00:16:07,651][flwr][DEBUG] - fit_round 26 received 9 results and 0 failures
[2026-01-21 00:16:07,898][flwr][INFO] - fit progress: (26, 0.030505989126136213, {'rmse': 3854.8643296489695, 'mae': 1283.560546875, 'r2': 0.8939050019605501, 'mape': 5.48367977142334, 'accuracy_10': 88.06419372558594, 'accuracy_20': 95.586758852005}, 146.24839883297682)
[2026-01-21 00:16:07,899][flwr][DEBUG] - evaluate_round 26: strategy sampled 8 clients (out of 12)
[2026-01-21 00:16:08,000][flwr][DEBUG] - evaluate_round 26 received 8 results and 0 failures
[2026-01-21 00:16:08,000][flwr][DEBUG] - fit_round 27: strategy sampled 9 clients (out of 12)
[2026-01-21 00:16:12,882][flwr][DEBUG] - fit_round 27 received 9 results and 0 failures
[2026-01-21 00:16:13,117][flwr][INFO] - fit progress: (27, 0.03722503301458678, {'rmse': 4087.6273068859887, 'mae': 1210.6258544921875, 'r2': 0.8807058050821307, 'mape': 5.7230119705200195, 'accuracy_10': 88.61584663391113, 'accuracy_20': 94.83450055122375}, 151.46681170800002)
[2026-01-21 00:16:13,117][flwr][DEBUG] - evaluate_round 27: strategy sampled 8 clients (out of 12)
[2026-01-21 00:16:13,310][flwr][DEBUG] - evaluate_round 27 received 8 results and 0 failures
[2026-01-21 00:16:13,311][flwr][DEBUG] - fit_round 28: strategy sampled 9 clients (out of 12)
[2026-01-21 00:16:18,097][flwr][DEBUG] - fit_round 28 received 9 results and 0 failures
[2026-01-21 00:16:18,344][flwr][INFO] - fit progress: (28, 0.029876322024982936, {'rmse': 3850.346477915981, 'mae': 1302.655517578125, 'r2': 0.8941535392329427, 'mape': 5.489718437194824, 'accuracy_10': 87.3620867729187, 'accuracy_20': 95.586758852005}, 156.69403137499467)
[2026-01-21 00:16:18,344][flwr][DEBUG] - evaluate_round 28: strategy sampled 8 clients (out of 12)
[2026-01-21 00:16:18,583][flwr][DEBUG] - evaluate_round 28 received 8 results and 0 failures
[2026-01-21 00:16:18,583][flwr][DEBUG] - fit_round 29: strategy sampled 9 clients (out of 12)
[2026-01-21 00:16:23,222][flwr][DEBUG] - fit_round 29 received 9 results and 0 failures
[2026-01-21 00:16:23,473][flwr][INFO] - fit progress: (29, 0.028976090642863675, {'rmse': 3975.428153042135, 'mae': 1410.3868408203125, 'r2': 0.8871648189664862, 'mape': 5.619870662689209, 'accuracy_10': 86.10832691192627, 'accuracy_20': 96.08826637268066}, 161.82244904199615)
[2026-01-21 00:16:23,473][flwr][DEBUG] - evaluate_round 29: strategy sampled 8 clients (out of 12)
[2026-01-21 00:16:23,706][flwr][DEBUG] - evaluate_round 29 received 8 results and 0 failures
[2026-01-21 00:16:23,706][flwr][DEBUG] - fit_round 30: strategy sampled 9 clients (out of 12)
[2026-01-21 00:16:28,443][flwr][DEBUG] - fit_round 30 received 9 results and 0 failures
[2026-01-21 00:16:28,679][flwr][INFO] - fit progress: (30, 0.030271928294103148, {'rmse': 4030.6503197374986, 'mae': 1449.8731689453125, 'r2': 0.884008286345443, 'mape': 5.7665605545043945, 'accuracy_10': 85.45637130737305, 'accuracy_20': 96.23871445655823}, 167.02865883300547)
[2026-01-21 00:16:28,680][flwr][DEBUG] - evaluate_round 30: strategy sampled 8 clients (out of 12)
[2026-01-21 00:16:28,898][flwr][DEBUG] - evaluate_round 30 received 8 results and 0 failures
[2026-01-21 00:16:28,898][flwr][INFO] - FL finished in 167.24787483300315
[2026-01-21 00:16:28,901][flwr][INFO] - app_fit: losses_distributed [(1, 0.1770271571526925), (2, 0.1004726096211206), (3, 0.08223528569468279), (4, 0.05723035805179237), (5, 0.04544531440087518), (6, 0.050212555647022955), (7, 0.032137096857510435), (8, 0.029229252185995057), (9, 0.033063375292373194), (10, 0.057246481515922445), (11, 0.023368404470239676), (12, 0.03822940791324429), (13, 0.0376653995316382), (14, 0.03509635054513741), (15, 0.04707990119744164), (16, 0.03986231467071178), (17, 0.03143850394055909), (18, 0.019736871155686078), (19, 0.04803400461126295), (20, 0.03103959887382884), (21, 0.030101467738181793), (22, 0.033076539151371105), (23, 0.0320617552556499), (24, 0.03165643568276283), (25, 0.030531572450769998), (26, 0.03786917318846544), (27, 0.04440006246179731), (28, 0.036794770629251454), (29, 0.03457602968311876), (30, 0.041113872924378)]
[2026-01-21 00:16:28,901][flwr][INFO] - app_fit: metrics_distributed_fit {}
[2026-01-21 00:16:28,901][flwr][INFO] - app_fit: metrics_distributed {}
[2026-01-21 00:16:28,901][flwr][INFO] - app_fit: losses_centralized [(0, 1.4340404903996313), (1, 0.15656803837541114), (2, 0.08555578793153361), (3, 0.06245373282488155), (4, 0.04583560948520749), (5, 0.0468966978711404), (6, 0.04088264725048659), (7, 0.03540763740568845), (8, 0.0337490560907269), (9, 0.03554296951438324), (10, 0.03758282004038214), (11, 0.03398150811859275), (12, 0.033687453094866114), (13, 0.033834193342756724), (14, 0.033035135606570974), (15, 0.03444140655742426), (16, 0.03282761016492559), (17, 0.032241751792034506), (18, 0.03185552388519318), (19, 0.03182091107713423), (20, 0.03171256573734396), (21, 0.031862943985293), (22, 0.03155303963739332), (23, 0.032472176970531015), (24, 0.031135189347903252), (25, 0.029722235433630263), (26, 0.030505989126136213), (27, 0.03722503301458678), (28, 0.029876322024982936), (29, 0.028976090642863675), (30, 0.030271928294103148)]
[2026-01-21 00:16:28,901][flwr][INFO] - app_fit: metrics_centralized {'rmse': [(0, 11782.010694274555), (1, 6121.607958698433), (2, 5004.207030089782), (3, 4617.190920895518), (4, 4245.412347464025), (5, 4313.679172122099), (6, 4087.780571410359), (7, 4116.7562473384305), (8, 4038.162824849934), (9, 3987.7369522073545), (10, 4073.24894893499), (11, 3977.398270226405), (12, 3984.1665376838855), (13, 4010.245877748645), (14, 4078.888083779696), (15, 4026.2550838216894), (16, 3993.3325681690976), (17, 3955.0249051048972), (18, 3979.2542014804735), (19, 3996.742173320666), (20, 4003.007869090442), (21, 3990.227562433), (22, 4084.1859654036325), (23, 3905.6931523098433), (24, 3923.2264782956386), (25, 3930.5935938481352), (26, 3854.8643296489695), (27, 4087.6273068859887), (28, 3850.346477915981), (29, 3975.428153042135), (30, 4030.6503197374986)], 'mae': [(0, 9149.193359375), (1, 3100.643310546875), (2, 2131.204833984375), (3, 1763.202880859375), (4, 1558.5838623046875), (5, 1473.9163818359375), (6, 1433.1942138671875), (7, 1477.9075927734375), (8, 1427.7899169921875), (9, 1337.4815673828125), (10, 1312.8280029296875), (11, 1354.229736328125), (12, 1340.56787109375), (13, 1346.3629150390625), (14, 1443.111328125), (15, 1295.8245849609375), (16, 1325.7069091796875), (17, 1330.5548095703125), (18, 1358.1788330078125), (19, 1331.7186279296875), (20, 1338.5484619140625), (21, 1359.945068359375), (22, 1444.0233154296875), (23, 1212.04150390625), (24, 1345.6298828125), (25, 1399.61767578125), (26, 1283.560546875), (27, 1210.6258544921875), (28, 1302.655517578125), (29, 1410.3868408203125), (30, 1449.8731689453125)], 'r2': [(0, 0.00890437044283554), (1, 0.7324482953304179), (2, 0.8212083447630316), (3, 0.8477937886111632), (4, 0.8713183954510544), (5, 0.8671466827046158), (6, 0.8806968588256082), (7, 0.8789995339733652), (8, 0.8835755001866687), (9, 0.8864650090495051), (10, 0.8815435706744879), (11, 0.8870529540949685), (12, 0.886668228399513), (13, 0.8851796886421143), (14, 0.8812153603880646), (15, 0.8842611134211682), (16, 0.8861461630004419), (17, 0.8883200593374396), (18, 0.8869475202619511), (19, 0.8859516552510478), (20, 0.8855937903241513), (21, 0.8863231448866483), (22, 0.8809065898770849), (23, 0.8910886984082586), (24, 0.8901086580052042), (25, 0.8896955609437767), (26, 0.8939050019605501), (27, 0.8807058050821307), (28, 0.8941535392329427), (29, 0.8871648189664862), (30, 0.884008286345443)], 'mape': [(0, 79.91940307617188), (1, 16.749935150146484), (2, 11.218222618103027), (3, 8.952534675598145), (4, 7.439262390136719), (5, 7.067708492279053), (6, 6.762970924377441), (7, 6.169062614440918), (8, 5.985039710998535), (9, 5.952000141143799), (10, 5.895389080047607), (11, 5.755695819854736), (12, 5.6711649894714355), (13, 5.656028747558594), (14, 5.732170104980469), (15, 5.633489608764648), (16, 5.529718399047852), (17, 5.504380702972412), (18, 5.576521396636963), (19, 5.497655391693115), (20, 5.517614364624023), (21, 5.6260786056518555), (22, 5.664005279541016), (23, 5.380195617675781), (24, 5.651945114135742), (25, 5.615842819213867), (26, 5.48367977142334), (27, 5.7230119705200195), (28, 5.489718437194824), (29, 5.619870662689209), (30, 5.7665605545043945)], 'accuracy_10': [(0, 11.735205352306366), (1, 37.763288617134094), (2, 61.28385066986084), (3, 71.71514630317688), (4, 79.78937029838562), (5, 85.05516648292542), (6, 84.65396165847778), (7, 84.05215740203857), (8, 85.10531783103943), (9, 86.76028251647949), (10, 88.2146418094635), (11, 87.51253485679626), (12, 88.11434507369995), (13, 87.41223812103271), (14, 84.75426435470581), (15, 89.01705145835876), (16, 88.06419372558594), (17, 87.96389102935791), (18, 86.8104338645935), (19, 87.41223812103271), (20, 87.6629889011383), (21, 87.26178407669067), (22, 85.8575701713562), (23, 89.46840763092041), (24, 86.91073060035706), (25, 86.05817556381226), (26, 88.06419372558594), (27, 88.61584663391113), (28, 87.3620867729187), (29, 86.10832691192627), (30, 85.45637130737305)], 'accuracy_20': [(0, 21.46439254283905), (1, 76.4794409275055), (2, 90.42126536369324), (3, 93.63089203834534), (4, 95.08525729179382), (5, 94.83450055122375), (6, 95.33600807189941), (7, 96.23871445655823), (8, 96.03811502456665), (9, 95.98796367645264), (10, 94.88465189933777), (11, 95.8375096321106), (12, 95.8375096321106), (13, 95.8375096321106), (14, 96.03811502456665), (15, 95.2858567237854), (16, 95.68706154823303), (17, 95.73721289634705), (18, 95.78736424446106), (19, 95.88766098022461), (20, 95.8375096321106), (21, 95.8375096321106), (22, 95.98796367645264), (23, 95.33600807189941), (24, 96.03811502456665), (25, 96.33901715278625), (26, 95.586758852005), (27, 94.83450055122375), (28, 95.586758852005), (29, 96.08826637268066), (30, 96.23871445655823)]}
[2026-01-21 00:16:29,457][flwr][INFO] - Starting Flower simulation, config: ServerConfig(num_rounds=30, round_timeout=None)
[2026-01-21 00:16:36,987][flwr][INFO] - Flower VCE: Ray initialized with resources: {'node:127.0.0.1': 1.0, 'memory': 12567758848.0, 'object_store_memory': 2147483648.0, 'CPU': 10.0}
[2026-01-21 00:16:36,988][flwr][INFO] - Initializing global parameters
[2026-01-21 00:16:36,988][flwr][INFO] - Using initial parameters provided by strategy
[2026-01-21 00:16:36,988][flwr][INFO] - Evaluating initial parameters
[2026-01-21 00:16:37,226][flwr][INFO] - initial parameters (loss, other metrics): 1.4340404903996313, {'rmse': 11782.010694274555, 'mae': 9149.193359375, 'r2': 0.00890437044283554, 'mape': 79.91940307617188, 'accuracy_10': 11.735205352306366, 'accuracy_20': 21.46439254283905}
[2026-01-21 00:16:37,227][flwr][INFO] - FL starting
[2026-01-21 00:16:37,227][flwr][DEBUG] - fit_round 1: strategy sampled 9 clients (out of 12)
[2026-01-21 00:16:51,176][flwr][DEBUG] - fit_round 1 received 9 results and 0 failures
[2026-01-21 00:16:51,183][flwr][WARNING] - No fit_metrics_aggregation_fn provided
[2026-01-21 00:16:51,452][flwr][INFO] - fit progress: (1, 0.15720740686298731, {'rmse': 6047.024392211429, 'mae': 3227.60205078125, 'r2': 0.7389280835956982, 'mape': 16.76557731628418, 'accuracy_10': 38.164493441581726, 'accuracy_20': 74.1223692893982}, 14.225172750011552)
[2026-01-21 00:16:51,452][flwr][DEBUG] - evaluate_round 1: strategy sampled 8 clients (out of 12)
[2026-01-21 00:16:51,705][flwr][DEBUG] - evaluate_round 1 received 8 results and 0 failures
[2026-01-21 00:16:51,705][flwr][WARNING] - No evaluate_metrics_aggregation_fn provided
[2026-01-21 00:16:51,705][flwr][DEBUG] - fit_round 2: strategy sampled 9 clients (out of 12)
[2026-01-21 00:16:59,674][flwr][DEBUG] - fit_round 2 received 9 results and 0 failures
[2026-01-21 00:16:59,926][flwr][INFO] - fit progress: (2, 0.09375288477961494, {'rmse': 5017.551594154264, 'mae': 2363.97705078125, 'r2': 0.8202535152041777, 'mape': 12.294075965881348, 'accuracy_10': 53.410232067108154, 'accuracy_20': 86.60982847213745}, 22.69935358298244)
[2026-01-21 00:16:59,926][flwr][DEBUG] - evaluate_round 2: strategy sampled 8 clients (out of 12)
[2026-01-21 00:17:00,210][flwr][DEBUG] - evaluate_round 2 received 8 results and 0 failures
[2026-01-21 00:17:00,210][flwr][DEBUG] - fit_round 3: strategy sampled 9 clients (out of 12)
[2026-01-21 00:17:07,750][flwr][DEBUG] - fit_round 3 received 9 results and 0 failures
[2026-01-21 00:17:08,013][flwr][INFO] - fit progress: (3, 0.0697059856546499, {'rmse': 4586.62468488539, 'mae': 1984.473388671875, 'r2': 0.8498023551944254, 'mape': 10.08676528930664, 'accuracy_10': 64.694082736969, 'accuracy_20': 91.27382040023804}, 30.78582287498284)
[2026-01-21 00:17:08,013][flwr][DEBUG] - evaluate_round 3: strategy sampled 8 clients (out of 12)
[2026-01-21 00:17:08,270][flwr][DEBUG] - evaluate_round 3 received 8 results and 0 failures
[2026-01-21 00:17:08,270][flwr][DEBUG] - fit_round 4: strategy sampled 9 clients (out of 12)
[2026-01-21 00:17:16,076][flwr][DEBUG] - fit_round 4 received 9 results and 0 failures
[2026-01-21 00:17:16,339][flwr][INFO] - fit progress: (4, 0.05601444069591305, {'rmse': 4362.925853140298, 'mae': 1729.2625732421875, 'r2': 0.8640959505664476, 'mape': 8.58949089050293, 'accuracy_10': 74.82447624206543, 'accuracy_20': 93.02908778190613}, 39.11232929100515)
[2026-01-21 00:17:16,340][flwr][DEBUG] - evaluate_round 4: strategy sampled 8 clients (out of 12)
[2026-01-21 00:17:16,571][flwr][DEBUG] - evaluate_round 4 received 8 results and 0 failures
[2026-01-21 00:17:16,572][flwr][DEBUG] - fit_round 5: strategy sampled 9 clients (out of 12)
[2026-01-21 00:17:24,363][flwr][DEBUG] - fit_round 5 received 9 results and 0 failures
[2026-01-21 00:17:24,634][flwr][INFO] - fit progress: (5, 0.048873101401263275, {'rmse': 4258.957149350062, 'mae': 1629.15380859375, 'r2': 0.8704959704887343, 'mape': 7.814834117889404, 'accuracy_10': 76.98094248771667, 'accuracy_20': 94.03209686279297}, 47.40711662499234)
[2026-01-21 00:17:24,635][flwr][DEBUG] - evaluate_round 5: strategy sampled 8 clients (out of 12)
[2026-01-21 00:17:24,873][flwr][DEBUG] - evaluate_round 5 received 8 results and 0 failures
[2026-01-21 00:17:24,873][flwr][DEBUG] - fit_round 6: strategy sampled 9 clients (out of 12)
[2026-01-21 00:17:32,495][flwr][DEBUG] - fit_round 6 received 9 results and 0 failures
[2026-01-21 00:17:32,741][flwr][INFO] - fit progress: (6, 0.043831538235247436, {'rmse': 4139.864732089685, 'mae': 1491.4857177734375, 'r2': 0.8776373124248661, 'mape': 7.022012710571289, 'accuracy_10': 81.99598789215088, 'accuracy_20': 95.08525729179382}, 55.51420524995774)
[2026-01-21 00:17:32,742][flwr][DEBUG] - evaluate_round 6: strategy sampled 8 clients (out of 12)
[2026-01-21 00:17:32,968][flwr][DEBUG] - evaluate_round 6 received 8 results and 0 failures
[2026-01-21 00:17:32,968][flwr][DEBUG] - fit_round 7: strategy sampled 9 clients (out of 12)
[2026-01-21 00:17:40,979][flwr][DEBUG] - fit_round 7 received 9 results and 0 failures
[2026-01-21 00:17:41,243][flwr][INFO] - fit progress: (7, 0.04019524175169296, {'rmse': 4101.335148460804, 'mae': 1462.46630859375, 'r2': 0.8799043671576529, 'mape': 6.60623025894165, 'accuracy_10': 82.89869427680969, 'accuracy_20': 95.18555402755737}, 64.01621329097543)
[2026-01-21 00:17:41,244][flwr][DEBUG] - evaluate_round 7: strategy sampled 8 clients (out of 12)
[2026-01-21 00:17:41,491][flwr][DEBUG] - evaluate_round 7 received 8 results and 0 failures
[2026-01-21 00:17:41,491][flwr][DEBUG] - fit_round 8: strategy sampled 9 clients (out of 12)
[2026-01-21 00:17:49,206][flwr][DEBUG] - fit_round 8 received 9 results and 0 failures
[2026-01-21 00:17:49,460][flwr][INFO] - fit progress: (8, 0.0396600983637117, {'rmse': 4069.2570574983342, 'mae': 1410.7474365234375, 'r2': 0.8817756380352824, 'mape': 6.431694507598877, 'accuracy_10': 84.30290818214417, 'accuracy_20': 95.38615942001343}, 72.2332262909622)
[2026-01-21 00:17:49,461][flwr][DEBUG] - evaluate_round 8: strategy sampled 8 clients (out of 12)
[2026-01-21 00:17:49,691][flwr][DEBUG] - evaluate_round 8 received 8 results and 0 failures
[2026-01-21 00:17:49,691][flwr][DEBUG] - fit_round 9: strategy sampled 9 clients (out of 12)
[2026-01-21 00:17:59,137][flwr][DEBUG] - fit_round 9 received 9 results and 0 failures
[2026-01-21 00:17:59,416][flwr][INFO] - fit progress: (9, 0.041677990373422055, {'rmse': 4087.8522478191408, 'mae': 1372.794677734375, 'r2': 0.8806926790172329, 'mape': 6.485907554626465, 'accuracy_10': 85.65697073936462, 'accuracy_20': 94.78435516357422}, 82.18870679097017)
[2026-01-21 00:17:59,416][flwr][DEBUG] - evaluate_round 9: strategy sampled 8 clients (out of 12)
[2026-01-21 00:17:59,590][flwr][DEBUG] - evaluate_round 9 received 8 results and 0 failures
[2026-01-21 00:17:59,591][flwr][DEBUG] - fit_round 10: strategy sampled 9 clients (out of 12)
[2026-01-21 00:18:09,119][flwr][DEBUG] - fit_round 10 received 9 results and 0 failures
[2026-01-21 00:18:09,384][flwr][INFO] - fit progress: (10, 0.0360837449135638, {'rmse': 3966.842447085591, 'mae': 1375.7918701171875, 'r2': 0.8876516713132447, 'mape': 6.202035903930664, 'accuracy_10': 86.00802421569824, 'accuracy_20': 95.98796367645264}, 92.1562154580024)
[2026-01-21 00:18:09,384][flwr][DEBUG] - evaluate_round 10: strategy sampled 8 clients (out of 12)
[2026-01-21 00:18:09,619][flwr][DEBUG] - evaluate_round 10 received 8 results and 0 failures
[2026-01-21 00:18:09,619][flwr][DEBUG] - fit_round 11: strategy sampled 9 clients (out of 12)
[2026-01-21 00:18:18,975][flwr][DEBUG] - fit_round 11 received 9 results and 0 failures
[2026-01-21 00:18:19,232][flwr][INFO] - fit progress: (11, 0.034514617271078685, {'rmse': 3931.026837863105, 'mae': 1298.46826171875, 'r2': 0.8896712373922313, 'mape': 5.759306907653809, 'accuracy_10': 87.11133599281311, 'accuracy_20': 95.73721289634705}, 102.00429849995999)
[2026-01-21 00:18:19,232][flwr][DEBUG] - evaluate_round 11: strategy sampled 8 clients (out of 12)
[2026-01-21 00:18:19,528][flwr][DEBUG] - evaluate_round 11 received 8 results and 0 failures
[2026-01-21 00:18:19,529][flwr][DEBUG] - fit_round 12: strategy sampled 9 clients (out of 12)
[2026-01-21 00:18:29,431][flwr][DEBUG] - fit_round 12 received 9 results and 0 failures
[2026-01-21 00:18:29,714][flwr][INFO] - fit progress: (12, 0.03413853853559841, {'rmse': 3894.5031775567986, 'mae': 1316.5130615234375, 'r2': 0.8917118711720289, 'mape': 5.808000087738037, 'accuracy_10': 87.26178407669067, 'accuracy_20': 95.8375096321106}, 112.48619437497109)
[2026-01-21 00:18:29,714][flwr][DEBUG] - evaluate_round 12: strategy sampled 8 clients (out of 12)
[2026-01-21 00:18:29,919][flwr][DEBUG] - evaluate_round 12 received 8 results and 0 failures
[2026-01-21 00:18:29,919][flwr][DEBUG] - fit_round 13: strategy sampled 9 clients (out of 12)
[2026-01-21 00:18:39,959][flwr][DEBUG] - fit_round 13 received 9 results and 0 failures
[2026-01-21 00:18:40,227][flwr][INFO] - fit progress: (13, 0.03422577705873231, {'rmse': 3921.287543651957, 'mae': 1309.33544921875, 'r2': 0.8902172523599932, 'mape': 5.759829521179199, 'accuracy_10': 87.11133599281311, 'accuracy_20': 95.88766098022461}, 122.99943062500097)
[2026-01-21 00:18:40,227][flwr][DEBUG] - evaluate_round 13: strategy sampled 8 clients (out of 12)
[2026-01-21 00:18:40,486][flwr][DEBUG] - evaluate_round 13 received 8 results and 0 failures
[2026-01-21 00:18:40,486][flwr][DEBUG] - fit_round 14: strategy sampled 9 clients (out of 12)
[2026-01-21 00:18:49,883][flwr][DEBUG] - fit_round 14 received 9 results and 0 failures
[2026-01-21 00:18:50,144][flwr][INFO] - fit progress: (14, 0.033372676784664004, {'rmse': 3878.3206417211045, 'mae': 1291.7037353515625, 'r2': 0.8926099286669503, 'mape': 5.664041519165039, 'accuracy_10': 87.86358833312988, 'accuracy_20': 95.73721289634705}, 132.9159670409863)
[2026-01-21 00:18:50,144][flwr][DEBUG] - evaluate_round 14: strategy sampled 8 clients (out of 12)
[2026-01-21 00:18:50,344][flwr][DEBUG] - evaluate_round 14 received 8 results and 0 failures
[2026-01-21 00:18:50,344][flwr][DEBUG] - fit_round 15: strategy sampled 9 clients (out of 12)
[2026-01-21 00:18:59,864][flwr][DEBUG] - fit_round 15 received 9 results and 0 failures
[2026-01-21 00:19:00,125][flwr][INFO] - fit progress: (15, 0.03302813829329153, {'rmse': 3880.3284654781482, 'mae': 1295.2591552734375, 'r2': 0.8924987017661846, 'mape': 5.610198020935059, 'accuracy_10': 86.8104338645935, 'accuracy_20': 95.73721289634705}, 142.89778066601139)
[2026-01-21 00:19:00,126][flwr][DEBUG] - evaluate_round 15: strategy sampled 8 clients (out of 12)
[2026-01-21 00:19:00,348][flwr][DEBUG] - evaluate_round 15 received 8 results and 0 failures
[2026-01-21 00:19:00,348][flwr][DEBUG] - fit_round 16: strategy sampled 9 clients (out of 12)
[2026-01-21 00:19:09,974][flwr][DEBUG] - fit_round 16 received 9 results and 0 failures
[2026-01-21 00:19:10,249][flwr][INFO] - fit progress: (16, 0.03332752996911795, {'rmse': 3904.664774343631, 'mae': 1311.605224609375, 'r2': 0.8911460424459687, 'mape': 5.636962413787842, 'accuracy_10': 86.55967712402344, 'accuracy_20': 95.48646211624146}, 153.0210406249971)
[2026-01-21 00:19:10,249][flwr][DEBUG] - evaluate_round 16: strategy sampled 8 clients (out of 12)
[2026-01-21 00:19:10,469][flwr][DEBUG] - evaluate_round 16 received 8 results and 0 failures
[2026-01-21 00:19:10,470][flwr][DEBUG] - fit_round 17: strategy sampled 9 clients (out of 12)
[2026-01-21 00:19:19,935][flwr][DEBUG] - fit_round 17 received 9 results and 0 failures
[2026-01-21 00:19:20,192][flwr][INFO] - fit progress: (17, 0.034050530015136915, {'rmse': 3919.060091399467, 'mae': 1309.474609375, 'r2': 0.8903419353105284, 'mape': 5.676895618438721, 'accuracy_10': 86.76028251647949, 'accuracy_20': 95.43631076812744}, 162.9637782080099)
[2026-01-21 00:19:20,192][flwr][DEBUG] - evaluate_round 17: strategy sampled 8 clients (out of 12)
[2026-01-21 00:19:20,513][flwr][DEBUG] - evaluate_round 17 received 8 results and 0 failures
[2026-01-21 00:19:20,514][flwr][DEBUG] - fit_round 18: strategy sampled 9 clients (out of 12)
[2026-01-21 00:19:29,961][flwr][DEBUG] - fit_round 18 received 9 results and 0 failures
[2026-01-21 00:19:30,232][flwr][INFO] - fit progress: (18, 0.033203910940972234, {'rmse': 3900.327165764431, 'mae': 1295.1494140625, 'r2': 0.891387752698015, 'mape': 5.615900039672852, 'accuracy_10': 87.11133599281311, 'accuracy_20': 95.38615942001343}, 173.00423683295958)
[2026-01-21 00:19:30,232][flwr][DEBUG] - evaluate_round 18: strategy sampled 8 clients (out of 12)
[2026-01-21 00:19:30,452][flwr][DEBUG] - evaluate_round 18 received 8 results and 0 failures
[2026-01-21 00:19:30,453][flwr][DEBUG] - fit_round 19: strategy sampled 9 clients (out of 12)
[2026-01-21 00:19:39,554][flwr][DEBUG] - fit_round 19 received 9 results and 0 failures
[2026-01-21 00:19:39,830][flwr][INFO] - fit progress: (19, 0.03343663400145567, {'rmse': 4019.9793531808095, 'mae': 1435.0479736328125, 'r2': 0.88462164022603, 'mape': 5.898890495300293, 'accuracy_10': 85.70712208747864, 'accuracy_20': 95.68706154823303}, 182.6021899160114)
[2026-01-21 00:19:39,830][flwr][DEBUG] - evaluate_round 19: strategy sampled 8 clients (out of 12)
[2026-01-21 00:19:40,211][flwr][DEBUG] - evaluate_round 19 received 8 results and 0 failures
[2026-01-21 00:19:40,211][flwr][DEBUG] - fit_round 20: strategy sampled 9 clients (out of 12)
[2026-01-21 00:19:49,906][flwr][DEBUG] - fit_round 20 received 9 results and 0 failures
[2026-01-21 00:19:50,188][flwr][INFO] - fit progress: (20, 0.034941579552447664, {'rmse': 3904.7181716482432, 'mae': 1259.5267333984375, 'r2': 0.891143065249126, 'mape': 5.626827239990234, 'accuracy_10': 87.31193542480469, 'accuracy_20': 94.83450055122375}, 192.9596165829571)
[2026-01-21 00:19:50,188][flwr][DEBUG] - evaluate_round 20: strategy sampled 8 clients (out of 12)
[2026-01-21 00:19:50,300][flwr][DEBUG] - evaluate_round 20 received 8 results and 0 failures
[2026-01-21 00:19:50,300][flwr][DEBUG] - fit_round 21: strategy sampled 9 clients (out of 12)
[2026-01-21 00:19:59,736][flwr][DEBUG] - fit_round 21 received 9 results and 0 failures
[2026-01-21 00:20:00,010][flwr][INFO] - fit progress: (21, 0.03454928562687775, {'rmse': 4101.467542234121, 'mae': 1475.61572265625, 'r2': 0.8798966088466685, 'mape': 6.077696800231934, 'accuracy_10': 85.45637130737305, 'accuracy_20': 95.43631076812744}, 202.78233362501487)
[2026-01-21 00:20:00,011][flwr][DEBUG] - evaluate_round 21: strategy sampled 8 clients (out of 12)
[2026-01-21 00:20:00,130][flwr][DEBUG] - evaluate_round 21 received 8 results and 0 failures
[2026-01-21 00:20:00,130][flwr][DEBUG] - fit_round 22: strategy sampled 9 clients (out of 12)
[2026-01-21 00:20:09,934][flwr][DEBUG] - fit_round 22 received 9 results and 0 failures
[2026-01-21 00:20:10,208][flwr][INFO] - fit progress: (22, 0.03313586807650035, {'rmse': 3928.8491953751545, 'mae': 1344.84619140625, 'r2': 0.88979344178973, 'mape': 5.77222204208374, 'accuracy_10': 86.35907769203186, 'accuracy_20': 95.33600807189941}, 212.97994316596305)
[2026-01-21 00:20:10,208][flwr][DEBUG] - evaluate_round 22: strategy sampled 8 clients (out of 12)
[2026-01-21 00:20:10,312][flwr][DEBUG] - evaluate_round 22 received 8 results and 0 failures
[2026-01-21 00:20:10,312][flwr][DEBUG] - fit_round 23: strategy sampled 9 clients (out of 12)
[2026-01-21 00:20:20,045][flwr][DEBUG] - fit_round 23 received 9 results and 0 failures
[2026-01-21 00:20:20,312][flwr][INFO] - fit progress: (23, 0.033074128956215434, {'rmse': 3889.5555015965515, 'mae': 1345.02685546875, 'r2': 0.8919868438991458, 'mape': 5.812062740325928, 'accuracy_10': 85.95787286758423, 'accuracy_20': 95.23570537567139}, 223.08403879101388)
[2026-01-21 00:20:20,313][flwr][DEBUG] - evaluate_round 23: strategy sampled 8 clients (out of 12)
[2026-01-21 00:20:20,589][flwr][DEBUG] - evaluate_round 23 received 8 results and 0 failures
[2026-01-21 00:20:20,589][flwr][DEBUG] - fit_round 24: strategy sampled 9 clients (out of 12)
[2026-01-21 00:20:30,275][flwr][DEBUG] - fit_round 24 received 9 results and 0 failures
[2026-01-21 00:20:30,551][flwr][INFO] - fit progress: (24, 0.033250432293357675, {'rmse': 3903.4761431319134, 'mae': 1322.7877197265625, 'r2': 0.8912123034082128, 'mape': 5.754463195800781, 'accuracy_10': 86.60982847213745, 'accuracy_20': 95.13540863990784}, 233.32271245797165)
[2026-01-21 00:20:30,552][flwr][DEBUG] - evaluate_round 24: strategy sampled 8 clients (out of 12)
[2026-01-21 00:20:30,766][flwr][DEBUG] - evaluate_round 24 received 8 results and 0 failures
[2026-01-21 00:20:30,766][flwr][DEBUG] - fit_round 25: strategy sampled 9 clients (out of 12)
[2026-01-21 00:20:40,427][flwr][DEBUG] - fit_round 25 received 9 results and 0 failures
[2026-01-21 00:20:40,690][flwr][INFO] - fit progress: (25, 0.03350942826072276, {'rmse': 3918.1139595473737, 'mae': 1340.1204833984375, 'r2': 0.8903948795499488, 'mape': 5.8198370933532715, 'accuracy_10': 86.35907769203186, 'accuracy_20': 95.03510594367981}, 243.4620217079646)
[2026-01-21 00:20:40,691][flwr][DEBUG] - evaluate_round 25: strategy sampled 8 clients (out of 12)
[2026-01-21 00:20:40,811][flwr][DEBUG] - evaluate_round 25 received 8 results and 0 failures
[2026-01-21 00:20:40,812][flwr][DEBUG] - fit_round 26: strategy sampled 9 clients (out of 12)
[2026-01-21 00:20:50,342][flwr][DEBUG] - fit_round 26 received 9 results and 0 failures
[2026-01-21 00:20:50,590][flwr][INFO] - fit progress: (26, 0.033238904410552834, {'rmse': 3895.1309348980813, 'mae': 1335.1669921875, 'r2': 0.8916769587725994, 'mape': 5.799046516418457, 'accuracy_10': 86.35907769203186, 'accuracy_20': 95.13540863990784}, 253.36163812497398)
[2026-01-21 00:20:50,591][flwr][DEBUG] - evaluate_round 26: strategy sampled 8 clients (out of 12)
[2026-01-21 00:20:50,804][flwr][DEBUG] - evaluate_round 26 received 8 results and 0 failures
[2026-01-21 00:20:50,804][flwr][DEBUG] - fit_round 27: strategy sampled 9 clients (out of 12)
[2026-01-21 00:20:59,951][flwr][DEBUG] - fit_round 27 received 9 results and 0 failures
[2026-01-21 00:21:00,227][flwr][INFO] - fit progress: (27, 0.03330792280599669, {'rmse': 3925.573970771663, 'mae': 1348.9940185546875, 'r2': 0.8899771113693369, 'mape': 5.860567092895508, 'accuracy_10': 86.65997982025146, 'accuracy_20': 95.18555402755737}, 262.9992140830145)
[2026-01-21 00:21:00,227][flwr][DEBUG] - evaluate_round 27: strategy sampled 8 clients (out of 12)
[2026-01-21 00:21:00,342][flwr][DEBUG] - evaluate_round 27 received 8 results and 0 failures
[2026-01-21 00:21:00,342][flwr][DEBUG] - fit_round 28: strategy sampled 9 clients (out of 12)
[2026-01-21 00:21:09,515][flwr][DEBUG] - fit_round 28 received 9 results and 0 failures
[2026-01-21 00:21:09,769][flwr][INFO] - fit progress: (28, 0.03564815268428658, {'rmse': 3982.4194907116453, 'mae': 1254.28271484375, 'r2': 0.8867675978438876, 'mape': 5.7083868980407715, 'accuracy_10': 87.16148734092712, 'accuracy_20': 94.68405246734619}, 272.54284725000616)
[2026-01-21 00:21:09,769][flwr][DEBUG] - evaluate_round 28: strategy sampled 8 clients (out of 12)
[2026-01-21 00:21:10,028][flwr][DEBUG] - evaluate_round 28 received 8 results and 0 failures
[2026-01-21 00:21:10,028][flwr][DEBUG] - fit_round 29: strategy sampled 9 clients (out of 12)
[2026-01-21 00:21:19,303][flwr][DEBUG] - fit_round 29 received 9 results and 0 failures
[2026-01-21 00:21:19,568][flwr][INFO] - fit progress: (29, 0.03348704714443882, {'rmse': 3936.5154642145126, 'mae': 1335.750732421875, 'r2': 0.8893629361930693, 'mape': 5.82288122177124, 'accuracy_10': 86.76028251647949, 'accuracy_20': 94.83450055122375}, 282.34287229098845)
[2026-01-21 00:21:19,569][flwr][DEBUG] - evaluate_round 29: strategy sampled 8 clients (out of 12)
[2026-01-21 00:21:19,744][flwr][DEBUG] - evaluate_round 29 received 8 results and 0 failures
[2026-01-21 00:21:19,745][flwr][DEBUG] - fit_round 30: strategy sampled 9 clients (out of 12)
[2026-01-21 00:21:29,055][flwr][DEBUG] - fit_round 30 received 9 results and 0 failures
[2026-01-21 00:21:29,327][flwr][INFO] - fit progress: (30, 0.03602995519099408, {'rmse': 3998.7383010144586, 'mae': 1300.266357421875, 'r2': 0.8858377078083396, 'mape': 5.874328136444092, 'accuracy_10': 86.50952577590942, 'accuracy_20': 94.78435516357422}, 292.10197570797754)
[2026-01-21 00:21:29,328][flwr][DEBUG] - evaluate_round 30: strategy sampled 8 clients (out of 12)
[2026-01-21 00:21:29,443][flwr][DEBUG] - evaluate_round 30 received 8 results and 0 failures
[2026-01-21 00:21:29,443][flwr][INFO] - FL finished in 292.21787024999503
[2026-01-21 00:21:29,445][flwr][INFO] - app_fit: losses_distributed [(1, 0.15744189067139266), (2, 0.09859556040647577), (3, 0.07130480546897118), (4, 0.06410334997332266), (5, 0.051799350860913494), (6, 0.05511844096674545), (7, 0.053566087095092384), (8, 0.04348752065995275), (9, 0.04041706995907265), (10, 0.02511274639596455), (11, 0.058895645190696864), (12, 0.05717653035124865), (13, 0.04185355521093895), (14, 0.025065101240818972), (15, 0.026953594837771697), (16, 0.04872754200538645), (17, 0.03900278209911446), (18, 0.03162299781905453), (19, 0.03265230674973834), (20, 0.05598693882438105), (21, 0.032755047488919116), (22, 0.03908517496043889), (23, 0.02758553779067036), (24, 0.014358091505516623), (25, 0.026955869634793843), (26, 0.02878904027533996), (27, 0.025762300289657074), (28, 0.04547065139344574), (29, 0.03493391460011942), (30, 0.05240960256638313)]
[2026-01-21 00:21:29,446][flwr][INFO] - app_fit: metrics_distributed_fit {'scaffold_updates': [(1, 9), (2, 9), (3, 9), (4, 9), (5, 9), (6, 9), (7, 9), (8, 9), (9, 9), (10, 9), (11, 9), (12, 9), (13, 9), (14, 9), (15, 9), (16, 9), (17, 9), (18, 9), (19, 9), (20, 9), (21, 9), (22, 9), (23, 9), (24, 9), (25, 9), (26, 9), (27, 9), (28, 9), (29, 9), (30, 9)], 'avg_control_delta_norm': [(1, 1.1040737156061013), (2, 0.6434598390377072), (3, 0.5441721038380538), (4, 0.38480220200606235), (5, 0.34020820220158315), (6, 0.3307494043100161), (7, 0.27697413677869576), (8, 0.2314534277747265), (9, 0.3828016993853438), (10, 0.3534615022217106), (11, 0.3701536931512446), (12, 0.30578716946309514), (13, 0.26142857309670764), (14, 0.289879615581213), (15, 0.2672516009857413), (16, 0.25537381739163334), (17, 0.24848583954985715), (18, 0.2589195467813323), (19, 0.26706019080549015), (20, 0.24296823599716572), (21, 0.2346306030758202), (22, 0.2026531408461854), (23, 0.2031956599279713), (24, 0.18474835924719693), (25, 0.1903734913013867), (26, 0.18764632853842764), (27, 0.20501121812239867), (28, 0.22332091129248438), (29, 0.22178588764990914), (30, 0.21379576470979123)]}
[2026-01-21 00:21:29,446][flwr][INFO] - app_fit: metrics_distributed {}
[2026-01-21 00:21:29,446][flwr][INFO] - app_fit: losses_centralized [(0, 1.4340404903996313), (1, 0.15720740686298731), (2, 0.09375288477961494), (3, 0.0697059856546499), (4, 0.05601444069591305), (5, 0.048873101401263275), (6, 0.043831538235247436), (7, 0.04019524175169296), (8, 0.0396600983637117), (9, 0.041677990373422055), (10, 0.0360837449135638), (11, 0.034514617271078685), (12, 0.03413853853559841), (13, 0.03422577705873231), (14, 0.033372676784664004), (15, 0.03302813829329153), (16, 0.03332752996911795), (17, 0.034050530015136915), (18, 0.033203910940972234), (19, 0.03343663400145567), (20, 0.034941579552447664), (21, 0.03454928562687775), (22, 0.03313586807650035), (23, 0.033074128956215434), (24, 0.033250432293357675), (25, 0.03350942826072276), (26, 0.033238904410552834), (27, 0.03330792280599669), (28, 0.03564815268428658), (29, 0.03348704714443882), (30, 0.03602995519099408)]
[2026-01-21 00:21:29,446][flwr][INFO] - app_fit: metrics_centralized {'rmse': [(0, 11782.010694274555), (1, 6047.024392211429), (2, 5017.551594154264), (3, 4586.62468488539), (4, 4362.925853140298), (5, 4258.957149350062), (6, 4139.864732089685), (7, 4101.335148460804), (8, 4069.2570574983342), (9, 4087.8522478191408), (10, 3966.842447085591), (11, 3931.026837863105), (12, 3894.5031775567986), (13, 3921.287543651957), (14, 3878.3206417211045), (15, 3880.3284654781482), (16, 3904.664774343631), (17, 3919.060091399467), (18, 3900.327165764431), (19, 4019.9793531808095), (20, 3904.7181716482432), (21, 4101.467542234121), (22, 3928.8491953751545), (23, 3889.5555015965515), (24, 3903.4761431319134), (25, 3918.1139595473737), (26, 3895.1309348980813), (27, 3925.573970771663), (28, 3982.4194907116453), (29, 3936.5154642145126), (30, 3998.7383010144586)], 'mae': [(0, 9149.193359375), (1, 3227.60205078125), (2, 2363.97705078125), (3, 1984.473388671875), (4, 1729.2625732421875), (5, 1629.15380859375), (6, 1491.4857177734375), (7, 1462.46630859375), (8, 1410.7474365234375), (9, 1372.794677734375), (10, 1375.7918701171875), (11, 1298.46826171875), (12, 1316.5130615234375), (13, 1309.33544921875), (14, 1291.7037353515625), (15, 1295.2591552734375), (16, 1311.605224609375), (17, 1309.474609375), (18, 1295.1494140625), (19, 1435.0479736328125), (20, 1259.5267333984375), (21, 1475.61572265625), (22, 1344.84619140625), (23, 1345.02685546875), (24, 1322.7877197265625), (25, 1340.1204833984375), (26, 1335.1669921875), (27, 1348.9940185546875), (28, 1254.28271484375), (29, 1335.750732421875), (30, 1300.266357421875)], 'r2': [(0, 0.00890437044283554), (1, 0.7389280835956982), (2, 0.8202535152041777), (3, 0.8498023551944254), (4, 0.8640959505664476), (5, 0.8704959704887343), (6, 0.8776373124248661), (7, 0.8799043671576529), (8, 0.8817756380352824), (9, 0.8806926790172329), (10, 0.8876516713132447), (11, 0.8896712373922313), (12, 0.8917118711720289), (13, 0.8902172523599932), (14, 0.8926099286669503), (15, 0.8924987017661846), (16, 0.8911460424459687), (17, 0.8903419353105284), (18, 0.891387752698015), (19, 0.88462164022603), (20, 0.891143065249126), (21, 0.8798966088466685), (22, 0.88979344178973), (23, 0.8919868438991458), (24, 0.8912123034082128), (25, 0.8903948795499488), (26, 0.8916769587725994), (27, 0.8899771113693369), (28, 0.8867675978438876), (29, 0.8893629361930693), (30, 0.8858377078083396)], 'mape': [(0, 79.91940307617188), (1, 16.76557731628418), (2, 12.294075965881348), (3, 10.08676528930664), (4, 8.58949089050293), (5, 7.814834117889404), (6, 7.022012710571289), (7, 6.60623025894165), (8, 6.431694507598877), (9, 6.485907554626465), (10, 6.202035903930664), (11, 5.759306907653809), (12, 5.808000087738037), (13, 5.759829521179199), (14, 5.664041519165039), (15, 5.610198020935059), (16, 5.636962413787842), (17, 5.676895618438721), (18, 5.615900039672852), (19, 5.898890495300293), (20, 5.626827239990234), (21, 6.077696800231934), (22, 5.77222204208374), (23, 5.812062740325928), (24, 5.754463195800781), (25, 5.8198370933532715), (26, 5.799046516418457), (27, 5.860567092895508), (28, 5.7083868980407715), (29, 5.82288122177124), (30, 5.874328136444092)], 'accuracy_10': [(0, 11.735205352306366), (1, 38.164493441581726), (2, 53.410232067108154), (3, 64.694082736969), (4, 74.82447624206543), (5, 76.98094248771667), (6, 81.99598789215088), (7, 82.89869427680969), (8, 84.30290818214417), (9, 85.65697073936462), (10, 86.00802421569824), (11, 87.11133599281311), (12, 87.26178407669067), (13, 87.11133599281311), (14, 87.86358833312988), (15, 86.8104338645935), (16, 86.55967712402344), (17, 86.76028251647949), (18, 87.11133599281311), (19, 85.70712208747864), (20, 87.31193542480469), (21, 85.45637130737305), (22, 86.35907769203186), (23, 85.95787286758423), (24, 86.60982847213745), (25, 86.35907769203186), (26, 86.35907769203186), (27, 86.65997982025146), (28, 87.16148734092712), (29, 86.76028251647949), (30, 86.50952577590942)], 'accuracy_20': [(0, 21.46439254283905), (1, 74.1223692893982), (2, 86.60982847213745), (3, 91.27382040023804), (4, 93.02908778190613), (5, 94.03209686279297), (6, 95.08525729179382), (7, 95.18555402755737), (8, 95.38615942001343), (9, 94.78435516357422), (10, 95.98796367645264), (11, 95.73721289634705), (12, 95.8375096321106), (13, 95.88766098022461), (14, 95.73721289634705), (15, 95.73721289634705), (16, 95.48646211624146), (17, 95.43631076812744), (18, 95.38615942001343), (19, 95.68706154823303), (20, 94.83450055122375), (21, 95.43631076812744), (22, 95.33600807189941), (23, 95.23570537567139), (24, 95.13540863990784), (25, 95.03510594367981), (26, 95.13540863990784), (27, 95.18555402755737), (28, 94.68405246734619), (29, 94.83450055122375), (30, 94.78435516357422)]}
