[2026-01-23 12:36:36,699][flwr][INFO] - Starting Flower simulation, config: ServerConfig(num_rounds=20, round_timeout=None)
[2026-01-23 12:36:41,976][flwr][INFO] - Flower VCE: Ray initialized with resources: {'node:127.0.0.1': 1.0, 'object_store_memory': 2147483648.0, 'CPU': 10.0, 'memory': 11789843661.0}
[2026-01-23 12:36:41,976][flwr][INFO] - Initializing global parameters
[2026-01-23 12:36:41,976][flwr][INFO] - Requesting initial parameters from one random client
[2026-01-23 12:36:45,693][flwr][INFO] - Received initial parameters from one random client
[2026-01-23 12:36:45,694][flwr][INFO] - Evaluating initial parameters
[2026-01-23 12:36:46,789][flwr][INFO] - initial parameters (loss, other metrics): 239763056.0, {'rmse': 15484.28416169117, 'mae': 9067.55078125, 'r2': -0.9085620641708374}
[2026-01-23 12:36:46,789][flwr][INFO] - FL starting
[2026-01-23 12:36:46,790][flwr][DEBUG] - fit_round 1: strategy sampled 4 clients (out of 14)
[2026-01-23 12:36:55,535][flwr][DEBUG] - fit_round 1 received 4 results and 0 failures
[2026-01-23 12:36:55,541][flwr][WARNING] - No fit_metrics_aggregation_fn provided
[2026-01-23 12:36:55,949][flwr][INFO] - fit progress: (1, 113432384.0, {'rmse': 10650.464027449696, 'mae': 7559.458984375, 'r2': 0.09705543518066406}, 9.16032104199985)
[2026-01-23 12:36:55,950][flwr][DEBUG] - evaluate_round 1: strategy sampled 4 clients (out of 14)
[2026-01-23 12:36:56,176][flwr][DEBUG] - evaluate_round 1 received 4 results and 0 failures
[2026-01-23 12:36:56,176][flwr][WARNING] - No evaluate_metrics_aggregation_fn provided
[2026-01-23 12:36:56,176][flwr][DEBUG] - fit_round 2: strategy sampled 4 clients (out of 14)
[2026-01-23 12:37:00,187][flwr][DEBUG] - fit_round 2 received 4 results and 0 failures
[2026-01-23 12:37:00,589][flwr][INFO] - fit progress: (2, 91985992.0, {'rmse': 9590.932801349409, 'mae': 6842.18115234375, 'r2': 0.2677730321884155}, 13.80033358297078)
[2026-01-23 12:37:00,590][flwr][DEBUG] - evaluate_round 2: strategy sampled 4 clients (out of 14)
[2026-01-23 12:37:00,802][flwr][DEBUG] - evaluate_round 2 received 4 results and 0 failures
[2026-01-23 12:37:00,803][flwr][DEBUG] - fit_round 3: strategy sampled 4 clients (out of 14)
[2026-01-23 12:37:05,172][flwr][DEBUG] - fit_round 3 received 4 results and 0 failures
[2026-01-23 12:37:05,606][flwr][INFO] - fit progress: (3, 84074016.0, {'rmse': 9169.188404651744, 'mae': 6530.2392578125, 'r2': 0.33075398206710815}, 18.816608832974453)
[2026-01-23 12:37:05,606][flwr][DEBUG] - evaluate_round 3: strategy sampled 4 clients (out of 14)
[2026-01-23 12:37:05,851][flwr][DEBUG] - evaluate_round 3 received 4 results and 0 failures
[2026-01-23 12:37:05,852][flwr][DEBUG] - fit_round 4: strategy sampled 4 clients (out of 14)
[2026-01-23 12:37:09,958][flwr][DEBUG] - fit_round 4 received 4 results and 0 failures
[2026-01-23 12:37:10,478][flwr][INFO] - fit progress: (4, 70980168.0, {'rmse': 8424.972878294624, 'mae': 6255.9228515625, 'r2': 0.43498367071151733}, 23.688772582972888)
[2026-01-23 12:37:10,478][flwr][DEBUG] - evaluate_round 4: strategy sampled 4 clients (out of 14)
[2026-01-23 12:37:10,602][flwr][DEBUG] - evaluate_round 4 received 4 results and 0 failures
[2026-01-23 12:37:10,602][flwr][DEBUG] - fit_round 5: strategy sampled 4 clients (out of 14)
[2026-01-23 12:37:14,425][flwr][DEBUG] - fit_round 5 received 4 results and 0 failures
[2026-01-23 12:37:14,834][flwr][INFO] - fit progress: (5, 66280652.0, {'rmse': 8141.293017696882, 'mae': 5935.9658203125, 'r2': 0.472392737865448}, 28.045021249970887)
[2026-01-23 12:37:14,834][flwr][DEBUG] - evaluate_round 5: strategy sampled 4 clients (out of 14)
[2026-01-23 12:37:14,907][flwr][DEBUG] - evaluate_round 5 received 4 results and 0 failures
[2026-01-23 12:37:14,907][flwr][DEBUG] - fit_round 6: strategy sampled 4 clients (out of 14)
[2026-01-23 12:37:18,797][flwr][DEBUG] - fit_round 6 received 4 results and 0 failures
[2026-01-23 12:37:19,180][flwr][INFO] - fit progress: (6, 56418280.0, {'rmse': 7511.210288628591, 'mae': 5390.4765625, 'r2': 0.5508991479873657}, 32.390935666975565)
[2026-01-23 12:37:19,180][flwr][DEBUG] - evaluate_round 6: strategy sampled 4 clients (out of 14)
[2026-01-23 12:37:19,263][flwr][DEBUG] - evaluate_round 6 received 4 results and 0 failures
[2026-01-23 12:37:19,264][flwr][DEBUG] - fit_round 7: strategy sampled 4 clients (out of 14)
[2026-01-23 12:37:23,095][flwr][DEBUG] - fit_round 7 received 4 results and 0 failures
[2026-01-23 12:37:23,465][flwr][INFO] - fit progress: (7, 58853968.0, {'rmse': 7671.6339850125805, 'mae': 5420.02880859375, 'r2': 0.531510591506958}, 36.6755687079858)
[2026-01-23 12:37:23,465][flwr][DEBUG] - evaluate_round 7: strategy sampled 4 clients (out of 14)
[2026-01-23 12:37:23,575][flwr][DEBUG] - evaluate_round 7 received 4 results and 0 failures
[2026-01-23 12:37:23,575][flwr][DEBUG] - fit_round 8: strategy sampled 4 clients (out of 14)
[2026-01-23 12:37:27,697][flwr][DEBUG] - fit_round 8 received 4 results and 0 failures
[2026-01-23 12:37:28,081][flwr][INFO] - fit progress: (8, 46965556.0, {'rmse': 6853.142053102358, 'mae': 5060.107421875, 'r2': 0.6261447668075562}, 41.29127420799341)
[2026-01-23 12:37:28,081][flwr][DEBUG] - evaluate_round 8: strategy sampled 4 clients (out of 14)
[2026-01-23 12:37:28,277][flwr][DEBUG] - evaluate_round 8 received 4 results and 0 failures
[2026-01-23 12:37:28,278][flwr][DEBUG] - fit_round 9: strategy sampled 4 clients (out of 14)
[2026-01-23 12:37:32,131][flwr][DEBUG] - fit_round 9 received 4 results and 0 failures
[2026-01-23 12:37:32,513][flwr][INFO] - fit progress: (9, 47435968.0, {'rmse': 6887.377439925882, 'mae': 5013.1220703125, 'r2': 0.622400164604187}, 45.72354745795019)
[2026-01-23 12:37:32,513][flwr][DEBUG] - evaluate_round 9: strategy sampled 4 clients (out of 14)
[2026-01-23 12:37:32,584][flwr][DEBUG] - evaluate_round 9 received 4 results and 0 failures
[2026-01-23 12:37:32,584][flwr][DEBUG] - fit_round 10: strategy sampled 4 clients (out of 14)
[2026-01-23 12:37:36,453][flwr][DEBUG] - fit_round 10 received 4 results and 0 failures
[2026-01-23 12:37:36,920][flwr][INFO] - fit progress: (10, 43130268.0, {'rmse': 6567.363854698474, 'mae': 4806.279296875, 'r2': 0.6566743850708008}, 50.13093695795396)
[2026-01-23 12:37:36,920][flwr][DEBUG] - evaluate_round 10: strategy sampled 4 clients (out of 14)
[2026-01-23 12:37:36,999][flwr][DEBUG] - evaluate_round 10 received 4 results and 0 failures
[2026-01-23 12:37:36,999][flwr][DEBUG] - fit_round 11: strategy sampled 4 clients (out of 14)
[2026-01-23 12:37:41,151][flwr][DEBUG] - fit_round 11 received 4 results and 0 failures
[2026-01-23 12:37:41,524][flwr][INFO] - fit progress: (11, 42345660.0, {'rmse': 6507.354301096568, 'mae': 4917.26220703125, 'r2': 0.6629200577735901}, 54.73486512497766)
[2026-01-23 12:37:41,524][flwr][DEBUG] - evaluate_round 11: strategy sampled 4 clients (out of 14)
[2026-01-23 12:37:41,599][flwr][DEBUG] - evaluate_round 11 received 4 results and 0 failures
[2026-01-23 12:37:41,600][flwr][DEBUG] - fit_round 12: strategy sampled 4 clients (out of 14)
[2026-01-23 12:37:45,524][flwr][DEBUG] - fit_round 12 received 4 results and 0 failures
[2026-01-23 12:37:45,965][flwr][INFO] - fit progress: (12, 36966028.0, {'rmse': 6079.969407817773, 'mae': 4537.3701171875, 'r2': 0.7057430148124695}, 59.17563345795497)
[2026-01-23 12:37:45,965][flwr][DEBUG] - evaluate_round 12: strategy sampled 4 clients (out of 14)
[2026-01-23 12:37:46,059][flwr][DEBUG] - evaluate_round 12 received 4 results and 0 failures
[2026-01-23 12:37:46,061][flwr][DEBUG] - fit_round 13: strategy sampled 4 clients (out of 14)
[2026-01-23 12:37:49,974][flwr][DEBUG] - fit_round 13 received 4 results and 0 failures
[2026-01-23 12:37:50,404][flwr][INFO] - fit progress: (13, 40113428.0, {'rmse': 6333.516242972777, 'mae': 4620.23876953125, 'r2': 0.6806890964508057}, 63.615014749986585)
[2026-01-23 12:37:50,405][flwr][DEBUG] - evaluate_round 13: strategy sampled 4 clients (out of 14)
[2026-01-23 12:37:50,488][flwr][DEBUG] - evaluate_round 13 received 4 results and 0 failures
[2026-01-23 12:37:50,489][flwr][DEBUG] - fit_round 14: strategy sampled 4 clients (out of 14)
[2026-01-23 12:37:54,278][flwr][DEBUG] - fit_round 14 received 4 results and 0 failures
[2026-01-23 12:37:54,643][flwr][INFO] - fit progress: (14, 40294548.0, {'rmse': 6347.798673556054, 'mae': 4560.791015625, 'r2': 0.6792473196983337}, 67.85399441694608)
[2026-01-23 12:37:54,644][flwr][DEBUG] - evaluate_round 14: strategy sampled 4 clients (out of 14)
[2026-01-23 12:37:54,727][flwr][DEBUG] - evaluate_round 14 received 4 results and 0 failures
[2026-01-23 12:37:54,728][flwr][DEBUG] - fit_round 15: strategy sampled 4 clients (out of 14)
[2026-01-23 12:37:58,464][flwr][DEBUG] - fit_round 15 received 4 results and 0 failures
[2026-01-23 12:37:58,866][flwr][INFO] - fit progress: (15, 36082620.0, {'rmse': 6006.881054257692, 'mae': 4442.68896484375, 'r2': 0.7127751111984253}, 72.07702474994585)
[2026-01-23 12:37:58,867][flwr][DEBUG] - evaluate_round 15: strategy sampled 4 clients (out of 14)
[2026-01-23 12:37:58,940][flwr][DEBUG] - evaluate_round 15 received 4 results and 0 failures
[2026-01-23 12:37:58,940][flwr][DEBUG] - fit_round 16: strategy sampled 4 clients (out of 14)
[2026-01-23 12:38:02,854][flwr][DEBUG] - fit_round 16 received 4 results and 0 failures
[2026-01-23 12:38:03,253][flwr][INFO] - fit progress: (16, 42224288.0, {'rmse': 6498.021852841063, 'mae': 4568.6025390625, 'r2': 0.6638861894607544}, 76.46383058297215)
[2026-01-23 12:38:03,253][flwr][DEBUG] - evaluate_round 16: strategy sampled 4 clients (out of 14)
[2026-01-23 12:38:03,332][flwr][DEBUG] - evaluate_round 16 received 4 results and 0 failures
[2026-01-23 12:38:03,333][flwr][DEBUG] - fit_round 17: strategy sampled 4 clients (out of 14)
[2026-01-23 12:38:07,413][flwr][DEBUG] - fit_round 17 received 4 results and 0 failures
[2026-01-23 12:38:07,797][flwr][INFO] - fit progress: (17, 48955744.0, {'rmse': 6996.838143047186, 'mae': 4744.43115234375, 'r2': 0.6103024482727051}, 81.00807491695741)
[2026-01-23 12:38:07,798][flwr][DEBUG] - evaluate_round 17: strategy sampled 4 clients (out of 14)
[2026-01-23 12:38:07,865][flwr][DEBUG] - evaluate_round 17 received 4 results and 0 failures
[2026-01-23 12:38:07,866][flwr][DEBUG] - fit_round 18: strategy sampled 4 clients (out of 14)
[2026-01-23 12:38:11,692][flwr][DEBUG] - fit_round 18 received 4 results and 0 failures
[2026-01-23 12:38:12,093][flwr][INFO] - fit progress: (18, 38637740.0, {'rmse': 6215.926318739629, 'mae': 4390.3544921875, 'r2': 0.6924358606338501}, 85.30346212495351)
[2026-01-23 12:38:12,093][flwr][DEBUG] - evaluate_round 18: strategy sampled 4 clients (out of 14)
[2026-01-23 12:38:12,173][flwr][DEBUG] - evaluate_round 18 received 4 results and 0 failures
[2026-01-23 12:38:12,173][flwr][DEBUG] - fit_round 19: strategy sampled 4 clients (out of 14)
[2026-01-23 12:38:16,122][flwr][DEBUG] - fit_round 19 received 4 results and 0 failures
[2026-01-23 12:38:16,549][flwr][INFO] - fit progress: (19, 34276852.0, {'rmse': 5854.643627070737, 'mae': 4372.46826171875, 'r2': 0.7271493673324585}, 89.75955208297819)
[2026-01-23 12:38:16,549][flwr][DEBUG] - evaluate_round 19: strategy sampled 4 clients (out of 14)
[2026-01-23 12:38:16,634][flwr][DEBUG] - evaluate_round 19 received 4 results and 0 failures
[2026-01-23 12:38:16,635][flwr][DEBUG] - fit_round 20: strategy sampled 4 clients (out of 14)
[2026-01-23 12:38:20,433][flwr][DEBUG] - fit_round 20 received 4 results and 0 failures
[2026-01-23 12:38:20,820][flwr][INFO] - fit progress: (20, 32864374.0, {'rmse': 5732.745764465751, 'mae': 4239.41015625, 'r2': 0.7383929491043091}, 94.03039441694273)
[2026-01-23 12:38:20,820][flwr][DEBUG] - evaluate_round 20: strategy sampled 4 clients (out of 14)
[2026-01-23 12:38:20,905][flwr][DEBUG] - evaluate_round 20 received 4 results and 0 failures
[2026-01-23 12:38:20,905][flwr][INFO] - FL finished in 94.11536545795389
[2026-01-23 12:38:20,906][flwr][INFO] - app_fit: losses_distributed [(1, 103745779.89655173), (2, 79937228.05940594), (3, 83661493.44881889), (4, 77123769.29133858), (5, 52048306.450704224), (6, 58608916.25), (7, 56989461.5), (8, 50179868.549295776), (9, 38135349.375), (10, 42574858.0), (11, 47304027.92125984), (12, 36007677.52054795), (13, 40371371.655172415), (14, 34824559.23943662), (15, 38342274.30534351), (16, 37617742.45801527), (17, 47029054.09913793), (18, 34421998.51145038), (19, 38178267.5), (20, 24519095.444444444)]
[2026-01-23 12:38:20,906][flwr][INFO] - app_fit: metrics_distributed_fit {}
[2026-01-23 12:38:20,906][flwr][INFO] - app_fit: metrics_distributed {}
[2026-01-23 12:38:20,906][flwr][INFO] - app_fit: losses_centralized [(0, 239763056.0), (1, 113432384.0), (2, 91985992.0), (3, 84074016.0), (4, 70980168.0), (5, 66280652.0), (6, 56418280.0), (7, 58853968.0), (8, 46965556.0), (9, 47435968.0), (10, 43130268.0), (11, 42345660.0), (12, 36966028.0), (13, 40113428.0), (14, 40294548.0), (15, 36082620.0), (16, 42224288.0), (17, 48955744.0), (18, 38637740.0), (19, 34276852.0), (20, 32864374.0)]
[2026-01-23 12:38:20,906][flwr][INFO] - app_fit: metrics_centralized {'rmse': [(0, 15484.28416169117), (1, 10650.464027449696), (2, 9590.932801349409), (3, 9169.188404651744), (4, 8424.972878294624), (5, 8141.293017696882), (6, 7511.210288628591), (7, 7671.6339850125805), (8, 6853.142053102358), (9, 6887.377439925882), (10, 6567.363854698474), (11, 6507.354301096568), (12, 6079.969407817773), (13, 6333.516242972777), (14, 6347.798673556054), (15, 6006.881054257692), (16, 6498.021852841063), (17, 6996.838143047186), (18, 6215.926318739629), (19, 5854.643627070737), (20, 5732.745764465751)], 'mae': [(0, 9067.55078125), (1, 7559.458984375), (2, 6842.18115234375), (3, 6530.2392578125), (4, 6255.9228515625), (5, 5935.9658203125), (6, 5390.4765625), (7, 5420.02880859375), (8, 5060.107421875), (9, 5013.1220703125), (10, 4806.279296875), (11, 4917.26220703125), (12, 4537.3701171875), (13, 4620.23876953125), (14, 4560.791015625), (15, 4442.68896484375), (16, 4568.6025390625), (17, 4744.43115234375), (18, 4390.3544921875), (19, 4372.46826171875), (20, 4239.41015625)], 'r2': [(0, -0.9085620641708374), (1, 0.09705543518066406), (2, 0.2677730321884155), (3, 0.33075398206710815), (4, 0.43498367071151733), (5, 0.472392737865448), (6, 0.5508991479873657), (7, 0.531510591506958), (8, 0.6261447668075562), (9, 0.622400164604187), (10, 0.6566743850708008), (11, 0.6629200577735901), (12, 0.7057430148124695), (13, 0.6806890964508057), (14, 0.6792473196983337), (15, 0.7127751111984253), (16, 0.6638861894607544), (17, 0.6103024482727051), (18, 0.6924358606338501), (19, 0.7271493673324585), (20, 0.7383929491043091)]}
[2026-01-23 12:38:20,935][flwr][INFO] - Starting Flower simulation, config: ServerConfig(num_rounds=20, round_timeout=None)
[2026-01-23 12:38:27,766][flwr][INFO] - Flower VCE: Ray initialized with resources: {'object_store_memory': 2147483648.0, 'memory': 12229642240.0, 'CPU': 10.0, 'node:127.0.0.1': 1.0}
[2026-01-23 12:38:27,767][flwr][INFO] - Initializing global parameters
[2026-01-23 12:38:27,767][flwr][INFO] - Requesting initial parameters from one random client
[2026-01-23 12:38:31,186][flwr][INFO] - Received initial parameters from one random client
[2026-01-23 12:38:31,186][flwr][INFO] - Evaluating initial parameters
[2026-01-23 12:38:31,561][flwr][INFO] - initial parameters (loss, other metrics): 228431136.0, {'rmse': 15113.938467520635, 'mae': 9704.9775390625, 'r2': -0.8183577060699463}
[2026-01-23 12:38:31,561][flwr][INFO] - FL starting
[2026-01-23 12:38:31,563][flwr][DEBUG] - fit_round 1: strategy sampled 4 clients (out of 14)
[2026-01-23 12:38:40,115][flwr][DEBUG] - fit_round 1 received 4 results and 0 failures
[2026-01-23 12:38:40,120][flwr][WARNING] - No fit_metrics_aggregation_fn provided
[2026-01-23 12:38:40,543][flwr][INFO] - fit progress: (1, 178209968.0, {'rmse': 13349.530628452821, 'mae': 9515.8623046875, 'r2': -0.4185870885848999}, 8.981955333030783)
[2026-01-23 12:38:40,544][flwr][DEBUG] - evaluate_round 1: strategy sampled 4 clients (out of 14)
[2026-01-23 12:38:40,794][flwr][DEBUG] - evaluate_round 1 received 4 results and 0 failures
[2026-01-23 12:38:40,795][flwr][WARNING] - No evaluate_metrics_aggregation_fn provided
[2026-01-23 12:38:40,796][flwr][DEBUG] - fit_round 2: strategy sampled 4 clients (out of 14)
[2026-01-23 12:38:44,939][flwr][DEBUG] - fit_round 2 received 4 results and 0 failures
[2026-01-23 12:38:45,326][flwr][INFO] - fit progress: (2, 138673088.0, {'rmse': 11775.953804257217, 'mae': 8590.8056640625, 'r2': -0.1038656234741211}, 13.764563041040674)
[2026-01-23 12:38:45,326][flwr][DEBUG] - evaluate_round 2: strategy sampled 4 clients (out of 14)
[2026-01-23 12:38:45,531][flwr][DEBUG] - evaluate_round 2 received 4 results and 0 failures
[2026-01-23 12:38:45,531][flwr][DEBUG] - fit_round 3: strategy sampled 4 clients (out of 14)
[2026-01-23 12:38:49,675][flwr][DEBUG] - fit_round 3 received 4 results and 0 failures
[2026-01-23 12:38:50,049][flwr][INFO] - fit progress: (3, 102468928.0, {'rmse': 10122.693712643882, 'mae': 7467.1640625, 'r2': 0.18432676792144775}, 18.488044458033983)
[2026-01-23 12:38:50,050][flwr][DEBUG] - evaluate_round 3: strategy sampled 4 clients (out of 14)
[2026-01-23 12:38:50,253][flwr][DEBUG] - evaluate_round 3 received 4 results and 0 failures
[2026-01-23 12:38:50,254][flwr][DEBUG] - fit_round 4: strategy sampled 4 clients (out of 14)
[2026-01-23 12:38:54,405][flwr][DEBUG] - fit_round 4 received 4 results and 0 failures
[2026-01-23 12:38:54,783][flwr][INFO] - fit progress: (4, 80596864.0, {'rmse': 8977.575619286088, 'mae': 6618.13916015625, 'r2': 0.3584328293800354}, 23.221575833042152)
[2026-01-23 12:38:54,783][flwr][DEBUG] - evaluate_round 4: strategy sampled 4 clients (out of 14)
[2026-01-23 12:38:54,858][flwr][DEBUG] - evaluate_round 4 received 4 results and 0 failures
[2026-01-23 12:38:54,859][flwr][DEBUG] - fit_round 5: strategy sampled 4 clients (out of 14)
[2026-01-23 12:38:58,656][flwr][DEBUG] - fit_round 5 received 4 results and 0 failures
[2026-01-23 12:38:59,034][flwr][INFO] - fit progress: (5, 66947848.0, {'rmse': 8182.166461274178, 'mae': 6028.3447265625, 'r2': 0.4670817255973816}, 27.472101958002895)
[2026-01-23 12:38:59,034][flwr][DEBUG] - evaluate_round 5: strategy sampled 4 clients (out of 14)
[2026-01-23 12:38:59,114][flwr][DEBUG] - evaluate_round 5 received 4 results and 0 failures
[2026-01-23 12:38:59,115][flwr][DEBUG] - fit_round 6: strategy sampled 4 clients (out of 14)
[2026-01-23 12:39:02,913][flwr][DEBUG] - fit_round 6 received 4 results and 0 failures
[2026-01-23 12:39:03,311][flwr][INFO] - fit progress: (6, 56300120.0, {'rmse': 7503.34058936418, 'mae': 5499.32666015625, 'r2': 0.5518397688865662}, 31.74927791603841)
[2026-01-23 12:39:03,311][flwr][DEBUG] - evaluate_round 6: strategy sampled 4 clients (out of 14)
[2026-01-23 12:39:03,504][flwr][DEBUG] - evaluate_round 6 received 4 results and 0 failures
[2026-01-23 12:39:03,505][flwr][DEBUG] - fit_round 7: strategy sampled 4 clients (out of 14)
[2026-01-23 12:39:07,586][flwr][DEBUG] - fit_round 7 received 4 results and 0 failures
[2026-01-23 12:39:07,988][flwr][INFO] - fit progress: (7, 42872060.0, {'rmse': 6547.675923562497, 'mae': 4833.1728515625, 'r2': 0.6587297916412354}, 36.42617979104398)
[2026-01-23 12:39:07,988][flwr][DEBUG] - evaluate_round 7: strategy sampled 4 clients (out of 14)
[2026-01-23 12:39:08,086][flwr][DEBUG] - evaluate_round 7 received 4 results and 0 failures
[2026-01-23 12:39:08,086][flwr][DEBUG] - fit_round 8: strategy sampled 4 clients (out of 14)
[2026-01-23 12:39:11,910][flwr][DEBUG] - fit_round 8 received 4 results and 0 failures
[2026-01-23 12:39:12,311][flwr][INFO] - fit progress: (8, 42356612.0, {'rmse': 6508.195756121661, 'mae': 4829.89306640625, 'r2': 0.6628328561782837}, 40.74906354100676)
[2026-01-23 12:39:12,311][flwr][DEBUG] - evaluate_round 8: strategy sampled 4 clients (out of 14)
[2026-01-23 12:39:12,377][flwr][DEBUG] - evaluate_round 8 received 4 results and 0 failures
[2026-01-23 12:39:12,378][flwr][DEBUG] - fit_round 9: strategy sampled 4 clients (out of 14)
[2026-01-23 12:39:16,245][flwr][DEBUG] - fit_round 9 received 4 results and 0 failures
[2026-01-23 12:39:16,629][flwr][INFO] - fit progress: (9, 39525184.0, {'rmse': 6286.9057572067995, 'mae': 4598.51611328125, 'r2': 0.6853716373443604}, 45.06746741599636)
[2026-01-23 12:39:16,629][flwr][DEBUG] - evaluate_round 9: strategy sampled 4 clients (out of 14)
[2026-01-23 12:39:16,706][flwr][DEBUG] - evaluate_round 9 received 4 results and 0 failures
[2026-01-23 12:39:16,707][flwr][DEBUG] - fit_round 10: strategy sampled 4 clients (out of 14)
[2026-01-23 12:39:20,508][flwr][DEBUG] - fit_round 10 received 4 results and 0 failures
[2026-01-23 12:39:20,881][flwr][INFO] - fit progress: (10, 37495504.0, {'rmse': 6123.357249091384, 'mae': 4447.68896484375, 'r2': 0.7015282511711121}, 49.319749666028656)
[2026-01-23 12:39:20,882][flwr][DEBUG] - evaluate_round 10: strategy sampled 4 clients (out of 14)
[2026-01-23 12:39:20,950][flwr][DEBUG] - evaluate_round 10 received 4 results and 0 failures
[2026-01-23 12:39:20,951][flwr][DEBUG] - fit_round 11: strategy sampled 4 clients (out of 14)
[2026-01-23 12:39:24,703][flwr][DEBUG] - fit_round 11 received 4 results and 0 failures
[2026-01-23 12:39:25,064][flwr][INFO] - fit progress: (11, 40266980.0, {'rmse': 6345.626840588721, 'mae': 4537.6640625, 'r2': 0.679466724395752}, 53.50288362504216)
[2026-01-23 12:39:25,065][flwr][DEBUG] - evaluate_round 11: strategy sampled 4 clients (out of 14)
[2026-01-23 12:39:25,137][flwr][DEBUG] - evaluate_round 11 received 4 results and 0 failures
[2026-01-23 12:39:25,137][flwr][DEBUG] - fit_round 12: strategy sampled 4 clients (out of 14)
[2026-01-23 12:39:28,946][flwr][DEBUG] - fit_round 12 received 4 results and 0 failures
[2026-01-23 12:39:29,351][flwr][INFO] - fit progress: (12, 39999640.0, {'rmse': 6324.52685977378, 'mae': 4468.298828125, 'r2': 0.6815948486328125}, 57.78923729102826)
[2026-01-23 12:39:29,351][flwr][DEBUG] - evaluate_round 12: strategy sampled 4 clients (out of 14)
[2026-01-23 12:39:29,427][flwr][DEBUG] - evaluate_round 12 received 4 results and 0 failures
[2026-01-23 12:39:29,428][flwr][DEBUG] - fit_round 13: strategy sampled 4 clients (out of 14)
[2026-01-23 12:39:33,661][flwr][DEBUG] - fit_round 13 received 4 results and 0 failures
[2026-01-23 12:39:34,028][flwr][INFO] - fit progress: (13, 36070028.0, {'rmse': 6005.8328315063845, 'mae': 4264.00390625, 'r2': 0.7128753662109375}, 62.466440749994945)
[2026-01-23 12:39:34,029][flwr][DEBUG] - evaluate_round 13: strategy sampled 4 clients (out of 14)
[2026-01-23 12:39:34,108][flwr][DEBUG] - evaluate_round 13 received 4 results and 0 failures
[2026-01-23 12:39:34,108][flwr][DEBUG] - fit_round 14: strategy sampled 4 clients (out of 14)
[2026-01-23 12:39:37,885][flwr][DEBUG] - fit_round 14 received 4 results and 0 failures
[2026-01-23 12:39:38,269][flwr][INFO] - fit progress: (14, 35714744.0, {'rmse': 5976.181389482752, 'mae': 4248.73876953125, 'r2': 0.7157034873962402}, 66.70771745801903)
[2026-01-23 12:39:38,270][flwr][DEBUG] - evaluate_round 14: strategy sampled 4 clients (out of 14)
[2026-01-23 12:39:38,351][flwr][DEBUG] - evaluate_round 14 received 4 results and 0 failures
[2026-01-23 12:39:38,352][flwr][DEBUG] - fit_round 15: strategy sampled 4 clients (out of 14)
[2026-01-23 12:39:42,064][flwr][DEBUG] - fit_round 15 received 4 results and 0 failures
[2026-01-23 12:39:42,456][flwr][INFO] - fit progress: (15, 32615174.0, {'rmse': 5710.969619950713, 'mae': 4005.908447265625, 'r2': 0.7403767108917236}, 70.89406954101287)
[2026-01-23 12:39:42,456][flwr][DEBUG] - evaluate_round 15: strategy sampled 4 clients (out of 14)
[2026-01-23 12:39:42,524][flwr][DEBUG] - evaluate_round 15 received 4 results and 0 failures
[2026-01-23 12:39:42,524][flwr][DEBUG] - fit_round 16: strategy sampled 4 clients (out of 14)
[2026-01-23 12:39:46,343][flwr][DEBUG] - fit_round 16 received 4 results and 0 failures
[2026-01-23 12:39:46,732][flwr][INFO] - fit progress: (16, 30555258.0, {'rmse': 5527.681068947448, 'mae': 3900.902099609375, 'r2': 0.7567740082740784}, 75.17009854101343)
[2026-01-23 12:39:46,732][flwr][DEBUG] - evaluate_round 16: strategy sampled 4 clients (out of 14)
[2026-01-23 12:39:46,796][flwr][DEBUG] - evaluate_round 16 received 4 results and 0 failures
[2026-01-23 12:39:46,797][flwr][DEBUG] - fit_round 17: strategy sampled 4 clients (out of 14)
[2026-01-23 12:39:50,528][flwr][DEBUG] - fit_round 17 received 4 results and 0 failures
[2026-01-23 12:39:50,901][flwr][INFO] - fit progress: (17, 28892260.0, {'rmse': 5375.152090871476, 'mae': 3812.97314453125, 'r2': 0.7700117826461792}, 79.3395990410354)
[2026-01-23 12:39:50,902][flwr][DEBUG] - evaluate_round 17: strategy sampled 4 clients (out of 14)
[2026-01-23 12:39:51,100][flwr][DEBUG] - evaluate_round 17 received 4 results and 0 failures
[2026-01-23 12:39:51,101][flwr][DEBUG] - fit_round 18: strategy sampled 4 clients (out of 14)
[2026-01-23 12:39:54,848][flwr][DEBUG] - fit_round 18 received 4 results and 0 failures
[2026-01-23 12:39:55,225][flwr][INFO] - fit progress: (18, 37663320.0, {'rmse': 6137.0448914766785, 'mae': 4165.94384765625, 'r2': 0.7001924514770508}, 83.6631224580342)
[2026-01-23 12:39:55,225][flwr][DEBUG] - evaluate_round 18: strategy sampled 4 clients (out of 14)
[2026-01-23 12:39:55,294][flwr][DEBUG] - evaluate_round 18 received 4 results and 0 failures
[2026-01-23 12:39:55,295][flwr][DEBUG] - fit_round 19: strategy sampled 4 clients (out of 14)
[2026-01-23 12:39:59,124][flwr][DEBUG] - fit_round 19 received 4 results and 0 failures
[2026-01-23 12:39:59,519][flwr][INFO] - fit progress: (19, 26842464.0, {'rmse': 5180.971337500334, 'mae': 3630.83349609375, 'r2': 0.7863286137580872}, 87.9573386660195)
[2026-01-23 12:39:59,519][flwr][DEBUG] - evaluate_round 19: strategy sampled 4 clients (out of 14)
[2026-01-23 12:39:59,589][flwr][DEBUG] - evaluate_round 19 received 4 results and 0 failures
[2026-01-23 12:39:59,590][flwr][DEBUG] - fit_round 20: strategy sampled 4 clients (out of 14)
[2026-01-23 12:40:03,396][flwr][DEBUG] - fit_round 20 received 4 results and 0 failures
[2026-01-23 12:40:03,771][flwr][INFO] - fit progress: (20, 27871510.0, {'rmse': 5279.34749756066, 'mae': 3676.048095703125, 'r2': 0.77813720703125}, 92.20889533299487)
[2026-01-23 12:40:03,771][flwr][DEBUG] - evaluate_round 20: strategy sampled 4 clients (out of 14)
[2026-01-23 12:40:03,843][flwr][DEBUG] - evaluate_round 20 received 4 results and 0 failures
[2026-01-23 12:40:03,843][flwr][INFO] - FL finished in 92.28096670802915
[2026-01-23 12:40:03,843][flwr][INFO] - app_fit: losses_distributed [(1, 159828210.71755725), (2, 122892495.05343512), (3, 92978107.03816794), (4, 63835715.633587785), (5, 70504519.25190839), (6, 56361196.6870229), (7, 47055437.25954199), (8, 44994280.79389313), (9, 39590803.73282443), (10, 47718342.91603053), (11, 46558499.5648855), (12, 39650091.55725191), (13, 37453329.67175572), (14, 36293345.48091603), (15, 32548431.328244276), (16, 32265427.53053435), (17, 22547349.114503816), (18, 34325115.56870229), (19, 26276605.328244276), (20, 28196582.51908397)]
[2026-01-23 12:40:03,843][flwr][INFO] - app_fit: metrics_distributed_fit {}
[2026-01-23 12:40:03,843][flwr][INFO] - app_fit: metrics_distributed {}
[2026-01-23 12:40:03,843][flwr][INFO] - app_fit: losses_centralized [(0, 228431136.0), (1, 178209968.0), (2, 138673088.0), (3, 102468928.0), (4, 80596864.0), (5, 66947848.0), (6, 56300120.0), (7, 42872060.0), (8, 42356612.0), (9, 39525184.0), (10, 37495504.0), (11, 40266980.0), (12, 39999640.0), (13, 36070028.0), (14, 35714744.0), (15, 32615174.0), (16, 30555258.0), (17, 28892260.0), (18, 37663320.0), (19, 26842464.0), (20, 27871510.0)]
[2026-01-23 12:40:03,843][flwr][INFO] - app_fit: metrics_centralized {'rmse': [(0, 15113.938467520635), (1, 13349.530628452821), (2, 11775.953804257217), (3, 10122.693712643882), (4, 8977.575619286088), (5, 8182.166461274178), (6, 7503.34058936418), (7, 6547.675923562497), (8, 6508.195756121661), (9, 6286.9057572067995), (10, 6123.357249091384), (11, 6345.626840588721), (12, 6324.52685977378), (13, 6005.8328315063845), (14, 5976.181389482752), (15, 5710.969619950713), (16, 5527.681068947448), (17, 5375.152090871476), (18, 6137.0448914766785), (19, 5180.971337500334), (20, 5279.34749756066)], 'mae': [(0, 9704.9775390625), (1, 9515.8623046875), (2, 8590.8056640625), (3, 7467.1640625), (4, 6618.13916015625), (5, 6028.3447265625), (6, 5499.32666015625), (7, 4833.1728515625), (8, 4829.89306640625), (9, 4598.51611328125), (10, 4447.68896484375), (11, 4537.6640625), (12, 4468.298828125), (13, 4264.00390625), (14, 4248.73876953125), (15, 4005.908447265625), (16, 3900.902099609375), (17, 3812.97314453125), (18, 4165.94384765625), (19, 3630.83349609375), (20, 3676.048095703125)], 'r2': [(0, -0.8183577060699463), (1, -0.4185870885848999), (2, -0.1038656234741211), (3, 0.18432676792144775), (4, 0.3584328293800354), (5, 0.4670817255973816), (6, 0.5518397688865662), (7, 0.6587297916412354), (8, 0.6628328561782837), (9, 0.6853716373443604), (10, 0.7015282511711121), (11, 0.679466724395752), (12, 0.6815948486328125), (13, 0.7128753662109375), (14, 0.7157034873962402), (15, 0.7403767108917236), (16, 0.7567740082740784), (17, 0.7700117826461792), (18, 0.7001924514770508), (19, 0.7863286137580872), (20, 0.77813720703125)]}
