[2026-01-16 00:35:03,910][flwr][INFO] - Starting Flower simulation, config: ServerConfig(num_rounds=30, round_timeout=None)
[2026-01-16 00:35:09,083][flwr][INFO] - Flower VCE: Ray initialized with resources: {'memory': 11891728384.0, 'object_store_memory': 2147483648.0, 'CPU': 10.0, 'node:127.0.0.1': 1.0}
[2026-01-16 00:35:09,084][flwr][INFO] - Initializing global parameters
[2026-01-16 00:35:09,084][flwr][INFO] - Using initial parameters provided by strategy
[2026-01-16 00:35:09,084][flwr][INFO] - Evaluating initial parameters
[2026-01-16 00:35:09,915][flwr][INFO] - initial parameters (loss, other metrics): 3.049754101950843, {'rmse': 18594.14359415351, 'mae': 15825.81640625, 'r2': -1.7594976773507138, 'mape': 147.36984252929688, 'accuracy_10': 6.10610619187355, 'accuracy_20': 12.012012302875519}
[2026-01-16 00:35:09,916][flwr][INFO] - FL starting
[2026-01-16 00:35:09,916][flwr][DEBUG] - fit_round 1: strategy sampled 3 clients (out of 3)
[2026-01-16 00:36:00,445][flwr][DEBUG] - fit_round 1 received 3 results and 0 failures
[2026-01-16 00:36:00,449][flwr][WARNING] - No fit_metrics_aggregation_fn provided
[2026-01-16 00:36:00,726][flwr][INFO] - fit progress: (1, 0.1367480517462925, {'rmse': 6159.148642466749, 'mae': 2503.525146484375, 'r2': 0.6972257011929495, 'mape': 14.151379585266113, 'accuracy_10': 58.708709478378296, 'accuracy_20': 90.14014005661011}, 50.81006033299491)
[2026-01-16 00:36:00,727][flwr][DEBUG] - evaluate_round 1: strategy sampled 3 clients (out of 3)
[2026-01-16 00:36:01,058][flwr][DEBUG] - evaluate_round 1 received 3 results and 0 failures
[2026-01-16 00:36:01,058][flwr][WARNING] - No evaluate_metrics_aggregation_fn provided
[2026-01-16 00:36:01,058][flwr][DEBUG] - fit_round 2: strategy sampled 3 clients (out of 3)
[2026-01-16 00:36:46,536][flwr][DEBUG] - fit_round 2 received 3 results and 0 failures
[2026-01-16 00:36:46,820][flwr][INFO] - fit progress: (2, 0.10359528178612033, {'rmse': 6208.620780817589, 'mae': 2007.54736328125, 'r2': 0.6923422014798774, 'mape': 10.223685264587402, 'accuracy_10': 79.17917966842651, 'accuracy_20': 93.04304122924805}, 96.90354245799244)
[2026-01-16 00:36:46,821][flwr][DEBUG] - evaluate_round 2: strategy sampled 3 clients (out of 3)
[2026-01-16 00:36:47,170][flwr][DEBUG] - evaluate_round 2 received 3 results and 0 failures
[2026-01-16 00:36:47,170][flwr][DEBUG] - fit_round 3: strategy sampled 3 clients (out of 3)
[2026-01-16 00:37:29,766][flwr][DEBUG] - fit_round 3 received 3 results and 0 failures
[2026-01-16 00:37:30,040][flwr][INFO] - fit progress: (3, 0.09135468029701435, {'rmse': 6369.517093155493, 'mae': 2097.55224609375, 'r2': 0.676189683635899, 'mape': 9.380621910095215, 'accuracy_10': 82.83283114433289, 'accuracy_20': 92.54254102706909}, 140.12311404099455)
[2026-01-16 00:37:30,040][flwr][DEBUG] - evaluate_round 3: strategy sampled 3 clients (out of 3)
[2026-01-16 00:37:30,213][flwr][DEBUG] - evaluate_round 3 received 3 results and 0 failures
[2026-01-16 00:37:30,213][flwr][DEBUG] - fit_round 4: strategy sampled 3 clients (out of 3)
[2026-01-16 00:38:11,247][flwr][DEBUG] - fit_round 4 received 3 results and 0 failures
[2026-01-16 00:38:11,503][flwr][INFO] - fit progress: (4, 0.091264364854978, {'rmse': 6361.098647246402, 'mae': 2099.98291015625, 'r2': 0.6770450675641713, 'mape': 9.184746742248535, 'accuracy_10': 82.43243098258972, 'accuracy_20': 92.29229092597961}, 181.58604112500325)
[2026-01-16 00:38:11,504][flwr][DEBUG] - evaluate_round 4: strategy sampled 3 clients (out of 3)
[2026-01-16 00:38:11,678][flwr][DEBUG] - evaluate_round 4 received 3 results and 0 failures
[2026-01-16 00:38:11,678][flwr][DEBUG] - fit_round 5: strategy sampled 3 clients (out of 3)
[2026-01-16 00:38:56,479][flwr][DEBUG] - fit_round 5 received 3 results and 0 failures
[2026-01-16 00:38:56,744][flwr][INFO] - fit progress: (5, 0.08985892990911687, {'rmse': 6174.404262760902, 'mae': 2075.3203125, 'r2': 0.6957239442836438, 'mape': 8.990864753723145, 'accuracy_10': 82.28228092193604, 'accuracy_20': 91.84184074401855}, 226.82408108300297)
[2026-01-16 00:38:56,745][flwr][DEBUG] - evaluate_round 5: strategy sampled 3 clients (out of 3)
[2026-01-16 00:38:56,950][flwr][DEBUG] - evaluate_round 5 received 3 results and 0 failures
[2026-01-16 00:38:56,950][flwr][DEBUG] - fit_round 6: strategy sampled 3 clients (out of 3)
[2026-01-16 00:39:44,495][flwr][DEBUG] - fit_round 6 received 3 results and 0 failures
[2026-01-16 00:39:44,778][flwr][INFO] - fit progress: (6, 0.08803056750644196, {'rmse': 6337.425029142357, 'mae': 2092.190185546875, 'r2': 0.6794444229190403, 'mape': 8.885518074035645, 'accuracy_10': 81.08108043670654, 'accuracy_20': 92.14214086532593}, 274.85582279099617)
[2026-01-16 00:39:44,779][flwr][DEBUG] - evaluate_round 6: strategy sampled 3 clients (out of 3)
[2026-01-16 00:39:45,111][flwr][DEBUG] - evaluate_round 6 received 3 results and 0 failures
[2026-01-16 00:39:45,111][flwr][DEBUG] - fit_round 7: strategy sampled 3 clients (out of 3)
[2026-01-16 00:40:27,586][flwr][DEBUG] - fit_round 7 received 3 results and 0 failures
[2026-01-16 00:40:27,838][flwr][INFO] - fit progress: (7, 0.09075978528092932, {'rmse': 6430.839758538538, 'mae': 2125.552734375, 'r2': 0.6699246893011528, 'mape': 9.090242385864258, 'accuracy_10': 79.82982993125916, 'accuracy_20': 91.94194078445435}, 317.9151667910046)
[2026-01-16 00:40:27,838][flwr][DEBUG] - evaluate_round 7: strategy sampled 3 clients (out of 3)
[2026-01-16 00:40:28,013][flwr][DEBUG] - evaluate_round 7 received 3 results and 0 failures
[2026-01-16 00:40:28,013][flwr][DEBUG] - fit_round 8: strategy sampled 3 clients (out of 3)
[2026-01-16 00:41:13,718][flwr][DEBUG] - fit_round 8 received 3 results and 0 failures
[2026-01-16 00:41:14,016][flwr][INFO] - fit progress: (8, 0.09037712729490316, {'rmse': 6292.998013665665, 'mae': 2098.851806640625, 'r2': 0.6839230232348703, 'mape': 9.0711669921875, 'accuracy_10': 80.4304301738739, 'accuracy_20': 91.74174070358276}, 364.09255404100986)
[2026-01-16 00:41:14,016][flwr][DEBUG] - evaluate_round 8: strategy sampled 3 clients (out of 3)
[2026-01-16 00:41:14,246][flwr][DEBUG] - evaluate_round 8 received 3 results and 0 failures
[2026-01-16 00:41:14,246][flwr][DEBUG] - fit_round 9: strategy sampled 3 clients (out of 3)
[2026-01-16 00:42:01,431][flwr][DEBUG] - fit_round 9 received 3 results and 0 failures
[2026-01-16 00:42:01,746][flwr][INFO] - fit progress: (9, 0.0901507371486546, {'rmse': 6183.18105832265, 'mae': 2116.485595703125, 'r2': 0.6948582848837209, 'mape': 9.146671295166016, 'accuracy_10': 79.52952980995178, 'accuracy_20': 91.09109044075012}, 411.8223899580189)
[2026-01-16 00:42:01,746][flwr][DEBUG] - evaluate_round 9: strategy sampled 3 clients (out of 3)
[2026-01-16 00:42:01,960][flwr][DEBUG] - evaluate_round 9 received 3 results and 0 failures
[2026-01-16 00:42:01,960][flwr][DEBUG] - fit_round 10: strategy sampled 3 clients (out of 3)
[2026-01-16 00:42:47,114][flwr][DEBUG] - fit_round 10 received 3 results and 0 failures
[2026-01-16 00:42:47,431][flwr][INFO] - fit progress: (10, 0.09224778960819717, {'rmse': 6269.514175755567, 'mae': 2129.193115234375, 'r2': 0.6862776770156156, 'mape': 9.330126762390137, 'accuracy_10': 79.42942976951599, 'accuracy_20': 91.04104042053223}, 457.5069145830057)
[2026-01-16 00:42:47,431][flwr][DEBUG] - evaluate_round 10: strategy sampled 3 clients (out of 3)
[2026-01-16 00:42:47,613][flwr][DEBUG] - evaluate_round 10 received 3 results and 0 failures
[2026-01-16 00:42:47,613][flwr][DEBUG] - fit_round 11: strategy sampled 3 clients (out of 3)
[2026-01-16 00:43:32,184][flwr][DEBUG] - fit_round 11 received 3 results and 0 failures
[2026-01-16 00:43:32,582][flwr][INFO] - fit progress: (11, 0.09275698632717849, {'rmse': 6329.382592322888, 'mae': 2180.809326171875, 'r2': 0.6802574941567254, 'mape': 9.583255767822266, 'accuracy_10': 77.1271288394928, 'accuracy_20': 90.89089035987854}, 502.6579952079919)
[2026-01-16 00:43:32,583][flwr][DEBUG] - evaluate_round 11: strategy sampled 3 clients (out of 3)
[2026-01-16 00:43:32,790][flwr][DEBUG] - evaluate_round 11 received 3 results and 0 failures
[2026-01-16 00:43:32,790][flwr][DEBUG] - fit_round 12: strategy sampled 3 clients (out of 3)
[2026-01-16 00:44:16,121][flwr][DEBUG] - fit_round 12 received 3 results and 0 failures
[2026-01-16 00:44:16,388][flwr][INFO] - fit progress: (12, 0.09245772130630754, {'rmse': 6175.971502524927, 'mae': 2168.0986328125, 'r2': 0.6955694522401313, 'mape': 9.613201141357422, 'accuracy_10': 76.97697877883911, 'accuracy_20': 90.39039015769958}, 546.4636469999969)
[2026-01-16 00:44:16,389][flwr][DEBUG] - evaluate_round 12: strategy sampled 3 clients (out of 3)
[2026-01-16 00:44:16,603][flwr][DEBUG] - evaluate_round 12 received 3 results and 0 failures
[2026-01-16 00:44:16,603][flwr][DEBUG] - fit_round 13: strategy sampled 3 clients (out of 3)
[2026-01-16 00:45:01,227][flwr][DEBUG] - fit_round 13 received 3 results and 0 failures
[2026-01-16 00:45:01,474][flwr][INFO] - fit progress: (13, 0.09581258349694886, {'rmse': 6475.222621655567, 'mae': 2218.293212890625, 'r2': 0.6653528898029623, 'mape': 9.975942611694336, 'accuracy_10': 76.62662863731384, 'accuracy_20': 90.84084033966064}, 591.5493412500073)
[2026-01-16 00:45:01,475][flwr][DEBUG] - evaluate_round 13: strategy sampled 3 clients (out of 3)
[2026-01-16 00:45:01,700][flwr][DEBUG] - evaluate_round 13 received 3 results and 0 failures
[2026-01-16 00:45:01,700][flwr][DEBUG] - fit_round 14: strategy sampled 3 clients (out of 3)
[2026-01-16 00:45:44,881][flwr][DEBUG] - fit_round 14 received 3 results and 0 failures
[2026-01-16 00:45:45,137][flwr][INFO] - fit progress: (14, 0.09329870167571504, {'rmse': 6071.97826083065, 'mae': 2178.462646484375, 'r2': 0.7057353624924603, 'mape': 9.957266807556152, 'accuracy_10': 77.42742896080017, 'accuracy_20': 90.44044017791748}, 635.2115217499959)
[2026-01-16 00:45:45,137][flwr][DEBUG] - evaluate_round 14: strategy sampled 3 clients (out of 3)
[2026-01-16 00:45:45,312][flwr][DEBUG] - evaluate_round 14 received 3 results and 0 failures
[2026-01-16 00:45:45,312][flwr][DEBUG] - fit_round 15: strategy sampled 3 clients (out of 3)
[2026-01-16 00:46:29,032][flwr][DEBUG] - fit_round 15 received 3 results and 0 failures
[2026-01-16 00:46:29,376][flwr][INFO] - fit progress: (15, 0.09382822698315939, {'rmse': 6001.267866042975, 'mae': 2192.9189453125, 'r2': 0.7125490801031265, 'mape': 10.11707592010498, 'accuracy_10': 76.0260283946991, 'accuracy_20': 90.49049019813538}, 679.4503247500106)
[2026-01-16 00:46:29,377][flwr][DEBUG] - evaluate_round 15: strategy sampled 3 clients (out of 3)
[2026-01-16 00:46:29,566][flwr][DEBUG] - evaluate_round 15 received 3 results and 0 failures
[2026-01-16 00:46:29,567][flwr][DEBUG] - fit_round 16: strategy sampled 3 clients (out of 3)
[2026-01-16 00:47:10,645][flwr][DEBUG] - fit_round 16 received 3 results and 0 failures
[2026-01-16 00:47:10,903][flwr][INFO] - fit progress: (16, 0.09400520439784567, {'rmse': 6063.796500543203, 'mae': 2190.09326171875, 'r2': 0.706527850062412, 'mape': 10.151456832885742, 'accuracy_10': 76.52652859687805, 'accuracy_20': 90.44044017791748}, 720.9763786660042)
[2026-01-16 00:47:10,903][flwr][DEBUG] - evaluate_round 16: strategy sampled 3 clients (out of 3)
[2026-01-16 00:47:11,070][flwr][DEBUG] - evaluate_round 16 received 3 results and 0 failures
[2026-01-16 00:47:11,070][flwr][DEBUG] - fit_round 17: strategy sampled 3 clients (out of 3)
[2026-01-16 00:47:51,836][flwr][DEBUG] - fit_round 17 received 3 results and 0 failures
[2026-01-16 00:47:52,079][flwr][INFO] - fit progress: (17, 0.0946613049789055, {'rmse': 6077.334284042635, 'mae': 2194.42138671875, 'r2': 0.7052159930320521, 'mape': 10.21577262878418, 'accuracy_10': 76.12612843513489, 'accuracy_20': 90.14014005661011}, 762.1527178329998)
[2026-01-16 00:47:52,080][flwr][DEBUG] - evaluate_round 17: strategy sampled 3 clients (out of 3)
[2026-01-16 00:47:52,221][flwr][DEBUG] - evaluate_round 17 received 3 results and 0 failures
[2026-01-16 00:47:52,221][flwr][DEBUG] - fit_round 18: strategy sampled 3 clients (out of 3)
[2026-01-16 00:48:32,915][flwr][DEBUG] - fit_round 18 received 3 results and 0 failures
[2026-01-16 00:48:33,227][flwr][INFO] - fit progress: (18, 0.09342459569852035, {'rmse': 6048.702009522373, 'mae': 2216.832763671875, 'r2': 0.7079870979345386, 'mape': 10.260358810424805, 'accuracy_10': 75.82582831382751, 'accuracy_20': 89.98998999595642}, 803.3001642080199)
[2026-01-16 00:48:33,228][flwr][DEBUG] - evaluate_round 18: strategy sampled 3 clients (out of 3)
[2026-01-16 00:48:33,445][flwr][DEBUG] - evaluate_round 18 received 3 results and 0 failures
[2026-01-16 00:48:33,446][flwr][DEBUG] - fit_round 19: strategy sampled 3 clients (out of 3)
[2026-01-16 00:49:14,094][flwr][DEBUG] - fit_round 19 received 3 results and 0 failures
[2026-01-16 00:49:14,365][flwr][INFO] - fit progress: (19, 0.09433953753403118, {'rmse': 6051.567069776224, 'mae': 2218.06396484375, 'r2': 0.7077104128619061, 'mape': 10.326860427856445, 'accuracy_10': 75.62562823295593, 'accuracy_20': 89.83983993530273}, 844.4378511660034)
[2026-01-16 00:49:14,366][flwr][DEBUG] - evaluate_round 19: strategy sampled 3 clients (out of 3)
[2026-01-16 00:49:14,515][flwr][DEBUG] - evaluate_round 19 received 3 results and 0 failures
[2026-01-16 00:49:14,515][flwr][DEBUG] - fit_round 20: strategy sampled 3 clients (out of 3)
[2026-01-16 00:49:55,310][flwr][DEBUG] - fit_round 20 received 3 results and 0 failures
[2026-01-16 00:49:55,550][flwr][INFO] - fit progress: (20, 0.094451709138649, {'rmse': 5994.4704520082505, 'mae': 2217.055419921875, 'r2': 0.7131999036069131, 'mape': 10.4443359375, 'accuracy_10': 75.67567825317383, 'accuracy_20': 89.98998999595642}, 885.6217422909976)
[2026-01-16 00:49:55,550][flwr][DEBUG] - evaluate_round 20: strategy sampled 3 clients (out of 3)
[2026-01-16 00:49:55,705][flwr][DEBUG] - evaluate_round 20 received 3 results and 0 failures
[2026-01-16 00:49:55,705][flwr][DEBUG] - fit_round 21: strategy sampled 3 clients (out of 3)
[2026-01-16 00:50:38,480][flwr][DEBUG] - fit_round 21 received 3 results and 0 failures
[2026-01-16 00:50:38,768][flwr][INFO] - fit progress: (21, 0.09459093982005143, {'rmse': 5867.016277461654, 'mae': 2230.831298828125, 'r2': 0.7252660889015481, 'mape': 10.478667259216309, 'accuracy_10': 74.0240216255188, 'accuracy_20': 89.58958983421326}, 928.8396484580007)
[2026-01-16 00:50:38,768][flwr][DEBUG] - evaluate_round 21: strategy sampled 3 clients (out of 3)
[2026-01-16 00:50:38,945][flwr][DEBUG] - evaluate_round 21 received 3 results and 0 failures
[2026-01-16 00:50:38,945][flwr][DEBUG] - fit_round 22: strategy sampled 3 clients (out of 3)
[2026-01-16 00:51:24,552][flwr][DEBUG] - fit_round 22 received 3 results and 0 failures
[2026-01-16 00:51:24,867][flwr][INFO] - fit progress: (22, 0.09607280179246648, {'rmse': 5986.483107802109, 'mae': 2230.88134765625, 'r2': 0.7139636918499933, 'mape': 10.553854942321777, 'accuracy_10': 74.77477192878723, 'accuracy_20': 89.53953981399536}, 974.9384070000087)
[2026-01-16 00:51:24,867][flwr][DEBUG] - evaluate_round 22: strategy sampled 3 clients (out of 3)
[2026-01-16 00:51:25,063][flwr][DEBUG] - evaluate_round 22 received 3 results and 0 failures
[2026-01-16 00:51:25,063][flwr][DEBUG] - fit_round 23: strategy sampled 3 clients (out of 3)
[2026-01-16 00:52:09,721][flwr][DEBUG] - fit_round 23 received 3 results and 0 failures
[2026-01-16 00:52:10,003][flwr][INFO] - fit progress: (23, 0.09364856464473216, {'rmse': 5863.296342502228, 'mae': 2213.916015625, 'r2': 0.7256143913936315, 'mape': 10.434712409973145, 'accuracy_10': 74.67467188835144, 'accuracy_20': 89.53953981399536}, 1020.0736616660142)
[2026-01-16 00:52:10,003][flwr][DEBUG] - evaluate_round 23: strategy sampled 3 clients (out of 3)
[2026-01-16 00:52:10,191][flwr][DEBUG] - evaluate_round 23 received 3 results and 0 failures
[2026-01-16 00:52:10,192][flwr][DEBUG] - fit_round 24: strategy sampled 3 clients (out of 3)
[2026-01-16 00:52:55,081][flwr][DEBUG] - fit_round 24 received 3 results and 0 failures
[2026-01-16 00:52:55,334][flwr][INFO] - fit progress: (24, 0.09507419360993621, {'rmse': 6035.826703940397, 'mae': 2207.107421875, 'r2': 0.7092289246804001, 'mape': 10.491596221923828, 'accuracy_10': 75.57557821273804, 'accuracy_20': 89.68968987464905}, 1065.4043125000026)
[2026-01-16 00:52:55,334][flwr][DEBUG] - evaluate_round 24: strategy sampled 3 clients (out of 3)
[2026-01-16 00:52:55,542][flwr][DEBUG] - evaluate_round 24 received 3 results and 0 failures
[2026-01-16 00:52:55,542][flwr][DEBUG] - fit_round 25: strategy sampled 3 clients (out of 3)
[2026-01-16 00:53:39,541][flwr][DEBUG] - fit_round 25 received 3 results and 0 failures
[2026-01-16 00:53:39,821][flwr][INFO] - fit progress: (25, 0.0940020704703467, {'rmse': 5923.884873965732, 'mae': 2199.852294921875, 'r2': 0.7199143352908652, 'mape': 10.47789478302002, 'accuracy_10': 74.77477192878723, 'accuracy_20': 89.73973989486694}, 1109.8915269999998)
[2026-01-16 00:53:39,822][flwr][DEBUG] - evaluate_round 25: strategy sampled 3 clients (out of 3)
[2026-01-16 00:53:40,051][flwr][DEBUG] - evaluate_round 25 received 3 results and 0 failures
[2026-01-16 00:53:40,051][flwr][DEBUG] - fit_round 26: strategy sampled 3 clients (out of 3)
[2026-01-16 00:54:23,690][flwr][DEBUG] - fit_round 26 received 3 results and 0 failures
[2026-01-16 00:54:23,944][flwr][INFO] - fit progress: (26, 0.09540878510003811, {'rmse': 6046.956589888834, 'mae': 2244.0, 'r2': 0.7081555960349508, 'mape': 10.667698860168457, 'accuracy_10': 74.0740716457367, 'accuracy_20': 89.78978991508484}, 1154.013388958003)
[2026-01-16 00:54:23,944][flwr][DEBUG] - evaluate_round 26: strategy sampled 3 clients (out of 3)
[2026-01-16 00:54:24,110][flwr][DEBUG] - evaluate_round 26 received 3 results and 0 failures
[2026-01-16 00:54:24,110][flwr][DEBUG] - fit_round 27: strategy sampled 3 clients (out of 3)
[2026-01-16 00:55:08,962][flwr][DEBUG] - fit_round 27 received 3 results and 0 failures
[2026-01-16 00:55:09,240][flwr][INFO] - fit progress: (27, 0.09495776256283482, {'rmse': 5903.251646338652, 'mae': 2235.415283203125, 'r2': 0.7218620607595838, 'mape': 10.695618629455566, 'accuracy_10': 74.17417168617249, 'accuracy_20': 89.78978991508484}, 1199.308496750018)
[2026-01-16 00:55:09,241][flwr][DEBUG] - evaluate_round 27: strategy sampled 3 clients (out of 3)
[2026-01-16 00:55:09,436][flwr][DEBUG] - evaluate_round 27 received 3 results and 0 failures
[2026-01-16 00:55:09,437][flwr][DEBUG] - fit_round 28: strategy sampled 3 clients (out of 3)
[2026-01-16 00:55:54,261][flwr][DEBUG] - fit_round 28 received 3 results and 0 failures
[2026-01-16 00:55:54,536][flwr][INFO] - fit progress: (28, 0.09525700923693073, {'rmse': 6102.521446090952, 'mae': 2234.163818359375, 'r2': 0.7027675183047383, 'mape': 10.624471664428711, 'accuracy_10': 74.0740716457367, 'accuracy_20': 89.68968987464905}, 1244.6028882499959)
[2026-01-16 00:55:54,536][flwr][DEBUG] - evaluate_round 28: strategy sampled 3 clients (out of 3)
[2026-01-16 00:55:54,749][flwr][DEBUG] - evaluate_round 28 received 3 results and 0 failures
[2026-01-16 00:55:54,749][flwr][DEBUG] - fit_round 29: strategy sampled 3 clients (out of 3)
[2026-01-16 00:56:39,174][flwr][DEBUG] - fit_round 29 received 3 results and 0 failures
[2026-01-16 00:56:39,456][flwr][INFO] - fit progress: (29, 0.09586496297661606, {'rmse': 5958.309827459461, 'mae': 2229.080810546875, 'r2': 0.7166496150559614, 'mape': 10.732614517211914, 'accuracy_10': 74.12412166595459, 'accuracy_20': 89.68968987464905}, 1289.523023375019)
[2026-01-16 00:56:39,457][flwr][DEBUG] - evaluate_round 29: strategy sampled 3 clients (out of 3)
[2026-01-16 00:56:39,638][flwr][DEBUG] - evaluate_round 29 received 3 results and 0 failures
[2026-01-16 00:56:39,638][flwr][DEBUG] - fit_round 30: strategy sampled 3 clients (out of 3)
[2026-01-16 00:57:25,653][flwr][DEBUG] - fit_round 30 received 3 results and 0 failures
[2026-01-16 00:57:25,973][flwr][INFO] - fit progress: (30, 0.09354266026490801, {'rmse': 5840.462310468239, 'mae': 2219.624267578125, 'r2': 0.7277473698719505, 'mape': 10.650457382202148, 'accuracy_10': 73.87387156486511, 'accuracy_20': 89.58958983421326}, 1336.0396029580152)
[2026-01-16 00:57:25,974][flwr][DEBUG] - evaluate_round 30: strategy sampled 3 clients (out of 3)
[2026-01-16 00:57:26,161][flwr][DEBUG] - evaluate_round 30 received 3 results and 0 failures
[2026-01-16 00:57:26,161][flwr][INFO] - FL finished in 1336.2277022500057
[2026-01-16 00:57:26,162][flwr][INFO] - app_fit: losses_distributed [(1, 0.10592929092756141), (2, 0.06797291752362024), (3, 0.059239197713429066), (4, 0.058283886773871044), (5, 0.05682808103318378), (6, 0.055001179853856996), (7, 0.056867262059662194), (8, 0.056359960719851936), (9, 0.057793327449319296), (10, 0.05790577042928631), (11, 0.05865027893825396), (12, 0.05990268507782885), (13, 0.06050821374366686), (14, 0.06093713754437048), (15, 0.060782133053373204), (16, 0.060900665886944504), (17, 0.061113088455397), (18, 0.061071062636556), (19, 0.06156929039094533), (20, 0.06169178939448786), (21, 0.0630251371041313), (22, 0.06348158191245519), (23, 0.062282596645942004), (24, 0.061952124904217885), (25, 0.06159777570310866), (26, 0.06189797555053479), (27, 0.06298290609199349), (28, 0.06200449803679469), (29, 0.06263123915995109), (30, 0.06223734455590052)]
[2026-01-16 00:57:26,162][flwr][INFO] - app_fit: metrics_distributed_fit {}
[2026-01-16 00:57:26,162][flwr][INFO] - app_fit: metrics_distributed {}
[2026-01-16 00:57:26,162][flwr][INFO] - app_fit: losses_centralized [(0, 3.049754101950843), (1, 0.1367480517462925), (2, 0.10359528178612033), (3, 0.09135468029701435), (4, 0.091264364854978), (5, 0.08985892990911687), (6, 0.08803056750644196), (7, 0.09075978528092932), (8, 0.09037712729490316), (9, 0.0901507371486546), (10, 0.09224778960819717), (11, 0.09275698632717849), (12, 0.09245772130630754), (13, 0.09581258349694886), (14, 0.09329870167571504), (15, 0.09382822698315939), (16, 0.09400520439784567), (17, 0.0946613049789055), (18, 0.09342459569852035), (19, 0.09433953753403118), (20, 0.094451709138649), (21, 0.09459093982005143), (22, 0.09607280179246648), (23, 0.09364856464473216), (24, 0.09507419360993621), (25, 0.0940020704703467), (26, 0.09540878510003811), (27, 0.09495776256283482), (28, 0.09525700923693073), (29, 0.09586496297661606), (30, 0.09354266026490801)]
[2026-01-16 00:57:26,163][flwr][INFO] - app_fit: metrics_centralized {'rmse': [(0, 18594.14359415351), (1, 6159.148642466749), (2, 6208.620780817589), (3, 6369.517093155493), (4, 6361.098647246402), (5, 6174.404262760902), (6, 6337.425029142357), (7, 6430.839758538538), (8, 6292.998013665665), (9, 6183.18105832265), (10, 6269.514175755567), (11, 6329.382592322888), (12, 6175.971502524927), (13, 6475.222621655567), (14, 6071.97826083065), (15, 6001.267866042975), (16, 6063.796500543203), (17, 6077.334284042635), (18, 6048.702009522373), (19, 6051.567069776224), (20, 5994.4704520082505), (21, 5867.016277461654), (22, 5986.483107802109), (23, 5863.296342502228), (24, 6035.826703940397), (25, 5923.884873965732), (26, 6046.956589888834), (27, 5903.251646338652), (28, 6102.521446090952), (29, 5958.309827459461), (30, 5840.462310468239)], 'mae': [(0, 15825.81640625), (1, 2503.525146484375), (2, 2007.54736328125), (3, 2097.55224609375), (4, 2099.98291015625), (5, 2075.3203125), (6, 2092.190185546875), (7, 2125.552734375), (8, 2098.851806640625), (9, 2116.485595703125), (10, 2129.193115234375), (11, 2180.809326171875), (12, 2168.0986328125), (13, 2218.293212890625), (14, 2178.462646484375), (15, 2192.9189453125), (16, 2190.09326171875), (17, 2194.42138671875), (18, 2216.832763671875), (19, 2218.06396484375), (20, 2217.055419921875), (21, 2230.831298828125), (22, 2230.88134765625), (23, 2213.916015625), (24, 2207.107421875), (25, 2199.852294921875), (26, 2244.0), (27, 2235.415283203125), (28, 2234.163818359375), (29, 2229.080810546875), (30, 2219.624267578125)], 'r2': [(0, -1.7594976773507138), (1, 0.6972257011929495), (2, 0.6923422014798774), (3, 0.676189683635899), (4, 0.6770450675641713), (5, 0.6957239442836438), (6, 0.6794444229190403), (7, 0.6699246893011528), (8, 0.6839230232348703), (9, 0.6948582848837209), (10, 0.6862776770156156), (11, 0.6802574941567254), (12, 0.6955694522401313), (13, 0.6653528898029623), (14, 0.7057353624924603), (15, 0.7125490801031265), (16, 0.706527850062412), (17, 0.7052159930320521), (18, 0.7079870979345386), (19, 0.7077104128619061), (20, 0.7131999036069131), (21, 0.7252660889015481), (22, 0.7139636918499933), (23, 0.7256143913936315), (24, 0.7092289246804001), (25, 0.7199143352908652), (26, 0.7081555960349508), (27, 0.7218620607595838), (28, 0.7027675183047383), (29, 0.7166496150559614), (30, 0.7277473698719505)], 'mape': [(0, 147.36984252929688), (1, 14.151379585266113), (2, 10.223685264587402), (3, 9.380621910095215), (4, 9.184746742248535), (5, 8.990864753723145), (6, 8.885518074035645), (7, 9.090242385864258), (8, 9.0711669921875), (9, 9.146671295166016), (10, 9.330126762390137), (11, 9.583255767822266), (12, 9.613201141357422), (13, 9.975942611694336), (14, 9.957266807556152), (15, 10.11707592010498), (16, 10.151456832885742), (17, 10.21577262878418), (18, 10.260358810424805), (19, 10.326860427856445), (20, 10.4443359375), (21, 10.478667259216309), (22, 10.553854942321777), (23, 10.434712409973145), (24, 10.491596221923828), (25, 10.47789478302002), (26, 10.667698860168457), (27, 10.695618629455566), (28, 10.624471664428711), (29, 10.732614517211914), (30, 10.650457382202148)], 'accuracy_10': [(0, 6.10610619187355), (1, 58.708709478378296), (2, 79.17917966842651), (3, 82.83283114433289), (4, 82.43243098258972), (5, 82.28228092193604), (6, 81.08108043670654), (7, 79.82982993125916), (8, 80.4304301738739), (9, 79.52952980995178), (10, 79.42942976951599), (11, 77.1271288394928), (12, 76.97697877883911), (13, 76.62662863731384), (14, 77.42742896080017), (15, 76.0260283946991), (16, 76.52652859687805), (17, 76.12612843513489), (18, 75.82582831382751), (19, 75.62562823295593), (20, 75.67567825317383), (21, 74.0240216255188), (22, 74.77477192878723), (23, 74.67467188835144), (24, 75.57557821273804), (25, 74.77477192878723), (26, 74.0740716457367), (27, 74.17417168617249), (28, 74.0740716457367), (29, 74.12412166595459), (30, 73.87387156486511)], 'accuracy_20': [(0, 12.012012302875519), (1, 90.14014005661011), (2, 93.04304122924805), (3, 92.54254102706909), (4, 92.29229092597961), (5, 91.84184074401855), (6, 92.14214086532593), (7, 91.94194078445435), (8, 91.74174070358276), (9, 91.09109044075012), (10, 91.04104042053223), (11, 90.89089035987854), (12, 90.39039015769958), (13, 90.84084033966064), (14, 90.44044017791748), (15, 90.49049019813538), (16, 90.44044017791748), (17, 90.14014005661011), (18, 89.98998999595642), (19, 89.83983993530273), (20, 89.98998999595642), (21, 89.58958983421326), (22, 89.53953981399536), (23, 89.53953981399536), (24, 89.68968987464905), (25, 89.73973989486694), (26, 89.78978991508484), (27, 89.78978991508484), (28, 89.68968987464905), (29, 89.68968987464905), (30, 89.58958983421326)]}
