[2026-01-17 13:15:14,930][flwr][INFO] - Starting Flower simulation, config: ServerConfig(num_rounds=25, round_timeout=None)
[2026-01-17 13:15:20,787][flwr][INFO] - Flower VCE: Ray initialized with resources: {'node:127.0.0.1': 1.0, 'object_store_memory': 2147483648.0, 'CPU': 10.0, 'memory': 11521680180.0}
[2026-01-17 13:15:20,788][flwr][INFO] - Initializing global parameters
[2026-01-17 13:15:20,788][flwr][INFO] - Using initial parameters provided by strategy
[2026-01-17 13:15:20,788][flwr][INFO] - Evaluating initial parameters
[2026-01-17 13:15:21,509][flwr][INFO] - initial parameters (loss, other metrics): 1.4340404903996313, {'rmse': 11782.010694274555, 'mae': 9149.193359375, 'r2': 0.00890437044283554, 'mape': 79.91940307617188, 'accuracy_10': 11.735205352306366, 'accuracy_20': 21.46439254283905}
[2026-01-17 13:15:21,509][flwr][INFO] - FL starting
[2026-01-17 13:15:21,510][flwr][DEBUG] - fit_round 1: strategy sampled 7 clients (out of 12)
[2026-01-17 13:15:35,823][flwr][DEBUG] - fit_round 1 received 7 results and 0 failures
[2026-01-17 13:15:35,835][flwr][WARNING] - No fit_metrics_aggregation_fn provided
[2026-01-17 13:15:36,163][flwr][INFO] - fit progress: (1, 0.15000040894944067, {'rmse': 5748.779870546445, 'mae': 3013.98046875, 'r2': 0.764045608074416, 'mape': 16.145524978637695, 'accuracy_10': 37.81343996524811, 'accuracy_20': 74.57371950149536}, 14.653600124991499)
[2026-01-17 13:15:36,164][flwr][DEBUG] - evaluate_round 1: strategy sampled 6 clients (out of 12)
[2026-01-17 13:15:36,436][flwr][DEBUG] - evaluate_round 1 received 6 results and 0 failures
[2026-01-17 13:15:36,436][flwr][WARNING] - No evaluate_metrics_aggregation_fn provided
[2026-01-17 13:15:36,437][flwr][DEBUG] - fit_round 2: strategy sampled 7 clients (out of 12)
[2026-01-17 13:15:44,114][flwr][DEBUG] - fit_round 2 received 7 results and 0 failures
[2026-01-17 13:15:44,361][flwr][INFO] - fit progress: (2, 0.10804546093839103, {'rmse': 5322.491897598342, 'mae': 2570.7177734375, 'r2': 0.7977415219406795, 'mape': 13.311822891235352, 'accuracy_10': 51.15346312522888, 'accuracy_20': 84.1524600982666}, 22.851462749997154)
[2026-01-17 13:15:44,361][flwr][DEBUG] - evaluate_round 2: strategy sampled 6 clients (out of 12)
[2026-01-17 13:15:44,624][flwr][DEBUG] - evaluate_round 2 received 6 results and 0 failures
[2026-01-17 13:15:44,624][flwr][DEBUG] - fit_round 3: strategy sampled 7 clients (out of 12)
[2026-01-17 13:15:53,461][flwr][DEBUG] - fit_round 3 received 7 results and 0 failures
[2026-01-17 13:15:53,911][flwr][INFO] - fit progress: (3, 0.07814635027016895, {'rmse': 4709.994479826913, 'mae': 2106.1005859375, 'r2': 0.841613729271377, 'mape': 10.868413925170898, 'accuracy_10': 59.82949137687683, 'accuracy_20': 88.96690011024475}, 32.401096290996065)
[2026-01-17 13:15:53,911][flwr][DEBUG] - evaluate_round 3: strategy sampled 6 clients (out of 12)
[2026-01-17 13:15:54,389][flwr][DEBUG] - evaluate_round 3 received 6 results and 0 failures
[2026-01-17 13:15:54,390][flwr][DEBUG] - fit_round 4: strategy sampled 7 clients (out of 12)
[2026-01-17 13:16:02,811][flwr][DEBUG] - fit_round 4 received 7 results and 0 failures
[2026-01-17 13:16:03,108][flwr][INFO] - fit progress: (4, 0.07147123546917795, {'rmse': 4675.820141964402, 'mae': 1930.93310546875, 'r2': 0.8439038096152136, 'mape': 9.922727584838867, 'accuracy_10': 69.45837736129761, 'accuracy_20': 91.67502522468567}, 41.59798358299304)
[2026-01-17 13:16:03,108][flwr][DEBUG] - evaluate_round 4: strategy sampled 6 clients (out of 12)
[2026-01-17 13:16:03,386][flwr][DEBUG] - evaluate_round 4 received 6 results and 0 failures
[2026-01-17 13:16:03,386][flwr][DEBUG] - fit_round 5: strategy sampled 7 clients (out of 12)
[2026-01-17 13:16:10,947][flwr][DEBUG] - fit_round 5 received 7 results and 0 failures
[2026-01-17 13:16:11,253][flwr][INFO] - fit progress: (5, 0.05513926608900847, {'rmse': 4336.6689982058815, 'mae': 1714.72705078125, 'r2': 0.8657268237985207, 'mape': 8.453336715698242, 'accuracy_10': 74.47342276573181, 'accuracy_20': 93.27983856201172}, 49.74317895798595)
[2026-01-17 13:16:11,253][flwr][DEBUG] - evaluate_round 5: strategy sampled 6 clients (out of 12)
[2026-01-17 13:16:11,628][flwr][DEBUG] - evaluate_round 5 received 6 results and 0 failures
[2026-01-17 13:16:11,628][flwr][DEBUG] - fit_round 6: strategy sampled 7 clients (out of 12)
[2026-01-17 13:16:22,925][flwr][DEBUG] - fit_round 6 received 7 results and 0 failures
[2026-01-17 13:16:23,311][flwr][INFO] - fit progress: (6, 0.05025485526385494, {'rmse': 4287.523527632239, 'mae': 1589.1187744140625, 'r2': 0.8687528877342775, 'mape': 7.694998264312744, 'accuracy_10': 79.93981838226318, 'accuracy_20': 94.08224821090698}, 61.80120237500523)
[2026-01-17 13:16:23,312][flwr][DEBUG] - evaluate_round 6: strategy sampled 6 clients (out of 12)
[2026-01-17 13:16:23,937][flwr][DEBUG] - evaluate_round 6 received 6 results and 0 failures
[2026-01-17 13:16:23,937][flwr][DEBUG] - fit_round 7: strategy sampled 7 clients (out of 12)
[2026-01-17 13:16:33,218][flwr][DEBUG] - fit_round 7 received 7 results and 0 failures
[2026-01-17 13:16:33,512][flwr][INFO] - fit progress: (7, 0.04547952061543314, {'rmse': 4256.9991778246795, 'mae': 1569.977783203125, 'r2': 0.8706150290304557, 'mape': 7.256899833679199, 'accuracy_10': 80.64192533493042, 'accuracy_20': 94.7342038154602}, 72.00231437498587)
[2026-01-17 13:16:33,512][flwr][DEBUG] - evaluate_round 7: strategy sampled 6 clients (out of 12)
[2026-01-17 13:16:33,779][flwr][DEBUG] - evaluate_round 7 received 6 results and 0 failures
[2026-01-17 13:16:33,779][flwr][DEBUG] - fit_round 8: strategy sampled 7 clients (out of 12)
[2026-01-17 13:16:43,173][flwr][DEBUG] - fit_round 8 received 7 results and 0 failures
[2026-01-17 13:16:43,464][flwr][INFO] - fit progress: (8, 0.0416794553615803, {'rmse': 4116.002672496703, 'mae': 1492.9049072265625, 'r2': 0.8790438399421432, 'mape': 6.852378845214844, 'accuracy_10': 82.04613924026489, 'accuracy_20': 95.13540863990784}, 81.95401975000277)
[2026-01-17 13:16:43,464][flwr][DEBUG] - evaluate_round 8: strategy sampled 6 clients (out of 12)
[2026-01-17 13:16:43,726][flwr][DEBUG] - evaluate_round 8 received 6 results and 0 failures
[2026-01-17 13:16:43,726][flwr][DEBUG] - fit_round 9: strategy sampled 7 clients (out of 12)
[2026-01-17 13:16:48,464][flwr][DEBUG] - fit_round 9 received 7 results and 0 failures
[2026-01-17 13:16:48,729][flwr][INFO] - fit progress: (9, 0.04366899557120224, {'rmse': 4314.69883074126, 'mae': 1602.058349609375, 'r2': 0.867083868251032, 'mape': 6.874275207519531, 'accuracy_10': 79.48846817016602, 'accuracy_20': 94.08224821090698}, 87.21933787499438)
[2026-01-17 13:16:48,729][flwr][DEBUG] - evaluate_round 9: strategy sampled 6 clients (out of 12)
[2026-01-17 13:16:48,954][flwr][DEBUG] - evaluate_round 9 received 6 results and 0 failures
[2026-01-17 13:16:48,954][flwr][DEBUG] - fit_round 10: strategy sampled 7 clients (out of 12)
[2026-01-17 13:16:56,054][flwr][DEBUG] - fit_round 10 received 7 results and 0 failures
[2026-01-17 13:16:56,336][flwr][INFO] - fit progress: (10, 0.038769889314665476, {'rmse': 4026.9413951533984, 'mae': 1389.4757080078125, 'r2': 0.884221654563506, 'mape': 6.372234344482422, 'accuracy_10': 85.05516648292542, 'accuracy_20': 95.73721289634705}, 94.82619600000908)
[2026-01-17 13:16:56,336][flwr][DEBUG] - evaluate_round 10: strategy sampled 6 clients (out of 12)
[2026-01-17 13:16:56,541][flwr][DEBUG] - evaluate_round 10 received 6 results and 0 failures
[2026-01-17 13:16:56,541][flwr][DEBUG] - fit_round 11: strategy sampled 7 clients (out of 12)
[2026-01-17 13:17:03,749][flwr][DEBUG] - fit_round 11 received 7 results and 0 failures
[2026-01-17 13:17:04,036][flwr][INFO] - fit progress: (11, 0.03491507355336739, {'rmse': 3936.5462019389533, 'mae': 1362.50830078125, 'r2': 0.889361205605742, 'mape': 5.997283935546875, 'accuracy_10': 85.60681939125061, 'accuracy_20': 95.93781232833862}, 102.52560533300857)
[2026-01-17 13:17:04,036][flwr][DEBUG] - evaluate_round 11: strategy sampled 6 clients (out of 12)
[2026-01-17 13:17:04,284][flwr][DEBUG] - evaluate_round 11 received 6 results and 0 failures
[2026-01-17 13:17:04,284][flwr][DEBUG] - fit_round 12: strategy sampled 7 clients (out of 12)
[2026-01-17 13:17:11,919][flwr][DEBUG] - fit_round 12 received 7 results and 0 failures
[2026-01-17 13:17:12,190][flwr][INFO] - fit progress: (12, 0.035402114129435634, {'rmse': 3926.433241505578, 'mae': 1323.35595703125, 'r2': 0.8899289409110609, 'mape': 5.958683490753174, 'accuracy_10': 86.25877499580383, 'accuracy_20': 95.88766098022461}, 110.68007866598782)
[2026-01-17 13:17:12,190][flwr][DEBUG] - evaluate_round 12: strategy sampled 6 clients (out of 12)
[2026-01-17 13:17:12,505][flwr][DEBUG] - evaluate_round 12 received 6 results and 0 failures
[2026-01-17 13:17:12,505][flwr][DEBUG] - fit_round 13: strategy sampled 7 clients (out of 12)
[2026-01-17 13:17:19,821][flwr][DEBUG] - fit_round 13 received 7 results and 0 failures
[2026-01-17 13:17:20,086][flwr][INFO] - fit progress: (13, 0.035169832969837285, {'rmse': 3900.4417698512048, 'mae': 1306.18994140625, 'r2': 0.8913813729904948, 'mape': 5.882140636444092, 'accuracy_10': 86.71013116836548, 'accuracy_20': 96.03811502456665}, 118.57610258299974)
[2026-01-17 13:17:20,087][flwr][DEBUG] - evaluate_round 13: strategy sampled 6 clients (out of 12)
[2026-01-17 13:17:20,199][flwr][DEBUG] - evaluate_round 13 received 6 results and 0 failures
[2026-01-17 13:17:20,199][flwr][DEBUG] - fit_round 14: strategy sampled 7 clients (out of 12)
[2026-01-17 13:17:27,829][flwr][DEBUG] - fit_round 14 received 7 results and 0 failures
[2026-01-17 13:17:28,089][flwr][INFO] - fit progress: (14, 0.033907022117006566, {'rmse': 3854.8446142484136, 'mae': 1282.9471435546875, 'r2': 0.8939060872441282, 'mape': 5.750181198120117, 'accuracy_10': 87.11133599281311, 'accuracy_20': 95.88766098022461}, 126.57863504099078)
[2026-01-17 13:17:28,089][flwr][DEBUG] - evaluate_round 14: strategy sampled 6 clients (out of 12)
[2026-01-17 13:17:28,304][flwr][DEBUG] - evaluate_round 14 received 6 results and 0 failures
[2026-01-17 13:17:28,304][flwr][DEBUG] - fit_round 15: strategy sampled 7 clients (out of 12)
[2026-01-17 13:17:35,708][flwr][DEBUG] - fit_round 15 received 7 results and 0 failures
[2026-01-17 13:17:35,973][flwr][INFO] - fit progress: (15, 0.03485005776750049, {'rmse': 4111.403653255175, 'mae': 1483.9866943359375, 'r2': 0.8793139802241386, 'mape': 6.093189716339111, 'accuracy_10': 84.85456109046936, 'accuracy_20': 95.38615942001343}, 134.46284849999938)
[2026-01-17 13:17:35,973][flwr][DEBUG] - evaluate_round 15: strategy sampled 6 clients (out of 12)
[2026-01-17 13:17:36,156][flwr][DEBUG] - evaluate_round 15 received 6 results and 0 failures
[2026-01-17 13:17:36,157][flwr][DEBUG] - fit_round 16: strategy sampled 7 clients (out of 12)
[2026-01-17 13:17:43,407][flwr][DEBUG] - fit_round 16 received 7 results and 0 failures
[2026-01-17 13:17:43,697][flwr][INFO] - fit progress: (16, 0.032600474612060615, {'rmse': 3835.284735192421, 'mae': 1292.969482421875, 'r2': 0.8949800193426866, 'mape': 5.6683573722839355, 'accuracy_10': 87.41223812103271, 'accuracy_20': 95.98796367645264}, 142.1865505829919)
[2026-01-17 13:17:43,697][flwr][DEBUG] - evaluate_round 16: strategy sampled 6 clients (out of 12)
[2026-01-17 13:17:43,889][flwr][DEBUG] - evaluate_round 16 received 6 results and 0 failures
[2026-01-17 13:17:43,890][flwr][DEBUG] - fit_round 17: strategy sampled 7 clients (out of 12)
[2026-01-17 13:17:51,085][flwr][DEBUG] - fit_round 17 received 7 results and 0 failures
[2026-01-17 13:17:51,333][flwr][INFO] - fit progress: (17, 0.03059227853348346, {'rmse': 3827.45724992455, 'mae': 1300.920166015625, 'r2': 0.895408251710231, 'mape': 5.493032455444336, 'accuracy_10': 87.01103329658508, 'accuracy_20': 96.38916850090027}, 149.82295525001246)
[2026-01-17 13:17:51,334][flwr][DEBUG] - evaluate_round 17: strategy sampled 6 clients (out of 12)
[2026-01-17 13:17:51,441][flwr][DEBUG] - evaluate_round 17 received 6 results and 0 failures
[2026-01-17 13:17:51,441][flwr][DEBUG] - fit_round 18: strategy sampled 7 clients (out of 12)
[2026-01-17 13:17:58,640][flwr][DEBUG] - fit_round 18 received 7 results and 0 failures
[2026-01-17 13:17:58,910][flwr][INFO] - fit progress: (18, 0.0300275482827706, {'rmse': 3807.5337162000287, 'mae': 1284.7373046875, 'r2': 0.8964943052530776, 'mape': 5.443646430969238, 'accuracy_10': 88.01404237747192, 'accuracy_20': 96.23871445655823}, 157.39929875000962)
[2026-01-17 13:17:58,910][flwr][DEBUG] - evaluate_round 18: strategy sampled 6 clients (out of 12)
[2026-01-17 13:17:59,132][flwr][DEBUG] - evaluate_round 18 received 6 results and 0 failures
[2026-01-17 13:17:59,132][flwr][DEBUG] - fit_round 19: strategy sampled 7 clients (out of 12)
[2026-01-17 13:18:06,679][flwr][DEBUG] - fit_round 19 received 7 results and 0 failures
[2026-01-17 13:18:06,991][flwr][INFO] - fit progress: (19, 0.03413696915617469, {'rmse': 3838.5929713893865, 'mae': 1195.6336669921875, 'r2': 0.8947987623191419, 'mape': 5.460192680358887, 'accuracy_10': 88.41524720191956, 'accuracy_20': 95.33600807189941}, 165.48099099998944)
[2026-01-17 13:18:06,992][flwr][DEBUG] - evaluate_round 19: strategy sampled 6 clients (out of 12)
[2026-01-17 13:18:07,271][flwr][DEBUG] - evaluate_round 19 received 6 results and 0 failures
[2026-01-17 13:18:07,271][flwr][DEBUG] - fit_round 20: strategy sampled 7 clients (out of 12)
[2026-01-17 13:18:15,157][flwr][DEBUG] - fit_round 20 received 7 results and 0 failures
[2026-01-17 13:18:15,459][flwr][INFO] - fit progress: (20, 0.0323050437147618, {'rmse': 3775.549761293049, 'mae': 1229.26904296875, 'r2': 0.8982259338659866, 'mape': 5.486289024353027, 'accuracy_10': 88.46539855003357, 'accuracy_20': 96.03811502456665}, 173.9488393329957)
[2026-01-17 13:18:15,460][flwr][DEBUG] - evaluate_round 20: strategy sampled 6 clients (out of 12)
[2026-01-17 13:18:15,582][flwr][DEBUG] - evaluate_round 20 received 6 results and 0 failures
[2026-01-17 13:18:15,582][flwr][DEBUG] - fit_round 21: strategy sampled 7 clients (out of 12)
[2026-01-17 13:18:23,383][flwr][DEBUG] - fit_round 21 received 7 results and 0 failures
[2026-01-17 13:18:23,706][flwr][INFO] - fit progress: (21, 0.0426641098742533, {'rmse': 4232.016068022426, 'mae': 1275.3502197265625, 'r2': 0.8721292196118838, 'mape': 6.020157814025879, 'accuracy_10': 87.21163272857666, 'accuracy_20': 94.53359842300415}, 182.19599412500975)
[2026-01-17 13:18:23,707][flwr][DEBUG] - evaluate_round 21: strategy sampled 6 clients (out of 12)
[2026-01-17 13:18:23,863][flwr][DEBUG] - evaluate_round 21 received 6 results and 0 failures
[2026-01-17 13:18:23,863][flwr][DEBUG] - fit_round 22: strategy sampled 7 clients (out of 12)
[2026-01-17 13:18:32,069][flwr][DEBUG] - fit_round 22 received 7 results and 0 failures
[2026-01-17 13:18:32,351][flwr][INFO] - fit progress: (22, 0.0295824796491963, {'rmse': 3794.5915458715713, 'mae': 1293.3323974609375, 'r2': 0.8971967623820297, 'mape': 5.350283145904541, 'accuracy_10': 87.46238946914673, 'accuracy_20': 96.38916850090027}, 190.84041624999372)
[2026-01-17 13:18:32,351][flwr][DEBUG] - evaluate_round 22: strategy sampled 6 clients (out of 12)
[2026-01-17 13:18:32,686][flwr][DEBUG] - evaluate_round 22 received 6 results and 0 failures
[2026-01-17 13:18:32,687][flwr][DEBUG] - fit_round 23: strategy sampled 7 clients (out of 12)
[2026-01-17 13:18:40,632][flwr][DEBUG] - fit_round 23 received 7 results and 0 failures
[2026-01-17 13:18:40,947][flwr][INFO] - fit progress: (23, 0.029736202186834787, {'rmse': 3705.3962001383875, 'mae': 1223.2220458984375, 'r2': 0.9019729267505154, 'mape': 5.298172473907471, 'accuracy_10': 89.21765089035034, 'accuracy_20': 96.4894711971283}, 199.43626491600298)
[2026-01-17 13:18:40,947][flwr][DEBUG] - evaluate_round 23: strategy sampled 6 clients (out of 12)
[2026-01-17 13:18:41,083][flwr][DEBUG] - evaluate_round 23 received 6 results and 0 failures
[2026-01-17 13:18:41,083][flwr][DEBUG] - fit_round 24: strategy sampled 7 clients (out of 12)
[2026-01-17 13:18:48,617][flwr][DEBUG] - fit_round 24 received 7 results and 0 failures
[2026-01-17 13:18:48,890][flwr][INFO] - fit progress: (24, 0.02962737757088607, {'rmse': 3886.320753617745, 'mae': 1355.55908203125, 'r2': 0.8921664289993404, 'mape': 5.41494083404541, 'accuracy_10': 87.0611846446991, 'accuracy_20': 95.93781232833862}, 207.3790755830123)
[2026-01-17 13:18:48,890][flwr][DEBUG] - evaluate_round 24: strategy sampled 6 clients (out of 12)
[2026-01-17 13:18:49,090][flwr][DEBUG] - evaluate_round 24 received 6 results and 0 failures
[2026-01-17 13:18:49,090][flwr][DEBUG] - fit_round 25: strategy sampled 7 clients (out of 12)
[2026-01-17 13:18:56,279][flwr][DEBUG] - fit_round 25 received 7 results and 0 failures
[2026-01-17 13:18:56,531][flwr][INFO] - fit progress: (25, 0.030915268834160944, {'rmse': 4055.55236681762, 'mae': 1448.623046875, 'r2': 0.8825706229222686, 'mape': 5.5846028327941895, 'accuracy_10': 86.00802421569824, 'accuracy_20': 95.78736424446106}, 215.0202829579939)
[2026-01-17 13:18:56,531][flwr][DEBUG] - evaluate_round 25: strategy sampled 6 clients (out of 12)
[2026-01-17 13:18:56,621][flwr][DEBUG] - evaluate_round 25 received 6 results and 0 failures
[2026-01-17 13:18:56,621][flwr][INFO] - FL finished in 215.1103199159843
[2026-01-17 13:18:56,624][flwr][INFO] - app_fit: losses_distributed [(1, 0.1246165128118462), (2, 0.12242999349966373), (3, 0.06970774785988408), (4, 0.10279707883733169), (5, 0.07265769632045839), (6, 0.04034298101453203), (7, 0.05314174086669986), (8, 0.04933393207864558), (9, 0.045440368290008464), (10, 0.03101266861232298), (11, 0.03827434560258238), (12, 0.041092168043612314), (13, 0.05476414217618565), (14, 0.03959942832096753), (15, 0.035053411344061335), (16, 0.07008059865909035), (17, 0.02651074856907388), (18, 0.035102382291243454), (19, 0.04159322870684503), (20, 0.028952091261308793), (21, 0.1056091557638567), (22, 0.039995737593491586), (23, 0.028686904712834305), (24, 0.026276227528696048), (25, 0.03796538749563493)]
[2026-01-17 13:18:56,624][flwr][INFO] - app_fit: metrics_distributed_fit {}
[2026-01-17 13:18:56,624][flwr][INFO] - app_fit: metrics_distributed {}
[2026-01-17 13:18:56,624][flwr][INFO] - app_fit: losses_centralized [(0, 1.4340404903996313), (1, 0.15000040894944067), (2, 0.10804546093839103), (3, 0.07814635027016895), (4, 0.07147123546917795), (5, 0.05513926608900847), (6, 0.05025485526385494), (7, 0.04547952061543314), (8, 0.0416794553615803), (9, 0.04366899557120224), (10, 0.038769889314665476), (11, 0.03491507355336739), (12, 0.035402114129435634), (13, 0.035169832969837285), (14, 0.033907022117006566), (15, 0.03485005776750049), (16, 0.032600474612060615), (17, 0.03059227853348346), (18, 0.0300275482827706), (19, 0.03413696915617469), (20, 0.0323050437147618), (21, 0.0426641098742533), (22, 0.0295824796491963), (23, 0.029736202186834787), (24, 0.02962737757088607), (25, 0.030915268834160944)]
[2026-01-17 13:18:56,624][flwr][INFO] - app_fit: metrics_centralized {'rmse': [(0, 11782.010694274555), (1, 5748.779870546445), (2, 5322.491897598342), (3, 4709.994479826913), (4, 4675.820141964402), (5, 4336.6689982058815), (6, 4287.523527632239), (7, 4256.9991778246795), (8, 4116.002672496703), (9, 4314.69883074126), (10, 4026.9413951533984), (11, 3936.5462019389533), (12, 3926.433241505578), (13, 3900.4417698512048), (14, 3854.8446142484136), (15, 4111.403653255175), (16, 3835.284735192421), (17, 3827.45724992455), (18, 3807.5337162000287), (19, 3838.5929713893865), (20, 3775.549761293049), (21, 4232.016068022426), (22, 3794.5915458715713), (23, 3705.3962001383875), (24, 3886.320753617745), (25, 4055.55236681762)], 'mae': [(0, 9149.193359375), (1, 3013.98046875), (2, 2570.7177734375), (3, 2106.1005859375), (4, 1930.93310546875), (5, 1714.72705078125), (6, 1589.1187744140625), (7, 1569.977783203125), (8, 1492.9049072265625), (9, 1602.058349609375), (10, 1389.4757080078125), (11, 1362.50830078125), (12, 1323.35595703125), (13, 1306.18994140625), (14, 1282.9471435546875), (15, 1483.9866943359375), (16, 1292.969482421875), (17, 1300.920166015625), (18, 1284.7373046875), (19, 1195.6336669921875), (20, 1229.26904296875), (21, 1275.3502197265625), (22, 1293.3323974609375), (23, 1223.2220458984375), (24, 1355.55908203125), (25, 1448.623046875)], 'r2': [(0, 0.00890437044283554), (1, 0.764045608074416), (2, 0.7977415219406795), (3, 0.841613729271377), (4, 0.8439038096152136), (5, 0.8657268237985207), (6, 0.8687528877342775), (7, 0.8706150290304557), (8, 0.8790438399421432), (9, 0.867083868251032), (10, 0.884221654563506), (11, 0.889361205605742), (12, 0.8899289409110609), (13, 0.8913813729904948), (14, 0.8939060872441282), (15, 0.8793139802241386), (16, 0.8949800193426866), (17, 0.895408251710231), (18, 0.8964943052530776), (19, 0.8947987623191419), (20, 0.8982259338659866), (21, 0.8721292196118838), (22, 0.8971967623820297), (23, 0.9019729267505154), (24, 0.8921664289993404), (25, 0.8825706229222686)], 'mape': [(0, 79.91940307617188), (1, 16.145524978637695), (2, 13.311822891235352), (3, 10.868413925170898), (4, 9.922727584838867), (5, 8.453336715698242), (6, 7.694998264312744), (7, 7.256899833679199), (8, 6.852378845214844), (9, 6.874275207519531), (10, 6.372234344482422), (11, 5.997283935546875), (12, 5.958683490753174), (13, 5.882140636444092), (14, 5.750181198120117), (15, 6.093189716339111), (16, 5.6683573722839355), (17, 5.493032455444336), (18, 5.443646430969238), (19, 5.460192680358887), (20, 5.486289024353027), (21, 6.020157814025879), (22, 5.350283145904541), (23, 5.298172473907471), (24, 5.41494083404541), (25, 5.5846028327941895)], 'accuracy_10': [(0, 11.735205352306366), (1, 37.81343996524811), (2, 51.15346312522888), (3, 59.82949137687683), (4, 69.45837736129761), (5, 74.47342276573181), (6, 79.93981838226318), (7, 80.64192533493042), (8, 82.04613924026489), (9, 79.48846817016602), (10, 85.05516648292542), (11, 85.60681939125061), (12, 86.25877499580383), (13, 86.71013116836548), (14, 87.11133599281311), (15, 84.85456109046936), (16, 87.41223812103271), (17, 87.01103329658508), (18, 88.01404237747192), (19, 88.41524720191956), (20, 88.46539855003357), (21, 87.21163272857666), (22, 87.46238946914673), (23, 89.21765089035034), (24, 87.0611846446991), (25, 86.00802421569824)], 'accuracy_20': [(0, 21.46439254283905), (1, 74.57371950149536), (2, 84.1524600982666), (3, 88.96690011024475), (4, 91.67502522468567), (5, 93.27983856201172), (6, 94.08224821090698), (7, 94.7342038154602), (8, 95.13540863990784), (9, 94.08224821090698), (10, 95.73721289634705), (11, 95.93781232833862), (12, 95.88766098022461), (13, 96.03811502456665), (14, 95.88766098022461), (15, 95.38615942001343), (16, 95.98796367645264), (17, 96.38916850090027), (18, 96.23871445655823), (19, 95.33600807189941), (20, 96.03811502456665), (21, 94.53359842300415), (22, 96.38916850090027), (23, 96.4894711971283), (24, 95.93781232833862), (25, 95.78736424446106)]}
[2026-01-17 13:18:57,193][flwr][INFO] - Starting Flower simulation, config: ServerConfig(num_rounds=25, round_timeout=None)
[2026-01-17 13:19:05,256][flwr][INFO] - Flower VCE: Ray initialized with resources: {'node:127.0.0.1': 1.0, 'object_store_memory': 2147483648.0, 'memory': 12523289805.0, 'CPU': 10.0}
[2026-01-17 13:19:05,257][flwr][INFO] - Initializing global parameters
[2026-01-17 13:19:05,257][flwr][INFO] - Using initial parameters provided by strategy
[2026-01-17 13:19:05,257][flwr][INFO] - Evaluating initial parameters
[2026-01-17 13:19:05,516][flwr][INFO] - initial parameters (loss, other metrics): 1.4340404903996313, {'rmse': 11782.010694274555, 'mae': 9149.193359375, 'r2': 0.00890437044283554, 'mape': 79.91940307617188, 'accuracy_10': 11.735205352306366, 'accuracy_20': 21.46439254283905}
[2026-01-17 13:19:05,516][flwr][INFO] - FL starting
[2026-01-17 13:19:05,516][flwr][DEBUG] - fit_round 1: strategy sampled 7 clients (out of 12)
[2026-01-17 13:19:21,453][flwr][DEBUG] - fit_round 1 received 7 results and 0 failures
[2026-01-17 13:19:21,458][flwr][WARNING] - No fit_metrics_aggregation_fn provided
[2026-01-17 13:19:21,740][flwr][INFO] - fit progress: (1, 0.1682626779603145, {'rmse': 6189.967366634496, 'mae': 3308.27880859375, 'r2': 0.7264394614740756, 'mape': 17.45407485961914, 'accuracy_10': 35.305917263031006, 'accuracy_20': 73.26980829238892}, 16.223298958007945)
[2026-01-17 13:19:21,740][flwr][DEBUG] - evaluate_round 1: strategy sampled 6 clients (out of 12)
[2026-01-17 13:19:21,996][flwr][DEBUG] - evaluate_round 1 received 6 results and 0 failures
[2026-01-17 13:19:22,001][flwr][WARNING] - No evaluate_metrics_aggregation_fn provided
[2026-01-17 13:19:22,001][flwr][DEBUG] - fit_round 2: strategy sampled 7 clients (out of 12)
[2026-01-17 13:19:31,264][flwr][DEBUG] - fit_round 2 received 7 results and 0 failures
[2026-01-17 13:19:31,547][flwr][INFO] - fit progress: (2, 0.13217789928242937, {'rmse': 6084.552900583575, 'mae': 2907.398681640625, 'r2': 0.7356775419511967, 'mape': 14.846128463745117, 'accuracy_10': 49.64894652366638, 'accuracy_20': 83.35005044937134}, 26.03083175001666)
[2026-01-17 13:19:31,548][flwr][DEBUG] - evaluate_round 2: strategy sampled 6 clients (out of 12)
[2026-01-17 13:19:31,761][flwr][DEBUG] - evaluate_round 2 received 6 results and 0 failures
[2026-01-17 13:19:31,761][flwr][DEBUG] - fit_round 3: strategy sampled 7 clients (out of 12)
[2026-01-17 13:19:40,957][flwr][DEBUG] - fit_round 3 received 7 results and 0 failures
[2026-01-17 13:19:41,243][flwr][INFO] - fit progress: (3, 0.07310293150043774, {'rmse': 4747.443311931171, 'mae': 1962.1103515625, 'r2': 0.8390850918642685, 'mape': 10.077746391296387, 'accuracy_10': 66.54964685440063, 'accuracy_20': 92.22667813301086}, 35.72704120801063)
[2026-01-17 13:19:41,244][flwr][DEBUG] - evaluate_round 3: strategy sampled 6 clients (out of 12)
[2026-01-17 13:19:41,458][flwr][DEBUG] - evaluate_round 3 received 6 results and 0 failures
[2026-01-17 13:19:41,458][flwr][DEBUG] - fit_round 4: strategy sampled 7 clients (out of 12)
[2026-01-17 13:19:50,740][flwr][DEBUG] - fit_round 4 received 7 results and 0 failures
[2026-01-17 13:19:51,017][flwr][INFO] - fit progress: (4, 0.056010630340460194, {'rmse': 4494.412086135405, 'mae': 1740.9000244140625, 'r2': 0.8557809917685054, 'mape': 8.497958183288574, 'accuracy_10': 72.26679921150208, 'accuracy_20': 93.38014125823975}, 45.50097629101947)
[2026-01-17 13:19:51,018][flwr][DEBUG] - evaluate_round 4: strategy sampled 6 clients (out of 12)
[2026-01-17 13:19:51,271][flwr][DEBUG] - evaluate_round 4 received 6 results and 0 failures
[2026-01-17 13:19:51,271][flwr][DEBUG] - fit_round 5: strategy sampled 7 clients (out of 12)
[2026-01-17 13:20:00,464][flwr][DEBUG] - fit_round 5 received 7 results and 0 failures
[2026-01-17 13:20:00,729][flwr][INFO] - fit progress: (5, 0.052602378653368, {'rmse': 4386.872006338913, 'mae': 1624.49462890625, 'r2': 0.8626000338139165, 'mape': 7.919552326202393, 'accuracy_10': 79.18756008148193, 'accuracy_20': 94.03209686279297}, 55.21240541600855)
[2026-01-17 13:20:00,729][flwr][DEBUG] - evaluate_round 5: strategy sampled 6 clients (out of 12)
[2026-01-17 13:20:00,928][flwr][DEBUG] - evaluate_round 5 received 6 results and 0 failures
[2026-01-17 13:20:00,928][flwr][DEBUG] - fit_round 6: strategy sampled 7 clients (out of 12)
[2026-01-17 13:20:10,126][flwr][DEBUG] - fit_round 6 received 7 results and 0 failures
[2026-01-17 13:20:10,467][flwr][INFO] - fit progress: (6, 0.047657615091341546, {'rmse': 4332.442498175827, 'mae': 1529.3651123046875, 'r2': 0.8659884211388368, 'mape': 7.2682390213012695, 'accuracy_10': 83.04914832115173, 'accuracy_20': 94.63390111923218}, 64.95022483301)
[2026-01-17 13:20:10,467][flwr][DEBUG] - evaluate_round 6: strategy sampled 6 clients (out of 12)
[2026-01-17 13:20:10,829][flwr][DEBUG] - evaluate_round 6 received 6 results and 0 failures
[2026-01-17 13:20:10,829][flwr][DEBUG] - fit_round 7: strategy sampled 7 clients (out of 12)
[2026-01-17 13:20:21,127][flwr][DEBUG] - fit_round 7 received 7 results and 0 failures
[2026-01-17 13:20:21,467][flwr][INFO] - fit progress: (7, 0.04163498727374952, {'rmse': 4243.850845635365, 'mae': 1526.3330078125, 'r2': 0.8714130351122675, 'mape': 6.771899700164795, 'accuracy_10': 82.99899697303772, 'accuracy_20': 95.33600807189941}, 75.95017958301469)
[2026-01-17 13:20:21,468][flwr][DEBUG] - evaluate_round 7: strategy sampled 6 clients (out of 12)
[2026-01-17 13:20:21,934][flwr][DEBUG] - evaluate_round 7 received 6 results and 0 failures
[2026-01-17 13:20:21,935][flwr][DEBUG] - fit_round 8: strategy sampled 7 clients (out of 12)
[2026-01-17 13:20:32,914][flwr][DEBUG] - fit_round 8 received 7 results and 0 failures
[2026-01-17 13:20:33,278][flwr][INFO] - fit progress: (8, 0.0406998314081113, {'rmse': 4177.569149637143, 'mae': 1411.3143310546875, 'r2': 0.8753982844071853, 'mape': 6.368569374084473, 'accuracy_10': 86.10832691192627, 'accuracy_20': 95.03510594367981}, 87.76092987501761)
[2026-01-17 13:20:33,278][flwr][DEBUG] - evaluate_round 8: strategy sampled 6 clients (out of 12)
[2026-01-17 13:20:33,647][flwr][DEBUG] - evaluate_round 8 received 6 results and 0 failures
[2026-01-17 13:20:33,647][flwr][DEBUG] - fit_round 9: strategy sampled 7 clients (out of 12)
[2026-01-17 13:20:43,828][flwr][DEBUG] - fit_round 9 received 7 results and 0 failures
[2026-01-17 13:20:44,143][flwr][INFO] - fit progress: (9, 0.04398226649047379, {'rmse': 4313.609161711339, 'mae': 1398.852783203125, 'r2': 0.8671509945069398, 'mape': 6.462643146514893, 'accuracy_10': 87.0611846446991, 'accuracy_20': 94.93480324745178}, 98.62670570801129)
[2026-01-17 13:20:44,144][flwr][DEBUG] - evaluate_round 9: strategy sampled 6 clients (out of 12)
[2026-01-17 13:20:44,344][flwr][DEBUG] - evaluate_round 9 received 6 results and 0 failures
[2026-01-17 13:20:44,344][flwr][DEBUG] - fit_round 10: strategy sampled 7 clients (out of 12)
[2026-01-17 13:20:53,252][flwr][DEBUG] - fit_round 10 received 7 results and 0 failures
[2026-01-17 13:20:53,521][flwr][INFO] - fit progress: (10, 0.03719942012022706, {'rmse': 4097.254202511726, 'mae': 1435.9752197265625, 'r2': 0.8801432395398022, 'mape': 6.24212121963501, 'accuracy_10': 85.75727343559265, 'accuracy_20': 95.93781232833862}, 108.00408020801842)
[2026-01-17 13:20:53,521][flwr][DEBUG] - evaluate_round 10: strategy sampled 6 clients (out of 12)
[2026-01-17 13:20:53,597][flwr][DEBUG] - evaluate_round 10 received 6 results and 0 failures
[2026-01-17 13:20:53,597][flwr][DEBUG] - fit_round 11: strategy sampled 7 clients (out of 12)
[2026-01-17 13:21:03,199][flwr][DEBUG] - fit_round 11 received 7 results and 0 failures
[2026-01-17 13:21:03,498][flwr][INFO] - fit progress: (11, 0.035903300359516346, {'rmse': 4079.616648657077, 'mae': 1419.096923828125, 'r2': 0.8811729170005624, 'mape': 6.061366081237793, 'accuracy_10': 85.95787286758423, 'accuracy_20': 95.93781232833862}, 117.98125924999476)
[2026-01-17 13:21:03,499][flwr][DEBUG] - evaluate_round 11: strategy sampled 6 clients (out of 12)
[2026-01-17 13:21:03,695][flwr][DEBUG] - evaluate_round 11 received 6 results and 0 failures
[2026-01-17 13:21:03,696][flwr][DEBUG] - fit_round 12: strategy sampled 7 clients (out of 12)
[2026-01-17 13:21:12,640][flwr][DEBUG] - fit_round 12 received 7 results and 0 failures
[2026-01-17 13:21:12,927][flwr][INFO] - fit progress: (12, 0.04660954690653244, {'rmse': 4547.179565400953, 'mae': 1378.38916015625, 'r2': 0.8523746532665628, 'mape': 6.332650661468506, 'accuracy_10': 87.61283755302429, 'accuracy_20': 94.78435516357422}, 127.41045558301266)
[2026-01-17 13:21:12,928][flwr][DEBUG] - evaluate_round 12: strategy sampled 6 clients (out of 12)
[2026-01-17 13:21:13,159][flwr][DEBUG] - evaluate_round 12 received 6 results and 0 failures
[2026-01-17 13:21:13,159][flwr][DEBUG] - fit_round 13: strategy sampled 7 clients (out of 12)
[2026-01-17 13:21:22,599][flwr][DEBUG] - fit_round 13 received 7 results and 0 failures
[2026-01-17 13:21:22,885][flwr][INFO] - fit progress: (13, 0.03955391730922634, {'rmse': 4160.066105244002, 'mae': 1284.6566162109375, 'r2': 0.8764402006401882, 'mape': 5.864011764526367, 'accuracy_10': 88.71614933013916, 'accuracy_20': 95.03510594367981}, 137.36786608301918)
[2026-01-17 13:21:22,885][flwr][DEBUG] - evaluate_round 13: strategy sampled 6 clients (out of 12)
[2026-01-17 13:21:23,166][flwr][DEBUG] - evaluate_round 13 received 6 results and 0 failures
[2026-01-17 13:21:23,166][flwr][DEBUG] - fit_round 14: strategy sampled 7 clients (out of 12)
[2026-01-17 13:21:32,581][flwr][DEBUG] - fit_round 14 received 7 results and 0 failures
[2026-01-17 13:21:32,875][flwr][INFO] - fit progress: (14, 0.03513195739317323, {'rmse': 4001.5373295772215, 'mae': 1269.66796875, 'r2': 0.8856778264714862, 'mape': 5.544366836547852, 'accuracy_10': 88.06419372558594, 'accuracy_20': 95.63691020011902}, 147.35754104101215)
[2026-01-17 13:21:32,875][flwr][DEBUG] - evaluate_round 14: strategy sampled 6 clients (out of 12)
[2026-01-17 13:21:33,121][flwr][DEBUG] - evaluate_round 14 received 6 results and 0 failures
[2026-01-17 13:21:33,121][flwr][DEBUG] - fit_round 15: strategy sampled 7 clients (out of 12)
[2026-01-17 13:21:42,475][flwr][DEBUG] - fit_round 15 received 7 results and 0 failures
[2026-01-17 13:21:42,773][flwr][INFO] - fit progress: (15, 0.03368980232943802, {'rmse': 3955.0862190349276, 'mae': 1297.75537109375, 'r2': 0.8883165981627851, 'mape': 5.523306369781494, 'accuracy_10': 87.9137396812439, 'accuracy_20': 95.98796367645264}, 157.25600875000237)
[2026-01-17 13:21:42,773][flwr][DEBUG] - evaluate_round 15: strategy sampled 6 clients (out of 12)
[2026-01-17 13:21:42,999][flwr][DEBUG] - evaluate_round 15 received 6 results and 0 failures
[2026-01-17 13:21:42,999][flwr][DEBUG] - fit_round 16: strategy sampled 7 clients (out of 12)
[2026-01-17 13:21:52,344][flwr][DEBUG] - fit_round 16 received 7 results and 0 failures
[2026-01-17 13:21:52,631][flwr][INFO] - fit progress: (16, 0.03403626577022561, {'rmse': 4165.097597896117, 'mae': 1487.8551025390625, 'r2': 0.8761411316844375, 'mape': 5.773538589477539, 'accuracy_10': 85.305917263031, 'accuracy_20': 95.13540863990784}, 167.11373800001456)
[2026-01-17 13:21:52,631][flwr][DEBUG] - evaluate_round 16: strategy sampled 6 clients (out of 12)
[2026-01-17 13:21:52,811][flwr][DEBUG] - evaluate_round 16 received 6 results and 0 failures
[2026-01-17 13:21:52,812][flwr][DEBUG] - fit_round 17: strategy sampled 7 clients (out of 12)
[2026-01-17 13:22:01,883][flwr][DEBUG] - fit_round 17 received 7 results and 0 failures
[2026-01-17 13:22:02,141][flwr][INFO] - fit progress: (17, 0.031009598884548444, {'rmse': 3885.6641645927148, 'mae': 1267.64111328125, 'r2': 0.8922028593291798, 'mape': 5.270470142364502, 'accuracy_10': 88.76630067825317, 'accuracy_20': 96.13841772079468}, 176.62361729101394)
[2026-01-17 13:22:02,141][flwr][DEBUG] - evaluate_round 17: strategy sampled 6 clients (out of 12)
[2026-01-17 13:22:02,374][flwr][DEBUG] - evaluate_round 17 received 6 results and 0 failures
[2026-01-17 13:22:02,375][flwr][DEBUG] - fit_round 18: strategy sampled 7 clients (out of 12)
[2026-01-17 13:22:11,786][flwr][DEBUG] - fit_round 18 received 7 results and 0 failures
[2026-01-17 13:22:12,401][flwr][INFO] - fit progress: (18, 0.030651758465105098, {'rmse': 3925.44303232132, 'mae': 1339.7587890625, 'r2': 0.8899844516994837, 'mape': 5.4129533767700195, 'accuracy_10': 87.51253485679626, 'accuracy_20': 96.03811502456665}, 186.88383312500082)
[2026-01-17 13:22:12,401][flwr][DEBUG] - evaluate_round 18: strategy sampled 6 clients (out of 12)
[2026-01-17 13:22:12,646][flwr][DEBUG] - evaluate_round 18 received 6 results and 0 failures
[2026-01-17 13:22:12,646][flwr][DEBUG] - fit_round 19: strategy sampled 7 clients (out of 12)
[2026-01-17 13:22:21,920][flwr][DEBUG] - fit_round 19 received 7 results and 0 failures
[2026-01-17 13:22:22,307][flwr][INFO] - fit progress: (19, 0.030408871794491258, {'rmse': 3902.083930414619, 'mae': 1321.5657958984375, 'r2': 0.8912898938510531, 'mape': 5.38955545425415, 'accuracy_10': 87.51253485679626, 'accuracy_20': 96.03811502456665}, 196.78932737500872)
[2026-01-17 13:22:22,307][flwr][DEBUG] - evaluate_round 19: strategy sampled 6 clients (out of 12)
[2026-01-17 13:22:22,623][flwr][DEBUG] - evaluate_round 19 received 6 results and 0 failures
[2026-01-17 13:22:22,624][flwr][DEBUG] - fit_round 20: strategy sampled 7 clients (out of 12)
[2026-01-17 13:22:32,471][flwr][DEBUG] - fit_round 20 received 7 results and 0 failures
[2026-01-17 13:22:32,768][flwr][INFO] - fit progress: (20, 0.029650205340882838, {'rmse': 3911.7306911391534, 'mae': 1347.7626953125, 'r2': 0.8907517178572443, 'mape': 5.337652683258057, 'accuracy_10': 87.56268620491028, 'accuracy_20': 96.13841772079468}, 207.250562250003)
[2026-01-17 13:22:32,768][flwr][DEBUG] - evaluate_round 20: strategy sampled 6 clients (out of 12)
[2026-01-17 13:22:32,879][flwr][DEBUG] - evaluate_round 20 received 6 results and 0 failures
[2026-01-17 13:22:32,880][flwr][DEBUG] - fit_round 21: strategy sampled 7 clients (out of 12)
[2026-01-17 13:22:42,386][flwr][DEBUG] - fit_round 21 received 7 results and 0 failures
[2026-01-17 13:22:42,657][flwr][INFO] - fit progress: (21, 0.029128094840843378, {'rmse': 3769.065666713702, 'mae': 1224.3583984375, 'r2': 0.8985752045202237, 'mape': 5.127857208251953, 'accuracy_10': 89.56870436668396, 'accuracy_20': 96.23871445655823}, 217.13917995800148)
[2026-01-17 13:22:42,657][flwr][DEBUG] - evaluate_round 21: strategy sampled 6 clients (out of 12)
[2026-01-17 13:22:42,924][flwr][DEBUG] - evaluate_round 21 received 6 results and 0 failures
[2026-01-17 13:22:42,924][flwr][DEBUG] - fit_round 22: strategy sampled 7 clients (out of 12)
[2026-01-17 13:22:52,175][flwr][DEBUG] - fit_round 22 received 7 results and 0 failures
[2026-01-17 13:22:52,446][flwr][INFO] - fit progress: (22, 0.028693576050976454, {'rmse': 3817.0395596587678, 'mae': 1273.139892578125, 'r2': 0.8959768376432193, 'mape': 5.169023036956787, 'accuracy_10': 88.06419372558594, 'accuracy_20': 96.33901715278625}, 226.92849750001915)
[2026-01-17 13:22:52,446][flwr][DEBUG] - evaluate_round 22: strategy sampled 6 clients (out of 12)
[2026-01-17 13:22:52,539][flwr][DEBUG] - evaluate_round 22 received 6 results and 0 failures
[2026-01-17 13:22:52,539][flwr][DEBUG] - fit_round 23: strategy sampled 7 clients (out of 12)
[2026-01-17 13:23:01,430][flwr][DEBUG] - fit_round 23 received 7 results and 0 failures
[2026-01-17 13:23:01,721][flwr][INFO] - fit progress: (23, 0.02955258321839057, {'rmse': 3815.1361705711106, 'mae': 1214.4222412109375, 'r2': 0.8960805555549037, 'mape': 5.089402198791504, 'accuracy_10': 89.36810493469238, 'accuracy_20': 95.93781232833862}, 236.20365329101332)
[2026-01-17 13:23:01,721][flwr][DEBUG] - evaluate_round 23: strategy sampled 6 clients (out of 12)
[2026-01-17 13:23:01,945][flwr][DEBUG] - evaluate_round 23 received 6 results and 0 failures
[2026-01-17 13:23:01,945][flwr][DEBUG] - fit_round 24: strategy sampled 7 clients (out of 12)
[2026-01-17 13:23:11,072][flwr][DEBUG] - fit_round 24 received 7 results and 0 failures
[2026-01-17 13:23:11,576][flwr][INFO] - fit progress: (24, 0.030171852466372873, {'rmse': 3830.2165735112158, 'mae': 1194.009521484375, 'r2': 0.8952573899598715, 'mape': 5.063500881195068, 'accuracy_10': 89.66900706291199, 'accuracy_20': 96.08826637268066}, 246.05823116601096)
[2026-01-17 13:23:11,576][flwr][DEBUG] - evaluate_round 24: strategy sampled 6 clients (out of 12)
[2026-01-17 13:23:11,776][flwr][DEBUG] - evaluate_round 24 received 6 results and 0 failures
[2026-01-17 13:23:11,776][flwr][DEBUG] - fit_round 25: strategy sampled 7 clients (out of 12)
[2026-01-17 13:23:20,717][flwr][DEBUG] - fit_round 25 received 7 results and 0 failures
[2026-01-17 13:23:21,007][flwr][INFO] - fit progress: (25, 0.03008910270693638, {'rmse': 3847.0547175729125, 'mae': 1181.114990234375, 'r2': 0.8943344442726242, 'mape': 4.993621826171875, 'accuracy_10': 89.86960649490356, 'accuracy_20': 96.13841772079468}, 255.48966733299312)
[2026-01-17 13:23:21,008][flwr][DEBUG] - evaluate_round 25: strategy sampled 6 clients (out of 12)
[2026-01-17 13:23:21,100][flwr][DEBUG] - evaluate_round 25 received 6 results and 0 failures
[2026-01-17 13:23:21,100][flwr][INFO] - FL finished in 255.5823647910147
[2026-01-17 13:23:21,102][flwr][INFO] - app_fit: losses_distributed [(1, 0.1366877941656689), (2, 0.10228160002993213), (3, 0.0889722208182017), (4, 0.05352139234460317), (5, 0.0826566535147661), (6, 0.020235542362849964), (7, 0.05354003181060937), (8, 0.042679538742864544), (9, 0.06656151118110104), (10, 0.05231398103910459), (11, 0.043755853945100696), (12, 0.055888310469726685), (13, 0.07284084533775537), (14, 0.02878374206675996), (15, 0.025795939267766816), (16, 0.047974669961050175), (17, 0.02447454087119193), (18, 0.025685532304537434), (19, 0.04306791379920537), (20, 0.038109741212435884), (21, 0.052967828646492916), (22, 0.03804149428010103), (23, 0.02416450240709927), (24, 0.03705658137940537), (25, 0.05695731483083635)]
[2026-01-17 13:23:21,102][flwr][INFO] - app_fit: metrics_distributed_fit {'scaffold_updates': [(1, 7), (2, 7), (3, 7), (4, 7), (5, 7), (6, 7), (7, 7), (8, 7), (9, 7), (10, 7), (11, 7), (12, 7), (13, 7), (14, 7), (15, 7), (16, 7), (17, 7), (18, 7), (19, 7), (20, 7), (21, 7), (22, 7), (23, 7), (24, 7), (25, 7)], 'avg_control_delta_norm': [(1, 1.7807705937363631), (2, 1.1918568009460724), (3, 0.8735378706043381), (4, 0.7055806073719465), (5, 0.6525954970417589), (6, 0.5859698297025274), (7, 0.5832182453859428), (8, 0.5286139009927315), (9, 0.509176565276842), (10, 0.49376923446797466), (11, 0.39549982084307655), (12, 0.583685245411137), (13, 0.37744333047800066), (14, 0.43942225426424164), (15, 0.365204020297564), (16, 0.44507140688905017), (17, 0.37939394918644975), (18, 0.3517463967319154), (19, 0.31359360374425066), (20, 0.3717709635461141), (21, 0.4138489443630076), (22, 0.33686560241695945), (23, 0.49016193277631376), (24, 0.30195686862898563), (25, 0.38490310728305993)]}
[2026-01-17 13:23:21,102][flwr][INFO] - app_fit: metrics_distributed {}
[2026-01-17 13:23:21,103][flwr][INFO] - app_fit: losses_centralized [(0, 1.4340404903996313), (1, 0.1682626779603145), (2, 0.13217789928242937), (3, 0.07310293150043774), (4, 0.056010630340460194), (5, 0.052602378653368), (6, 0.047657615091341546), (7, 0.04163498727374952), (8, 0.0406998314081113), (9, 0.04398226649047379), (10, 0.03719942012022706), (11, 0.035903300359516346), (12, 0.04660954690653244), (13, 0.03955391730922634), (14, 0.03513195739317323), (15, 0.03368980232943802), (16, 0.03403626577022561), (17, 0.031009598884548444), (18, 0.030651758465105098), (19, 0.030408871794491258), (20, 0.029650205340882838), (21, 0.029128094840843378), (22, 0.028693576050976454), (23, 0.02955258321839057), (24, 0.030171852466372873), (25, 0.03008910270693638)]
[2026-01-17 13:23:21,103][flwr][INFO] - app_fit: metrics_centralized {'rmse': [(0, 11782.010694274555), (1, 6189.967366634496), (2, 6084.552900583575), (3, 4747.443311931171), (4, 4494.412086135405), (5, 4386.872006338913), (6, 4332.442498175827), (7, 4243.850845635365), (8, 4177.569149637143), (9, 4313.609161711339), (10, 4097.254202511726), (11, 4079.616648657077), (12, 4547.179565400953), (13, 4160.066105244002), (14, 4001.5373295772215), (15, 3955.0862190349276), (16, 4165.097597896117), (17, 3885.6641645927148), (18, 3925.44303232132), (19, 3902.083930414619), (20, 3911.7306911391534), (21, 3769.065666713702), (22, 3817.0395596587678), (23, 3815.1361705711106), (24, 3830.2165735112158), (25, 3847.0547175729125)], 'mae': [(0, 9149.193359375), (1, 3308.27880859375), (2, 2907.398681640625), (3, 1962.1103515625), (4, 1740.9000244140625), (5, 1624.49462890625), (6, 1529.3651123046875), (7, 1526.3330078125), (8, 1411.3143310546875), (9, 1398.852783203125), (10, 1435.9752197265625), (11, 1419.096923828125), (12, 1378.38916015625), (13, 1284.6566162109375), (14, 1269.66796875), (15, 1297.75537109375), (16, 1487.8551025390625), (17, 1267.64111328125), (18, 1339.7587890625), (19, 1321.5657958984375), (20, 1347.7626953125), (21, 1224.3583984375), (22, 1273.139892578125), (23, 1214.4222412109375), (24, 1194.009521484375), (25, 1181.114990234375)], 'r2': [(0, 0.00890437044283554), (1, 0.7264394614740756), (2, 0.7356775419511967), (3, 0.8390850918642685), (4, 0.8557809917685054), (5, 0.8626000338139165), (6, 0.8659884211388368), (7, 0.8714130351122675), (8, 0.8753982844071853), (9, 0.8671509945069398), (10, 0.8801432395398022), (11, 0.8811729170005624), (12, 0.8523746532665628), (13, 0.8764402006401882), (14, 0.8856778264714862), (15, 0.8883165981627851), (16, 0.8761411316844375), (17, 0.8922028593291798), (18, 0.8899844516994837), (19, 0.8912898938510531), (20, 0.8907517178572443), (21, 0.8985752045202237), (22, 0.8959768376432193), (23, 0.8960805555549037), (24, 0.8952573899598715), (25, 0.8943344442726242)], 'mape': [(0, 79.91940307617188), (1, 17.45407485961914), (2, 14.846128463745117), (3, 10.077746391296387), (4, 8.497958183288574), (5, 7.919552326202393), (6, 7.2682390213012695), (7, 6.771899700164795), (8, 6.368569374084473), (9, 6.462643146514893), (10, 6.24212121963501), (11, 6.061366081237793), (12, 6.332650661468506), (13, 5.864011764526367), (14, 5.544366836547852), (15, 5.523306369781494), (16, 5.773538589477539), (17, 5.270470142364502), (18, 5.4129533767700195), (19, 5.38955545425415), (20, 5.337652683258057), (21, 5.127857208251953), (22, 5.169023036956787), (23, 5.089402198791504), (24, 5.063500881195068), (25, 4.993621826171875)], 'accuracy_10': [(0, 11.735205352306366), (1, 35.305917263031006), (2, 49.64894652366638), (3, 66.54964685440063), (4, 72.26679921150208), (5, 79.18756008148193), (6, 83.04914832115173), (7, 82.99899697303772), (8, 86.10832691192627), (9, 87.0611846446991), (10, 85.75727343559265), (11, 85.95787286758423), (12, 87.61283755302429), (13, 88.71614933013916), (14, 88.06419372558594), (15, 87.9137396812439), (16, 85.305917263031), (17, 88.76630067825317), (18, 87.51253485679626), (19, 87.51253485679626), (20, 87.56268620491028), (21, 89.56870436668396), (22, 88.06419372558594), (23, 89.36810493469238), (24, 89.66900706291199), (25, 89.86960649490356)], 'accuracy_20': [(0, 21.46439254283905), (1, 73.26980829238892), (2, 83.35005044937134), (3, 92.22667813301086), (4, 93.38014125823975), (5, 94.03209686279297), (6, 94.63390111923218), (7, 95.33600807189941), (8, 95.03510594367981), (9, 94.93480324745178), (10, 95.93781232833862), (11, 95.93781232833862), (12, 94.78435516357422), (13, 95.03510594367981), (14, 95.63691020011902), (15, 95.98796367645264), (16, 95.13540863990784), (17, 96.13841772079468), (18, 96.03811502456665), (19, 96.03811502456665), (20, 96.13841772079468), (21, 96.23871445655823), (22, 96.33901715278625), (23, 95.93781232833862), (24, 96.08826637268066), (25, 96.13841772079468)]}
