[2026-01-19 19:03:29,244][flwr][INFO] - Starting Flower simulation, config: ServerConfig(num_rounds=30, round_timeout=None)
[2026-01-19 19:03:34,085][flwr][INFO] - Flower VCE: Ray initialized with resources: {'node:127.0.0.1': 1.0, 'CPU': 10.0, 'object_store_memory': 2147483648.0, 'memory': 11419496858.0}
[2026-01-19 19:03:34,085][flwr][INFO] - Initializing global parameters
[2026-01-19 19:03:34,085][flwr][INFO] - Using initial parameters provided by strategy
[2026-01-19 19:03:34,085][flwr][INFO] - Evaluating initial parameters
[2026-01-19 19:03:34,777][flwr][INFO] - initial parameters (loss, other metrics): 1.4340404903996313, {'rmse': 11782.010694274555, 'mae': 9149.193359375, 'r2': 0.00890437044283554, 'mape': 79.91940307617188, 'accuracy_10': 11.735205352306366, 'accuracy_20': 21.46439254283905}
[2026-01-19 19:03:34,777][flwr][INFO] - FL starting
[2026-01-19 19:03:34,777][flwr][DEBUG] - fit_round 1: strategy sampled 7 clients (out of 12)
[2026-01-19 19:03:50,280][flwr][DEBUG] - fit_round 1 received 7 results and 0 failures
[2026-01-19 19:03:50,287][flwr][WARNING] - No fit_metrics_aggregation_fn provided
[2026-01-19 19:03:50,560][flwr][INFO] - fit progress: (1, 0.21623806855683342, {'rmse': 7667.082365541667, 'mae': 3873.259521484375, 'r2': 0.580301921198322, 'mape': 19.803762435913086, 'accuracy_10': 40.621864795684814, 'accuracy_20': 73.62086176872253}, 15.782735583023168)
[2026-01-19 19:03:50,560][flwr][DEBUG] - evaluate_round 1: strategy sampled 6 clients (out of 12)
[2026-01-19 19:03:50,798][flwr][DEBUG] - evaluate_round 1 received 6 results and 0 failures
[2026-01-19 19:03:50,798][flwr][WARNING] - No evaluate_metrics_aggregation_fn provided
[2026-01-19 19:03:50,798][flwr][DEBUG] - fit_round 2: strategy sampled 7 clients (out of 12)
[2026-01-19 19:04:01,111][flwr][DEBUG] - fit_round 2 received 7 results and 0 failures
[2026-01-19 19:04:01,406][flwr][INFO] - fit progress: (2, 0.10617638033335522, {'rmse': 5262.316030038485, 'mae': 2481.30517578125, 'r2': 0.8022891241210083, 'mape': 13.146008491516113, 'accuracy_10': 49.949848651885986, 'accuracy_20': 86.55967712402344}, 26.628780832979828)
[2026-01-19 19:04:01,407][flwr][DEBUG] - evaluate_round 2: strategy sampled 6 clients (out of 12)
[2026-01-19 19:04:01,819][flwr][DEBUG] - evaluate_round 2 received 6 results and 0 failures
[2026-01-19 19:04:01,819][flwr][DEBUG] - fit_round 3: strategy sampled 7 clients (out of 12)
[2026-01-19 19:04:12,408][flwr][DEBUG] - fit_round 3 received 7 results and 0 failures
[2026-01-19 19:04:12,783][flwr][INFO] - fit progress: (3, 0.07109800914868548, {'rmse': 4692.243812932145, 'mae': 1983.5716552734375, 'r2': 0.842805311976204, 'mape': 10.112915992736816, 'accuracy_10': 64.94483351707458, 'accuracy_20': 91.42427444458008}, 38.005706915981136)
[2026-01-19 19:04:12,784][flwr][DEBUG] - evaluate_round 3: strategy sampled 6 clients (out of 12)
[2026-01-19 19:04:13,194][flwr][DEBUG] - evaluate_round 3 received 6 results and 0 failures
[2026-01-19 19:04:13,195][flwr][DEBUG] - fit_round 4: strategy sampled 7 clients (out of 12)
[2026-01-19 19:04:22,710][flwr][DEBUG] - fit_round 4 received 7 results and 0 failures
[2026-01-19 19:04:22,980][flwr][INFO] - fit progress: (4, 0.06027873638184104, {'rmse': 4597.110831816, 'mae': 1762.393310546875, 'r2': 0.8491147987156813, 'mape': 8.646387100219727, 'accuracy_10': 76.62988901138306, 'accuracy_20': 92.87863373756409}, 48.202063750009984)
[2026-01-19 19:04:22,980][flwr][DEBUG] - evaluate_round 4: strategy sampled 6 clients (out of 12)
[2026-01-19 19:04:23,203][flwr][DEBUG] - evaluate_round 4 received 6 results and 0 failures
[2026-01-19 19:04:23,204][flwr][DEBUG] - fit_round 5: strategy sampled 7 clients (out of 12)
[2026-01-19 19:04:32,222][flwr][DEBUG] - fit_round 5 received 7 results and 0 failures
[2026-01-19 19:04:32,480][flwr][INFO] - fit progress: (5, 0.05159147829564668, {'rmse': 4439.675438587826, 'mae': 1663.8564453125, 'r2': 0.8592724370353666, 'mape': 7.739314556121826, 'accuracy_10': 78.93680930137634, 'accuracy_20': 93.68104338645935}, 57.702726540970616)
[2026-01-19 19:04:32,481][flwr][DEBUG] - evaluate_round 5: strategy sampled 6 clients (out of 12)
[2026-01-19 19:04:32,699][flwr][DEBUG] - evaluate_round 5 received 6 results and 0 failures
[2026-01-19 19:04:32,699][flwr][DEBUG] - fit_round 6: strategy sampled 7 clients (out of 12)
[2026-01-19 19:04:41,769][flwr][DEBUG] - fit_round 6 received 7 results and 0 failures
[2026-01-19 19:04:42,030][flwr][INFO] - fit progress: (6, 0.0450484416127175, {'rmse': 4333.31258969394, 'mae': 1565.7640380859375, 'r2': 0.8659345822737641, 'mape': 7.049785614013672, 'accuracy_10': 81.39418363571167, 'accuracy_20': 94.58374977111816}, 67.2523444580147)
[2026-01-19 19:04:42,030][flwr][DEBUG] - evaluate_round 6: strategy sampled 6 clients (out of 12)
[2026-01-19 19:04:42,229][flwr][DEBUG] - evaluate_round 6 received 6 results and 0 failures
[2026-01-19 19:04:42,229][flwr][DEBUG] - fit_round 7: strategy sampled 7 clients (out of 12)
[2026-01-19 19:04:51,388][flwr][DEBUG] - fit_round 7 received 7 results and 0 failures
[2026-01-19 19:04:51,649][flwr][INFO] - fit progress: (7, 0.0487543739847383, {'rmse': 4397.486327437528, 'mae': 1502.1741943359375, 'r2': 0.8619343296666784, 'mape': 7.062108039855957, 'accuracy_10': 84.40321087837219, 'accuracy_20': 94.132399559021}, 76.87106345797656)
[2026-01-19 19:04:51,649][flwr][DEBUG] - evaluate_round 7: strategy sampled 6 clients (out of 12)
[2026-01-19 19:04:51,797][flwr][DEBUG] - evaluate_round 7 received 6 results and 0 failures
[2026-01-19 19:04:51,797][flwr][DEBUG] - fit_round 8: strategy sampled 7 clients (out of 12)
[2026-01-19 19:05:00,326][flwr][DEBUG] - fit_round 8 received 7 results and 0 failures
[2026-01-19 19:05:00,598][flwr][INFO] - fit progress: (8, 0.04387701650261281, {'rmse': 4432.644808689277, 'mae': 1647.687744140625, 'r2': 0.8597177992842525, 'mape': 6.978183269500732, 'accuracy_10': 80.39117455482483, 'accuracy_20': 94.58374977111816}, 85.82036999997217)
[2026-01-19 19:05:00,598][flwr][DEBUG] - evaluate_round 8: strategy sampled 6 clients (out of 12)
[2026-01-19 19:05:00,821][flwr][DEBUG] - evaluate_round 8 received 6 results and 0 failures
[2026-01-19 19:05:00,821][flwr][DEBUG] - fit_round 9: strategy sampled 7 clients (out of 12)
[2026-01-19 19:05:09,904][flwr][DEBUG] - fit_round 9 received 7 results and 0 failures
[2026-01-19 19:05:10,177][flwr][INFO] - fit progress: (9, 0.042912629787009604, {'rmse': 4209.083985857255, 'mae': 1410.2373046875, 'r2': 0.8735112549186812, 'mape': 6.501199245452881, 'accuracy_10': 85.90772151947021, 'accuracy_20': 94.68405246734619}, 95.39868874999229)
[2026-01-19 19:05:10,177][flwr][DEBUG] - evaluate_round 9: strategy sampled 6 clients (out of 12)
[2026-01-19 19:05:10,413][flwr][DEBUG] - evaluate_round 9 received 6 results and 0 failures
[2026-01-19 19:05:10,414][flwr][DEBUG] - fit_round 10: strategy sampled 7 clients (out of 12)
[2026-01-19 19:05:19,833][flwr][DEBUG] - fit_round 10 received 7 results and 0 failures
[2026-01-19 19:05:20,134][flwr][INFO] - fit progress: (10, 0.03973809109184304, {'rmse': 4251.620632182509, 'mae': 1556.7994384765625, 'r2': 0.8709417580514549, 'mape': 6.553177356719971, 'accuracy_10': 82.54764080047607, 'accuracy_20': 95.18555402755737}, 105.35588316601934)
[2026-01-19 19:05:20,134][flwr][DEBUG] - evaluate_round 10: strategy sampled 6 clients (out of 12)
[2026-01-19 19:05:20,248][flwr][DEBUG] - evaluate_round 10 received 6 results and 0 failures
[2026-01-19 19:05:20,248][flwr][DEBUG] - fit_round 11: strategy sampled 7 clients (out of 12)
[2026-01-19 19:05:28,676][flwr][DEBUG] - fit_round 11 received 7 results and 0 failures
[2026-01-19 19:05:28,933][flwr][INFO] - fit progress: (11, 0.041246313392488264, {'rmse': 4388.901912779551, 'mae': 1607.6697998046875, 'r2': 0.8624728356453589, 'mape': 6.6115899085998535, 'accuracy_10': 81.99598789215088, 'accuracy_20': 94.63390111923218}, 114.15496845799498)
[2026-01-19 19:05:28,933][flwr][DEBUG] - evaluate_round 11: strategy sampled 6 clients (out of 12)
[2026-01-19 19:05:29,142][flwr][DEBUG] - evaluate_round 11 received 6 results and 0 failures
[2026-01-19 19:05:29,142][flwr][DEBUG] - fit_round 12: strategy sampled 7 clients (out of 12)
[2026-01-19 19:05:37,891][flwr][DEBUG] - fit_round 12 received 7 results and 0 failures
[2026-01-19 19:05:38,164][flwr][INFO] - fit progress: (12, 0.03519605598884187, {'rmse': 3985.493946802579, 'mae': 1309.677978515625, 'r2': 0.8865926985288717, 'mape': 5.783894062042236, 'accuracy_10': 86.8104338645935, 'accuracy_20': 95.68706154823303}, 123.3856084580184)
[2026-01-19 19:05:38,164][flwr][DEBUG] - evaluate_round 12: strategy sampled 6 clients (out of 12)
[2026-01-19 19:05:38,256][flwr][DEBUG] - evaluate_round 12 received 6 results and 0 failures
[2026-01-19 19:05:38,256][flwr][DEBUG] - fit_round 13: strategy sampled 7 clients (out of 12)
[2026-01-19 19:05:47,096][flwr][DEBUG] - fit_round 13 received 7 results and 0 failures
[2026-01-19 19:05:47,355][flwr][INFO] - fit progress: (13, 0.035961801415998695, {'rmse': 3977.429194844328, 'mae': 1307.4437255859375, 'r2': 0.8870511941756526, 'mape': 5.823194980621338, 'accuracy_10': 86.55967712402344, 'accuracy_20': 95.63691020011902}, 132.57713354099542)
[2026-01-19 19:05:47,356][flwr][DEBUG] - evaluate_round 13: strategy sampled 6 clients (out of 12)
[2026-01-19 19:05:47,648][flwr][DEBUG] - evaluate_round 13 received 6 results and 0 failures
[2026-01-19 19:05:47,649][flwr][DEBUG] - fit_round 14: strategy sampled 7 clients (out of 12)
[2026-01-19 19:05:56,129][flwr][DEBUG] - fit_round 14 received 7 results and 0 failures
[2026-01-19 19:05:56,400][flwr][INFO] - fit progress: (14, 0.03628142216544572, {'rmse': 3984.811413354464, 'mae': 1331.8026123046875, 'r2': 0.8866315340817762, 'mape': 5.911037921905518, 'accuracy_10': 87.01103329658508, 'accuracy_20': 95.63691020011902}, 141.62131949997274)
[2026-01-19 19:05:56,400][flwr][DEBUG] - evaluate_round 14: strategy sampled 6 clients (out of 12)
[2026-01-19 19:05:56,589][flwr][DEBUG] - evaluate_round 14 received 6 results and 0 failures
[2026-01-19 19:05:56,589][flwr][DEBUG] - fit_round 15: strategy sampled 7 clients (out of 12)
[2026-01-19 19:06:05,523][flwr][DEBUG] - fit_round 15 received 7 results and 0 failures
[2026-01-19 19:06:05,809][flwr][INFO] - fit progress: (15, 0.03495954174395191, {'rmse': 4032.1693912830597, 'mae': 1423.6448974609375, 'r2': 0.8839208403544336, 'mape': 6.034650802612305, 'accuracy_10': 85.0050151348114, 'accuracy_20': 95.8375096321106}, 151.0308079579845)
[2026-01-19 19:06:05,810][flwr][DEBUG] - evaluate_round 15: strategy sampled 6 clients (out of 12)
[2026-01-19 19:06:05,934][flwr][DEBUG] - evaluate_round 15 received 6 results and 0 failures
[2026-01-19 19:06:05,934][flwr][DEBUG] - fit_round 16: strategy sampled 7 clients (out of 12)
[2026-01-19 19:06:14,830][flwr][DEBUG] - fit_round 16 received 7 results and 0 failures
[2026-01-19 19:06:15,088][flwr][INFO] - fit progress: (16, 0.033584341595515446, {'rmse': 3964.3486224094872, 'mae': 1392.84423828125, 'r2': 0.8877928828393553, 'mape': 5.877462863922119, 'accuracy_10': 85.80742478370667, 'accuracy_20': 95.98796367645264}, 160.3093026659917)
[2026-01-19 19:06:15,088][flwr][DEBUG] - evaluate_round 16: strategy sampled 6 clients (out of 12)
[2026-01-19 19:06:15,308][flwr][DEBUG] - evaluate_round 16 received 6 results and 0 failures
[2026-01-19 19:06:15,308][flwr][DEBUG] - fit_round 17: strategy sampled 7 clients (out of 12)
[2026-01-19 19:06:23,925][flwr][DEBUG] - fit_round 17 received 7 results and 0 failures
[2026-01-19 19:06:24,181][flwr][INFO] - fit progress: (17, 0.03356186537783866, {'rmse': 3956.1683482885305, 'mae': 1433.7381591796875, 'r2': 0.8882554776315428, 'mape': 6.031718730926514, 'accuracy_10': 85.45637130737305, 'accuracy_20': 95.93781232833862}, 169.4021329159732)
[2026-01-19 19:06:24,181][flwr][DEBUG] - evaluate_round 17: strategy sampled 6 clients (out of 12)
[2026-01-19 19:06:24,415][flwr][DEBUG] - evaluate_round 17 received 6 results and 0 failures
[2026-01-19 19:06:24,415][flwr][DEBUG] - fit_round 18: strategy sampled 7 clients (out of 12)
[2026-01-19 19:06:33,050][flwr][DEBUG] - fit_round 18 received 7 results and 0 failures
[2026-01-19 19:06:33,296][flwr][INFO] - fit progress: (18, 0.03306403352693097, {'rmse': 3853.545380555418, 'mae': 1273.4757080078125, 'r2': 0.8939775912993344, 'mape': 5.61470890045166, 'accuracy_10': 87.86358833312988, 'accuracy_20': 95.93781232833862}, 178.5171698749764)
[2026-01-19 19:06:33,296][flwr][DEBUG] - evaluate_round 18: strategy sampled 6 clients (out of 12)
[2026-01-19 19:06:33,391][flwr][DEBUG] - evaluate_round 18 received 6 results and 0 failures
[2026-01-19 19:06:33,391][flwr][DEBUG] - fit_round 19: strategy sampled 7 clients (out of 12)
[2026-01-19 19:06:42,223][flwr][DEBUG] - fit_round 19 received 7 results and 0 failures
[2026-01-19 19:06:42,474][flwr][INFO] - fit progress: (19, 0.03565821786100043, {'rmse': 3906.5619155467125, 'mae': 1231.45068359375, 'r2': 0.8910402419630938, 'mape': 5.6030964851379395, 'accuracy_10': 87.61283755302429, 'accuracy_20': 94.88465189933777}, 187.69566095800838)
[2026-01-19 19:06:42,474][flwr][DEBUG] - evaluate_round 19: strategy sampled 6 clients (out of 12)
[2026-01-19 19:06:42,568][flwr][DEBUG] - evaluate_round 19 received 6 results and 0 failures
[2026-01-19 19:06:42,568][flwr][DEBUG] - fit_round 20: strategy sampled 7 clients (out of 12)
[2026-01-19 19:06:51,200][flwr][DEBUG] - fit_round 20 received 7 results and 0 failures
[2026-01-19 19:06:51,454][flwr][INFO] - fit progress: (20, 0.03871293855343414, {'rmse': 4051.8366205956527, 'mae': 1258.1142578125, 'r2': 0.8827857070616645, 'mape': 5.828349590301514, 'accuracy_10': 87.56268620491028, 'accuracy_20': 94.68405246734619}, 196.67549962498015)
[2026-01-19 19:06:51,455][flwr][DEBUG] - evaluate_round 20: strategy sampled 6 clients (out of 12)
[2026-01-19 19:06:51,562][flwr][DEBUG] - evaluate_round 20 received 6 results and 0 failures
[2026-01-19 19:06:51,563][flwr][DEBUG] - fit_round 21: strategy sampled 7 clients (out of 12)
[2026-01-19 19:07:00,505][flwr][DEBUG] - fit_round 21 received 7 results and 0 failures
[2026-01-19 19:07:00,774][flwr][INFO] - fit progress: (21, 0.03449352905378418, {'rmse': 3876.3112620118627, 'mae': 1300.0855712890625, 'r2': 0.8927211775667074, 'mape': 5.766995429992676, 'accuracy_10': 87.11133599281311, 'accuracy_20': 95.53660750389099}, 205.99525904096663)
[2026-01-19 19:07:00,774][flwr][DEBUG] - evaluate_round 21: strategy sampled 6 clients (out of 12)
[2026-01-19 19:07:00,958][flwr][DEBUG] - evaluate_round 21 received 6 results and 0 failures
[2026-01-19 19:07:00,958][flwr][DEBUG] - fit_round 22: strategy sampled 7 clients (out of 12)
[2026-01-19 19:07:09,893][flwr][DEBUG] - fit_round 22 received 7 results and 0 failures
[2026-01-19 19:07:10,163][flwr][INFO] - fit progress: (22, 0.03792261395233505, {'rmse': 3991.535544123339, 'mae': 1242.077880859375, 'r2': 0.8862486049706223, 'mape': 5.75232458114624, 'accuracy_10': 87.21163272857666, 'accuracy_20': 94.63390111923218}, 215.38453154097078)
[2026-01-19 19:07:10,164][flwr][DEBUG] - evaluate_round 22: strategy sampled 6 clients (out of 12)
[2026-01-19 19:07:10,261][flwr][DEBUG] - evaluate_round 22 received 6 results and 0 failures
[2026-01-19 19:07:10,262][flwr][DEBUG] - fit_round 23: strategy sampled 7 clients (out of 12)
[2026-01-19 19:07:18,892][flwr][DEBUG] - fit_round 23 received 7 results and 0 failures
[2026-01-19 19:07:19,159][flwr][INFO] - fit progress: (23, 0.033890688262222225, {'rmse': 3889.6843059559474, 'mae': 1273.8653564453125, 'r2': 0.8919796868939278, 'mape': 5.6402997970581055, 'accuracy_10': 87.41223812103271, 'accuracy_20': 95.586758852005}, 224.38037320796866)
[2026-01-19 19:07:19,160][flwr][DEBUG] - evaluate_round 23: strategy sampled 6 clients (out of 12)
[2026-01-19 19:07:19,388][flwr][DEBUG] - evaluate_round 23 received 6 results and 0 failures
[2026-01-19 19:07:19,388][flwr][DEBUG] - fit_round 24: strategy sampled 7 clients (out of 12)
[2026-01-19 19:07:28,064][flwr][DEBUG] - fit_round 24 received 7 results and 0 failures
[2026-01-19 19:07:28,328][flwr][INFO] - fit progress: (24, 0.03715301436954061, {'rmse': 4031.9606892924935, 'mae': 1243.965576171875, 'r2': 0.8839328591367619, 'mape': 5.69493293762207, 'accuracy_10': 87.51253485679626, 'accuracy_20': 95.08525729179382}, 233.54928987502353)
[2026-01-19 19:07:28,328][flwr][DEBUG] - evaluate_round 24: strategy sampled 6 clients (out of 12)
[2026-01-19 19:07:28,562][flwr][DEBUG] - evaluate_round 24 received 6 results and 0 failures
[2026-01-19 19:07:28,562][flwr][DEBUG] - fit_round 25: strategy sampled 7 clients (out of 12)
[2026-01-19 19:07:37,098][flwr][DEBUG] - fit_round 25 received 7 results and 0 failures
[2026-01-19 19:07:37,357][flwr][INFO] - fit progress: (25, 0.03536167508785201, {'rmse': 4154.72189201636, 'mae': 1555.718994140625, 'r2': 0.8767574554288701, 'mape': 6.252019882202148, 'accuracy_10': 84.00200605392456, 'accuracy_20': 94.88465189933777}, 242.5784430410131)
[2026-01-19 19:07:37,358][flwr][DEBUG] - evaluate_round 25: strategy sampled 6 clients (out of 12)
[2026-01-19 19:07:37,553][flwr][DEBUG] - evaluate_round 25 received 6 results and 0 failures
[2026-01-19 19:07:37,553][flwr][DEBUG] - fit_round 26: strategy sampled 7 clients (out of 12)
[2026-01-19 19:07:45,787][flwr][DEBUG] - fit_round 26 received 7 results and 0 failures
[2026-01-19 19:07:46,061][flwr][INFO] - fit progress: (26, 0.031886505082608346, {'rmse': 3884.539612360775, 'mae': 1413.072265625, 'r2': 0.8922652484689289, 'mape': 5.889219284057617, 'accuracy_10': 86.35907769203186, 'accuracy_20': 95.98796367645264}, 251.2820766249788)
[2026-01-19 19:07:46,061][flwr][DEBUG] - evaluate_round 26: strategy sampled 6 clients (out of 12)
[2026-01-19 19:07:46,293][flwr][DEBUG] - evaluate_round 26 received 6 results and 0 failures
[2026-01-19 19:07:46,293][flwr][DEBUG] - fit_round 27: strategy sampled 7 clients (out of 12)
[2026-01-19 19:07:54,602][flwr][DEBUG] - fit_round 27 received 7 results and 0 failures
[2026-01-19 19:07:54,861][flwr][INFO] - fit progress: (27, 0.03687460313260615, {'rmse': 4220.235301496826, 'mae': 1611.69287109375, 'r2': 0.8728401390195466, 'mape': 6.484437942504883, 'accuracy_10': 83.45035314559937, 'accuracy_20': 94.7342038154602}, 260.08227324998006)
[2026-01-19 19:07:54,863][flwr][DEBUG] - evaluate_round 27: strategy sampled 6 clients (out of 12)
[2026-01-19 19:07:54,936][flwr][DEBUG] - evaluate_round 27 received 6 results and 0 failures
[2026-01-19 19:07:54,936][flwr][DEBUG] - fit_round 28: strategy sampled 7 clients (out of 12)
[2026-01-19 19:08:03,531][flwr][DEBUG] - fit_round 28 received 7 results and 0 failures
[2026-01-19 19:08:03,797][flwr][INFO] - fit progress: (28, 0.034606957869789186, {'rmse': 4102.809281455818, 'mae': 1535.978271484375, 'r2': 0.8798180211162159, 'mape': 6.197104454040527, 'accuracy_10': 84.40321087837219, 'accuracy_20': 95.08525729179382}, 269.017929249967)
[2026-01-19 19:08:03,798][flwr][DEBUG] - evaluate_round 28: strategy sampled 6 clients (out of 12)
[2026-01-19 19:08:03,957][flwr][DEBUG] - evaluate_round 28 received 6 results and 0 failures
[2026-01-19 19:08:03,957][flwr][DEBUG] - fit_round 29: strategy sampled 7 clients (out of 12)
[2026-01-19 19:08:12,850][flwr][DEBUG] - fit_round 29 received 7 results and 0 failures
[2026-01-19 19:08:13,105][flwr][INFO] - fit progress: (29, 0.030127616272258424, {'rmse': 3740.356400130875, 'mae': 1254.6849365234375, 'r2': 0.900114444619915, 'mape': 5.4666242599487305, 'accuracy_10': 87.41223812103271, 'accuracy_20': 95.93781232833862}, 278.32554858300136)
[2026-01-19 19:08:13,105][flwr][DEBUG] - evaluate_round 29: strategy sampled 6 clients (out of 12)
[2026-01-19 19:08:13,205][flwr][DEBUG] - evaluate_round 29 received 6 results and 0 failures
[2026-01-19 19:08:13,205][flwr][DEBUG] - fit_round 30: strategy sampled 7 clients (out of 12)
[2026-01-19 19:08:21,726][flwr][DEBUG] - fit_round 30 received 7 results and 0 failures
[2026-01-19 19:08:21,991][flwr][INFO] - fit progress: (30, 0.03156808596534081, {'rmse': 3781.3188175555892, 'mae': 1313.8575439453125, 'r2': 0.8979146774689732, 'mape': 5.768091201782227, 'accuracy_10': 87.41223812103271, 'accuracy_20': 95.8375096321106}, 287.21217487502145)
[2026-01-19 19:08:21,992][flwr][DEBUG] - evaluate_round 30: strategy sampled 6 clients (out of 12)
[2026-01-19 19:08:22,075][flwr][DEBUG] - evaluate_round 30 received 6 results and 0 failures
[2026-01-19 19:08:22,076][flwr][INFO] - FL finished in 287.29626283299876
[2026-01-19 19:08:22,078][flwr][INFO] - app_fit: losses_distributed [(1, 0.17427733810985777), (2, 0.1473121881670093), (3, 0.08097370890722533), (4, 0.08329697126656575), (5, 0.04991443526974147), (6, 0.05869721938113725), (7, 0.06955254147974176), (8, 0.05207653701474555), (9, 0.044908737114399945), (10, 0.03652455698743723), (11, 0.042697221790326804), (12, 0.0447758576029237), (13, 0.07006400265595242), (14, 0.035797515981529894), (15, 0.01904738559405831), (16, 0.0508734779653283), (17, 0.03343778320770365), (18, 0.036694373351794596), (19, 0.0637058227675857), (20, 0.08392038173233755), (21, 0.04305183165756285), (22, 0.06308418134333568), (23, 0.021598058678910133), (24, 0.03611609633129564), (25, 0.04046830058874327), (26, 0.050332743995867596), (27, 0.03548045711011653), (28, 0.03394251620118445), (29, 0.03586417463071902), (30, 0.05460529598819824)]
[2026-01-19 19:08:22,078][flwr][INFO] - app_fit: metrics_distributed_fit {'scaffold_updates': [(1, 7), (2, 7), (3, 7), (4, 7), (5, 7), (6, 7), (7, 7), (8, 7), (9, 7), (10, 7), (11, 7), (12, 7), (13, 7), (14, 7), (15, 7), (16, 7), (17, 7), (18, 7), (19, 7), (20, 7), (21, 7), (22, 7), (23, 7), (24, 7), (25, 7), (26, 7), (27, 7), (28, 7), (29, 7), (30, 7)], 'avg_control_delta_norm': [(1, 1.1640502544679943), (2, 0.635998416913676), (3, 0.4542814933547276), (4, 0.3396984767455021), (5, 0.31244031743182793), (6, 0.2551818411681532), (7, 0.23589437690787934), (8, 0.2780673082744673), (9, 0.21186777397143117), (10, 0.2207009599749936), (11, 0.21152677916207765), (12, 0.237382317176224), (13, 0.1595193716425061), (14, 0.19047675916228912), (15, 0.15151787930970864), (16, 0.15873240387355464), (17, 0.14345894882464827), (18, 0.13950292767392164), (19, 0.15987407184601707), (20, 0.1551367070503508), (21, 0.13139436618567707), (22, 0.15476289440238153), (23, 0.12647539390735793), (24, 0.14522987329232603), (25, 0.16746868704697881), (26, 0.15248854292610567), (27, 0.1292426296254693), (28, 0.1147249865127113), (29, 0.1527219197562158), (30, 0.10426986425898774)]}
[2026-01-19 19:08:22,079][flwr][INFO] - app_fit: metrics_distributed {}
[2026-01-19 19:08:22,079][flwr][INFO] - app_fit: losses_centralized [(0, 1.4340404903996313), (1, 0.21623806855683342), (2, 0.10617638033335522), (3, 0.07109800914868548), (4, 0.06027873638184104), (5, 0.05159147829564668), (6, 0.0450484416127175), (7, 0.0487543739847383), (8, 0.04387701650261281), (9, 0.042912629787009604), (10, 0.03973809109184304), (11, 0.041246313392488264), (12, 0.03519605598884187), (13, 0.035961801415998695), (14, 0.03628142216544572), (15, 0.03495954174395191), (16, 0.033584341595515446), (17, 0.03356186537783866), (18, 0.03306403352693097), (19, 0.03565821786100043), (20, 0.03871293855343414), (21, 0.03449352905378418), (22, 0.03792261395233505), (23, 0.033890688262222225), (24, 0.03715301436954061), (25, 0.03536167508785201), (26, 0.031886505082608346), (27, 0.03687460313260615), (28, 0.034606957869789186), (29, 0.030127616272258424), (30, 0.03156808596534081)]
[2026-01-19 19:08:22,079][flwr][INFO] - app_fit: metrics_centralized {'rmse': [(0, 11782.010694274555), (1, 7667.082365541667), (2, 5262.316030038485), (3, 4692.243812932145), (4, 4597.110831816), (5, 4439.675438587826), (6, 4333.31258969394), (7, 4397.486327437528), (8, 4432.644808689277), (9, 4209.083985857255), (10, 4251.620632182509), (11, 4388.901912779551), (12, 3985.493946802579), (13, 3977.429194844328), (14, 3984.811413354464), (15, 4032.1693912830597), (16, 3964.3486224094872), (17, 3956.1683482885305), (18, 3853.545380555418), (19, 3906.5619155467125), (20, 4051.8366205956527), (21, 3876.3112620118627), (22, 3991.535544123339), (23, 3889.6843059559474), (24, 4031.9606892924935), (25, 4154.72189201636), (26, 3884.539612360775), (27, 4220.235301496826), (28, 4102.809281455818), (29, 3740.356400130875), (30, 3781.3188175555892)], 'mae': [(0, 9149.193359375), (1, 3873.259521484375), (2, 2481.30517578125), (3, 1983.5716552734375), (4, 1762.393310546875), (5, 1663.8564453125), (6, 1565.7640380859375), (7, 1502.1741943359375), (8, 1647.687744140625), (9, 1410.2373046875), (10, 1556.7994384765625), (11, 1607.6697998046875), (12, 1309.677978515625), (13, 1307.4437255859375), (14, 1331.8026123046875), (15, 1423.6448974609375), (16, 1392.84423828125), (17, 1433.7381591796875), (18, 1273.4757080078125), (19, 1231.45068359375), (20, 1258.1142578125), (21, 1300.0855712890625), (22, 1242.077880859375), (23, 1273.8653564453125), (24, 1243.965576171875), (25, 1555.718994140625), (26, 1413.072265625), (27, 1611.69287109375), (28, 1535.978271484375), (29, 1254.6849365234375), (30, 1313.8575439453125)], 'r2': [(0, 0.00890437044283554), (1, 0.580301921198322), (2, 0.8022891241210083), (3, 0.842805311976204), (4, 0.8491147987156813), (5, 0.8592724370353666), (6, 0.8659345822737641), (7, 0.8619343296666784), (8, 0.8597177992842525), (9, 0.8735112549186812), (10, 0.8709417580514549), (11, 0.8624728356453589), (12, 0.8865926985288717), (13, 0.8870511941756526), (14, 0.8866315340817762), (15, 0.8839208403544336), (16, 0.8877928828393553), (17, 0.8882554776315428), (18, 0.8939775912993344), (19, 0.8910402419630938), (20, 0.8827857070616645), (21, 0.8927211775667074), (22, 0.8862486049706223), (23, 0.8919796868939278), (24, 0.8839328591367619), (25, 0.8767574554288701), (26, 0.8922652484689289), (27, 0.8728401390195466), (28, 0.8798180211162159), (29, 0.900114444619915), (30, 0.8979146774689732)], 'mape': [(0, 79.91940307617188), (1, 19.803762435913086), (2, 13.146008491516113), (3, 10.112915992736816), (4, 8.646387100219727), (5, 7.739314556121826), (6, 7.049785614013672), (7, 7.062108039855957), (8, 6.978183269500732), (9, 6.501199245452881), (10, 6.553177356719971), (11, 6.6115899085998535), (12, 5.783894062042236), (13, 5.823194980621338), (14, 5.911037921905518), (15, 6.034650802612305), (16, 5.877462863922119), (17, 6.031718730926514), (18, 5.61470890045166), (19, 5.6030964851379395), (20, 5.828349590301514), (21, 5.766995429992676), (22, 5.75232458114624), (23, 5.6402997970581055), (24, 5.69493293762207), (25, 6.252019882202148), (26, 5.889219284057617), (27, 6.484437942504883), (28, 6.197104454040527), (29, 5.4666242599487305), (30, 5.768091201782227)], 'accuracy_10': [(0, 11.735205352306366), (1, 40.621864795684814), (2, 49.949848651885986), (3, 64.94483351707458), (4, 76.62988901138306), (5, 78.93680930137634), (6, 81.39418363571167), (7, 84.40321087837219), (8, 80.39117455482483), (9, 85.90772151947021), (10, 82.54764080047607), (11, 81.99598789215088), (12, 86.8104338645935), (13, 86.55967712402344), (14, 87.01103329658508), (15, 85.0050151348114), (16, 85.80742478370667), (17, 85.45637130737305), (18, 87.86358833312988), (19, 87.61283755302429), (20, 87.56268620491028), (21, 87.11133599281311), (22, 87.21163272857666), (23, 87.41223812103271), (24, 87.51253485679626), (25, 84.00200605392456), (26, 86.35907769203186), (27, 83.45035314559937), (28, 84.40321087837219), (29, 87.41223812103271), (30, 87.41223812103271)], 'accuracy_20': [(0, 21.46439254283905), (1, 73.62086176872253), (2, 86.55967712402344), (3, 91.42427444458008), (4, 92.87863373756409), (5, 93.68104338645935), (6, 94.58374977111816), (7, 94.132399559021), (8, 94.58374977111816), (9, 94.68405246734619), (10, 95.18555402755737), (11, 94.63390111923218), (12, 95.68706154823303), (13, 95.63691020011902), (14, 95.63691020011902), (15, 95.8375096321106), (16, 95.98796367645264), (17, 95.93781232833862), (18, 95.93781232833862), (19, 94.88465189933777), (20, 94.68405246734619), (21, 95.53660750389099), (22, 94.63390111923218), (23, 95.586758852005), (24, 95.08525729179382), (25, 94.88465189933777), (26, 95.98796367645264), (27, 94.7342038154602), (28, 95.08525729179382), (29, 95.93781232833862), (30, 95.8375096321106)]}
