[2026-01-21 20:44:46,034][flwr][INFO] - Starting Flower simulation, config: ServerConfig(num_rounds=40, round_timeout=None)
[2026-01-21 20:44:50,933][flwr][INFO] - Flower VCE: Ray initialized with resources: {'CPU': 10.0, 'object_store_memory': 2147483648.0, 'memory': 11447432397.0, 'node:127.0.0.1': 1.0}
[2026-01-21 20:44:50,934][flwr][INFO] - Initializing global parameters
[2026-01-21 20:44:50,934][flwr][INFO] - Using initial parameters provided by strategy
[2026-01-21 20:44:50,934][flwr][INFO] - Evaluating initial parameters
[2026-01-21 20:44:51,592][flwr][INFO] - initial parameters (loss, other metrics): 1.371425687789917, {'rmse': 10802.69966258435, 'mae': 8696.03125, 'r2': -0.09940019736940098, 'mape': 77.89253234863281, 'accuracy_10': 10.000000149011612, 'accuracy_20': 21.34999930858612}
[2026-01-21 20:44:51,593][flwr][INFO] - FL starting
[2026-01-21 20:44:51,593][flwr][DEBUG] - fit_round 1: strategy sampled 8 clients (out of 12)
[2026-01-21 20:45:03,479][flwr][DEBUG] - fit_round 1 received 8 results and 0 failures
[2026-01-21 20:45:03,485][flwr][WARNING] - No fit_metrics_aggregation_fn provided
[2026-01-21 20:45:03,752][flwr][INFO] - fit progress: (1, 0.04003329698741436, {'rmse': 2843.57917069316, 'mae': 1363.841064453125, 'r2': 0.9238233526110774, 'mape': 7.598020076751709, 'accuracy_10': 75.49999952316284, 'accuracy_20': 95.99999785423279}, 12.158870749990456)
[2026-01-21 20:45:03,752][flwr][DEBUG] - evaluate_round 1: strategy sampled 6 clients (out of 12)
[2026-01-21 20:45:04,059][flwr][DEBUG] - evaluate_round 1 received 6 results and 0 failures
[2026-01-21 20:45:04,060][flwr][WARNING] - No evaluate_metrics_aggregation_fn provided
[2026-01-21 20:45:04,060][flwr][DEBUG] - fit_round 2: strategy sampled 8 clients (out of 12)
[2026-01-21 20:45:14,234][flwr][DEBUG] - fit_round 2 received 8 results and 0 failures
[2026-01-21 20:45:14,478][flwr][INFO] - fit progress: (2, 0.01985095751285553, {'rmse': 2255.918549061557, 'mae': 935.0770874023438, 'r2': 0.9520555833259823, 'mape': 4.6983160972595215, 'accuracy_10': 90.35000205039978, 'accuracy_20': 97.64999747276306}, 22.884886540996376)
[2026-01-21 20:45:14,478][flwr][DEBUG] - evaluate_round 2: strategy sampled 6 clients (out of 12)
[2026-01-21 20:45:14,983][flwr][DEBUG] - evaluate_round 2 received 6 results and 0 failures
[2026-01-21 20:45:14,984][flwr][DEBUG] - fit_round 3: strategy sampled 8 clients (out of 12)
[2026-01-21 20:45:21,354][flwr][DEBUG] - fit_round 3 received 8 results and 0 failures
[2026-01-21 20:45:21,602][flwr][INFO] - fit progress: (3, 0.013429533395916224, {'rmse': 1994.0279586806198, 'mae': 778.8816528320312, 'r2': 0.9625412138086962, 'mape': 3.702554941177368, 'accuracy_10': 93.4000015258789, 'accuracy_20': 98.65000247955322}, 30.009505124995485)
[2026-01-21 20:45:21,603][flwr][DEBUG] - evaluate_round 3: strategy sampled 6 clients (out of 12)
[2026-01-21 20:45:21,838][flwr][DEBUG] - evaluate_round 3 received 6 results and 0 failures
[2026-01-21 20:45:21,839][flwr][DEBUG] - fit_round 4: strategy sampled 8 clients (out of 12)
[2026-01-21 20:45:31,791][flwr][DEBUG] - fit_round 4 received 8 results and 0 failures
[2026-01-21 20:45:32,048][flwr][INFO] - fit progress: (4, 0.009241672325879335, {'rmse': 1743.3411169360975, 'mae': 637.677734375, 'r2': 0.9713677188584248, 'mape': 3.025825023651123, 'accuracy_10': 96.24999761581421, 'accuracy_20': 99.00000095367432}, 40.45540254103253)
[2026-01-21 20:45:32,048][flwr][DEBUG] - evaluate_round 4: strategy sampled 6 clients (out of 12)
[2026-01-21 20:45:32,551][flwr][DEBUG] - evaluate_round 4 received 6 results and 0 failures
[2026-01-21 20:45:32,552][flwr][DEBUG] - fit_round 5: strategy sampled 8 clients (out of 12)
[2026-01-21 20:45:42,385][flwr][DEBUG] - fit_round 5 received 8 results and 0 failures
[2026-01-21 20:45:42,641][flwr][INFO] - fit progress: (5, 0.007718857387080788, {'rmse': 1646.2261387792382, 'mae': 571.6068115234375, 'r2': 0.974468859717464, 'mape': 2.6619744300842285, 'accuracy_10': 97.25000262260437, 'accuracy_20': 99.15000200271606}, 51.04871458298294)
[2026-01-21 20:45:42,642][flwr][DEBUG] - evaluate_round 5: strategy sampled 6 clients (out of 12)
[2026-01-21 20:45:43,141][flwr][DEBUG] - evaluate_round 5 received 6 results and 0 failures
[2026-01-21 20:45:43,142][flwr][DEBUG] - fit_round 6: strategy sampled 8 clients (out of 12)
[2026-01-21 20:45:53,568][flwr][DEBUG] - fit_round 6 received 8 results and 0 failures
[2026-01-21 20:45:53,809][flwr][INFO] - fit progress: (6, 0.006905129255726934, {'rmse': 1575.300368183795, 'mae': 524.7747802734375, 'r2': 0.9766214279468558, 'mape': 2.4011573791503906, 'accuracy_10': 97.54999876022339, 'accuracy_20': 99.04999732971191}, 62.216310832998715)
[2026-01-21 20:45:53,809][flwr][DEBUG] - evaluate_round 6: strategy sampled 6 clients (out of 12)
[2026-01-21 20:45:54,075][flwr][DEBUG] - evaluate_round 6 received 6 results and 0 failures
[2026-01-21 20:45:54,076][flwr][DEBUG] - fit_round 7: strategy sampled 8 clients (out of 12)
[2026-01-21 20:46:03,929][flwr][DEBUG] - fit_round 7 received 8 results and 0 failures
[2026-01-21 20:46:04,192][flwr][INFO] - fit progress: (7, 0.005638163607567549, {'rmse': 1357.8952923550476, 'mae': 471.8750915527344, 'r2': 0.982629040934741, 'mape': 2.2965972423553467, 'accuracy_10': 98.29999804496765, 'accuracy_20': 99.55000281333923}, 72.599144332984)
[2026-01-21 20:46:04,192][flwr][DEBUG] - evaluate_round 7: strategy sampled 6 clients (out of 12)
[2026-01-21 20:46:04,706][flwr][DEBUG] - evaluate_round 7 received 6 results and 0 failures
[2026-01-21 20:46:04,706][flwr][DEBUG] - fit_round 8: strategy sampled 8 clients (out of 12)
[2026-01-21 20:46:14,774][flwr][DEBUG] - fit_round 8 received 8 results and 0 failures
[2026-01-21 20:46:15,040][flwr][INFO] - fit progress: (8, 0.005475119573064149, {'rmse': 1353.275193742943, 'mae': 460.49334716796875, 'r2': 0.9827470463565727, 'mape': 2.1622583866119385, 'accuracy_10': 98.1000006198883, 'accuracy_20': 99.50000047683716}, 83.44761883298634)
[2026-01-21 20:46:15,041][flwr][DEBUG] - evaluate_round 8: strategy sampled 6 clients (out of 12)
[2026-01-21 20:46:15,253][flwr][DEBUG] - evaluate_round 8 received 6 results and 0 failures
[2026-01-21 20:46:15,253][flwr][DEBUG] - fit_round 9: strategy sampled 8 clients (out of 12)
[2026-01-21 20:46:25,311][flwr][DEBUG] - fit_round 9 received 8 results and 0 failures
[2026-01-21 20:46:25,567][flwr][INFO] - fit progress: (9, 0.0051924697989597915, {'rmse': 1283.4610921255073, 'mae': 445.7353210449219, 'r2': 0.9844812541998108, 'mape': 2.1603188514709473, 'accuracy_10': 98.25000166893005, 'accuracy_20': 99.59999918937683}, 93.97567850002088)
[2026-01-21 20:46:25,567][flwr][DEBUG] - evaluate_round 9: strategy sampled 6 clients (out of 12)
[2026-01-21 20:46:26,151][flwr][DEBUG] - evaluate_round 9 received 6 results and 0 failures
[2026-01-21 20:46:26,151][flwr][DEBUG] - fit_round 10: strategy sampled 8 clients (out of 12)
[2026-01-21 20:46:29,842][flwr][DEBUG] - fit_round 10 received 8 results and 0 failures
[2026-01-21 20:46:30,110][flwr][INFO] - fit progress: (10, 0.004326178419403732, {'rmse': 1213.519416820349, 'mae': 410.4156188964844, 'r2': 0.9861265434581968, 'mape': 1.9578218460083008, 'accuracy_10': 98.4000027179718, 'accuracy_20': 99.55000281333923}, 98.5203842499759)
[2026-01-21 20:46:30,111][flwr][DEBUG] - evaluate_round 10: strategy sampled 6 clients (out of 12)
[2026-01-21 20:46:30,320][flwr][DEBUG] - evaluate_round 10 received 6 results and 0 failures
[2026-01-21 20:46:30,320][flwr][DEBUG] - fit_round 11: strategy sampled 8 clients (out of 12)
[2026-01-21 20:46:40,206][flwr][DEBUG] - fit_round 11 received 8 results and 0 failures
[2026-01-21 20:46:40,456][flwr][INFO] - fit progress: (11, 0.004433697097934782, {'rmse': 1205.617269285738, 'mae': 414.2551574707031, 'r2': 0.986306636814294, 'mape': 1.988503336906433, 'accuracy_10': 98.54999780654907, 'accuracy_20': 99.6500015258789}, 108.86757424997631)
[2026-01-21 20:46:40,457][flwr][DEBUG] - evaluate_round 11: strategy sampled 6 clients (out of 12)
[2026-01-21 20:46:40,731][flwr][DEBUG] - evaluate_round 11 received 6 results and 0 failures
[2026-01-21 20:46:40,731][flwr][DEBUG] - fit_round 12: strategy sampled 8 clients (out of 12)
[2026-01-21 20:46:44,181][flwr][DEBUG] - fit_round 12 received 8 results and 0 failures
[2026-01-21 20:46:44,417][flwr][INFO] - fit progress: (12, 0.004178624268621207, {'rmse': 1231.2333755222849, 'mae': 412.0762939453125, 'r2': 0.9857185608059283, 'mape': 1.978979229927063, 'accuracy_10': 98.4499990940094, 'accuracy_20': 99.6500015258789}, 112.82827975001419)
[2026-01-21 20:46:44,417][flwr][DEBUG] - evaluate_round 12: strategy sampled 6 clients (out of 12)
[2026-01-21 20:46:44,639][flwr][DEBUG] - evaluate_round 12 received 6 results and 0 failures
[2026-01-21 20:46:44,639][flwr][DEBUG] - fit_round 13: strategy sampled 8 clients (out of 12)
[2026-01-21 20:46:54,694][flwr][DEBUG] - fit_round 13 received 8 results and 0 failures
[2026-01-21 20:46:54,936][flwr][INFO] - fit progress: (13, 0.004055463582277298, {'rmse': 1124.8917170110196, 'mae': 386.6700439453125, 'r2': 0.988079000857346, 'mape': 1.8662710189819336, 'accuracy_10': 98.4000027179718, 'accuracy_20': 99.80000257492065}, 123.34774054097943)
[2026-01-21 20:46:54,936][flwr][DEBUG] - evaluate_round 13: strategy sampled 6 clients (out of 12)
[2026-01-21 20:46:55,499][flwr][DEBUG] - evaluate_round 13 received 6 results and 0 failures
[2026-01-21 20:46:55,499][flwr][DEBUG] - fit_round 14: strategy sampled 8 clients (out of 12)
[2026-01-21 20:47:05,235][flwr][DEBUG] - fit_round 14 received 8 results and 0 failures
[2026-01-21 20:47:05,497][flwr][INFO] - fit progress: (14, 0.004125526919029653, {'rmse': 1197.5819387415627, 'mae': 400.7214050292969, 'r2': 0.9864885582722468, 'mape': 1.9118000268936157, 'accuracy_10': 98.50000143051147, 'accuracy_20': 99.6500015258789}, 133.90899070800515)
[2026-01-21 20:47:05,497][flwr][DEBUG] - evaluate_round 14: strategy sampled 6 clients (out of 12)
[2026-01-21 20:47:06,101][flwr][DEBUG] - evaluate_round 14 received 6 results and 0 failures
[2026-01-21 20:47:06,101][flwr][DEBUG] - fit_round 15: strategy sampled 8 clients (out of 12)
[2026-01-21 20:47:15,998][flwr][DEBUG] - fit_round 15 received 8 results and 0 failures
[2026-01-21 20:47:16,253][flwr][INFO] - fit progress: (15, 0.0036000159624963997, {'rmse': 1029.2952078971318, 'mae': 365.6784973144531, 'r2': 0.9900190679223478, 'mape': 1.8196824789047241, 'accuracy_10': 98.69999885559082, 'accuracy_20': 99.80000257492065}, 144.66594004101353)
[2026-01-21 20:47:16,254][flwr][DEBUG] - evaluate_round 15: strategy sampled 6 clients (out of 12)
[2026-01-21 20:47:16,438][flwr][DEBUG] - evaluate_round 15 received 6 results and 0 failures
[2026-01-21 20:47:16,438][flwr][DEBUG] - fit_round 16: strategy sampled 8 clients (out of 12)
[2026-01-21 20:47:26,187][flwr][DEBUG] - fit_round 16 received 8 results and 0 failures
[2026-01-21 20:47:26,439][flwr][INFO] - fit progress: (16, 0.003496410684660077, {'rmse': 1035.4020958062622, 'mae': 369.14111328125, 'r2': 0.9899002804925653, 'mape': 1.824238896369934, 'accuracy_10': 98.65000247955322, 'accuracy_20': 99.84999895095825}, 154.85170104098506)
[2026-01-21 20:47:26,439][flwr][DEBUG] - evaluate_round 16: strategy sampled 6 clients (out of 12)
[2026-01-21 20:47:26,651][flwr][DEBUG] - evaluate_round 16 received 6 results and 0 failures
[2026-01-21 20:47:26,651][flwr][DEBUG] - fit_round 17: strategy sampled 8 clients (out of 12)
[2026-01-21 20:47:30,185][flwr][DEBUG] - fit_round 17 received 8 results and 0 failures
[2026-01-21 20:47:30,438][flwr][INFO] - fit progress: (17, 0.0033293954199180007, {'rmse': 1077.3107142324354, 'mae': 364.2935791015625, 'r2': 0.9890661481243694, 'mape': 1.770497441291809, 'accuracy_10': 98.7999975681305, 'accuracy_20': 99.80000257492065}, 158.85038962500403)
[2026-01-21 20:47:30,438][flwr][DEBUG] - evaluate_round 17: strategy sampled 6 clients (out of 12)
[2026-01-21 20:47:30,633][flwr][DEBUG] - evaluate_round 17 received 6 results and 0 failures
[2026-01-21 20:47:30,633][flwr][DEBUG] - fit_round 18: strategy sampled 8 clients (out of 12)
[2026-01-21 20:47:40,266][flwr][DEBUG] - fit_round 18 received 8 results and 0 failures
[2026-01-21 20:47:40,528][flwr][INFO] - fit progress: (18, 0.003420693074353039, {'rmse': 1020.590239763246, 'mae': 362.871337890625, 'r2': 0.9901871755143323, 'mape': 1.7688909769058228, 'accuracy_10': 98.50000143051147, 'accuracy_20': 99.84999895095825}, 168.94088683300652)
[2026-01-21 20:47:40,529][flwr][DEBUG] - evaluate_round 18: strategy sampled 6 clients (out of 12)
[2026-01-21 20:47:40,728][flwr][DEBUG] - evaluate_round 18 received 6 results and 0 failures
[2026-01-21 20:47:40,728][flwr][DEBUG] - fit_round 19: strategy sampled 8 clients (out of 12)
[2026-01-21 20:47:50,516][flwr][DEBUG] - fit_round 19 received 8 results and 0 failures
[2026-01-21 20:47:50,760][flwr][INFO] - fit progress: (19, 0.0033480396196246148, {'rmse': 962.7969347167657, 'mae': 358.6923828125, 'r2': 0.9912670573479507, 'mape': 1.7906520366668701, 'accuracy_10': 98.94999861717224, 'accuracy_20': 99.84999895095825}, 179.1726643749862)
[2026-01-21 20:47:50,760][flwr][DEBUG] - evaluate_round 19: strategy sampled 6 clients (out of 12)
[2026-01-21 20:47:50,947][flwr][DEBUG] - evaluate_round 19 received 6 results and 0 failures
[2026-01-21 20:47:50,947][flwr][DEBUG] - fit_round 20: strategy sampled 8 clients (out of 12)
[2026-01-21 20:48:00,492][flwr][DEBUG] - fit_round 20 received 8 results and 0 failures
[2026-01-21 20:48:00,749][flwr][INFO] - fit progress: (20, 0.003209450275637209, {'rmse': 923.0572165364398, 'mae': 330.92523193359375, 'r2': 0.9919730887344627, 'mape': 1.69472336769104, 'accuracy_10': 99.04999732971191, 'accuracy_20': 99.75000023841858}, 189.16178741602926)
[2026-01-21 20:48:00,749][flwr][DEBUG] - evaluate_round 20: strategy sampled 6 clients (out of 12)
[2026-01-21 20:48:00,943][flwr][DEBUG] - evaluate_round 20 received 6 results and 0 failures
[2026-01-21 20:48:00,943][flwr][DEBUG] - fit_round 21: strategy sampled 8 clients (out of 12)
[2026-01-21 20:48:10,490][flwr][DEBUG] - fit_round 21 received 8 results and 0 failures
[2026-01-21 20:48:10,738][flwr][INFO] - fit progress: (21, 0.003220612588338554, {'rmse': 917.4419600170901, 'mae': 340.16943359375, 'r2': 0.9920704520404858, 'mape': 1.7520265579223633, 'accuracy_10': 99.09999966621399, 'accuracy_20': 99.84999895095825}, 199.15084862499498)
[2026-01-21 20:48:10,738][flwr][DEBUG] - evaluate_round 21: strategy sampled 6 clients (out of 12)
[2026-01-21 20:48:10,850][flwr][DEBUG] - evaluate_round 21 received 6 results and 0 failures
[2026-01-21 20:48:10,850][flwr][DEBUG] - fit_round 22: strategy sampled 8 clients (out of 12)
[2026-01-21 20:48:20,601][flwr][DEBUG] - fit_round 22 received 8 results and 0 failures
[2026-01-21 20:48:20,848][flwr][INFO] - fit progress: (22, 0.0031348596662282946, {'rmse': 905.8703342642367, 'mae': 338.4180603027344, 'r2': 0.9922692201323272, 'mape': 1.6965230703353882, 'accuracy_10': 99.00000095367432, 'accuracy_20': 99.84999895095825}, 209.26120866602287)
[2026-01-21 20:48:20,849][flwr][DEBUG] - evaluate_round 22: strategy sampled 6 clients (out of 12)
[2026-01-21 20:48:21,329][flwr][DEBUG] - evaluate_round 22 received 6 results and 0 failures
[2026-01-21 20:48:21,330][flwr][DEBUG] - fit_round 23: strategy sampled 8 clients (out of 12)
[2026-01-21 20:48:30,994][flwr][DEBUG] - fit_round 23 received 8 results and 0 failures
[2026-01-21 20:48:31,234][flwr][INFO] - fit progress: (23, 0.002985076951794326, {'rmse': 880.3208576990551, 'mae': 330.46746826171875, 'r2': 0.9926991538743913, 'mape': 1.7027506828308105, 'accuracy_10': 99.15000200271606, 'accuracy_20': 99.90000128746033}, 219.64707483298844)
[2026-01-21 20:48:31,235][flwr][DEBUG] - evaluate_round 23: strategy sampled 6 clients (out of 12)
[2026-01-21 20:48:31,311][flwr][DEBUG] - evaluate_round 23 received 6 results and 0 failures
[2026-01-21 20:48:31,311][flwr][DEBUG] - fit_round 24: strategy sampled 8 clients (out of 12)
[2026-01-21 20:48:37,354][flwr][DEBUG] - fit_round 24 received 8 results and 0 failures
[2026-01-21 20:48:37,613][flwr][INFO] - fit progress: (24, 0.0027625907585024836, {'rmse': 865.8335940006024, 'mae': 312.9613037109375, 'r2': 0.9929374733598771, 'mape': 1.621701717376709, 'accuracy_10': 99.29999709129333, 'accuracy_20': 99.90000128746033}, 226.0260317909997)
[2026-01-21 20:48:37,614][flwr][DEBUG] - evaluate_round 24: strategy sampled 6 clients (out of 12)
[2026-01-21 20:48:37,750][flwr][DEBUG] - evaluate_round 24 received 6 results and 0 failures
[2026-01-21 20:48:37,750][flwr][DEBUG] - fit_round 25: strategy sampled 8 clients (out of 12)
[2026-01-21 20:48:48,000][flwr][DEBUG] - fit_round 25 received 8 results and 0 failures
[2026-01-21 20:48:48,270][flwr][INFO] - fit progress: (25, 0.00298765117675066, {'rmse': 899.4858600889733, 'mae': 320.5912170410156, 'r2': 0.992377807694335, 'mape': 1.639082670211792, 'accuracy_10': 98.90000224113464, 'accuracy_20': 99.84999895095825}, 236.68269883299945)
[2026-01-21 20:48:48,270][flwr][DEBUG] - evaluate_round 25: strategy sampled 6 clients (out of 12)
[2026-01-21 20:48:48,529][flwr][DEBUG] - evaluate_round 25 received 6 results and 0 failures
[2026-01-21 20:48:48,530][flwr][DEBUG] - fit_round 26: strategy sampled 8 clients (out of 12)
[2026-01-21 20:48:58,244][flwr][DEBUG] - fit_round 26 received 8 results and 0 failures
[2026-01-21 20:48:58,537][flwr][INFO] - fit progress: (26, 0.0028885854817926886, {'rmse': 887.109174510105, 'mae': 325.2848205566406, 'r2': 0.9925861232772335, 'mape': 1.6557788848876953, 'accuracy_10': 99.25000071525574, 'accuracy_20': 99.90000128746033}, 246.9502159160329)
[2026-01-21 20:48:58,538][flwr][DEBUG] - evaluate_round 26: strategy sampled 6 clients (out of 12)
[2026-01-21 20:48:59,106][flwr][DEBUG] - evaluate_round 26 received 6 results and 0 failures
[2026-01-21 20:48:59,107][flwr][DEBUG] - fit_round 27: strategy sampled 8 clients (out of 12)
[2026-01-21 20:49:08,853][flwr][DEBUG] - fit_round 27 received 8 results and 0 failures
[2026-01-21 20:49:09,109][flwr][INFO] - fit progress: (27, 0.002778761211782694, {'rmse': 827.5929328480277, 'mae': 319.4516296386719, 'r2': 0.9935475480899799, 'mape': 1.6491893529891968, 'accuracy_10': 99.29999709129333, 'accuracy_20': 99.90000128746033}, 257.5222386249807)
[2026-01-21 20:49:09,110][flwr][DEBUG] - evaluate_round 27: strategy sampled 6 clients (out of 12)
[2026-01-21 20:49:09,240][flwr][DEBUG] - evaluate_round 27 received 6 results and 0 failures
[2026-01-21 20:49:09,240][flwr][DEBUG] - fit_round 28: strategy sampled 8 clients (out of 12)
[2026-01-21 20:49:12,561][flwr][DEBUG] - fit_round 28 received 8 results and 0 failures
[2026-01-21 20:49:12,806][flwr][INFO] - fit progress: (28, 0.002634516724385321, {'rmse': 816.059931929022, 'mae': 306.7182312011719, 'r2': 0.9937261329002844, 'mape': 1.6051418781280518, 'accuracy_10': 99.25000071525574, 'accuracy_20': 99.84999895095825}, 261.2188155410113)
[2026-01-21 20:49:12,806][flwr][DEBUG] - evaluate_round 28: strategy sampled 6 clients (out of 12)
[2026-01-21 20:49:12,924][flwr][DEBUG] - evaluate_round 28 received 6 results and 0 failures
[2026-01-21 20:49:12,925][flwr][DEBUG] - fit_round 29: strategy sampled 8 clients (out of 12)
[2026-01-21 20:49:16,457][flwr][DEBUG] - fit_round 29 received 8 results and 0 failures
[2026-01-21 20:49:16,703][flwr][INFO] - fit progress: (29, 0.0026525658536702395, {'rmse': 823.1321658761733, 'mae': 317.668701171875, 'r2': 0.9936169188878056, 'mape': 1.6356695890426636, 'accuracy_10': 99.15000200271606, 'accuracy_20': 99.84999895095825}, 265.11630033300025)
[2026-01-21 20:49:16,704][flwr][DEBUG] - evaluate_round 29: strategy sampled 6 clients (out of 12)
[2026-01-21 20:49:16,822][flwr][DEBUG] - evaluate_round 29 received 6 results and 0 failures
[2026-01-21 20:49:16,822][flwr][DEBUG] - fit_round 30: strategy sampled 8 clients (out of 12)
[2026-01-21 20:49:27,728][flwr][DEBUG] - fit_round 30 received 8 results and 0 failures
[2026-01-21 20:49:28,019][flwr][INFO] - fit progress: (30, 0.002499761371873319, {'rmse': 777.1601347212812, 'mae': 298.61444091796875, 'r2': 0.9943100004155917, 'mape': 1.5638408660888672, 'accuracy_10': 99.29999709129333, 'accuracy_20': 99.90000128746033}, 276.4316362499958)
[2026-01-21 20:49:28,020][flwr][DEBUG] - evaluate_round 30: strategy sampled 6 clients (out of 12)
[2026-01-21 20:49:28,171][flwr][DEBUG] - evaluate_round 30 received 6 results and 0 failures
[2026-01-21 20:49:28,171][flwr][DEBUG] - fit_round 31: strategy sampled 8 clients (out of 12)
[2026-01-21 20:49:34,393][flwr][DEBUG] - fit_round 31 received 8 results and 0 failures
[2026-01-21 20:49:34,619][flwr][INFO] - fit progress: (31, 0.0025715540694072844, {'rmse': 741.1962459430026, 'mae': 308.7127380371094, 'r2': 0.9948244362365405, 'mape': 1.62104332447052, 'accuracy_10': 99.19999837875366, 'accuracy_20': 99.90000128746033}, 283.03150600002846)
[2026-01-21 20:49:34,619][flwr][DEBUG] - evaluate_round 31: strategy sampled 6 clients (out of 12)
[2026-01-21 20:49:34,730][flwr][DEBUG] - evaluate_round 31 received 6 results and 0 failures
[2026-01-21 20:49:34,730][flwr][DEBUG] - fit_round 32: strategy sampled 8 clients (out of 12)
[2026-01-21 20:49:44,569][flwr][DEBUG] - fit_round 32 received 8 results and 0 failures
[2026-01-21 20:49:44,796][flwr][INFO] - fit progress: (32, 0.002458668377250433, {'rmse': 724.3799072310054, 'mae': 294.714111328125, 'r2': 0.9950566199441455, 'mape': 1.5643014907836914, 'accuracy_10': 99.29999709129333, 'accuracy_20': 99.90000128746033}, 293.20907275000354)
[2026-01-21 20:49:44,796][flwr][DEBUG] - evaluate_round 32: strategy sampled 6 clients (out of 12)
[2026-01-21 20:49:44,894][flwr][DEBUG] - evaluate_round 32 received 6 results and 0 failures
[2026-01-21 20:49:44,894][flwr][DEBUG] - fit_round 33: strategy sampled 8 clients (out of 12)
[2026-01-21 20:49:55,118][flwr][DEBUG] - fit_round 33 received 8 results and 0 failures
[2026-01-21 20:49:55,362][flwr][INFO] - fit progress: (33, 0.002474401188082993, {'rmse': 699.4108681597677, 'mae': 295.0796203613281, 'r2': 0.9953915385143148, 'mape': 1.5827466249465942, 'accuracy_10': 99.25000071525574, 'accuracy_20': 99.90000128746033}, 303.77506479102885)
[2026-01-21 20:49:55,362][flwr][DEBUG] - evaluate_round 33: strategy sampled 6 clients (out of 12)
[2026-01-21 20:49:55,547][flwr][DEBUG] - evaluate_round 33 received 6 results and 0 failures
[2026-01-21 20:49:55,547][flwr][DEBUG] - fit_round 34: strategy sampled 8 clients (out of 12)
[2026-01-21 20:50:05,956][flwr][DEBUG] - fit_round 34 received 8 results and 0 failures
[2026-01-21 20:50:06,219][flwr][INFO] - fit progress: (34, 0.002540429904125631, {'rmse': 700.2029170176314, 'mae': 286.4596252441406, 'r2': 0.995381094758941, 'mape': 1.54857337474823, 'accuracy_10': 99.29999709129333, 'accuracy_20': 99.90000128746033}, 314.6316666249768)
[2026-01-21 20:50:06,219][flwr][DEBUG] - evaluate_round 34: strategy sampled 6 clients (out of 12)
[2026-01-21 20:50:06,380][flwr][DEBUG] - evaluate_round 34 received 6 results and 0 failures
[2026-01-21 20:50:06,380][flwr][DEBUG] - fit_round 35: strategy sampled 8 clients (out of 12)
[2026-01-21 20:50:16,790][flwr][DEBUG] - fit_round 35 received 8 results and 0 failures
[2026-01-21 20:50:17,038][flwr][INFO] - fit progress: (35, 0.0026615729918703437, {'rmse': 704.3537374785485, 'mae': 299.8373107910156, 'r2': 0.9953261706083822, 'mape': 1.6100436449050903, 'accuracy_10': 99.29999709129333, 'accuracy_20': 99.90000128746033}, 325.45144120801706)
[2026-01-21 20:50:17,039][flwr][DEBUG] - evaluate_round 35: strategy sampled 6 clients (out of 12)
[2026-01-21 20:50:17,256][flwr][DEBUG] - evaluate_round 35 received 6 results and 0 failures
[2026-01-21 20:50:17,256][flwr][DEBUG] - fit_round 36: strategy sampled 8 clients (out of 12)
[2026-01-21 20:50:23,341][flwr][DEBUG] - fit_round 36 received 8 results and 0 failures
[2026-01-21 20:50:23,589][flwr][INFO] - fit progress: (36, 0.0024155005645006894, {'rmse': 688.1764399483609, 'mae': 282.91729736328125, 'r2': 0.9955383980398427, 'mape': 1.5498321056365967, 'accuracy_10': 99.25000071525574, 'accuracy_20': 99.90000128746033}, 332.0022892500274)
[2026-01-21 20:50:23,590][flwr][DEBUG] - evaluate_round 36: strategy sampled 6 clients (out of 12)
[2026-01-21 20:50:23,692][flwr][DEBUG] - evaluate_round 36 received 6 results and 0 failures
[2026-01-21 20:50:23,692][flwr][DEBUG] - fit_round 37: strategy sampled 8 clients (out of 12)
[2026-01-21 20:50:33,735][flwr][DEBUG] - fit_round 37 received 8 results and 0 failures
[2026-01-21 20:50:33,989][flwr][INFO] - fit progress: (37, 0.0024123340947553515, {'rmse': 710.4048141728771, 'mae': 290.1323547363281, 'r2': 0.9952455200844628, 'mape': 1.5468535423278809, 'accuracy_10': 99.25000071525574, 'accuracy_20': 99.90000128746033}, 342.4024348750245)
[2026-01-21 20:50:33,990][flwr][DEBUG] - evaluate_round 37: strategy sampled 6 clients (out of 12)
[2026-01-21 20:50:34,112][flwr][DEBUG] - evaluate_round 37 received 6 results and 0 failures
[2026-01-21 20:50:34,113][flwr][DEBUG] - fit_round 38: strategy sampled 8 clients (out of 12)
[2026-01-21 20:50:41,456][flwr][DEBUG] - fit_round 38 received 8 results and 0 failures
[2026-01-21 20:50:41,741][flwr][INFO] - fit progress: (38, 0.0022985127251595257, {'rmse': 665.1773729615282, 'mae': 281.7483825683594, 'r2': 0.9958316311245078, 'mape': 1.5337896347045898, 'accuracy_10': 99.19999837875366, 'accuracy_20': 99.90000128746033}, 350.1541568749817)
[2026-01-21 20:50:41,742][flwr][DEBUG] - evaluate_round 38: strategy sampled 6 clients (out of 12)
[2026-01-21 20:50:41,890][flwr][DEBUG] - evaluate_round 38 received 6 results and 0 failures
[2026-01-21 20:50:41,890][flwr][DEBUG] - fit_round 39: strategy sampled 8 clients (out of 12)
[2026-01-21 20:50:46,166][flwr][DEBUG] - fit_round 39 received 8 results and 0 failures
[2026-01-21 20:50:46,662][flwr][INFO] - fit progress: (39, 0.002223053343594074, {'rmse': 661.2843327570978, 'mae': 282.5699768066406, 'r2': 0.9958802802189771, 'mape': 1.52820885181427, 'accuracy_10': 99.15000200271606, 'accuracy_20': 99.90000128746033}, 355.0754339999985)
[2026-01-21 20:50:46,663][flwr][DEBUG] - evaluate_round 39: strategy sampled 6 clients (out of 12)
[2026-01-21 20:50:46,876][flwr][DEBUG] - evaluate_round 39 received 6 results and 0 failures
[2026-01-21 20:50:46,876][flwr][DEBUG] - fit_round 40: strategy sampled 8 clients (out of 12)
