[2026-01-22 23:21:04,831][flwr][INFO] - Starting Flower simulation, config: ServerConfig(num_rounds=35, round_timeout=None)
[2026-01-22 23:21:09,773][flwr][INFO] - Flower VCE: Ray initialized with resources: {'node:127.0.0.1': 1.0, 'memory': 12102878004.0, 'CPU': 10.0, 'object_store_memory': 2147483648.0}
[2026-01-22 23:21:09,773][flwr][INFO] - Initializing global parameters
[2026-01-22 23:21:09,774][flwr][INFO] - Requesting initial parameters from one random client
[2026-01-22 23:21:13,073][flwr][INFO] - Received initial parameters from one random client
[2026-01-22 23:21:13,073][flwr][INFO] - Evaluating initial parameters
[2026-01-22 23:21:13,172][flwr][INFO] - initial parameters (loss, other metrics): 1101490176.0, {'rmse': 33188.705548725455, 'mae': 24047.548828125, 'r2': -7.768082618713379}
[2026-01-22 23:21:13,172][flwr][INFO] - FL starting
[2026-01-22 23:21:13,174][flwr][DEBUG] - fit_round 1: strategy sampled 12 clients (out of 12)
[2026-01-22 23:21:23,229][flwr][DEBUG] - fit_round 1 received 12 results and 0 failures
[2026-01-22 23:21:23,242][flwr][WARNING] - No fit_metrics_aggregation_fn provided
[2026-01-22 23:21:23,285][flwr][INFO] - fit progress: (1, 85986200.0, {'rmse': 9272.874419509842, 'mae': 6227.873046875, 'r2': 0.3155326247215271}, 10.112578874977771)
[2026-01-22 23:21:23,285][flwr][DEBUG] - evaluate_round 1: strategy sampled 12 clients (out of 12)
[2026-01-22 23:21:23,354][flwr][DEBUG] - evaluate_round 1 received 12 results and 0 failures
[2026-01-22 23:21:23,354][flwr][WARNING] - No evaluate_metrics_aggregation_fn provided
[2026-01-22 23:21:23,355][flwr][DEBUG] - fit_round 2: strategy sampled 12 clients (out of 12)
[2026-01-22 23:21:31,792][flwr][DEBUG] - fit_round 2 received 12 results and 0 failures
[2026-01-22 23:21:31,843][flwr][INFO] - fit progress: (2, 67094644.0, {'rmse': 8191.132034096386, 'mae': 5389.77392578125, 'r2': 0.46591317653656006}, 18.67025820800336)
[2026-01-22 23:21:31,843][flwr][DEBUG] - evaluate_round 2: strategy sampled 12 clients (out of 12)
[2026-01-22 23:21:34,832][flwr][DEBUG] - evaluate_round 2 received 12 results and 0 failures
[2026-01-22 23:21:34,832][flwr][DEBUG] - fit_round 3: strategy sampled 12 clients (out of 12)
[2026-01-22 23:21:43,260][flwr][DEBUG] - fit_round 3 received 12 results and 0 failures
[2026-01-22 23:21:43,316][flwr][INFO] - fit progress: (3, 56024180.0, {'rmse': 7484.930193395259, 'mae': 4846.58447265625, 'r2': 0.5540362596511841}, 30.143208874971606)
[2026-01-22 23:21:43,316][flwr][DEBUG] - evaluate_round 3: strategy sampled 12 clients (out of 12)
[2026-01-22 23:21:46,496][flwr][DEBUG] - evaluate_round 3 received 12 results and 0 failures
[2026-01-22 23:21:46,499][flwr][DEBUG] - fit_round 4: strategy sampled 12 clients (out of 12)
[2026-01-22 23:21:54,955][flwr][DEBUG] - fit_round 4 received 12 results and 0 failures
[2026-01-22 23:21:55,008][flwr][INFO] - fit progress: (4, 48544316.0, {'rmse': 6967.375115493639, 'mae': 4553.85205078125, 'r2': 0.6135774850845337}, 41.835615332995076)
[2026-01-22 23:21:55,008][flwr][DEBUG] - evaluate_round 4: strategy sampled 12 clients (out of 12)
[2026-01-22 23:21:58,136][flwr][DEBUG] - evaluate_round 4 received 12 results and 0 failures
[2026-01-22 23:21:58,137][flwr][DEBUG] - fit_round 5: strategy sampled 12 clients (out of 12)
[2026-01-22 23:22:06,927][flwr][DEBUG] - fit_round 5 received 12 results and 0 failures
[2026-01-22 23:22:06,979][flwr][INFO] - fit progress: (5, 41015076.0, {'rmse': 6404.301367050117, 'mae': 4154.0126953125, 'r2': 0.6735117435455322}, 53.806253875023685)
[2026-01-22 23:22:06,979][flwr][DEBUG] - evaluate_round 5: strategy sampled 12 clients (out of 12)
[2026-01-22 23:22:10,049][flwr][DEBUG] - evaluate_round 5 received 12 results and 0 failures
[2026-01-22 23:22:10,050][flwr][DEBUG] - fit_round 6: strategy sampled 12 clients (out of 12)
[2026-01-22 23:22:18,576][flwr][DEBUG] - fit_round 6 received 12 results and 0 failures
[2026-01-22 23:22:18,637][flwr][INFO] - fit progress: (6, 38839928.0, {'rmse': 6232.168803875582, 'mae': 3968.2080078125, 'r2': 0.690826416015625}, 65.4643160830019)
[2026-01-22 23:22:18,637][flwr][DEBUG] - evaluate_round 6: strategy sampled 12 clients (out of 12)
[2026-01-22 23:22:21,674][flwr][DEBUG] - evaluate_round 6 received 12 results and 0 failures
[2026-01-22 23:22:21,678][flwr][DEBUG] - fit_round 7: strategy sampled 12 clients (out of 12)
[2026-01-22 23:22:30,656][flwr][DEBUG] - fit_round 7 received 12 results and 0 failures
[2026-01-22 23:22:30,710][flwr][INFO] - fit progress: (7, 36636600.0, {'rmse': 6052.817525747823, 'mae': 3806.8515625, 'r2': 0.7083653211593628}, 77.53717683302239)
[2026-01-22 23:22:30,710][flwr][DEBUG] - evaluate_round 7: strategy sampled 12 clients (out of 12)
[2026-01-22 23:22:33,729][flwr][DEBUG] - evaluate_round 7 received 12 results and 0 failures
[2026-01-22 23:22:33,730][flwr][DEBUG] - fit_round 8: strategy sampled 12 clients (out of 12)
[2026-01-22 23:22:41,983][flwr][DEBUG] - fit_round 8 received 12 results and 0 failures
[2026-01-22 23:22:42,033][flwr][INFO] - fit progress: (8, 32653512.0, {'rmse': 5714.3251570067305, 'mae': 3660.822998046875, 'r2': 0.7400714755058289}, 88.86032695800532)
[2026-01-22 23:22:42,033][flwr][DEBUG] - evaluate_round 8: strategy sampled 12 clients (out of 12)
[2026-01-22 23:22:45,090][flwr][DEBUG] - evaluate_round 8 received 12 results and 0 failures
[2026-01-22 23:22:45,091][flwr][DEBUG] - fit_round 9: strategy sampled 12 clients (out of 12)
[2026-01-22 23:22:53,367][flwr][DEBUG] - fit_round 9 received 12 results and 0 failures
[2026-01-22 23:22:53,420][flwr][INFO] - fit progress: (9, 32657360.0, {'rmse': 5714.66184476387, 'mae': 3599.0185546875, 'r2': 0.7400408983230591}, 100.24693129200023)
[2026-01-22 23:22:53,420][flwr][DEBUG] - evaluate_round 9: strategy sampled 12 clients (out of 12)
[2026-01-22 23:22:53,482][flwr][DEBUG] - evaluate_round 9 received 12 results and 0 failures
[2026-01-22 23:22:53,483][flwr][DEBUG] - fit_round 10: strategy sampled 12 clients (out of 12)
[2026-01-22 23:23:01,589][flwr][DEBUG] - fit_round 10 received 12 results and 0 failures
[2026-01-22 23:23:01,639][flwr][INFO] - fit progress: (10, 28615480.0, {'rmse': 5349.343885001225, 'mae': 3400.34814453125, 'r2': 0.7722150087356567}, 108.46605862502474)
[2026-01-22 23:23:01,639][flwr][DEBUG] - evaluate_round 10: strategy sampled 12 clients (out of 12)
[2026-01-22 23:23:04,683][flwr][DEBUG] - evaluate_round 10 received 12 results and 0 failures
[2026-01-22 23:23:04,685][flwr][DEBUG] - fit_round 11: strategy sampled 12 clients (out of 12)
[2026-01-22 23:23:13,018][flwr][DEBUG] - fit_round 11 received 12 results and 0 failures
[2026-01-22 23:23:13,162][flwr][INFO] - fit progress: (11, 27187900.0, {'rmse': 5214.201760576589, 'mae': 3322.54541015625, 'r2': 0.7835788726806641}, 119.98957924998831)
[2026-01-22 23:23:13,163][flwr][DEBUG] - evaluate_round 11: strategy sampled 12 clients (out of 12)
[2026-01-22 23:23:16,258][flwr][DEBUG] - evaluate_round 11 received 12 results and 0 failures
[2026-01-22 23:23:16,259][flwr][DEBUG] - fit_round 12: strategy sampled 12 clients (out of 12)
[2026-01-22 23:23:24,735][flwr][DEBUG] - fit_round 12 received 12 results and 0 failures
[2026-01-22 23:23:24,785][flwr][INFO] - fit progress: (12, 26964726.0, {'rmse': 5192.757071152087, 'mae': 3288.4365234375, 'r2': 0.7853553891181946}, 131.61228225001832)
[2026-01-22 23:23:24,785][flwr][DEBUG] - evaluate_round 12: strategy sampled 12 clients (out of 12)
[2026-01-22 23:23:27,820][flwr][DEBUG] - evaluate_round 12 received 12 results and 0 failures
[2026-01-22 23:23:27,821][flwr][DEBUG] - fit_round 13: strategy sampled 12 clients (out of 12)
[2026-01-22 23:23:36,390][flwr][DEBUG] - fit_round 13 received 12 results and 0 failures
[2026-01-22 23:23:36,470][flwr][INFO] - fit progress: (13, 31043160.0, {'rmse': 5571.6388971289225, 'mae': 3430.656005859375, 'r2': 0.7528902292251587}, 143.29756024997914)
[2026-01-22 23:23:36,471][flwr][DEBUG] - evaluate_round 13: strategy sampled 12 clients (out of 12)
[2026-01-22 23:23:40,114][flwr][DEBUG] - evaluate_round 13 received 12 results and 0 failures
[2026-01-22 23:23:40,119][flwr][DEBUG] - fit_round 14: strategy sampled 12 clients (out of 12)
[2026-01-22 23:23:49,678][flwr][DEBUG] - fit_round 14 received 12 results and 0 failures
[2026-01-22 23:23:49,748][flwr][INFO] - fit progress: (14, 27051258.0, {'rmse': 5201.082387349772, 'mae': 3260.048828125, 'r2': 0.7846665382385254}, 156.57476691697957)
[2026-01-22 23:23:49,748][flwr][DEBUG] - evaluate_round 14: strategy sampled 12 clients (out of 12)
[2026-01-22 23:23:53,434][flwr][DEBUG] - evaluate_round 14 received 12 results and 0 failures
[2026-01-22 23:23:53,435][flwr][DEBUG] - fit_round 15: strategy sampled 12 clients (out of 12)
[2026-01-22 23:24:02,545][flwr][DEBUG] - fit_round 15 received 12 results and 0 failures
[2026-01-22 23:24:02,601][flwr][INFO] - fit progress: (15, 25405018.0, {'rmse': 5040.339075895589, 'mae': 3175.507568359375, 'r2': 0.7977709770202637}, 169.42775633302517)
[2026-01-22 23:24:02,601][flwr][DEBUG] - evaluate_round 15: strategy sampled 12 clients (out of 12)
