[2026-01-15 10:37:20,643][flwr][INFO] - Starting Flower simulation, config: ServerConfig(num_rounds=100, round_timeout=None)
[2026-01-15 10:37:25,759][flwr][INFO] - Flower VCE: Ray initialized with resources: {'node:127.0.0.1': 1.0, 'CPU': 10.0, 'object_store_memory': 2147483648.0, 'memory': 11746495284.0}
[2026-01-15 10:37:25,759][flwr][INFO] - Initializing global parameters
[2026-01-15 10:37:25,759][flwr][INFO] - Using initial parameters provided by strategy
[2026-01-15 10:37:25,759][flwr][INFO] - Evaluating initial parameters
[2026-01-15 10:37:25,871][flwr][INFO] - initial parameters (loss, other metrics): 275.8148798942566, {'accuracy': 0.3415}
[2026-01-15 10:37:25,871][flwr][INFO] - FL starting
[2026-01-15 10:37:25,873][flwr][DEBUG] - fit_round 1: strategy sampled 5 clients (out of 20)
[2026-01-15 10:37:30,349][flwr][DEBUG] - fit_round 1 received 5 results and 0 failures
[2026-01-15 10:37:30,434][flwr][INFO] - fit progress: (1, 197.15312856435776, {'accuracy': 0.6185}, 4.563134291995084)
[2026-01-15 10:37:30,434][flwr][INFO] - evaluate_round 1: no clients selected, cancel
[2026-01-15 10:37:30,437][flwr][DEBUG] - fit_round 2: strategy sampled 5 clients (out of 20)
[2026-01-15 10:37:31,236][flwr][DEBUG] - fit_round 2 received 5 results and 0 failures
[2026-01-15 10:37:31,315][flwr][INFO] - fit progress: (2, 249.91827929764986, {'accuracy': 0.6325}, 5.443940416997066)
[2026-01-15 10:37:31,315][flwr][INFO] - evaluate_round 2: no clients selected, cancel
[2026-01-15 10:37:31,317][flwr][DEBUG] - fit_round 3: strategy sampled 5 clients (out of 20)
[2026-01-15 10:37:32,050][flwr][DEBUG] - fit_round 3 received 5 results and 0 failures
[2026-01-15 10:37:32,122][flwr][INFO] - fit progress: (3, 388.1464323392138, {'accuracy': 0.6465}, 6.2512752920156345)
[2026-01-15 10:37:32,123][flwr][INFO] - evaluate_round 3: no clients selected, cancel
[2026-01-15 10:37:32,124][flwr][DEBUG] - fit_round 4: strategy sampled 5 clients (out of 20)
[2026-01-15 10:37:33,039][flwr][DEBUG] - fit_round 4 received 5 results and 0 failures
[2026-01-15 10:37:33,112][flwr][INFO] - fit progress: (4, 157.37796010077, {'accuracy': 0.6185}, 7.241232792002847)
[2026-01-15 10:37:33,113][flwr][INFO] - evaluate_round 4: no clients selected, cancel
[2026-01-15 10:37:33,113][flwr][DEBUG] - fit_round 5: strategy sampled 5 clients (out of 20)
[2026-01-15 10:37:33,999][flwr][DEBUG] - fit_round 5 received 5 results and 0 failures
[2026-01-15 10:37:34,072][flwr][INFO] - fit progress: (5, 147.75020770728588, {'accuracy': 0.643}, 8.200917917012703)
[2026-01-15 10:37:34,072][flwr][INFO] - evaluate_round 5: no clients selected, cancel
[2026-01-15 10:37:34,073][flwr][DEBUG] - fit_round 6: strategy sampled 5 clients (out of 20)
[2026-01-15 10:37:34,937][flwr][DEBUG] - fit_round 6 received 5 results and 0 failures
[2026-01-15 10:37:35,010][flwr][INFO] - fit progress: (6, 151.3250341117382, {'accuracy': 0.636}, 9.138606666994747)
[2026-01-15 10:37:35,010][flwr][INFO] - evaluate_round 6: no clients selected, cancel
[2026-01-15 10:37:35,011][flwr][DEBUG] - fit_round 7: strategy sampled 5 clients (out of 20)
[2026-01-15 10:37:35,902][flwr][DEBUG] - fit_round 7 received 5 results and 0 failures
[2026-01-15 10:37:35,975][flwr][INFO] - fit progress: (7, 139.7401874512434, {'accuracy': 0.651}, 10.103965125017567)
[2026-01-15 10:37:35,975][flwr][INFO] - evaluate_round 7: no clients selected, cancel
[2026-01-15 10:37:35,977][flwr][DEBUG] - fit_round 8: strategy sampled 5 clients (out of 20)
[2026-01-15 10:37:36,778][flwr][DEBUG] - fit_round 8 received 5 results and 0 failures
[2026-01-15 10:37:36,854][flwr][INFO] - fit progress: (8, 245.46599116176367, {'accuracy': 0.662}, 10.982887000020128)
[2026-01-15 10:37:36,854][flwr][INFO] - evaluate_round 8: no clients selected, cancel
[2026-01-15 10:37:36,855][flwr][DEBUG] - fit_round 9: strategy sampled 5 clients (out of 20)
[2026-01-15 10:37:37,737][flwr][DEBUG] - fit_round 9 received 5 results and 0 failures
[2026-01-15 10:37:37,842][flwr][INFO] - fit progress: (9, 160.55942011624575, {'accuracy': 0.662}, 11.971107542020036)
[2026-01-15 10:37:37,842][flwr][INFO] - evaluate_round 9: no clients selected, cancel
[2026-01-15 10:37:37,844][flwr][DEBUG] - fit_round 10: strategy sampled 5 clients (out of 20)
[2026-01-15 10:37:38,645][flwr][DEBUG] - fit_round 10 received 5 results and 0 failures
[2026-01-15 10:37:38,719][flwr][INFO] - fit progress: (10, 189.30406391620636, {'accuracy': 0.6155}, 12.847822375013493)
[2026-01-15 10:37:38,719][flwr][INFO] - evaluate_round 10: no clients selected, cancel
[2026-01-15 10:37:38,721][flwr][DEBUG] - fit_round 11: strategy sampled 5 clients (out of 20)
[2026-01-15 10:37:39,618][flwr][DEBUG] - fit_round 11 received 5 results and 0 failures
[2026-01-15 10:37:39,694][flwr][INFO] - fit progress: (11, 136.3032778352499, {'accuracy': 0.659}, 13.822350708011072)
[2026-01-15 10:37:39,694][flwr][INFO] - evaluate_round 11: no clients selected, cancel
[2026-01-15 10:37:39,695][flwr][DEBUG] - fit_round 12: strategy sampled 5 clients (out of 20)
[2026-01-15 10:37:40,516][flwr][DEBUG] - fit_round 12 received 5 results and 0 failures
[2026-01-15 10:37:40,613][flwr][INFO] - fit progress: (12, 308.7082033455372, {'accuracy': 0.661}, 14.74199608300114)
[2026-01-15 10:37:40,613][flwr][INFO] - evaluate_round 12: no clients selected, cancel
[2026-01-15 10:37:40,615][flwr][DEBUG] - fit_round 13: strategy sampled 5 clients (out of 20)
[2026-01-15 10:37:41,586][flwr][DEBUG] - fit_round 13 received 5 results and 0 failures
[2026-01-15 10:37:41,669][flwr][INFO] - fit progress: (13, 210.7085838355124, {'accuracy': 0.6615}, 15.79784091701731)
[2026-01-15 10:37:41,669][flwr][INFO] - evaluate_round 13: no clients selected, cancel
[2026-01-15 10:37:41,670][flwr][DEBUG] - fit_round 14: strategy sampled 5 clients (out of 20)
[2026-01-15 10:37:42,464][flwr][DEBUG] - fit_round 14 received 5 results and 0 failures
[2026-01-15 10:37:42,547][flwr][INFO] - fit progress: (14, 182.1593501791358, {'accuracy': 0.6615}, 16.675710708019324)
[2026-01-15 10:37:42,547][flwr][INFO] - evaluate_round 14: no clients selected, cancel
[2026-01-15 10:37:42,548][flwr][DEBUG] - fit_round 15: strategy sampled 5 clients (out of 20)
[2026-01-15 10:37:43,409][flwr][DEBUG] - fit_round 15 received 5 results and 0 failures
[2026-01-15 10:37:43,487][flwr][INFO] - fit progress: (15, 140.4774611517787, {'accuracy': 0.66}, 17.615928208018886)
[2026-01-15 10:37:43,487][flwr][INFO] - evaluate_round 15: no clients selected, cancel
[2026-01-15 10:37:43,489][flwr][DEBUG] - fit_round 16: strategy sampled 5 clients (out of 20)
[2026-01-15 10:37:45,153][flwr][DEBUG] - fit_round 16 received 5 results and 0 failures
[2026-01-15 10:37:45,227][flwr][INFO] - fit progress: (16, 140.2002256065607, {'accuracy': 0.6605}, 19.355687417002628)
[2026-01-15 10:37:45,227][flwr][INFO] - evaluate_round 16: no clients selected, cancel
[2026-01-15 10:37:45,228][flwr][DEBUG] - fit_round 17: strategy sampled 5 clients (out of 20)
[2026-01-15 10:37:47,008][flwr][DEBUG] - fit_round 17 received 5 results and 0 failures
[2026-01-15 10:37:47,080][flwr][INFO] - fit progress: (17, 145.4749799594283, {'accuracy': 0.6615}, 21.208601542020915)
[2026-01-15 10:37:47,080][flwr][INFO] - evaluate_round 17: no clients selected, cancel
[2026-01-15 10:37:47,081][flwr][DEBUG] - fit_round 18: strategy sampled 5 clients (out of 20)
[2026-01-15 10:37:49,564][flwr][DEBUG] - fit_round 18 received 5 results and 0 failures
[2026-01-15 10:37:49,655][flwr][INFO] - fit progress: (18, 187.47214107960463, {'accuracy': 0.638}, 23.784016499994323)
[2026-01-15 10:37:49,655][flwr][INFO] - evaluate_round 18: no clients selected, cancel
[2026-01-15 10:37:49,657][flwr][DEBUG] - fit_round 19: strategy sampled 5 clients (out of 20)
[2026-01-15 10:37:51,938][flwr][DEBUG] - fit_round 19 received 5 results and 0 failures
[2026-01-15 10:37:52,220][flwr][INFO] - fit progress: (19, 192.14660635590553, {'accuracy': 0.635}, 26.349107125017326)
[2026-01-15 10:37:52,221][flwr][INFO] - evaluate_round 19: no clients selected, cancel
[2026-01-15 10:37:52,226][flwr][DEBUG] - fit_round 20: strategy sampled 5 clients (out of 20)
[2026-01-15 10:37:54,351][flwr][DEBUG] - fit_round 20 received 5 results and 0 failures
[2026-01-15 10:37:54,450][flwr][INFO] - fit progress: (20, 222.15469788759947, {'accuracy': 0.664}, 28.578580208006315)
[2026-01-15 10:37:54,450][flwr][INFO] - evaluate_round 20: no clients selected, cancel
[2026-01-15 10:37:54,452][flwr][DEBUG] - fit_round 21: strategy sampled 5 clients (out of 20)
[2026-01-15 10:37:56,803][flwr][DEBUG] - fit_round 21 received 5 results and 0 failures
[2026-01-15 10:37:56,888][flwr][INFO] - fit progress: (21, 150.63309605419636, {'accuracy': 0.661}, 31.017159792012535)
[2026-01-15 10:37:56,889][flwr][INFO] - evaluate_round 21: no clients selected, cancel
[2026-01-15 10:37:56,892][flwr][DEBUG] - fit_round 22: strategy sampled 5 clients (out of 20)
[2026-01-15 10:37:58,587][flwr][DEBUG] - fit_round 22 received 5 results and 0 failures
[2026-01-15 10:37:58,665][flwr][INFO] - fit progress: (22, 168.04500900954008, {'accuracy': 0.663}, 32.79382775002159)
[2026-01-15 10:37:58,665][flwr][INFO] - evaluate_round 22: no clients selected, cancel
[2026-01-15 10:37:58,667][flwr][DEBUG] - fit_round 23: strategy sampled 5 clients (out of 20)
[2026-01-15 10:38:00,548][flwr][DEBUG] - fit_round 23 received 5 results and 0 failures
[2026-01-15 10:38:00,634][flwr][INFO] - fit progress: (23, 195.85795860737562, {'accuracy': 0.6635}, 34.76277712499723)
[2026-01-15 10:38:00,634][flwr][INFO] - evaluate_round 23: no clients selected, cancel
[2026-01-15 10:38:00,636][flwr][DEBUG] - fit_round 24: strategy sampled 5 clients (out of 20)
[2026-01-15 10:38:02,462][flwr][DEBUG] - fit_round 24 received 5 results and 0 failures
[2026-01-15 10:38:02,544][flwr][INFO] - fit progress: (24, 137.28402830660343, {'accuracy': 0.636}, 36.67324629201903)
[2026-01-15 10:38:02,545][flwr][INFO] - evaluate_round 24: no clients selected, cancel
[2026-01-15 10:38:02,546][flwr][DEBUG] - fit_round 25: strategy sampled 5 clients (out of 20)
[2026-01-15 10:38:04,149][flwr][DEBUG] - fit_round 25 received 5 results and 0 failures
[2026-01-15 10:38:04,259][flwr][INFO] - fit progress: (25, 285.7743966449052, {'accuracy': 0.664}, 38.38792520799325)
[2026-01-15 10:38:04,259][flwr][INFO] - evaluate_round 25: no clients selected, cancel
[2026-01-15 10:38:04,261][flwr][DEBUG] - fit_round 26: strategy sampled 5 clients (out of 20)
[2026-01-15 10:38:06,001][flwr][DEBUG] - fit_round 26 received 5 results and 0 failures
[2026-01-15 10:38:06,077][flwr][INFO] - fit progress: (26, 154.23537006229162, {'accuracy': 0.664}, 40.20612237500609)
[2026-01-15 10:38:06,077][flwr][INFO] - evaluate_round 26: no clients selected, cancel
[2026-01-15 10:38:06,079][flwr][DEBUG] - fit_round 27: strategy sampled 5 clients (out of 20)
[2026-01-15 10:38:08,039][flwr][DEBUG] - fit_round 27 received 5 results and 0 failures
[2026-01-15 10:38:08,128][flwr][INFO] - fit progress: (27, 143.41526409983635, {'accuracy': 0.638}, 42.25680558301974)
[2026-01-15 10:38:08,128][flwr][INFO] - evaluate_round 27: no clients selected, cancel
[2026-01-15 10:38:08,130][flwr][DEBUG] - fit_round 28: strategy sampled 5 clients (out of 20)
[2026-01-15 10:38:10,325][flwr][DEBUG] - fit_round 28 received 5 results and 0 failures
[2026-01-15 10:38:10,411][flwr][INFO] - fit progress: (28, 156.94421858340502, {'accuracy': 0.6645}, 44.539790000009816)
[2026-01-15 10:38:10,411][flwr][INFO] - evaluate_round 28: no clients selected, cancel
[2026-01-15 10:38:10,414][flwr][DEBUG] - fit_round 29: strategy sampled 5 clients (out of 20)
[2026-01-15 10:38:12,388][flwr][DEBUG] - fit_round 29 received 5 results and 0 failures
[2026-01-15 10:38:12,476][flwr][INFO] - fit progress: (29, 135.4293671399355, {'accuracy': 0.665}, 46.60522575001232)
[2026-01-15 10:38:12,477][flwr][INFO] - evaluate_round 29: no clients selected, cancel
[2026-01-15 10:38:12,478][flwr][DEBUG] - fit_round 30: strategy sampled 5 clients (out of 20)
[2026-01-15 10:38:14,505][flwr][DEBUG] - fit_round 30 received 5 results and 0 failures
[2026-01-15 10:38:14,588][flwr][INFO] - fit progress: (30, 144.42413674294949, {'accuracy': 0.6645}, 48.71682787500322)
[2026-01-15 10:38:14,588][flwr][INFO] - evaluate_round 30: no clients selected, cancel
[2026-01-15 10:38:14,590][flwr][DEBUG] - fit_round 31: strategy sampled 5 clients (out of 20)
[2026-01-15 10:38:16,433][flwr][DEBUG] - fit_round 31 received 5 results and 0 failures
[2026-01-15 10:38:16,508][flwr][INFO] - fit progress: (31, 179.29298016428947, {'accuracy': 0.638}, 50.63652420800645)
[2026-01-15 10:38:16,508][flwr][INFO] - evaluate_round 31: no clients selected, cancel
[2026-01-15 10:38:16,510][flwr][DEBUG] - fit_round 32: strategy sampled 5 clients (out of 20)
[2026-01-15 10:38:18,254][flwr][DEBUG] - fit_round 32 received 5 results and 0 failures
[2026-01-15 10:38:18,325][flwr][INFO] - fit progress: (32, 179.98411770910025, {'accuracy': 0.665}, 52.453772542008664)
[2026-01-15 10:38:18,325][flwr][INFO] - evaluate_round 32: no clients selected, cancel
[2026-01-15 10:38:18,327][flwr][DEBUG] - fit_round 33: strategy sampled 5 clients (out of 20)
[2026-01-15 10:38:20,014][flwr][DEBUG] - fit_round 33 received 5 results and 0 failures
[2026-01-15 10:38:20,088][flwr][INFO] - fit progress: (33, 181.4257329106331, {'accuracy': 0.665}, 54.21696070799953)
[2026-01-15 10:38:20,088][flwr][INFO] - evaluate_round 33: no clients selected, cancel
[2026-01-15 10:38:20,090][flwr][DEBUG] - fit_round 34: strategy sampled 5 clients (out of 20)
[2026-01-15 10:38:21,989][flwr][DEBUG] - fit_round 34 received 5 results and 0 failures
[2026-01-15 10:38:22,061][flwr][INFO] - fit progress: (34, 137.74311943352222, {'accuracy': 0.6635}, 56.19025650000549)
[2026-01-15 10:38:22,062][flwr][INFO] - evaluate_round 34: no clients selected, cancel
[2026-01-15 10:38:22,063][flwr][DEBUG] - fit_round 35: strategy sampled 5 clients (out of 20)
[2026-01-15 10:38:23,897][flwr][DEBUG] - fit_round 35 received 5 results and 0 failures
[2026-01-15 10:38:23,970][flwr][INFO] - fit progress: (35, 147.17670285701752, {'accuracy': 0.64}, 58.098793208017014)
[2026-01-15 10:38:23,970][flwr][INFO] - evaluate_round 35: no clients selected, cancel
[2026-01-15 10:38:23,971][flwr][DEBUG] - fit_round 36: strategy sampled 5 clients (out of 20)
[2026-01-15 10:38:25,801][flwr][DEBUG] - fit_round 36 received 5 results and 0 failures
[2026-01-15 10:38:25,872][flwr][INFO] - fit progress: (36, 151.25557762384415, {'accuracy': 0.6385}, 60.00123858300503)
[2026-01-15 10:38:25,873][flwr][INFO] - evaluate_round 36: no clients selected, cancel
[2026-01-15 10:38:25,874][flwr][DEBUG] - fit_round 37: strategy sampled 5 clients (out of 20)
[2026-01-15 10:38:27,559][flwr][DEBUG] - fit_round 37 received 5 results and 0 failures
[2026-01-15 10:38:27,634][flwr][INFO] - fit progress: (37, 142.10943223536015, {'accuracy': 0.6645}, 61.762734332995024)
[2026-01-15 10:38:27,634][flwr][INFO] - evaluate_round 37: no clients selected, cancel
[2026-01-15 10:38:27,635][flwr][DEBUG] - fit_round 38: strategy sampled 5 clients (out of 20)
[2026-01-15 10:38:29,727][flwr][DEBUG] - fit_round 38 received 5 results and 0 failures
[2026-01-15 10:38:29,800][flwr][INFO] - fit progress: (38, 136.7683708369732, {'accuracy': 0.666}, 63.92852270801086)
[2026-01-15 10:38:29,800][flwr][INFO] - evaluate_round 38: no clients selected, cancel
[2026-01-15 10:38:29,802][flwr][DEBUG] - fit_round 39: strategy sampled 5 clients (out of 20)
[2026-01-15 10:38:31,676][flwr][DEBUG] - fit_round 39 received 5 results and 0 failures
[2026-01-15 10:38:31,751][flwr][INFO] - fit progress: (39, 225.79163455963135, {'accuracy': 0.4475}, 65.87983116699615)
[2026-01-15 10:38:31,751][flwr][INFO] - evaluate_round 39: no clients selected, cancel
[2026-01-15 10:38:31,752][flwr][DEBUG] - fit_round 40: strategy sampled 5 clients (out of 20)
[2026-01-15 10:38:33,294][flwr][DEBUG] - fit_round 40 received 5 results and 0 failures
[2026-01-15 10:38:33,369][flwr][INFO] - fit progress: (40, 141.62292167544365, {'accuracy': 0.6655}, 67.49789275001967)
[2026-01-15 10:38:33,369][flwr][INFO] - evaluate_round 40: no clients selected, cancel
[2026-01-15 10:38:33,371][flwr][DEBUG] - fit_round 41: strategy sampled 5 clients (out of 20)
[2026-01-15 10:38:34,968][flwr][DEBUG] - fit_round 41 received 5 results and 0 failures
[2026-01-15 10:38:35,041][flwr][INFO] - fit progress: (41, 278.24768021609634, {'accuracy': 0.664}, 69.16942958300933)
[2026-01-15 10:38:35,041][flwr][INFO] - evaluate_round 41: no clients selected, cancel
[2026-01-15 10:38:35,042][flwr][DEBUG] - fit_round 42: strategy sampled 5 clients (out of 20)
[2026-01-15 10:38:36,897][flwr][DEBUG] - fit_round 42 received 5 results and 0 failures
[2026-01-15 10:38:36,969][flwr][INFO] - fit progress: (42, 157.5165813267231, {'accuracy': 0.6395}, 71.09801866702037)
[2026-01-15 10:38:36,969][flwr][INFO] - evaluate_round 42: no clients selected, cancel
[2026-01-15 10:38:36,971][flwr][DEBUG] - fit_round 43: strategy sampled 5 clients (out of 20)
[2026-01-15 10:38:38,644][flwr][DEBUG] - fit_round 43 received 5 results and 0 failures
[2026-01-15 10:38:38,719][flwr][INFO] - fit progress: (43, 213.37701942026615, {'accuracy': 0.664}, 72.8480801669939)
[2026-01-15 10:38:38,719][flwr][INFO] - evaluate_round 43: no clients selected, cancel
[2026-01-15 10:38:38,721][flwr][DEBUG] - fit_round 44: strategy sampled 5 clients (out of 20)
[2026-01-15 10:38:41,027][flwr][DEBUG] - fit_round 44 received 5 results and 0 failures
[2026-01-15 10:38:41,106][flwr][INFO] - fit progress: (44, 136.9407601058483, {'accuracy': 0.648}, 75.23488450000877)
[2026-01-15 10:38:41,106][flwr][INFO] - evaluate_round 44: no clients selected, cancel
[2026-01-15 10:38:41,108][flwr][DEBUG] - fit_round 45: strategy sampled 5 clients (out of 20)
[2026-01-15 10:38:43,043][flwr][DEBUG] - fit_round 45 received 5 results and 0 failures
[2026-01-15 10:38:43,117][flwr][INFO] - fit progress: (45, 135.86004480719566, {'accuracy': 0.6435}, 77.2461771670205)
[2026-01-15 10:38:43,117][flwr][INFO] - evaluate_round 45: no clients selected, cancel
[2026-01-15 10:38:43,119][flwr][DEBUG] - fit_round 46: strategy sampled 5 clients (out of 20)
[2026-01-15 10:38:44,816][flwr][DEBUG] - fit_round 46 received 5 results and 0 failures
[2026-01-15 10:38:44,889][flwr][INFO] - fit progress: (46, 184.06301156431437, {'accuracy': 0.665}, 79.01783650001744)
[2026-01-15 10:38:44,889][flwr][INFO] - evaluate_round 46: no clients selected, cancel
[2026-01-15 10:38:44,890][flwr][DEBUG] - fit_round 47: strategy sampled 5 clients (out of 20)
[2026-01-15 10:38:47,516][flwr][DEBUG] - fit_round 47 received 5 results and 0 failures
[2026-01-15 10:38:47,594][flwr][INFO] - fit progress: (47, 139.0803181231022, {'accuracy': 0.634}, 81.72287358299945)
[2026-01-15 10:38:47,594][flwr][INFO] - evaluate_round 47: no clients selected, cancel
[2026-01-15 10:38:47,598][flwr][DEBUG] - fit_round 48: strategy sampled 5 clients (out of 20)
[2026-01-15 10:38:49,534][flwr][DEBUG] - fit_round 48 received 5 results and 0 failures
[2026-01-15 10:38:49,629][flwr][INFO] - fit progress: (48, 146.51761509478092, {'accuracy': 0.6385}, 83.75794004200725)
[2026-01-15 10:38:49,629][flwr][INFO] - evaluate_round 48: no clients selected, cancel
[2026-01-15 10:38:49,631][flwr][DEBUG] - fit_round 49: strategy sampled 5 clients (out of 20)
[2026-01-15 10:38:51,420][flwr][DEBUG] - fit_round 49 received 5 results and 0 failures
[2026-01-15 10:38:51,520][flwr][INFO] - fit progress: (49, 246.73021635599434, {'accuracy': 0.6655}, 85.64912466701935)
[2026-01-15 10:38:51,521][flwr][INFO] - evaluate_round 49: no clients selected, cancel
[2026-01-15 10:38:51,525][flwr][DEBUG] - fit_round 50: strategy sampled 5 clients (out of 20)
[2026-01-15 10:38:54,135][flwr][DEBUG] - fit_round 50 received 5 results and 0 failures
[2026-01-15 10:38:54,214][flwr][INFO] - fit progress: (50, 142.75017830729485, {'accuracy': 0.6425}, 88.34286820801208)
[2026-01-15 10:38:54,214][flwr][INFO] - evaluate_round 50: no clients selected, cancel
[2026-01-15 10:38:54,216][flwr][DEBUG] - fit_round 51: strategy sampled 5 clients (out of 20)
[2026-01-15 10:38:56,182][flwr][DEBUG] - fit_round 51 received 5 results and 0 failures
[2026-01-15 10:38:56,257][flwr][INFO] - fit progress: (51, 150.67304918915033, {'accuracy': 0.6395}, 90.38611037499504)
[2026-01-15 10:38:56,257][flwr][INFO] - evaluate_round 51: no clients selected, cancel
[2026-01-15 10:38:56,259][flwr][DEBUG] - fit_round 52: strategy sampled 5 clients (out of 20)
[2026-01-15 10:38:58,179][flwr][DEBUG] - fit_round 52 received 5 results and 0 failures
[2026-01-15 10:38:58,253][flwr][INFO] - fit progress: (52, 150.58918723464012, {'accuracy': 0.6645}, 92.3822545830044)
[2026-01-15 10:38:58,254][flwr][INFO] - evaluate_round 52: no clients selected, cancel
[2026-01-15 10:38:58,255][flwr][DEBUG] - fit_round 53: strategy sampled 5 clients (out of 20)
[2026-01-15 10:39:00,614][flwr][DEBUG] - fit_round 53 received 5 results and 0 failures
[2026-01-15 10:39:00,733][flwr][INFO] - fit progress: (53, 166.9598090276122, {'accuracy': 0.665}, 94.86166608301573)
[2026-01-15 10:39:00,733][flwr][INFO] - evaluate_round 53: no clients selected, cancel
[2026-01-15 10:39:00,736][flwr][DEBUG] - fit_round 54: strategy sampled 5 clients (out of 20)
[2026-01-15 10:39:03,730][flwr][DEBUG] - fit_round 54 received 5 results and 0 failures
[2026-01-15 10:39:03,840][flwr][INFO] - fit progress: (54, 155.54958122968674, {'accuracy': 0.665}, 97.96930175001035)
[2026-01-15 10:39:03,841][flwr][INFO] - evaluate_round 54: no clients selected, cancel
[2026-01-15 10:39:03,843][flwr][DEBUG] - fit_round 55: strategy sampled 5 clients (out of 20)
[2026-01-15 10:39:06,837][flwr][DEBUG] - fit_round 55 received 5 results and 0 failures
[2026-01-15 10:39:06,932][flwr][INFO] - fit progress: (55, 140.94564355909824, {'accuracy': 0.64}, 101.06068454199703)
[2026-01-15 10:39:06,932][flwr][INFO] - evaluate_round 55: no clients selected, cancel
[2026-01-15 10:39:06,934][flwr][DEBUG] - fit_round 56: strategy sampled 5 clients (out of 20)
[2026-01-15 10:39:08,888][flwr][DEBUG] - fit_round 56 received 5 results and 0 failures
[2026-01-15 10:39:08,969][flwr][INFO] - fit progress: (56, 152.05153355002403, {'accuracy': 0.6655}, 103.09761929200613)
[2026-01-15 10:39:08,969][flwr][INFO] - evaluate_round 56: no clients selected, cancel
[2026-01-15 10:39:08,971][flwr][DEBUG] - fit_round 57: strategy sampled 5 clients (out of 20)
[2026-01-15 10:39:11,451][flwr][DEBUG] - fit_round 57 received 5 results and 0 failures
[2026-01-15 10:39:11,530][flwr][INFO] - fit progress: (57, 142.09392258524895, {'accuracy': 0.6655}, 105.65862133301562)
[2026-01-15 10:39:11,530][flwr][INFO] - evaluate_round 57: no clients selected, cancel
[2026-01-15 10:39:11,532][flwr][DEBUG] - fit_round 58: strategy sampled 5 clients (out of 20)
[2026-01-15 10:39:13,515][flwr][DEBUG] - fit_round 58 received 5 results and 0 failures
[2026-01-15 10:39:13,596][flwr][INFO] - fit progress: (58, 184.02435806393623, {'accuracy': 0.6375}, 107.72473808299401)
[2026-01-15 10:39:13,596][flwr][INFO] - evaluate_round 58: no clients selected, cancel
[2026-01-15 10:39:13,597][flwr][DEBUG] - fit_round 59: strategy sampled 5 clients (out of 20)
[2026-01-15 10:39:15,446][flwr][DEBUG] - fit_round 59 received 5 results and 0 failures
[2026-01-15 10:39:15,522][flwr][INFO] - fit progress: (59, 155.50542273372412, {'accuracy': 0.6655}, 109.65087116701761)
[2026-01-15 10:39:15,522][flwr][INFO] - evaluate_round 59: no clients selected, cancel
[2026-01-15 10:39:15,523][flwr][DEBUG] - fit_round 60: strategy sampled 5 clients (out of 20)
[2026-01-15 10:39:17,683][flwr][DEBUG] - fit_round 60 received 5 results and 0 failures
[2026-01-15 10:39:17,801][flwr][INFO] - fit progress: (60, 172.18339209258556, {'accuracy': 0.6645}, 111.93019745801575)
[2026-01-15 10:39:17,801][flwr][INFO] - evaluate_round 60: no clients selected, cancel
[2026-01-15 10:39:17,804][flwr][DEBUG] - fit_round 61: strategy sampled 5 clients (out of 20)
[2026-01-15 10:39:20,240][flwr][DEBUG] - fit_round 61 received 5 results and 0 failures
[2026-01-15 10:39:20,353][flwr][INFO] - fit progress: (61, 169.26874193549156, {'accuracy': 0.6385}, 114.48204637502204)
[2026-01-15 10:39:20,353][flwr][INFO] - evaluate_round 61: no clients selected, cancel
[2026-01-15 10:39:20,355][flwr][DEBUG] - fit_round 62: strategy sampled 5 clients (out of 20)
[2026-01-15 10:39:22,436][flwr][DEBUG] - fit_round 62 received 5 results and 0 failures
[2026-01-15 10:39:22,520][flwr][INFO] - fit progress: (62, 211.7278915271163, {'accuracy': 0.665}, 116.64845466701081)
[2026-01-15 10:39:22,520][flwr][INFO] - evaluate_round 62: no clients selected, cancel
[2026-01-15 10:39:22,521][flwr][DEBUG] - fit_round 63: strategy sampled 5 clients (out of 20)
[2026-01-15 10:39:24,640][flwr][DEBUG] - fit_round 63 received 5 results and 0 failures
[2026-01-15 10:39:24,721][flwr][INFO] - fit progress: (63, 141.1039481461048, {'accuracy': 0.6645}, 118.84940191701753)
[2026-01-15 10:39:24,721][flwr][INFO] - evaluate_round 63: no clients selected, cancel
[2026-01-15 10:39:24,723][flwr][DEBUG] - fit_round 64: strategy sampled 5 clients (out of 20)
[2026-01-15 10:39:26,599][flwr][DEBUG] - fit_round 64 received 5 results and 0 failures
[2026-01-15 10:39:26,684][flwr][INFO] - fit progress: (64, 144.03795234113932, {'accuracy': 0.664}, 120.81333666699356)
[2026-01-15 10:39:26,685][flwr][INFO] - evaluate_round 64: no clients selected, cancel
[2026-01-15 10:39:26,686][flwr][DEBUG] - fit_round 65: strategy sampled 5 clients (out of 20)
[2026-01-15 10:39:28,834][flwr][DEBUG] - fit_round 65 received 5 results and 0 failures
[2026-01-15 10:39:28,942][flwr][INFO] - fit progress: (65, 135.43841567635536, {'accuracy': 0.6645}, 123.07098229200346)
[2026-01-15 10:39:28,942][flwr][INFO] - evaluate_round 65: no clients selected, cancel
[2026-01-15 10:39:28,945][flwr][DEBUG] - fit_round 66: strategy sampled 5 clients (out of 20)
[2026-01-15 10:39:31,470][flwr][DEBUG] - fit_round 66 received 5 results and 0 failures
[2026-01-15 10:39:31,553][flwr][INFO] - fit progress: (66, 170.23519783467054, {'accuracy': 0.665}, 125.68170075002126)
[2026-01-15 10:39:31,553][flwr][INFO] - evaluate_round 66: no clients selected, cancel
[2026-01-15 10:39:31,556][flwr][DEBUG] - fit_round 67: strategy sampled 5 clients (out of 20)
[2026-01-15 10:39:34,350][flwr][DEBUG] - fit_round 67 received 5 results and 0 failures
[2026-01-15 10:39:34,457][flwr][INFO] - fit progress: (67, 134.66853040456772, {'accuracy': 0.665}, 128.58580150001217)
[2026-01-15 10:39:34,457][flwr][INFO] - evaluate_round 67: no clients selected, cancel
[2026-01-15 10:39:34,460][flwr][DEBUG] - fit_round 68: strategy sampled 5 clients (out of 20)
[2026-01-15 10:39:36,830][flwr][DEBUG] - fit_round 68 received 5 results and 0 failures
[2026-01-15 10:39:36,930][flwr][INFO] - fit progress: (68, 136.88150003552437, {'accuracy': 0.6645}, 131.0592162499961)
[2026-01-15 10:39:36,931][flwr][INFO] - evaluate_round 68: no clients selected, cancel
[2026-01-15 10:39:36,933][flwr][DEBUG] - fit_round 69: strategy sampled 5 clients (out of 20)
[2026-01-15 10:39:38,865][flwr][DEBUG] - fit_round 69 received 5 results and 0 failures
[2026-01-15 10:39:38,943][flwr][INFO] - fit progress: (69, 208.4366552941501, {'accuracy': 0.664}, 133.07207525000558)
[2026-01-15 10:39:38,943][flwr][INFO] - evaluate_round 69: no clients selected, cancel
[2026-01-15 10:39:38,945][flwr][DEBUG] - fit_round 70: strategy sampled 5 clients (out of 20)
[2026-01-15 10:39:41,434][flwr][DEBUG] - fit_round 70 received 5 results and 0 failures
[2026-01-15 10:39:41,517][flwr][INFO] - fit progress: (70, 138.3994734287262, {'accuracy': 0.635}, 135.64545370801352)
[2026-01-15 10:39:41,517][flwr][INFO] - evaluate_round 70: no clients selected, cancel
[2026-01-15 10:39:41,518][flwr][DEBUG] - fit_round 71: strategy sampled 5 clients (out of 20)
[2026-01-15 10:39:43,346][flwr][DEBUG] - fit_round 71 received 5 results and 0 failures
[2026-01-15 10:39:43,425][flwr][INFO] - fit progress: (71, 144.28296494483948, {'accuracy': 0.6405}, 137.5541637080023)
[2026-01-15 10:39:43,425][flwr][INFO] - evaluate_round 71: no clients selected, cancel
[2026-01-15 10:39:43,427][flwr][DEBUG] - fit_round 72: strategy sampled 5 clients (out of 20)
[2026-01-15 10:39:45,501][flwr][DEBUG] - fit_round 72 received 5 results and 0 failures
[2026-01-15 10:39:45,625][flwr][INFO] - fit progress: (72, 152.04273595660925, {'accuracy': 0.6655}, 139.7533972079982)
[2026-01-15 10:39:45,625][flwr][INFO] - evaluate_round 72: no clients selected, cancel
[2026-01-15 10:39:45,628][flwr][DEBUG] - fit_round 73: strategy sampled 5 clients (out of 20)
[2026-01-15 10:39:48,048][flwr][DEBUG] - fit_round 73 received 5 results and 0 failures
[2026-01-15 10:39:48,131][flwr][INFO] - fit progress: (73, 138.71009358763695, {'accuracy': 0.665}, 142.2599225830054)
[2026-01-15 10:39:48,131][flwr][INFO] - evaluate_round 73: no clients selected, cancel
[2026-01-15 10:39:48,134][flwr][DEBUG] - fit_round 74: strategy sampled 5 clients (out of 20)
[2026-01-15 10:39:50,710][flwr][DEBUG] - fit_round 74 received 5 results and 0 failures
[2026-01-15 10:39:50,802][flwr][INFO] - fit progress: (74, 147.75553558021784, {'accuracy': 0.666}, 144.9312773749989)
[2026-01-15 10:39:50,803][flwr][INFO] - evaluate_round 74: no clients selected, cancel
[2026-01-15 10:39:50,805][flwr][DEBUG] - fit_round 75: strategy sampled 5 clients (out of 20)
[2026-01-15 10:39:52,811][flwr][DEBUG] - fit_round 75 received 5 results and 0 failures
[2026-01-15 10:39:52,888][flwr][INFO] - fit progress: (75, 192.1054602973163, {'accuracy': 0.665}, 147.01698091701837)
[2026-01-15 10:39:52,888][flwr][INFO] - evaluate_round 75: no clients selected, cancel
[2026-01-15 10:39:52,890][flwr][DEBUG] - fit_round 76: strategy sampled 5 clients (out of 20)
[2026-01-15 10:39:54,652][flwr][DEBUG] - fit_round 76 received 5 results and 0 failures
[2026-01-15 10:39:54,731][flwr][INFO] - fit progress: (76, 207.7642729729414, {'accuracy': 0.665}, 148.859695207997)
[2026-01-15 10:39:54,731][flwr][INFO] - evaluate_round 76: no clients selected, cancel
[2026-01-15 10:39:54,732][flwr][DEBUG] - fit_round 77: strategy sampled 5 clients (out of 20)
[2026-01-15 10:39:56,678][flwr][DEBUG] - fit_round 77 received 5 results and 0 failures
[2026-01-15 10:39:56,757][flwr][INFO] - fit progress: (77, 135.89669986069202, {'accuracy': 0.665}, 150.88587070800713)
[2026-01-15 10:39:56,757][flwr][INFO] - evaluate_round 77: no clients selected, cancel
[2026-01-15 10:39:56,759][flwr][DEBUG] - fit_round 78: strategy sampled 5 clients (out of 20)
[2026-01-15 10:39:58,826][flwr][DEBUG] - fit_round 78 received 5 results and 0 failures
[2026-01-15 10:39:58,910][flwr][INFO] - fit progress: (78, 135.83608503639698, {'accuracy': 0.6385}, 153.03899387500132)
[2026-01-15 10:39:58,910][flwr][INFO] - evaluate_round 78: no clients selected, cancel
[2026-01-15 10:39:58,912][flwr][DEBUG] - fit_round 79: strategy sampled 5 clients (out of 20)
[2026-01-15 10:40:01,379][flwr][DEBUG] - fit_round 79 received 5 results and 0 failures
[2026-01-15 10:40:01,462][flwr][INFO] - fit progress: (79, 137.66207738220692, {'accuracy': 0.665}, 155.59098633300164)
[2026-01-15 10:40:01,462][flwr][INFO] - evaluate_round 79: no clients selected, cancel
[2026-01-15 10:40:01,464][flwr][DEBUG] - fit_round 80: strategy sampled 5 clients (out of 20)
[2026-01-15 10:40:03,638][flwr][DEBUG] - fit_round 80 received 5 results and 0 failures
[2026-01-15 10:40:03,732][flwr][INFO] - fit progress: (80, 186.7303672991693, {'accuracy': 0.6655}, 157.8610345000052)
[2026-01-15 10:40:03,732][flwr][INFO] - evaluate_round 80: no clients selected, cancel
[2026-01-15 10:40:03,734][flwr][DEBUG] - fit_round 81: strategy sampled 5 clients (out of 20)
[2026-01-15 10:40:05,838][flwr][DEBUG] - fit_round 81 received 5 results and 0 failures
[2026-01-15 10:40:05,947][flwr][INFO] - fit progress: (81, 219.23308116570115, {'accuracy': 0.665}, 160.07610687499982)
[2026-01-15 10:40:05,947][flwr][INFO] - evaluate_round 81: no clients selected, cancel
[2026-01-15 10:40:05,950][flwr][DEBUG] - fit_round 82: strategy sampled 5 clients (out of 20)
[2026-01-15 10:40:08,232][flwr][DEBUG] - fit_round 82 received 5 results and 0 failures
[2026-01-15 10:40:08,312][flwr][INFO] - fit progress: (82, 152.90523079037666, {'accuracy': 0.638}, 162.4408959580178)
[2026-01-15 10:40:08,312][flwr][INFO] - evaluate_round 82: no clients selected, cancel
[2026-01-15 10:40:08,314][flwr][DEBUG] - fit_round 83: strategy sampled 5 clients (out of 20)
[2026-01-15 10:40:10,095][flwr][DEBUG] - fit_round 83 received 5 results and 0 failures
[2026-01-15 10:40:10,176][flwr][INFO] - fit progress: (83, 306.99451711867005, {'accuracy': 0.665}, 164.30466083300416)
[2026-01-15 10:40:10,176][flwr][INFO] - evaluate_round 83: no clients selected, cancel
[2026-01-15 10:40:10,178][flwr][DEBUG] - fit_round 84: strategy sampled 5 clients (out of 20)
[2026-01-15 10:40:12,521][flwr][DEBUG] - fit_round 84 received 5 results and 0 failures
[2026-01-15 10:40:12,655][flwr][INFO] - fit progress: (84, 141.58107601106167, {'accuracy': 0.6645}, 166.78368133300683)
[2026-01-15 10:40:12,655][flwr][INFO] - evaluate_round 84: no clients selected, cancel
[2026-01-15 10:40:12,657][flwr][DEBUG] - fit_round 85: strategy sampled 5 clients (out of 20)
[2026-01-15 10:40:14,743][flwr][DEBUG] - fit_round 85 received 5 results and 0 failures
[2026-01-15 10:40:14,824][flwr][INFO] - fit progress: (85, 135.0584545135498, {'accuracy': 0.6315}, 168.9533980830165)
[2026-01-15 10:40:14,825][flwr][INFO] - evaluate_round 85: no clients selected, cancel
[2026-01-15 10:40:14,826][flwr][DEBUG] - fit_round 86: strategy sampled 5 clients (out of 20)
[2026-01-15 10:40:16,748][flwr][DEBUG] - fit_round 86 received 5 results and 0 failures
[2026-01-15 10:40:16,828][flwr][INFO] - fit progress: (86, 134.7048051804304, {'accuracy': 0.6535}, 170.95713562500896)
[2026-01-15 10:40:16,828][flwr][INFO] - evaluate_round 86: no clients selected, cancel
[2026-01-15 10:40:16,830][flwr][DEBUG] - fit_round 87: strategy sampled 5 clients (out of 20)
[2026-01-15 10:40:18,645][flwr][DEBUG] - fit_round 87 received 5 results and 0 failures
[2026-01-15 10:40:18,723][flwr][INFO] - fit progress: (87, 151.52067431807518, {'accuracy': 0.6655}, 172.8521610420139)
[2026-01-15 10:40:18,723][flwr][INFO] - evaluate_round 87: no clients selected, cancel
[2026-01-15 10:40:18,725][flwr][DEBUG] - fit_round 88: strategy sampled 5 clients (out of 20)
[2026-01-15 10:40:20,527][flwr][DEBUG] - fit_round 88 received 5 results and 0 failures
[2026-01-15 10:40:20,603][flwr][INFO] - fit progress: (88, 227.32987634837627, {'accuracy': 0.6655}, 174.73169700001017)
[2026-01-15 10:40:20,603][flwr][INFO] - evaluate_round 88: no clients selected, cancel
[2026-01-15 10:40:20,604][flwr][DEBUG] - fit_round 89: strategy sampled 5 clients (out of 20)
[2026-01-15 10:40:22,625][flwr][DEBUG] - fit_round 89 received 5 results and 0 failures
[2026-01-15 10:40:22,702][flwr][INFO] - fit progress: (89, 147.9509225860238, {'accuracy': 0.6395}, 176.83090512501076)
[2026-01-15 10:40:22,702][flwr][INFO] - evaluate_round 89: no clients selected, cancel
[2026-01-15 10:40:22,704][flwr][DEBUG] - fit_round 90: strategy sampled 5 clients (out of 20)
[2026-01-15 10:40:24,563][flwr][DEBUG] - fit_round 90 received 5 results and 0 failures
[2026-01-15 10:40:24,641][flwr][INFO] - fit progress: (90, 241.56259336136281, {'accuracy': 0.6655}, 178.77016858299612)
[2026-01-15 10:40:24,642][flwr][INFO] - evaluate_round 90: no clients selected, cancel
[2026-01-15 10:40:24,643][flwr][DEBUG] - fit_round 91: strategy sampled 5 clients (out of 20)
[2026-01-15 10:40:26,301][flwr][DEBUG] - fit_round 91 received 5 results and 0 failures
[2026-01-15 10:40:26,386][flwr][INFO] - fit progress: (91, 295.2359777847305, {'accuracy': 0.6665}, 180.5145637920068)
[2026-01-15 10:40:26,386][flwr][INFO] - evaluate_round 91: no clients selected, cancel
[2026-01-15 10:40:26,387][flwr][DEBUG] - fit_round 92: strategy sampled 5 clients (out of 20)
[2026-01-15 10:40:28,189][flwr][DEBUG] - fit_round 92 received 5 results and 0 failures
[2026-01-15 10:40:28,269][flwr][INFO] - fit progress: (92, 188.90790032595396, {'accuracy': 0.6645}, 182.39795325000887)
[2026-01-15 10:40:28,269][flwr][INFO] - evaluate_round 92: no clients selected, cancel
[2026-01-15 10:40:28,271][flwr][DEBUG] - fit_round 93: strategy sampled 5 clients (out of 20)
[2026-01-15 10:40:30,506][flwr][DEBUG] - fit_round 93 received 5 results and 0 failures
[2026-01-15 10:40:30,590][flwr][INFO] - fit progress: (93, 161.32709381729364, {'accuracy': 0.6655}, 184.718529958016)
[2026-01-15 10:40:30,590][flwr][INFO] - evaluate_round 93: no clients selected, cancel
[2026-01-15 10:40:30,592][flwr][DEBUG] - fit_round 94: strategy sampled 5 clients (out of 20)
[2026-01-15 10:40:32,472][flwr][DEBUG] - fit_round 94 received 5 results and 0 failures
[2026-01-15 10:40:32,550][flwr][INFO] - fit progress: (94, 143.4397740662098, {'accuracy': 0.6655}, 186.67892220799695)
[2026-01-15 10:40:32,550][flwr][INFO] - evaluate_round 94: no clients selected, cancel
[2026-01-15 10:40:32,551][flwr][DEBUG] - fit_round 95: strategy sampled 5 clients (out of 20)
[2026-01-15 10:40:34,486][flwr][DEBUG] - fit_round 95 received 5 results and 0 failures
[2026-01-15 10:40:34,565][flwr][INFO] - fit progress: (95, 165.3582384288311, {'accuracy': 0.6375}, 188.69373658299446)
[2026-01-15 10:40:34,565][flwr][INFO] - evaluate_round 95: no clients selected, cancel
[2026-01-15 10:40:34,566][flwr][DEBUG] - fit_round 96: strategy sampled 5 clients (out of 20)
[2026-01-15 10:40:36,622][flwr][DEBUG] - fit_round 96 received 5 results and 0 failures
[2026-01-15 10:40:36,700][flwr][INFO] - fit progress: (96, 140.5191229879856, {'accuracy': 0.665}, 190.829360542004)
[2026-01-15 10:40:36,701][flwr][INFO] - evaluate_round 96: no clients selected, cancel
[2026-01-15 10:40:36,702][flwr][DEBUG] - fit_round 97: strategy sampled 5 clients (out of 20)
[2026-01-15 10:40:38,779][flwr][DEBUG] - fit_round 97 received 5 results and 0 failures
[2026-01-15 10:40:38,858][flwr][INFO] - fit progress: (97, 134.1612465083599, {'accuracy': 0.6635}, 192.9865375420195)
[2026-01-15 10:40:38,858][flwr][INFO] - evaluate_round 97: no clients selected, cancel
[2026-01-15 10:40:38,859][flwr][DEBUG] - fit_round 98: strategy sampled 5 clients (out of 20)
[2026-01-15 10:40:40,690][flwr][DEBUG] - fit_round 98 received 5 results and 0 failures
[2026-01-15 10:40:40,768][flwr][INFO] - fit progress: (98, 193.40708688646555, {'accuracy': 0.665}, 194.89738966702134)
[2026-01-15 10:40:40,769][flwr][INFO] - evaluate_round 98: no clients selected, cancel
[2026-01-15 10:40:40,770][flwr][DEBUG] - fit_round 99: strategy sampled 5 clients (out of 20)
[2026-01-15 10:40:42,526][flwr][DEBUG] - fit_round 99 received 5 results and 0 failures
[2026-01-15 10:40:42,607][flwr][INFO] - fit progress: (99, 234.99012835510075, {'accuracy': 0.6655}, 196.7362437499978)
[2026-01-15 10:40:42,607][flwr][INFO] - evaluate_round 99: no clients selected, cancel
[2026-01-15 10:40:42,609][flwr][DEBUG] - fit_round 100: strategy sampled 5 clients (out of 20)
[2026-01-15 10:40:44,582][flwr][DEBUG] - fit_round 100 received 5 results and 0 failures
[2026-01-15 10:40:44,660][flwr][INFO] - fit progress: (100, 173.84391918033361, {'accuracy': 0.6655}, 198.78890391701134)
[2026-01-15 10:40:44,660][flwr][INFO] - evaluate_round 100: no clients selected, cancel
[2026-01-15 10:40:44,660][flwr][INFO] - FL finished in 198.78914875001647
[2026-01-15 10:40:44,661][flwr][INFO] - app_fit: losses_distributed []
[2026-01-15 10:40:44,664][flwr][INFO] - app_fit: metrics_distributed_fit {'c_global_norm': [(1, 0.2003325218928457), (2, 0.1959514213094485), (3, 0.08370084525210565), (4, 0.10711995453384693), (5, 0.08090630847367788), (6, 0.06998426080130989), (7, 0.07022585249698565), (8, 0.081212770479682), (9, 0.0711783725697965), (10, 0.04998894507541255), (11, 0.04410204520389453), (12, 0.06593401457845523), (13, 0.047294476220891044), (14, 0.05488132208656681), (15, 0.029936810143373065), (16, 0.02246684609617532), (17, 0.030221170194143346), (18, 0.02567346061798984), (19, 0.018736229366865143), (20, 0.03540746618690278), (21, 0.021643966164708303), (22, 0.018931901992643142), (23, 0.022193450413218265), (24, 0.019213530734747884), (25, 0.02943044959990476), (26, 0.02545476273195577), (27, 0.02074762766695617), (28, 0.025027070571385923), (29, 0.016578718411235677), (30, 0.017563187192254033), (31, 0.019684817060269536), (32, 0.03067033494060619), (33, 0.015197151425848775), (34, 0.016363781249032792), (35, 0.017284480293513267), (36, 0.016139203877197205), (37, 0.016925842839342113), (38, 0.013193127636721882), (39, 0.01859645677735993), (40, 0.021959912437978606), (41, 0.024567803296956528), (42, 0.021000951699896422), (43, 0.022695064032318232), (44, 0.020766608435637567), (45, 0.01885922577715918), (46, 0.016660005895892345), (47, 0.013494777432626387), (48, 0.013931175797567539), (49, 0.021505495351999096), (50, 0.016826648646847207), (51, 0.01276051323633902), (52, 0.014967338805083094), (53, 0.015069825298078803), (54, 0.01202766854640668), (55, 0.011581123238733265), (56, 0.013384975059927076), (57, 0.011088132817264292), (58, 0.01319366235313165), (59, 0.01885248344710345), (60, 0.012582654324394725), (61, 0.017429590359749052), (62, 0.026229127261559997), (63, 0.011968675957179736), (64, 0.011404824644190778), (65, 0.011008685417965071), (66, 0.021972636044009664), (67, 0.01458029486796074), (68, 0.013047727225588812), (69, 0.01461325958209671), (70, 0.013035216578310405), (71, 0.014034258499411745), (72, 0.015292202343699197), (73, 0.011551458098930852), (74, 0.009835875715742435), (75, 0.02013144455176957), (76, 0.017984154774966662), (77, 0.018281039820016325), (78, 0.014042074280996639), (79, 0.022021059600365434), (80, 0.0313818197694041), (81, 0.012930834419260252), (82, 0.01941648839300062), (83, 0.036646854124171874), (84, 0.019299335112912964), (85, 0.012396050898488808), (86, 0.012304052932279028), (87, 0.012372090045064977), (88, 0.018274269514973605), (89, 0.015255799236111084), (90, 0.018994359012225823), (91, 0.024989059849381608), (92, 0.01255081946010707), (93, 0.010765843550812023), (94, 0.01586902688771849), (95, 0.01269258845847441), (96, 0.014751426344540172), (97, 0.01485275439605087), (98, 0.014942955872877016), (99, 0.016092363346800923), (100, 0.010754776733660126)], 'current_mu': [(1, 0.0), (2, 0.0), (3, 0.0), (4, 0.0), (5, 0.0), (6, 0.0), (7, 0.0), (8, 0.0), (9, 0.0), (10, 0.0), (11, 0.0), (12, 0.0), (13, 0.0), (14, 0.0), (15, 0.0), (16, 0.001), (17, 0.001), (18, 0.001), (19, 0.001), (20, 0.002), (21, 0.002), (22, 0.002), (23, 0.002), (24, 0.002), (25, 0.004), (26, 0.004), (27, 0.004), (28, 0.004), (29, 0.004), (30, 0.008), (31, 0.008), (32, 0.008), (33, 0.008), (34, 0.008), (35, 0.016), (36, 0.016), (37, 0.016), (38, 0.016), (39, 0.016), (40, 0.032), (41, 0.032), (42, 0.032), (43, 0.032), (44, 0.032), (45, 0.064), (46, 0.064), (47, 0.064), (48, 0.064), (49, 0.064), (50, 0.128), (51, 0.128), (52, 0.128), (53, 0.128), (54, 0.128), (55, 0.256), (56, 0.256), (57, 0.256), (58, 0.256), (59, 0.256), (60, 0.3), (61, 0.3), (62, 0.3), (63, 0.3), (64, 0.3), (65, 0.3), (66, 0.3), (67, 0.3), (68, 0.3), (69, 0.3), (70, 0.3), (71, 0.3), (72, 0.3), (73, 0.3), (74, 0.3), (75, 0.3), (76, 0.3), (77, 0.3), (78, 0.3), (79, 0.3), (80, 0.3), (81, 0.3), (82, 0.3), (83, 0.3), (84, 0.3), (85, 0.3), (86, 0.3), (87, 0.3), (88, 0.3), (89, 0.3), (90, 0.3), (91, 0.3), (92, 0.3), (93, 0.3), (94, 0.3), (95, 0.3), (96, 0.3), (97, 0.3), (98, 0.3), (99, 0.3), (100, 0.3)], 'phase': [(1, 'Phase1_SCAFFOLD'), (2, 'Phase1_SCAFFOLD'), (3, 'Phase1_SCAFFOLD'), (4, 'Phase1_SCAFFOLD'), (5, 'Phase1_SCAFFOLD'), (6, 'Phase1_SCAFFOLD'), (7, 'Phase1_SCAFFOLD'), (8, 'Phase1_SCAFFOLD'), (9, 'Phase1_SCAFFOLD'), (10, 'Phase1_SCAFFOLD'), (11, 'Phase1_SCAFFOLD'), (12, 'Phase1_SCAFFOLD'), (13, 'Phase1_SCAFFOLD'), (14, 'Phase1_SCAFFOLD'), (15, 'Phase1_SCAFFOLD'), (16, 'Phase2_Hybrid'), (17, 'Phase2_Hybrid'), (18, 'Phase2_Hybrid'), (19, 'Phase2_Hybrid'), (20, 'Phase2_Hybrid'), (21, 'Phase2_Hybrid'), (22, 'Phase2_Hybrid'), (23, 'Phase2_Hybrid'), (24, 'Phase2_Hybrid'), (25, 'Phase2_Hybrid'), (26, 'Phase2_Hybrid'), (27, 'Phase2_Hybrid'), (28, 'Phase2_Hybrid'), (29, 'Phase2_Hybrid'), (30, 'Phase2_Hybrid'), (31, 'Phase2_Hybrid'), (32, 'Phase2_Hybrid'), (33, 'Phase2_Hybrid'), (34, 'Phase2_Hybrid'), (35, 'Phase2_Hybrid'), (36, 'Phase2_Hybrid'), (37, 'Phase2_Hybrid'), (38, 'Phase2_Hybrid'), (39, 'Phase2_Hybrid'), (40, 'Phase2_Hybrid'), (41, 'Phase2_Hybrid'), (42, 'Phase2_Hybrid'), (43, 'Phase2_Hybrid'), (44, 'Phase2_Hybrid'), (45, 'Phase2_Hybrid'), (46, 'Phase2_Hybrid'), (47, 'Phase2_Hybrid'), (48, 'Phase2_Hybrid'), (49, 'Phase2_Hybrid'), (50, 'Phase2_Hybrid'), (51, 'Phase2_Hybrid'), (52, 'Phase2_Hybrid'), (53, 'Phase2_Hybrid'), (54, 'Phase2_Hybrid'), (55, 'Phase2_Hybrid'), (56, 'Phase2_Hybrid'), (57, 'Phase2_Hybrid'), (58, 'Phase2_Hybrid'), (59, 'Phase2_Hybrid'), (60, 'Phase2_Hybrid'), (61, 'Phase2_Hybrid'), (62, 'Phase2_Hybrid'), (63, 'Phase2_Hybrid'), (64, 'Phase2_Hybrid'), (65, 'Phase2_Hybrid'), (66, 'Phase2_Hybrid'), (67, 'Phase2_Hybrid'), (68, 'Phase2_Hybrid'), (69, 'Phase2_Hybrid'), (70, 'Phase2_Hybrid'), (71, 'Phase2_Hybrid'), (72, 'Phase2_Hybrid'), (73, 'Phase2_Hybrid'), (74, 'Phase2_Hybrid'), (75, 'Phase2_Hybrid'), (76, 'Phase2_Hybrid'), (77, 'Phase2_Hybrid'), (78, 'Phase2_Hybrid'), (79, 'Phase2_Hybrid'), (80, 'Phase2_Hybrid'), (81, 'Phase2_Hybrid'), (82, 'Phase2_Hybrid'), (83, 'Phase2_Hybrid'), (84, 'Phase2_Hybrid'), (85, 'Phase2_Hybrid'), (86, 'Phase2_Hybrid'), (87, 'Phase2_Hybrid'), (88, 'Phase2_Hybrid'), (89, 'Phase2_Hybrid'), (90, 'Phase2_Hybrid'), (91, 'Phase2_Hybrid'), (92, 'Phase2_Hybrid'), (93, 'Phase2_Hybrid'), (94, 'Phase2_Hybrid'), (95, 'Phase2_Hybrid'), (96, 'Phase2_Hybrid'), (97, 'Phase2_Hybrid'), (98, 'Phase2_Hybrid'), (99, 'Phase2_Hybrid'), (100, 'Phase2_Hybrid')], 'warmup_rounds': [(1, 15), (2, 15), (3, 15), (4, 15), (5, 15), (6, 15), (7, 15), (8, 15), (9, 15), (10, 15), (11, 15), (12, 15), (13, 15), (14, 15), (15, 15), (16, 15), (17, 15), (18, 15), (19, 15), (20, 15), (21, 15), (22, 15), (23, 15), (24, 15), (25, 15), (26, 15), (27, 15), (28, 15), (29, 15), (30, 15), (31, 15), (32, 15), (33, 15), (34, 15), (35, 15), (36, 15), (37, 15), (38, 15), (39, 15), (40, 15), (41, 15), (42, 15), (43, 15), (44, 15), (45, 15), (46, 15), (47, 15), (48, 15), (49, 15), (50, 15), (51, 15), (52, 15), (53, 15), (54, 15), (55, 15), (56, 15), (57, 15), (58, 15), (59, 15), (60, 15), (61, 15), (62, 15), (63, 15), (64, 15), (65, 15), (66, 15), (67, 15), (68, 15), (69, 15), (70, 15), (71, 15), (72, 15), (73, 15), (74, 15), (75, 15), (76, 15), (77, 15), (78, 15), (79, 15), (80, 15), (81, 15), (82, 15), (83, 15), (84, 15), (85, 15), (86, 15), (87, 15), (88, 15), (89, 15), (90, 15), (91, 15), (92, 15), (93, 15), (94, 15), (95, 15), (96, 15), (97, 15), (98, 15), (99, 15), (100, 15)], 'use_dual_mu': [(1, 1), (2, 1), (3, 1), (4, 1), (5, 1), (6, 1), (7, 1), (8, 1), (9, 1), (10, 1), (11, 1), (12, 1), (13, 1), (14, 1), (15, 1), (16, 1), (17, 1), (18, 1), (19, 1), (20, 1), (21, 1), (22, 1), (23, 1), (24, 1), (25, 1), (26, 1), (27, 1), (28, 1), (29, 1), (30, 1), (31, 1), (32, 1), (33, 1), (34, 1), (35, 1), (36, 1), (37, 1), (38, 1), (39, 1), (40, 1), (41, 1), (42, 1), (43, 1), (44, 1), (45, 1), (46, 1), (47, 1), (48, 1), (49, 1), (50, 1), (51, 1), (52, 1), (53, 1), (54, 1), (55, 1), (56, 1), (57, 1), (58, 1), (59, 1), (60, 1), (61, 1), (62, 1), (63, 1), (64, 1), (65, 1), (66, 1), (67, 1), (68, 1), (69, 1), (70, 1), (71, 1), (72, 1), (73, 1), (74, 1), (75, 1), (76, 1), (77, 1), (78, 1), (79, 1), (80, 1), (81, 1), (82, 1), (83, 1), (84, 1), (85, 1), (86, 1), (87, 1), (88, 1), (89, 1), (90, 1), (91, 1), (92, 1), (93, 1), (94, 1), (95, 1), (96, 1), (97, 1), (98, 1), (99, 1), (100, 1)], 'use_drift_detection': [(1, 1), (2, 1), (3, 1), (4, 1), (5, 1), (6, 1), (7, 1), (8, 1), (9, 1), (10, 1), (11, 1), (12, 1), (13, 1), (14, 1), (15, 1), (16, 1), (17, 1), (18, 1), (19, 1), (20, 1), (21, 1), (22, 1), (23, 1), (24, 1), (25, 1), (26, 1), (27, 1), (28, 1), (29, 1), (30, 1), (31, 1), (32, 1), (33, 1), (34, 1), (35, 1), (36, 1), (37, 1), (38, 1), (39, 1), (40, 1), (41, 1), (42, 1), (43, 1), (44, 1), (45, 1), (46, 1), (47, 1), (48, 1), (49, 1), (50, 1), (51, 1), (52, 1), (53, 1), (54, 1), (55, 1), (56, 1), (57, 1), (58, 1), (59, 1), (60, 1), (61, 1), (62, 1), (63, 1), (64, 1), (65, 1), (66, 1), (67, 1), (68, 1), (69, 1), (70, 1), (71, 1), (72, 1), (73, 1), (74, 1), (75, 1), (76, 1), (77, 1), (78, 1), (79, 1), (80, 1), (81, 1), (82, 1), (83, 1), (84, 1), (85, 1), (86, 1), (87, 1), (88, 1), (89, 1), (90, 1), (91, 1), (92, 1), (93, 1), (94, 1), (95, 1), (96, 1), (97, 1), (98, 1), (99, 1), (100, 1)], 'num_clients': [(1, 5), (2, 5), (3, 5), (4, 5), (5, 5), (6, 5), (7, 5), (8, 5), (9, 5), (10, 5), (11, 5), (12, 5), (13, 5), (14, 5), (15, 5), (16, 5), (17, 5), (18, 5), (19, 5), (20, 5), (21, 5), (22, 5), (23, 5), (24, 5), (25, 5), (26, 5), (27, 5), (28, 5), (29, 5), (30, 5), (31, 5), (32, 5), (33, 5), (34, 5), (35, 5), (36, 5), (37, 5), (38, 5), (39, 5), (40, 5), (41, 5), (42, 5), (43, 5), (44, 5), (45, 5), (46, 5), (47, 5), (48, 5), (49, 5), (50, 5), (51, 5), (52, 5), (53, 5), (54, 5), (55, 5), (56, 5), (57, 5), (58, 5), (59, 5), (60, 5), (61, 5), (62, 5), (63, 5), (64, 5), (65, 5), (66, 5), (67, 5), (68, 5), (69, 5), (70, 5), (71, 5), (72, 5), (73, 5), (74, 5), (75, 5), (76, 5), (77, 5), (78, 5), (79, 5), (80, 5), (81, 5), (82, 5), (83, 5), (84, 5), (85, 5), (86, 5), (87, 5), (88, 5), (89, 5), (90, 5), (91, 5), (92, 5), (93, 5), (94, 5), (95, 5), (96, 5), (97, 5), (98, 5), (99, 5), (100, 5)], 'mu_raw': [(1, 0.2), (2, 0.2), (3, 0.2), (4, 0.2), (5, 0.2), (6, 0.2), (7, 0.2), (8, 0.2), (9, 0.2), (10, 0.2), (11, 0.2), (12, 0.2), (13, 0.2), (14, 0.2), (15, 0.2), (16, 0.2), (17, 0.2), (18, 0.2), (19, 0.2), (20, 0.2), (21, 0.2), (22, 0.2), (23, 0.2), (24, 0.2), (25, 0.2), (26, 0.2), (27, 0.2), (28, 0.2), (29, 0.2), (30, 0.2), (31, 0.2), (32, 0.2), (33, 0.2), (34, 0.2), (35, 0.2), (36, 0.2), (37, 0.2), (38, 0.2), (39, 0.2), (40, 0.2), (41, 0.2), (42, 0.2), (43, 0.2), (44, 0.2), (45, 0.2), (46, 0.2), (47, 0.2), (48, 0.2), (49, 0.2), (50, 0.2), (51, 0.2), (52, 0.2), (53, 0.2), (54, 0.2), (55, 0.2), (56, 0.2), (57, 0.2), (58, 0.2), (59, 0.2), (60, 0.2), (61, 0.2), (62, 0.2), (63, 0.2), (64, 0.2), (65, 0.2), (66, 0.2), (67, 0.2), (68, 0.2), (69, 0.2), (70, 0.2), (71, 0.2), (72, 0.2), (73, 0.2), (74, 0.2), (75, 0.2), (76, 0.2), (77, 0.2), (78, 0.2), (79, 0.2), (80, 0.2), (81, 0.2), (82, 0.2), (83, 0.2), (84, 0.2), (85, 0.2), (86, 0.2), (87, 0.2), (88, 0.2), (89, 0.2), (90, 0.2), (91, 0.2), (92, 0.2), (93, 0.2), (94, 0.2), (95, 0.2), (96, 0.2), (97, 0.2), (98, 0.2), (99, 0.2), (100, 0.2)], 'mu_corrected': [(1, 0.01), (2, 0.01), (3, 0.01), (4, 0.01), (5, 0.01), (6, 0.01), (7, 0.01), (8, 0.01), (9, 0.01), (10, 0.01), (11, 0.01), (12, 0.01), (13, 0.01), (14, 0.01), (15, 0.01), (16, 0.01), (17, 0.01), (18, 0.01), (19, 0.01), (20, 0.01), (21, 0.01), (22, 0.01), (23, 0.01), (24, 0.01), (25, 0.01), (26, 0.01), (27, 0.01), (28, 0.01), (29, 0.01), (30, 0.01), (31, 0.01), (32, 0.01), (33, 0.01), (34, 0.01), (35, 0.01), (36, 0.01), (37, 0.01), (38, 0.01), (39, 0.01), (40, 0.01), (41, 0.01), (42, 0.01), (43, 0.01), (44, 0.01), (45, 0.01), (46, 0.01), (47, 0.01), (48, 0.01), (49, 0.01), (50, 0.01), (51, 0.01), (52, 0.01), (53, 0.01), (54, 0.01), (55, 0.01), (56, 0.01), (57, 0.01), (58, 0.01), (59, 0.01), (60, 0.01), (61, 0.01), (62, 0.01), (63, 0.01), (64, 0.01), (65, 0.01), (66, 0.01), (67, 0.01), (68, 0.01), (69, 0.01), (70, 0.01), (71, 0.01), (72, 0.01), (73, 0.01), (74, 0.01), (75, 0.01), (76, 0.01), (77, 0.01), (78, 0.01), (79, 0.01), (80, 0.01), (81, 0.01), (82, 0.01), (83, 0.01), (84, 0.01), (85, 0.01), (86, 0.01), (87, 0.01), (88, 0.01), (89, 0.01), (90, 0.01), (91, 0.01), (92, 0.01), (93, 0.01), (94, 0.01), (95, 0.01), (96, 0.01), (97, 0.01), (98, 0.01), (99, 0.01), (100, 0.01)]}
[2026-01-15 10:40:44,664][flwr][INFO] - app_fit: metrics_distributed {}
[2026-01-15 10:40:44,665][flwr][INFO] - app_fit: losses_centralized [(0, 275.8148798942566), (1, 197.15312856435776), (2, 249.91827929764986), (3, 388.1464323392138), (4, 157.37796010077), (5, 147.75020770728588), (6, 151.3250341117382), (7, 139.7401874512434), (8, 245.46599116176367), (9, 160.55942011624575), (10, 189.30406391620636), (11, 136.3032778352499), (12, 308.7082033455372), (13, 210.7085838355124), (14, 182.1593501791358), (15, 140.4774611517787), (16, 140.2002256065607), (17, 145.4749799594283), (18, 187.47214107960463), (19, 192.14660635590553), (20, 222.15469788759947), (21, 150.63309605419636), (22, 168.04500900954008), (23, 195.85795860737562), (24, 137.28402830660343), (25, 285.7743966449052), (26, 154.23537006229162), (27, 143.41526409983635), (28, 156.94421858340502), (29, 135.4293671399355), (30, 144.42413674294949), (31, 179.29298016428947), (32, 179.98411770910025), (33, 181.4257329106331), (34, 137.74311943352222), (35, 147.17670285701752), (36, 151.25557762384415), (37, 142.10943223536015), (38, 136.7683708369732), (39, 225.79163455963135), (40, 141.62292167544365), (41, 278.24768021609634), (42, 157.5165813267231), (43, 213.37701942026615), (44, 136.9407601058483), (45, 135.86004480719566), (46, 184.06301156431437), (47, 139.0803181231022), (48, 146.51761509478092), (49, 246.73021635599434), (50, 142.75017830729485), (51, 150.67304918915033), (52, 150.58918723464012), (53, 166.9598090276122), (54, 155.54958122968674), (55, 140.94564355909824), (56, 152.05153355002403), (57, 142.09392258524895), (58, 184.02435806393623), (59, 155.50542273372412), (60, 172.18339209258556), (61, 169.26874193549156), (62, 211.7278915271163), (63, 141.1039481461048), (64, 144.03795234113932), (65, 135.43841567635536), (66, 170.23519783467054), (67, 134.66853040456772), (68, 136.88150003552437), (69, 208.4366552941501), (70, 138.3994734287262), (71, 144.28296494483948), (72, 152.04273595660925), (73, 138.71009358763695), (74, 147.75553558021784), (75, 192.1054602973163), (76, 207.7642729729414), (77, 135.89669986069202), (78, 135.83608503639698), (79, 137.66207738220692), (80, 186.7303672991693), (81, 219.23308116570115), (82, 152.90523079037666), (83, 306.99451711867005), (84, 141.58107601106167), (85, 135.0584545135498), (86, 134.7048051804304), (87, 151.52067431807518), (88, 227.32987634837627), (89, 147.9509225860238), (90, 241.56259336136281), (91, 295.2359777847305), (92, 188.90790032595396), (93, 161.32709381729364), (94, 143.4397740662098), (95, 165.3582384288311), (96, 140.5191229879856), (97, 134.1612465083599), (98, 193.40708688646555), (99, 234.99012835510075), (100, 173.84391918033361)]
[2026-01-15 10:40:44,665][flwr][INFO] - app_fit: metrics_centralized {'accuracy': [(0, 0.3415), (1, 0.6185), (2, 0.6325), (3, 0.6465), (4, 0.6185), (5, 0.643), (6, 0.636), (7, 0.651), (8, 0.662), (9, 0.662), (10, 0.6155), (11, 0.659), (12, 0.661), (13, 0.6615), (14, 0.6615), (15, 0.66), (16, 0.6605), (17, 0.6615), (18, 0.638), (19, 0.635), (20, 0.664), (21, 0.661), (22, 0.663), (23, 0.6635), (24, 0.636), (25, 0.664), (26, 0.664), (27, 0.638), (28, 0.6645), (29, 0.665), (30, 0.6645), (31, 0.638), (32, 0.665), (33, 0.665), (34, 0.6635), (35, 0.64), (36, 0.6385), (37, 0.6645), (38, 0.666), (39, 0.4475), (40, 0.6655), (41, 0.664), (42, 0.6395), (43, 0.664), (44, 0.648), (45, 0.6435), (46, 0.665), (47, 0.634), (48, 0.6385), (49, 0.6655), (50, 0.6425), (51, 0.6395), (52, 0.6645), (53, 0.665), (54, 0.665), (55, 0.64), (56, 0.6655), (57, 0.6655), (58, 0.6375), (59, 0.6655), (60, 0.6645), (61, 0.6385), (62, 0.665), (63, 0.6645), (64, 0.664), (65, 0.6645), (66, 0.665), (67, 0.665), (68, 0.6645), (69, 0.664), (70, 0.635), (71, 0.6405), (72, 0.6655), (73, 0.665), (74, 0.666), (75, 0.665), (76, 0.665), (77, 0.665), (78, 0.6385), (79, 0.665), (80, 0.6655), (81, 0.665), (82, 0.638), (83, 0.665), (84, 0.6645), (85, 0.6315), (86, 0.6535), (87, 0.6655), (88, 0.6655), (89, 0.6395), (90, 0.6655), (91, 0.6665), (92, 0.6645), (93, 0.6655), (94, 0.6655), (95, 0.6375), (96, 0.665), (97, 0.6635), (98, 0.665), (99, 0.6655), (100, 0.6655)]}
