[2026-01-21 00:23:06,634][flwr][INFO] - Starting Flower simulation, config: ServerConfig(num_rounds=30, round_timeout=None)
[2026-01-21 00:23:11,305][flwr][INFO] - Flower VCE: Ray initialized with resources: {'CPU': 10.0, 'memory': 11535024948.0, 'node:127.0.0.1': 1.0, 'object_store_memory': 2147483648.0}
[2026-01-21 00:23:11,306][flwr][INFO] - Initializing global parameters
[2026-01-21 00:23:11,306][flwr][INFO] - Using initial parameters provided by strategy
[2026-01-21 00:23:11,307][flwr][INFO] - Evaluating initial parameters
[2026-01-21 00:23:11,933][flwr][INFO] - initial parameters (loss, other metrics): 1.4340404903996313, {'rmse': 11782.010694274555, 'mae': 9149.193359375, 'r2': 0.00890437044283554, 'mape': 79.91940307617188, 'accuracy_10': 11.735205352306366, 'accuracy_20': 21.46439254283905}
[2026-01-21 00:23:11,933][flwr][INFO] - FL starting
[2026-01-21 00:23:11,933][flwr][DEBUG] - fit_round 1: strategy sampled 9 clients (out of 12)
[2026-01-21 00:23:22,580][flwr][DEBUG] - fit_round 1 received 9 results and 0 failures
[2026-01-21 00:23:22,587][flwr][WARNING] - No fit_metrics_aggregation_fn provided
[2026-01-21 00:23:22,836][flwr][INFO] - fit progress: (1, 0.1606072687217919, {'rmse': 6286.774689775354, 'mae': 3293.522705078125, 'r2': 0.7178159154900824, 'mape': 17.325471878051758, 'accuracy_10': 35.40621995925903, 'accuracy_20': 75.32597780227661}, 10.903129292011727)
[2026-01-21 00:23:22,837][flwr][DEBUG] - evaluate_round 1: strategy sampled 8 clients (out of 12)
[2026-01-21 00:23:23,076][flwr][DEBUG] - evaluate_round 1 received 8 results and 0 failures
[2026-01-21 00:23:23,076][flwr][WARNING] - No evaluate_metrics_aggregation_fn provided
[2026-01-21 00:23:23,076][flwr][DEBUG] - fit_round 2: strategy sampled 9 clients (out of 12)
[2026-01-21 00:23:28,080][flwr][DEBUG] - fit_round 2 received 9 results and 0 failures
[2026-01-21 00:23:28,310][flwr][INFO] - fit progress: (2, 0.08500155420187364, {'rmse': 4809.594993344034, 'mae': 2133.417236328125, 'r2': 0.8348442436207031, 'mape': 11.538311958312988, 'accuracy_10': 56.97091221809387, 'accuracy_20': 89.06720280647278}, 16.37709249998443)
[2026-01-21 00:23:28,311][flwr][DEBUG] - evaluate_round 2: strategy sampled 8 clients (out of 12)
[2026-01-21 00:23:28,532][flwr][DEBUG] - evaluate_round 2 received 8 results and 0 failures
[2026-01-21 00:23:28,532][flwr][DEBUG] - fit_round 3: strategy sampled 9 clients (out of 12)
[2026-01-21 00:23:33,428][flwr][DEBUG] - fit_round 3 received 9 results and 0 failures
[2026-01-21 00:23:33,660][flwr][INFO] - fit progress: (3, 0.059857072878475776, {'rmse': 4398.350599940846, 'mae': 1727.7188720703125, 'r2': 0.8618800508217768, 'mape': 9.023896217346191, 'accuracy_10': 71.11334204673767, 'accuracy_20': 93.78134608268738}, 21.726583792013116)
[2026-01-21 00:23:33,660][flwr][DEBUG] - evaluate_round 3: strategy sampled 8 clients (out of 12)
[2026-01-21 00:23:33,870][flwr][DEBUG] - evaluate_round 3 received 8 results and 0 failures
[2026-01-21 00:23:33,871][flwr][DEBUG] - fit_round 4: strategy sampled 9 clients (out of 12)
[2026-01-21 00:23:38,921][flwr][DEBUG] - fit_round 4 received 9 results and 0 failures
[2026-01-21 00:23:39,162][flwr][INFO] - fit progress: (4, 0.04827669050652859, {'rmse': 4217.129829635317, 'mae': 1524.4058837890625, 'r2': 0.8730272037768338, 'mape': 7.597693920135498, 'accuracy_10': 79.38816547393799, 'accuracy_20': 94.7342038154602}, 27.22854887502035)
[2026-01-21 00:23:39,162][flwr][DEBUG] - evaluate_round 4: strategy sampled 8 clients (out of 12)
[2026-01-21 00:23:39,378][flwr][DEBUG] - evaluate_round 4 received 8 results and 0 failures
[2026-01-21 00:23:39,378][flwr][DEBUG] - fit_round 5: strategy sampled 9 clients (out of 12)
[2026-01-21 00:23:44,354][flwr][DEBUG] - fit_round 5 received 9 results and 0 failures
[2026-01-21 00:23:44,588][flwr][INFO] - fit progress: (5, 0.043100810433208285, {'rmse': 4066.707144607293, 'mae': 1444.2803955078125, 'r2': 0.8819237572447078, 'mape': 7.0565948486328125, 'accuracy_10': 81.69508576393127, 'accuracy_20': 95.2858567237854}, 32.65465270902496)
[2026-01-21 00:23:44,588][flwr][DEBUG] - evaluate_round 5: strategy sampled 8 clients (out of 12)
[2026-01-21 00:23:44,810][flwr][DEBUG] - evaluate_round 5 received 8 results and 0 failures
[2026-01-21 00:23:44,810][flwr][DEBUG] - fit_round 6: strategy sampled 9 clients (out of 12)
[2026-01-21 00:23:49,753][flwr][DEBUG] - fit_round 6 received 9 results and 0 failures
[2026-01-21 00:23:49,986][flwr][INFO] - fit progress: (6, 0.03827657267720314, {'rmse': 3952.8751561363533, 'mae': 1350.212890625, 'r2': 0.8884414351062604, 'mape': 6.341259956359863, 'accuracy_10': 85.70712208747864, 'accuracy_20': 95.8375096321106}, 38.05293766700197)
[2026-01-21 00:23:49,987][flwr][DEBUG] - evaluate_round 6: strategy sampled 8 clients (out of 12)
[2026-01-21 00:23:50,194][flwr][DEBUG] - evaluate_round 6 received 8 results and 0 failures
[2026-01-21 00:23:50,194][flwr][DEBUG] - fit_round 7: strategy sampled 9 clients (out of 12)
[2026-01-21 00:23:54,925][flwr][DEBUG] - fit_round 7 received 9 results and 0 failures
[2026-01-21 00:23:55,172][flwr][INFO] - fit progress: (7, 0.03387894233316931, {'rmse': 3868.290190769043, 'mae': 1362.970703125, 'r2': 0.8931646919003116, 'mape': 6.0399580001831055, 'accuracy_10': 85.65697073936462, 'accuracy_20': 96.38916850090027}, 43.23883687501075)
[2026-01-21 00:23:55,173][flwr][DEBUG] - evaluate_round 7: strategy sampled 8 clients (out of 12)
[2026-01-21 00:23:55,362][flwr][DEBUG] - evaluate_round 7 received 8 results and 0 failures
[2026-01-21 00:23:55,362][flwr][DEBUG] - fit_round 8: strategy sampled 9 clients (out of 12)
[2026-01-21 00:24:00,242][flwr][DEBUG] - fit_round 8 received 9 results and 0 failures
[2026-01-21 00:24:00,494][flwr][INFO] - fit progress: (8, 0.03572425836605676, {'rmse': 3927.36272834583, 'mae': 1251.258544921875, 'r2': 0.8898768179673213, 'mape': 5.797914028167725, 'accuracy_10': 88.46539855003357, 'accuracy_20': 95.78736424446106}, 48.56067375000566)
[2026-01-21 00:24:00,494][flwr][DEBUG] - evaluate_round 8: strategy sampled 8 clients (out of 12)
[2026-01-21 00:24:00,703][flwr][DEBUG] - evaluate_round 8 received 8 results and 0 failures
[2026-01-21 00:24:00,704][flwr][DEBUG] - fit_round 9: strategy sampled 9 clients (out of 12)
[2026-01-21 00:24:05,560][flwr][DEBUG] - fit_round 9 received 9 results and 0 failures
[2026-01-21 00:24:05,786][flwr][INFO] - fit progress: (9, 0.0327747117189939, {'rmse': 3858.768715536084, 'mae': 1259.3162841796875, 'r2': 0.8936899764851314, 'mape': 5.553534030914307, 'accuracy_10': 88.16449642181396, 'accuracy_20': 96.13841772079468}, 53.85248524998315)
[2026-01-21 00:24:05,787][flwr][DEBUG] - evaluate_round 9: strategy sampled 8 clients (out of 12)
[2026-01-21 00:24:05,884][flwr][DEBUG] - evaluate_round 9 received 8 results and 0 failures
[2026-01-21 00:24:05,884][flwr][DEBUG] - fit_round 10: strategy sampled 9 clients (out of 12)
[2026-01-21 00:24:10,988][flwr][DEBUG] - fit_round 10 received 9 results and 0 failures
[2026-01-21 00:24:11,234][flwr][INFO] - fit progress: (10, 0.03246513204863939, {'rmse': 3859.0649126439944, 'mae': 1280.264404296875, 'r2': 0.8936736532334763, 'mape': 5.5662713050842285, 'accuracy_10': 88.26479315757751, 'accuracy_20': 96.03811502456665}, 59.30104566703085)
[2026-01-21 00:24:11,235][flwr][DEBUG] - evaluate_round 10: strategy sampled 8 clients (out of 12)
[2026-01-21 00:24:11,439][flwr][DEBUG] - evaluate_round 10 received 8 results and 0 failures
[2026-01-21 00:24:11,439][flwr][DEBUG] - fit_round 11: strategy sampled 9 clients (out of 12)
[2026-01-21 00:24:16,543][flwr][DEBUG] - fit_round 11 received 9 results and 0 failures
[2026-01-21 00:24:16,775][flwr][INFO] - fit progress: (11, 0.035277156077078736, {'rmse': 3955.344359218297, 'mae': 1245.123046875, 'r2': 0.8883020201644516, 'mape': 5.603911876678467, 'accuracy_10': 88.71614933013916, 'accuracy_20': 95.48646211624146}, 64.84130420902511)
[2026-01-21 00:24:16,775][flwr][DEBUG] - evaluate_round 11: strategy sampled 8 clients (out of 12)
[2026-01-21 00:24:16,873][flwr][DEBUG] - evaluate_round 11 received 8 results and 0 failures
[2026-01-21 00:24:16,873][flwr][DEBUG] - fit_round 12: strategy sampled 9 clients (out of 12)
[2026-01-21 00:24:21,882][flwr][DEBUG] - fit_round 12 received 9 results and 0 failures
[2026-01-21 00:24:22,138][flwr][INFO] - fit progress: (12, 0.03283795835627775, {'rmse': 3930.7819832699956, 'mae': 1301.8475341796875, 'r2': 0.8896849867618869, 'mape': 5.537984371185303, 'accuracy_10': 87.81344294548035, 'accuracy_20': 95.93781232833862}, 70.20412675000262)
[2026-01-21 00:24:22,138][flwr][DEBUG] - evaluate_round 12: strategy sampled 8 clients (out of 12)
[2026-01-21 00:24:22,369][flwr][DEBUG] - evaluate_round 12 received 8 results and 0 failures
[2026-01-21 00:24:22,369][flwr][DEBUG] - fit_round 13: strategy sampled 9 clients (out of 12)
[2026-01-21 00:24:27,081][flwr][DEBUG] - fit_round 13 received 9 results and 0 failures
[2026-01-21 00:24:27,327][flwr][INFO] - fit progress: (13, 0.031238220107098043, {'rmse': 3884.4671449247708, 'mae': 1281.9727783203125, 'r2': 0.8922692669513669, 'mape': 5.392564296722412, 'accuracy_10': 88.66599798202515, 'accuracy_20': 96.28886580467224}, 75.39394870901015)
[2026-01-21 00:24:27,328][flwr][DEBUG] - evaluate_round 13: strategy sampled 8 clients (out of 12)
[2026-01-21 00:24:27,528][flwr][DEBUG] - evaluate_round 13 received 8 results and 0 failures
[2026-01-21 00:24:27,528][flwr][DEBUG] - fit_round 14: strategy sampled 9 clients (out of 12)
[2026-01-21 00:24:32,224][flwr][DEBUG] - fit_round 14 received 9 results and 0 failures
[2026-01-21 00:24:32,468][flwr][INFO] - fit progress: (14, 0.0314791461447237, {'rmse': 3912.6415629341773, 'mae': 1279.24853515625, 'r2': 0.890700834190023, 'mape': 5.451470851898193, 'accuracy_10': 88.86659741401672, 'accuracy_20': 96.33901715278625}, 80.53474683401873)
[2026-01-21 00:24:32,469][flwr][DEBUG] - evaluate_round 14: strategy sampled 8 clients (out of 12)
[2026-01-21 00:24:32,686][flwr][DEBUG] - evaluate_round 14 received 8 results and 0 failures
[2026-01-21 00:24:32,687][flwr][DEBUG] - fit_round 15: strategy sampled 9 clients (out of 12)
[2026-01-21 00:24:37,908][flwr][DEBUG] - fit_round 15 received 9 results and 0 failures
[2026-01-21 00:24:38,198][flwr][INFO] - fit progress: (15, 0.031247835770742586, {'rmse': 3929.080426766548, 'mae': 1338.6265869140625, 'r2': 0.8897804697177722, 'mape': 5.517969131469727, 'accuracy_10': 87.41223812103271, 'accuracy_20': 96.08826637268066}, 86.26391483400948)
[2026-01-21 00:24:38,198][flwr][DEBUG] - evaluate_round 15: strategy sampled 8 clients (out of 12)
[2026-01-21 00:24:38,332][flwr][DEBUG] - evaluate_round 15 received 8 results and 0 failures
[2026-01-21 00:24:38,332][flwr][DEBUG] - fit_round 16: strategy sampled 9 clients (out of 12)
[2026-01-21 00:24:43,463][flwr][DEBUG] - fit_round 16 received 9 results and 0 failures
[2026-01-21 00:24:43,709][flwr][INFO] - fit progress: (16, 0.03161922077589492, {'rmse': 3915.717431071859, 'mae': 1303.13330078125, 'r2': 0.8905289194048469, 'mape': 5.488616943359375, 'accuracy_10': 87.51253485679626, 'accuracy_20': 96.18856310844421}, 91.77527199999895)
[2026-01-21 00:24:43,709][flwr][DEBUG] - evaluate_round 16: strategy sampled 8 clients (out of 12)
[2026-01-21 00:24:43,916][flwr][DEBUG] - evaluate_round 16 received 8 results and 0 failures
[2026-01-21 00:24:43,916][flwr][DEBUG] - fit_round 17: strategy sampled 9 clients (out of 12)
[2026-01-21 00:24:48,639][flwr][DEBUG] - fit_round 17 received 9 results and 0 failures
[2026-01-21 00:24:48,890][flwr][INFO] - fit progress: (17, 0.03123040333457493, {'rmse': 3905.641432594651, 'mae': 1317.9647216796875, 'r2': 0.8910915802761383, 'mape': 5.537675857543945, 'accuracy_10': 87.81344294548035, 'accuracy_20': 96.18856310844421}, 96.95655108400388)
[2026-01-21 00:24:48,891][flwr][DEBUG] - evaluate_round 17: strategy sampled 8 clients (out of 12)
[2026-01-21 00:24:49,117][flwr][DEBUG] - evaluate_round 17 received 8 results and 0 failures
[2026-01-21 00:24:49,117][flwr][DEBUG] - fit_round 18: strategy sampled 9 clients (out of 12)
[2026-01-21 00:24:53,773][flwr][DEBUG] - fit_round 18 received 9 results and 0 failures
[2026-01-21 00:24:54,006][flwr][INFO] - fit progress: (18, 0.03119718222696719, {'rmse': 3916.216796858928, 'mae': 1302.2427978515625, 'r2': 0.8905009953517011, 'mape': 5.417271137237549, 'accuracy_10': 88.11434507369995, 'accuracy_20': 96.03811502456665}, 102.0728121669963)
[2026-01-21 00:24:54,007][flwr][DEBUG] - evaluate_round 18: strategy sampled 8 clients (out of 12)
[2026-01-21 00:24:54,263][flwr][DEBUG] - evaluate_round 18 received 8 results and 0 failures
[2026-01-21 00:24:54,264][flwr][DEBUG] - fit_round 19: strategy sampled 9 clients (out of 12)
[2026-01-21 00:24:58,821][flwr][DEBUG] - fit_round 19 received 9 results and 0 failures
[2026-01-21 00:24:59,065][flwr][INFO] - fit progress: (19, 0.031425635964649846, {'rmse': 3933.6386463425947, 'mae': 1331.066162109375, 'r2': 0.8895245847822358, 'mape': 5.535724639892578, 'accuracy_10': 87.16148734092712, 'accuracy_20': 95.88766098022461}, 107.13138425000943)
[2026-01-21 00:24:59,065][flwr][DEBUG] - evaluate_round 19: strategy sampled 8 clients (out of 12)
[2026-01-21 00:24:59,282][flwr][DEBUG] - evaluate_round 19 received 8 results and 0 failures
[2026-01-21 00:24:59,283][flwr][DEBUG] - fit_round 20: strategy sampled 9 clients (out of 12)
[2026-01-21 00:25:04,137][flwr][DEBUG] - fit_round 20 received 9 results and 0 failures
[2026-01-21 00:25:04,394][flwr][INFO] - fit progress: (20, 0.03401827414164183, {'rmse': 3935.4595665563634, 'mae': 1230.3245849609375, 'r2': 0.8894222821390012, 'mape': 5.417457103729248, 'accuracy_10': 89.4182562828064, 'accuracy_20': 94.9849545955658}, 112.45994858402992)
[2026-01-21 00:25:04,394][flwr][DEBUG] - evaluate_round 20: strategy sampled 8 clients (out of 12)
[2026-01-21 00:25:04,599][flwr][DEBUG] - evaluate_round 20 received 8 results and 0 failures
[2026-01-21 00:25:04,600][flwr][DEBUG] - fit_round 21: strategy sampled 9 clients (out of 12)
[2026-01-21 00:25:09,566][flwr][DEBUG] - fit_round 21 received 9 results and 0 failures
[2026-01-21 00:25:09,817][flwr][INFO] - fit progress: (21, 0.03229168087520535, {'rmse': 3871.7883464879637, 'mae': 1226.3953857421875, 'r2': 0.8929713794294529, 'mape': 5.339433670043945, 'accuracy_10': 89.21765089035034, 'accuracy_20': 95.03510594367981}, 117.88339141703909)
[2026-01-21 00:25:09,818][flwr][DEBUG] - evaluate_round 21: strategy sampled 8 clients (out of 12)
[2026-01-21 00:25:09,938][flwr][DEBUG] - evaluate_round 21 received 8 results and 0 failures
[2026-01-21 00:25:09,938][flwr][DEBUG] - fit_round 22: strategy sampled 9 clients (out of 12)
[2026-01-21 00:25:15,003][flwr][DEBUG] - fit_round 22 received 9 results and 0 failures
[2026-01-21 00:25:15,267][flwr][INFO] - fit progress: (22, 0.03149554259335265, {'rmse': 4109.824570465265, 'mae': 1464.9259033203125, 'r2': 0.8794066766411072, 'mape': 5.6656060218811035, 'accuracy_10': 84.80441570281982, 'accuracy_20': 95.63691020011902}, 123.33288637502119)
[2026-01-21 00:25:15,267][flwr][DEBUG] - evaluate_round 22: strategy sampled 8 clients (out of 12)
[2026-01-21 00:25:15,505][flwr][DEBUG] - evaluate_round 22 received 8 results and 0 failures
[2026-01-21 00:25:15,505][flwr][DEBUG] - fit_round 23: strategy sampled 9 clients (out of 12)
[2026-01-21 00:25:20,374][flwr][DEBUG] - fit_round 23 received 9 results and 0 failures
[2026-01-21 00:25:20,660][flwr][INFO] - fit progress: (23, 0.03190450008151494, {'rmse': 3921.4478193646796, 'mae': 1219.4556884765625, 'r2': 0.890208276771482, 'mape': 5.259034633636475, 'accuracy_10': 89.21765089035034, 'accuracy_20': 95.43631076812744}, 128.7258456670097)
[2026-01-21 00:25:20,660][flwr][DEBUG] - evaluate_round 23: strategy sampled 8 clients (out of 12)
[2026-01-21 00:25:20,880][flwr][DEBUG] - evaluate_round 23 received 8 results and 0 failures
[2026-01-21 00:25:20,880][flwr][DEBUG] - fit_round 24: strategy sampled 9 clients (out of 12)
[2026-01-21 00:25:25,610][flwr][DEBUG] - fit_round 24 received 9 results and 0 failures
[2026-01-21 00:25:25,856][flwr][INFO] - fit progress: (24, 0.02938198747156317, {'rmse': 3873.1035359256794, 'mae': 1232.5675048828125, 'r2': 0.8928986507637229, 'mape': 5.131783962249756, 'accuracy_10': 88.71614933013916, 'accuracy_20': 96.13841772079468}, 133.9218694170122)
[2026-01-21 00:25:25,856][flwr][DEBUG] - evaluate_round 24: strategy sampled 8 clients (out of 12)
[2026-01-21 00:25:25,952][flwr][DEBUG] - evaluate_round 24 received 8 results and 0 failures
[2026-01-21 00:25:25,953][flwr][DEBUG] - fit_round 25: strategy sampled 9 clients (out of 12)
[2026-01-21 00:25:30,519][flwr][DEBUG] - fit_round 25 received 9 results and 0 failures
[2026-01-21 00:25:30,757][flwr][INFO] - fit progress: (25, 0.02959734818887866, {'rmse': 4005.396984070368, 'mae': 1402.4161376953125, 'r2': 0.8854571839202507, 'mape': 5.465926647186279, 'accuracy_10': 86.15847826004028, 'accuracy_20': 95.98796367645264}, 138.82279979198938)
[2026-01-21 00:25:30,757][flwr][DEBUG] - evaluate_round 25: strategy sampled 8 clients (out of 12)
[2026-01-21 00:25:30,962][flwr][DEBUG] - evaluate_round 25 received 8 results and 0 failures
[2026-01-21 00:25:30,963][flwr][DEBUG] - fit_round 26: strategy sampled 9 clients (out of 12)
[2026-01-21 00:25:35,597][flwr][DEBUG] - fit_round 26 received 9 results and 0 failures
[2026-01-21 00:25:35,885][flwr][INFO] - fit progress: (26, 0.029895342779957663, {'rmse': 3889.840099541368, 'mae': 1323.71630859375, 'r2': 0.8919710339572913, 'mape': 5.452883720397949, 'accuracy_10': 87.51253485679626, 'accuracy_20': 95.8375096321106}, 143.95134416699875)
[2026-01-21 00:25:35,885][flwr][DEBUG] - evaluate_round 26: strategy sampled 8 clients (out of 12)
[2026-01-21 00:25:36,047][flwr][DEBUG] - evaluate_round 26 received 8 results and 0 failures
[2026-01-21 00:25:36,047][flwr][DEBUG] - fit_round 27: strategy sampled 9 clients (out of 12)
[2026-01-21 00:25:40,891][flwr][DEBUG] - fit_round 27 received 9 results and 0 failures
[2026-01-21 00:25:41,142][flwr][INFO] - fit progress: (27, 0.028564886060153828, {'rmse': 3852.93264929456, 'mae': 1275.6256103515625, 'r2': 0.8940113010872313, 'mape': 5.273837566375732, 'accuracy_10': 88.41524720191956, 'accuracy_20': 96.38916850090027}, 149.20817050000187)
[2026-01-21 00:25:41,143][flwr][DEBUG] - evaluate_round 27: strategy sampled 8 clients (out of 12)
[2026-01-21 00:25:41,373][flwr][DEBUG] - evaluate_round 27 received 8 results and 0 failures
[2026-01-21 00:25:41,373][flwr][DEBUG] - fit_round 28: strategy sampled 9 clients (out of 12)
[2026-01-21 00:25:46,069][flwr][DEBUG] - fit_round 28 received 9 results and 0 failures
[2026-01-21 00:25:46,308][flwr][INFO] - fit progress: (28, 0.028838408326238782, {'rmse': 3946.068169710199, 'mae': 1379.0899658203125, 'r2': 0.8888253175070437, 'mape': 5.446387767791748, 'accuracy_10': 86.35907769203186, 'accuracy_20': 96.03811502456665}, 154.3743034590152)
[2026-01-21 00:25:46,309][flwr][DEBUG] - evaluate_round 28: strategy sampled 8 clients (out of 12)
[2026-01-21 00:25:46,528][flwr][DEBUG] - evaluate_round 28 received 8 results and 0 failures
[2026-01-21 00:25:46,528][flwr][DEBUG] - fit_round 29: strategy sampled 9 clients (out of 12)
[2026-01-21 00:25:51,204][flwr][DEBUG] - fit_round 29 received 9 results and 0 failures
[2026-01-21 00:25:51,458][flwr][INFO] - fit progress: (29, 0.03158825652350633, {'rmse': 3913.7309565170676, 'mae': 1197.9356689453125, 'r2': 0.8906399629806838, 'mape': 5.261492729187012, 'accuracy_10': 89.719158411026, 'accuracy_20': 95.68706154823303}, 159.52370529202744)
[2026-01-21 00:25:51,458][flwr][DEBUG] - evaluate_round 29: strategy sampled 8 clients (out of 12)
[2026-01-21 00:25:51,654][flwr][DEBUG] - evaluate_round 29 received 8 results and 0 failures
[2026-01-21 00:25:51,654][flwr][DEBUG] - fit_round 30: strategy sampled 9 clients (out of 12)
[2026-01-21 00:25:56,384][flwr][DEBUG] - fit_round 30 received 9 results and 0 failures
[2026-01-21 00:25:56,646][flwr][INFO] - fit progress: (30, 0.02988403100322338, {'rmse': 4023.587826803337, 'mae': 1436.8011474609375, 'r2': 0.8844144097265813, 'mape': 5.631981372833252, 'accuracy_10': 85.65697073936462, 'accuracy_20': 95.98796367645264}, 164.7123459590366)
[2026-01-21 00:25:56,647][flwr][DEBUG] - evaluate_round 30: strategy sampled 8 clients (out of 12)
[2026-01-21 00:25:56,742][flwr][DEBUG] - evaluate_round 30 received 8 results and 0 failures
[2026-01-21 00:25:56,742][flwr][INFO] - FL finished in 164.80835629202193
[2026-01-21 00:25:56,743][flwr][INFO] - app_fit: losses_distributed [(1, 0.18529327109509186), (2, 0.07455472015569123), (3, 0.05827707498200735), (4, 0.041718280208907464), (5, 0.03580816010948857), (6, 0.04894825428966404), (7, 0.039626110179942504), (8, 0.03132149343753521), (9, 0.04715039554302857), (10, 0.029238240483354376), (11, 0.040034383801230686), (12, 0.016012169329836633), (13, 0.025503318656693648), (14, 0.042932089599656005), (15, 0.026656458440259836), (16, 0.02418698475948114), (17, 0.03128137583888783), (18, 0.042519158383324145), (19, 0.030385569128204525), (20, 0.03263740421097475), (21, 0.027462439867648628), (22, 0.024162295433828376), (23, 0.037775908808685414), (24, 0.027445351920248287), (25, 0.03791087247461442), (26, 0.030409189055527613), (27, 0.03220343866115167), (28, 0.03948071858538747), (29, 0.03709863818008312), (30, 0.04452318629782655)]
[2026-01-21 00:25:56,743][flwr][INFO] - app_fit: metrics_distributed_fit {}
[2026-01-21 00:25:56,743][flwr][INFO] - app_fit: metrics_distributed {}
[2026-01-21 00:25:56,744][flwr][INFO] - app_fit: losses_centralized [(0, 1.4340404903996313), (1, 0.1606072687217919), (2, 0.08500155420187364), (3, 0.059857072878475776), (4, 0.04827669050652859), (5, 0.043100810433208285), (6, 0.03827657267720314), (7, 0.03387894233316931), (8, 0.03572425836605676), (9, 0.0327747117189939), (10, 0.03246513204863939), (11, 0.035277156077078736), (12, 0.03283795835627775), (13, 0.031238220107098043), (14, 0.0314791461447237), (15, 0.031247835770742586), (16, 0.03161922077589492), (17, 0.03123040333457493), (18, 0.03119718222696719), (19, 0.031425635964649846), (20, 0.03401827414164183), (21, 0.03229168087520535), (22, 0.03149554259335265), (23, 0.03190450008151494), (24, 0.02938198747156317), (25, 0.02959734818887866), (26, 0.029895342779957663), (27, 0.028564886060153828), (28, 0.028838408326238782), (29, 0.03158825652350633), (30, 0.02988403100322338)]
[2026-01-21 00:25:56,744][flwr][INFO] - app_fit: metrics_centralized {'rmse': [(0, 11782.010694274555), (1, 6286.774689775354), (2, 4809.594993344034), (3, 4398.350599940846), (4, 4217.129829635317), (5, 4066.707144607293), (6, 3952.8751561363533), (7, 3868.290190769043), (8, 3927.36272834583), (9, 3858.768715536084), (10, 3859.0649126439944), (11, 3955.344359218297), (12, 3930.7819832699956), (13, 3884.4671449247708), (14, 3912.6415629341773), (15, 3929.080426766548), (16, 3915.717431071859), (17, 3905.641432594651), (18, 3916.216796858928), (19, 3933.6386463425947), (20, 3935.4595665563634), (21, 3871.7883464879637), (22, 4109.824570465265), (23, 3921.4478193646796), (24, 3873.1035359256794), (25, 4005.396984070368), (26, 3889.840099541368), (27, 3852.93264929456), (28, 3946.068169710199), (29, 3913.7309565170676), (30, 4023.587826803337)], 'mae': [(0, 9149.193359375), (1, 3293.522705078125), (2, 2133.417236328125), (3, 1727.7188720703125), (4, 1524.4058837890625), (5, 1444.2803955078125), (6, 1350.212890625), (7, 1362.970703125), (8, 1251.258544921875), (9, 1259.3162841796875), (10, 1280.264404296875), (11, 1245.123046875), (12, 1301.8475341796875), (13, 1281.9727783203125), (14, 1279.24853515625), (15, 1338.6265869140625), (16, 1303.13330078125), (17, 1317.9647216796875), (18, 1302.2427978515625), (19, 1331.066162109375), (20, 1230.3245849609375), (21, 1226.3953857421875), (22, 1464.9259033203125), (23, 1219.4556884765625), (24, 1232.5675048828125), (25, 1402.4161376953125), (26, 1323.71630859375), (27, 1275.6256103515625), (28, 1379.0899658203125), (29, 1197.9356689453125), (30, 1436.8011474609375)], 'r2': [(0, 0.00890437044283554), (1, 0.7178159154900824), (2, 0.8348442436207031), (3, 0.8618800508217768), (4, 0.8730272037768338), (5, 0.8819237572447078), (6, 0.8884414351062604), (7, 0.8931646919003116), (8, 0.8898768179673213), (9, 0.8936899764851314), (10, 0.8936736532334763), (11, 0.8883020201644516), (12, 0.8896849867618869), (13, 0.8922692669513669), (14, 0.890700834190023), (15, 0.8897804697177722), (16, 0.8905289194048469), (17, 0.8910915802761383), (18, 0.8905009953517011), (19, 0.8895245847822358), (20, 0.8894222821390012), (21, 0.8929713794294529), (22, 0.8794066766411072), (23, 0.890208276771482), (24, 0.8928986507637229), (25, 0.8854571839202507), (26, 0.8919710339572913), (27, 0.8940113010872313), (28, 0.8888253175070437), (29, 0.8906399629806838), (30, 0.8844144097265813)], 'mape': [(0, 79.91940307617188), (1, 17.325471878051758), (2, 11.538311958312988), (3, 9.023896217346191), (4, 7.597693920135498), (5, 7.0565948486328125), (6, 6.341259956359863), (7, 6.0399580001831055), (8, 5.797914028167725), (9, 5.553534030914307), (10, 5.5662713050842285), (11, 5.603911876678467), (12, 5.537984371185303), (13, 5.392564296722412), (14, 5.451470851898193), (15, 5.517969131469727), (16, 5.488616943359375), (17, 5.537675857543945), (18, 5.417271137237549), (19, 5.535724639892578), (20, 5.417457103729248), (21, 5.339433670043945), (22, 5.6656060218811035), (23, 5.259034633636475), (24, 5.131783962249756), (25, 5.465926647186279), (26, 5.452883720397949), (27, 5.273837566375732), (28, 5.446387767791748), (29, 5.261492729187012), (30, 5.631981372833252)], 'accuracy_10': [(0, 11.735205352306366), (1, 35.40621995925903), (2, 56.97091221809387), (3, 71.11334204673767), (4, 79.38816547393799), (5, 81.69508576393127), (6, 85.70712208747864), (7, 85.65697073936462), (8, 88.46539855003357), (9, 88.16449642181396), (10, 88.26479315757751), (11, 88.71614933013916), (12, 87.81344294548035), (13, 88.66599798202515), (14, 88.86659741401672), (15, 87.41223812103271), (16, 87.51253485679626), (17, 87.81344294548035), (18, 88.11434507369995), (19, 87.16148734092712), (20, 89.4182562828064), (21, 89.21765089035034), (22, 84.80441570281982), (23, 89.21765089035034), (24, 88.71614933013916), (25, 86.15847826004028), (26, 87.51253485679626), (27, 88.41524720191956), (28, 86.35907769203186), (29, 89.719158411026), (30, 85.65697073936462)], 'accuracy_20': [(0, 21.46439254283905), (1, 75.32597780227661), (2, 89.06720280647278), (3, 93.78134608268738), (4, 94.7342038154602), (5, 95.2858567237854), (6, 95.8375096321106), (7, 96.38916850090027), (8, 95.78736424446106), (9, 96.13841772079468), (10, 96.03811502456665), (11, 95.48646211624146), (12, 95.93781232833862), (13, 96.28886580467224), (14, 96.33901715278625), (15, 96.08826637268066), (16, 96.18856310844421), (17, 96.18856310844421), (18, 96.03811502456665), (19, 95.88766098022461), (20, 94.9849545955658), (21, 95.03510594367981), (22, 95.63691020011902), (23, 95.43631076812744), (24, 96.13841772079468), (25, 95.98796367645264), (26, 95.8375096321106), (27, 96.38916850090027), (28, 96.03811502456665), (29, 95.68706154823303), (30, 95.98796367645264)]}
[2026-01-21 00:25:57,241][flwr][INFO] - Starting Flower simulation, config: ServerConfig(num_rounds=30, round_timeout=None)
[2026-01-21 00:26:04,464][flwr][INFO] - Flower VCE: Ray initialized with resources: {'node:127.0.0.1': 1.0, 'object_store_memory': 2147483648.0, 'CPU': 10.0, 'memory': 12532977664.0}
[2026-01-21 00:26:04,464][flwr][INFO] - Initializing global parameters
[2026-01-21 00:26:04,464][flwr][INFO] - Using initial parameters provided by strategy
[2026-01-21 00:26:04,464][flwr][INFO] - Evaluating initial parameters
[2026-01-21 00:26:04,689][flwr][INFO] - initial parameters (loss, other metrics): 1.4340404903996313, {'rmse': 11782.010694274555, 'mae': 9149.193359375, 'r2': 0.00890437044283554, 'mape': 79.91940307617188, 'accuracy_10': 11.735205352306366, 'accuracy_20': 21.46439254283905}
[2026-01-21 00:26:04,689][flwr][INFO] - FL starting
[2026-01-21 00:26:04,689][flwr][DEBUG] - fit_round 1: strategy sampled 9 clients (out of 12)
[2026-01-21 00:26:18,607][flwr][DEBUG] - fit_round 1 received 9 results and 0 failures
[2026-01-21 00:26:18,613][flwr][WARNING] - No fit_metrics_aggregation_fn provided
[2026-01-21 00:26:18,870][flwr][INFO] - fit progress: (1, 0.16003585687521826, {'rmse': 5975.58967801505, 'mae': 3187.2265625, 'r2': 0.7450598478162569, 'mape': 16.903642654418945, 'accuracy_10': 37.31193542480469, 'accuracy_20': 74.07221794128418}, 14.180940582999028)
[2026-01-21 00:26:18,870][flwr][DEBUG] - evaluate_round 1: strategy sampled 8 clients (out of 12)
[2026-01-21 00:26:19,113][flwr][DEBUG] - evaluate_round 1 received 8 results and 0 failures
[2026-01-21 00:26:19,113][flwr][WARNING] - No evaluate_metrics_aggregation_fn provided
[2026-01-21 00:26:19,114][flwr][DEBUG] - fit_round 2: strategy sampled 9 clients (out of 12)
[2026-01-21 00:26:27,318][flwr][DEBUG] - fit_round 2 received 9 results and 0 failures
[2026-01-21 00:26:27,577][flwr][INFO] - fit progress: (2, 0.10548493705144378, {'rmse': 5372.098658811098, 'mae': 2530.697021484375, 'r2': 0.7939537649249957, 'mape': 13.11944580078125, 'accuracy_10': 52.657973766326904, 'accuracy_20': 86.05817556381226}, 22.888078499992844)
[2026-01-21 00:26:27,578][flwr][DEBUG] - evaluate_round 2: strategy sampled 8 clients (out of 12)
[2026-01-21 00:26:27,824][flwr][DEBUG] - evaluate_round 2 received 8 results and 0 failures
[2026-01-21 00:26:27,825][flwr][DEBUG] - fit_round 3: strategy sampled 9 clients (out of 12)
[2026-01-21 00:26:35,641][flwr][DEBUG] - fit_round 3 received 9 results and 0 failures
[2026-01-21 00:26:35,935][flwr][INFO] - fit progress: (3, 0.07139420997698903, {'rmse': 4692.418566155411, 'mae': 1982.662353515625, 'r2': 0.8427936085127532, 'mape': 10.162239074707031, 'accuracy_10': 66.8004035949707, 'accuracy_20': 91.37412309646606}, 31.246002416010015)
[2026-01-21 00:26:35,935][flwr][DEBUG] - evaluate_round 3: strategy sampled 8 clients (out of 12)
[2026-01-21 00:26:36,219][flwr][DEBUG] - evaluate_round 3 received 8 results and 0 failures
[2026-01-21 00:26:36,219][flwr][DEBUG] - fit_round 4: strategy sampled 9 clients (out of 12)
[2026-01-21 00:26:44,347][flwr][DEBUG] - fit_round 4 received 9 results and 0 failures
[2026-01-21 00:26:44,648][flwr][INFO] - fit progress: (4, 0.05927225778863925, {'rmse': 4521.213996262508, 'mae': 1754.6318359375, 'r2': 0.8540558015270937, 'mape': 8.729722023010254, 'accuracy_10': 74.82447624206543, 'accuracy_20': 92.97893643379211}, 39.95876954100095)
[2026-01-21 00:26:44,648][flwr][DEBUG] - evaluate_round 4: strategy sampled 8 clients (out of 12)
[2026-01-21 00:26:44,866][flwr][DEBUG] - evaluate_round 4 received 8 results and 0 failures
[2026-01-21 00:26:44,866][flwr][DEBUG] - fit_round 5: strategy sampled 9 clients (out of 12)
[2026-01-21 00:26:52,928][flwr][DEBUG] - fit_round 5 received 9 results and 0 failures
[2026-01-21 00:26:53,202][flwr][INFO] - fit progress: (5, 0.05003120321051826, {'rmse': 4344.775713428715, 'mae': 1639.816650390625, 'r2': 0.8652243521678334, 'mape': 7.8076252937316895, 'accuracy_10': 77.53259539604187, 'accuracy_20': 93.93179416656494}, 48.51309370796662)
[2026-01-21 00:26:53,203][flwr][DEBUG] - evaluate_round 5: strategy sampled 8 clients (out of 12)
[2026-01-21 00:26:53,465][flwr][DEBUG] - evaluate_round 5 received 8 results and 0 failures
[2026-01-21 00:26:53,466][flwr][DEBUG] - fit_round 6: strategy sampled 9 clients (out of 12)
[2026-01-21 00:27:01,173][flwr][DEBUG] - fit_round 6 received 9 results and 0 failures
[2026-01-21 00:27:01,438][flwr][INFO] - fit progress: (6, 0.04533156466930955, {'rmse': 4285.864906877024, 'mae': 1521.15185546875, 'r2': 0.8688544204128114, 'mape': 7.056114196777344, 'accuracy_10': 82.49749541282654, 'accuracy_20': 94.48345303535461}, 56.749179082980845)
[2026-01-21 00:27:01,439][flwr][DEBUG] - evaluate_round 6: strategy sampled 8 clients (out of 12)
[2026-01-21 00:27:01,784][flwr][DEBUG] - evaluate_round 6 received 8 results and 0 failures
[2026-01-21 00:27:01,784][flwr][DEBUG] - fit_round 7: strategy sampled 9 clients (out of 12)
[2026-01-21 00:27:09,654][flwr][DEBUG] - fit_round 7 received 9 results and 0 failures
[2026-01-21 00:27:09,932][flwr][INFO] - fit progress: (7, 0.04329421152636304, {'rmse': 4239.229882891467, 'mae': 1492.996337890625, 'r2': 0.8716929062814806, 'mape': 6.902588367462158, 'accuracy_10': 83.55064988136292, 'accuracy_20': 94.83450055122375}, 65.2429246249958)
[2026-01-21 00:27:09,932][flwr][DEBUG] - evaluate_round 7: strategy sampled 8 clients (out of 12)
[2026-01-21 00:27:10,130][flwr][DEBUG] - evaluate_round 7 received 8 results and 0 failures
[2026-01-21 00:27:10,130][flwr][DEBUG] - fit_round 8: strategy sampled 9 clients (out of 12)
[2026-01-21 00:27:19,890][flwr][DEBUG] - fit_round 8 received 9 results and 0 failures
[2026-01-21 00:27:20,146][flwr][INFO] - fit progress: (8, 0.0460295161379944, {'rmse': 4361.652668427416, 'mae': 1460.923828125, 'r2': 0.864175264263618, 'mape': 6.799497604370117, 'accuracy_10': 85.20561456680298, 'accuracy_20': 94.58374977111816}, 75.45697666599881)
[2026-01-21 00:27:20,147][flwr][DEBUG] - evaluate_round 8: strategy sampled 8 clients (out of 12)
[2026-01-21 00:27:20,463][flwr][DEBUG] - evaluate_round 8 received 8 results and 0 failures
[2026-01-21 00:27:20,463][flwr][DEBUG] - fit_round 9: strategy sampled 9 clients (out of 12)
[2026-01-21 00:27:30,307][flwr][DEBUG] - fit_round 9 received 9 results and 0 failures
[2026-01-21 00:27:30,584][flwr][INFO] - fit progress: (9, 0.03814613790538091, {'rmse': 4157.237784875914, 'mae': 1452.8271484375, 'r2': 0.8766081556069035, 'mape': 6.368912696838379, 'accuracy_10': 85.15546917915344, 'accuracy_20': 95.63691020011902}, 85.89466895797523)
[2026-01-21 00:27:30,584][flwr][DEBUG] - evaluate_round 9: strategy sampled 8 clients (out of 12)
[2026-01-21 00:27:30,814][flwr][DEBUG] - evaluate_round 9 received 8 results and 0 failures
[2026-01-21 00:27:30,815][flwr][DEBUG] - fit_round 10: strategy sampled 9 clients (out of 12)
[2026-01-21 00:27:40,357][flwr][DEBUG] - fit_round 10 received 9 results and 0 failures
[2026-01-21 00:27:40,631][flwr][INFO] - fit progress: (10, 0.03635775520388736, {'rmse': 4078.1243237547333, 'mae': 1368.2193603515625, 'r2': 0.8812598350157771, 'mape': 5.951383113861084, 'accuracy_10': 86.40922904014587, 'accuracy_20': 95.73721289634705}, 95.94147929101018)
[2026-01-21 00:27:40,632][flwr][DEBUG] - evaluate_round 10: strategy sampled 8 clients (out of 12)
[2026-01-21 00:27:40,883][flwr][DEBUG] - evaluate_round 10 received 8 results and 0 failures
[2026-01-21 00:27:40,884][flwr][DEBUG] - fit_round 11: strategy sampled 9 clients (out of 12)
[2026-01-21 00:27:50,407][flwr][DEBUG] - fit_round 11 received 9 results and 0 failures
[2026-01-21 00:27:50,700][flwr][INFO] - fit progress: (11, 0.035675134070763136, {'rmse': 4034.6951557707553, 'mae': 1340.7098388671875, 'r2': 0.8837753683569792, 'mape': 5.8174662590026855, 'accuracy_10': 87.51253485679626, 'accuracy_20': 95.8375096321106}, 106.01098641601857)
[2026-01-21 00:27:50,701][flwr][DEBUG] - evaluate_round 11: strategy sampled 8 clients (out of 12)
[2026-01-21 00:27:50,904][flwr][DEBUG] - evaluate_round 11 received 8 results and 0 failures
[2026-01-21 00:27:50,904][flwr][DEBUG] - fit_round 12: strategy sampled 9 clients (out of 12)
[2026-01-21 00:28:00,585][flwr][DEBUG] - fit_round 12 received 9 results and 0 failures
[2026-01-21 00:28:00,867][flwr][INFO] - fit progress: (12, 0.037135784852401606, {'rmse': 4074.0413596329627, 'mae': 1307.5697021484375, 'r2': 0.8814974827874025, 'mape': 5.827558517456055, 'accuracy_10': 87.6629889011383, 'accuracy_20': 95.2858567237854}, 116.1778384160134)
[2026-01-21 00:28:00,868][flwr][DEBUG] - evaluate_round 12: strategy sampled 8 clients (out of 12)
[2026-01-21 00:28:01,090][flwr][DEBUG] - evaluate_round 12 received 8 results and 0 failures
[2026-01-21 00:28:01,090][flwr][DEBUG] - fit_round 13: strategy sampled 9 clients (out of 12)
[2026-01-21 00:28:10,628][flwr][DEBUG] - fit_round 13 received 9 results and 0 failures
[2026-01-21 00:28:10,893][flwr][INFO] - fit progress: (13, 0.037575569046790165, {'rmse': 4068.833125110933, 'mae': 1293.9049072265625, 'r2': 0.8818002695727081, 'mape': 5.755910873413086, 'accuracy_10': 87.96389102935791, 'accuracy_20': 94.88465189933777}, 126.20385670801625)
[2026-01-21 00:28:10,894][flwr][DEBUG] - evaluate_round 13: strategy sampled 8 clients (out of 12)
[2026-01-21 00:28:11,124][flwr][DEBUG] - evaluate_round 13 received 8 results and 0 failures
[2026-01-21 00:28:11,125][flwr][DEBUG] - fit_round 14: strategy sampled 9 clients (out of 12)
[2026-01-21 00:28:20,889][flwr][DEBUG] - fit_round 14 received 9 results and 0 failures
[2026-01-21 00:28:21,147][flwr][INFO] - fit progress: (14, 0.03420315626653709, {'rmse': 4014.4371959217397, 'mae': 1309.451171875, 'r2': 0.8849395549844552, 'mape': 5.597998142242432, 'accuracy_10': 87.56268620491028, 'accuracy_20': 95.93781232833862}, 136.45740800001658)
[2026-01-21 00:28:21,147][flwr][DEBUG] - evaluate_round 14: strategy sampled 8 clients (out of 12)
[2026-01-21 00:28:21,509][flwr][DEBUG] - evaluate_round 14 received 8 results and 0 failures
[2026-01-21 00:28:21,509][flwr][DEBUG] - fit_round 15: strategy sampled 9 clients (out of 12)
[2026-01-21 00:28:31,328][flwr][DEBUG] - fit_round 15 received 9 results and 0 failures
[2026-01-21 00:28:31,599][flwr][INFO] - fit progress: (15, 0.036567851544218655, {'rmse': 4056.9346802727796, 'mae': 1286.7957763671875, 'r2': 0.8824905612593889, 'mape': 5.682790756225586, 'accuracy_10': 88.2146418094635, 'accuracy_20': 95.13540863990784}, 146.9097023329814)
[2026-01-21 00:28:31,600][flwr][DEBUG] - evaluate_round 15: strategy sampled 8 clients (out of 12)
[2026-01-21 00:28:31,839][flwr][DEBUG] - evaluate_round 15 received 8 results and 0 failures
[2026-01-21 00:28:31,839][flwr][DEBUG] - fit_round 16: strategy sampled 9 clients (out of 12)
[2026-01-21 00:28:41,352][flwr][DEBUG] - fit_round 16 received 9 results and 0 failures
[2026-01-21 00:28:41,627][flwr][INFO] - fit progress: (16, 0.03362325296448609, {'rmse': 4057.292816645109, 'mae': 1409.4500732421875, 'r2': 0.8824698162104525, 'mape': 5.781966209411621, 'accuracy_10': 86.35907769203186, 'accuracy_20': 95.73721289634705}, 156.93760020798072)
[2026-01-21 00:28:41,628][flwr][DEBUG] - evaluate_round 16: strategy sampled 8 clients (out of 12)
[2026-01-21 00:28:41,869][flwr][DEBUG] - evaluate_round 16 received 8 results and 0 failures
[2026-01-21 00:28:41,869][flwr][DEBUG] - fit_round 17: strategy sampled 9 clients (out of 12)
[2026-01-21 00:28:51,047][flwr][DEBUG] - fit_round 17 received 9 results and 0 failures
[2026-01-21 00:28:51,298][flwr][INFO] - fit progress: (17, 0.03333862093179193, {'rmse': 3959.29652842522, 'mae': 1289.75927734375, 'r2': 0.8880786937362595, 'mape': 5.521653175354004, 'accuracy_10': 88.11434507369995, 'accuracy_20': 95.68706154823303}, 166.6084209579858)
[2026-01-21 00:28:51,298][flwr][DEBUG] - evaluate_round 17: strategy sampled 8 clients (out of 12)
[2026-01-21 00:28:51,548][flwr][DEBUG] - evaluate_round 17 received 8 results and 0 failures
[2026-01-21 00:28:51,548][flwr][DEBUG] - fit_round 18: strategy sampled 9 clients (out of 12)
[2026-01-21 00:29:01,376][flwr][DEBUG] - fit_round 18 received 9 results and 0 failures
[2026-01-21 00:29:01,651][flwr][INFO] - fit progress: (18, 0.03388894212767556, {'rmse': 3985.8508501949746, 'mae': 1311.9632568359375, 'r2': 0.8865723861267673, 'mape': 5.605274200439453, 'accuracy_10': 87.6629889011383, 'accuracy_20': 95.23570537567139}, 176.96115674998146)
[2026-01-21 00:29:01,653][flwr][DEBUG] - evaluate_round 18: strategy sampled 8 clients (out of 12)
[2026-01-21 00:29:01,880][flwr][DEBUG] - evaluate_round 18 received 8 results and 0 failures
[2026-01-21 00:29:01,880][flwr][DEBUG] - fit_round 19: strategy sampled 9 clients (out of 12)
[2026-01-21 00:29:11,255][flwr][DEBUG] - fit_round 19 received 9 results and 0 failures
[2026-01-21 00:29:11,516][flwr][INFO] - fit progress: (19, 0.0355225172446837, {'rmse': 3991.007642187622, 'mae': 1262.7352294921875, 'r2': 0.8862786922579272, 'mape': 5.575659275054932, 'accuracy_10': 87.46238946914673, 'accuracy_20': 94.88465189933777}, 186.82628275000025)
[2026-01-21 00:29:11,516][flwr][DEBUG] - evaluate_round 19: strategy sampled 8 clients (out of 12)
[2026-01-21 00:29:11,759][flwr][DEBUG] - evaluate_round 19 received 8 results and 0 failures
[2026-01-21 00:29:11,759][flwr][DEBUG] - fit_round 20: strategy sampled 9 clients (out of 12)
[2026-01-21 00:29:21,066][flwr][DEBUG] - fit_round 20 received 9 results and 0 failures
[2026-01-21 00:29:21,316][flwr][INFO] - fit progress: (20, 0.033821201405918586, {'rmse': 4091.956255875666, 'mae': 1459.1627197265625, 'r2': 0.8804530000053971, 'mape': 5.897432327270508, 'accuracy_10': 85.65697073936462, 'accuracy_20': 95.48646211624146}, 196.62596820801264)
[2026-01-21 00:29:21,316][flwr][DEBUG] - evaluate_round 20: strategy sampled 8 clients (out of 12)
[2026-01-21 00:29:21,506][flwr][DEBUG] - evaluate_round 20 received 8 results and 0 failures
[2026-01-21 00:29:21,507][flwr][DEBUG] - fit_round 21: strategy sampled 9 clients (out of 12)
[2026-01-21 00:29:31,005][flwr][DEBUG] - fit_round 21 received 9 results and 0 failures
[2026-01-21 00:29:31,296][flwr][INFO] - fit progress: (21, 0.032133180696662954, {'rmse': 3930.88437886438, 'mae': 1323.2288818359375, 'r2': 0.8896792376921216, 'mape': 5.560097694396973, 'accuracy_10': 87.56268620491028, 'accuracy_20': 95.38615942001343}, 206.60636533302022)
[2026-01-21 00:29:31,297][flwr][DEBUG] - evaluate_round 21: strategy sampled 8 clients (out of 12)
[2026-01-21 00:29:31,528][flwr][DEBUG] - evaluate_round 21 received 8 results and 0 failures
[2026-01-21 00:29:31,529][flwr][DEBUG] - fit_round 22: strategy sampled 9 clients (out of 12)
[2026-01-21 00:29:41,310][flwr][DEBUG] - fit_round 22 received 9 results and 0 failures
[2026-01-21 00:29:41,581][flwr][INFO] - fit progress: (22, 0.0361782773720136, {'rmse': 4014.5600007970984, 'mae': 1251.269775390625, 'r2': 0.8849325153071915, 'mape': 5.606040000915527, 'accuracy_10': 87.81344294548035, 'accuracy_20': 94.83450055122375}, 216.89069887500955)
[2026-01-21 00:29:41,582][flwr][DEBUG] - evaluate_round 22: strategy sampled 8 clients (out of 12)
[2026-01-21 00:29:41,762][flwr][DEBUG] - evaluate_round 22 received 8 results and 0 failures
[2026-01-21 00:29:41,763][flwr][DEBUG] - fit_round 23: strategy sampled 9 clients (out of 12)
[2026-01-21 00:29:50,966][flwr][DEBUG] - fit_round 23 received 9 results and 0 failures
[2026-01-21 00:29:51,229][flwr][INFO] - fit progress: (23, 0.033726846238779445, {'rmse': 3965.064690518933, 'mae': 1331.08544921875, 'r2': 0.8877523460311121, 'mape': 5.703975200653076, 'accuracy_10': 87.31193542480469, 'accuracy_20': 95.33600807189941}, 226.53929237497505)
[2026-01-21 00:29:51,230][flwr][DEBUG] - evaluate_round 23: strategy sampled 8 clients (out of 12)
[2026-01-21 00:29:51,353][flwr][DEBUG] - evaluate_round 23 received 8 results and 0 failures
[2026-01-21 00:29:51,354][flwr][DEBUG] - fit_round 24: strategy sampled 9 clients (out of 12)
[2026-01-21 00:30:00,989][flwr][DEBUG] - fit_round 24 received 9 results and 0 failures
[2026-01-21 00:30:01,264][flwr][INFO] - fit progress: (24, 0.03367521379370926, {'rmse': 3946.416729135432, 'mae': 1336.5064697265625, 'r2': 0.888805679740677, 'mape': 5.754082679748535, 'accuracy_10': 87.16148734092712, 'accuracy_20': 95.38615942001343}, 236.57374508300563)
[2026-01-21 00:30:01,264][flwr][DEBUG] - evaluate_round 24: strategy sampled 8 clients (out of 12)
[2026-01-21 00:30:01,401][flwr][DEBUG] - evaluate_round 24 received 8 results and 0 failures
[2026-01-21 00:30:01,401][flwr][DEBUG] - fit_round 25: strategy sampled 9 clients (out of 12)
[2026-01-21 00:30:10,316][flwr][DEBUG] - fit_round 25 received 9 results and 0 failures
[2026-01-21 00:30:10,567][flwr][INFO] - fit progress: (25, 0.03359074332754136, {'rmse': 4076.063787528355, 'mae': 1490.7445068359375, 'r2': 0.881379795516148, 'mape': 6.085533142089844, 'accuracy_10': 85.75727343559265, 'accuracy_20': 95.68706154823303}, 245.8770994580118)
[2026-01-21 00:30:10,568][flwr][DEBUG] - evaluate_round 25: strategy sampled 8 clients (out of 12)
[2026-01-21 00:30:10,834][flwr][DEBUG] - evaluate_round 25 received 8 results and 0 failures
[2026-01-21 00:30:10,834][flwr][DEBUG] - fit_round 26: strategy sampled 9 clients (out of 12)
[2026-01-21 00:30:20,186][flwr][DEBUG] - fit_round 26 received 9 results and 0 failures
[2026-01-21 00:30:20,439][flwr][INFO] - fit progress: (26, 0.033439323913264894, {'rmse': 3984.078312483328, 'mae': 1384.113037109375, 'r2': 0.8866732441695633, 'mape': 5.8851399421691895, 'accuracy_10': 86.91073060035706, 'accuracy_20': 95.38615942001343}, 255.7488527079695)
[2026-01-21 00:30:20,439][flwr][DEBUG] - evaluate_round 26: strategy sampled 8 clients (out of 12)
[2026-01-21 00:30:20,550][flwr][DEBUG] - evaluate_round 26 received 8 results and 0 failures
[2026-01-21 00:30:20,551][flwr][DEBUG] - fit_round 27: strategy sampled 9 clients (out of 12)
[2026-01-21 00:30:29,939][flwr][DEBUG] - fit_round 27 received 9 results and 0 failures
[2026-01-21 00:30:30,203][flwr][INFO] - fit progress: (27, 0.03396142083206172, {'rmse': 3988.0908966571965, 'mae': 1372.895263671875, 'r2': 0.8864448579733379, 'mape': 5.872486591339111, 'accuracy_10': 86.35907769203186, 'accuracy_20': 95.13540863990784}, 265.5129254159983)
[2026-01-21 00:30:30,204][flwr][DEBUG] - evaluate_round 27: strategy sampled 8 clients (out of 12)
[2026-01-21 00:30:30,439][flwr][DEBUG] - evaluate_round 27 received 8 results and 0 failures
[2026-01-21 00:30:30,439][flwr][DEBUG] - fit_round 28: strategy sampled 9 clients (out of 12)
[2026-01-21 00:30:40,116][flwr][DEBUG] - fit_round 28 received 9 results and 0 failures
[2026-01-21 00:30:40,394][flwr][INFO] - fit progress: (28, 0.03371428305034711, {'rmse': 3952.5749834759617, 'mae': 1366.341552734375, 'r2': 0.8884583816626732, 'mape': 5.882338523864746, 'accuracy_10': 86.40922904014587, 'accuracy_20': 95.18555402755737}, 275.70356645801803)
[2026-01-21 00:30:40,394][flwr][DEBUG] - evaluate_round 28: strategy sampled 8 clients (out of 12)
[2026-01-21 00:30:40,624][flwr][DEBUG] - evaluate_round 28 received 8 results and 0 failures
[2026-01-21 00:30:40,624][flwr][DEBUG] - fit_round 29: strategy sampled 9 clients (out of 12)
[2026-01-21 00:30:50,078][flwr][DEBUG] - fit_round 29 received 9 results and 0 failures
[2026-01-21 00:30:50,339][flwr][INFO] - fit progress: (29, 0.03405396859633289, {'rmse': 4096.433326687986, 'mae': 1498.770263671875, 'r2': 0.8801912633381351, 'mape': 6.154895782470703, 'accuracy_10': 84.85456109046936, 'accuracy_20': 95.23570537567139}, 285.6482059159898)
[2026-01-21 00:30:50,339][flwr][DEBUG] - evaluate_round 29: strategy sampled 8 clients (out of 12)
[2026-01-21 00:30:50,455][flwr][DEBUG] - evaluate_round 29 received 8 results and 0 failures
[2026-01-21 00:30:50,455][flwr][DEBUG] - fit_round 30: strategy sampled 9 clients (out of 12)
[2026-01-21 00:30:59,657][flwr][DEBUG] - fit_round 30 received 9 results and 0 failures
[2026-01-21 00:30:59,907][flwr][INFO] - fit progress: (30, 0.03302015293923878, {'rmse': 3919.995153058228, 'mae': 1350.903564453125, 'r2': 0.8902896070428685, 'mape': 5.8408589363098145, 'accuracy_10': 87.0611846446991, 'accuracy_20': 95.08525729179382}, 295.21670804097084)
[2026-01-21 00:30:59,907][flwr][DEBUG] - evaluate_round 30: strategy sampled 8 clients (out of 12)
[2026-01-21 00:31:00,112][flwr][DEBUG] - evaluate_round 30 received 8 results and 0 failures
[2026-01-21 00:31:00,113][flwr][INFO] - FL finished in 295.4223153750063
[2026-01-21 00:31:00,116][flwr][INFO] - app_fit: losses_distributed [(1, 0.1637852759447431), (2, 0.12569243622522625), (3, 0.09235291157457291), (4, 0.049251055005442336), (5, 0.05200103406040441), (6, 0.050430004287398224), (7, 0.05319298134200315), (8, 0.048473448468309525), (9, 0.044332851894146715), (10, 0.030386584817070114), (11, 0.0509237861872831), (12, 0.023038780420483213), (13, 0.05218107453668727), (14, 0.02573380749890331), (15, 0.03763174764074233), (16, 0.03777450078623093), (17, 0.03241983165344378), (18, 0.05132256757633044), (19, 0.024400158212852248), (20, 0.033202591542956524), (21, 0.04411034957054042), (22, 0.03744513529128637), (23, 0.022986862845652947), (24, 0.033475635274762355), (25, 0.03751217373999686), (26, 0.041619667279657414), (27, 0.03476097674574703), (28, 0.04684702310632287), (29, 0.03789868285441614), (30, 0.04652525109943651)]
[2026-01-21 00:31:00,116][flwr][INFO] - app_fit: metrics_distributed_fit {'scaffold_updates': [(1, 9), (2, 9), (3, 9), (4, 9), (5, 9), (6, 9), (7, 9), (8, 9), (9, 9), (10, 9), (11, 9), (12, 9), (13, 9), (14, 9), (15, 9), (16, 9), (17, 9), (18, 9), (19, 9), (20, 9), (21, 9), (22, 9), (23, 9), (24, 9), (25, 9), (26, 9), (27, 9), (28, 9), (29, 9), (30, 9)], 'avg_control_delta_norm': [(1, 1.1068712113850956), (2, 0.6734318829270394), (3, 0.4654012908555919), (4, 0.37901804620886664), (5, 0.3502111763655855), (6, 0.32332946182175876), (7, 0.2593481233732995), (8, 0.4658900906259109), (9, 0.37698086002748477), (10, 0.3422167816674035), (11, 0.3272113523273049), (12, 0.2889479469920646), (13, 0.30754609934221855), (14, 0.2740725613338022), (15, 0.2555374014826451), (16, 0.26270303133866313), (17, 0.28275995302311413), (18, 0.21380250249559646), (19, 0.22301043080053937), (20, 0.24983502772070088), (21, 0.23265294530768532), (22, 0.24041049308369228), (23, 0.22635837488655466), (24, 0.18228169108524053), (25, 0.2432054639741144), (26, 0.20963691550994495), (27, 0.18974675565793286), (28, 0.1935508978093127), (29, 0.18429748325110776), (30, 0.20158666764829136)]}
[2026-01-21 00:31:00,116][flwr][INFO] - app_fit: metrics_distributed {}
[2026-01-21 00:31:00,116][flwr][INFO] - app_fit: losses_centralized [(0, 1.4340404903996313), (1, 0.16003585687521826), (2, 0.10548493705144378), (3, 0.07139420997698903), (4, 0.05927225778863925), (5, 0.05003120321051826), (6, 0.04533156466930955), (7, 0.04329421152636304), (8, 0.0460295161379944), (9, 0.03814613790538091), (10, 0.03635775520388736), (11, 0.035675134070763136), (12, 0.037135784852401606), (13, 0.037575569046790165), (14, 0.03420315626653709), (15, 0.036567851544218655), (16, 0.03362325296448609), (17, 0.03333862093179193), (18, 0.03388894212767556), (19, 0.0355225172446837), (20, 0.033821201405918586), (21, 0.032133180696662954), (22, 0.0361782773720136), (23, 0.033726846238779445), (24, 0.03367521379370926), (25, 0.03359074332754136), (26, 0.033439323913264894), (27, 0.03396142083206172), (28, 0.03371428305034711), (29, 0.03405396859633289), (30, 0.03302015293923878)]
[2026-01-21 00:31:00,116][flwr][INFO] - app_fit: metrics_centralized {'rmse': [(0, 11782.010694274555), (1, 5975.58967801505), (2, 5372.098658811098), (3, 4692.418566155411), (4, 4521.213996262508), (5, 4344.775713428715), (6, 4285.864906877024), (7, 4239.229882891467), (8, 4361.652668427416), (9, 4157.237784875914), (10, 4078.1243237547333), (11, 4034.6951557707553), (12, 4074.0413596329627), (13, 4068.833125110933), (14, 4014.4371959217397), (15, 4056.9346802727796), (16, 4057.292816645109), (17, 3959.29652842522), (18, 3985.8508501949746), (19, 3991.007642187622), (20, 4091.956255875666), (21, 3930.88437886438), (22, 4014.5600007970984), (23, 3965.064690518933), (24, 3946.416729135432), (25, 4076.063787528355), (26, 3984.078312483328), (27, 3988.0908966571965), (28, 3952.5749834759617), (29, 4096.433326687986), (30, 3919.995153058228)], 'mae': [(0, 9149.193359375), (1, 3187.2265625), (2, 2530.697021484375), (3, 1982.662353515625), (4, 1754.6318359375), (5, 1639.816650390625), (6, 1521.15185546875), (7, 1492.996337890625), (8, 1460.923828125), (9, 1452.8271484375), (10, 1368.2193603515625), (11, 1340.7098388671875), (12, 1307.5697021484375), (13, 1293.9049072265625), (14, 1309.451171875), (15, 1286.7957763671875), (16, 1409.4500732421875), (17, 1289.75927734375), (18, 1311.9632568359375), (19, 1262.7352294921875), (20, 1459.1627197265625), (21, 1323.2288818359375), (22, 1251.269775390625), (23, 1331.08544921875), (24, 1336.5064697265625), (25, 1490.7445068359375), (26, 1384.113037109375), (27, 1372.895263671875), (28, 1366.341552734375), (29, 1498.770263671875), (30, 1350.903564453125)], 'r2': [(0, 0.00890437044283554), (1, 0.7450598478162569), (2, 0.7939537649249957), (3, 0.8427936085127532), (4, 0.8540558015270937), (5, 0.8652243521678334), (6, 0.8688544204128114), (7, 0.8716929062814806), (8, 0.864175264263618), (9, 0.8766081556069035), (10, 0.8812598350157771), (11, 0.8837753683569792), (12, 0.8814974827874025), (13, 0.8818002695727081), (14, 0.8849395549844552), (15, 0.8824905612593889), (16, 0.8824698162104525), (17, 0.8880786937362595), (18, 0.8865723861267673), (19, 0.8862786922579272), (20, 0.8804530000053971), (21, 0.8896792376921216), (22, 0.8849325153071915), (23, 0.8877523460311121), (24, 0.888805679740677), (25, 0.881379795516148), (26, 0.8866732441695633), (27, 0.8864448579733379), (28, 0.8884583816626732), (29, 0.8801912633381351), (30, 0.8902896070428685)], 'mape': [(0, 79.91940307617188), (1, 16.903642654418945), (2, 13.11944580078125), (3, 10.162239074707031), (4, 8.729722023010254), (5, 7.8076252937316895), (6, 7.056114196777344), (7, 6.902588367462158), (8, 6.799497604370117), (9, 6.368912696838379), (10, 5.951383113861084), (11, 5.8174662590026855), (12, 5.827558517456055), (13, 5.755910873413086), (14, 5.597998142242432), (15, 5.682790756225586), (16, 5.781966209411621), (17, 5.521653175354004), (18, 5.605274200439453), (19, 5.575659275054932), (20, 5.897432327270508), (21, 5.560097694396973), (22, 5.606040000915527), (23, 5.703975200653076), (24, 5.754082679748535), (25, 6.085533142089844), (26, 5.8851399421691895), (27, 5.872486591339111), (28, 5.882338523864746), (29, 6.154895782470703), (30, 5.8408589363098145)], 'accuracy_10': [(0, 11.735205352306366), (1, 37.31193542480469), (2, 52.657973766326904), (3, 66.8004035949707), (4, 74.82447624206543), (5, 77.53259539604187), (6, 82.49749541282654), (7, 83.55064988136292), (8, 85.20561456680298), (9, 85.15546917915344), (10, 86.40922904014587), (11, 87.51253485679626), (12, 87.6629889011383), (13, 87.96389102935791), (14, 87.56268620491028), (15, 88.2146418094635), (16, 86.35907769203186), (17, 88.11434507369995), (18, 87.6629889011383), (19, 87.46238946914673), (20, 85.65697073936462), (21, 87.56268620491028), (22, 87.81344294548035), (23, 87.31193542480469), (24, 87.16148734092712), (25, 85.75727343559265), (26, 86.91073060035706), (27, 86.35907769203186), (28, 86.40922904014587), (29, 84.85456109046936), (30, 87.0611846446991)], 'accuracy_20': [(0, 21.46439254283905), (1, 74.07221794128418), (2, 86.05817556381226), (3, 91.37412309646606), (4, 92.97893643379211), (5, 93.93179416656494), (6, 94.48345303535461), (7, 94.83450055122375), (8, 94.58374977111816), (9, 95.63691020011902), (10, 95.73721289634705), (11, 95.8375096321106), (12, 95.2858567237854), (13, 94.88465189933777), (14, 95.93781232833862), (15, 95.13540863990784), (16, 95.73721289634705), (17, 95.68706154823303), (18, 95.23570537567139), (19, 94.88465189933777), (20, 95.48646211624146), (21, 95.38615942001343), (22, 94.83450055122375), (23, 95.33600807189941), (24, 95.38615942001343), (25, 95.68706154823303), (26, 95.38615942001343), (27, 95.13540863990784), (28, 95.18555402755737), (29, 95.23570537567139), (30, 95.08525729179382)]}
