[2026-01-22 21:21:08,944][flwr][INFO] - Starting Flower simulation, config: ServerConfig(num_rounds=50, round_timeout=None)
[2026-01-22 21:21:14,399][flwr][INFO] - Flower VCE: Ray initialized with resources: {'memory': 11933804954.0, 'node:127.0.0.1': 1.0, 'CPU': 10.0, 'object_store_memory': 2147483648.0}
[2026-01-22 21:21:14,399][flwr][INFO] - Initializing global parameters
[2026-01-22 21:21:14,400][flwr][INFO] - Requesting initial parameters from one random client
[2026-01-22 21:21:17,859][flwr][INFO] - Received initial parameters from one random client
[2026-01-22 21:21:17,859][flwr][INFO] - Evaluating initial parameters
[2026-01-22 21:21:17,919][flwr][INFO] - initial parameters (loss, other metrics): 239164781.7142857, {'rmse': 15484.298111312633, 'mae': 10695.9423828125, 'r2': -0.9085654020309448}
[2026-01-22 21:21:17,919][flwr][INFO] - FL starting
[2026-01-22 21:21:17,920][flwr][DEBUG] - fit_round 1: strategy sampled 3 clients (out of 3)
[2026-01-22 21:21:21,771][flwr][DEBUG] - fit_round 1 received 3 results and 0 failures
[2026-01-22 21:21:21,775][flwr][WARNING] - No fit_metrics_aggregation_fn provided
[2026-01-22 21:21:21,806][flwr][INFO] - fit progress: (1, 121231993.8095238, {'rmse': 11030.182228775733, 'mae': 7296.77294921875, 'r2': 0.03152281045913696}, 3.88657787500415)
[2026-01-22 21:21:21,806][flwr][DEBUG] - evaluate_round 1: strategy sampled 3 clients (out of 3)
[2026-01-22 21:21:21,840][flwr][DEBUG] - evaluate_round 1 received 3 results and 0 failures
[2026-01-22 21:21:21,840][flwr][WARNING] - No evaluate_metrics_aggregation_fn provided
[2026-01-22 21:21:21,840][flwr][DEBUG] - fit_round 2: strategy sampled 3 clients (out of 3)
[2026-01-22 21:21:22,474][flwr][DEBUG] - fit_round 2 received 3 results and 0 failures
[2026-01-22 21:21:22,499][flwr][INFO] - fit progress: (2, 121231993.8095238, {'rmse': 11030.182228775733, 'mae': 7296.77294921875, 'r2': 0.03152281045913696}, 4.5792740829638205)
[2026-01-22 21:21:22,499][flwr][DEBUG] - evaluate_round 2: strategy sampled 3 clients (out of 3)
[2026-01-22 21:21:22,523][flwr][DEBUG] - evaluate_round 2 received 3 results and 0 failures
[2026-01-22 21:21:22,523][flwr][DEBUG] - fit_round 3: strategy sampled 3 clients (out of 3)
[2026-01-22 21:21:23,145][flwr][DEBUG] - fit_round 3 received 3 results and 0 failures
[2026-01-22 21:21:23,169][flwr][INFO] - fit progress: (3, 121231993.8095238, {'rmse': 11030.182228775733, 'mae': 7296.77294921875, 'r2': 0.03152281045913696}, 5.249950792000163)
[2026-01-22 21:21:23,170][flwr][DEBUG] - evaluate_round 3: strategy sampled 3 clients (out of 3)
[2026-01-22 21:21:23,193][flwr][DEBUG] - evaluate_round 3 received 3 results and 0 failures
[2026-01-22 21:21:23,194][flwr][DEBUG] - fit_round 4: strategy sampled 3 clients (out of 3)
[2026-01-22 21:21:23,819][flwr][DEBUG] - fit_round 4 received 3 results and 0 failures
[2026-01-22 21:21:23,843][flwr][INFO] - fit progress: (4, 121231993.8095238, {'rmse': 11030.182228775733, 'mae': 7296.77294921875, 'r2': 0.03152281045913696}, 5.923641000001226)
[2026-01-22 21:21:23,843][flwr][DEBUG] - evaluate_round 4: strategy sampled 3 clients (out of 3)
[2026-01-22 21:21:23,865][flwr][DEBUG] - evaluate_round 4 received 3 results and 0 failures
[2026-01-22 21:21:23,865][flwr][DEBUG] - fit_round 5: strategy sampled 3 clients (out of 3)
[2026-01-22 21:21:24,492][flwr][DEBUG] - fit_round 5 received 3 results and 0 failures
[2026-01-22 21:21:24,518][flwr][INFO] - fit progress: (5, 121231993.8095238, {'rmse': 11030.182228775733, 'mae': 7296.77294921875, 'r2': 0.03152281045913696}, 6.5986280419747345)
[2026-01-22 21:21:24,518][flwr][DEBUG] - evaluate_round 5: strategy sampled 3 clients (out of 3)
[2026-01-22 21:21:24,541][flwr][DEBUG] - evaluate_round 5 received 3 results and 0 failures
[2026-01-22 21:21:24,541][flwr][DEBUG] - fit_round 6: strategy sampled 3 clients (out of 3)
[2026-01-22 21:21:25,150][flwr][DEBUG] - fit_round 6 received 3 results and 0 failures
[2026-01-22 21:21:25,172][flwr][INFO] - fit progress: (6, 121231993.8095238, {'rmse': 11030.182228775733, 'mae': 7296.77294921875, 'r2': 0.03152281045913696}, 7.252876082959119)
[2026-01-22 21:21:25,173][flwr][DEBUG] - evaluate_round 6: strategy sampled 3 clients (out of 3)
[2026-01-22 21:21:25,193][flwr][DEBUG] - evaluate_round 6 received 3 results and 0 failures
[2026-01-22 21:21:25,193][flwr][DEBUG] - fit_round 7: strategy sampled 3 clients (out of 3)
[2026-01-22 21:21:25,813][flwr][DEBUG] - fit_round 7 received 3 results and 0 failures
[2026-01-22 21:21:25,838][flwr][INFO] - fit progress: (7, 121231993.8095238, {'rmse': 11030.182228775733, 'mae': 7296.77294921875, 'r2': 0.03152281045913696}, 7.918763333000243)
[2026-01-22 21:21:25,839][flwr][DEBUG] - evaluate_round 7: strategy sampled 3 clients (out of 3)
[2026-01-22 21:21:25,861][flwr][DEBUG] - evaluate_round 7 received 3 results and 0 failures
[2026-01-22 21:21:25,861][flwr][DEBUG] - fit_round 8: strategy sampled 3 clients (out of 3)
[2026-01-22 21:21:26,484][flwr][DEBUG] - fit_round 8 received 3 results and 0 failures
[2026-01-22 21:21:26,507][flwr][INFO] - fit progress: (8, 121231993.8095238, {'rmse': 11030.182228775733, 'mae': 7296.77294921875, 'r2': 0.03152281045913696}, 8.587949249951635)
[2026-01-22 21:21:26,508][flwr][DEBUG] - evaluate_round 8: strategy sampled 3 clients (out of 3)
[2026-01-22 21:21:26,531][flwr][DEBUG] - evaluate_round 8 received 3 results and 0 failures
[2026-01-22 21:21:26,531][flwr][DEBUG] - fit_round 9: strategy sampled 3 clients (out of 3)
[2026-01-22 21:21:27,154][flwr][DEBUG] - fit_round 9 received 3 results and 0 failures
[2026-01-22 21:21:27,178][flwr][INFO] - fit progress: (9, 121231993.8095238, {'rmse': 11030.182228775733, 'mae': 7296.77294921875, 'r2': 0.03152281045913696}, 9.258443375001661)
[2026-01-22 21:21:27,178][flwr][DEBUG] - evaluate_round 9: strategy sampled 3 clients (out of 3)
[2026-01-22 21:21:27,200][flwr][DEBUG] - evaluate_round 9 received 3 results and 0 failures
[2026-01-22 21:21:27,200][flwr][DEBUG] - fit_round 10: strategy sampled 3 clients (out of 3)
[2026-01-22 21:21:27,824][flwr][DEBUG] - fit_round 10 received 3 results and 0 failures
[2026-01-22 21:21:27,849][flwr][INFO] - fit progress: (10, 121231993.8095238, {'rmse': 11030.182228775733, 'mae': 7296.77294921875, 'r2': 0.03152281045913696}, 9.929818917007651)
[2026-01-22 21:21:27,850][flwr][DEBUG] - evaluate_round 10: strategy sampled 3 clients (out of 3)
[2026-01-22 21:21:27,870][flwr][DEBUG] - evaluate_round 10 received 3 results and 0 failures
[2026-01-22 21:21:27,870][flwr][DEBUG] - fit_round 11: strategy sampled 3 clients (out of 3)
[2026-01-22 21:21:28,479][flwr][DEBUG] - fit_round 11 received 3 results and 0 failures
[2026-01-22 21:21:28,503][flwr][INFO] - fit progress: (11, 121231993.8095238, {'rmse': 11030.182228775733, 'mae': 7296.77294921875, 'r2': 0.03152281045913696}, 10.583334208000451)
[2026-01-22 21:21:28,503][flwr][DEBUG] - evaluate_round 11: strategy sampled 3 clients (out of 3)
[2026-01-22 21:21:28,596][flwr][DEBUG] - evaluate_round 11 received 3 results and 0 failures
[2026-01-22 21:21:28,597][flwr][DEBUG] - fit_round 12: strategy sampled 3 clients (out of 3)
[2026-01-22 21:21:29,221][flwr][DEBUG] - fit_round 12 received 3 results and 0 failures
[2026-01-22 21:21:29,243][flwr][INFO] - fit progress: (12, 121231993.8095238, {'rmse': 11030.182228775733, 'mae': 7296.77294921875, 'r2': 0.03152281045913696}, 11.323685457988176)
[2026-01-22 21:21:29,243][flwr][DEBUG] - evaluate_round 12: strategy sampled 3 clients (out of 3)
[2026-01-22 21:21:29,265][flwr][DEBUG] - evaluate_round 12 received 3 results and 0 failures
[2026-01-22 21:21:29,265][flwr][DEBUG] - fit_round 13: strategy sampled 3 clients (out of 3)
[2026-01-22 21:21:29,874][flwr][DEBUG] - fit_round 13 received 3 results and 0 failures
[2026-01-22 21:21:29,899][flwr][INFO] - fit progress: (13, 121231993.8095238, {'rmse': 11030.182228775733, 'mae': 7296.77294921875, 'r2': 0.03152281045913696}, 11.979310832975898)
[2026-01-22 21:21:29,899][flwr][DEBUG] - evaluate_round 13: strategy sampled 3 clients (out of 3)
[2026-01-22 21:21:29,919][flwr][DEBUG] - evaluate_round 13 received 3 results and 0 failures
[2026-01-22 21:21:29,920][flwr][DEBUG] - fit_round 14: strategy sampled 3 clients (out of 3)
[2026-01-22 21:21:30,524][flwr][DEBUG] - fit_round 14 received 3 results and 0 failures
[2026-01-22 21:21:30,548][flwr][INFO] - fit progress: (14, 121231993.8095238, {'rmse': 11030.182228775733, 'mae': 7296.77294921875, 'r2': 0.03152281045913696}, 12.628515999997035)
[2026-01-22 21:21:30,548][flwr][DEBUG] - evaluate_round 14: strategy sampled 3 clients (out of 3)
[2026-01-22 21:21:30,568][flwr][DEBUG] - evaluate_round 14 received 3 results and 0 failures
[2026-01-22 21:21:30,569][flwr][DEBUG] - fit_round 15: strategy sampled 3 clients (out of 3)
[2026-01-22 21:21:31,173][flwr][DEBUG] - fit_round 15 received 3 results and 0 failures
[2026-01-22 21:21:31,197][flwr][INFO] - fit progress: (15, 121231993.8095238, {'rmse': 11030.182228775733, 'mae': 7296.77294921875, 'r2': 0.03152281045913696}, 13.277282707975246)
[2026-01-22 21:21:31,197][flwr][DEBUG] - evaluate_round 15: strategy sampled 3 clients (out of 3)
[2026-01-22 21:21:31,217][flwr][DEBUG] - evaluate_round 15 received 3 results and 0 failures
[2026-01-22 21:21:31,218][flwr][DEBUG] - fit_round 16: strategy sampled 3 clients (out of 3)
[2026-01-22 21:21:31,823][flwr][DEBUG] - fit_round 16 received 3 results and 0 failures
[2026-01-22 21:21:31,846][flwr][INFO] - fit progress: (16, 121231993.8095238, {'rmse': 11030.182228775733, 'mae': 7296.77294921875, 'r2': 0.03152281045913696}, 13.926868457987439)
[2026-01-22 21:21:31,847][flwr][DEBUG] - evaluate_round 16: strategy sampled 3 clients (out of 3)
[2026-01-22 21:21:31,867][flwr][DEBUG] - evaluate_round 16 received 3 results and 0 failures
[2026-01-22 21:21:31,867][flwr][DEBUG] - fit_round 17: strategy sampled 3 clients (out of 3)
[2026-01-22 21:21:32,483][flwr][DEBUG] - fit_round 17 received 3 results and 0 failures
[2026-01-22 21:21:32,510][flwr][INFO] - fit progress: (17, 121231993.8095238, {'rmse': 11030.182228775733, 'mae': 7296.77294921875, 'r2': 0.03152281045913696}, 14.590038374997675)
[2026-01-22 21:21:32,510][flwr][DEBUG] - evaluate_round 17: strategy sampled 3 clients (out of 3)
[2026-01-22 21:21:32,533][flwr][DEBUG] - evaluate_round 17 received 3 results and 0 failures
[2026-01-22 21:21:32,533][flwr][DEBUG] - fit_round 18: strategy sampled 3 clients (out of 3)
[2026-01-22 21:21:33,144][flwr][DEBUG] - fit_round 18 received 3 results and 0 failures
[2026-01-22 21:21:33,167][flwr][INFO] - fit progress: (18, 121231993.8095238, {'rmse': 11030.182228775733, 'mae': 7296.77294921875, 'r2': 0.03152281045913696}, 15.247477541968692)
[2026-01-22 21:21:33,167][flwr][DEBUG] - evaluate_round 18: strategy sampled 3 clients (out of 3)
[2026-01-22 21:21:33,189][flwr][DEBUG] - evaluate_round 18 received 3 results and 0 failures
[2026-01-22 21:21:33,189][flwr][DEBUG] - fit_round 19: strategy sampled 3 clients (out of 3)
[2026-01-22 21:21:33,801][flwr][DEBUG] - fit_round 19 received 3 results and 0 failures
[2026-01-22 21:21:33,823][flwr][INFO] - fit progress: (19, 121231993.8095238, {'rmse': 11030.182228775733, 'mae': 7296.77294921875, 'r2': 0.03152281045913696}, 15.903927791980095)
[2026-01-22 21:21:33,824][flwr][DEBUG] - evaluate_round 19: strategy sampled 3 clients (out of 3)
[2026-01-22 21:21:33,844][flwr][DEBUG] - evaluate_round 19 received 3 results and 0 failures
[2026-01-22 21:21:33,844][flwr][DEBUG] - fit_round 20: strategy sampled 3 clients (out of 3)
[2026-01-22 21:21:34,459][flwr][DEBUG] - fit_round 20 received 3 results and 0 failures
[2026-01-22 21:21:34,484][flwr][INFO] - fit progress: (20, 121231993.8095238, {'rmse': 11030.182228775733, 'mae': 7296.77294921875, 'r2': 0.03152281045913696}, 16.564663541968912)
[2026-01-22 21:21:34,484][flwr][DEBUG] - evaluate_round 20: strategy sampled 3 clients (out of 3)
[2026-01-22 21:21:34,508][flwr][DEBUG] - evaluate_round 20 received 3 results and 0 failures
[2026-01-22 21:21:34,508][flwr][DEBUG] - fit_round 21: strategy sampled 3 clients (out of 3)
[2026-01-22 21:21:35,114][flwr][DEBUG] - fit_round 21 received 3 results and 0 failures
[2026-01-22 21:21:35,138][flwr][INFO] - fit progress: (21, 121231993.8095238, {'rmse': 11030.182228775733, 'mae': 7296.77294921875, 'r2': 0.03152281045913696}, 17.21814908296801)
[2026-01-22 21:21:35,138][flwr][DEBUG] - evaluate_round 21: strategy sampled 3 clients (out of 3)
[2026-01-22 21:21:35,158][flwr][DEBUG] - evaluate_round 21 received 3 results and 0 failures
[2026-01-22 21:21:35,158][flwr][DEBUG] - fit_round 22: strategy sampled 3 clients (out of 3)
[2026-01-22 21:21:35,823][flwr][DEBUG] - fit_round 22 received 3 results and 0 failures
[2026-01-22 21:21:35,847][flwr][INFO] - fit progress: (22, 121231993.8095238, {'rmse': 11030.182228775733, 'mae': 7296.77294921875, 'r2': 0.03152281045913696}, 17.927642541995738)
[2026-01-22 21:21:35,847][flwr][DEBUG] - evaluate_round 22: strategy sampled 3 clients (out of 3)
[2026-01-22 21:21:35,869][flwr][DEBUG] - evaluate_round 22 received 3 results and 0 failures
[2026-01-22 21:21:35,869][flwr][DEBUG] - fit_round 23: strategy sampled 3 clients (out of 3)
[2026-01-22 21:21:36,553][flwr][DEBUG] - fit_round 23 received 3 results and 0 failures
[2026-01-22 21:21:36,577][flwr][INFO] - fit progress: (23, 121231993.8095238, {'rmse': 11030.182228775733, 'mae': 7296.77294921875, 'r2': 0.03152281045913696}, 18.657055916963145)
[2026-01-22 21:21:36,577][flwr][DEBUG] - evaluate_round 23: strategy sampled 3 clients (out of 3)
[2026-01-22 21:21:36,600][flwr][DEBUG] - evaluate_round 23 received 3 results and 0 failures
[2026-01-22 21:21:36,600][flwr][DEBUG] - fit_round 24: strategy sampled 3 clients (out of 3)
[2026-01-22 21:21:37,348][flwr][DEBUG] - fit_round 24 received 3 results and 0 failures
[2026-01-22 21:21:37,377][flwr][INFO] - fit progress: (24, 121231993.8095238, {'rmse': 11030.182228775733, 'mae': 7296.77294921875, 'r2': 0.03152281045913696}, 19.456978417001665)
[2026-01-22 21:21:37,378][flwr][DEBUG] - evaluate_round 24: strategy sampled 3 clients (out of 3)
[2026-01-22 21:21:37,411][flwr][DEBUG] - evaluate_round 24 received 3 results and 0 failures
[2026-01-22 21:21:37,412][flwr][DEBUG] - fit_round 25: strategy sampled 3 clients (out of 3)
[2026-01-22 21:21:38,045][flwr][DEBUG] - fit_round 25 received 3 results and 0 failures
[2026-01-22 21:21:38,069][flwr][INFO] - fit progress: (25, 121231993.8095238, {'rmse': 11030.182228775733, 'mae': 7296.77294921875, 'r2': 0.03152281045913696}, 20.148958167003002)
[2026-01-22 21:21:38,069][flwr][DEBUG] - evaluate_round 25: strategy sampled 3 clients (out of 3)
[2026-01-22 21:21:38,090][flwr][DEBUG] - evaluate_round 25 received 3 results and 0 failures
[2026-01-22 21:21:38,090][flwr][DEBUG] - fit_round 26: strategy sampled 3 clients (out of 3)
[2026-01-22 21:21:38,726][flwr][DEBUG] - fit_round 26 received 3 results and 0 failures
[2026-01-22 21:21:38,749][flwr][INFO] - fit progress: (26, 121231993.8095238, {'rmse': 11030.182228775733, 'mae': 7296.77294921875, 'r2': 0.03152281045913696}, 20.829561041959096)
[2026-01-22 21:21:38,749][flwr][DEBUG] - evaluate_round 26: strategy sampled 3 clients (out of 3)
[2026-01-22 21:21:38,770][flwr][DEBUG] - evaluate_round 26 received 3 results and 0 failures
[2026-01-22 21:21:38,771][flwr][DEBUG] - fit_round 27: strategy sampled 3 clients (out of 3)
[2026-01-22 21:21:39,379][flwr][DEBUG] - fit_round 27 received 3 results and 0 failures
[2026-01-22 21:21:39,402][flwr][INFO] - fit progress: (27, 121231993.8095238, {'rmse': 11030.182228775733, 'mae': 7296.77294921875, 'r2': 0.03152281045913696}, 21.48274433298502)
[2026-01-22 21:21:39,403][flwr][DEBUG] - evaluate_round 27: strategy sampled 3 clients (out of 3)
[2026-01-22 21:21:39,428][flwr][DEBUG] - evaluate_round 27 received 3 results and 0 failures
[2026-01-22 21:21:39,428][flwr][DEBUG] - fit_round 28: strategy sampled 3 clients (out of 3)
[2026-01-22 21:21:40,077][flwr][DEBUG] - fit_round 28 received 3 results and 0 failures
[2026-01-22 21:21:40,101][flwr][INFO] - fit progress: (28, 121231993.8095238, {'rmse': 11030.182228775733, 'mae': 7296.77294921875, 'r2': 0.03152281045913696}, 22.18193170800805)
[2026-01-22 21:21:40,102][flwr][DEBUG] - evaluate_round 28: strategy sampled 3 clients (out of 3)
[2026-01-22 21:21:40,123][flwr][DEBUG] - evaluate_round 28 received 3 results and 0 failures
[2026-01-22 21:21:40,123][flwr][DEBUG] - fit_round 29: strategy sampled 3 clients (out of 3)
[2026-01-22 21:21:40,750][flwr][DEBUG] - fit_round 29 received 3 results and 0 failures
[2026-01-22 21:21:40,773][flwr][INFO] - fit progress: (29, 121231993.8095238, {'rmse': 11030.182228775733, 'mae': 7296.77294921875, 'r2': 0.03152281045913696}, 22.853719874983653)
[2026-01-22 21:21:40,773][flwr][DEBUG] - evaluate_round 29: strategy sampled 3 clients (out of 3)
[2026-01-22 21:21:40,795][flwr][DEBUG] - evaluate_round 29 received 3 results and 0 failures
[2026-01-22 21:21:40,795][flwr][DEBUG] - fit_round 30: strategy sampled 3 clients (out of 3)
[2026-01-22 21:21:41,408][flwr][DEBUG] - fit_round 30 received 3 results and 0 failures
[2026-01-22 21:21:41,431][flwr][INFO] - fit progress: (30, 121231993.8095238, {'rmse': 11030.182228775733, 'mae': 7296.77294921875, 'r2': 0.03152281045913696}, 23.511831042007543)
[2026-01-22 21:21:41,432][flwr][DEBUG] - evaluate_round 30: strategy sampled 3 clients (out of 3)
[2026-01-22 21:21:41,453][flwr][DEBUG] - evaluate_round 30 received 3 results and 0 failures
[2026-01-22 21:21:41,453][flwr][DEBUG] - fit_round 31: strategy sampled 3 clients (out of 3)
[2026-01-22 21:21:42,077][flwr][DEBUG] - fit_round 31 received 3 results and 0 failures
[2026-01-22 21:21:42,102][flwr][INFO] - fit progress: (31, 121231993.8095238, {'rmse': 11030.182228775733, 'mae': 7296.77294921875, 'r2': 0.03152281045913696}, 24.18198312498862)
[2026-01-22 21:21:42,102][flwr][DEBUG] - evaluate_round 31: strategy sampled 3 clients (out of 3)
[2026-01-22 21:21:42,121][flwr][DEBUG] - evaluate_round 31 received 3 results and 0 failures
[2026-01-22 21:21:42,122][flwr][DEBUG] - fit_round 32: strategy sampled 3 clients (out of 3)
[2026-01-22 21:21:42,737][flwr][DEBUG] - fit_round 32 received 3 results and 0 failures
[2026-01-22 21:21:42,760][flwr][INFO] - fit progress: (32, 121231993.8095238, {'rmse': 11030.182228775733, 'mae': 7296.77294921875, 'r2': 0.03152281045913696}, 24.840882124961354)
[2026-01-22 21:21:42,761][flwr][DEBUG] - evaluate_round 32: strategy sampled 3 clients (out of 3)
[2026-01-22 21:21:42,782][flwr][DEBUG] - evaluate_round 32 received 3 results and 0 failures
[2026-01-22 21:21:42,782][flwr][DEBUG] - fit_round 33: strategy sampled 3 clients (out of 3)
[2026-01-22 21:21:43,387][flwr][DEBUG] - fit_round 33 received 3 results and 0 failures
[2026-01-22 21:21:43,408][flwr][INFO] - fit progress: (33, 121231993.8095238, {'rmse': 11030.182228775733, 'mae': 7296.77294921875, 'r2': 0.03152281045913696}, 25.488347375008743)
[2026-01-22 21:21:43,408][flwr][DEBUG] - evaluate_round 33: strategy sampled 3 clients (out of 3)
[2026-01-22 21:21:43,432][flwr][DEBUG] - evaluate_round 33 received 3 results and 0 failures
[2026-01-22 21:21:43,432][flwr][DEBUG] - fit_round 34: strategy sampled 3 clients (out of 3)
[2026-01-22 21:21:44,057][flwr][DEBUG] - fit_round 34 received 3 results and 0 failures
[2026-01-22 21:21:44,082][flwr][INFO] - fit progress: (34, 121231993.8095238, {'rmse': 11030.182228775733, 'mae': 7296.77294921875, 'r2': 0.03152281045913696}, 26.16222870798083)
[2026-01-22 21:21:44,082][flwr][DEBUG] - evaluate_round 34: strategy sampled 3 clients (out of 3)
[2026-01-22 21:21:44,103][flwr][DEBUG] - evaluate_round 34 received 3 results and 0 failures
[2026-01-22 21:21:44,104][flwr][DEBUG] - fit_round 35: strategy sampled 3 clients (out of 3)
[2026-01-22 21:21:44,730][flwr][DEBUG] - fit_round 35 received 3 results and 0 failures
[2026-01-22 21:21:44,754][flwr][INFO] - fit progress: (35, 121231993.8095238, {'rmse': 11030.182228775733, 'mae': 7296.77294921875, 'r2': 0.03152281045913696}, 26.834539041970856)
[2026-01-22 21:21:44,754][flwr][DEBUG] - evaluate_round 35: strategy sampled 3 clients (out of 3)
[2026-01-22 21:21:44,775][flwr][DEBUG] - evaluate_round 35 received 3 results and 0 failures
[2026-01-22 21:21:44,775][flwr][DEBUG] - fit_round 36: strategy sampled 3 clients (out of 3)
[2026-01-22 21:21:45,394][flwr][DEBUG] - fit_round 36 received 3 results and 0 failures
[2026-01-22 21:21:45,417][flwr][INFO] - fit progress: (36, 121231993.8095238, {'rmse': 11030.182228775733, 'mae': 7296.77294921875, 'r2': 0.03152281045913696}, 27.49763137497939)
[2026-01-22 21:21:45,417][flwr][DEBUG] - evaluate_round 36: strategy sampled 3 clients (out of 3)
[2026-01-22 21:21:45,439][flwr][DEBUG] - evaluate_round 36 received 3 results and 0 failures
[2026-01-22 21:21:45,439][flwr][DEBUG] - fit_round 37: strategy sampled 3 clients (out of 3)
[2026-01-22 21:21:46,056][flwr][DEBUG] - fit_round 37 received 3 results and 0 failures
[2026-01-22 21:21:46,079][flwr][INFO] - fit progress: (37, 121231993.8095238, {'rmse': 11030.182228775733, 'mae': 7296.77294921875, 'r2': 0.03152281045913696}, 28.159388125000987)
[2026-01-22 21:21:46,079][flwr][DEBUG] - evaluate_round 37: strategy sampled 3 clients (out of 3)
[2026-01-22 21:21:46,101][flwr][DEBUG] - evaluate_round 37 received 3 results and 0 failures
[2026-01-22 21:21:46,101][flwr][DEBUG] - fit_round 38: strategy sampled 3 clients (out of 3)
[2026-01-22 21:21:46,717][flwr][DEBUG] - fit_round 38 received 3 results and 0 failures
[2026-01-22 21:21:46,740][flwr][INFO] - fit progress: (38, 121231993.8095238, {'rmse': 11030.182228775733, 'mae': 7296.77294921875, 'r2': 0.03152281045913696}, 28.820385249971878)
[2026-01-22 21:21:46,740][flwr][DEBUG] - evaluate_round 38: strategy sampled 3 clients (out of 3)
[2026-01-22 21:21:46,761][flwr][DEBUG] - evaluate_round 38 received 3 results and 0 failures
[2026-01-22 21:21:46,761][flwr][DEBUG] - fit_round 39: strategy sampled 3 clients (out of 3)
[2026-01-22 21:21:47,372][flwr][DEBUG] - fit_round 39 received 3 results and 0 failures
[2026-01-22 21:21:47,396][flwr][INFO] - fit progress: (39, 121231993.8095238, {'rmse': 11030.182228775733, 'mae': 7296.77294921875, 'r2': 0.03152281045913696}, 29.47647870797664)
[2026-01-22 21:21:47,396][flwr][DEBUG] - evaluate_round 39: strategy sampled 3 clients (out of 3)
[2026-01-22 21:21:47,416][flwr][DEBUG] - evaluate_round 39 received 3 results and 0 failures
[2026-01-22 21:21:47,417][flwr][DEBUG] - fit_round 40: strategy sampled 3 clients (out of 3)
[2026-01-22 21:21:48,026][flwr][DEBUG] - fit_round 40 received 3 results and 0 failures
[2026-01-22 21:21:48,051][flwr][INFO] - fit progress: (40, 121231993.8095238, {'rmse': 11030.182228775733, 'mae': 7296.77294921875, 'r2': 0.03152281045913696}, 30.131262666953262)
[2026-01-22 21:21:48,051][flwr][DEBUG] - evaluate_round 40: strategy sampled 3 clients (out of 3)
[2026-01-22 21:21:48,071][flwr][DEBUG] - evaluate_round 40 received 3 results and 0 failures
[2026-01-22 21:21:48,071][flwr][DEBUG] - fit_round 41: strategy sampled 3 clients (out of 3)
[2026-01-22 21:21:48,677][flwr][DEBUG] - fit_round 41 received 3 results and 0 failures
[2026-01-22 21:21:48,705][flwr][INFO] - fit progress: (41, 121231993.8095238, {'rmse': 11030.182228775733, 'mae': 7296.77294921875, 'r2': 0.03152281045913696}, 30.785110541968606)
[2026-01-22 21:21:48,705][flwr][DEBUG] - evaluate_round 41: strategy sampled 3 clients (out of 3)
[2026-01-22 21:21:48,726][flwr][DEBUG] - evaluate_round 41 received 3 results and 0 failures
[2026-01-22 21:21:48,727][flwr][DEBUG] - fit_round 42: strategy sampled 3 clients (out of 3)
[2026-01-22 21:21:49,348][flwr][DEBUG] - fit_round 42 received 3 results and 0 failures
[2026-01-22 21:21:49,372][flwr][INFO] - fit progress: (42, 121231993.8095238, {'rmse': 11030.182228775733, 'mae': 7296.77294921875, 'r2': 0.03152281045913696}, 31.45222841697978)
[2026-01-22 21:21:49,372][flwr][DEBUG] - evaluate_round 42: strategy sampled 3 clients (out of 3)
[2026-01-22 21:21:49,393][flwr][DEBUG] - evaluate_round 42 received 3 results and 0 failures
[2026-01-22 21:21:49,393][flwr][DEBUG] - fit_round 43: strategy sampled 3 clients (out of 3)
[2026-01-22 21:21:50,030][flwr][DEBUG] - fit_round 43 received 3 results and 0 failures
[2026-01-22 21:21:50,052][flwr][INFO] - fit progress: (43, 121231993.8095238, {'rmse': 11030.182228775733, 'mae': 7296.77294921875, 'r2': 0.03152281045913696}, 32.13283108297037)
[2026-01-22 21:21:50,053][flwr][DEBUG] - evaluate_round 43: strategy sampled 3 clients (out of 3)
[2026-01-22 21:21:50,074][flwr][DEBUG] - evaluate_round 43 received 3 results and 0 failures
[2026-01-22 21:21:50,074][flwr][DEBUG] - fit_round 44: strategy sampled 3 clients (out of 3)
[2026-01-22 21:21:50,705][flwr][DEBUG] - fit_round 44 received 3 results and 0 failures
[2026-01-22 21:21:50,729][flwr][INFO] - fit progress: (44, 121231993.8095238, {'rmse': 11030.182228775733, 'mae': 7296.77294921875, 'r2': 0.03152281045913696}, 32.808893624984194)
[2026-01-22 21:21:50,729][flwr][DEBUG] - evaluate_round 44: strategy sampled 3 clients (out of 3)
[2026-01-22 21:21:50,749][flwr][DEBUG] - evaluate_round 44 received 3 results and 0 failures
[2026-01-22 21:21:50,749][flwr][DEBUG] - fit_round 45: strategy sampled 3 clients (out of 3)
[2026-01-22 21:21:51,381][flwr][DEBUG] - fit_round 45 received 3 results and 0 failures
[2026-01-22 21:21:51,405][flwr][INFO] - fit progress: (45, 121231993.8095238, {'rmse': 11030.182228775733, 'mae': 7296.77294921875, 'r2': 0.03152281045913696}, 33.48493958299514)
[2026-01-22 21:21:51,405][flwr][DEBUG] - evaluate_round 45: strategy sampled 3 clients (out of 3)
[2026-01-22 21:21:51,426][flwr][DEBUG] - evaluate_round 45 received 3 results and 0 failures
[2026-01-22 21:21:51,426][flwr][DEBUG] - fit_round 46: strategy sampled 3 clients (out of 3)
[2026-01-22 21:21:52,051][flwr][DEBUG] - fit_round 46 received 3 results and 0 failures
[2026-01-22 21:21:52,074][flwr][INFO] - fit progress: (46, 121231993.8095238, {'rmse': 11030.182228775733, 'mae': 7296.77294921875, 'r2': 0.03152281045913696}, 34.15457949996926)
[2026-01-22 21:21:52,074][flwr][DEBUG] - evaluate_round 46: strategy sampled 3 clients (out of 3)
[2026-01-22 21:21:52,096][flwr][DEBUG] - evaluate_round 46 received 3 results and 0 failures
[2026-01-22 21:21:52,096][flwr][DEBUG] - fit_round 47: strategy sampled 3 clients (out of 3)
[2026-01-22 21:21:52,718][flwr][DEBUG] - fit_round 47 received 3 results and 0 failures
[2026-01-22 21:21:52,815][flwr][INFO] - fit progress: (47, 121231993.8095238, {'rmse': 11030.182228775733, 'mae': 7296.77294921875, 'r2': 0.03152281045913696}, 34.89555483299773)
[2026-01-22 21:21:52,816][flwr][DEBUG] - evaluate_round 47: strategy sampled 3 clients (out of 3)
[2026-01-22 21:21:52,851][flwr][DEBUG] - evaluate_round 47 received 3 results and 0 failures
[2026-01-22 21:21:52,851][flwr][DEBUG] - fit_round 48: strategy sampled 3 clients (out of 3)
[2026-01-22 21:21:53,480][flwr][DEBUG] - fit_round 48 received 3 results and 0 failures
[2026-01-22 21:21:53,506][flwr][INFO] - fit progress: (48, 121231993.8095238, {'rmse': 11030.182228775733, 'mae': 7296.77294921875, 'r2': 0.03152281045913696}, 35.585959291958716)
[2026-01-22 21:21:53,506][flwr][DEBUG] - evaluate_round 48: strategy sampled 3 clients (out of 3)
[2026-01-22 21:21:53,528][flwr][DEBUG] - evaluate_round 48 received 3 results and 0 failures
[2026-01-22 21:21:53,528][flwr][DEBUG] - fit_round 49: strategy sampled 3 clients (out of 3)
[2026-01-22 21:21:54,247][flwr][DEBUG] - fit_round 49 received 3 results and 0 failures
[2026-01-22 21:21:54,273][flwr][INFO] - fit progress: (49, 121231993.8095238, {'rmse': 11030.182228775733, 'mae': 7296.77294921875, 'r2': 0.03152281045913696}, 36.353194374998566)
[2026-01-22 21:21:54,274][flwr][DEBUG] - evaluate_round 49: strategy sampled 3 clients (out of 3)
[2026-01-22 21:21:54,295][flwr][DEBUG] - evaluate_round 49 received 3 results and 0 failures
[2026-01-22 21:21:54,295][flwr][DEBUG] - fit_round 50: strategy sampled 3 clients (out of 3)
[2026-01-22 21:21:54,956][flwr][DEBUG] - fit_round 50 received 3 results and 0 failures
[2026-01-22 21:21:54,980][flwr][INFO] - fit progress: (50, 121231993.8095238, {'rmse': 11030.182228775733, 'mae': 7296.77294921875, 'r2': 0.03152281045913696}, 37.06036725000013)
[2026-01-22 21:21:54,980][flwr][DEBUG] - evaluate_round 50: strategy sampled 3 clients (out of 3)
[2026-01-22 21:21:55,004][flwr][DEBUG] - evaluate_round 50 received 3 results and 0 failures
[2026-01-22 21:21:55,004][flwr][INFO] - FL finished in 37.084476999996696
[2026-01-22 21:21:55,005][flwr][INFO] - app_fit: losses_distributed [(1, 98554695.85744354), (2, 98554695.85744353), (3, 98554695.85744354), (4, 98554695.85744354), (5, 98554695.85744353), (6, 98554695.85744354), (7, 98554695.85744354), (8, 98554695.85744353), (9, 98554695.85744353), (10, 98554695.85744353), (11, 98554695.85744353), (12, 98554695.85744354), (13, 98554695.85744354), (14, 98554695.85744353), (15, 98554695.85744353), (16, 98554695.85744353), (17, 98554695.85744354), (18, 98554695.85744353), (19, 98554695.85744354), (20, 98554695.85744353), (21, 98554695.85744354), (22, 98554695.85744353), (23, 98554695.85744353), (24, 98554695.85744354), (25, 98554695.85744353), (26, 98554695.85744353), (27, 98554695.85744353), (28, 98554695.85744353), (29, 98554695.85744353), (30, 98554695.85744353), (31, 98554695.85744354), (32, 98554695.85744354), (33, 98554695.85744353), (34, 98554695.85744353), (35, 98554695.85744353), (36, 98554695.85744353), (37, 98554695.85744353), (38, 98554695.85744353), (39, 98554695.85744354), (40, 98554695.85744353), (41, 98554695.85744353), (42, 98554695.85744354), (43, 98554695.85744353), (44, 98554695.85744353), (45, 98554695.85744353), (46, 98554695.85744353), (47, 98554695.85744353), (48, 98554695.85744354), (49, 98554695.85744354), (50, 98554695.85744353)]
[2026-01-22 21:21:55,006][flwr][INFO] - app_fit: metrics_distributed_fit {}
[2026-01-22 21:21:55,006][flwr][INFO] - app_fit: metrics_distributed {}
[2026-01-22 21:21:55,006][flwr][INFO] - app_fit: losses_centralized [(0, 239164781.7142857), (1, 121231993.8095238), (2, 121231993.8095238), (3, 121231993.8095238), (4, 121231993.8095238), (5, 121231993.8095238), (6, 121231993.8095238), (7, 121231993.8095238), (8, 121231993.8095238), (9, 121231993.8095238), (10, 121231993.8095238), (11, 121231993.8095238), (12, 121231993.8095238), (13, 121231993.8095238), (14, 121231993.8095238), (15, 121231993.8095238), (16, 121231993.8095238), (17, 121231993.8095238), (18, 121231993.8095238), (19, 121231993.8095238), (20, 121231993.8095238), (21, 121231993.8095238), (22, 121231993.8095238), (23, 121231993.8095238), (24, 121231993.8095238), (25, 121231993.8095238), (26, 121231993.8095238), (27, 121231993.8095238), (28, 121231993.8095238), (29, 121231993.8095238), (30, 121231993.8095238), (31, 121231993.8095238), (32, 121231993.8095238), (33, 121231993.8095238), (34, 121231993.8095238), (35, 121231993.8095238), (36, 121231993.8095238), (37, 121231993.8095238), (38, 121231993.8095238), (39, 121231993.8095238), (40, 121231993.8095238), (41, 121231993.8095238), (42, 121231993.8095238), (43, 121231993.8095238), (44, 121231993.8095238), (45, 121231993.8095238), (46, 121231993.8095238), (47, 121231993.8095238), (48, 121231993.8095238), (49, 121231993.8095238), (50, 121231993.8095238)]
[2026-01-22 21:21:55,006][flwr][INFO] - app_fit: metrics_centralized {'rmse': [(0, 15484.298111312633), (1, 11030.182228775733), (2, 11030.182228775733), (3, 11030.182228775733), (4, 11030.182228775733), (5, 11030.182228775733), (6, 11030.182228775733), (7, 11030.182228775733), (8, 11030.182228775733), (9, 11030.182228775733), (10, 11030.182228775733), (11, 11030.182228775733), (12, 11030.182228775733), (13, 11030.182228775733), (14, 11030.182228775733), (15, 11030.182228775733), (16, 11030.182228775733), (17, 11030.182228775733), (18, 11030.182228775733), (19, 11030.182228775733), (20, 11030.182228775733), (21, 11030.182228775733), (22, 11030.182228775733), (23, 11030.182228775733), (24, 11030.182228775733), (25, 11030.182228775733), (26, 11030.182228775733), (27, 11030.182228775733), (28, 11030.182228775733), (29, 11030.182228775733), (30, 11030.182228775733), (31, 11030.182228775733), (32, 11030.182228775733), (33, 11030.182228775733), (34, 11030.182228775733), (35, 11030.182228775733), (36, 11030.182228775733), (37, 11030.182228775733), (38, 11030.182228775733), (39, 11030.182228775733), (40, 11030.182228775733), (41, 11030.182228775733), (42, 11030.182228775733), (43, 11030.182228775733), (44, 11030.182228775733), (45, 11030.182228775733), (46, 11030.182228775733), (47, 11030.182228775733), (48, 11030.182228775733), (49, 11030.182228775733), (50, 11030.182228775733)], 'mae': [(0, 10695.9423828125), (1, 7296.77294921875), (2, 7296.77294921875), (3, 7296.77294921875), (4, 7296.77294921875), (5, 7296.77294921875), (6, 7296.77294921875), (7, 7296.77294921875), (8, 7296.77294921875), (9, 7296.77294921875), (10, 7296.77294921875), (11, 7296.77294921875), (12, 7296.77294921875), (13, 7296.77294921875), (14, 7296.77294921875), (15, 7296.77294921875), (16, 7296.77294921875), (17, 7296.77294921875), (18, 7296.77294921875), (19, 7296.77294921875), (20, 7296.77294921875), (21, 7296.77294921875), (22, 7296.77294921875), (23, 7296.77294921875), (24, 7296.77294921875), (25, 7296.77294921875), (26, 7296.77294921875), (27, 7296.77294921875), (28, 7296.77294921875), (29, 7296.77294921875), (30, 7296.77294921875), (31, 7296.77294921875), (32, 7296.77294921875), (33, 7296.77294921875), (34, 7296.77294921875), (35, 7296.77294921875), (36, 7296.77294921875), (37, 7296.77294921875), (38, 7296.77294921875), (39, 7296.77294921875), (40, 7296.77294921875), (41, 7296.77294921875), (42, 7296.77294921875), (43, 7296.77294921875), (44, 7296.77294921875), (45, 7296.77294921875), (46, 7296.77294921875), (47, 7296.77294921875), (48, 7296.77294921875), (49, 7296.77294921875), (50, 7296.77294921875)], 'r2': [(0, -0.9085654020309448), (1, 0.03152281045913696), (2, 0.03152281045913696), (3, 0.03152281045913696), (4, 0.03152281045913696), (5, 0.03152281045913696), (6, 0.03152281045913696), (7, 0.03152281045913696), (8, 0.03152281045913696), (9, 0.03152281045913696), (10, 0.03152281045913696), (11, 0.03152281045913696), (12, 0.03152281045913696), (13, 0.03152281045913696), (14, 0.03152281045913696), (15, 0.03152281045913696), (16, 0.03152281045913696), (17, 0.03152281045913696), (18, 0.03152281045913696), (19, 0.03152281045913696), (20, 0.03152281045913696), (21, 0.03152281045913696), (22, 0.03152281045913696), (23, 0.03152281045913696), (24, 0.03152281045913696), (25, 0.03152281045913696), (26, 0.03152281045913696), (27, 0.03152281045913696), (28, 0.03152281045913696), (29, 0.03152281045913696), (30, 0.03152281045913696), (31, 0.03152281045913696), (32, 0.03152281045913696), (33, 0.03152281045913696), (34, 0.03152281045913696), (35, 0.03152281045913696), (36, 0.03152281045913696), (37, 0.03152281045913696), (38, 0.03152281045913696), (39, 0.03152281045913696), (40, 0.03152281045913696), (41, 0.03152281045913696), (42, 0.03152281045913696), (43, 0.03152281045913696), (44, 0.03152281045913696), (45, 0.03152281045913696), (46, 0.03152281045913696), (47, 0.03152281045913696), (48, 0.03152281045913696), (49, 0.03152281045913696), (50, 0.03152281045913696)]}
