[2026-01-23 03:34:05,573][flwr][INFO] - Starting Flower simulation, config: ServerConfig(num_rounds=25, round_timeout=None)
[2026-01-23 03:34:10,439][flwr][INFO] - Flower VCE: Ray initialized with resources: {'object_store_memory': 2147483648.0, 'node:127.0.0.1': 1.0, 'memory': 11863177216.0, 'CPU': 10.0}
[2026-01-23 03:34:10,440][flwr][INFO] - Initializing global parameters
[2026-01-23 03:34:10,440][flwr][INFO] - Requesting initial parameters from one random client
[2026-01-23 03:34:13,943][flwr][INFO] - Received initial parameters from one random client
[2026-01-23 03:34:13,944][flwr][INFO] - Evaluating initial parameters
[2026-01-23 03:34:14,965][flwr][INFO] - initial parameters (loss, other metrics): 984883456.0, {'rmse': 31382.852897721074, 'mae': 25922.9453125, 'r2': -6.839869976043701}
[2026-01-23 03:34:14,965][flwr][INFO] - FL starting
[2026-01-23 03:34:14,966][flwr][DEBUG] - fit_round 1: strategy sampled 6 clients (out of 12)
[2026-01-23 03:34:30,968][flwr][DEBUG] - fit_round 1 received 6 results and 0 failures
[2026-01-23 03:34:30,978][flwr][WARNING] - No fit_metrics_aggregation_fn provided
[2026-01-23 03:34:31,426][flwr][INFO] - fit progress: (1, 25099572.0, {'rmse': 5009.9473051121, 'mae': 3372.142822265625, 'r2': 0.8002023696899414}, 16.461023000010755)
[2026-01-23 03:34:31,427][flwr][DEBUG] - evaluate_round 1: strategy sampled 6 clients (out of 12)
[2026-01-23 03:34:31,788][flwr][DEBUG] - evaluate_round 1 received 6 results and 0 failures
[2026-01-23 03:34:31,788][flwr][WARNING] - No evaluate_metrics_aggregation_fn provided
[2026-01-23 03:34:31,789][flwr][DEBUG] - fit_round 2: strategy sampled 6 clients (out of 12)
[2026-01-23 03:34:42,620][flwr][DEBUG] - fit_round 2 received 6 results and 0 failures
[2026-01-23 03:34:43,114][flwr][INFO] - fit progress: (2, 21031508.0, {'rmse': 4586.0122110609345, 'mae': 3020.98388671875, 'r2': 0.8325849771499634}, 28.148643625027034)
[2026-01-23 03:34:43,114][flwr][DEBUG] - evaluate_round 2: strategy sampled 6 clients (out of 12)
[2026-01-23 03:34:43,529][flwr][DEBUG] - evaluate_round 2 received 6 results and 0 failures
[2026-01-23 03:34:43,530][flwr][DEBUG] - fit_round 3: strategy sampled 6 clients (out of 12)
[2026-01-23 03:34:53,810][flwr][DEBUG] - fit_round 3 received 6 results and 0 failures
[2026-01-23 03:34:54,193][flwr][INFO] - fit progress: (3, 19531338.0, {'rmse': 4419.4273384681865, 'mae': 2950.441162109375, 'r2': 0.8445266485214233}, 39.22778154199477)
[2026-01-23 03:34:54,193][flwr][DEBUG] - evaluate_round 3: strategy sampled 6 clients (out of 12)
[2026-01-23 03:34:54,460][flwr][DEBUG] - evaluate_round 3 received 6 results and 0 failures
[2026-01-23 03:34:54,461][flwr][DEBUG] - fit_round 4: strategy sampled 6 clients (out of 12)
[2026-01-23 03:35:04,686][flwr][DEBUG] - fit_round 4 received 6 results and 0 failures
[2026-01-23 03:35:05,118][flwr][INFO] - fit progress: (4, 17142306.0, {'rmse': 4140.326798695967, 'mae': 2747.199462890625, 'r2': 0.8635438084602356}, 50.15241350000724)
[2026-01-23 03:35:05,118][flwr][DEBUG] - evaluate_round 4: strategy sampled 6 clients (out of 12)
[2026-01-23 03:35:05,423][flwr][DEBUG] - evaluate_round 4 received 6 results and 0 failures
[2026-01-23 03:35:05,424][flwr][DEBUG] - fit_round 5: strategy sampled 6 clients (out of 12)
[2026-01-23 03:35:16,237][flwr][DEBUG] - fit_round 5 received 6 results and 0 failures
[2026-01-23 03:35:16,735][flwr][INFO] - fit progress: (5, 14912298.0, {'rmse': 3861.6444683580075, 'mae': 2572.96923828125, 'r2': 0.8812950849533081}, 61.76895166700706)
[2026-01-23 03:35:16,736][flwr][DEBUG] - evaluate_round 5: strategy sampled 6 clients (out of 12)
[2026-01-23 03:35:17,126][flwr][DEBUG] - evaluate_round 5 received 6 results and 0 failures
[2026-01-23 03:35:17,127][flwr][DEBUG] - fit_round 6: strategy sampled 6 clients (out of 12)
[2026-01-23 03:35:28,264][flwr][DEBUG] - fit_round 6 received 6 results and 0 failures
[2026-01-23 03:35:28,671][flwr][INFO] - fit progress: (6, 16518607.0, {'rmse': 4064.3089203454997, 'mae': 2655.57666015625, 'r2': 0.8685085773468018}, 73.70490474998951)
[2026-01-23 03:35:28,671][flwr][DEBUG] - evaluate_round 6: strategy sampled 6 clients (out of 12)
[2026-01-23 03:35:28,985][flwr][DEBUG] - evaluate_round 6 received 6 results and 0 failures
[2026-01-23 03:35:28,986][flwr][DEBUG] - fit_round 7: strategy sampled 6 clients (out of 12)
[2026-01-23 03:35:38,667][flwr][DEBUG] - fit_round 7 received 6 results and 0 failures
[2026-01-23 03:35:39,100][flwr][INFO] - fit progress: (7, 15408797.0, {'rmse': 3925.404055635547, 'mae': 2590.560546875, 'r2': 0.8773428797721863}, 84.13383933302248)
[2026-01-23 03:35:39,100][flwr][DEBUG] - evaluate_round 7: strategy sampled 6 clients (out of 12)
[2026-01-23 03:35:39,219][flwr][DEBUG] - evaluate_round 7 received 6 results and 0 failures
[2026-01-23 03:35:39,220][flwr][DEBUG] - fit_round 8: strategy sampled 6 clients (out of 12)
[2026-01-23 03:35:49,547][flwr][DEBUG] - fit_round 8 received 6 results and 0 failures
[2026-01-23 03:35:49,986][flwr][INFO] - fit progress: (8, 15782896.0, {'rmse': 3972.769311198424, 'mae': 2608.709228515625, 'r2': 0.874364972114563}, 95.01965829200344)
[2026-01-23 03:35:49,986][flwr][DEBUG] - evaluate_round 8: strategy sampled 6 clients (out of 12)
[2026-01-23 03:35:50,297][flwr][DEBUG] - evaluate_round 8 received 6 results and 0 failures
[2026-01-23 03:35:50,298][flwr][DEBUG] - fit_round 9: strategy sampled 6 clients (out of 12)
[2026-01-23 03:36:00,024][flwr][DEBUG] - fit_round 9 received 6 results and 0 failures
[2026-01-23 03:36:00,446][flwr][INFO] - fit progress: (9, 14190239.0, {'rmse': 3766.9933634133204, 'mae': 2464.89599609375, 'r2': 0.8870428800582886}, 105.48012312501669)
[2026-01-23 03:36:00,447][flwr][DEBUG] - evaluate_round 9: strategy sampled 6 clients (out of 12)
[2026-01-23 03:36:00,564][flwr][DEBUG] - evaluate_round 9 received 6 results and 0 failures
[2026-01-23 03:36:00,565][flwr][DEBUG] - fit_round 10: strategy sampled 6 clients (out of 12)
[2026-01-23 03:36:11,027][flwr][DEBUG] - fit_round 10 received 6 results and 0 failures
[2026-01-23 03:36:11,511][flwr][INFO] - fit progress: (10, 14776196.0, {'rmse': 3843.9817897591556, 'mae': 2511.82958984375, 'r2': 0.8823785185813904}, 116.5441789579927)
[2026-01-23 03:36:11,511][flwr][DEBUG] - evaluate_round 10: strategy sampled 6 clients (out of 12)
[2026-01-23 03:36:11,683][flwr][DEBUG] - evaluate_round 10 received 6 results and 0 failures
[2026-01-23 03:36:11,690][flwr][DEBUG] - fit_round 11: strategy sampled 6 clients (out of 12)
[2026-01-23 03:36:21,625][flwr][DEBUG] - fit_round 11 received 6 results and 0 failures
[2026-01-23 03:36:22,017][flwr][INFO] - fit progress: (11, 13314787.0, {'rmse': 3648.943271688394, 'mae': 2412.04638671875, 'r2': 0.8940116167068481}, 127.050246083003)
[2026-01-23 03:36:22,017][flwr][DEBUG] - evaluate_round 11: strategy sampled 6 clients (out of 12)
[2026-01-23 03:36:22,147][flwr][DEBUG] - evaluate_round 11 received 6 results and 0 failures
[2026-01-23 03:36:22,148][flwr][DEBUG] - fit_round 12: strategy sampled 6 clients (out of 12)
[2026-01-23 03:36:31,579][flwr][DEBUG] - fit_round 12 received 6 results and 0 failures
[2026-01-23 03:36:31,951][flwr][INFO] - fit progress: (12, 15104858.0, {'rmse': 3886.496880225173, 'mae': 2497.548828125, 'r2': 0.8797622919082642}, 136.98457237501862)
[2026-01-23 03:36:31,951][flwr][DEBUG] - evaluate_round 12: strategy sampled 6 clients (out of 12)
[2026-01-23 03:36:32,045][flwr][DEBUG] - evaluate_round 12 received 6 results and 0 failures
[2026-01-23 03:36:32,045][flwr][DEBUG] - fit_round 13: strategy sampled 6 clients (out of 12)
[2026-01-23 03:36:41,665][flwr][DEBUG] - fit_round 13 received 6 results and 0 failures
[2026-01-23 03:36:42,056][flwr][INFO] - fit progress: (13, 13540702.0, {'rmse': 3679.769286246082, 'mae': 2417.003662109375, 'r2': 0.8922132849693298}, 147.08928950002883)
[2026-01-23 03:36:42,056][flwr][DEBUG] - evaluate_round 13: strategy sampled 6 clients (out of 12)
[2026-01-23 03:36:42,161][flwr][DEBUG] - evaluate_round 13 received 6 results and 0 failures
[2026-01-23 03:36:42,161][flwr][DEBUG] - fit_round 14: strategy sampled 6 clients (out of 12)
[2026-01-23 03:36:52,289][flwr][DEBUG] - fit_round 14 received 6 results and 0 failures
[2026-01-23 03:36:52,668][flwr][INFO] - fit progress: (14, 15502496.0, {'rmse': 3937.3209165624285, 'mae': 2532.301513671875, 'r2': 0.8765970468521118}, 157.70155512500787)
[2026-01-23 03:36:52,669][flwr][DEBUG] - evaluate_round 14: strategy sampled 6 clients (out of 12)
[2026-01-23 03:36:52,769][flwr][DEBUG] - evaluate_round 14 received 6 results and 0 failures
[2026-01-23 03:36:52,770][flwr][DEBUG] - fit_round 15: strategy sampled 6 clients (out of 12)
[2026-01-23 03:37:01,120][flwr][DEBUG] - fit_round 15 received 6 results and 0 failures
[2026-01-23 03:37:01,529][flwr][INFO] - fit progress: (15, 13327024.0, {'rmse': 3650.6196734253213, 'mae': 2307.451416015625, 'r2': 0.8939142227172852}, 166.56225920800352)
[2026-01-23 03:37:01,530][flwr][DEBUG] - evaluate_round 15: strategy sampled 6 clients (out of 12)
[2026-01-23 03:37:01,780][flwr][DEBUG] - evaluate_round 15 received 6 results and 0 failures
[2026-01-23 03:37:01,780][flwr][DEBUG] - fit_round 16: strategy sampled 6 clients (out of 12)
[2026-01-23 03:37:11,114][flwr][DEBUG] - fit_round 16 received 6 results and 0 failures
[2026-01-23 03:37:11,508][flwr][INFO] - fit progress: (16, 13587818.0, {'rmse': 3686.16575861694, 'mae': 2390.900390625, 'r2': 0.8918382525444031}, 176.54083850001916)
[2026-01-23 03:37:11,508][flwr][DEBUG] - evaluate_round 16: strategy sampled 6 clients (out of 12)
[2026-01-23 03:37:11,611][flwr][DEBUG] - evaluate_round 16 received 6 results and 0 failures
[2026-01-23 03:37:11,612][flwr][DEBUG] - fit_round 17: strategy sampled 6 clients (out of 12)
[2026-01-23 03:37:21,201][flwr][DEBUG] - fit_round 17 received 6 results and 0 failures
[2026-01-23 03:37:21,627][flwr][INFO] - fit progress: (17, 12021537.0, {'rmse': 3467.2088197857365, 'mae': 2207.30908203125, 'r2': 0.904306173324585}, 186.66009358299198)
[2026-01-23 03:37:21,628][flwr][DEBUG] - evaluate_round 17: strategy sampled 6 clients (out of 12)
[2026-01-23 03:37:21,733][flwr][DEBUG] - evaluate_round 17 received 6 results and 0 failures
[2026-01-23 03:37:21,734][flwr][DEBUG] - fit_round 18: strategy sampled 6 clients (out of 12)
[2026-01-23 03:37:31,104][flwr][DEBUG] - fit_round 18 received 6 results and 0 failures
[2026-01-23 03:37:31,495][flwr][INFO] - fit progress: (18, 14771180.0, {'rmse': 3843.3292859186554, 'mae': 2427.974609375, 'r2': 0.8824184536933899}, 196.52790183300385)
[2026-01-23 03:37:31,496][flwr][DEBUG] - evaluate_round 18: strategy sampled 6 clients (out of 12)
[2026-01-23 03:37:31,602][flwr][DEBUG] - evaluate_round 18 received 6 results and 0 failures
[2026-01-23 03:37:31,603][flwr][DEBUG] - fit_round 19: strategy sampled 6 clients (out of 12)
[2026-01-23 03:37:41,235][flwr][DEBUG] - fit_round 19 received 6 results and 0 failures
[2026-01-23 03:37:41,681][flwr][INFO] - fit progress: (19, 14098438.0, {'rmse': 3754.7886758111968, 'mae': 2373.0400390625, 'r2': 0.8877736330032349}, 206.7130547920242)
[2026-01-23 03:37:41,681][flwr][DEBUG] - evaluate_round 19: strategy sampled 6 clients (out of 12)
[2026-01-23 03:37:41,810][flwr][DEBUG] - evaluate_round 19 received 6 results and 0 failures
[2026-01-23 03:37:41,811][flwr][DEBUG] - fit_round 20: strategy sampled 6 clients (out of 12)
[2026-01-23 03:37:51,385][flwr][DEBUG] - fit_round 20 received 6 results and 0 failures
[2026-01-23 03:37:51,773][flwr][INFO] - fit progress: (20, 11807124.0, {'rmse': 3436.1495892932253, 'mae': 2227.5029296875, 'r2': 0.9060128927230835}, 216.80556620802963)
[2026-01-23 03:37:51,773][flwr][DEBUG] - evaluate_round 20: strategy sampled 6 clients (out of 12)
[2026-01-23 03:37:51,872][flwr][DEBUG] - evaluate_round 20 received 6 results and 0 failures
[2026-01-23 03:37:51,873][flwr][DEBUG] - fit_round 21: strategy sampled 6 clients (out of 12)
[2026-01-23 03:38:01,307][flwr][DEBUG] - fit_round 21 received 6 results and 0 failures
[2026-01-23 03:38:01,741][flwr][INFO] - fit progress: (21, 15976416.0, {'rmse': 3997.0509128606304, 'mae': 2509.072509765625, 'r2': 0.8728245496749878}, 226.7735625830246)
[2026-01-23 03:38:01,742][flwr][DEBUG] - evaluate_round 21: strategy sampled 6 clients (out of 12)
[2026-01-23 03:38:02,011][flwr][DEBUG] - evaluate_round 21 received 6 results and 0 failures
[2026-01-23 03:38:02,012][flwr][DEBUG] - fit_round 22: strategy sampled 6 clients (out of 12)
[2026-01-23 03:38:12,270][flwr][DEBUG] - fit_round 22 received 6 results and 0 failures
[2026-01-23 03:38:12,651][flwr][INFO] - fit progress: (22, 13920291.0, {'rmse': 3730.9906191251675, 'mae': 2368.9794921875, 'r2': 0.8891916871070862}, 237.68350029201247)
[2026-01-23 03:38:12,652][flwr][DEBUG] - evaluate_round 22: strategy sampled 6 clients (out of 12)
[2026-01-23 03:38:12,826][flwr][DEBUG] - evaluate_round 22 received 6 results and 0 failures
[2026-01-23 03:38:12,827][flwr][DEBUG] - fit_round 23: strategy sampled 6 clients (out of 12)
[2026-01-23 03:38:22,262][flwr][DEBUG] - fit_round 23 received 6 results and 0 failures
[2026-01-23 03:38:22,687][flwr][INFO] - fit progress: (23, 18211562.0, {'rmse': 4267.500673696491, 'mae': 2634.842041015625, 'r2': 0.8550323247909546}, 247.7188610000303)
[2026-01-23 03:38:22,687][flwr][DEBUG] - evaluate_round 23: strategy sampled 6 clients (out of 12)
[2026-01-23 03:38:22,799][flwr][DEBUG] - evaluate_round 23 received 6 results and 0 failures
[2026-01-23 03:38:22,800][flwr][DEBUG] - fit_round 24: strategy sampled 6 clients (out of 12)
[2026-01-23 03:38:32,236][flwr][DEBUG] - fit_round 24 received 6 results and 0 failures
[2026-01-23 03:38:32,619][flwr][INFO] - fit progress: (24, 12522624.0, {'rmse': 3538.7319762875513, 'mae': 2305.22412109375, 'r2': 0.9003174304962158}, 257.65038037498016)
[2026-01-23 03:38:32,619][flwr][DEBUG] - evaluate_round 24: strategy sampled 6 clients (out of 12)
[2026-01-23 03:38:32,721][flwr][DEBUG] - evaluate_round 24 received 6 results and 0 failures
[2026-01-23 03:38:32,721][flwr][DEBUG] - fit_round 25: strategy sampled 6 clients (out of 12)
[2026-01-23 03:38:42,187][flwr][DEBUG] - fit_round 25 received 6 results and 0 failures
[2026-01-23 03:38:42,569][flwr][INFO] - fit progress: (25, 14032232.0, {'rmse': 3745.962092707293, 'mae': 2330.436767578125, 'r2': 0.8883005976676941}, 267.6002687080181)
[2026-01-23 03:38:42,569][flwr][DEBUG] - evaluate_round 25: strategy sampled 6 clients (out of 12)
[2026-01-23 03:38:42,682][flwr][DEBUG] - evaluate_round 25 received 6 results and 0 failures
[2026-01-23 03:38:42,682][flwr][INFO] - FL finished in 267.71363299997756
[2026-01-23 03:38:42,686][flwr][INFO] - app_fit: losses_distributed [(1, 26230517.720879123), (2, 24942683.346578367), (3, 26773296.701075267), (4, 23707065.766355142), (5, 19219808.909598213), (6, 21436410.83482143), (7, 16232192.600891862), (8, 19355860.059536934), (9, 14214319.786956523), (10, 15900978.458064517), (11, 18838584.269565217), (12, 15109823.952546297), (13, 14245554.959954234), (14, 15643708.726571113), (15, 16859656.58172043), (16, 18571343.487690505), (17, 10537393.656144306), (18, 16806988.379152346), (19, 18368772.821670428), (20, 13809398.709466811), (21, 18669189.4123484), (22, 14046924.496613996), (23, 23124409.498924732), (24, 15613305.506200677), (25, 15137955.467741935)]
[2026-01-23 03:38:42,686][flwr][INFO] - app_fit: metrics_distributed_fit {}
[2026-01-23 03:38:42,686][flwr][INFO] - app_fit: metrics_distributed {}
[2026-01-23 03:38:42,686][flwr][INFO] - app_fit: losses_centralized [(0, 984883456.0), (1, 25099572.0), (2, 21031508.0), (3, 19531338.0), (4, 17142306.0), (5, 14912298.0), (6, 16518607.0), (7, 15408797.0), (8, 15782896.0), (9, 14190239.0), (10, 14776196.0), (11, 13314787.0), (12, 15104858.0), (13, 13540702.0), (14, 15502496.0), (15, 13327024.0), (16, 13587818.0), (17, 12021537.0), (18, 14771180.0), (19, 14098438.0), (20, 11807124.0), (21, 15976416.0), (22, 13920291.0), (23, 18211562.0), (24, 12522624.0), (25, 14032232.0)]
[2026-01-23 03:38:42,686][flwr][INFO] - app_fit: metrics_centralized {'rmse': [(0, 31382.852897721074), (1, 5009.9473051121), (2, 4586.0122110609345), (3, 4419.4273384681865), (4, 4140.326798695967), (5, 3861.6444683580075), (6, 4064.3089203454997), (7, 3925.404055635547), (8, 3972.769311198424), (9, 3766.9933634133204), (10, 3843.9817897591556), (11, 3648.943271688394), (12, 3886.496880225173), (13, 3679.769286246082), (14, 3937.3209165624285), (15, 3650.6196734253213), (16, 3686.16575861694), (17, 3467.2088197857365), (18, 3843.3292859186554), (19, 3754.7886758111968), (20, 3436.1495892932253), (21, 3997.0509128606304), (22, 3730.9906191251675), (23, 4267.500673696491), (24, 3538.7319762875513), (25, 3745.962092707293)], 'mae': [(0, 25922.9453125), (1, 3372.142822265625), (2, 3020.98388671875), (3, 2950.441162109375), (4, 2747.199462890625), (5, 2572.96923828125), (6, 2655.57666015625), (7, 2590.560546875), (8, 2608.709228515625), (9, 2464.89599609375), (10, 2511.82958984375), (11, 2412.04638671875), (12, 2497.548828125), (13, 2417.003662109375), (14, 2532.301513671875), (15, 2307.451416015625), (16, 2390.900390625), (17, 2207.30908203125), (18, 2427.974609375), (19, 2373.0400390625), (20, 2227.5029296875), (21, 2509.072509765625), (22, 2368.9794921875), (23, 2634.842041015625), (24, 2305.22412109375), (25, 2330.436767578125)], 'r2': [(0, -6.839869976043701), (1, 0.8002023696899414), (2, 0.8325849771499634), (3, 0.8445266485214233), (4, 0.8635438084602356), (5, 0.8812950849533081), (6, 0.8685085773468018), (7, 0.8773428797721863), (8, 0.874364972114563), (9, 0.8870428800582886), (10, 0.8823785185813904), (11, 0.8940116167068481), (12, 0.8797622919082642), (13, 0.8922132849693298), (14, 0.8765970468521118), (15, 0.8939142227172852), (16, 0.8918382525444031), (17, 0.904306173324585), (18, 0.8824184536933899), (19, 0.8877736330032349), (20, 0.9060128927230835), (21, 0.8728245496749878), (22, 0.8891916871070862), (23, 0.8550323247909546), (24, 0.9003174304962158), (25, 0.8883005976676941)]}
[2026-01-23 03:38:42,688][flwr][INFO] - Starting Flower simulation, config: ServerConfig(num_rounds=25, round_timeout=None)
[2026-01-23 03:38:49,929][flwr][INFO] - Flower VCE: Ray initialized with resources: {'CPU': 10.0, 'memory': 12394704487.0, 'object_store_memory': 2147483648.0, 'node:127.0.0.1': 1.0}
[2026-01-23 03:38:49,930][flwr][INFO] - Initializing global parameters
[2026-01-23 03:38:49,930][flwr][INFO] - Requesting initial parameters from one random client
[2026-01-23 03:38:53,554][flwr][INFO] - Received initial parameters from one random client
[2026-01-23 03:38:53,554][flwr][INFO] - Evaluating initial parameters
[2026-01-23 03:38:53,949][flwr][INFO] - initial parameters (loss, other metrics): 437038496.0, {'rmse': 20905.46569679805, 'mae': 11505.1748046875, 'r2': -2.4789140224456787}
[2026-01-23 03:38:53,949][flwr][INFO] - FL starting
[2026-01-23 03:38:53,950][flwr][DEBUG] - fit_round 1: strategy sampled 6 clients (out of 12)
[2026-01-23 03:39:08,980][flwr][DEBUG] - fit_round 1 received 6 results and 0 failures
[2026-01-23 03:39:08,986][flwr][WARNING] - No fit_metrics_aggregation_fn provided
[2026-01-23 03:39:09,372][flwr][INFO] - fit progress: (1, 33850200.0, {'rmse': 5818.092470904876, 'mae': 3896.77587890625, 'r2': 0.7305456399917603}, 15.42288795800414)
[2026-01-23 03:39:09,372][flwr][DEBUG] - evaluate_round 1: strategy sampled 6 clients (out of 12)
[2026-01-23 03:39:09,745][flwr][DEBUG] - evaluate_round 1 received 6 results and 0 failures
[2026-01-23 03:39:09,745][flwr][WARNING] - No evaluate_metrics_aggregation_fn provided
[2026-01-23 03:39:09,745][flwr][DEBUG] - fit_round 2: strategy sampled 6 clients (out of 12)
[2026-01-23 03:39:19,660][flwr][DEBUG] - fit_round 2 received 6 results and 0 failures
[2026-01-23 03:39:20,071][flwr][INFO] - fit progress: (2, 22215432.0, {'rmse': 4713.324941058064, 'mae': 3179.680419921875, 'r2': 0.823160707950592}, 26.121964332996868)
[2026-01-23 03:39:20,071][flwr][DEBUG] - evaluate_round 2: strategy sampled 6 clients (out of 12)
[2026-01-23 03:39:20,386][flwr][DEBUG] - evaluate_round 2 received 6 results and 0 failures
[2026-01-23 03:39:20,386][flwr][DEBUG] - fit_round 3: strategy sampled 6 clients (out of 12)
[2026-01-23 03:39:30,443][flwr][DEBUG] - fit_round 3 received 6 results and 0 failures
[2026-01-23 03:39:30,842][flwr][INFO] - fit progress: (3, 18358118.0, {'rmse': 4284.637440904423, 'mae': 2863.592041015625, 'r2': 0.8538656830787659}, 36.89241787500214)
[2026-01-23 03:39:30,843][flwr][DEBUG] - evaluate_round 3: strategy sampled 6 clients (out of 12)
[2026-01-23 03:39:31,112][flwr][DEBUG] - evaluate_round 3 received 6 results and 0 failures
[2026-01-23 03:39:31,112][flwr][DEBUG] - fit_round 4: strategy sampled 6 clients (out of 12)
[2026-01-23 03:39:41,035][flwr][DEBUG] - fit_round 4 received 6 results and 0 failures
[2026-01-23 03:39:41,404][flwr][INFO] - fit progress: (4, 16109177.0, {'rmse': 4013.6239235882576, 'mae': 2640.4990234375, 'r2': 0.8717676997184753}, 47.4549020830309)
[2026-01-23 03:39:41,405][flwr][DEBUG] - evaluate_round 4: strategy sampled 6 clients (out of 12)
[2026-01-23 03:39:41,639][flwr][DEBUG] - evaluate_round 4 received 6 results and 0 failures
[2026-01-23 03:39:41,640][flwr][DEBUG] - fit_round 5: strategy sampled 6 clients (out of 12)
[2026-01-23 03:39:51,343][flwr][DEBUG] - fit_round 5 received 6 results and 0 failures
[2026-01-23 03:39:51,726][flwr][INFO] - fit progress: (5, 17829016.0, {'rmse': 4222.441947499101, 'mae': 2718.760498046875, 'r2': 0.8580774664878845}, 57.77676874998724)
[2026-01-23 03:39:51,727][flwr][DEBUG] - evaluate_round 5: strategy sampled 6 clients (out of 12)
[2026-01-23 03:39:51,838][flwr][DEBUG] - evaluate_round 5 received 6 results and 0 failures
[2026-01-23 03:39:51,839][flwr][DEBUG] - fit_round 6: strategy sampled 6 clients (out of 12)
[2026-01-23 03:40:01,360][flwr][DEBUG] - fit_round 6 received 6 results and 0 failures
[2026-01-23 03:40:01,739][flwr][INFO] - fit progress: (6, 17784744.0, {'rmse': 4217.196224981712, 'mae': 2677.056640625, 'r2': 0.8584298491477966}, 67.78914166701725)
[2026-01-23 03:40:01,739][flwr][DEBUG] - evaluate_round 6: strategy sampled 6 clients (out of 12)
[2026-01-23 03:40:01,984][flwr][DEBUG] - evaluate_round 6 received 6 results and 0 failures
[2026-01-23 03:40:01,984][flwr][DEBUG] - fit_round 7: strategy sampled 6 clients (out of 12)
[2026-01-23 03:40:11,471][flwr][DEBUG] - fit_round 7 received 6 results and 0 failures
[2026-01-23 03:40:11,860][flwr][INFO] - fit progress: (7, 14592690.0, {'rmse': 3820.0379579265964, 'mae': 2433.2314453125, 'r2': 0.8838392496109009}, 77.91033016698202)
[2026-01-23 03:40:11,860][flwr][DEBUG] - evaluate_round 7: strategy sampled 6 clients (out of 12)
[2026-01-23 03:40:12,308][flwr][DEBUG] - evaluate_round 7 received 6 results and 0 failures
[2026-01-23 03:40:12,309][flwr][DEBUG] - fit_round 8: strategy sampled 6 clients (out of 12)
[2026-01-23 03:40:22,542][flwr][DEBUG] - fit_round 8 received 6 results and 0 failures
[2026-01-23 03:40:22,995][flwr][INFO] - fit progress: (8, 13650979.0, {'rmse': 3694.7231290043915, 'mae': 2327.535888671875, 'r2': 0.8913354873657227}, 89.05390258302214)
[2026-01-23 03:40:22,995][flwr][DEBUG] - evaluate_round 8: strategy sampled 6 clients (out of 12)
[2026-01-23 03:40:23,225][flwr][DEBUG] - evaluate_round 8 received 6 results and 0 failures
[2026-01-23 03:40:23,226][flwr][DEBUG] - fit_round 9: strategy sampled 6 clients (out of 12)
[2026-01-23 03:40:33,136][flwr][DEBUG] - fit_round 9 received 6 results and 0 failures
[2026-01-23 03:40:33,500][flwr][INFO] - fit progress: (9, 13893753.0, {'rmse': 3727.43249435855, 'mae': 2379.845458984375, 'r2': 0.8894029259681702}, 99.56533075001789)
[2026-01-23 03:40:33,500][flwr][DEBUG] - evaluate_round 9: strategy sampled 6 clients (out of 12)
[2026-01-23 03:40:33,722][flwr][DEBUG] - evaluate_round 9 received 6 results and 0 failures
[2026-01-23 03:40:33,722][flwr][DEBUG] - fit_round 10: strategy sampled 6 clients (out of 12)
[2026-01-23 03:40:42,532][flwr][DEBUG] - fit_round 10 received 6 results and 0 failures
[2026-01-23 03:40:42,907][flwr][INFO] - fit progress: (10, 13729153.0, {'rmse': 3705.28716835821, 'mae': 2299.625, 'r2': 0.8907132148742676}, 108.97591904201545)
[2026-01-23 03:40:42,907][flwr][DEBUG] - evaluate_round 10: strategy sampled 6 clients (out of 12)
[2026-01-23 03:40:43,016][flwr][DEBUG] - evaluate_round 10 received 6 results and 0 failures
[2026-01-23 03:40:43,016][flwr][DEBUG] - fit_round 11: strategy sampled 6 clients (out of 12)
[2026-01-23 03:40:52,500][flwr][DEBUG] - fit_round 11 received 6 results and 0 failures
[2026-01-23 03:40:52,895][flwr][INFO] - fit progress: (11, 15774963.0, {'rmse': 3971.770763777789, 'mae': 2490.93994140625, 'r2': 0.8744281530380249}, 118.9654648330179)
[2026-01-23 03:40:52,895][flwr][DEBUG] - evaluate_round 11: strategy sampled 6 clients (out of 12)
[2026-01-23 03:40:53,150][flwr][DEBUG] - evaluate_round 11 received 6 results and 0 failures
[2026-01-23 03:40:53,150][flwr][DEBUG] - fit_round 12: strategy sampled 6 clients (out of 12)
[2026-01-23 03:41:02,611][flwr][DEBUG] - fit_round 12 received 6 results and 0 failures
[2026-01-23 03:41:02,969][flwr][INFO] - fit progress: (12, 14147721.0, {'rmse': 3761.345636869869, 'mae': 2346.43359375, 'r2': 0.8873813152313232}, 129.04095529200276)
[2026-01-23 03:41:02,969][flwr][DEBUG] - evaluate_round 12: strategy sampled 6 clients (out of 12)
[2026-01-23 03:41:03,067][flwr][DEBUG] - evaluate_round 12 received 6 results and 0 failures
[2026-01-23 03:41:03,067][flwr][DEBUG] - fit_round 13: strategy sampled 6 clients (out of 12)
[2026-01-23 03:41:12,692][flwr][DEBUG] - fit_round 13 received 6 results and 0 failures
[2026-01-23 03:41:13,090][flwr][INFO] - fit progress: (13, 22580974.0, {'rmse': 4751.9442336795155, 'mae': 2845.825927734375, 'r2': 0.820250928401947}, 139.1622900830116)
[2026-01-23 03:41:13,090][flwr][DEBUG] - evaluate_round 13: strategy sampled 6 clients (out of 12)
[2026-01-23 03:41:13,249][flwr][DEBUG] - evaluate_round 13 received 6 results and 0 failures
[2026-01-23 03:41:13,250][flwr][DEBUG] - fit_round 14: strategy sampled 6 clients (out of 12)
[2026-01-23 03:41:22,828][flwr][DEBUG] - fit_round 14 received 6 results and 0 failures
[2026-01-23 03:41:23,203][flwr][INFO] - fit progress: (14, 11990215.0, {'rmse': 3462.688984012281, 'mae': 2193.99755859375, 'r2': 0.9045554995536804}, 149.27581295801792)
[2026-01-23 03:41:23,204][flwr][DEBUG] - evaluate_round 14: strategy sampled 6 clients (out of 12)
[2026-01-23 03:41:23,302][flwr][DEBUG] - evaluate_round 14 received 6 results and 0 failures
[2026-01-23 03:41:23,302][flwr][DEBUG] - fit_round 15: strategy sampled 6 clients (out of 12)
[2026-01-23 03:41:33,073][flwr][DEBUG] - fit_round 15 received 6 results and 0 failures
[2026-01-23 03:41:33,468][flwr][INFO] - fit progress: (15, 14634850.0, {'rmse': 3825.5522477153545, 'mae': 2365.517578125, 'r2': 0.8835036754608154}, 159.54054104199167)
[2026-01-23 03:41:33,468][flwr][DEBUG] - evaluate_round 15: strategy sampled 6 clients (out of 12)
[2026-01-23 03:41:33,572][flwr][DEBUG] - evaluate_round 15 received 6 results and 0 failures
[2026-01-23 03:41:33,572][flwr][DEBUG] - fit_round 16: strategy sampled 6 clients (out of 12)
[2026-01-23 03:41:43,578][flwr][DEBUG] - fit_round 16 received 6 results and 0 failures
[2026-01-23 03:41:43,985][flwr][INFO] - fit progress: (16, 12390846.0, {'rmse': 3520.0633517026367, 'mae': 2185.258544921875, 'r2': 0.9013663530349731}, 170.05716583301546)
[2026-01-23 03:41:43,985][flwr][DEBUG] - evaluate_round 16: strategy sampled 6 clients (out of 12)
[2026-01-23 03:41:44,160][flwr][DEBUG] - evaluate_round 16 received 6 results and 0 failures
[2026-01-23 03:41:44,161][flwr][DEBUG] - fit_round 17: strategy sampled 6 clients (out of 12)
[2026-01-23 03:41:53,645][flwr][DEBUG] - fit_round 17 received 6 results and 0 failures
[2026-01-23 03:41:54,014][flwr][INFO] - fit progress: (17, 11879571.0, {'rmse': 3446.6753545989795, 'mae': 2141.719482421875, 'r2': 0.9054362177848816}, 180.08689704199787)
[2026-01-23 03:41:54,015][flwr][DEBUG] - evaluate_round 17: strategy sampled 6 clients (out of 12)
[2026-01-23 03:41:54,128][flwr][DEBUG] - evaluate_round 17 received 6 results and 0 failures
[2026-01-23 03:41:54,128][flwr][DEBUG] - fit_round 18: strategy sampled 6 clients (out of 12)
[2026-01-23 03:42:03,634][flwr][DEBUG] - fit_round 18 received 6 results and 0 failures
[2026-01-23 03:42:04,025][flwr][INFO] - fit progress: (18, 12711641.0, {'rmse': 3565.338833827719, 'mae': 2206.198486328125, 'r2': 0.8988127708435059}, 190.0978258330142)
[2026-01-23 03:42:04,026][flwr][DEBUG] - evaluate_round 18: strategy sampled 6 clients (out of 12)
[2026-01-23 03:42:04,156][flwr][DEBUG] - evaluate_round 18 received 6 results and 0 failures
[2026-01-23 03:42:04,156][flwr][DEBUG] - fit_round 19: strategy sampled 6 clients (out of 12)
[2026-01-23 03:42:13,736][flwr][DEBUG] - fit_round 19 received 6 results and 0 failures
[2026-01-23 03:42:14,111][flwr][INFO] - fit progress: (19, 13366896.0, {'rmse': 3656.076585631105, 'mae': 2253.81689453125, 'r2': 0.8935968279838562}, 200.18343562498922)
[2026-01-23 03:42:14,111][flwr][DEBUG] - evaluate_round 19: strategy sampled 6 clients (out of 12)
[2026-01-23 03:42:14,209][flwr][DEBUG] - evaluate_round 19 received 6 results and 0 failures
[2026-01-23 03:42:14,209][flwr][DEBUG] - fit_round 20: strategy sampled 6 clients (out of 12)
[2026-01-23 03:42:23,786][flwr][DEBUG] - fit_round 20 received 6 results and 0 failures
[2026-01-23 03:42:24,181][flwr][INFO] - fit progress: (20, 12682907.0, {'rmse': 3561.306923026995, 'mae': 2193.932861328125, 'r2': 0.8990415334701538}, 210.253058042028)
[2026-01-23 03:42:24,181][flwr][DEBUG] - evaluate_round 20: strategy sampled 6 clients (out of 12)
[2026-01-23 03:42:24,286][flwr][DEBUG] - evaluate_round 20 received 6 results and 0 failures
[2026-01-23 03:42:24,287][flwr][DEBUG] - fit_round 21: strategy sampled 6 clients (out of 12)
[2026-01-23 03:42:33,872][flwr][DEBUG] - fit_round 21 received 6 results and 0 failures
[2026-01-23 03:42:34,238][flwr][INFO] - fit progress: (21, 13184238.0, {'rmse': 3631.0106031241494, 'mae': 2243.5224609375, 'r2': 0.8950508236885071}, 220.3096890830202)
[2026-01-23 03:42:34,238][flwr][DEBUG] - evaluate_round 21: strategy sampled 6 clients (out of 12)
[2026-01-23 03:42:34,466][flwr][DEBUG] - evaluate_round 21 received 6 results and 0 failures
[2026-01-23 03:42:34,466][flwr][DEBUG] - fit_round 22: strategy sampled 6 clients (out of 12)
[2026-01-23 03:42:43,966][flwr][DEBUG] - fit_round 22 received 6 results and 0 failures
[2026-01-23 03:42:44,359][flwr][INFO] - fit progress: (22, 11361864.0, {'rmse': 3370.736418054666, 'mae': 2143.326904296875, 'r2': 0.9095572829246521}, 230.431403124996)
[2026-01-23 03:42:44,360][flwr][DEBUG] - evaluate_round 22: strategy sampled 6 clients (out of 12)
[2026-01-23 03:42:44,468][flwr][DEBUG] - evaluate_round 22 received 6 results and 0 failures
[2026-01-23 03:42:44,469][flwr][DEBUG] - fit_round 23: strategy sampled 6 clients (out of 12)
[2026-01-23 03:42:53,925][flwr][DEBUG] - fit_round 23 received 6 results and 0 failures
[2026-01-23 03:42:54,293][flwr][INFO] - fit progress: (23, 12424056.0, {'rmse': 3524.777439782546, 'mae': 2196.330322265625, 'r2': 0.9011020064353943}, 240.36504445801256)
[2026-01-23 03:42:54,293][flwr][DEBUG] - evaluate_round 23: strategy sampled 6 clients (out of 12)
[2026-01-23 03:42:54,389][flwr][DEBUG] - evaluate_round 23 received 6 results and 0 failures
[2026-01-23 03:42:54,389][flwr][DEBUG] - fit_round 24: strategy sampled 6 clients (out of 12)
[2026-01-23 03:43:03,790][flwr][DEBUG] - fit_round 24 received 6 results and 0 failures
[2026-01-23 03:43:04,157][flwr][INFO] - fit progress: (24, 13504299.0, {'rmse': 3674.81958740834, 'mae': 2264.58740234375, 'r2': 0.8925030827522278}, 250.228918333014)
[2026-01-23 03:43:04,157][flwr][DEBUG] - evaluate_round 24: strategy sampled 6 clients (out of 12)
[2026-01-23 03:43:04,245][flwr][DEBUG] - evaluate_round 24 received 6 results and 0 failures
[2026-01-23 03:43:04,245][flwr][DEBUG] - fit_round 25: strategy sampled 6 clients (out of 12)
[2026-01-23 03:43:14,310][flwr][DEBUG] - fit_round 25 received 6 results and 0 failures
[2026-01-23 03:43:14,723][flwr][INFO] - fit progress: (25, 11747922.0, {'rmse': 3427.5241793457853, 'mae': 2142.566162109375, 'r2': 0.9064841866493225}, 260.7947170420084)
[2026-01-23 03:43:14,723][flwr][DEBUG] - evaluate_round 25: strategy sampled 6 clients (out of 12)
[2026-01-23 03:43:14,853][flwr][DEBUG] - evaluate_round 25 received 6 results and 0 failures
[2026-01-23 03:43:14,853][flwr][INFO] - FL finished in 260.92479637498036
[2026-01-23 03:43:14,853][flwr][INFO] - app_fit: losses_distributed [(1, 37294818.225446425), (2, 25682726.591397848), (3, 24025837.746651787), (4, 19394076.859375), (5, 21865693.7207416), (6, 19889217.641280353), (7, 17043965.284897026), (8, 14575945.462328767), (9, 13718808.207915273), (10, 17294025.132258065), (11, 16942226.545766592), (12, 15436962.69205298), (13, 20414831.653498873), (14, 13442177.067080045), (15, 18015243.280645162), (16, 12015337.16077537), (17, 11789180.463768115), (18, 16132233.089285715), (19, 13406459.023809524), (20, 14311171.943630215), (21, 13880344.051839465), (22, 12295943.703260869), (23, 14260380.776361529), (24, 14686622.43221321), (25, 13652248.673404256)]
[2026-01-23 03:43:14,853][flwr][INFO] - app_fit: metrics_distributed_fit {}
[2026-01-23 03:43:14,853][flwr][INFO] - app_fit: metrics_distributed {}
[2026-01-23 03:43:14,854][flwr][INFO] - app_fit: losses_centralized [(0, 437038496.0), (1, 33850200.0), (2, 22215432.0), (3, 18358118.0), (4, 16109177.0), (5, 17829016.0), (6, 17784744.0), (7, 14592690.0), (8, 13650979.0), (9, 13893753.0), (10, 13729153.0), (11, 15774963.0), (12, 14147721.0), (13, 22580974.0), (14, 11990215.0), (15, 14634850.0), (16, 12390846.0), (17, 11879571.0), (18, 12711641.0), (19, 13366896.0), (20, 12682907.0), (21, 13184238.0), (22, 11361864.0), (23, 12424056.0), (24, 13504299.0), (25, 11747922.0)]
[2026-01-23 03:43:14,854][flwr][INFO] - app_fit: metrics_centralized {'rmse': [(0, 20905.46569679805), (1, 5818.092470904876), (2, 4713.324941058064), (3, 4284.637440904423), (4, 4013.6239235882576), (5, 4222.441947499101), (6, 4217.196224981712), (7, 3820.0379579265964), (8, 3694.7231290043915), (9, 3727.43249435855), (10, 3705.28716835821), (11, 3971.770763777789), (12, 3761.345636869869), (13, 4751.9442336795155), (14, 3462.688984012281), (15, 3825.5522477153545), (16, 3520.0633517026367), (17, 3446.6753545989795), (18, 3565.338833827719), (19, 3656.076585631105), (20, 3561.306923026995), (21, 3631.0106031241494), (22, 3370.736418054666), (23, 3524.777439782546), (24, 3674.81958740834), (25, 3427.5241793457853)], 'mae': [(0, 11505.1748046875), (1, 3896.77587890625), (2, 3179.680419921875), (3, 2863.592041015625), (4, 2640.4990234375), (5, 2718.760498046875), (6, 2677.056640625), (7, 2433.2314453125), (8, 2327.535888671875), (9, 2379.845458984375), (10, 2299.625), (11, 2490.93994140625), (12, 2346.43359375), (13, 2845.825927734375), (14, 2193.99755859375), (15, 2365.517578125), (16, 2185.258544921875), (17, 2141.719482421875), (18, 2206.198486328125), (19, 2253.81689453125), (20, 2193.932861328125), (21, 2243.5224609375), (22, 2143.326904296875), (23, 2196.330322265625), (24, 2264.58740234375), (25, 2142.566162109375)], 'r2': [(0, -2.4789140224456787), (1, 0.7305456399917603), (2, 0.823160707950592), (3, 0.8538656830787659), (4, 0.8717676997184753), (5, 0.8580774664878845), (6, 0.8584298491477966), (7, 0.8838392496109009), (8, 0.8913354873657227), (9, 0.8894029259681702), (10, 0.8907132148742676), (11, 0.8744281530380249), (12, 0.8873813152313232), (13, 0.820250928401947), (14, 0.9045554995536804), (15, 0.8835036754608154), (16, 0.9013663530349731), (17, 0.9054362177848816), (18, 0.8988127708435059), (19, 0.8935968279838562), (20, 0.8990415334701538), (21, 0.8950508236885071), (22, 0.9095572829246521), (23, 0.9011020064353943), (24, 0.8925030827522278), (25, 0.9064841866493225)]}
