[2025-12-30 13:11:53,654][flwr][INFO] - Starting Flower simulation, config: ServerConfig(num_rounds=10, round_timeout=None)
[2025-12-30 13:11:58,396][flwr][INFO] - Flower VCE: Ray initialized with resources: {'memory': 12125508813.0, 'CPU': 10.0, 'object_store_memory': 2147483648.0, 'node:127.0.0.1': 1.0}
[2025-12-30 13:11:58,396][flwr][INFO] - Initializing global parameters
[2025-12-30 13:11:58,396][flwr][INFO] - Requesting initial parameters from one random client
[2025-12-30 13:12:01,501][flwr][INFO] - Received initial parameters from one random client
[2025-12-30 13:12:01,501][flwr][INFO] - Evaluating initial parameters
[2025-12-30 13:12:01,540][flwr][INFO] - initial parameters (loss, other metrics): 70.16641771793365, {'accuracy': 0.2485}
[2025-12-30 13:12:01,540][flwr][INFO] - FL starting
[2025-12-30 13:12:01,540][flwr][DEBUG] - fit_round 1: strategy sampled 5 clients (out of 10)
[2025-12-30 13:12:05,354][flwr][DEBUG] - fit_round 1 received 5 results and 0 failures
[2025-12-30 13:12:05,359][flwr][WARNING] - No fit_metrics_aggregation_fn provided
[2025-12-30 13:12:05,390][flwr][INFO] - fit progress: (1, 60.60017877817154, {'accuracy': 0.5985}, 3.85033262509387)
[2025-12-30 13:12:05,391][flwr][DEBUG] - evaluate_round 1: strategy sampled 10 clients (out of 10)
[2025-12-30 13:12:05,879][flwr][DEBUG] - evaluate_round 1 received 10 results and 0 failures
[2025-12-30 13:12:05,879][flwr][WARNING] - No evaluate_metrics_aggregation_fn provided
[2025-12-30 13:12:05,879][flwr][DEBUG] - fit_round 2: strategy sampled 5 clients (out of 10)
[2025-12-30 13:12:06,703][flwr][DEBUG] - fit_round 2 received 5 results and 0 failures
[2025-12-30 13:12:06,740][flwr][INFO] - fit progress: (2, 53.03123426437378, {'accuracy': 0.589}, 5.200191833078861)
[2025-12-30 13:12:06,740][flwr][DEBUG] - evaluate_round 2: strategy sampled 10 clients (out of 10)
[2025-12-30 13:12:10,189][flwr][DEBUG] - evaluate_round 2 received 10 results and 0 failures
[2025-12-30 13:12:10,190][flwr][DEBUG] - fit_round 3: strategy sampled 5 clients (out of 10)
[2025-12-30 13:12:10,848][flwr][DEBUG] - fit_round 3 received 5 results and 0 failures
[2025-12-30 13:12:10,886][flwr][INFO] - fit progress: (3, 54.386250615119934, {'accuracy': 0.578}, 9.346094500040635)
[2025-12-30 13:12:10,886][flwr][DEBUG] - evaluate_round 3: strategy sampled 10 clients (out of 10)
[2025-12-30 13:12:11,345][flwr][DEBUG] - evaluate_round 3 received 10 results and 0 failures
[2025-12-30 13:12:11,346][flwr][DEBUG] - fit_round 4: strategy sampled 5 clients (out of 10)
[2025-12-30 13:12:12,300][flwr][DEBUG] - fit_round 4 received 5 results and 0 failures
[2025-12-30 13:12:12,337][flwr][INFO] - fit progress: (4, 48.99750220775604, {'accuracy': 0.5805}, 10.79670075001195)
[2025-12-30 13:12:12,337][flwr][DEBUG] - evaluate_round 4: strategy sampled 10 clients (out of 10)
[2025-12-30 13:12:12,801][flwr][DEBUG] - evaluate_round 4 received 10 results and 0 failures
[2025-12-30 13:12:12,801][flwr][DEBUG] - fit_round 5: strategy sampled 5 clients (out of 10)
[2025-12-30 13:12:13,497][flwr][DEBUG] - fit_round 5 received 5 results and 0 failures
[2025-12-30 13:12:13,537][flwr][INFO] - fit progress: (5, 55.90943968296051, {'accuracy': 0.606}, 11.997253500041552)
[2025-12-30 13:12:13,537][flwr][DEBUG] - evaluate_round 5: strategy sampled 10 clients (out of 10)
[2025-12-30 13:12:13,996][flwr][DEBUG] - evaluate_round 5 received 10 results and 0 failures
[2025-12-30 13:12:13,997][flwr][DEBUG] - fit_round 6: strategy sampled 5 clients (out of 10)
[2025-12-30 13:12:14,345][flwr][DEBUG] - fit_round 6 received 5 results and 0 failures
[2025-12-30 13:12:14,382][flwr][INFO] - fit progress: (6, 49.62781596183777, {'accuracy': 0.6115}, 12.842354791006073)
[2025-12-30 13:12:14,382][flwr][DEBUG] - evaluate_round 6: strategy sampled 10 clients (out of 10)
[2025-12-30 13:12:14,839][flwr][DEBUG] - evaluate_round 6 received 10 results and 0 failures
[2025-12-30 13:12:14,839][flwr][DEBUG] - fit_round 7: strategy sampled 5 clients (out of 10)
[2025-12-30 13:12:15,664][flwr][DEBUG] - fit_round 7 received 5 results and 0 failures
[2025-12-30 13:12:15,700][flwr][INFO] - fit progress: (7, 49.6523152589798, {'accuracy': 0.597}, 14.160453791031614)
[2025-12-30 13:12:15,701][flwr][DEBUG] - evaluate_round 7: strategy sampled 10 clients (out of 10)
[2025-12-30 13:12:16,159][flwr][DEBUG] - evaluate_round 7 received 10 results and 0 failures
[2025-12-30 13:12:16,161][flwr][DEBUG] - fit_round 8: strategy sampled 5 clients (out of 10)
[2025-12-30 13:12:16,861][flwr][DEBUG] - fit_round 8 received 5 results and 0 failures
[2025-12-30 13:12:16,899][flwr][INFO] - fit progress: (8, 56.3777596950531, {'accuracy': 0.589}, 15.358783458010294)
[2025-12-30 13:12:16,899][flwr][DEBUG] - evaluate_round 8: strategy sampled 10 clients (out of 10)
[2025-12-30 13:12:17,355][flwr][DEBUG] - evaluate_round 8 received 10 results and 0 failures
[2025-12-30 13:12:17,355][flwr][DEBUG] - fit_round 9: strategy sampled 5 clients (out of 10)
[2025-12-30 13:12:18,131][flwr][DEBUG] - fit_round 9 received 5 results and 0 failures
[2025-12-30 13:12:18,167][flwr][INFO] - fit progress: (9, 53.25659340620041, {'accuracy': 0.5895}, 16.62677433306817)
[2025-12-30 13:12:18,167][flwr][DEBUG] - evaluate_round 9: strategy sampled 10 clients (out of 10)
[2025-12-30 13:12:18,636][flwr][DEBUG] - evaluate_round 9 received 10 results and 0 failures
[2025-12-30 13:12:18,636][flwr][DEBUG] - fit_round 10: strategy sampled 5 clients (out of 10)
[2025-12-30 13:12:19,567][flwr][DEBUG] - fit_round 10 received 5 results and 0 failures
[2025-12-30 13:12:19,602][flwr][INFO] - fit progress: (10, 49.50228691101074, {'accuracy': 0.5805}, 18.062337249983102)
[2025-12-30 13:12:19,602][flwr][DEBUG] - evaluate_round 10: strategy sampled 10 clients (out of 10)
[2025-12-30 13:12:20,057][flwr][DEBUG] - evaluate_round 10 received 10 results and 0 failures
[2025-12-30 13:12:20,057][flwr][INFO] - FL finished in 18.517096708063036
[2025-12-30 13:12:20,058][flwr][INFO] - app_fit: losses_distributed [(1, 11.466696064468877), (2, 9.801998796569272), (3, 10.094350465675582), (4, 8.588052997051175), (5, 10.639377093879625), (6, 9.198217181724425), (7, 8.992425482684855), (8, 10.823741721650352), (9, 9.755908711175733), (10, 8.681704164182243)]
[2025-12-30 13:12:20,058][flwr][INFO] - app_fit: metrics_distributed_fit {}
[2025-12-30 13:12:20,058][flwr][INFO] - app_fit: metrics_distributed {}
[2025-12-30 13:12:20,058][flwr][INFO] - app_fit: losses_centralized [(0, 70.16641771793365), (1, 60.60017877817154), (2, 53.03123426437378), (3, 54.386250615119934), (4, 48.99750220775604), (5, 55.90943968296051), (6, 49.62781596183777), (7, 49.6523152589798), (8, 56.3777596950531), (9, 53.25659340620041), (10, 49.50228691101074)]
[2025-12-30 13:12:20,058][flwr][INFO] - app_fit: metrics_centralized {'accuracy': [(0, 0.2485), (1, 0.5985), (2, 0.589), (3, 0.578), (4, 0.5805), (5, 0.606), (6, 0.6115), (7, 0.597), (8, 0.589), (9, 0.5895), (10, 0.5805)]}
