[2026-01-11 13:07:51,575][flwr][INFO] - Starting Flower simulation, config: ServerConfig(num_rounds=50, round_timeout=None)
[2026-01-11 13:07:56,653][flwr][INFO] - Flower VCE: Ray initialized with resources: {'object_store_memory': 2147483648.0, 'memory': 11825299456.0, 'CPU': 10.0, 'node:127.0.0.1': 1.0}
[2026-01-11 13:07:56,653][flwr][INFO] - Initializing global parameters
[2026-01-11 13:07:56,653][flwr][INFO] - Using initial parameters provided by strategy
[2026-01-11 13:07:56,653][flwr][INFO] - Evaluating initial parameters
[2026-01-11 13:07:56,723][flwr][INFO] - initial parameters (loss, other metrics): 68.07474291324615, {'accuracy': 0.507}
[2026-01-11 13:07:56,723][flwr][INFO] - FL starting
[2026-01-11 13:07:56,724][flwr][DEBUG] - fit_round 1: strategy sampled 100 clients (out of 100)
[2026-01-11 13:08:02,105][flwr][DEBUG] - fit_round 1 received 100 results and 0 failures
[2026-01-11 13:08:02,143][flwr][WARNING] - No fit_metrics_aggregation_fn provided
[2026-01-11 13:08:02,176][flwr][INFO] - fit progress: (1, 67.36546552181244, {'accuracy': 0.507}, 5.45263845899899)
[2026-01-11 13:08:02,176][flwr][DEBUG] - evaluate_round 1: strategy sampled 100 clients (out of 100)
[2026-01-11 13:08:02,626][flwr][DEBUG] - evaluate_round 1 received 100 results and 0 failures
[2026-01-11 13:08:02,626][flwr][WARNING] - No evaluate_metrics_aggregation_fn provided
[2026-01-11 13:08:02,627][flwr][DEBUG] - fit_round 2: strategy sampled 100 clients (out of 100)
[2026-01-11 13:08:03,169][flwr][DEBUG] - fit_round 2 received 100 results and 0 failures
[2026-01-11 13:08:03,224][flwr][INFO] - fit progress: (2, 66.76129961013794, {'accuracy': 0.507}, 6.500741791998735)
[2026-01-11 13:08:03,224][flwr][DEBUG] - evaluate_round 2: strategy sampled 100 clients (out of 100)
[2026-01-11 13:08:03,642][flwr][DEBUG] - evaluate_round 2 received 100 results and 0 failures
[2026-01-11 13:08:03,642][flwr][DEBUG] - fit_round 3: strategy sampled 100 clients (out of 100)
[2026-01-11 13:08:04,072][flwr][DEBUG] - fit_round 3 received 100 results and 0 failures
[2026-01-11 13:08:04,128][flwr][INFO] - fit progress: (3, 66.24889647960663, {'accuracy': 0.507}, 7.4041554590075975)
[2026-01-11 13:08:04,128][flwr][DEBUG] - evaluate_round 3: strategy sampled 100 clients (out of 100)
[2026-01-11 13:08:04,523][flwr][DEBUG] - evaluate_round 3 received 100 results and 0 failures
[2026-01-11 13:08:04,523][flwr][DEBUG] - fit_round 4: strategy sampled 100 clients (out of 100)
[2026-01-11 13:08:04,944][flwr][DEBUG] - fit_round 4 received 100 results and 0 failures
[2026-01-11 13:08:04,997][flwr][INFO] - fit progress: (4, 65.82162940502167, {'accuracy': 0.507}, 8.273175709007774)
[2026-01-11 13:08:04,997][flwr][DEBUG] - evaluate_round 4: strategy sampled 100 clients (out of 100)
[2026-01-11 13:08:05,391][flwr][DEBUG] - evaluate_round 4 received 100 results and 0 failures
[2026-01-11 13:08:05,391][flwr][DEBUG] - fit_round 5: strategy sampled 100 clients (out of 100)
[2026-01-11 13:08:05,833][flwr][DEBUG] - fit_round 5 received 100 results and 0 failures
[2026-01-11 13:08:05,887][flwr][INFO] - fit progress: (5, 65.45410144329071, {'accuracy': 0.507}, 9.163271708996035)
[2026-01-11 13:08:05,887][flwr][DEBUG] - evaluate_round 5: strategy sampled 100 clients (out of 100)
[2026-01-11 13:08:06,264][flwr][DEBUG] - evaluate_round 5 received 100 results and 0 failures
[2026-01-11 13:08:06,265][flwr][DEBUG] - fit_round 6: strategy sampled 100 clients (out of 100)
[2026-01-11 13:08:06,684][flwr][DEBUG] - fit_round 6 received 100 results and 0 failures
[2026-01-11 13:08:06,736][flwr][INFO] - fit progress: (6, 65.14396905899048, {'accuracy': 0.507}, 10.012503374993685)
[2026-01-11 13:08:06,736][flwr][DEBUG] - evaluate_round 6: strategy sampled 100 clients (out of 100)
[2026-01-11 13:08:07,115][flwr][DEBUG] - evaluate_round 6 received 100 results and 0 failures
[2026-01-11 13:08:07,115][flwr][DEBUG] - fit_round 7: strategy sampled 100 clients (out of 100)
[2026-01-11 13:08:07,588][flwr][DEBUG] - fit_round 7 received 100 results and 0 failures
[2026-01-11 13:08:07,639][flwr][INFO] - fit progress: (7, 64.87375342845917, {'accuracy': 0.507}, 10.915269250006531)
[2026-01-11 13:08:07,639][flwr][DEBUG] - evaluate_round 7: strategy sampled 100 clients (out of 100)
[2026-01-11 13:08:08,019][flwr][DEBUG] - evaluate_round 7 received 100 results and 0 failures
[2026-01-11 13:08:08,019][flwr][DEBUG] - fit_round 8: strategy sampled 100 clients (out of 100)
[2026-01-11 13:08:08,412][flwr][DEBUG] - fit_round 8 received 100 results and 0 failures
[2026-01-11 13:08:08,467][flwr][INFO] - fit progress: (8, 64.63059830665588, {'accuracy': 0.507}, 11.743809167004656)
[2026-01-11 13:08:08,468][flwr][DEBUG] - evaluate_round 8: strategy sampled 100 clients (out of 100)
[2026-01-11 13:08:08,856][flwr][DEBUG] - evaluate_round 8 received 100 results and 0 failures
[2026-01-11 13:08:08,856][flwr][DEBUG] - fit_round 9: strategy sampled 100 clients (out of 100)
[2026-01-11 13:08:09,267][flwr][DEBUG] - fit_round 9 received 100 results and 0 failures
[2026-01-11 13:08:09,317][flwr][INFO] - fit progress: (9, 64.40847307443619, {'accuracy': 0.507}, 12.593196000001626)
[2026-01-11 13:08:09,317][flwr][DEBUG] - evaluate_round 9: strategy sampled 100 clients (out of 100)
[2026-01-11 13:08:09,695][flwr][DEBUG] - evaluate_round 9 received 100 results and 0 failures
[2026-01-11 13:08:09,696][flwr][DEBUG] - fit_round 10: strategy sampled 100 clients (out of 100)
[2026-01-11 13:08:10,130][flwr][DEBUG] - fit_round 10 received 100 results and 0 failures
[2026-01-11 13:08:10,185][flwr][INFO] - fit progress: (10, 64.20144486427307, {'accuracy': 0.507}, 13.461569791994407)
[2026-01-11 13:08:10,185][flwr][DEBUG] - evaluate_round 10: strategy sampled 100 clients (out of 100)
[2026-01-11 13:08:10,586][flwr][DEBUG] - evaluate_round 10 received 100 results and 0 failures
[2026-01-11 13:08:10,586][flwr][DEBUG] - fit_round 11: strategy sampled 100 clients (out of 100)
[2026-01-11 13:08:10,980][flwr][DEBUG] - fit_round 11 received 100 results and 0 failures
[2026-01-11 13:08:11,030][flwr][INFO] - fit progress: (11, 64.00477409362793, {'accuracy': 0.507}, 14.306674417006434)
[2026-01-11 13:08:11,030][flwr][DEBUG] - evaluate_round 11: strategy sampled 100 clients (out of 100)
[2026-01-11 13:08:11,408][flwr][DEBUG] - evaluate_round 11 received 100 results and 0 failures
[2026-01-11 13:08:11,409][flwr][DEBUG] - fit_round 12: strategy sampled 100 clients (out of 100)
[2026-01-11 13:08:11,953][flwr][DEBUG] - fit_round 12 received 100 results and 0 failures
[2026-01-11 13:08:12,006][flwr][INFO] - fit progress: (12, 63.81586682796478, {'accuracy': 0.507}, 15.282548917006352)
[2026-01-11 13:08:12,006][flwr][DEBUG] - evaluate_round 12: strategy sampled 100 clients (out of 100)
[2026-01-11 13:08:12,410][flwr][DEBUG] - evaluate_round 12 received 100 results and 0 failures
[2026-01-11 13:08:12,411][flwr][DEBUG] - fit_round 13: strategy sampled 100 clients (out of 100)
[2026-01-11 13:08:12,821][flwr][DEBUG] - fit_round 13 received 100 results and 0 failures
[2026-01-11 13:08:12,871][flwr][INFO] - fit progress: (13, 63.629376232624054, {'accuracy': 0.5075}, 16.147306166996714)
[2026-01-11 13:08:12,871][flwr][DEBUG] - evaluate_round 13: strategy sampled 100 clients (out of 100)
[2026-01-11 13:08:13,329][flwr][DEBUG] - evaluate_round 13 received 100 results and 0 failures
[2026-01-11 13:08:13,330][flwr][DEBUG] - fit_round 14: strategy sampled 100 clients (out of 100)
[2026-01-11 13:08:13,764][flwr][DEBUG] - fit_round 14 received 100 results and 0 failures
[2026-01-11 13:08:13,816][flwr][INFO] - fit progress: (14, 63.44672334194183, {'accuracy': 0.5075}, 17.09248008400027)
[2026-01-11 13:08:13,816][flwr][DEBUG] - evaluate_round 14: strategy sampled 100 clients (out of 100)
[2026-01-11 13:08:14,199][flwr][DEBUG] - evaluate_round 14 received 100 results and 0 failures
[2026-01-11 13:08:14,200][flwr][DEBUG] - fit_round 15: strategy sampled 100 clients (out of 100)
[2026-01-11 13:08:14,701][flwr][DEBUG] - fit_round 15 received 100 results and 0 failures
[2026-01-11 13:08:14,754][flwr][INFO] - fit progress: (15, 63.26292610168457, {'accuracy': 0.508}, 18.03051612499985)
[2026-01-11 13:08:14,754][flwr][DEBUG] - evaluate_round 15: strategy sampled 100 clients (out of 100)
[2026-01-11 13:08:15,127][flwr][DEBUG] - evaluate_round 15 received 100 results and 0 failures
[2026-01-11 13:08:15,127][flwr][DEBUG] - fit_round 16: strategy sampled 100 clients (out of 100)
[2026-01-11 13:08:15,549][flwr][DEBUG] - fit_round 16 received 100 results and 0 failures
[2026-01-11 13:08:15,602][flwr][INFO] - fit progress: (16, 63.07068467140198, {'accuracy': 0.5085}, 18.878682291993755)
[2026-01-11 13:08:15,602][flwr][DEBUG] - evaluate_round 16: strategy sampled 100 clients (out of 100)
[2026-01-11 13:08:15,988][flwr][DEBUG] - evaluate_round 16 received 100 results and 0 failures
[2026-01-11 13:08:15,988][flwr][DEBUG] - fit_round 17: strategy sampled 100 clients (out of 100)
[2026-01-11 13:08:16,387][flwr][DEBUG] - fit_round 17 received 100 results and 0 failures
[2026-01-11 13:08:16,436][flwr][INFO] - fit progress: (17, 62.870228826999664, {'accuracy': 0.5085}, 19.712776917003794)
[2026-01-11 13:08:16,437][flwr][DEBUG] - evaluate_round 17: strategy sampled 100 clients (out of 100)
[2026-01-11 13:08:16,825][flwr][DEBUG] - evaluate_round 17 received 100 results and 0 failures
[2026-01-11 13:08:16,826][flwr][DEBUG] - fit_round 18: strategy sampled 100 clients (out of 100)
[2026-01-11 13:08:17,219][flwr][DEBUG] - fit_round 18 received 100 results and 0 failures
[2026-01-11 13:08:17,271][flwr][INFO] - fit progress: (18, 62.663162529468536, {'accuracy': 0.5095}, 20.547101959004067)
[2026-01-11 13:08:17,271][flwr][DEBUG] - evaluate_round 18: strategy sampled 100 clients (out of 100)
[2026-01-11 13:08:17,639][flwr][DEBUG] - evaluate_round 18 received 100 results and 0 failures
[2026-01-11 13:08:17,639][flwr][DEBUG] - fit_round 19: strategy sampled 100 clients (out of 100)
[2026-01-11 13:08:18,039][flwr][DEBUG] - fit_round 19 received 100 results and 0 failures
[2026-01-11 13:08:18,090][flwr][INFO] - fit progress: (19, 62.44883620738983, {'accuracy': 0.5115}, 21.366959916995256)
[2026-01-11 13:08:18,091][flwr][DEBUG] - evaluate_round 19: strategy sampled 100 clients (out of 100)
[2026-01-11 13:08:18,450][flwr][DEBUG] - evaluate_round 19 received 100 results and 0 failures
[2026-01-11 13:08:18,450][flwr][DEBUG] - fit_round 20: strategy sampled 100 clients (out of 100)
[2026-01-11 13:08:18,843][flwr][DEBUG] - fit_round 20 received 100 results and 0 failures
[2026-01-11 13:08:18,989][flwr][INFO] - fit progress: (20, 62.220242619514465, {'accuracy': 0.514}, 22.26526491700497)
[2026-01-11 13:08:18,989][flwr][DEBUG] - evaluate_round 20: strategy sampled 100 clients (out of 100)
[2026-01-11 13:08:19,374][flwr][DEBUG] - evaluate_round 20 received 100 results and 0 failures
[2026-01-11 13:08:19,374][flwr][DEBUG] - fit_round 21: strategy sampled 100 clients (out of 100)
[2026-01-11 13:08:19,796][flwr][DEBUG] - fit_round 21 received 100 results and 0 failures
[2026-01-11 13:08:19,846][flwr][INFO] - fit progress: (21, 61.9725056886673, {'accuracy': 0.5155}, 23.12249916700239)
[2026-01-11 13:08:19,846][flwr][DEBUG] - evaluate_round 21: strategy sampled 100 clients (out of 100)
[2026-01-11 13:08:20,250][flwr][DEBUG] - evaluate_round 21 received 100 results and 0 failures
[2026-01-11 13:08:20,250][flwr][DEBUG] - fit_round 22: strategy sampled 100 clients (out of 100)
[2026-01-11 13:08:20,639][flwr][DEBUG] - fit_round 22 received 100 results and 0 failures
[2026-01-11 13:08:20,688][flwr][INFO] - fit progress: (22, 61.718043863773346, {'accuracy': 0.5175}, 23.964340749997064)
[2026-01-11 13:08:20,688][flwr][DEBUG] - evaluate_round 22: strategy sampled 100 clients (out of 100)
[2026-01-11 13:08:21,046][flwr][DEBUG] - evaluate_round 22 received 100 results and 0 failures
[2026-01-11 13:08:21,046][flwr][DEBUG] - fit_round 23: strategy sampled 100 clients (out of 100)
[2026-01-11 13:08:21,430][flwr][DEBUG] - fit_round 23 received 100 results and 0 failures
[2026-01-11 13:08:21,480][flwr][INFO] - fit progress: (23, 61.43031120300293, {'accuracy': 0.518}, 24.7564334589988)
[2026-01-11 13:08:21,480][flwr][DEBUG] - evaluate_round 23: strategy sampled 100 clients (out of 100)
[2026-01-11 13:08:21,844][flwr][DEBUG] - evaluate_round 23 received 100 results and 0 failures
[2026-01-11 13:08:21,844][flwr][DEBUG] - fit_round 24: strategy sampled 100 clients (out of 100)
[2026-01-11 13:08:22,226][flwr][DEBUG] - fit_round 24 received 100 results and 0 failures
[2026-01-11 13:08:22,277][flwr][INFO] - fit progress: (24, 61.12711125612259, {'accuracy': 0.5195}, 25.55349008399935)
[2026-01-11 13:08:22,277][flwr][DEBUG] - evaluate_round 24: strategy sampled 100 clients (out of 100)
[2026-01-11 13:08:22,645][flwr][DEBUG] - evaluate_round 24 received 100 results and 0 failures
[2026-01-11 13:08:22,646][flwr][DEBUG] - fit_round 25: strategy sampled 100 clients (out of 100)
[2026-01-11 13:08:23,176][flwr][DEBUG] - fit_round 25 received 100 results and 0 failures
[2026-01-11 13:08:23,227][flwr][INFO] - fit progress: (25, 60.802313446998596, {'accuracy': 0.5215}, 26.503084833995672)
[2026-01-11 13:08:23,227][flwr][DEBUG] - evaluate_round 25: strategy sampled 100 clients (out of 100)
[2026-01-11 13:08:23,666][flwr][DEBUG] - evaluate_round 25 received 100 results and 0 failures
[2026-01-11 13:08:23,666][flwr][DEBUG] - fit_round 26: strategy sampled 100 clients (out of 100)
[2026-01-11 13:08:24,066][flwr][DEBUG] - fit_round 26 received 100 results and 0 failures
[2026-01-11 13:08:24,117][flwr][INFO] - fit progress: (26, 60.461099445819855, {'accuracy': 0.525}, 27.39380295900628)
[2026-01-11 13:08:24,118][flwr][DEBUG] - evaluate_round 26: strategy sampled 100 clients (out of 100)
[2026-01-11 13:08:24,479][flwr][DEBUG] - evaluate_round 26 received 100 results and 0 failures
[2026-01-11 13:08:24,479][flwr][DEBUG] - fit_round 27: strategy sampled 100 clients (out of 100)
[2026-01-11 13:08:24,889][flwr][DEBUG] - fit_round 27 received 100 results and 0 failures
[2026-01-11 13:08:24,940][flwr][INFO] - fit progress: (27, 60.09730380773544, {'accuracy': 0.53}, 28.216067000001203)
[2026-01-11 13:08:24,940][flwr][DEBUG] - evaluate_round 27: strategy sampled 100 clients (out of 100)
[2026-01-11 13:08:25,310][flwr][DEBUG] - evaluate_round 27 received 100 results and 0 failures
[2026-01-11 13:08:25,310][flwr][DEBUG] - fit_round 28: strategy sampled 100 clients (out of 100)
[2026-01-11 13:08:25,749][flwr][DEBUG] - fit_round 28 received 100 results and 0 failures
[2026-01-11 13:08:25,800][flwr][INFO] - fit progress: (28, 59.718169927597046, {'accuracy': 0.5345}, 29.07648495900503)
[2026-01-11 13:08:25,800][flwr][DEBUG] - evaluate_round 28: strategy sampled 100 clients (out of 100)
[2026-01-11 13:08:26,212][flwr][DEBUG] - evaluate_round 28 received 100 results and 0 failures
[2026-01-11 13:08:26,212][flwr][DEBUG] - fit_round 29: strategy sampled 100 clients (out of 100)
[2026-01-11 13:08:26,603][flwr][DEBUG] - fit_round 29 received 100 results and 0 failures
[2026-01-11 13:08:26,655][flwr][INFO] - fit progress: (29, 59.32202744483948, {'accuracy': 0.543}, 29.931490625007427)
[2026-01-11 13:08:26,655][flwr][DEBUG] - evaluate_round 29: strategy sampled 100 clients (out of 100)
[2026-01-11 13:08:27,021][flwr][DEBUG] - evaluate_round 29 received 100 results and 0 failures
[2026-01-11 13:08:27,021][flwr][DEBUG] - fit_round 30: strategy sampled 100 clients (out of 100)
[2026-01-11 13:08:27,423][flwr][DEBUG] - fit_round 30 received 100 results and 0 failures
[2026-01-11 13:08:27,473][flwr][INFO] - fit progress: (30, 58.90704756975174, {'accuracy': 0.5475}, 30.749509959001443)
[2026-01-11 13:08:27,473][flwr][DEBUG] - evaluate_round 30: strategy sampled 100 clients (out of 100)
[2026-01-11 13:08:27,885][flwr][DEBUG] - evaluate_round 30 received 100 results and 0 failures
[2026-01-11 13:08:27,885][flwr][DEBUG] - fit_round 31: strategy sampled 100 clients (out of 100)
[2026-01-11 13:08:28,280][flwr][DEBUG] - fit_round 31 received 100 results and 0 failures
[2026-01-11 13:08:28,332][flwr][INFO] - fit progress: (31, 58.48703098297119, {'accuracy': 0.555}, 31.60838929199963)
[2026-01-11 13:08:28,332][flwr][DEBUG] - evaluate_round 31: strategy sampled 100 clients (out of 100)
[2026-01-11 13:08:28,703][flwr][DEBUG] - evaluate_round 31 received 100 results and 0 failures
[2026-01-11 13:08:28,703][flwr][DEBUG] - fit_round 32: strategy sampled 100 clients (out of 100)
[2026-01-11 13:08:29,089][flwr][DEBUG] - fit_round 32 received 100 results and 0 failures
[2026-01-11 13:08:29,139][flwr][INFO] - fit progress: (32, 58.05692571401596, {'accuracy': 0.5635}, 32.41582241699507)
[2026-01-11 13:08:29,140][flwr][DEBUG] - evaluate_round 32: strategy sampled 100 clients (out of 100)
[2026-01-11 13:08:29,507][flwr][DEBUG] - evaluate_round 32 received 100 results and 0 failures
[2026-01-11 13:08:29,508][flwr][DEBUG] - fit_round 33: strategy sampled 100 clients (out of 100)
[2026-01-11 13:08:29,908][flwr][DEBUG] - fit_round 33 received 100 results and 0 failures
[2026-01-11 13:08:29,961][flwr][INFO] - fit progress: (33, 57.627193331718445, {'accuracy': 0.5685}, 33.236962708993815)
[2026-01-11 13:08:29,961][flwr][DEBUG] - evaluate_round 33: strategy sampled 100 clients (out of 100)
[2026-01-11 13:08:30,327][flwr][DEBUG] - evaluate_round 33 received 100 results and 0 failures
[2026-01-11 13:08:30,327][flwr][DEBUG] - fit_round 34: strategy sampled 100 clients (out of 100)
[2026-01-11 13:08:30,733][flwr][DEBUG] - fit_round 34 received 100 results and 0 failures
[2026-01-11 13:08:30,784][flwr][INFO] - fit progress: (34, 57.192031383514404, {'accuracy': 0.5745}, 34.059910625001066)
[2026-01-11 13:08:30,784][flwr][DEBUG] - evaluate_round 34: strategy sampled 100 clients (out of 100)
[2026-01-11 13:08:31,142][flwr][DEBUG] - evaluate_round 34 received 100 results and 0 failures
[2026-01-11 13:08:31,142][flwr][DEBUG] - fit_round 35: strategy sampled 100 clients (out of 100)
[2026-01-11 13:08:31,525][flwr][DEBUG] - fit_round 35 received 100 results and 0 failures
[2026-01-11 13:08:31,582][flwr][INFO] - fit progress: (35, 56.772398352622986, {'accuracy': 0.579}, 34.858362583996495)
[2026-01-11 13:08:31,582][flwr][DEBUG] - evaluate_round 35: strategy sampled 100 clients (out of 100)
[2026-01-11 13:08:31,942][flwr][DEBUG] - evaluate_round 35 received 100 results and 0 failures
[2026-01-11 13:08:31,942][flwr][DEBUG] - fit_round 36: strategy sampled 100 clients (out of 100)
[2026-01-11 13:08:32,335][flwr][DEBUG] - fit_round 36 received 100 results and 0 failures
[2026-01-11 13:08:32,389][flwr][INFO] - fit progress: (36, 56.35644620656967, {'accuracy': 0.578}, 35.66501958400477)
[2026-01-11 13:08:32,389][flwr][DEBUG] - evaluate_round 36: strategy sampled 100 clients (out of 100)
[2026-01-11 13:08:32,765][flwr][DEBUG] - evaluate_round 36 received 100 results and 0 failures
[2026-01-11 13:08:32,765][flwr][DEBUG] - fit_round 37: strategy sampled 100 clients (out of 100)
[2026-01-11 13:08:33,156][flwr][DEBUG] - fit_round 37 received 100 results and 0 failures
[2026-01-11 13:08:33,209][flwr][INFO] - fit progress: (37, 55.94604343175888, {'accuracy': 0.5815}, 36.48518004200014)
[2026-01-11 13:08:33,209][flwr][DEBUG] - evaluate_round 37: strategy sampled 100 clients (out of 100)
[2026-01-11 13:08:33,577][flwr][DEBUG] - evaluate_round 37 received 100 results and 0 failures
[2026-01-11 13:08:33,577][flwr][DEBUG] - fit_round 38: strategy sampled 100 clients (out of 100)
[2026-01-11 13:08:34,882][flwr][DEBUG] - fit_round 38 received 100 results and 0 failures
[2026-01-11 13:08:34,945][flwr][INFO] - fit progress: (38, 55.53444594144821, {'accuracy': 0.585}, 38.22168183399481)
[2026-01-11 13:08:34,946][flwr][DEBUG] - evaluate_round 38: strategy sampled 100 clients (out of 100)
[2026-01-11 13:08:35,423][flwr][DEBUG] - evaluate_round 38 received 100 results and 0 failures
[2026-01-11 13:08:35,424][flwr][DEBUG] - fit_round 39: strategy sampled 100 clients (out of 100)
[2026-01-11 13:08:35,938][flwr][DEBUG] - fit_round 39 received 100 results and 0 failures
[2026-01-11 13:08:35,991][flwr][INFO] - fit progress: (39, 55.135517835617065, {'accuracy': 0.586}, 39.26772154199716)
[2026-01-11 13:08:35,992][flwr][DEBUG] - evaluate_round 39: strategy sampled 100 clients (out of 100)
[2026-01-11 13:08:36,377][flwr][DEBUG] - evaluate_round 39 received 100 results and 0 failures
[2026-01-11 13:08:36,378][flwr][DEBUG] - fit_round 40: strategy sampled 100 clients (out of 100)
[2026-01-11 13:08:36,786][flwr][DEBUG] - fit_round 40 received 100 results and 0 failures
[2026-01-11 13:08:36,839][flwr][INFO] - fit progress: (40, 54.75366646051407, {'accuracy': 0.5895}, 40.11489608400734)
[2026-01-11 13:08:36,839][flwr][DEBUG] - evaluate_round 40: strategy sampled 100 clients (out of 100)
[2026-01-11 13:08:37,213][flwr][DEBUG] - evaluate_round 40 received 100 results and 0 failures
[2026-01-11 13:08:37,213][flwr][DEBUG] - fit_round 41: strategy sampled 100 clients (out of 100)
[2026-01-11 13:08:37,614][flwr][DEBUG] - fit_round 41 received 100 results and 0 failures
[2026-01-11 13:08:37,668][flwr][INFO] - fit progress: (41, 54.406750321388245, {'accuracy': 0.591}, 40.94415925000794)
[2026-01-11 13:08:37,668][flwr][DEBUG] - evaluate_round 41: strategy sampled 100 clients (out of 100)
[2026-01-11 13:08:38,155][flwr][DEBUG] - evaluate_round 41 received 100 results and 0 failures
[2026-01-11 13:08:38,155][flwr][DEBUG] - fit_round 42: strategy sampled 100 clients (out of 100)
[2026-01-11 13:08:38,585][flwr][DEBUG] - fit_round 42 received 100 results and 0 failures
[2026-01-11 13:08:38,638][flwr][INFO] - fit progress: (42, 54.06275248527527, {'accuracy': 0.593}, 41.9146290839999)
[2026-01-11 13:08:38,639][flwr][DEBUG] - evaluate_round 42: strategy sampled 100 clients (out of 100)
[2026-01-11 13:08:39,112][flwr][DEBUG] - evaluate_round 42 received 100 results and 0 failures
[2026-01-11 13:08:39,113][flwr][DEBUG] - fit_round 43: strategy sampled 100 clients (out of 100)
[2026-01-11 13:08:39,552][flwr][DEBUG] - fit_round 43 received 100 results and 0 failures
[2026-01-11 13:08:39,605][flwr][INFO] - fit progress: (43, 53.739782989025116, {'accuracy': 0.593}, 42.881512874999316)
[2026-01-11 13:08:39,605][flwr][DEBUG] - evaluate_round 43: strategy sampled 100 clients (out of 100)
[2026-01-11 13:08:40,091][flwr][DEBUG] - evaluate_round 43 received 100 results and 0 failures
[2026-01-11 13:08:40,091][flwr][DEBUG] - fit_round 44: strategy sampled 100 clients (out of 100)
[2026-01-11 13:08:40,545][flwr][DEBUG] - fit_round 44 received 100 results and 0 failures
[2026-01-11 13:08:40,605][flwr][INFO] - fit progress: (44, 53.43069463968277, {'accuracy': 0.592}, 43.88091604200599)
[2026-01-11 13:08:40,605][flwr][DEBUG] - evaluate_round 44: strategy sampled 100 clients (out of 100)
[2026-01-11 13:08:40,982][flwr][DEBUG] - evaluate_round 44 received 100 results and 0 failures
[2026-01-11 13:08:40,983][flwr][DEBUG] - fit_round 45: strategy sampled 100 clients (out of 100)
[2026-01-11 13:08:41,440][flwr][DEBUG] - fit_round 45 received 100 results and 0 failures
[2026-01-11 13:08:41,489][flwr][INFO] - fit progress: (45, 53.13886350393295, {'accuracy': 0.591}, 44.76542416699522)
[2026-01-11 13:08:41,489][flwr][DEBUG] - evaluate_round 45: strategy sampled 100 clients (out of 100)
[2026-01-11 13:08:41,917][flwr][DEBUG] - evaluate_round 45 received 100 results and 0 failures
[2026-01-11 13:08:41,918][flwr][DEBUG] - fit_round 46: strategy sampled 100 clients (out of 100)
[2026-01-11 13:08:42,343][flwr][DEBUG] - fit_round 46 received 100 results and 0 failures
[2026-01-11 13:08:42,394][flwr][INFO] - fit progress: (46, 52.85591161251068, {'accuracy': 0.5935}, 45.67036541699781)
[2026-01-11 13:08:42,394][flwr][DEBUG] - evaluate_round 46: strategy sampled 100 clients (out of 100)
[2026-01-11 13:08:42,758][flwr][DEBUG] - evaluate_round 46 received 100 results and 0 failures
[2026-01-11 13:08:42,758][flwr][DEBUG] - fit_round 47: strategy sampled 100 clients (out of 100)
[2026-01-11 13:08:43,176][flwr][DEBUG] - fit_round 47 received 100 results and 0 failures
[2026-01-11 13:08:43,236][flwr][INFO] - fit progress: (47, 52.58951652050018, {'accuracy': 0.595}, 46.51202212499629)
[2026-01-11 13:08:43,236][flwr][DEBUG] - evaluate_round 47: strategy sampled 100 clients (out of 100)
[2026-01-11 13:08:43,642][flwr][DEBUG] - evaluate_round 47 received 100 results and 0 failures
[2026-01-11 13:08:43,643][flwr][DEBUG] - fit_round 48: strategy sampled 100 clients (out of 100)
[2026-01-11 13:08:44,101][flwr][DEBUG] - fit_round 48 received 100 results and 0 failures
[2026-01-11 13:08:44,153][flwr][INFO] - fit progress: (48, 52.35400611162186, {'accuracy': 0.596}, 47.429638708999846)
[2026-01-11 13:08:44,154][flwr][DEBUG] - evaluate_round 48: strategy sampled 100 clients (out of 100)
[2026-01-11 13:08:44,540][flwr][DEBUG] - evaluate_round 48 received 100 results and 0 failures
[2026-01-11 13:08:44,540][flwr][DEBUG] - fit_round 49: strategy sampled 100 clients (out of 100)
[2026-01-11 13:08:44,953][flwr][DEBUG] - fit_round 49 received 100 results and 0 failures
[2026-01-11 13:08:45,005][flwr][INFO] - fit progress: (49, 52.13171809911728, {'accuracy': 0.597}, 48.28144350000366)
[2026-01-11 13:08:45,005][flwr][DEBUG] - evaluate_round 49: strategy sampled 100 clients (out of 100)
[2026-01-11 13:08:45,426][flwr][DEBUG] - evaluate_round 49 received 100 results and 0 failures
[2026-01-11 13:08:45,426][flwr][DEBUG] - fit_round 50: strategy sampled 100 clients (out of 100)
[2026-01-11 13:08:45,914][flwr][DEBUG] - fit_round 50 received 100 results and 0 failures
[2026-01-11 13:08:45,968][flwr][INFO] - fit progress: (50, 51.91808611154556, {'accuracy': 0.5975}, 49.24435154200182)
[2026-01-11 13:08:45,968][flwr][DEBUG] - evaluate_round 50: strategy sampled 100 clients (out of 100)
[2026-01-11 13:08:46,351][flwr][DEBUG] - evaluate_round 50 received 100 results and 0 failures
[2026-01-11 13:08:46,352][flwr][INFO] - FL finished in 49.62806883400481
[2026-01-11 13:08:46,354][flwr][INFO] - app_fit: losses_distributed [(1, 1.068610309874086), (2, 1.0594289583158276), (3, 1.0516989691412613), (4, 1.0453127344653486), (5, 1.0399023710184445), (6, 1.0353876624817717), (7, 1.0314768908979142), (8, 1.0280037887700617), (9, 1.0248451475819496), (10, 1.0219239107413924), (11, 1.0191668397555613), (12, 1.016516999532915), (13, 1.0139172781071706), (14, 1.011351698984022), (15, 1.0087700428687818), (16, 1.006055278354856), (17, 1.003219235059061), (18, 1.000297847097595), (19, 0.997259548707912), (20, 0.9939771801845668), (21, 0.9903652417605326), (22, 0.9866516667345887), (23, 0.9824349356976818), (24, 0.9779777195831957), (25, 0.9731951118127941), (26, 0.9681424564558622), (27, 0.9627824525378611), (28, 0.9571887039702777), (29, 0.9513103558456517), (30, 0.9451215817980027), (31, 0.938823075191071), (32, 0.9323507133343992), (33, 0.9258663287581919), (34, 0.919282563711138), (35, 0.9128957772840104), (36, 0.9065580452754073), (37, 0.9002671094109479), (38, 0.8939305516002385), (39, 0.8877631078503992), (40, 0.8818512647051245), (41, 0.8764743507929045), (42, 0.8711260955559609), (43, 0.8660905594559021), (44, 0.8612600463574336), (45, 0.8566907451033048), (46, 0.8522604422210014), (47, 0.8480762849863805), (48, 0.8443649009414459), (49, 0.8408603083053136), (50, 0.8374845696502624)]
[2026-01-11 13:08:46,354][flwr][INFO] - app_fit: metrics_distributed_fit {}
[2026-01-11 13:08:46,354][flwr][INFO] - app_fit: metrics_distributed {}
[2026-01-11 13:08:46,354][flwr][INFO] - app_fit: losses_centralized [(0, 68.07474291324615), (1, 67.36546552181244), (2, 66.76129961013794), (3, 66.24889647960663), (4, 65.82162940502167), (5, 65.45410144329071), (6, 65.14396905899048), (7, 64.87375342845917), (8, 64.63059830665588), (9, 64.40847307443619), (10, 64.20144486427307), (11, 64.00477409362793), (12, 63.81586682796478), (13, 63.629376232624054), (14, 63.44672334194183), (15, 63.26292610168457), (16, 63.07068467140198), (17, 62.870228826999664), (18, 62.663162529468536), (19, 62.44883620738983), (20, 62.220242619514465), (21, 61.9725056886673), (22, 61.718043863773346), (23, 61.43031120300293), (24, 61.12711125612259), (25, 60.802313446998596), (26, 60.461099445819855), (27, 60.09730380773544), (28, 59.718169927597046), (29, 59.32202744483948), (30, 58.90704756975174), (31, 58.48703098297119), (32, 58.05692571401596), (33, 57.627193331718445), (34, 57.192031383514404), (35, 56.772398352622986), (36, 56.35644620656967), (37, 55.94604343175888), (38, 55.53444594144821), (39, 55.135517835617065), (40, 54.75366646051407), (41, 54.406750321388245), (42, 54.06275248527527), (43, 53.739782989025116), (44, 53.43069463968277), (45, 53.13886350393295), (46, 52.85591161251068), (47, 52.58951652050018), (48, 52.35400611162186), (49, 52.13171809911728), (50, 51.91808611154556)]
[2026-01-11 13:08:46,354][flwr][INFO] - app_fit: metrics_centralized {'accuracy': [(0, 0.507), (1, 0.507), (2, 0.507), (3, 0.507), (4, 0.507), (5, 0.507), (6, 0.507), (7, 0.507), (8, 0.507), (9, 0.507), (10, 0.507), (11, 0.507), (12, 0.507), (13, 0.5075), (14, 0.5075), (15, 0.508), (16, 0.5085), (17, 0.5085), (18, 0.5095), (19, 0.5115), (20, 0.514), (21, 0.5155), (22, 0.5175), (23, 0.518), (24, 0.5195), (25, 0.5215), (26, 0.525), (27, 0.53), (28, 0.5345), (29, 0.543), (30, 0.5475), (31, 0.555), (32, 0.5635), (33, 0.5685), (34, 0.5745), (35, 0.579), (36, 0.578), (37, 0.5815), (38, 0.585), (39, 0.586), (40, 0.5895), (41, 0.591), (42, 0.593), (43, 0.593), (44, 0.592), (45, 0.591), (46, 0.5935), (47, 0.595), (48, 0.596), (49, 0.597), (50, 0.5975)]}
[2026-01-11 13:08:46,392][flwr][INFO] - Starting Flower simulation, config: ServerConfig(num_rounds=50, round_timeout=None)
[2026-01-11 13:08:53,896][flwr][INFO] - Flower VCE: Ray initialized with resources: {'node:127.0.0.1': 1.0, 'memory': 12419027354.0, 'CPU': 10.0, 'object_store_memory': 2147483648.0}
[2026-01-11 13:08:53,898][flwr][INFO] - Initializing global parameters
[2026-01-11 13:08:53,898][flwr][INFO] - Using initial parameters provided by strategy
[2026-01-11 13:08:53,898][flwr][INFO] - Evaluating initial parameters
[2026-01-11 13:08:53,925][flwr][INFO] - initial parameters (loss, other metrics): 67.88411092758179, {'accuracy': 0.3585, 'adaptive_mu': 0.1}
[2026-01-11 13:08:53,925][flwr][INFO] - FL starting
[2026-01-11 13:08:53,926][flwr][DEBUG] - fit_round 1: strategy sampled 100 clients (out of 100)
[2026-01-11 13:08:58,776][flwr][DEBUG] - fit_round 1 received 100 results and 0 failures
[2026-01-11 13:08:58,817][flwr][WARNING] - No fit_metrics_aggregation_fn provided
[2026-01-11 13:08:58,878][flwr][INFO] - fit progress: (1, 67.08469295501709, {'accuracy': 0.5055, 'adaptive_mu': 0.1}, 4.952608791994862)
[2026-01-11 13:08:58,878][flwr][DEBUG] - evaluate_round 1: strategy sampled 100 clients (out of 100)
[2026-01-11 13:08:59,306][flwr][DEBUG] - evaluate_round 1 received 100 results and 0 failures
[2026-01-11 13:08:59,307][flwr][WARNING] - No evaluate_metrics_aggregation_fn provided
[2026-01-11 13:08:59,307][flwr][DEBUG] - fit_round 2: strategy sampled 100 clients (out of 100)
[2026-01-11 13:08:59,784][flwr][DEBUG] - fit_round 2 received 100 results and 0 failures
[2026-01-11 13:08:59,870][flwr][INFO] - fit progress: (2, 66.4603266119957, {'accuracy': 0.5075, 'adaptive_mu': 0.1}, 5.94439487499767)
[2026-01-11 13:08:59,870][flwr][DEBUG] - evaluate_round 2: strategy sampled 100 clients (out of 100)
[2026-01-11 13:09:00,259][flwr][DEBUG] - evaluate_round 2 received 100 results and 0 failures
[2026-01-11 13:09:00,259][flwr][DEBUG] - fit_round 3: strategy sampled 100 clients (out of 100)
[2026-01-11 13:09:00,699][flwr][DEBUG] - fit_round 3 received 100 results and 0 failures
[2026-01-11 13:09:00,783][flwr][INFO] - fit progress: (3, 65.96593713760376, {'accuracy': 0.508, 'adaptive_mu': 0.1}, 6.858164833000046)
[2026-01-11 13:09:00,784][flwr][DEBUG] - evaluate_round 3: strategy sampled 100 clients (out of 100)
[2026-01-11 13:09:01,151][flwr][DEBUG] - evaluate_round 3 received 100 results and 0 failures
[2026-01-11 13:09:01,151][flwr][DEBUG] - fit_round 4: strategy sampled 100 clients (out of 100)
[2026-01-11 13:09:01,707][flwr][DEBUG] - fit_round 4 received 100 results and 0 failures
[2026-01-11 13:09:01,797][flwr][INFO] - fit progress: (4, 65.56362962722778, {'accuracy': 0.508, 'adaptive_mu': 0.12087215918781091}, 7.871428707992891)
[2026-01-11 13:09:01,797][flwr][DEBUG] - evaluate_round 4: strategy sampled 100 clients (out of 100)
[2026-01-11 13:09:02,171][flwr][DEBUG] - evaluate_round 4 received 100 results and 0 failures
[2026-01-11 13:09:02,172][flwr][DEBUG] - fit_round 5: strategy sampled 100 clients (out of 100)
[2026-01-11 13:09:02,614][flwr][DEBUG] - fit_round 5 received 100 results and 0 failures
[2026-01-11 13:09:02,699][flwr][INFO] - fit progress: (5, 65.23759657144547, {'accuracy': 0.508, 'adaptive_mu': 0.1354595378778553}, 8.773806707991753)
[2026-01-11 13:09:02,699][flwr][DEBUG] - evaluate_round 5: strategy sampled 100 clients (out of 100)
[2026-01-11 13:09:03,068][flwr][DEBUG] - evaluate_round 5 received 100 results and 0 failures
[2026-01-11 13:09:03,068][flwr][DEBUG] - fit_round 6: strategy sampled 100 clients (out of 100)
[2026-01-11 13:09:03,487][flwr][DEBUG] - fit_round 6 received 100 results and 0 failures
[2026-01-11 13:09:03,570][flwr][INFO] - fit progress: (6, 64.96930819749832, {'accuracy': 0.508, 'adaptive_mu': 0.14551990873187362}, 9.64472308299446)
[2026-01-11 13:09:03,570][flwr][DEBUG] - evaluate_round 6: strategy sampled 100 clients (out of 100)
[2026-01-11 13:09:03,945][flwr][DEBUG] - evaluate_round 6 received 100 results and 0 failures
[2026-01-11 13:09:03,945][flwr][DEBUG] - fit_round 7: strategy sampled 100 clients (out of 100)
[2026-01-11 13:09:04,375][flwr][DEBUG] - fit_round 7 received 100 results and 0 failures
[2026-01-11 13:09:04,461][flwr][INFO] - fit progress: (7, 64.74716830253601, {'accuracy': 0.5075, 'adaptive_mu': 0.15243589332525567}, 10.535476749995723)
[2026-01-11 13:09:04,461][flwr][DEBUG] - evaluate_round 7: strategy sampled 100 clients (out of 100)
[2026-01-11 13:09:04,841][flwr][DEBUG] - evaluate_round 7 received 100 results and 0 failures
[2026-01-11 13:09:04,842][flwr][DEBUG] - fit_round 8: strategy sampled 100 clients (out of 100)
[2026-01-11 13:09:05,275][flwr][DEBUG] - fit_round 8 received 100 results and 0 failures
[2026-01-11 13:09:05,356][flwr][INFO] - fit progress: (8, 64.55365628004074, {'accuracy': 0.508, 'adaptive_mu': 0.1572001693487985}, 11.430833124992205)
[2026-01-11 13:09:05,356][flwr][DEBUG] - evaluate_round 8: strategy sampled 100 clients (out of 100)
[2026-01-11 13:09:05,766][flwr][DEBUG] - evaluate_round 8 received 100 results and 0 failures
[2026-01-11 13:09:05,766][flwr][DEBUG] - fit_round 9: strategy sampled 100 clients (out of 100)
[2026-01-11 13:09:06,197][flwr][DEBUG] - fit_round 9 received 100 results and 0 failures
[2026-01-11 13:09:06,283][flwr][INFO] - fit progress: (9, 64.38451886177063, {'accuracy': 0.508, 'adaptive_mu': 0.16048016602069473}, 12.35824237500492)
[2026-01-11 13:09:06,284][flwr][DEBUG] - evaluate_round 9: strategy sampled 100 clients (out of 100)
[2026-01-11 13:09:06,652][flwr][DEBUG] - evaluate_round 9 received 100 results and 0 failures
[2026-01-11 13:09:06,653][flwr][DEBUG] - fit_round 10: strategy sampled 100 clients (out of 100)
[2026-01-11 13:09:07,098][flwr][DEBUG] - fit_round 10 received 100 results and 0 failures
[2026-01-11 13:09:07,180][flwr][INFO] - fit progress: (10, 64.2289908528328, {'accuracy': 0.508, 'adaptive_mu': 0.16276857134657882}, 13.254648000001907)
[2026-01-11 13:09:07,180][flwr][DEBUG] - evaluate_round 10: strategy sampled 100 clients (out of 100)
[2026-01-11 13:09:07,545][flwr][DEBUG] - evaluate_round 10 received 100 results and 0 failures
[2026-01-11 13:09:07,546][flwr][DEBUG] - fit_round 11: strategy sampled 100 clients (out of 100)
[2026-01-11 13:09:07,968][flwr][DEBUG] - fit_round 11 received 100 results and 0 failures
[2026-01-11 13:09:08,049][flwr][INFO] - fit progress: (11, 64.08647930622101, {'accuracy': 0.508, 'adaptive_mu': 0.1643764971041437}, 14.124099458000273)
[2026-01-11 13:09:08,050][flwr][DEBUG] - evaluate_round 11: strategy sampled 100 clients (out of 100)
[2026-01-11 13:09:08,465][flwr][DEBUG] - evaluate_round 11 received 100 results and 0 failures
[2026-01-11 13:09:08,466][flwr][DEBUG] - fit_round 12: strategy sampled 100 clients (out of 100)
[2026-01-11 13:09:08,990][flwr][DEBUG] - fit_round 12 received 100 results and 0 failures
[2026-01-11 13:09:09,084][flwr][INFO] - fit progress: (12, 63.947886288166046, {'accuracy': 0.508, 'adaptive_mu': 0.16548247810844346}, 15.159055875003105)
[2026-01-11 13:09:09,085][flwr][DEBUG] - evaluate_round 12: strategy sampled 100 clients (out of 100)
[2026-01-11 13:09:09,563][flwr][DEBUG] - evaluate_round 12 received 100 results and 0 failures
[2026-01-11 13:09:09,564][flwr][DEBUG] - fit_round 13: strategy sampled 100 clients (out of 100)
[2026-01-11 13:09:10,032][flwr][DEBUG] - fit_round 13 received 100 results and 0 failures
[2026-01-11 13:09:10,114][flwr][INFO] - fit progress: (13, 63.8075994849205, {'accuracy': 0.5085, 'adaptive_mu': 0.166336982236777}, 16.18867395799316)
[2026-01-11 13:09:10,114][flwr][DEBUG] - evaluate_round 13: strategy sampled 100 clients (out of 100)
[2026-01-11 13:09:10,497][flwr][DEBUG] - evaluate_round 13 received 100 results and 0 failures
[2026-01-11 13:09:10,498][flwr][DEBUG] - fit_round 14: strategy sampled 100 clients (out of 100)
[2026-01-11 13:09:10,951][flwr][DEBUG] - fit_round 14 received 100 results and 0 failures
[2026-01-11 13:09:11,034][flwr][INFO] - fit progress: (14, 63.65804970264435, {'accuracy': 0.51, 'adaptive_mu': 0.16694410669189938}, 17.10898720800469)
[2026-01-11 13:09:11,034][flwr][DEBUG] - evaluate_round 14: strategy sampled 100 clients (out of 100)
[2026-01-11 13:09:11,403][flwr][DEBUG] - evaluate_round 14 received 100 results and 0 failures
[2026-01-11 13:09:11,403][flwr][DEBUG] - fit_round 15: strategy sampled 100 clients (out of 100)
[2026-01-11 13:09:11,876][flwr][DEBUG] - fit_round 15 received 100 results and 0 failures
[2026-01-11 13:09:11,961][flwr][INFO] - fit progress: (15, 63.50817769765854, {'accuracy': 0.51, 'adaptive_mu': 0.1673942513598647}, 18.036167707992718)
[2026-01-11 13:09:11,962][flwr][DEBUG] - evaluate_round 15: strategy sampled 100 clients (out of 100)
[2026-01-11 13:09:12,326][flwr][DEBUG] - evaluate_round 15 received 100 results and 0 failures
[2026-01-11 13:09:12,326][flwr][DEBUG] - fit_round 16: strategy sampled 100 clients (out of 100)
[2026-01-11 13:09:12,775][flwr][DEBUG] - fit_round 16 received 100 results and 0 failures
[2026-01-11 13:09:12,968][flwr][INFO] - fit progress: (16, 63.33890128135681, {'accuracy': 0.5105, 'adaptive_mu': 0.16773470126259565}, 19.04317008299404)
[2026-01-11 13:09:12,969][flwr][DEBUG] - evaluate_round 16: strategy sampled 100 clients (out of 100)
[2026-01-11 13:09:13,344][flwr][DEBUG] - evaluate_round 16 received 100 results and 0 failures
[2026-01-11 13:09:13,345][flwr][DEBUG] - fit_round 17: strategy sampled 100 clients (out of 100)
[2026-01-11 13:09:13,776][flwr][DEBUG] - fit_round 17 received 100 results and 0 failures
[2026-01-11 13:09:13,861][flwr][INFO] - fit progress: (17, 63.15810024738312, {'accuracy': 0.5115, 'adaptive_mu': 0.1680298462516279}, 19.93522299999313)
[2026-01-11 13:09:13,861][flwr][DEBUG] - evaluate_round 17: strategy sampled 100 clients (out of 100)
[2026-01-11 13:09:14,259][flwr][DEBUG] - evaluate_round 17 received 100 results and 0 failures
[2026-01-11 13:09:14,259][flwr][DEBUG] - fit_round 18: strategy sampled 100 clients (out of 100)
[2026-01-11 13:09:14,711][flwr][DEBUG] - fit_round 18 received 100 results and 0 failures
[2026-01-11 13:09:14,802][flwr][INFO] - fit progress: (18, 62.96287250518799, {'accuracy': 0.5125, 'adaptive_mu': 0.16832095239638492}, 20.876465875000576)
[2026-01-11 13:09:14,802][flwr][DEBUG] - evaluate_round 18: strategy sampled 100 clients (out of 100)
[2026-01-11 13:09:15,195][flwr][DEBUG] - evaluate_round 18 received 100 results and 0 failures
[2026-01-11 13:09:15,196][flwr][DEBUG] - fit_round 19: strategy sampled 100 clients (out of 100)
[2026-01-11 13:09:15,674][flwr][DEBUG] - fit_round 19 received 100 results and 0 failures
[2026-01-11 13:09:15,763][flwr][INFO] - fit progress: (19, 62.75370103120804, {'accuracy': 0.515, 'adaptive_mu': 0.16859833570667493}, 21.837688750005327)
[2026-01-11 13:09:15,763][flwr][DEBUG] - evaluate_round 19: strategy sampled 100 clients (out of 100)
[2026-01-11 13:09:16,218][flwr][DEBUG] - evaluate_round 19 received 100 results and 0 failures
[2026-01-11 13:09:16,219][flwr][DEBUG] - fit_round 20: strategy sampled 100 clients (out of 100)
[2026-01-11 13:09:16,678][flwr][DEBUG] - fit_round 20 received 100 results and 0 failures
[2026-01-11 13:09:16,763][flwr][INFO] - fit progress: (20, 62.52018165588379, {'accuracy': 0.5165, 'adaptive_mu': 0.16887204760087557}, 22.837883500003954)
[2026-01-11 13:09:16,764][flwr][DEBUG] - evaluate_round 20: strategy sampled 100 clients (out of 100)
[2026-01-11 13:09:17,139][flwr][DEBUG] - evaluate_round 20 received 100 results and 0 failures
[2026-01-11 13:09:17,140][flwr][DEBUG] - fit_round 21: strategy sampled 100 clients (out of 100)
[2026-01-11 13:09:17,592][flwr][DEBUG] - fit_round 21 received 100 results and 0 failures
[2026-01-11 13:09:17,681][flwr][INFO] - fit progress: (21, 62.262618362903595, {'accuracy': 0.5185, 'adaptive_mu': 0.16913396086215204}, 23.755972792001558)
[2026-01-11 13:09:17,682][flwr][DEBUG] - evaluate_round 21: strategy sampled 100 clients (out of 100)
[2026-01-11 13:09:18,116][flwr][DEBUG] - evaluate_round 21 received 100 results and 0 failures
[2026-01-11 13:09:18,117][flwr][DEBUG] - fit_round 22: strategy sampled 100 clients (out of 100)
[2026-01-11 13:09:18,525][flwr][DEBUG] - fit_round 22 received 100 results and 0 failures
[2026-01-11 13:09:18,608][flwr][INFO] - fit progress: (22, 61.98995691537857, {'accuracy': 0.5205, 'adaptive_mu': 0.1694083431557251}, 24.682536624997738)
[2026-01-11 13:09:18,608][flwr][DEBUG] - evaluate_round 22: strategy sampled 100 clients (out of 100)
[2026-01-11 13:09:18,987][flwr][DEBUG] - evaluate_round 22 received 100 results and 0 failures
[2026-01-11 13:09:18,987][flwr][DEBUG] - fit_round 23: strategy sampled 100 clients (out of 100)
[2026-01-11 13:09:19,498][flwr][DEBUG] - fit_round 23 received 100 results and 0 failures
[2026-01-11 13:09:19,580][flwr][INFO] - fit progress: (23, 61.69000655412674, {'accuracy': 0.524, 'adaptive_mu': 0.16965710956757712}, 25.654540624993388)
[2026-01-11 13:09:19,580][flwr][DEBUG] - evaluate_round 23: strategy sampled 100 clients (out of 100)
[2026-01-11 13:09:19,973][flwr][DEBUG] - evaluate_round 23 received 100 results and 0 failures
[2026-01-11 13:09:19,974][flwr][DEBUG] - fit_round 24: strategy sampled 100 clients (out of 100)
[2026-01-11 13:09:20,423][flwr][DEBUG] - fit_round 24 received 100 results and 0 failures
[2026-01-11 13:09:20,506][flwr][INFO] - fit progress: (24, 61.37481713294983, {'accuracy': 0.5265, 'adaptive_mu': 0.16994777973071784}, 26.580188207997708)
[2026-01-11 13:09:20,506][flwr][DEBUG] - evaluate_round 24: strategy sampled 100 clients (out of 100)
[2026-01-11 13:09:20,966][flwr][DEBUG] - evaluate_round 24 received 100 results and 0 failures
[2026-01-11 13:09:20,966][flwr][DEBUG] - fit_round 25: strategy sampled 100 clients (out of 100)
[2026-01-11 13:09:21,390][flwr][DEBUG] - fit_round 25 received 100 results and 0 failures
[2026-01-11 13:09:21,473][flwr][INFO] - fit progress: (25, 61.045824348926544, {'accuracy': 0.531, 'adaptive_mu': 0.17019633364596848}, 27.54782987499493)
[2026-01-11 13:09:21,473][flwr][DEBUG] - evaluate_round 25: strategy sampled 100 clients (out of 100)
[2026-01-11 13:09:21,837][flwr][DEBUG] - evaluate_round 25 received 100 results and 0 failures
[2026-01-11 13:09:21,838][flwr][DEBUG] - fit_round 26: strategy sampled 100 clients (out of 100)
[2026-01-11 13:09:22,272][flwr][DEBUG] - fit_round 26 received 100 results and 0 failures
[2026-01-11 13:09:22,354][flwr][INFO] - fit progress: (26, 60.69035893678665, {'accuracy': 0.5335, 'adaptive_mu': 0.17047967348977006}, 28.428644291998353)
[2026-01-11 13:09:22,354][flwr][DEBUG] - evaluate_round 26: strategy sampled 100 clients (out of 100)
[2026-01-11 13:09:22,731][flwr][DEBUG] - evaluate_round 26 received 100 results and 0 failures
[2026-01-11 13:09:22,731][flwr][DEBUG] - fit_round 27: strategy sampled 100 clients (out of 100)
[2026-01-11 13:09:23,226][flwr][DEBUG] - fit_round 27 received 100 results and 0 failures
[2026-01-11 13:09:23,309][flwr][INFO] - fit progress: (27, 60.310113966464996, {'accuracy': 0.5385, 'adaptive_mu': 0.1707776239188937}, 29.384062625002116)
[2026-01-11 13:09:23,310][flwr][DEBUG] - evaluate_round 27: strategy sampled 100 clients (out of 100)
[2026-01-11 13:09:23,681][flwr][DEBUG] - evaluate_round 27 received 100 results and 0 failures
[2026-01-11 13:09:23,681][flwr][DEBUG] - fit_round 28: strategy sampled 100 clients (out of 100)
[2026-01-11 13:09:24,109][flwr][DEBUG] - fit_round 28 received 100 results and 0 failures
[2026-01-11 13:09:24,192][flwr][INFO] - fit progress: (28, 59.92524611949921, {'accuracy': 0.544, 'adaptive_mu': 0.17106943579160008}, 30.266724041997804)
[2026-01-11 13:09:24,192][flwr][DEBUG] - evaluate_round 28: strategy sampled 100 clients (out of 100)
[2026-01-11 13:09:24,554][flwr][DEBUG] - evaluate_round 28 received 100 results and 0 failures
[2026-01-11 13:09:24,555][flwr][DEBUG] - fit_round 29: strategy sampled 100 clients (out of 100)
[2026-01-11 13:09:24,991][flwr][DEBUG] - fit_round 29 received 100 results and 0 failures
[2026-01-11 13:09:25,093][flwr][INFO] - fit progress: (29, 59.52863568067551, {'accuracy': 0.55, 'adaptive_mu': 0.1713748372355105}, 31.167852875005337)
[2026-01-11 13:09:25,093][flwr][DEBUG] - evaluate_round 29: strategy sampled 100 clients (out of 100)
[2026-01-11 13:09:25,460][flwr][DEBUG] - evaluate_round 29 received 100 results and 0 failures
[2026-01-11 13:09:25,461][flwr][DEBUG] - fit_round 30: strategy sampled 100 clients (out of 100)
[2026-01-11 13:09:25,885][flwr][DEBUG] - fit_round 30 received 100 results and 0 failures
[2026-01-11 13:09:25,977][flwr][INFO] - fit progress: (30, 59.11599636077881, {'accuracy': 0.5565, 'adaptive_mu': 0.17166003295532412}, 32.05154729199421)
[2026-01-11 13:09:25,977][flwr][DEBUG] - evaluate_round 30: strategy sampled 100 clients (out of 100)
[2026-01-11 13:09:26,344][flwr][DEBUG] - evaluate_round 30 received 100 results and 0 failures
[2026-01-11 13:09:26,344][flwr][DEBUG] - fit_round 31: strategy sampled 100 clients (out of 100)
[2026-01-11 13:09:26,787][flwr][DEBUG] - fit_round 31 received 100 results and 0 failures
[2026-01-11 13:09:26,873][flwr][INFO] - fit progress: (31, 58.70449835062027, {'accuracy': 0.5605, 'adaptive_mu': 0.1719304668051992}, 32.94723945799342)
[2026-01-11 13:09:26,873][flwr][DEBUG] - evaluate_round 31: strategy sampled 100 clients (out of 100)
[2026-01-11 13:09:27,244][flwr][DEBUG] - evaluate_round 31 received 100 results and 0 failures
[2026-01-11 13:09:27,244][flwr][DEBUG] - fit_round 32: strategy sampled 100 clients (out of 100)
[2026-01-11 13:09:27,668][flwr][DEBUG] - fit_round 32 received 100 results and 0 failures
[2026-01-11 13:09:27,754][flwr][INFO] - fit progress: (32, 58.28792917728424, {'accuracy': 0.565, 'adaptive_mu': 0.1722101746047778}, 33.82899424999778)
[2026-01-11 13:09:27,755][flwr][DEBUG] - evaluate_round 32: strategy sampled 100 clients (out of 100)
[2026-01-11 13:09:28,146][flwr][DEBUG] - evaluate_round 32 received 100 results and 0 failures
[2026-01-11 13:09:28,147][flwr][DEBUG] - fit_round 33: strategy sampled 100 clients (out of 100)
[2026-01-11 13:09:28,589][flwr][DEBUG] - fit_round 33 received 100 results and 0 failures
[2026-01-11 13:09:28,669][flwr][INFO] - fit progress: (33, 57.86898547410965, {'accuracy': 0.5715, 'adaptive_mu': 0.172486288593389}, 34.74386754199804)
[2026-01-11 13:09:28,670][flwr][DEBUG] - evaluate_round 33: strategy sampled 100 clients (out of 100)
[2026-01-11 13:09:29,035][flwr][DEBUG] - evaluate_round 33 received 100 results and 0 failures
[2026-01-11 13:09:29,035][flwr][DEBUG] - fit_round 34: strategy sampled 100 clients (out of 100)
[2026-01-11 13:09:29,460][flwr][DEBUG] - fit_round 34 received 100 results and 0 failures
[2026-01-11 13:09:29,543][flwr][INFO] - fit progress: (34, 57.47565919160843, {'accuracy': 0.574, 'adaptive_mu': 0.17269866485780216}, 35.61728925000352)
[2026-01-11 13:09:29,543][flwr][DEBUG] - evaluate_round 34: strategy sampled 100 clients (out of 100)
[2026-01-11 13:09:29,922][flwr][DEBUG] - evaluate_round 34 received 100 results and 0 failures
[2026-01-11 13:09:29,922][flwr][DEBUG] - fit_round 35: strategy sampled 100 clients (out of 100)
[2026-01-11 13:09:30,366][flwr][DEBUG] - fit_round 35 received 100 results and 0 failures
[2026-01-11 13:09:30,448][flwr][INFO] - fit progress: (35, 57.071254789829254, {'accuracy': 0.5775, 'adaptive_mu': 0.1729266568265216}, 36.52306704199873)
[2026-01-11 13:09:30,449][flwr][DEBUG] - evaluate_round 35: strategy sampled 100 clients (out of 100)
[2026-01-11 13:09:30,814][flwr][DEBUG] - evaluate_round 35 received 100 results and 0 failures
[2026-01-11 13:09:30,815][flwr][DEBUG] - fit_round 36: strategy sampled 100 clients (out of 100)
[2026-01-11 13:09:31,249][flwr][DEBUG] - fit_round 36 received 100 results and 0 failures
[2026-01-11 13:09:31,333][flwr][INFO] - fit progress: (36, 56.683037519454956, {'accuracy': 0.5815, 'adaptive_mu': 0.1731235109036901}, 37.40770658299152)
[2026-01-11 13:09:31,333][flwr][DEBUG] - evaluate_round 36: strategy sampled 100 clients (out of 100)
[2026-01-11 13:09:31,696][flwr][DEBUG] - evaluate_round 36 received 100 results and 0 failures
[2026-01-11 13:09:31,697][flwr][DEBUG] - fit_round 37: strategy sampled 100 clients (out of 100)
[2026-01-11 13:09:32,119][flwr][DEBUG] - fit_round 37 received 100 results and 0 failures
[2026-01-11 13:09:32,202][flwr][INFO] - fit progress: (37, 56.30737566947937, {'accuracy': 0.584, 'adaptive_mu': 0.17335612559149413}, 38.27624875000038)
[2026-01-11 13:09:32,202][flwr][DEBUG] - evaluate_round 37: strategy sampled 100 clients (out of 100)
[2026-01-11 13:09:32,702][flwr][DEBUG] - evaluate_round 37 received 100 results and 0 failures
[2026-01-11 13:09:32,703][flwr][DEBUG] - fit_round 38: strategy sampled 100 clients (out of 100)
[2026-01-11 13:09:33,135][flwr][DEBUG] - fit_round 38 received 100 results and 0 failures
[2026-01-11 13:09:33,218][flwr][INFO] - fit progress: (38, 55.94933795928955, {'accuracy': 0.586, 'adaptive_mu': 0.17355251834055865}, 39.292787667000084)
[2026-01-11 13:09:33,218][flwr][DEBUG] - evaluate_round 38: strategy sampled 100 clients (out of 100)
[2026-01-11 13:09:33,589][flwr][DEBUG] - evaluate_round 38 received 100 results and 0 failures
[2026-01-11 13:09:33,589][flwr][DEBUG] - fit_round 39: strategy sampled 100 clients (out of 100)
[2026-01-11 13:09:34,005][flwr][DEBUG] - fit_round 39 received 100 results and 0 failures
[2026-01-11 13:09:34,086][flwr][INFO] - fit progress: (39, 55.61899143457413, {'accuracy': 0.587, 'adaptive_mu': 0.17377492545511755}, 40.16109404199233)
[2026-01-11 13:09:34,087][flwr][DEBUG] - evaluate_round 39: strategy sampled 100 clients (out of 100)
[2026-01-11 13:09:34,565][flwr][DEBUG] - evaluate_round 39 received 100 results and 0 failures
[2026-01-11 13:09:34,566][flwr][DEBUG] - fit_round 40: strategy sampled 100 clients (out of 100)
[2026-01-11 13:09:35,015][flwr][DEBUG] - fit_round 40 received 100 results and 0 failures
[2026-01-11 13:09:35,197][flwr][INFO] - fit progress: (40, 55.30363428592682, {'accuracy': 0.587, 'adaptive_mu': 0.17395569577542963}, 41.271144208003534)
[2026-01-11 13:09:35,197][flwr][DEBUG] - evaluate_round 40: strategy sampled 100 clients (out of 100)
[2026-01-11 13:09:35,569][flwr][DEBUG] - evaluate_round 40 received 100 results and 0 failures
[2026-01-11 13:09:35,570][flwr][DEBUG] - fit_round 41: strategy sampled 100 clients (out of 100)
[2026-01-11 13:09:36,017][flwr][DEBUG] - fit_round 41 received 100 results and 0 failures
[2026-01-11 13:09:36,101][flwr][INFO] - fit progress: (41, 55.00485849380493, {'accuracy': 0.5875, 'adaptive_mu': 0.1740435924980825}, 42.175265625002794)
[2026-01-11 13:09:36,101][flwr][DEBUG] - evaluate_round 41: strategy sampled 100 clients (out of 100)
[2026-01-11 13:09:36,469][flwr][DEBUG] - evaluate_round 41 received 100 results and 0 failures
[2026-01-11 13:09:36,470][flwr][DEBUG] - fit_round 42: strategy sampled 100 clients (out of 100)
[2026-01-11 13:09:36,974][flwr][DEBUG] - fit_round 42 received 100 results and 0 failures
[2026-01-11 13:09:37,059][flwr][INFO] - fit progress: (42, 54.72825187444687, {'accuracy': 0.586, 'adaptive_mu': 0.17413671072928266}, 43.13329429199803)
[2026-01-11 13:09:37,059][flwr][DEBUG] - evaluate_round 42: strategy sampled 100 clients (out of 100)
[2026-01-11 13:09:37,422][flwr][DEBUG] - evaluate_round 42 received 100 results and 0 failures
[2026-01-11 13:09:37,422][flwr][DEBUG] - fit_round 43: strategy sampled 100 clients (out of 100)
[2026-01-11 13:09:37,863][flwr][DEBUG] - fit_round 43 received 100 results and 0 failures
[2026-01-11 13:09:37,947][flwr][INFO] - fit progress: (43, 54.45728236436844, {'accuracy': 0.5865, 'adaptive_mu': 0.1742432711800797}, 44.02124049999111)
[2026-01-11 13:09:37,947][flwr][DEBUG] - evaluate_round 43: strategy sampled 100 clients (out of 100)
[2026-01-11 13:09:38,313][flwr][DEBUG] - evaluate_round 43 received 100 results and 0 failures
[2026-01-11 13:09:38,314][flwr][DEBUG] - fit_round 44: strategy sampled 100 clients (out of 100)
[2026-01-11 13:09:38,732][flwr][DEBUG] - fit_round 44 received 100 results and 0 failures
[2026-01-11 13:09:38,818][flwr][INFO] - fit progress: (44, 54.18343597650528, {'accuracy': 0.5865, 'adaptive_mu': 0.17436086672420953}, 44.892438957991544)
[2026-01-11 13:09:38,818][flwr][DEBUG] - evaluate_round 44: strategy sampled 100 clients (out of 100)
[2026-01-11 13:09:39,246][flwr][DEBUG] - evaluate_round 44 received 100 results and 0 failures
[2026-01-11 13:09:39,246][flwr][DEBUG] - fit_round 45: strategy sampled 100 clients (out of 100)
[2026-01-11 13:09:39,747][flwr][DEBUG] - fit_round 45 received 100 results and 0 failures
[2026-01-11 13:09:39,835][flwr][INFO] - fit progress: (45, 53.952074468135834, {'accuracy': 0.588, 'adaptive_mu': 0.17449536755976747}, 45.90921645799244)
[2026-01-11 13:09:39,835][flwr][DEBUG] - evaluate_round 45: strategy sampled 100 clients (out of 100)
[2026-01-11 13:09:40,245][flwr][DEBUG] - evaluate_round 45 received 100 results and 0 failures
[2026-01-11 13:09:40,246][flwr][DEBUG] - fit_round 46: strategy sampled 100 clients (out of 100)
[2026-01-11 13:09:40,758][flwr][DEBUG] - fit_round 46 received 100 results and 0 failures
[2026-01-11 13:09:40,845][flwr][INFO] - fit progress: (46, 53.719568490982056, {'accuracy': 0.5895, 'adaptive_mu': 0.17469676351320249}, 46.91987275000429)
[2026-01-11 13:09:40,846][flwr][DEBUG] - evaluate_round 46: strategy sampled 100 clients (out of 100)
[2026-01-11 13:09:41,216][flwr][DEBUG] - evaluate_round 46 received 100 results and 0 failures
[2026-01-11 13:09:41,216][flwr][DEBUG] - fit_round 47: strategy sampled 100 clients (out of 100)
[2026-01-11 13:09:41,664][flwr][DEBUG] - fit_round 47 received 100 results and 0 failures
[2026-01-11 13:09:41,746][flwr][INFO] - fit progress: (47, 53.50485801696777, {'accuracy': 0.59, 'adaptive_mu': 0.17486985296736074}, 47.8202774169913)
[2026-01-11 13:09:41,746][flwr][DEBUG] - evaluate_round 47: strategy sampled 100 clients (out of 100)
[2026-01-11 13:09:42,122][flwr][DEBUG] - evaluate_round 47 received 100 results and 0 failures
[2026-01-11 13:09:42,122][flwr][DEBUG] - fit_round 48: strategy sampled 100 clients (out of 100)
[2026-01-11 13:09:42,560][flwr][DEBUG] - fit_round 48 received 100 results and 0 failures
[2026-01-11 13:09:42,641][flwr][INFO] - fit progress: (48, 53.29445004463196, {'accuracy': 0.5905, 'adaptive_mu': 0.174870728132205}, 48.71575658299844)
[2026-01-11 13:09:42,641][flwr][DEBUG] - evaluate_round 48: strategy sampled 100 clients (out of 100)
[2026-01-11 13:09:43,006][flwr][DEBUG] - evaluate_round 48 received 100 results and 0 failures
[2026-01-11 13:09:43,007][flwr][DEBUG] - fit_round 49: strategy sampled 100 clients (out of 100)
[2026-01-11 13:09:43,417][flwr][DEBUG] - fit_round 49 received 100 results and 0 failures
[2026-01-11 13:09:43,501][flwr][INFO] - fit progress: (49, 53.102986335754395, {'accuracy': 0.591, 'adaptive_mu': 0.1749871748471139}, 49.57512004200544)
[2026-01-11 13:09:43,501][flwr][DEBUG] - evaluate_round 49: strategy sampled 100 clients (out of 100)
[2026-01-11 13:09:43,879][flwr][DEBUG] - evaluate_round 49 received 100 results and 0 failures
[2026-01-11 13:09:43,879][flwr][DEBUG] - fit_round 50: strategy sampled 100 clients (out of 100)
[2026-01-11 13:09:44,290][flwr][DEBUG] - fit_round 50 received 100 results and 0 failures
[2026-01-11 13:09:44,375][flwr][INFO] - fit progress: (50, 52.90084385871887, {'accuracy': 0.594, 'adaptive_mu': 0.17493570254804552}, 50.449859500004095)
[2026-01-11 13:09:44,376][flwr][DEBUG] - evaluate_round 50: strategy sampled 100 clients (out of 100)
[2026-01-11 13:09:44,747][flwr][DEBUG] - evaluate_round 50 received 100 results and 0 failures
[2026-01-11 13:09:44,747][flwr][INFO] - FL finished in 50.821804249993875
[2026-01-11 13:09:44,748][flwr][INFO] - app_fit: losses_distributed [(1, 1.0659533720378462), (2, 1.0563239988671045), (3, 1.0487373005513732), (4, 1.042613961993287), (5, 1.0376944212608685), (6, 1.033683319240128), (7, 1.0304034855812108), (8, 1.027590668398768), (9, 1.025172884129498), (10, 1.0229811369011936), (11, 1.0209883417440877), (12, 1.0190553011279129), (13, 1.0171183919933833), (14, 1.0150493731101353), (15, 1.0129922961807687), (16, 1.0106644240552431), (17, 1.008167385918909), (18, 1.0054561158633668), (19, 1.0025395918382358), (20, 0.99925542115893), (21, 0.9956175997581111), (22, 0.9917668593392525), (23, 0.9875036514785192), (24, 0.9829905103194659), (25, 0.9782713453315165), (26, 0.9731385063158867), (27, 0.9676164751999998), (28, 0.962005331023643), (29, 0.9561922054176462), (30, 0.9500904430605505), (31, 0.9439670923569975), (32, 0.937712079347813), (33, 0.9313794023710299), (34, 0.9253938466854835), (35, 0.9191950196953125), (36, 0.9132191657203518), (37, 0.907405119440327), (38, 0.9018410917830794), (39, 0.8966895963095095), (40, 0.8917745603886369), (41, 0.8871004767545826), (42, 0.8827641948581286), (43, 0.8785048734447728), (44, 0.8742007549903165), (45, 0.8705499318500632), (46, 0.8668817440940909), (47, 0.8634868707831047), (48, 0.8601712373906074), (49, 0.8571569405870351), (50, 0.8539765495551775)]
[2026-01-11 13:09:44,748][flwr][INFO] - app_fit: metrics_distributed_fit {'adaptive_mu': [(1, 0.1), (2, 0.1), (3, 0.1), (4, 0.12087215918781091), (5, 0.1354595378778553), (6, 0.14551990873187362), (7, 0.15243589332525567), (8, 0.1572001693487985), (9, 0.16048016602069473), (10, 0.16276857134657882), (11, 0.1643764971041437), (12, 0.16548247810844346), (13, 0.166336982236777), (14, 0.16694410669189938), (15, 0.1673942513598647), (16, 0.16773470126259565), (17, 0.1680298462516279), (18, 0.16832095239638492), (19, 0.16859833570667493), (20, 0.16887204760087557), (21, 0.16913396086215204), (22, 0.1694083431557251), (23, 0.16965710956757712), (24, 0.16994777973071784), (25, 0.17019633364596848), (26, 0.17047967348977006), (27, 0.1707776239188937), (28, 0.17106943579160008), (29, 0.1713748372355105), (30, 0.17166003295532412), (31, 0.1719304668051992), (32, 0.1722101746047778), (33, 0.172486288593389), (34, 0.17269866485780216), (35, 0.1729266568265216), (36, 0.1731235109036901), (37, 0.17335612559149413), (38, 0.17355251834055865), (39, 0.17377492545511755), (40, 0.17395569577542963), (41, 0.1740435924980825), (42, 0.17413671072928266), (43, 0.1742432711800797), (44, 0.17436086672420953), (45, 0.17449536755976747), (46, 0.17469676351320249), (47, 0.17486985296736074), (48, 0.174870728132205), (49, 0.1749871748471139), (50, 0.17493570254804552)], 'gradient_divergence': [(1, 0.1942039826407563), (2, 0.18923502650053706), (3, 0.1855488557042554), (4, 0.18385823545744642), (5, 0.18118423404928763), (6, 0.18049575462122447), (7, 0.17967034221044742), (8, 0.1795652093796525), (9, 0.17960449283826166), (10, 0.1804938576929271), (11, 0.18142845761496573), (12, 0.1814778368745465), (13, 0.1839157685765531), (14, 0.18435108100180514), (15, 0.1850269678235054), (16, 0.18559241122333334), (17, 0.18683048888109624), (18, 0.1886867165088188), (19, 0.19019812184618787), (20, 0.19179446004331113), (21, 0.19310978453606367), (22, 0.19484304574201816), (23, 0.19566426729084924), (24, 0.19794557653251105), (25, 0.19844595541711896), (26, 0.20062706277007236), (27, 0.2025199092843104), (28, 0.20396353356540203), (29, 0.20588157169520854), (30, 0.20711672746459953), (31, 0.20842556612915358), (32, 0.210343094340642), (33, 0.21203607869218102), (34, 0.21227423123200423), (35, 0.21427557369461284), (36, 0.2152392620476894), (37, 0.2177590870053973), (38, 0.2188097351475153), (39, 0.2211780479596928), (40, 0.22231010135961696), (41, 0.2218960459390655), (42, 0.22327671434381047), (43, 0.2249070774251595), (44, 0.2264639648096636), (45, 0.22810257971985265), (46, 0.2312137116258964), (47, 0.2324125762586482), (48, 0.22988582165446134), (49, 0.2332616207783576), (50, 0.2302443221968133)], 'avg_label_entropy': [(1, 0.3631197588787999), (2, 0.36311975887880005), (3, 0.36311975887880005), (4, 0.36311975887879994), (5, 0.36311975887880005), (6, 0.36311975887879994), (7, 0.3631197588788001), (8, 0.3631197588787999), (9, 0.36311975887879994), (10, 0.36311975887879994), (11, 0.36311975887879994), (12, 0.36311975887879994), (13, 0.36311975887880005), (14, 0.36311975887880005), (15, 0.3631197588788001), (16, 0.36311975887880005), (17, 0.36311975887880005), (18, 0.36311975887879994), (19, 0.36311975887879994), (20, 0.36311975887880005), (21, 0.36311975887879994), (22, 0.36311975887880005), (23, 0.36311975887880005), (24, 0.36311975887880005), (25, 0.36311975887880005), (26, 0.36311975887880005), (27, 0.36311975887879994), (28, 0.36311975887880005), (29, 0.3631197588787999), (30, 0.3631197588788001), (31, 0.36311975887880005), (32, 0.36311975887879994), (33, 0.36311975887880005), (34, 0.36311975887879994), (35, 0.3631197588788001), (36, 0.36311975887879994), (37, 0.36311975887880005), (38, 0.36311975887879994), (39, 0.36311975887879994), (40, 0.36311975887879994), (41, 0.36311975887879994), (42, 0.36311975887879994), (43, 0.36311975887879994), (44, 0.36311975887879994), (45, 0.36311975887879994), (46, 0.36311975887879994), (47, 0.36311975887880005), (48, 0.36311975887880005), (49, 0.36311975887879994), (50, 0.36311975887880005)], 'avg_feature_variance': [(1, 0.9859666973352432), (2, 0.9859667029976845), (3, 0.9859667056798935), (4, 0.9859666931629181), (5, 0.9859666994214058), (6, 0.9859667012095451), (7, 0.9859666880965233), (8, 0.9859667199850083), (9, 0.9859666919708252), (10, 0.9859666967391968), (11, 0.9859666830301285), (12, 0.9859667080640793), (13, 0.9859666964411735), (14, 0.985966703593731), (15, 0.9859666895866394), (16, 0.9859666955471039), (17, 0.9859666934609413), (18, 0.9859667024016381), (19, 0.98596669703722), (20, 0.9859667095541954), (21, 0.9859667015075684), (22, 0.9859667012095451), (23, 0.9859666880965233), (24, 0.9859667083621025), (25, 0.9859667065739631), (26, 0.9859666892886162), (27, 0.9859667047858238), (28, 0.9859667047858238), (29, 0.9859666937589645), (30, 0.9859666943550109), (31, 0.9859666901826859), (32, 0.9859666848182678), (33, 0.9859666988253594), (34, 0.9859667059779167), (35, 0.9859667110443116), (36, 0.9859667029976845), (37, 0.9859667155146599), (38, 0.9859667080640793), (39, 0.9859667000174522), (40, 0.9859666901826859), (41, 0.9859667003154755), (42, 0.9859667053818703), (43, 0.985966717004776), (44, 0.9859666934609413), (45, 0.9859666955471039), (46, 0.9859666949510575), (47, 0.9859666958451271), (48, 0.9859667107462883), (49, 0.9859667128324509), (50, 0.9859667083621025)]}
[2026-01-11 13:09:44,748][flwr][INFO] - app_fit: metrics_distributed {}
[2026-01-11 13:09:44,748][flwr][INFO] - app_fit: losses_centralized [(0, 67.88411092758179), (1, 67.08469295501709), (2, 66.4603266119957), (3, 65.96593713760376), (4, 65.56362962722778), (5, 65.23759657144547), (6, 64.96930819749832), (7, 64.74716830253601), (8, 64.55365628004074), (9, 64.38451886177063), (10, 64.2289908528328), (11, 64.08647930622101), (12, 63.947886288166046), (13, 63.8075994849205), (14, 63.65804970264435), (15, 63.50817769765854), (16, 63.33890128135681), (17, 63.15810024738312), (18, 62.96287250518799), (19, 62.75370103120804), (20, 62.52018165588379), (21, 62.262618362903595), (22, 61.98995691537857), (23, 61.69000655412674), (24, 61.37481713294983), (25, 61.045824348926544), (26, 60.69035893678665), (27, 60.310113966464996), (28, 59.92524611949921), (29, 59.52863568067551), (30, 59.11599636077881), (31, 58.70449835062027), (32, 58.28792917728424), (33, 57.86898547410965), (34, 57.47565919160843), (35, 57.071254789829254), (36, 56.683037519454956), (37, 56.30737566947937), (38, 55.94933795928955), (39, 55.61899143457413), (40, 55.30363428592682), (41, 55.00485849380493), (42, 54.72825187444687), (43, 54.45728236436844), (44, 54.18343597650528), (45, 53.952074468135834), (46, 53.719568490982056), (47, 53.50485801696777), (48, 53.29445004463196), (49, 53.102986335754395), (50, 52.90084385871887)]
[2026-01-11 13:09:44,749][flwr][INFO] - app_fit: metrics_centralized {'accuracy': [(0, 0.3585), (1, 0.5055), (2, 0.5075), (3, 0.508), (4, 0.508), (5, 0.508), (6, 0.508), (7, 0.5075), (8, 0.508), (9, 0.508), (10, 0.508), (11, 0.508), (12, 0.508), (13, 0.5085), (14, 0.51), (15, 0.51), (16, 0.5105), (17, 0.5115), (18, 0.5125), (19, 0.515), (20, 0.5165), (21, 0.5185), (22, 0.5205), (23, 0.524), (24, 0.5265), (25, 0.531), (26, 0.5335), (27, 0.5385), (28, 0.544), (29, 0.55), (30, 0.5565), (31, 0.5605), (32, 0.565), (33, 0.5715), (34, 0.574), (35, 0.5775), (36, 0.5815), (37, 0.584), (38, 0.586), (39, 0.587), (40, 0.587), (41, 0.5875), (42, 0.586), (43, 0.5865), (44, 0.5865), (45, 0.588), (46, 0.5895), (47, 0.59), (48, 0.5905), (49, 0.591), (50, 0.594)], 'adaptive_mu': [(0, 0.1), (1, 0.1), (2, 0.1), (3, 0.1), (4, 0.12087215918781091), (5, 0.1354595378778553), (6, 0.14551990873187362), (7, 0.15243589332525567), (8, 0.1572001693487985), (9, 0.16048016602069473), (10, 0.16276857134657882), (11, 0.1643764971041437), (12, 0.16548247810844346), (13, 0.166336982236777), (14, 0.16694410669189938), (15, 0.1673942513598647), (16, 0.16773470126259565), (17, 0.1680298462516279), (18, 0.16832095239638492), (19, 0.16859833570667493), (20, 0.16887204760087557), (21, 0.16913396086215204), (22, 0.1694083431557251), (23, 0.16965710956757712), (24, 0.16994777973071784), (25, 0.17019633364596848), (26, 0.17047967348977006), (27, 0.1707776239188937), (28, 0.17106943579160008), (29, 0.1713748372355105), (30, 0.17166003295532412), (31, 0.1719304668051992), (32, 0.1722101746047778), (33, 0.172486288593389), (34, 0.17269866485780216), (35, 0.1729266568265216), (36, 0.1731235109036901), (37, 0.17335612559149413), (38, 0.17355251834055865), (39, 0.17377492545511755), (40, 0.17395569577542963), (41, 0.1740435924980825), (42, 0.17413671072928266), (43, 0.1742432711800797), (44, 0.17436086672420953), (45, 0.17449536755976747), (46, 0.17469676351320249), (47, 0.17486985296736074), (48, 0.174870728132205), (49, 0.1749871748471139), (50, 0.17493570254804552)]}
[2026-01-11 13:09:44,791][flwr][INFO] - Starting Flower simulation, config: ServerConfig(num_rounds=50, round_timeout=None)
[2026-01-11 13:09:51,654][flwr][INFO] - Flower VCE: Ray initialized with resources: {'object_store_memory': 2147483648.0, 'CPU': 10.0, 'memory': 12317975757.0, 'node:127.0.0.1': 1.0}
[2026-01-11 13:09:51,655][flwr][INFO] - Initializing global parameters
[2026-01-11 13:09:51,655][flwr][INFO] - Using initial parameters provided by strategy
[2026-01-11 13:09:51,656][flwr][INFO] - Evaluating initial parameters
[2026-01-11 13:09:51,680][flwr][INFO] - initial parameters (loss, other metrics): 71.80140054225922, {'accuracy': 0.238}
[2026-01-11 13:09:51,680][flwr][INFO] - FL starting
[2026-01-11 13:09:51,681][flwr][DEBUG] - fit_round 1: strategy sampled 10 clients (out of 100)
[2026-01-11 13:09:56,046][flwr][DEBUG] - fit_round 1 received 10 results and 0 failures
[2026-01-11 13:09:56,093][flwr][INFO] - fit progress: (1, 70.08277499675751, {'accuracy': 0.2345}, 4.4133383330045035)
[2026-01-11 13:09:56,093][flwr][INFO] - evaluate_round 1: no clients selected, cancel
[2026-01-11 13:09:56,095][flwr][DEBUG] - fit_round 2: strategy sampled 10 clients (out of 100)
[2026-01-11 13:09:56,217][flwr][DEBUG] - fit_round 2 received 10 results and 0 failures
[2026-01-11 13:09:56,246][flwr][INFO] - fit progress: (2, 72.31972658634186, {'accuracy': 0.2405}, 4.5661074579984415)
[2026-01-11 13:09:56,246][flwr][INFO] - evaluate_round 2: no clients selected, cancel
[2026-01-11 13:09:56,247][flwr][DEBUG] - fit_round 3: strategy sampled 10 clients (out of 100)
[2026-01-11 13:09:56,353][flwr][DEBUG] - fit_round 3 received 10 results and 0 failures
[2026-01-11 13:09:56,379][flwr][INFO] - fit progress: (3, 69.32158124446869, {'accuracy': 0.225}, 4.699493124993751)
[2026-01-11 13:09:56,380][flwr][INFO] - evaluate_round 3: no clients selected, cancel
[2026-01-11 13:09:56,380][flwr][DEBUG] - fit_round 4: strategy sampled 10 clients (out of 100)
[2026-01-11 13:09:56,502][flwr][DEBUG] - fit_round 4 received 10 results and 0 failures
[2026-01-11 13:09:56,527][flwr][INFO] - fit progress: (4, 71.47457945346832, {'accuracy': 0.238}, 4.84734199999366)
[2026-01-11 13:09:56,527][flwr][INFO] - evaluate_round 4: no clients selected, cancel
[2026-01-11 13:09:56,528][flwr][DEBUG] - fit_round 5: strategy sampled 10 clients (out of 100)
[2026-01-11 13:09:56,630][flwr][DEBUG] - fit_round 5 received 10 results and 0 failures
[2026-01-11 13:09:56,655][flwr][INFO] - fit progress: (5, 69.01262497901917, {'accuracy': 0.2725}, 4.975363791993004)
[2026-01-11 13:09:56,655][flwr][INFO] - evaluate_round 5: no clients selected, cancel
[2026-01-11 13:09:56,656][flwr][DEBUG] - fit_round 6: strategy sampled 10 clients (out of 100)
[2026-01-11 13:09:56,789][flwr][DEBUG] - fit_round 6 received 10 results and 0 failures
[2026-01-11 13:09:56,818][flwr][INFO] - fit progress: (6, 71.30964601039886, {'accuracy': 0.237}, 5.13778987499245)
[2026-01-11 13:09:56,818][flwr][INFO] - evaluate_round 6: no clients selected, cancel
[2026-01-11 13:09:56,818][flwr][DEBUG] - fit_round 7: strategy sampled 10 clients (out of 100)
[2026-01-11 13:09:56,961][flwr][DEBUG] - fit_round 7 received 10 results and 0 failures
[2026-01-11 13:09:56,987][flwr][INFO] - fit progress: (7, 70.01280295848846, {'accuracy': 0.2335}, 5.306609249993926)
[2026-01-11 13:09:56,987][flwr][INFO] - evaluate_round 7: no clients selected, cancel
[2026-01-11 13:09:56,987][flwr][DEBUG] - fit_round 8: strategy sampled 10 clients (out of 100)
[2026-01-11 13:09:57,140][flwr][DEBUG] - fit_round 8 received 10 results and 0 failures
[2026-01-11 13:09:57,165][flwr][INFO] - fit progress: (8, 72.04220128059387, {'accuracy': 0.237}, 5.4854435000015656)
[2026-01-11 13:09:57,166][flwr][INFO] - evaluate_round 8: no clients selected, cancel
[2026-01-11 13:09:57,166][flwr][DEBUG] - fit_round 9: strategy sampled 10 clients (out of 100)
[2026-01-11 13:09:57,329][flwr][DEBUG] - fit_round 9 received 10 results and 0 failures
[2026-01-11 13:09:57,356][flwr][INFO] - fit progress: (9, 68.55031621456146, {'accuracy': 0.464}, 5.676173667001422)
[2026-01-11 13:09:57,356][flwr][INFO] - evaluate_round 9: no clients selected, cancel
[2026-01-11 13:09:57,357][flwr][DEBUG] - fit_round 10: strategy sampled 10 clients (out of 100)
[2026-01-11 13:09:57,505][flwr][DEBUG] - fit_round 10 received 10 results and 0 failures
[2026-01-11 13:09:57,544][flwr][INFO] - fit progress: (10, 70.0759299993515, {'accuracy': 0.234}, 5.864081541993073)
[2026-01-11 13:09:57,544][flwr][INFO] - evaluate_round 10: no clients selected, cancel
[2026-01-11 13:09:57,545][flwr][DEBUG] - fit_round 11: strategy sampled 10 clients (out of 100)
[2026-01-11 13:09:57,708][flwr][DEBUG] - fit_round 11 received 10 results and 0 failures
[2026-01-11 13:09:57,734][flwr][INFO] - fit progress: (11, 68.21910452842712, {'accuracy': 0.543}, 6.053837500003283)
[2026-01-11 13:09:57,734][flwr][INFO] - evaluate_round 11: no clients selected, cancel
[2026-01-11 13:09:57,734][flwr][DEBUG] - fit_round 12: strategy sampled 10 clients (out of 100)
[2026-01-11 13:09:57,951][flwr][DEBUG] - fit_round 12 received 10 results and 0 failures
[2026-01-11 13:09:57,979][flwr][INFO] - fit progress: (12, 68.84056639671326, {'accuracy': 0.3135}, 6.29945016700367)
[2026-01-11 13:09:57,980][flwr][INFO] - evaluate_round 12: no clients selected, cancel
[2026-01-11 13:09:57,980][flwr][DEBUG] - fit_round 13: strategy sampled 10 clients (out of 100)
[2026-01-11 13:09:58,233][flwr][DEBUG] - fit_round 13 received 10 results and 0 failures
[2026-01-11 13:09:58,258][flwr][INFO] - fit progress: (13, 67.97000205516815, {'accuracy': 0.545}, 6.578289583005244)
[2026-01-11 13:09:58,258][flwr][INFO] - evaluate_round 13: no clients selected, cancel
[2026-01-11 13:09:58,259][flwr][DEBUG] - fit_round 14: strategy sampled 10 clients (out of 100)
[2026-01-11 13:09:58,473][flwr][DEBUG] - fit_round 14 received 10 results and 0 failures
[2026-01-11 13:09:58,499][flwr][INFO] - fit progress: (14, 68.36685252189636, {'accuracy': 0.527}, 6.81911987499916)
[2026-01-11 13:09:58,499][flwr][INFO] - evaluate_round 14: no clients selected, cancel
[2026-01-11 13:09:58,500][flwr][DEBUG] - fit_round 15: strategy sampled 10 clients (out of 100)
[2026-01-11 13:09:58,665][flwr][DEBUG] - fit_round 15 received 10 results and 0 failures
[2026-01-11 13:09:58,691][flwr][INFO] - fit progress: (15, 66.91040277481079, {'accuracy': 0.519}, 7.011429833000875)
[2026-01-11 13:09:58,692][flwr][INFO] - evaluate_round 15: no clients selected, cancel
[2026-01-11 13:09:58,692][flwr][DEBUG] - fit_round 16: strategy sampled 10 clients (out of 100)
[2026-01-11 13:09:58,871][flwr][DEBUG] - fit_round 16 received 10 results and 0 failures
[2026-01-11 13:09:58,898][flwr][INFO] - fit progress: (16, 68.02813625335693, {'accuracy': 0.5155}, 7.218350333001581)
[2026-01-11 13:09:58,898][flwr][INFO] - evaluate_round 16: no clients selected, cancel
[2026-01-11 13:09:58,899][flwr][DEBUG] - fit_round 17: strategy sampled 10 clients (out of 100)
[2026-01-11 13:09:59,073][flwr][DEBUG] - fit_round 17 received 10 results and 0 failures
[2026-01-11 13:09:59,101][flwr][INFO] - fit progress: (17, 67.57739043235779, {'accuracy': 0.548}, 7.42088474999764)
[2026-01-11 13:09:59,101][flwr][INFO] - evaluate_round 17: no clients selected, cancel
[2026-01-11 13:09:59,102][flwr][DEBUG] - fit_round 18: strategy sampled 10 clients (out of 100)
[2026-01-11 13:09:59,284][flwr][DEBUG] - fit_round 18 received 10 results and 0 failures
[2026-01-11 13:09:59,312][flwr][INFO] - fit progress: (18, 66.4804048538208, {'accuracy': 0.507}, 7.631990666995989)
[2026-01-11 13:09:59,312][flwr][INFO] - evaluate_round 18: no clients selected, cancel
[2026-01-11 13:09:59,313][flwr][DEBUG] - fit_round 19: strategy sampled 10 clients (out of 100)
[2026-01-11 13:09:59,491][flwr][DEBUG] - fit_round 19 received 10 results and 0 failures
[2026-01-11 13:09:59,519][flwr][INFO] - fit progress: (19, 67.35219180583954, {'accuracy': 0.514}, 7.839536999992561)
[2026-01-11 13:09:59,520][flwr][INFO] - evaluate_round 19: no clients selected, cancel
[2026-01-11 13:09:59,520][flwr][DEBUG] - fit_round 20: strategy sampled 10 clients (out of 100)
[2026-01-11 13:09:59,766][flwr][DEBUG] - fit_round 20 received 10 results and 0 failures
[2026-01-11 13:09:59,793][flwr][INFO] - fit progress: (20, 68.65997159481049, {'accuracy': 0.509}, 8.113176707993262)
[2026-01-11 13:09:59,793][flwr][INFO] - evaluate_round 20: no clients selected, cancel
[2026-01-11 13:09:59,794][flwr][DEBUG] - fit_round 21: strategy sampled 10 clients (out of 100)
[2026-01-11 13:09:59,954][flwr][DEBUG] - fit_round 21 received 10 results and 0 failures
[2026-01-11 13:09:59,982][flwr][INFO] - fit progress: (21, 67.69820845127106, {'accuracy': 0.5125}, 8.301732624997385)
[2026-01-11 13:09:59,982][flwr][INFO] - evaluate_round 21: no clients selected, cancel
[2026-01-11 13:09:59,982][flwr][DEBUG] - fit_round 22: strategy sampled 10 clients (out of 100)
[2026-01-11 13:10:00,168][flwr][DEBUG] - fit_round 22 received 10 results and 0 failures
[2026-01-11 13:10:00,193][flwr][INFO] - fit progress: (22, 69.00389075279236, {'accuracy': 0.457}, 8.513352791997022)
[2026-01-11 13:10:00,193][flwr][INFO] - evaluate_round 22: no clients selected, cancel
[2026-01-11 13:10:00,194][flwr][DEBUG] - fit_round 23: strategy sampled 10 clients (out of 100)
[2026-01-11 13:10:00,360][flwr][DEBUG] - fit_round 23 received 10 results and 0 failures
[2026-01-11 13:10:00,388][flwr][INFO] - fit progress: (23, 68.60692358016968, {'accuracy': 0.51}, 8.707736708005541)
[2026-01-11 13:10:00,388][flwr][INFO] - evaluate_round 23: no clients selected, cancel
[2026-01-11 13:10:00,388][flwr][DEBUG] - fit_round 24: strategy sampled 10 clients (out of 100)
[2026-01-11 13:10:00,562][flwr][DEBUG] - fit_round 24 received 10 results and 0 failures
[2026-01-11 13:10:00,589][flwr][INFO] - fit progress: (24, 68.69621908664703, {'accuracy': 0.513}, 8.908605958000408)
[2026-01-11 13:10:00,589][flwr][INFO] - evaluate_round 24: no clients selected, cancel
[2026-01-11 13:10:00,589][flwr][DEBUG] - fit_round 25: strategy sampled 10 clients (out of 100)
[2026-01-11 13:10:00,770][flwr][DEBUG] - fit_round 25 received 10 results and 0 failures
[2026-01-11 13:10:00,796][flwr][INFO] - fit progress: (25, 69.6482845544815, {'accuracy': 0.2105}, 9.11641558300471)
[2026-01-11 13:10:00,797][flwr][INFO] - evaluate_round 25: no clients selected, cancel
[2026-01-11 13:10:00,797][flwr][DEBUG] - fit_round 26: strategy sampled 10 clients (out of 100)
[2026-01-11 13:10:00,954][flwr][DEBUG] - fit_round 26 received 10 results and 0 failures
[2026-01-11 13:10:00,980][flwr][INFO] - fit progress: (26, 69.35090029239655, {'accuracy': 0.228}, 9.2999082919996)
[2026-01-11 13:10:00,980][flwr][INFO] - evaluate_round 26: no clients selected, cancel
[2026-01-11 13:10:00,980][flwr][DEBUG] - fit_round 27: strategy sampled 10 clients (out of 100)
[2026-01-11 13:10:01,162][flwr][DEBUG] - fit_round 27 received 10 results and 0 failures
[2026-01-11 13:10:01,188][flwr][INFO] - fit progress: (27, 69.14232206344604, {'accuracy': 0.2705}, 9.508259541995358)
[2026-01-11 13:10:01,188][flwr][INFO] - evaluate_round 27: no clients selected, cancel
[2026-01-11 13:10:01,189][flwr][DEBUG] - fit_round 28: strategy sampled 10 clients (out of 100)
[2026-01-11 13:10:01,402][flwr][DEBUG] - fit_round 28 received 10 results and 0 failures
[2026-01-11 13:10:01,431][flwr][INFO] - fit progress: (28, 68.55179798603058, {'accuracy': 0.51}, 9.750892333002412)
[2026-01-11 13:10:01,431][flwr][INFO] - evaluate_round 28: no clients selected, cancel
[2026-01-11 13:10:01,432][flwr][DEBUG] - fit_round 29: strategy sampled 10 clients (out of 100)
[2026-01-11 13:10:01,614][flwr][DEBUG] - fit_round 29 received 10 results and 0 failures
[2026-01-11 13:10:01,640][flwr][INFO] - fit progress: (29, 67.77729988098145, {'accuracy': 0.5065}, 9.959613875005743)
[2026-01-11 13:10:01,640][flwr][INFO] - evaluate_round 29: no clients selected, cancel
[2026-01-11 13:10:01,640][flwr][DEBUG] - fit_round 30: strategy sampled 10 clients (out of 100)
[2026-01-11 13:10:01,824][flwr][DEBUG] - fit_round 30 received 10 results and 0 failures
[2026-01-11 13:10:01,854][flwr][INFO] - fit progress: (30, 66.70276522636414, {'accuracy': 0.507}, 10.173693374992581)
[2026-01-11 13:10:01,854][flwr][INFO] - evaluate_round 30: no clients selected, cancel
[2026-01-11 13:10:01,854][flwr][DEBUG] - fit_round 31: strategy sampled 10 clients (out of 100)
[2026-01-11 13:10:02,041][flwr][DEBUG] - fit_round 31 received 10 results and 0 failures
[2026-01-11 13:10:02,067][flwr][INFO] - fit progress: (31, 65.85451978445053, {'accuracy': 0.507}, 10.387493874994107)
[2026-01-11 13:10:02,068][flwr][INFO] - evaluate_round 31: no clients selected, cancel
[2026-01-11 13:10:02,068][flwr][DEBUG] - fit_round 32: strategy sampled 10 clients (out of 100)
[2026-01-11 13:10:02,246][flwr][DEBUG] - fit_round 32 received 10 results and 0 failures
[2026-01-11 13:10:02,270][flwr][INFO] - fit progress: (32, 66.49281644821167, {'accuracy': 0.507}, 10.59045870800037)
[2026-01-11 13:10:02,271][flwr][INFO] - evaluate_round 32: no clients selected, cancel
[2026-01-11 13:10:02,271][flwr][DEBUG] - fit_round 33: strategy sampled 10 clients (out of 100)
[2026-01-11 13:10:02,449][flwr][DEBUG] - fit_round 33 received 10 results and 0 failures
[2026-01-11 13:10:02,477][flwr][INFO] - fit progress: (33, 65.49526071548462, {'accuracy': 0.507}, 10.797096374997636)
[2026-01-11 13:10:02,477][flwr][INFO] - evaluate_round 33: no clients selected, cancel
[2026-01-11 13:10:02,478][flwr][DEBUG] - fit_round 34: strategy sampled 10 clients (out of 100)
[2026-01-11 13:10:02,660][flwr][DEBUG] - fit_round 34 received 10 results and 0 failures
[2026-01-11 13:10:02,687][flwr][INFO] - fit progress: (34, 65.5570177435875, {'accuracy': 0.507}, 11.007388917001663)
[2026-01-11 13:10:02,688][flwr][INFO] - evaluate_round 34: no clients selected, cancel
[2026-01-11 13:10:02,688][flwr][DEBUG] - fit_round 35: strategy sampled 10 clients (out of 100)
[2026-01-11 13:10:02,889][flwr][DEBUG] - fit_round 35 received 10 results and 0 failures
[2026-01-11 13:10:02,951][flwr][INFO] - fit progress: (35, 65.69836562871933, {'accuracy': 0.507}, 11.27134079199459)
[2026-01-11 13:10:02,952][flwr][INFO] - evaluate_round 35: no clients selected, cancel
[2026-01-11 13:10:02,952][flwr][DEBUG] - fit_round 36: strategy sampled 10 clients (out of 100)
[2026-01-11 13:10:03,138][flwr][DEBUG] - fit_round 36 received 10 results and 0 failures
[2026-01-11 13:10:03,163][flwr][INFO] - fit progress: (36, 66.13646221160889, {'accuracy': 0.507}, 11.482762166997418)
[2026-01-11 13:10:03,163][flwr][INFO] - evaluate_round 36: no clients selected, cancel
[2026-01-11 13:10:03,163][flwr][DEBUG] - fit_round 37: strategy sampled 10 clients (out of 100)
[2026-01-11 13:10:03,343][flwr][DEBUG] - fit_round 37 received 10 results and 0 failures
[2026-01-11 13:10:03,369][flwr][INFO] - fit progress: (37, 66.07349121570587, {'accuracy': 0.507}, 11.688583333001588)
[2026-01-11 13:10:03,369][flwr][INFO] - evaluate_round 37: no clients selected, cancel
[2026-01-11 13:10:03,369][flwr][DEBUG] - fit_round 38: strategy sampled 10 clients (out of 100)
[2026-01-11 13:10:03,550][flwr][DEBUG] - fit_round 38 received 10 results and 0 failures
[2026-01-11 13:10:03,577][flwr][INFO] - fit progress: (38, 66.05392301082611, {'accuracy': 0.507}, 11.89683966699522)
[2026-01-11 13:10:03,577][flwr][INFO] - evaluate_round 38: no clients selected, cancel
[2026-01-11 13:10:03,577][flwr][DEBUG] - fit_round 39: strategy sampled 10 clients (out of 100)
[2026-01-11 13:10:03,742][flwr][DEBUG] - fit_round 39 received 10 results and 0 failures
[2026-01-11 13:10:03,769][flwr][INFO] - fit progress: (39, 66.13560235500336, {'accuracy': 0.507}, 12.089188541998737)
[2026-01-11 13:10:03,769][flwr][INFO] - evaluate_round 39: no clients selected, cancel
[2026-01-11 13:10:03,770][flwr][DEBUG] - fit_round 40: strategy sampled 10 clients (out of 100)
[2026-01-11 13:10:03,956][flwr][DEBUG] - fit_round 40 received 10 results and 0 failures
[2026-01-11 13:10:03,983][flwr][INFO] - fit progress: (40, 65.45300227403641, {'accuracy': 0.507}, 12.302864208002575)
[2026-01-11 13:10:03,983][flwr][INFO] - evaluate_round 40: no clients selected, cancel
[2026-01-11 13:10:03,984][flwr][DEBUG] - fit_round 41: strategy sampled 10 clients (out of 100)
[2026-01-11 13:10:04,163][flwr][DEBUG] - fit_round 41 received 10 results and 0 failures
[2026-01-11 13:10:04,189][flwr][INFO] - fit progress: (41, 65.37843877077103, {'accuracy': 0.507}, 12.508628541996586)
[2026-01-11 13:10:04,189][flwr][INFO] - evaluate_round 41: no clients selected, cancel
[2026-01-11 13:10:04,189][flwr][DEBUG] - fit_round 42: strategy sampled 10 clients (out of 100)
[2026-01-11 13:10:04,367][flwr][DEBUG] - fit_round 42 received 10 results and 0 failures
[2026-01-11 13:10:04,392][flwr][INFO] - fit progress: (42, 65.36283630132675, {'accuracy': 0.507}, 12.711804999999003)
[2026-01-11 13:10:04,392][flwr][INFO] - evaluate_round 42: no clients selected, cancel
[2026-01-11 13:10:04,392][flwr][DEBUG] - fit_round 43: strategy sampled 10 clients (out of 100)
[2026-01-11 13:10:04,672][flwr][DEBUG] - fit_round 43 received 10 results and 0 failures
[2026-01-11 13:10:04,697][flwr][INFO] - fit progress: (43, 65.10237920284271, {'accuracy': 0.507}, 13.017354875002638)
[2026-01-11 13:10:04,697][flwr][INFO] - evaluate_round 43: no clients selected, cancel
[2026-01-11 13:10:04,698][flwr][DEBUG] - fit_round 44: strategy sampled 10 clients (out of 100)
[2026-01-11 13:10:04,869][flwr][DEBUG] - fit_round 44 received 10 results and 0 failures
[2026-01-11 13:10:04,896][flwr][INFO] - fit progress: (44, 65.25127506256104, {'accuracy': 0.507}, 13.215679542001453)
[2026-01-11 13:10:04,896][flwr][INFO] - evaluate_round 44: no clients selected, cancel
[2026-01-11 13:10:04,896][flwr][DEBUG] - fit_round 45: strategy sampled 10 clients (out of 100)
[2026-01-11 13:10:05,228][flwr][DEBUG] - fit_round 45 received 10 results and 0 failures
[2026-01-11 13:10:05,255][flwr][INFO] - fit progress: (45, 65.46275436878204, {'accuracy': 0.507}, 13.575085207994562)
[2026-01-11 13:10:05,255][flwr][INFO] - evaluate_round 45: no clients selected, cancel
[2026-01-11 13:10:05,256][flwr][DEBUG] - fit_round 46: strategy sampled 10 clients (out of 100)
[2026-01-11 13:10:05,535][flwr][DEBUG] - fit_round 46 received 10 results and 0 failures
[2026-01-11 13:10:05,565][flwr][INFO] - fit progress: (46, 64.93511015176773, {'accuracy': 0.507}, 13.88529245799873)
[2026-01-11 13:10:05,565][flwr][INFO] - evaluate_round 46: no clients selected, cancel
[2026-01-11 13:10:05,566][flwr][DEBUG] - fit_round 47: strategy sampled 10 clients (out of 100)
[2026-01-11 13:10:05,857][flwr][DEBUG] - fit_round 47 received 10 results and 0 failures
[2026-01-11 13:10:05,885][flwr][INFO] - fit progress: (47, 64.95588147640228, {'accuracy': 0.507}, 14.205324124995968)
[2026-01-11 13:10:05,885][flwr][INFO] - evaluate_round 47: no clients selected, cancel
[2026-01-11 13:10:05,886][flwr][DEBUG] - fit_round 48: strategy sampled 10 clients (out of 100)
[2026-01-11 13:10:06,182][flwr][DEBUG] - fit_round 48 received 10 results and 0 failures
[2026-01-11 13:10:06,209][flwr][INFO] - fit progress: (48, 65.00450313091278, {'accuracy': 0.507}, 14.528565707994858)
[2026-01-11 13:10:06,209][flwr][INFO] - evaluate_round 48: no clients selected, cancel
[2026-01-11 13:10:06,209][flwr][DEBUG] - fit_round 49: strategy sampled 10 clients (out of 100)
[2026-01-11 13:10:06,560][flwr][DEBUG] - fit_round 49 received 10 results and 0 failures
[2026-01-11 13:10:06,585][flwr][INFO] - fit progress: (49, 65.1027547121048, {'accuracy': 0.507}, 14.905444457996055)
[2026-01-11 13:10:06,586][flwr][INFO] - evaluate_round 49: no clients selected, cancel
[2026-01-11 13:10:06,586][flwr][DEBUG] - fit_round 50: strategy sampled 10 clients (out of 100)
[2026-01-11 13:10:06,771][flwr][DEBUG] - fit_round 50 received 10 results and 0 failures
[2026-01-11 13:10:06,797][flwr][INFO] - fit progress: (50, 64.96180456876755, {'accuracy': 0.507}, 15.116843708005035)
[2026-01-11 13:10:06,797][flwr][INFO] - evaluate_round 50: no clients selected, cancel
[2026-01-11 13:10:06,797][flwr][INFO] - FL finished in 15.117062042001635
[2026-01-11 13:10:06,797][flwr][INFO] - app_fit: losses_distributed []
[2026-01-11 13:10:06,797][flwr][INFO] - app_fit: metrics_distributed_fit {'c_global_norm': [(1, 7.670028766890689), (2, 10.93150287382579), (3, 14.05367792923649), (4, 10.79078919876541), (5, 11.325598077107879), (6, 10.495003205274353), (7, 7.071969443795551), (8, 8.07686173146144), (9, 16.724371330494336), (10, 9.224858024811107), (11, 9.609517484089281), (12, 4.614990967729957), (13, 5.4962015060077425), (14, 3.7034057619400502), (15, 8.640038248769164), (16, 8.408386426515992), (17, 5.685550872174938), (18, 11.5063714447844), (19, 7.703066374437658), (20, 7.887885773023981), (21, 5.556605646998796), (22, 7.5442250715313435), (23, 2.118170870554119), (24, 1.6144182494134902), (25, 5.919730515314946), (26, 3.055688721998322), (27, 1.3889804509317367), (28, 1.229070097781798), (29, 5.4663016049611715), (30, 6.3189513753106645), (31, 7.207975864791823), (32, 5.745166474889102), (33, 10.724742858006007), (34, 3.2279528962844717), (35, 5.769178064599221), (36, 6.169995284843807), (37, 1.3922242770718496), (38, 3.2427878441594267), (39, 2.0097205274691823), (40, 5.937653699253303), (41, 1.1063549742640575), (42, 1.4975870926225219), (43, 3.8312142516606755), (44, 2.0879379586919886), (45, 2.385530389791583), (46, 6.8691828945791125), (47, 3.734626355550455), (48, 2.7945151509606956), (49, 3.046522844730539), (50, 3.5474041751990697)], 'num_clients': [(1, 10), (2, 10), (3, 10), (4, 10), (5, 10), (6, 10), (7, 10), (8, 10), (9, 10), (10, 10), (11, 10), (12, 10), (13, 10), (14, 10), (15, 10), (16, 10), (17, 10), (18, 10), (19, 10), (20, 10), (21, 10), (22, 10), (23, 10), (24, 10), (25, 10), (26, 10), (27, 10), (28, 10), (29, 10), (30, 10), (31, 10), (32, 10), (33, 10), (34, 10), (35, 10), (36, 10), (37, 10), (38, 10), (39, 10), (40, 10), (41, 10), (42, 10), (43, 10), (44, 10), (45, 10), (46, 10), (47, 10), (48, 10), (49, 10), (50, 10)]}
[2026-01-11 13:10:06,798][flwr][INFO] - app_fit: metrics_distributed {}
[2026-01-11 13:10:06,798][flwr][INFO] - app_fit: losses_centralized [(0, 71.80140054225922), (1, 70.08277499675751), (2, 72.31972658634186), (3, 69.32158124446869), (4, 71.47457945346832), (5, 69.01262497901917), (6, 71.30964601039886), (7, 70.01280295848846), (8, 72.04220128059387), (9, 68.55031621456146), (10, 70.0759299993515), (11, 68.21910452842712), (12, 68.84056639671326), (13, 67.97000205516815), (14, 68.36685252189636), (15, 66.91040277481079), (16, 68.02813625335693), (17, 67.57739043235779), (18, 66.4804048538208), (19, 67.35219180583954), (20, 68.65997159481049), (21, 67.69820845127106), (22, 69.00389075279236), (23, 68.60692358016968), (24, 68.69621908664703), (25, 69.6482845544815), (26, 69.35090029239655), (27, 69.14232206344604), (28, 68.55179798603058), (29, 67.77729988098145), (30, 66.70276522636414), (31, 65.85451978445053), (32, 66.49281644821167), (33, 65.49526071548462), (34, 65.5570177435875), (35, 65.69836562871933), (36, 66.13646221160889), (37, 66.07349121570587), (38, 66.05392301082611), (39, 66.13560235500336), (40, 65.45300227403641), (41, 65.37843877077103), (42, 65.36283630132675), (43, 65.10237920284271), (44, 65.25127506256104), (45, 65.46275436878204), (46, 64.93511015176773), (47, 64.95588147640228), (48, 65.00450313091278), (49, 65.1027547121048), (50, 64.96180456876755)]
[2026-01-11 13:10:06,798][flwr][INFO] - app_fit: metrics_centralized {'accuracy': [(0, 0.238), (1, 0.2345), (2, 0.2405), (3, 0.225), (4, 0.238), (5, 0.2725), (6, 0.237), (7, 0.2335), (8, 0.237), (9, 0.464), (10, 0.234), (11, 0.543), (12, 0.3135), (13, 0.545), (14, 0.527), (15, 0.519), (16, 0.5155), (17, 0.548), (18, 0.507), (19, 0.514), (20, 0.509), (21, 0.5125), (22, 0.457), (23, 0.51), (24, 0.513), (25, 0.2105), (26, 0.228), (27, 0.2705), (28, 0.51), (29, 0.5065), (30, 0.507), (31, 0.507), (32, 0.507), (33, 0.507), (34, 0.507), (35, 0.507), (36, 0.507), (37, 0.507), (38, 0.507), (39, 0.507), (40, 0.507), (41, 0.507), (42, 0.507), (43, 0.507), (44, 0.507), (45, 0.507), (46, 0.507), (47, 0.507), (48, 0.507), (49, 0.507), (50, 0.507)]}
