[2026-01-23 11:26:40,072][flwr][INFO] - Starting Flower simulation, config: ServerConfig(num_rounds=20, round_timeout=None)
[2026-01-23 11:26:44,945][flwr][INFO] - Flower VCE: Ray initialized with resources: {'node:127.0.0.1': 1.0, 'object_store_memory': 2147483648.0, 'CPU': 10.0, 'memory': 11641635636.0}
[2026-01-23 11:26:44,946][flwr][INFO] - Initializing global parameters
[2026-01-23 11:26:44,946][flwr][INFO] - Requesting initial parameters from one random client
[2026-01-23 11:26:48,260][flwr][INFO] - Received initial parameters from one random client
[2026-01-23 11:26:48,260][flwr][INFO] - Evaluating initial parameters
[2026-01-23 11:26:49,126][flwr][INFO] - initial parameters (loss, other metrics): 1463753472.0, {'rmse': 38259.031247536834, 'mae': 24156.81640625, 'r2': -10.651771545410156}
[2026-01-23 11:26:49,126][flwr][INFO] - FL starting
[2026-01-23 11:26:49,127][flwr][DEBUG] - fit_round 1: strategy sampled 6 clients (out of 14)
[2026-01-23 11:26:58,410][flwr][DEBUG] - fit_round 1 received 6 results and 0 failures
[2026-01-23 11:26:58,418][flwr][WARNING] - No fit_metrics_aggregation_fn provided
[2026-01-23 11:26:58,890][flwr][INFO] - fit progress: (1, 172219888.0, {'rmse': 13123.257522429407, 'mae': 10333.619140625, 'r2': -0.37090492248535156}, 9.763859416998457)
[2026-01-23 11:26:58,891][flwr][DEBUG] - evaluate_round 1: strategy sampled 6 clients (out of 14)
[2026-01-23 11:26:59,187][flwr][DEBUG] - evaluate_round 1 received 6 results and 0 failures
[2026-01-23 11:26:59,187][flwr][WARNING] - No evaluate_metrics_aggregation_fn provided
[2026-01-23 11:26:59,189][flwr][DEBUG] - fit_round 2: strategy sampled 6 clients (out of 14)
[2026-01-23 11:27:03,487][flwr][DEBUG] - fit_round 2 received 6 results and 0 failures
[2026-01-23 11:27:03,906][flwr][INFO] - fit progress: (2, 115495344.0, {'rmse': 10746.876011195067, 'mae': 8060.326171875, 'r2': 0.08063387870788574}, 14.779235416965093)
[2026-01-23 11:27:03,906][flwr][DEBUG] - evaluate_round 2: strategy sampled 6 clients (out of 14)
[2026-01-23 11:27:04,135][flwr][DEBUG] - evaluate_round 2 received 6 results and 0 failures
[2026-01-23 11:27:04,136][flwr][DEBUG] - fit_round 3: strategy sampled 6 clients (out of 14)
[2026-01-23 11:27:08,389][flwr][DEBUG] - fit_round 3 received 6 results and 0 failures
[2026-01-23 11:27:08,811][flwr][INFO] - fit progress: (3, 103100448.0, {'rmse': 10153.83907692061, 'mae': 7653.73583984375, 'r2': 0.17929977178573608}, 19.6842537499615)
[2026-01-23 11:27:08,811][flwr][DEBUG] - evaluate_round 3: strategy sampled 6 clients (out of 14)
[2026-01-23 11:27:09,022][flwr][DEBUG] - evaluate_round 3 received 6 results and 0 failures
[2026-01-23 11:27:09,023][flwr][DEBUG] - fit_round 4: strategy sampled 6 clients (out of 14)
[2026-01-23 11:27:13,423][flwr][DEBUG] - fit_round 4 received 6 results and 0 failures
[2026-01-23 11:27:13,822][flwr][INFO] - fit progress: (4, 83422592.0, {'rmse': 9133.596881842333, 'mae': 6824.10400390625, 'r2': 0.3359394073486328}, 24.69565283396514)
[2026-01-23 11:27:13,822][flwr][DEBUG] - evaluate_round 4: strategy sampled 6 clients (out of 14)
[2026-01-23 11:27:14,057][flwr][DEBUG] - evaluate_round 4 received 6 results and 0 failures
[2026-01-23 11:27:14,058][flwr][DEBUG] - fit_round 5: strategy sampled 6 clients (out of 14)
[2026-01-23 11:27:18,369][flwr][DEBUG] - fit_round 5 received 6 results and 0 failures
[2026-01-23 11:27:18,787][flwr][INFO] - fit progress: (5, 76010192.0, {'rmse': 8718.382418774712, 'mae': 6601.5546875, 'r2': 0.39494359493255615}, 29.65993583400268)
[2026-01-23 11:27:18,787][flwr][DEBUG] - evaluate_round 5: strategy sampled 6 clients (out of 14)
[2026-01-23 11:27:19,012][flwr][DEBUG] - evaluate_round 5 received 6 results and 0 failures
[2026-01-23 11:27:19,014][flwr][DEBUG] - fit_round 6: strategy sampled 6 clients (out of 14)
[2026-01-23 11:27:23,305][flwr][DEBUG] - fit_round 6 received 6 results and 0 failures
[2026-01-23 11:27:23,724][flwr][INFO] - fit progress: (6, 62950972.0, {'rmse': 7934.164858383017, 'mae': 5678.12548828125, 'r2': 0.49889761209487915}, 34.59722116700141)
[2026-01-23 11:27:23,724][flwr][DEBUG] - evaluate_round 6: strategy sampled 6 clients (out of 14)
[2026-01-23 11:27:23,811][flwr][DEBUG] - evaluate_round 6 received 6 results and 0 failures
[2026-01-23 11:27:23,812][flwr][DEBUG] - fit_round 7: strategy sampled 6 clients (out of 14)
[2026-01-23 11:27:27,728][flwr][DEBUG] - fit_round 7 received 6 results and 0 failures
[2026-01-23 11:27:28,102][flwr][INFO] - fit progress: (7, 59281448.0, {'rmse': 7699.444655298199, 'mae': 5481.35009765625, 'r2': 0.528107762336731}, 38.97552983398782)
[2026-01-23 11:27:28,102][flwr][DEBUG] - evaluate_round 7: strategy sampled 6 clients (out of 14)
[2026-01-23 11:27:28,180][flwr][DEBUG] - evaluate_round 7 received 6 results and 0 failures
[2026-01-23 11:27:28,180][flwr][DEBUG] - fit_round 8: strategy sampled 6 clients (out of 14)
[2026-01-23 11:27:32,143][flwr][DEBUG] - fit_round 8 received 6 results and 0 failures
[2026-01-23 11:27:32,511][flwr][INFO] - fit progress: (8, 55655056.0, {'rmse': 7460.231631792675, 'mae': 5332.0166015625, 'r2': 0.5569745898246765}, 43.38455962500302)
[2026-01-23 11:27:32,511][flwr][DEBUG] - evaluate_round 8: strategy sampled 6 clients (out of 14)
[2026-01-23 11:27:32,602][flwr][DEBUG] - evaluate_round 8 received 6 results and 0 failures
[2026-01-23 11:27:32,603][flwr][DEBUG] - fit_round 9: strategy sampled 6 clients (out of 14)
[2026-01-23 11:27:36,520][flwr][DEBUG] - fit_round 9 received 6 results and 0 failures
[2026-01-23 11:27:36,962][flwr][INFO] - fit progress: (9, 54255936.0, {'rmse': 7365.86288224265, 'mae': 5183.64208984375, 'r2': 0.5681118965148926}, 47.83579920895863)
[2026-01-23 11:27:36,963][flwr][DEBUG] - evaluate_round 9: strategy sampled 6 clients (out of 14)
[2026-01-23 11:27:37,057][flwr][DEBUG] - evaluate_round 9 received 6 results and 0 failures
[2026-01-23 11:27:37,059][flwr][DEBUG] - fit_round 10: strategy sampled 6 clients (out of 14)
[2026-01-23 11:27:41,268][flwr][DEBUG] - fit_round 10 received 6 results and 0 failures
[2026-01-23 11:27:41,642][flwr][INFO] - fit progress: (10, 50762112.0, {'rmse': 7124.7534694191345, 'mae': 5099.18408203125, 'r2': 0.5959234237670898}, 52.51525925000897)
[2026-01-23 11:27:41,642][flwr][DEBUG] - evaluate_round 10: strategy sampled 6 clients (out of 14)
[2026-01-23 11:27:41,841][flwr][DEBUG] - evaluate_round 10 received 6 results and 0 failures
[2026-01-23 11:27:41,842][flwr][DEBUG] - fit_round 11: strategy sampled 6 clients (out of 14)
[2026-01-23 11:27:45,796][flwr][DEBUG] - fit_round 11 received 6 results and 0 failures
[2026-01-23 11:27:46,175][flwr][INFO] - fit progress: (11, 47561196.0, {'rmse': 6896.4625714927215, 'mae': 4918.6591796875, 'r2': 0.6214033365249634}, 57.04868537496077)
[2026-01-23 11:27:46,176][flwr][DEBUG] - evaluate_round 11: strategy sampled 6 clients (out of 14)
[2026-01-23 11:27:46,267][flwr][DEBUG] - evaluate_round 11 received 6 results and 0 failures
[2026-01-23 11:27:46,267][flwr][DEBUG] - fit_round 12: strategy sampled 6 clients (out of 14)
[2026-01-23 11:27:50,424][flwr][DEBUG] - fit_round 12 received 6 results and 0 failures
[2026-01-23 11:27:50,841][flwr][INFO] - fit progress: (12, 47032788.0, {'rmse': 6858.045494162313, 'mae': 4913.642578125, 'r2': 0.6256095767021179}, 61.71461508399807)
[2026-01-23 11:27:50,842][flwr][DEBUG] - evaluate_round 12: strategy sampled 6 clients (out of 14)
[2026-01-23 11:27:50,931][flwr][DEBUG] - evaluate_round 12 received 6 results and 0 failures
[2026-01-23 11:27:50,932][flwr][DEBUG] - fit_round 13: strategy sampled 6 clients (out of 14)
[2026-01-23 11:27:54,952][flwr][DEBUG] - fit_round 13 received 6 results and 0 failures
[2026-01-23 11:27:55,340][flwr][INFO] - fit progress: (13, 49152668.0, {'rmse': 7010.8963763558795, 'mae': 4840.162109375, 'r2': 0.6087349057197571}, 66.21319812495494)
[2026-01-23 11:27:55,340][flwr][DEBUG] - evaluate_round 13: strategy sampled 6 clients (out of 14)
[2026-01-23 11:27:55,423][flwr][DEBUG] - evaluate_round 13 received 6 results and 0 failures
[2026-01-23 11:27:55,424][flwr][DEBUG] - fit_round 14: strategy sampled 6 clients (out of 14)
[2026-01-23 11:27:59,554][flwr][DEBUG] - fit_round 14 received 6 results and 0 failures
[2026-01-23 11:27:59,966][flwr][INFO] - fit progress: (14, 44716292.0, {'rmse': 6687.024151294804, 'mae': 4753.7763671875, 'r2': 0.6440494060516357}, 70.83911133400397)
[2026-01-23 11:27:59,966][flwr][DEBUG] - evaluate_round 14: strategy sampled 6 clients (out of 14)
[2026-01-23 11:28:00,069][flwr][DEBUG] - evaluate_round 14 received 6 results and 0 failures
[2026-01-23 11:28:00,070][flwr][DEBUG] - fit_round 15: strategy sampled 6 clients (out of 14)
[2026-01-23 11:28:04,069][flwr][DEBUG] - fit_round 15 received 6 results and 0 failures
[2026-01-23 11:28:04,452][flwr][INFO] - fit progress: (15, 43744332.0, {'rmse': 6613.94980325675, 'mae': 4845.7861328125, 'r2': 0.6517863273620605}, 75.32506337499944)
[2026-01-23 11:28:04,452][flwr][DEBUG] - evaluate_round 15: strategy sampled 6 clients (out of 14)
[2026-01-23 11:28:04,560][flwr][DEBUG] - evaluate_round 15 received 6 results and 0 failures
[2026-01-23 11:28:04,561][flwr][DEBUG] - fit_round 16: strategy sampled 6 clients (out of 14)
[2026-01-23 11:28:08,834][flwr][DEBUG] - fit_round 16 received 6 results and 0 failures
[2026-01-23 11:28:09,315][flwr][INFO] - fit progress: (16, 42761508.0, {'rmse': 6539.228394849044, 'mae': 4740.27099609375, 'r2': 0.6596097946166992}, 80.18798449996393)
[2026-01-23 11:28:09,315][flwr][DEBUG] - evaluate_round 16: strategy sampled 6 clients (out of 14)
[2026-01-23 11:28:09,493][flwr][DEBUG] - evaluate_round 16 received 6 results and 0 failures
[2026-01-23 11:28:09,494][flwr][DEBUG] - fit_round 17: strategy sampled 6 clients (out of 14)
[2026-01-23 11:28:13,642][flwr][DEBUG] - fit_round 17 received 6 results and 0 failures
[2026-01-23 11:28:14,059][flwr][INFO] - fit progress: (17, 43807900.0, {'rmse': 6618.7536591113585, 'mae': 4537.20068359375, 'r2': 0.6512803435325623}, 84.93200270895613)
[2026-01-23 11:28:14,059][flwr][DEBUG] - evaluate_round 17: strategy sampled 6 clients (out of 14)
[2026-01-23 11:28:14,147][flwr][DEBUG] - evaluate_round 17 received 6 results and 0 failures
[2026-01-23 11:28:14,148][flwr][DEBUG] - fit_round 18: strategy sampled 6 clients (out of 14)
[2026-01-23 11:28:18,265][flwr][DEBUG] - fit_round 18 received 6 results and 0 failures
[2026-01-23 11:28:18,704][flwr][INFO] - fit progress: (18, 40125236.0, {'rmse': 6334.448357986668, 'mae': 4428.5517578125, 'r2': 0.6805950403213501}, 89.57749045896344)
[2026-01-23 11:28:18,705][flwr][DEBUG] - evaluate_round 18: strategy sampled 6 clients (out of 14)
[2026-01-23 11:28:18,828][flwr][DEBUG] - evaluate_round 18 received 6 results and 0 failures
[2026-01-23 11:28:18,831][flwr][DEBUG] - fit_round 19: strategy sampled 6 clients (out of 14)
[2026-01-23 11:28:23,092][flwr][DEBUG] - fit_round 19 received 6 results and 0 failures
[2026-01-23 11:28:23,687][flwr][INFO] - fit progress: (19, 40678332.0, {'rmse': 6377.956726099668, 'mae': 4556.6669921875, 'r2': 0.6761923432350159}, 94.56017654197058)
[2026-01-23 11:28:23,688][flwr][DEBUG] - evaluate_round 19: strategy sampled 6 clients (out of 14)
[2026-01-23 11:28:23,927][flwr][DEBUG] - evaluate_round 19 received 6 results and 0 failures
[2026-01-23 11:28:23,931][flwr][DEBUG] - fit_round 20: strategy sampled 6 clients (out of 14)
[2026-01-23 11:28:29,108][flwr][DEBUG] - fit_round 20 received 6 results and 0 failures
[2026-01-23 11:28:29,649][flwr][INFO] - fit progress: (20, 43655836.0, {'rmse': 6607.256314083782, 'mae': 4485.71142578125, 'r2': 0.6524907946586609}, 100.52241624996532)
[2026-01-23 11:28:29,650][flwr][DEBUG] - evaluate_round 20: strategy sampled 6 clients (out of 14)
[2026-01-23 11:28:29,835][flwr][DEBUG] - evaluate_round 20 received 6 results and 0 failures
[2026-01-23 11:28:29,836][flwr][INFO] - FL finished in 100.70875279197935
[2026-01-23 11:28:29,841][flwr][INFO] - app_fit: losses_distributed [(1, 153804997.5049505), (2, 98013673.09947644), (3, 77848544.31818181), (4, 75886014.81188118), (5, 67443535.15151516), (6, 56653050.47058824), (7, 57267426.3989899), (8, 56445620.25), (9, 49143617.495145634), (10, 41656259.78534032), (11, 43042621.524752475), (12, 41003520.47120419), (13, 48418367.97727273), (14, 40717300.13368984), (15, 34475736.29319372), (16, 40917434.5882353), (17, 39502217.41361257), (18, 37728689.3989071), (19, 35091778.98019802), (20, 39419581.23036649)]
[2026-01-23 11:28:29,841][flwr][INFO] - app_fit: metrics_distributed_fit {}
[2026-01-23 11:28:29,842][flwr][INFO] - app_fit: metrics_distributed {}
[2026-01-23 11:28:29,842][flwr][INFO] - app_fit: losses_centralized [(0, 1463753472.0), (1, 172219888.0), (2, 115495344.0), (3, 103100448.0), (4, 83422592.0), (5, 76010192.0), (6, 62950972.0), (7, 59281448.0), (8, 55655056.0), (9, 54255936.0), (10, 50762112.0), (11, 47561196.0), (12, 47032788.0), (13, 49152668.0), (14, 44716292.0), (15, 43744332.0), (16, 42761508.0), (17, 43807900.0), (18, 40125236.0), (19, 40678332.0), (20, 43655836.0)]
[2026-01-23 11:28:29,842][flwr][INFO] - app_fit: metrics_centralized {'rmse': [(0, 38259.031247536834), (1, 13123.257522429407), (2, 10746.876011195067), (3, 10153.83907692061), (4, 9133.596881842333), (5, 8718.382418774712), (6, 7934.164858383017), (7, 7699.444655298199), (8, 7460.231631792675), (9, 7365.86288224265), (10, 7124.7534694191345), (11, 6896.4625714927215), (12, 6858.045494162313), (13, 7010.8963763558795), (14, 6687.024151294804), (15, 6613.94980325675), (16, 6539.228394849044), (17, 6618.7536591113585), (18, 6334.448357986668), (19, 6377.956726099668), (20, 6607.256314083782)], 'mae': [(0, 24156.81640625), (1, 10333.619140625), (2, 8060.326171875), (3, 7653.73583984375), (4, 6824.10400390625), (5, 6601.5546875), (6, 5678.12548828125), (7, 5481.35009765625), (8, 5332.0166015625), (9, 5183.64208984375), (10, 5099.18408203125), (11, 4918.6591796875), (12, 4913.642578125), (13, 4840.162109375), (14, 4753.7763671875), (15, 4845.7861328125), (16, 4740.27099609375), (17, 4537.20068359375), (18, 4428.5517578125), (19, 4556.6669921875), (20, 4485.71142578125)], 'r2': [(0, -10.651771545410156), (1, -0.37090492248535156), (2, 0.08063387870788574), (3, 0.17929977178573608), (4, 0.3359394073486328), (5, 0.39494359493255615), (6, 0.49889761209487915), (7, 0.528107762336731), (8, 0.5569745898246765), (9, 0.5681118965148926), (10, 0.5959234237670898), (11, 0.6214033365249634), (12, 0.6256095767021179), (13, 0.6087349057197571), (14, 0.6440494060516357), (15, 0.6517863273620605), (16, 0.6596097946166992), (17, 0.6512803435325623), (18, 0.6805950403213501), (19, 0.6761923432350159), (20, 0.6524907946586609)]}
[2026-01-23 11:28:29,884][flwr][INFO] - Starting Flower simulation, config: ServerConfig(num_rounds=20, round_timeout=None)
[2026-01-23 11:28:37,072][flwr][INFO] - Flower VCE: Ray initialized with resources: {'node:127.0.0.1': 1.0, 'memory': 12135882343.0, 'CPU': 10.0, 'object_store_memory': 2147483648.0}
[2026-01-23 11:28:37,073][flwr][INFO] - Initializing global parameters
[2026-01-23 11:28:37,073][flwr][INFO] - Requesting initial parameters from one random client
[2026-01-23 11:28:41,525][flwr][INFO] - Received initial parameters from one random client
[2026-01-23 11:28:41,526][flwr][INFO] - Evaluating initial parameters
[2026-01-23 11:28:41,999][flwr][INFO] - initial parameters (loss, other metrics): 376856320.0, {'rmse': 19412.78753811518, 'mae': 16571.544921875, 'r2': -1.999851942062378}
[2026-01-23 11:28:41,999][flwr][INFO] - FL starting
[2026-01-23 11:28:42,003][flwr][DEBUG] - fit_round 1: strategy sampled 6 clients (out of 14)
[2026-01-23 11:28:51,019][flwr][DEBUG] - fit_round 1 received 6 results and 0 failures
[2026-01-23 11:28:51,029][flwr][WARNING] - No fit_metrics_aggregation_fn provided
[2026-01-23 11:28:51,466][flwr][INFO] - fit progress: (1, 155214240.0, {'rmse': 12458.500712365032, 'mae': 7113.67626953125, 'r2': -0.23553645610809326}, 9.466373791976366)
[2026-01-23 11:28:51,466][flwr][DEBUG] - evaluate_round 1: strategy sampled 6 clients (out of 14)
[2026-01-23 11:28:51,724][flwr][DEBUG] - evaluate_round 1 received 6 results and 0 failures
[2026-01-23 11:28:51,724][flwr][WARNING] - No evaluate_metrics_aggregation_fn provided
[2026-01-23 11:28:51,725][flwr][DEBUG] - fit_round 2: strategy sampled 6 clients (out of 14)
[2026-01-23 11:28:55,928][flwr][DEBUG] - fit_round 2 received 6 results and 0 failures
[2026-01-23 11:28:56,314][flwr][INFO] - fit progress: (2, 117735312.0, {'rmse': 10850.590398683382, 'mae': 6509.603515625, 'r2': 0.06280332803726196}, 14.314322874997742)
[2026-01-23 11:28:56,314][flwr][DEBUG] - evaluate_round 2: strategy sampled 6 clients (out of 14)
[2026-01-23 11:28:56,491][flwr][DEBUG] - evaluate_round 2 received 6 results and 0 failures
[2026-01-23 11:28:56,492][flwr][DEBUG] - fit_round 3: strategy sampled 6 clients (out of 14)
[2026-01-23 11:29:01,234][flwr][DEBUG] - fit_round 3 received 6 results and 0 failures
[2026-01-23 11:29:01,651][flwr][INFO] - fit progress: (3, 88974768.0, {'rmse': 9432.643743935207, 'mae': 5933.453125, 'r2': 0.2917429804801941}, 19.65156141697662)
[2026-01-23 11:29:01,651][flwr][DEBUG] - evaluate_round 3: strategy sampled 6 clients (out of 14)
[2026-01-23 11:29:01,903][flwr][DEBUG] - evaluate_round 3 received 6 results and 0 failures
[2026-01-23 11:29:01,904][flwr][DEBUG] - fit_round 4: strategy sampled 6 clients (out of 14)
[2026-01-23 11:29:05,987][flwr][DEBUG] - fit_round 4 received 6 results and 0 failures
[2026-01-23 11:29:06,385][flwr][INFO] - fit progress: (4, 76337184.0, {'rmse': 8737.1153134201, 'mae': 5621.263671875, 'r2': 0.3923407196998596}, 24.385238499962725)
[2026-01-23 11:29:06,385][flwr][DEBUG] - evaluate_round 4: strategy sampled 6 clients (out of 14)
[2026-01-23 11:29:06,613][flwr][DEBUG] - evaluate_round 4 received 6 results and 0 failures
[2026-01-23 11:29:06,613][flwr][DEBUG] - fit_round 5: strategy sampled 6 clients (out of 14)
[2026-01-23 11:29:11,463][flwr][DEBUG] - fit_round 5 received 6 results and 0 failures
[2026-01-23 11:29:11,936][flwr][INFO] - fit progress: (5, 65473120.0, {'rmse': 8091.5462057631485, 'mae': 5360.65283203125, 'r2': 0.4788208603858948}, 29.93595999997342)
[2026-01-23 11:29:11,936][flwr][DEBUG] - evaluate_round 5: strategy sampled 6 clients (out of 14)
[2026-01-23 11:29:12,242][flwr][DEBUG] - evaluate_round 5 received 6 results and 0 failures
[2026-01-23 11:29:12,243][flwr][DEBUG] - fit_round 6: strategy sampled 6 clients (out of 14)
[2026-01-23 11:29:16,781][flwr][DEBUG] - fit_round 6 received 6 results and 0 failures
[2026-01-23 11:29:17,244][flwr][INFO] - fit progress: (6, 63215800.0, {'rmse': 7950.836433986049, 'mae': 5279.630859375, 'r2': 0.4967895746231079}, 35.244537749968)
[2026-01-23 11:29:17,245][flwr][DEBUG] - evaluate_round 6: strategy sampled 6 clients (out of 14)
[2026-01-23 11:29:17,516][flwr][DEBUG] - evaluate_round 6 received 6 results and 0 failures
[2026-01-23 11:29:17,517][flwr][DEBUG] - fit_round 7: strategy sampled 6 clients (out of 14)
[2026-01-23 11:29:21,651][flwr][DEBUG] - fit_round 7 received 6 results and 0 failures
[2026-01-23 11:29:22,039][flwr][INFO] - fit progress: (7, 57773044.0, {'rmse': 7600.858109450538, 'mae': 5077.15234375, 'r2': 0.5401149988174438}, 40.03952970798127)
[2026-01-23 11:29:22,039][flwr][DEBUG] - evaluate_round 7: strategy sampled 6 clients (out of 14)
[2026-01-23 11:29:22,239][flwr][DEBUG] - evaluate_round 7 received 6 results and 0 failures
[2026-01-23 11:29:22,240][flwr][DEBUG] - fit_round 8: strategy sampled 6 clients (out of 14)
[2026-01-23 11:29:26,574][flwr][DEBUG] - fit_round 8 received 6 results and 0 failures
[2026-01-23 11:29:26,956][flwr][INFO] - fit progress: (8, 55341404.0, {'rmse': 7439.180331192409, 'mae': 5003.8818359375, 'r2': 0.5594713091850281}, 44.956689541984815)
[2026-01-23 11:29:26,957][flwr][DEBUG] - evaluate_round 8: strategy sampled 6 clients (out of 14)
[2026-01-23 11:29:27,044][flwr][DEBUG] - evaluate_round 8 received 6 results and 0 failures
[2026-01-23 11:29:27,045][flwr][DEBUG] - fit_round 9: strategy sampled 6 clients (out of 14)
[2026-01-23 11:29:31,103][flwr][DEBUG] - fit_round 9 received 6 results and 0 failures
[2026-01-23 11:29:31,493][flwr][INFO] - fit progress: (9, 52028432.0, {'rmse': 7213.073686023178, 'mae': 4880.47705078125, 'r2': 0.5858432054519653}, 49.49300270801177)
[2026-01-23 11:29:31,493][flwr][DEBUG] - evaluate_round 9: strategy sampled 6 clients (out of 14)
[2026-01-23 11:29:31,582][flwr][DEBUG] - evaluate_round 9 received 6 results and 0 failures
[2026-01-23 11:29:31,583][flwr][DEBUG] - fit_round 10: strategy sampled 6 clients (out of 14)
[2026-01-23 11:29:35,494][flwr][DEBUG] - fit_round 10 received 6 results and 0 failures
[2026-01-23 11:29:35,860][flwr][INFO] - fit progress: (10, 48909148.0, {'rmse': 6993.507560587891, 'mae': 4755.36962890625, 'r2': 0.6106733679771423}, 53.8604091249872)
[2026-01-23 11:29:35,860][flwr][DEBUG] - evaluate_round 10: strategy sampled 6 clients (out of 14)
[2026-01-23 11:29:36,071][flwr][DEBUG] - evaluate_round 10 received 6 results and 0 failures
[2026-01-23 11:29:36,072][flwr][DEBUG] - fit_round 11: strategy sampled 6 clients (out of 14)
[2026-01-23 11:29:40,103][flwr][DEBUG] - fit_round 11 received 6 results and 0 failures
[2026-01-23 11:29:40,487][flwr][INFO] - fit progress: (11, 46767180.0, {'rmse': 6838.653376213771, 'mae': 4666.33349609375, 'r2': 0.6277238130569458}, 58.487354499986395)
[2026-01-23 11:29:40,487][flwr][DEBUG] - evaluate_round 11: strategy sampled 6 clients (out of 14)
[2026-01-23 11:29:40,956][flwr][DEBUG] - evaluate_round 11 received 6 results and 0 failures
[2026-01-23 11:29:40,961][flwr][DEBUG] - fit_round 12: strategy sampled 6 clients (out of 14)
[2026-01-23 11:29:44,971][flwr][DEBUG] - fit_round 12 received 6 results and 0 failures
[2026-01-23 11:29:45,405][flwr][INFO] - fit progress: (12, 47778036.0, {'rmse': 6912.165796622648, 'mae': 4684.06787109375, 'r2': 0.6196772456169128}, 63.405642416968476)
[2026-01-23 11:29:45,406][flwr][DEBUG] - evaluate_round 12: strategy sampled 6 clients (out of 14)
[2026-01-23 11:29:45,509][flwr][DEBUG] - evaluate_round 12 received 6 results and 0 failures
[2026-01-23 11:29:45,510][flwr][DEBUG] - fit_round 13: strategy sampled 6 clients (out of 14)
[2026-01-23 11:29:49,739][flwr][DEBUG] - fit_round 13 received 6 results and 0 failures
[2026-01-23 11:29:50,126][flwr][INFO] - fit progress: (13, 46035400.0, {'rmse': 6784.939203854372, 'mae': 4634.4150390625, 'r2': 0.6335489749908447}, 68.12577908299863)
[2026-01-23 11:29:50,126][flwr][DEBUG] - evaluate_round 13: strategy sampled 6 clients (out of 14)
[2026-01-23 11:29:50,214][flwr][DEBUG] - evaluate_round 13 received 6 results and 0 failures
[2026-01-23 11:29:50,214][flwr][DEBUG] - fit_round 14: strategy sampled 6 clients (out of 14)
[2026-01-23 11:29:54,100][flwr][DEBUG] - fit_round 14 received 6 results and 0 failures
[2026-01-23 11:29:54,487][flwr][INFO] - fit progress: (14, 42649844.0, {'rmse': 6530.6848032959, 'mae': 4485.79443359375, 'r2': 0.6604986786842346}, 72.48764558299445)
[2026-01-23 11:29:54,488][flwr][DEBUG] - evaluate_round 14: strategy sampled 6 clients (out of 14)
[2026-01-23 11:29:54,574][flwr][DEBUG] - evaluate_round 14 received 6 results and 0 failures
[2026-01-23 11:29:54,575][flwr][DEBUG] - fit_round 15: strategy sampled 6 clients (out of 14)
[2026-01-23 11:29:58,462][flwr][DEBUG] - fit_round 15 received 6 results and 0 failures
[2026-01-23 11:29:58,843][flwr][INFO] - fit progress: (15, 45043428.0, {'rmse': 6711.440083916416, 'mae': 4607.7880859375, 'r2': 0.6414452791213989}, 76.84330474998569)
[2026-01-23 11:29:58,843][flwr][DEBUG] - evaluate_round 15: strategy sampled 6 clients (out of 14)
[2026-01-23 11:29:58,924][flwr][DEBUG] - evaluate_round 15 received 6 results and 0 failures
[2026-01-23 11:29:58,925][flwr][DEBUG] - fit_round 16: strategy sampled 6 clients (out of 14)
[2026-01-23 11:30:02,939][flwr][DEBUG] - fit_round 16 received 6 results and 0 failures
[2026-01-23 11:30:03,357][flwr][INFO] - fit progress: (16, 41019500.0, {'rmse': 6404.646750602253, 'mae': 4436.837890625, 'r2': 0.6734765768051147}, 81.35763549996773)
[2026-01-23 11:30:03,358][flwr][DEBUG] - evaluate_round 16: strategy sampled 6 clients (out of 14)
[2026-01-23 11:30:03,445][flwr][DEBUG] - evaluate_round 16 received 6 results and 0 failures
[2026-01-23 11:30:03,446][flwr][DEBUG] - fit_round 17: strategy sampled 6 clients (out of 14)
[2026-01-23 11:30:07,424][flwr][DEBUG] - fit_round 17 received 6 results and 0 failures
[2026-01-23 11:30:07,788][flwr][INFO] - fit progress: (17, 42595004.0, {'rmse': 6526.484811902958, 'mae': 4482.513671875, 'r2': 0.6609352231025696}, 85.78796200000215)
[2026-01-23 11:30:07,788][flwr][DEBUG] - evaluate_round 17: strategy sampled 6 clients (out of 14)
[2026-01-23 11:30:07,875][flwr][DEBUG] - evaluate_round 17 received 6 results and 0 failures
[2026-01-23 11:30:07,876][flwr][DEBUG] - fit_round 18: strategy sampled 6 clients (out of 14)
[2026-01-23 11:30:11,809][flwr][DEBUG] - fit_round 18 received 6 results and 0 failures
[2026-01-23 11:30:12,195][flwr][INFO] - fit progress: (18, 39501860.0, {'rmse': 6285.050516901197, 'mae': 4328.0224609375, 'r2': 0.6855572462081909}, 90.19513158296468)
[2026-01-23 11:30:12,195][flwr][DEBUG] - evaluate_round 18: strategy sampled 6 clients (out of 14)
[2026-01-23 11:30:12,278][flwr][DEBUG] - evaluate_round 18 received 6 results and 0 failures
[2026-01-23 11:30:12,279][flwr][DEBUG] - fit_round 19: strategy sampled 6 clients (out of 14)
[2026-01-23 11:30:16,605][flwr][DEBUG] - fit_round 19 received 6 results and 0 failures
[2026-01-23 11:30:17,024][flwr][INFO] - fit progress: (19, 38081708.0, {'rmse': 6171.037838159802, 'mae': 4268.35791015625, 'r2': 0.696861982345581}, 95.02366462501232)
[2026-01-23 11:30:17,024][flwr][DEBUG] - evaluate_round 19: strategy sampled 6 clients (out of 14)
[2026-01-23 11:30:17,121][flwr][DEBUG] - evaluate_round 19 received 6 results and 0 failures
[2026-01-23 11:30:17,122][flwr][DEBUG] - fit_round 20: strategy sampled 6 clients (out of 14)
[2026-01-23 11:30:21,515][flwr][DEBUG] - fit_round 20 received 6 results and 0 failures
[2026-01-23 11:30:21,931][flwr][INFO] - fit progress: (20, 38580412.0, {'rmse': 6211.313226685642, 'mae': 4287.15283203125, 'r2': 0.6928921937942505}, 99.93114420800703)
[2026-01-23 11:30:21,932][flwr][DEBUG] - evaluate_round 20: strategy sampled 6 clients (out of 14)
[2026-01-23 11:30:22,033][flwr][DEBUG] - evaluate_round 20 received 6 results and 0 failures
[2026-01-23 11:30:22,033][flwr][INFO] - FL finished in 100.03321691701422
[2026-01-23 11:30:22,033][flwr][INFO] - app_fit: losses_distributed [(1, 117032168.67961165), (2, 97791962.8737864), (3, 69057549.50485437), (4, 51919370.800970875), (5, 47520318.80582524), (6, 49343076.689320385), (7, 46919182.33980583), (8, 49868009.12135922), (9, 46569854.597087376), (10, 34855213.83980583), (11, 37677026.01941747), (12, 30532482.322815534), (13, 33513486.080097087), (14, 30512694.764563106), (15, 38508364.300970875), (16, 38119547.24757282), (17, 31175312.43932039), (18, 31890117.611650486), (19, 35317928.504854366), (20, 28619527.86407767)]
[2026-01-23 11:30:22,033][flwr][INFO] - app_fit: metrics_distributed_fit {}
[2026-01-23 11:30:22,033][flwr][INFO] - app_fit: metrics_distributed {}
[2026-01-23 11:30:22,033][flwr][INFO] - app_fit: losses_centralized [(0, 376856320.0), (1, 155214240.0), (2, 117735312.0), (3, 88974768.0), (4, 76337184.0), (5, 65473120.0), (6, 63215800.0), (7, 57773044.0), (8, 55341404.0), (9, 52028432.0), (10, 48909148.0), (11, 46767180.0), (12, 47778036.0), (13, 46035400.0), (14, 42649844.0), (15, 45043428.0), (16, 41019500.0), (17, 42595004.0), (18, 39501860.0), (19, 38081708.0), (20, 38580412.0)]
[2026-01-23 11:30:22,034][flwr][INFO] - app_fit: metrics_centralized {'rmse': [(0, 19412.78753811518), (1, 12458.500712365032), (2, 10850.590398683382), (3, 9432.643743935207), (4, 8737.1153134201), (5, 8091.5462057631485), (6, 7950.836433986049), (7, 7600.858109450538), (8, 7439.180331192409), (9, 7213.073686023178), (10, 6993.507560587891), (11, 6838.653376213771), (12, 6912.165796622648), (13, 6784.939203854372), (14, 6530.6848032959), (15, 6711.440083916416), (16, 6404.646750602253), (17, 6526.484811902958), (18, 6285.050516901197), (19, 6171.037838159802), (20, 6211.313226685642)], 'mae': [(0, 16571.544921875), (1, 7113.67626953125), (2, 6509.603515625), (3, 5933.453125), (4, 5621.263671875), (5, 5360.65283203125), (6, 5279.630859375), (7, 5077.15234375), (8, 5003.8818359375), (9, 4880.47705078125), (10, 4755.36962890625), (11, 4666.33349609375), (12, 4684.06787109375), (13, 4634.4150390625), (14, 4485.79443359375), (15, 4607.7880859375), (16, 4436.837890625), (17, 4482.513671875), (18, 4328.0224609375), (19, 4268.35791015625), (20, 4287.15283203125)], 'r2': [(0, -1.999851942062378), (1, -0.23553645610809326), (2, 0.06280332803726196), (3, 0.2917429804801941), (4, 0.3923407196998596), (5, 0.4788208603858948), (6, 0.4967895746231079), (7, 0.5401149988174438), (8, 0.5594713091850281), (9, 0.5858432054519653), (10, 0.6106733679771423), (11, 0.6277238130569458), (12, 0.6196772456169128), (13, 0.6335489749908447), (14, 0.6604986786842346), (15, 0.6414452791213989), (16, 0.6734765768051147), (17, 0.6609352231025696), (18, 0.6855572462081909), (19, 0.696861982345581), (20, 0.6928921937942505)]}
