[2026-01-21 22:55:29,761][flwr][INFO] - Starting Flower simulation, config: ServerConfig(num_rounds=40, round_timeout=None)
[2026-01-21 22:55:34,596][flwr][INFO] - Flower VCE: Ray initialized with resources: {'node:127.0.0.1': 1.0, 'CPU': 10.0, 'object_store_memory': 2147483648.0, 'memory': 11934391092.0}
[2026-01-21 22:55:34,596][flwr][INFO] - Initializing global parameters
[2026-01-21 22:55:34,597][flwr][INFO] - Using initial parameters provided by strategy
[2026-01-21 22:55:34,597][flwr][INFO] - Evaluating initial parameters
[2026-01-21 22:55:35,439][flwr][INFO] - initial parameters (loss, other metrics): 1.4340404903996313, {'rmse': 11782.010694274555, 'mae': 9149.193359375, 'r2': 0.00890437044283554, 'mape': 79.91940307617188, 'accuracy_10': 11.735205352306366, 'accuracy_20': 21.46439254283905}
[2026-01-21 22:55:35,439][flwr][INFO] - FL starting
[2026-01-21 22:55:35,440][flwr][DEBUG] - fit_round 1: strategy sampled 8 clients (out of 12)
[2026-01-21 22:55:48,886][flwr][DEBUG] - fit_round 1 received 8 results and 0 failures
[2026-01-21 22:55:48,893][flwr][WARNING] - No fit_metrics_aggregation_fn provided
[2026-01-21 22:55:49,169][flwr][INFO] - fit progress: (1, 12.544365130073448, {'rmse': 78707.69985204752, 'mae': 65833.1484375, 'r2': -43.229409941291436, 'mape': 647.84375, 'accuracy_10': 2.8585758060216904, 'accuracy_20': 5.917753279209137}, 13.730037458997685)
[2026-01-21 22:55:49,170][flwr][DEBUG] - evaluate_round 1: strategy sampled 6 clients (out of 12)
[2026-01-21 22:55:49,431][flwr][DEBUG] - evaluate_round 1 received 6 results and 0 failures
[2026-01-21 22:55:49,431][flwr][WARNING] - No evaluate_metrics_aggregation_fn provided
[2026-01-21 22:55:49,433][flwr][DEBUG] - fit_round 2: strategy sampled 8 clients (out of 12)
[2026-01-21 22:55:56,187][flwr][DEBUG] - fit_round 2 received 8 results and 0 failures
[2026-01-21 22:55:56,447][flwr][INFO] - fit progress: (2, 0.1016573134656536, {'rmse': 4682.061084607932, 'mae': 2333.2021484375, 'r2': 0.8434868407312911, 'mape': 12.944443702697754, 'accuracy_10': 44.93480324745178, 'accuracy_20': 82.19658732414246}, 21.007662541989703)
[2026-01-21 22:55:56,447][flwr][DEBUG] - evaluate_round 2: strategy sampled 6 clients (out of 12)
[2026-01-21 22:55:56,664][flwr][DEBUG] - evaluate_round 2 received 6 results and 0 failures
[2026-01-21 22:55:56,665][flwr][DEBUG] - fit_round 3: strategy sampled 8 clients (out of 12)
[2026-01-21 22:56:06,017][flwr][DEBUG] - fit_round 3 received 8 results and 0 failures
[2026-01-21 22:56:06,303][flwr][INFO] - fit progress: (3, 0.07357661408879453, {'rmse': 4482.564890774031, 'mae': 1961.25732421875, 'r2': 0.8565403089573558, 'mape': 10.445113182067871, 'accuracy_10': 57.27181434631348, 'accuracy_20': 89.81946110725403}, 30.86418658401817)
[2026-01-21 22:56:06,304][flwr][DEBUG] - evaluate_round 3: strategy sampled 6 clients (out of 12)
[2026-01-21 22:56:06,527][flwr][DEBUG] - evaluate_round 3 received 6 results and 0 failures
[2026-01-21 22:56:06,528][flwr][DEBUG] - fit_round 4: strategy sampled 8 clients (out of 12)
[2026-01-21 22:56:15,830][flwr][DEBUG] - fit_round 4 received 8 results and 0 failures
[2026-01-21 22:56:16,114][flwr][INFO] - fit progress: (4, 0.056704973856149726, {'rmse': 4263.618416321986, 'mae': 1744.893798828125, 'r2': 0.8702123448249808, 'mape': 8.742523193359375, 'accuracy_10': 68.75627040863037, 'accuracy_20': 93.32998991012573}, 40.674581709026825)
[2026-01-21 22:56:16,114][flwr][DEBUG] - evaluate_round 4: strategy sampled 6 clients (out of 12)
[2026-01-21 22:56:16,331][flwr][DEBUG] - evaluate_round 4 received 6 results and 0 failures
[2026-01-21 22:56:16,332][flwr][DEBUG] - fit_round 5: strategy sampled 8 clients (out of 12)
[2026-01-21 22:56:25,804][flwr][DEBUG] - fit_round 5 received 8 results and 0 failures
[2026-01-21 22:56:26,065][flwr][INFO] - fit progress: (5, 0.041140037754115275, {'rmse': 3995.4939619526394, 'mae': 1499.5211181640625, 'r2': 0.8860228806523622, 'mape': 7.052685260772705, 'accuracy_10': 80.842524766922, 'accuracy_20': 95.48646211624146}, 50.62577862502076)
[2026-01-21 22:56:26,065][flwr][DEBUG] - evaluate_round 5: strategy sampled 6 clients (out of 12)
[2026-01-21 22:56:26,240][flwr][DEBUG] - evaluate_round 5 received 6 results and 0 failures
[2026-01-21 22:56:26,241][flwr][DEBUG] - fit_round 6: strategy sampled 8 clients (out of 12)
[2026-01-21 22:56:36,626][flwr][DEBUG] - fit_round 6 received 8 results and 0 failures
[2026-01-21 22:56:36,942][flwr][INFO] - fit progress: (6, 0.038566079138289605, {'rmse': 3836.919597802383, 'mae': 1339.158447265625, 'r2': 0.894890461448498, 'mape': 6.520590782165527, 'accuracy_10': 85.80742478370667, 'accuracy_20': 95.43631076812744}, 61.5030684589874)
[2026-01-21 22:56:36,943][flwr][DEBUG] - evaluate_round 6: strategy sampled 6 clients (out of 12)
[2026-01-21 22:56:37,227][flwr][DEBUG] - evaluate_round 6 received 6 results and 0 failures
[2026-01-21 22:56:37,228][flwr][DEBUG] - fit_round 7: strategy sampled 8 clients (out of 12)
[2026-01-21 22:56:48,196][flwr][DEBUG] - fit_round 7 received 8 results and 0 failures
[2026-01-21 22:56:48,511][flwr][INFO] - fit progress: (7, 0.03629635055638185, {'rmse': 3789.1022683480055, 'mae': 1274.197021484375, 'r2': 0.8974939834224986, 'mape': 6.116858959197998, 'accuracy_10': 87.61283755302429, 'accuracy_20': 95.63691020011902}, 73.07163583399961)
[2026-01-21 22:56:48,512][flwr][DEBUG] - evaluate_round 7: strategy sampled 6 clients (out of 12)
[2026-01-21 22:56:48,742][flwr][DEBUG] - evaluate_round 7 received 6 results and 0 failures
[2026-01-21 22:56:48,743][flwr][DEBUG] - fit_round 8: strategy sampled 8 clients (out of 12)
[2026-01-21 22:56:55,690][flwr][DEBUG] - fit_round 8 received 8 results and 0 failures
[2026-01-21 22:56:56,010][flwr][INFO] - fit progress: (8, 0.0368447409253362, {'rmse': 4008.6894367112054, 'mae': 1511.5665283203125, 'r2': 0.8852687992234767, 'mape': 6.4175872802734375, 'accuracy_10': 83.60080122947693, 'accuracy_20': 95.68706154823303}, 80.57071404199814)
[2026-01-21 22:56:56,011][flwr][DEBUG] - evaluate_round 8: strategy sampled 6 clients (out of 12)
[2026-01-21 22:56:56,254][flwr][DEBUG] - evaluate_round 8 received 6 results and 0 failures
[2026-01-21 22:56:56,255][flwr][DEBUG] - fit_round 9: strategy sampled 8 clients (out of 12)
[2026-01-21 22:57:06,515][flwr][DEBUG] - fit_round 9 received 8 results and 0 failures
[2026-01-21 22:57:06,849][flwr][INFO] - fit progress: (9, 0.0358969139919776, {'rmse': 4065.42445508461, 'mae': 1501.9412841796875, 'r2': 0.8819982311637595, 'mape': 6.301755428314209, 'accuracy_10': 84.25275683403015, 'accuracy_20': 95.586758852005}, 91.40973362501245)
[2026-01-21 22:57:06,850][flwr][DEBUG] - evaluate_round 9: strategy sampled 6 clients (out of 12)
[2026-01-21 22:57:07,148][flwr][DEBUG] - evaluate_round 9 received 6 results and 0 failures
[2026-01-21 22:57:07,149][flwr][DEBUG] - fit_round 10: strategy sampled 8 clients (out of 12)
[2026-01-21 22:57:18,608][flwr][DEBUG] - fit_round 10 received 8 results and 0 failures
[2026-01-21 22:57:18,905][flwr][INFO] - fit progress: (10, 0.03220593283249956, {'rmse': 3837.292274508159, 'mae': 1391.253662109375, 'r2': 0.8948700463844335, 'mape': 5.881801128387451, 'accuracy_10': 85.10531783103943, 'accuracy_20': 96.28886580467224}, 103.46578166703694)
[2026-01-21 22:57:18,906][flwr][DEBUG] - evaluate_round 10: strategy sampled 6 clients (out of 12)
[2026-01-21 22:57:19,148][flwr][DEBUG] - evaluate_round 10 received 6 results and 0 failures
[2026-01-21 22:57:19,149][flwr][DEBUG] - fit_round 11: strategy sampled 8 clients (out of 12)
[2026-01-21 22:57:29,927][flwr][DEBUG] - fit_round 11 received 8 results and 0 failures
[2026-01-21 22:57:30,217][flwr][INFO] - fit progress: (11, 0.03206783138148285, {'rmse': 3782.103911845892, 'mae': 1365.6522216796875, 'r2': 0.897872278079454, 'mape': 5.939436435699463, 'accuracy_10': 85.80742478370667, 'accuracy_20': 95.93781232833862}, 114.7776455419953)
[2026-01-21 22:57:30,218][flwr][DEBUG] - evaluate_round 11: strategy sampled 6 clients (out of 12)
[2026-01-21 22:57:30,316][flwr][DEBUG] - evaluate_round 11 received 6 results and 0 failures
[2026-01-21 22:57:30,318][flwr][DEBUG] - fit_round 12: strategy sampled 8 clients (out of 12)
[2026-01-21 22:57:39,988][flwr][DEBUG] - fit_round 12 received 8 results and 0 failures
[2026-01-21 22:57:40,268][flwr][INFO] - fit progress: (12, 0.03145443577480053, {'rmse': 3910.155623501448, 'mae': 1387.25634765625, 'r2': 0.8908396771580541, 'mape': 5.74821662902832, 'accuracy_10': 85.40621995925903, 'accuracy_20': 96.23871445655823}, 124.82835762499599)
[2026-01-21 22:57:40,269][flwr][DEBUG] - evaluate_round 12: strategy sampled 6 clients (out of 12)
[2026-01-21 22:57:40,488][flwr][DEBUG] - evaluate_round 12 received 6 results and 0 failures
[2026-01-21 22:57:40,489][flwr][DEBUG] - fit_round 13: strategy sampled 8 clients (out of 12)
[2026-01-21 22:57:52,214][flwr][DEBUG] - fit_round 13 received 8 results and 0 failures
[2026-01-21 22:57:52,542][flwr][INFO] - fit progress: (13, 0.030673405510506995, {'rmse': 3747.7573293904716, 'mae': 1334.8707275390625, 'r2': 0.899718770759715, 'mape': 5.689793109893799, 'accuracy_10': 86.00802421569824, 'accuracy_20': 95.93781232833862}, 137.1027373750112)
[2026-01-21 22:57:52,543][flwr][DEBUG] - evaluate_round 13: strategy sampled 6 clients (out of 12)
[2026-01-21 22:57:52,830][flwr][DEBUG] - evaluate_round 13 received 6 results and 0 failures
[2026-01-21 22:57:52,831][flwr][DEBUG] - fit_round 14: strategy sampled 8 clients (out of 12)
[2026-01-21 22:58:03,005][flwr][DEBUG] - fit_round 14 received 8 results and 0 failures
[2026-01-21 22:58:03,270][flwr][INFO] - fit progress: (14, 0.03203755734094167, {'rmse': 3938.8690001065024, 'mae': 1423.8968505859375, 'r2': 0.889230604926507, 'mape': 5.789098739624023, 'accuracy_10': 84.95486378669739, 'accuracy_20': 96.13841772079468}, 147.8298062920221)
[2026-01-21 22:58:03,270][flwr][DEBUG] - evaluate_round 14: strategy sampled 6 clients (out of 12)
[2026-01-21 22:58:03,559][flwr][DEBUG] - evaluate_round 14 received 6 results and 0 failures
[2026-01-21 22:58:03,560][flwr][DEBUG] - fit_round 15: strategy sampled 8 clients (out of 12)
[2026-01-21 22:58:13,214][flwr][DEBUG] - fit_round 15 received 8 results and 0 failures
[2026-01-21 22:58:13,479][flwr][INFO] - fit progress: (15, 0.03269502770906705, {'rmse': 3948.373969116907, 'mae': 1450.0711669921875, 'r2': 0.8886953547985608, 'mape': 5.970790863037109, 'accuracy_10': 84.7041130065918, 'accuracy_20': 95.98796367645264}, 158.03955774998758)
[2026-01-21 22:58:13,480][flwr][DEBUG] - evaluate_round 15: strategy sampled 6 clients (out of 12)
[2026-01-21 22:58:13,672][flwr][DEBUG] - evaluate_round 15 received 6 results and 0 failures
[2026-01-21 22:58:13,674][flwr][DEBUG] - fit_round 16: strategy sampled 8 clients (out of 12)
[2026-01-21 22:58:23,806][flwr][DEBUG] - fit_round 16 received 8 results and 0 failures
[2026-01-21 22:58:24,085][flwr][INFO] - fit progress: (16, 0.030575382839907017, {'rmse': 3740.1421095995806, 'mae': 1342.22021484375, 'r2': 0.9001258914284656, 'mape': 5.731165409088135, 'accuracy_10': 86.00802421569824, 'accuracy_20': 95.88766098022461}, 168.64489662501728)
[2026-01-21 22:58:24,085][flwr][DEBUG] - evaluate_round 16: strategy sampled 6 clients (out of 12)
[2026-01-21 22:58:24,288][flwr][DEBUG] - evaluate_round 16 received 6 results and 0 failures
[2026-01-21 22:58:24,289][flwr][DEBUG] - fit_round 17: strategy sampled 8 clients (out of 12)
[2026-01-21 22:58:33,794][flwr][DEBUG] - fit_round 17 received 8 results and 0 failures
[2026-01-21 22:58:34,102][flwr][INFO] - fit progress: (17, 0.029553073003454697, {'rmse': 3738.5479801655615, 'mae': 1307.978515625, 'r2': 0.9002110055263813, 'mape': 5.578521728515625, 'accuracy_10': 86.15847826004028, 'accuracy_20': 95.88766098022461}, 178.662360834016)
[2026-01-21 22:58:34,103][flwr][DEBUG] - evaluate_round 17: strategy sampled 6 clients (out of 12)
[2026-01-21 22:58:34,338][flwr][DEBUG] - evaluate_round 17 received 6 results and 0 failures
[2026-01-21 22:58:34,340][flwr][DEBUG] - fit_round 18: strategy sampled 8 clients (out of 12)
[2026-01-21 22:58:40,953][flwr][DEBUG] - fit_round 18 received 8 results and 0 failures
[2026-01-21 22:58:41,280][flwr][INFO] - fit progress: (18, 0.03509336798904891, {'rmse': 4204.182679189857, 'mae': 1567.02734375, 'r2': 0.8738056600882447, 'mape': 6.203735828399658, 'accuracy_10': 83.70110392570496, 'accuracy_20': 95.48646211624146}, 185.840493042022)
[2026-01-21 22:58:41,281][flwr][DEBUG] - evaluate_round 18: strategy sampled 6 clients (out of 12)
[2026-01-21 22:58:41,559][flwr][DEBUG] - evaluate_round 18 received 6 results and 0 failures
[2026-01-21 22:58:41,560][flwr][DEBUG] - fit_round 19: strategy sampled 8 clients (out of 12)
[2026-01-21 22:58:52,608][flwr][DEBUG] - fit_round 19 received 8 results and 0 failures
[2026-01-21 22:58:53,034][flwr][INFO] - fit progress: (19, 0.0290840107110612, {'rmse': 3654.6785084327184, 'mae': 1281.0113525390625, 'r2': 0.9046380605665673, 'mape': 5.526584148406982, 'accuracy_10': 86.40922904014587, 'accuracy_20': 96.08826637268066}, 197.59417666698573)
[2026-01-21 22:58:53,035][flwr][DEBUG] - evaluate_round 19: strategy sampled 6 clients (out of 12)
[2026-01-21 22:58:53,359][flwr][DEBUG] - evaluate_round 19 received 6 results and 0 failures
[2026-01-21 22:58:53,360][flwr][DEBUG] - fit_round 20: strategy sampled 8 clients (out of 12)
[2026-01-21 22:59:04,152][flwr][DEBUG] - fit_round 20 received 8 results and 0 failures
[2026-01-21 22:59:04,447][flwr][INFO] - fit progress: (20, 0.03241101400543718, {'rmse': 4011.163920858882, 'mae': 1492.0802001953125, 'r2': 0.8851271110525514, 'mape': 6.048914432525635, 'accuracy_10': 85.305917263031, 'accuracy_20': 95.88766098022461}, 209.00688387500122)
[2026-01-21 22:59:04,447][flwr][DEBUG] - evaluate_round 20: strategy sampled 6 clients (out of 12)
[2026-01-21 22:59:04,716][flwr][DEBUG] - evaluate_round 20 received 6 results and 0 failures
[2026-01-21 22:59:04,717][flwr][DEBUG] - fit_round 21: strategy sampled 8 clients (out of 12)
[2026-01-21 22:59:16,025][flwr][DEBUG] - fit_round 21 received 8 results and 0 failures
[2026-01-21 22:59:16,301][flwr][INFO] - fit progress: (21, 0.03028539056845809, {'rmse': 3869.8865616449275, 'mae': 1419.8184814453125, 'r2': 0.8930764979435929, 'mape': 5.807975769042969, 'accuracy_10': 85.35606861114502, 'accuracy_20': 95.93781232833862}, 220.86053066700697)
[2026-01-21 22:59:16,301][flwr][DEBUG] - evaluate_round 21: strategy sampled 6 clients (out of 12)
[2026-01-21 22:59:16,410][flwr][DEBUG] - evaluate_round 21 received 6 results and 0 failures
[2026-01-21 22:59:16,411][flwr][DEBUG] - fit_round 22: strategy sampled 8 clients (out of 12)
[2026-01-21 22:59:25,711][flwr][DEBUG] - fit_round 22 received 8 results and 0 failures
[2026-01-21 22:59:25,995][flwr][INFO] - fit progress: (22, 0.029127061017672182, {'rmse': 3684.6740697109153, 'mae': 1322.4373779296875, 'r2': 0.9030662839585232, 'mape': 5.697104454040527, 'accuracy_10': 86.40922904014587, 'accuracy_20': 96.18856310844421}, 230.5550894170301)
[2026-01-21 22:59:25,996][flwr][DEBUG] - evaluate_round 22: strategy sampled 6 clients (out of 12)
[2026-01-21 22:59:26,204][flwr][DEBUG] - evaluate_round 22 received 6 results and 0 failures
[2026-01-21 22:59:26,205][flwr][DEBUG] - fit_round 23: strategy sampled 8 clients (out of 12)
[2026-01-21 22:59:36,095][flwr][DEBUG] - fit_round 23 received 8 results and 0 failures
[2026-01-21 22:59:36,464][flwr][INFO] - fit progress: (23, 0.029055801908688297, {'rmse': 3664.380029418346, 'mae': 1337.227783203125, 'r2': 0.9041311011416244, 'mape': 5.783998489379883, 'accuracy_10': 86.8104338645935, 'accuracy_20': 95.73721289634705}, 241.02424616698408)
[2026-01-21 22:59:36,465][flwr][DEBUG] - evaluate_round 23: strategy sampled 6 clients (out of 12)
[2026-01-21 22:59:36,741][flwr][DEBUG] - evaluate_round 23 received 6 results and 0 failures
[2026-01-21 22:59:36,742][flwr][DEBUG] - fit_round 24: strategy sampled 8 clients (out of 12)
[2026-01-21 22:59:47,535][flwr][DEBUG] - fit_round 24 received 8 results and 0 failures
[2026-01-21 22:59:47,842][flwr][INFO] - fit progress: (24, 0.031081064328655914, {'rmse': 3977.5023570074727, 'mae': 1482.2225341796875, 'r2': 0.8870470436992659, 'mape': 5.945133209228516, 'accuracy_10': 85.20561456680298, 'accuracy_20': 95.93781232833862}, 252.40230804198654)
[2026-01-21 22:59:47,843][flwr][DEBUG] - evaluate_round 24: strategy sampled 6 clients (out of 12)
[2026-01-21 22:59:48,225][flwr][DEBUG] - evaluate_round 24 received 6 results and 0 failures
[2026-01-21 22:59:48,226][flwr][DEBUG] - fit_round 25: strategy sampled 8 clients (out of 12)
[2026-01-21 22:59:58,213][flwr][DEBUG] - fit_round 25 received 8 results and 0 failures
[2026-01-21 22:59:58,490][flwr][INFO] - fit progress: (25, 0.03059135581419963, {'rmse': 3864.1816727478017, 'mae': 1460.8951416015625, 'r2': 0.893391508835147, 'mape': 6.0403313636779785, 'accuracy_10': 85.80742478370667, 'accuracy_20': 96.13841772079468}, 263.0502192089916)
[2026-01-21 22:59:58,491][flwr][DEBUG] - evaluate_round 25: strategy sampled 6 clients (out of 12)
[2026-01-21 22:59:58,699][flwr][DEBUG] - evaluate_round 25 received 6 results and 0 failures
[2026-01-21 22:59:58,699][flwr][DEBUG] - fit_round 26: strategy sampled 8 clients (out of 12)
[2026-01-21 23:00:08,333][flwr][DEBUG] - fit_round 26 received 8 results and 0 failures
[2026-01-21 23:00:08,608][flwr][INFO] - fit progress: (26, 0.027756733913254835, {'rmse': 3657.2536143942766, 'mae': 1294.3995361328125, 'r2': 0.904503624729823, 'mape': 5.5063276290893555, 'accuracy_10': 86.86057925224304, 'accuracy_20': 95.78736424446106}, 273.1675704169902)
[2026-01-21 23:00:08,608][flwr][DEBUG] - evaluate_round 26: strategy sampled 6 clients (out of 12)
[2026-01-21 23:00:08,719][flwr][DEBUG] - evaluate_round 26 received 6 results and 0 failures
[2026-01-21 23:00:08,720][flwr][DEBUG] - fit_round 27: strategy sampled 8 clients (out of 12)
[2026-01-21 23:00:18,206][flwr][DEBUG] - fit_round 27 received 8 results and 0 failures
[2026-01-21 23:00:18,528][flwr][INFO] - fit progress: (27, 0.03216416017341996, {'rmse': 3989.505733797108, 'mae': 1514.236572265625, 'r2': 0.8863642683346634, 'mape': 6.1768107414245605, 'accuracy_10': 85.05516648292542, 'accuracy_20': 95.8375096321106}, 283.0872775419848)
[2026-01-21 23:00:18,528][flwr][DEBUG] - evaluate_round 27: strategy sampled 6 clients (out of 12)
[2026-01-21 23:00:18,763][flwr][DEBUG] - evaluate_round 27 received 6 results and 0 failures
[2026-01-21 23:00:18,764][flwr][DEBUG] - fit_round 28: strategy sampled 8 clients (out of 12)
[2026-01-21 23:00:28,138][flwr][DEBUG] - fit_round 28 received 8 results and 0 failures
[2026-01-21 23:00:28,490][flwr][INFO] - fit progress: (28, 0.03121203470717342, {'rmse': 4031.4099270602587, 'mae': 1499.04248046875, 'r2': 0.8839645670164369, 'mape': 5.932072162628174, 'accuracy_10': 84.90471243858337, 'accuracy_20': 95.8375096321106}, 293.05008745903615)
[2026-01-21 23:00:28,491][flwr][DEBUG] - evaluate_round 28: strategy sampled 6 clients (out of 12)
[2026-01-21 23:00:28,683][flwr][DEBUG] - evaluate_round 28 received 6 results and 0 failures
[2026-01-21 23:00:28,684][flwr][DEBUG] - fit_round 29: strategy sampled 8 clients (out of 12)
[2026-01-21 23:00:40,346][flwr][DEBUG] - fit_round 29 received 8 results and 0 failures
[2026-01-21 23:00:40,646][flwr][INFO] - fit progress: (29, 0.028411056639004496, {'rmse': 3642.98668677227, 'mae': 1351.320068359375, 'r2': 0.9052472346387789, 'mape': 5.765124320983887, 'accuracy_10': 86.20862364768982, 'accuracy_20': 96.23871445655823}, 305.20593095902586)
[2026-01-21 23:00:40,647][flwr][DEBUG] - evaluate_round 29: strategy sampled 6 clients (out of 12)
[2026-01-21 23:00:40,938][flwr][DEBUG] - evaluate_round 29 received 6 results and 0 failures
[2026-01-21 23:00:40,939][flwr][DEBUG] - fit_round 30: strategy sampled 8 clients (out of 12)
[2026-01-21 23:00:54,048][flwr][DEBUG] - fit_round 30 received 8 results and 0 failures
[2026-01-21 23:00:54,354][flwr][INFO] - fit progress: (30, 0.027906329835295198, {'rmse': 3606.74742669902, 'mae': 1311.6461181640625, 'r2': 0.9071230006436611, 'mape': 5.612020492553711, 'accuracy_10': 86.00802421569824, 'accuracy_20': 96.03811502456665}, 318.91389404202346)
[2026-01-21 23:00:54,355][flwr][DEBUG] - evaluate_round 30: strategy sampled 6 clients (out of 12)
[2026-01-21 23:00:54,519][flwr][DEBUG] - evaluate_round 30 received 6 results and 0 failures
[2026-01-21 23:00:54,520][flwr][DEBUG] - fit_round 31: strategy sampled 8 clients (out of 12)
[2026-01-21 23:01:03,922][flwr][DEBUG] - fit_round 31 received 8 results and 0 failures
[2026-01-21 23:01:04,205][flwr][INFO] - fit progress: (31, 0.027714396216939302, {'rmse': 3584.7281626366034, 'mae': 1323.8907470703125, 'r2': 0.9082535728122032, 'mape': 5.716182231903076, 'accuracy_10': 86.65997982025146, 'accuracy_20': 96.33901715278625}, 328.7641654170002)
[2026-01-21 23:01:04,205][flwr][DEBUG] - evaluate_round 31: strategy sampled 6 clients (out of 12)
[2026-01-21 23:01:04,327][flwr][DEBUG] - evaluate_round 31 received 6 results and 0 failures
[2026-01-21 23:01:04,328][flwr][DEBUG] - fit_round 32: strategy sampled 8 clients (out of 12)
[2026-01-21 23:01:13,575][flwr][DEBUG] - fit_round 32 received 8 results and 0 failures
[2026-01-21 23:01:13,870][flwr][INFO] - fit progress: (32, 0.02738192228931063, {'rmse': 3610.2509608059104, 'mae': 1310.33544921875, 'r2': 0.9069424769198314, 'mape': 5.578261375427246, 'accuracy_10': 86.20862364768982, 'accuracy_20': 96.23871445655823}, 338.4297689170344)
[2026-01-21 23:01:13,871][flwr][DEBUG] - evaluate_round 32: strategy sampled 6 clients (out of 12)
[2026-01-21 23:01:14,080][flwr][DEBUG] - evaluate_round 32 received 6 results and 0 failures
[2026-01-21 23:01:14,081][flwr][DEBUG] - fit_round 33: strategy sampled 8 clients (out of 12)
[2026-01-21 23:01:24,198][flwr][DEBUG] - fit_round 33 received 8 results and 0 failures
[2026-01-21 23:01:24,511][flwr][INFO] - fit progress: (33, 0.026952401750768677, {'rmse': 3541.386451659858, 'mae': 1286.7073974609375, 'r2': 0.9104587077170585, 'mape': 5.542720794677734, 'accuracy_10': 86.8104338645935, 'accuracy_20': 96.43931984901428}, 349.0701290839934)
[2026-01-21 23:01:24,511][flwr][DEBUG] - evaluate_round 33: strategy sampled 6 clients (out of 12)
[2026-01-21 23:01:24,696][flwr][DEBUG] - evaluate_round 33 received 6 results and 0 failures
[2026-01-21 23:01:24,697][flwr][DEBUG] - fit_round 34: strategy sampled 8 clients (out of 12)
[2026-01-21 23:01:34,111][flwr][DEBUG] - fit_round 34 received 8 results and 0 failures
[2026-01-21 23:01:34,388][flwr][INFO] - fit progress: (34, 0.030689542259322244, {'rmse': 3942.5709885809283, 'mae': 1518.8839111328125, 'r2': 0.8890222891434801, 'mape': 6.131280899047852, 'accuracy_10': 85.20561456680298, 'accuracy_20': 96.13841772079468}, 358.9474871670245)
[2026-01-21 23:01:34,388][flwr][DEBUG] - evaluate_round 34: strategy sampled 6 clients (out of 12)
[2026-01-21 23:01:34,634][flwr][DEBUG] - evaluate_round 34 received 6 results and 0 failures
[2026-01-21 23:01:34,635][flwr][DEBUG] - fit_round 35: strategy sampled 8 clients (out of 12)
[2026-01-21 23:01:44,335][flwr][DEBUG] - fit_round 35 received 8 results and 0 failures
[2026-01-21 23:01:44,623][flwr][INFO] - fit progress: (35, 0.028873522141004877, {'rmse': 3882.1540412508107, 'mae': 1432.5667724609375, 'r2': 0.8923975284045111, 'mape': 5.757192611694336, 'accuracy_10': 85.35606861114502, 'accuracy_20': 96.18856310844421}, 369.1828769170097)
[2026-01-21 23:01:44,624][flwr][DEBUG] - evaluate_round 35: strategy sampled 6 clients (out of 12)
[2026-01-21 23:01:44,738][flwr][DEBUG] - evaluate_round 35 received 6 results and 0 failures
[2026-01-21 23:01:44,739][flwr][DEBUG] - fit_round 36: strategy sampled 8 clients (out of 12)
[2026-01-21 23:01:54,468][flwr][DEBUG] - fit_round 36 received 8 results and 0 failures
[2026-01-21 23:01:54,755][flwr][INFO] - fit progress: (36, 0.028428414503977435, {'rmse': 3883.7198663137383, 'mae': 1434.1572265625, 'r2': 0.8923107130512566, 'mape': 5.759298324584961, 'accuracy_10': 85.45637130737305, 'accuracy_20': 96.18856310844421}, 379.31426358403405)
[2026-01-21 23:01:54,755][flwr][DEBUG] - evaluate_round 36: strategy sampled 6 clients (out of 12)
[2026-01-21 23:01:54,878][flwr][DEBUG] - evaluate_round 36 received 6 results and 0 failures
[2026-01-21 23:01:54,879][flwr][DEBUG] - fit_round 37: strategy sampled 8 clients (out of 12)
[2026-01-21 23:02:03,760][flwr][DEBUG] - fit_round 37 received 8 results and 0 failures
[2026-01-21 23:02:04,042][flwr][INFO] - fit progress: (37, 0.026078553261270853, {'rmse': 3560.5214505743397, 'mae': 1299.842529296875, 'r2': 0.909488464198196, 'mape': 5.472157001495361, 'accuracy_10': 86.55967712402344, 'accuracy_20': 96.4894711971283}, 388.60130041703815)
[2026-01-21 23:02:04,042][flwr][DEBUG] - evaluate_round 37: strategy sampled 6 clients (out of 12)
[2026-01-21 23:02:04,134][flwr][DEBUG] - evaluate_round 37 received 6 results and 0 failures
[2026-01-21 23:02:04,135][flwr][DEBUG] - fit_round 38: strategy sampled 8 clients (out of 12)
[2026-01-21 23:02:13,273][flwr][DEBUG] - fit_round 38 received 8 results and 0 failures
[2026-01-21 23:02:13,552][flwr][INFO] - fit progress: (38, 0.026318520647562377, {'rmse': 3556.0091394708197, 'mae': 1315.257568359375, 'r2': 0.9097177303540793, 'mape': 5.598250389099121, 'accuracy_10': 86.15847826004028, 'accuracy_20': 96.43931984901428}, 398.11114608403295)
[2026-01-21 23:02:13,552][flwr][DEBUG] - evaluate_round 38: strategy sampled 6 clients (out of 12)
[2026-01-21 23:02:13,648][flwr][DEBUG] - evaluate_round 38 received 6 results and 0 failures
[2026-01-21 23:02:13,649][flwr][DEBUG] - fit_round 39: strategy sampled 8 clients (out of 12)
[2026-01-21 23:02:22,445][flwr][DEBUG] - fit_round 39 received 8 results and 0 failures
[2026-01-21 23:02:22,722][flwr][INFO] - fit progress: (39, 0.02654928837341435, {'rmse': 3565.811969243471, 'mae': 1317.7108154296875, 'r2': 0.9092192845388272, 'mape': 5.642495632171631, 'accuracy_10': 86.65997982025146, 'accuracy_20': 96.53961658477783}, 407.28144987503765)
[2026-01-21 23:02:22,723][flwr][DEBUG] - evaluate_round 39: strategy sampled 6 clients (out of 12)
[2026-01-21 23:02:22,823][flwr][DEBUG] - evaluate_round 39 received 6 results and 0 failures
[2026-01-21 23:02:22,824][flwr][DEBUG] - fit_round 40: strategy sampled 8 clients (out of 12)
[2026-01-21 23:02:31,693][flwr][DEBUG] - fit_round 40 received 8 results and 0 failures
[2026-01-21 23:02:31,967][flwr][INFO] - fit progress: (40, 0.028644515188371644, {'rmse': 3864.7296153806155, 'mae': 1480.532470703125, 'r2': 0.893361274887899, 'mape': 5.931993007659912, 'accuracy_10': 85.70712208747864, 'accuracy_20': 96.13841772079468}, 416.52605020900955)
[2026-01-21 23:02:31,968][flwr][DEBUG] - evaluate_round 40: strategy sampled 6 clients (out of 12)
[2026-01-21 23:02:32,059][flwr][DEBUG] - evaluate_round 40 received 6 results and 0 failures
[2026-01-21 23:02:32,059][flwr][INFO] - FL finished in 416.61860600003274
[2026-01-21 23:02:32,064][flwr][INFO] - app_fit: losses_distributed [(1, 12.834196606169266), (2, 0.11104745077123662), (3, 0.06758314258574198), (4, 0.06259099793014997), (5, 0.045572365684319736), (6, 0.03465947743270781), (7, 0.04989443143390736), (8, 0.03502683626286801), (9, 0.03970435725189514), (10, 0.04503404272922838), (11, 0.04355845406606216), (12, 0.042407059552157206), (13, 0.03553188605636329), (14, 0.04592595642707868), (15, 0.037663269925583595), (16, 0.038854351379661735), (17, 0.029776424648288193), (18, 0.030726721312620234), (19, 0.018685290143935565), (20, 0.03724980787356747), (21, 0.0320280985725753), (22, 0.03884121421631889), (23, 0.046934379874376195), (24, 0.0378188329163642), (25, 0.033080049331278304), (26, 0.027544955025250964), (27, 0.033905466555540595), (28, 0.03012234703605665), (29, 0.031107468582767545), (30, 0.03844670379075451), (31, 0.03091808799136844), (32, 0.031351365601553376), (33, 0.01953832022221001), (34, 0.03548845322077897), (35, 0.0408094030377821), (36, 0.03757733418923164), (37, 0.022094410912790234), (38, 0.0362381049968358), (39, 0.03071643286348384), (40, 0.02409704957755394)]
[2026-01-21 23:02:32,064][flwr][INFO] - app_fit: metrics_distributed_fit {'scaffold_updates': [(1, 8), (2, 8), (3, 8), (4, 8), (5, 8), (6, 8), (7, 8), (8, 8), (9, 8), (10, 8), (11, 8), (12, 8), (13, 8), (14, 8), (15, 8), (16, 8), (17, 8), (18, 8), (19, 8), (20, 8), (21, 8), (22, 8), (23, 8), (24, 8), (25, 8), (26, 8), (27, 8), (28, 8), (29, 8), (30, 8), (31, 8), (32, 8), (33, 8), (34, 8), (35, 8), (36, 8), (37, 8), (38, 8), (39, 8), (40, 8)], 'avg_control_delta_norm': [(1, 0.002645077094047876), (2, 0.0027851699774180763), (3, 0.0011146606161940807), (4, 0.0008894516750810554), (5, 0.0007915303602864158), (6, 0.0006569733847101571), (7, 0.0005697974697250864), (8, 0.0006606146795881794), (9, 0.0005657028340089022), (10, 0.0005075816563083099), (11, 0.0005141075394859446), (12, 0.00046107824405299067), (13, 0.00047716311934533744), (14, 0.0004324649795992741), (15, 0.0004554609395066104), (16, 0.0004274152771599564), (17, 0.00038440115962343495), (18, 0.0004132160866616161), (19, 0.0003000640355501596), (20, 0.00035241343116755385), (21, 0.0003063972678530534), (22, 0.00033856337877931445), (23, 0.00032511658240786946), (24, 0.0003150222396090806), (25, 0.00024263280922602642), (26, 0.0003104730566730619), (27, 0.0002784466067768054), (28, 0.0002923745571490143), (29, 0.0002945943724775971), (30, 0.00022775354084371375), (31, 0.0002645734956522211), (32, 0.0002251698882881566), (33, 0.00023131821270666375), (34, 0.00024853965183228816), (35, 0.00020102138654580254), (36, 0.0002064979704839186), (37, 0.0002709974729183294), (38, 0.00019520658778154624), (39, 0.0002214337866068895), (40, 0.00022017702599301222)]}
[2026-01-21 23:02:32,065][flwr][INFO] - app_fit: metrics_distributed {}
[2026-01-21 23:02:32,065][flwr][INFO] - app_fit: losses_centralized [(0, 1.4340404903996313), (1, 12.544365130073448), (2, 0.1016573134656536), (3, 0.07357661408879453), (4, 0.056704973856149726), (5, 0.041140037754115275), (6, 0.038566079138289605), (7, 0.03629635055638185), (8, 0.0368447409253362), (9, 0.0358969139919776), (10, 0.03220593283249956), (11, 0.03206783138148285), (12, 0.03145443577480053), (13, 0.030673405510506995), (14, 0.03203755734094167), (15, 0.03269502770906705), (16, 0.030575382839907017), (17, 0.029553073003454697), (18, 0.03509336798904891), (19, 0.0290840107110612), (20, 0.03241101400543718), (21, 0.03028539056845809), (22, 0.029127061017672182), (23, 0.029055801908688297), (24, 0.031081064328655914), (25, 0.03059135581419963), (26, 0.027756733913254835), (27, 0.03216416017341996), (28, 0.03121203470717342), (29, 0.028411056639004496), (30, 0.027906329835295198), (31, 0.027714396216939302), (32, 0.02738192228931063), (33, 0.026952401750768677), (34, 0.030689542259322244), (35, 0.028873522141004877), (36, 0.028428414503977435), (37, 0.026078553261270853), (38, 0.026318520647562377), (39, 0.02654928837341435), (40, 0.028644515188371644)]
[2026-01-21 23:02:32,065][flwr][INFO] - app_fit: metrics_centralized {'rmse': [(0, 11782.010694274555), (1, 78707.69985204752), (2, 4682.061084607932), (3, 4482.564890774031), (4, 4263.618416321986), (5, 3995.4939619526394), (6, 3836.919597802383), (7, 3789.1022683480055), (8, 4008.6894367112054), (9, 4065.42445508461), (10, 3837.292274508159), (11, 3782.103911845892), (12, 3910.155623501448), (13, 3747.7573293904716), (14, 3938.8690001065024), (15, 3948.373969116907), (16, 3740.1421095995806), (17, 3738.5479801655615), (18, 4204.182679189857), (19, 3654.6785084327184), (20, 4011.163920858882), (21, 3869.8865616449275), (22, 3684.6740697109153), (23, 3664.380029418346), (24, 3977.5023570074727), (25, 3864.1816727478017), (26, 3657.2536143942766), (27, 3989.505733797108), (28, 4031.4099270602587), (29, 3642.98668677227), (30, 3606.74742669902), (31, 3584.7281626366034), (32, 3610.2509608059104), (33, 3541.386451659858), (34, 3942.5709885809283), (35, 3882.1540412508107), (36, 3883.7198663137383), (37, 3560.5214505743397), (38, 3556.0091394708197), (39, 3565.811969243471), (40, 3864.7296153806155)], 'mae': [(0, 9149.193359375), (1, 65833.1484375), (2, 2333.2021484375), (3, 1961.25732421875), (4, 1744.893798828125), (5, 1499.5211181640625), (6, 1339.158447265625), (7, 1274.197021484375), (8, 1511.5665283203125), (9, 1501.9412841796875), (10, 1391.253662109375), (11, 1365.6522216796875), (12, 1387.25634765625), (13, 1334.8707275390625), (14, 1423.8968505859375), (15, 1450.0711669921875), (16, 1342.22021484375), (17, 1307.978515625), (18, 1567.02734375), (19, 1281.0113525390625), (20, 1492.0802001953125), (21, 1419.8184814453125), (22, 1322.4373779296875), (23, 1337.227783203125), (24, 1482.2225341796875), (25, 1460.8951416015625), (26, 1294.3995361328125), (27, 1514.236572265625), (28, 1499.04248046875), (29, 1351.320068359375), (30, 1311.6461181640625), (31, 1323.8907470703125), (32, 1310.33544921875), (33, 1286.7073974609375), (34, 1518.8839111328125), (35, 1432.5667724609375), (36, 1434.1572265625), (37, 1299.842529296875), (38, 1315.257568359375), (39, 1317.7108154296875), (40, 1480.532470703125)], 'r2': [(0, 0.00890437044283554), (1, -43.229409941291436), (2, 0.8434868407312911), (3, 0.8565403089573558), (4, 0.8702123448249808), (5, 0.8860228806523622), (6, 0.894890461448498), (7, 0.8974939834224986), (8, 0.8852687992234767), (9, 0.8819982311637595), (10, 0.8948700463844335), (11, 0.897872278079454), (12, 0.8908396771580541), (13, 0.899718770759715), (14, 0.889230604926507), (15, 0.8886953547985608), (16, 0.9001258914284656), (17, 0.9002110055263813), (18, 0.8738056600882447), (19, 0.9046380605665673), (20, 0.8851271110525514), (21, 0.8930764979435929), (22, 0.9030662839585232), (23, 0.9041311011416244), (24, 0.8870470436992659), (25, 0.893391508835147), (26, 0.904503624729823), (27, 0.8863642683346634), (28, 0.8839645670164369), (29, 0.9052472346387789), (30, 0.9071230006436611), (31, 0.9082535728122032), (32, 0.9069424769198314), (33, 0.9104587077170585), (34, 0.8890222891434801), (35, 0.8923975284045111), (36, 0.8923107130512566), (37, 0.909488464198196), (38, 0.9097177303540793), (39, 0.9092192845388272), (40, 0.893361274887899)], 'mape': [(0, 79.91940307617188), (1, 647.84375), (2, 12.944443702697754), (3, 10.445113182067871), (4, 8.742523193359375), (5, 7.052685260772705), (6, 6.520590782165527), (7, 6.116858959197998), (8, 6.4175872802734375), (9, 6.301755428314209), (10, 5.881801128387451), (11, 5.939436435699463), (12, 5.74821662902832), (13, 5.689793109893799), (14, 5.789098739624023), (15, 5.970790863037109), (16, 5.731165409088135), (17, 5.578521728515625), (18, 6.203735828399658), (19, 5.526584148406982), (20, 6.048914432525635), (21, 5.807975769042969), (22, 5.697104454040527), (23, 5.783998489379883), (24, 5.945133209228516), (25, 6.0403313636779785), (26, 5.5063276290893555), (27, 6.1768107414245605), (28, 5.932072162628174), (29, 5.765124320983887), (30, 5.612020492553711), (31, 5.716182231903076), (32, 5.578261375427246), (33, 5.542720794677734), (34, 6.131280899047852), (35, 5.757192611694336), (36, 5.759298324584961), (37, 5.472157001495361), (38, 5.598250389099121), (39, 5.642495632171631), (40, 5.931993007659912)], 'accuracy_10': [(0, 11.735205352306366), (1, 2.8585758060216904), (2, 44.93480324745178), (3, 57.27181434631348), (4, 68.75627040863037), (5, 80.842524766922), (6, 85.80742478370667), (7, 87.61283755302429), (8, 83.60080122947693), (9, 84.25275683403015), (10, 85.10531783103943), (11, 85.80742478370667), (12, 85.40621995925903), (13, 86.00802421569824), (14, 84.95486378669739), (15, 84.7041130065918), (16, 86.00802421569824), (17, 86.15847826004028), (18, 83.70110392570496), (19, 86.40922904014587), (20, 85.305917263031), (21, 85.35606861114502), (22, 86.40922904014587), (23, 86.8104338645935), (24, 85.20561456680298), (25, 85.80742478370667), (26, 86.86057925224304), (27, 85.05516648292542), (28, 84.90471243858337), (29, 86.20862364768982), (30, 86.00802421569824), (31, 86.65997982025146), (32, 86.20862364768982), (33, 86.8104338645935), (34, 85.20561456680298), (35, 85.35606861114502), (36, 85.45637130737305), (37, 86.55967712402344), (38, 86.15847826004028), (39, 86.65997982025146), (40, 85.70712208747864)], 'accuracy_20': [(0, 21.46439254283905), (1, 5.917753279209137), (2, 82.19658732414246), (3, 89.81946110725403), (4, 93.32998991012573), (5, 95.48646211624146), (6, 95.43631076812744), (7, 95.63691020011902), (8, 95.68706154823303), (9, 95.586758852005), (10, 96.28886580467224), (11, 95.93781232833862), (12, 96.23871445655823), (13, 95.93781232833862), (14, 96.13841772079468), (15, 95.98796367645264), (16, 95.88766098022461), (17, 95.88766098022461), (18, 95.48646211624146), (19, 96.08826637268066), (20, 95.88766098022461), (21, 95.93781232833862), (22, 96.18856310844421), (23, 95.73721289634705), (24, 95.93781232833862), (25, 96.13841772079468), (26, 95.78736424446106), (27, 95.8375096321106), (28, 95.8375096321106), (29, 96.23871445655823), (30, 96.03811502456665), (31, 96.33901715278625), (32, 96.23871445655823), (33, 96.43931984901428), (34, 96.13841772079468), (35, 96.18856310844421), (36, 96.18856310844421), (37, 96.4894711971283), (38, 96.43931984901428), (39, 96.53961658477783), (40, 96.13841772079468)]}
