[2026-01-21 20:03:06,970][flwr][INFO] - Starting Flower simulation, config: ServerConfig(num_rounds=30, round_timeout=None)
[2026-01-21 20:03:11,771][flwr][INFO] - Flower VCE: Ray initialized with resources: {'node:127.0.0.1': 1.0, 'memory': 11575486874.0, 'object_store_memory': 2147483648.0, 'CPU': 10.0}
[2026-01-21 20:03:11,772][flwr][INFO] - Initializing global parameters
[2026-01-21 20:03:11,772][flwr][INFO] - Using initial parameters provided by strategy
[2026-01-21 20:03:11,772][flwr][INFO] - Evaluating initial parameters
[2026-01-21 20:03:12,459][flwr][INFO] - initial parameters (loss, other metrics): 1.4340404903996313, {'rmse': 11782.010694274555, 'mae': 9149.193359375, 'r2': 0.00890437044283554, 'mape': 79.91940307617188, 'accuracy_10': 11.735205352306366, 'accuracy_20': 21.46439254283905}
[2026-01-21 20:03:12,459][flwr][INFO] - FL starting
[2026-01-21 20:03:12,459][flwr][DEBUG] - fit_round 1: strategy sampled 7 clients (out of 12)
[2026-01-21 20:03:22,420][flwr][DEBUG] - fit_round 1 received 7 results and 0 failures
[2026-01-21 20:03:22,425][flwr][WARNING] - No fit_metrics_aggregation_fn provided
[2026-01-21 20:03:22,684][flwr][INFO] - fit progress: (1, 0.16683941272460112, {'rmse': 6334.90331417931, 'mae': 3313.47216796875, 'r2': 0.7134788289919253, 'mape': 17.63941192626953, 'accuracy_10': 35.60681939125061, 'accuracy_20': 74.37312006950378}, 10.224403625004925)
[2026-01-21 20:03:22,684][flwr][DEBUG] - evaluate_round 1: strategy sampled 6 clients (out of 12)
[2026-01-21 20:03:22,899][flwr][DEBUG] - evaluate_round 1 received 6 results and 0 failures
[2026-01-21 20:03:22,899][flwr][WARNING] - No evaluate_metrics_aggregation_fn provided
[2026-01-21 20:03:22,899][flwr][DEBUG] - fit_round 2: strategy sampled 7 clients (out of 12)
[2026-01-21 20:03:27,433][flwr][DEBUG] - fit_round 2 received 7 results and 0 failures
[2026-01-21 20:03:27,674][flwr][INFO] - fit progress: (2, 0.07957783183727485, {'rmse': 4636.974875929349, 'mae': 2078.58251953125, 'r2': 0.8464866378712579, 'mape': 11.035004615783691, 'accuracy_10': 56.56970739364624, 'accuracy_20': 89.21765089035034}, 15.215315709006973)
[2026-01-21 20:03:27,675][flwr][DEBUG] - evaluate_round 2: strategy sampled 6 clients (out of 12)
[2026-01-21 20:03:27,869][flwr][DEBUG] - evaluate_round 2 received 6 results and 0 failures
[2026-01-21 20:03:27,869][flwr][DEBUG] - fit_round 3: strategy sampled 7 clients (out of 12)
[2026-01-21 20:03:32,446][flwr][DEBUG] - fit_round 3 received 7 results and 0 failures
[2026-01-21 20:03:32,686][flwr][INFO] - fit progress: (3, 0.0623120238468305, {'rmse': 4454.025145865255, 'mae': 1744.092041015625, 'r2': 0.8583612681415416, 'mape': 9.133959770202637, 'accuracy_10': 71.11334204673767, 'accuracy_20': 92.9287850856781}, 20.226935292012058)
[2026-01-21 20:03:32,686][flwr][DEBUG] - evaluate_round 3: strategy sampled 6 clients (out of 12)
[2026-01-21 20:03:32,917][flwr][DEBUG] - evaluate_round 3 received 6 results and 0 failures
[2026-01-21 20:03:32,917][flwr][DEBUG] - fit_round 4: strategy sampled 7 clients (out of 12)
[2026-01-21 20:03:37,531][flwr][DEBUG] - fit_round 4 received 7 results and 0 failures
[2026-01-21 20:03:37,770][flwr][INFO] - fit progress: (4, 0.051488786610730794, {'rmse': 4183.772699370748, 'mae': 1548.7030029296875, 'r2': 0.8750279533851344, 'mape': 7.974815368652344, 'accuracy_10': 76.02808475494385, 'accuracy_20': 94.28284764289856}, 25.311164000013378)
[2026-01-21 20:03:37,771][flwr][DEBUG] - evaluate_round 4: strategy sampled 6 clients (out of 12)
[2026-01-21 20:03:37,984][flwr][DEBUG] - evaluate_round 4 received 6 results and 0 failures
[2026-01-21 20:03:37,984][flwr][DEBUG] - fit_round 5: strategy sampled 7 clients (out of 12)
[2026-01-21 20:03:42,153][flwr][DEBUG] - fit_round 5 received 7 results and 0 failures
[2026-01-21 20:03:42,392][flwr][INFO] - fit progress: (5, 0.038721828363693825, {'rmse': 4075.3310294993216, 'mae': 1466.57421875, 'r2': 0.8814224442275702, 'mape': 6.658856391906738, 'accuracy_10': 83.04914832115173, 'accuracy_20': 96.03811502456665}, 29.9323702090187)
[2026-01-21 20:03:42,392][flwr][DEBUG] - evaluate_round 5: strategy sampled 6 clients (out of 12)
[2026-01-21 20:03:42,593][flwr][DEBUG] - evaluate_round 5 received 6 results and 0 failures
[2026-01-21 20:03:42,593][flwr][DEBUG] - fit_round 6: strategy sampled 7 clients (out of 12)
[2026-01-21 20:03:47,089][flwr][DEBUG] - fit_round 6 received 7 results and 0 failures
[2026-01-21 20:03:47,321][flwr][INFO] - fit progress: (6, 0.047721791586492104, {'rmse': 4371.019560697481, 'mae': 1409.0321044921875, 'r2': 0.8635912497046269, 'mape': 6.841664791107178, 'accuracy_10': 85.20561456680298, 'accuracy_20': 94.68405246734619}, 34.86197800002992)
[2026-01-21 20:03:47,321][flwr][DEBUG] - evaluate_round 6: strategy sampled 6 clients (out of 12)
[2026-01-21 20:03:47,539][flwr][DEBUG] - evaluate_round 6 received 6 results and 0 failures
[2026-01-21 20:03:47,539][flwr][DEBUG] - fit_round 7: strategy sampled 7 clients (out of 12)
[2026-01-21 20:03:52,110][flwr][DEBUG] - fit_round 7 received 7 results and 0 failures
[2026-01-21 20:03:52,365][flwr][INFO] - fit progress: (7, 0.03499194039564314, {'rmse': 4095.3441857797498, 'mae': 1442.608154296875, 'r2': 0.8802549577513769, 'mape': 6.116352081298828, 'accuracy_10': 85.25576591491699, 'accuracy_20': 96.08826637268066}, 39.90569616702851)
[2026-01-21 20:03:52,365][flwr][DEBUG] - evaluate_round 7: strategy sampled 6 clients (out of 12)
[2026-01-21 20:03:52,546][flwr][DEBUG] - evaluate_round 7 received 6 results and 0 failures
[2026-01-21 20:03:52,546][flwr][DEBUG] - fit_round 8: strategy sampled 7 clients (out of 12)
[2026-01-21 20:03:57,076][flwr][DEBUG] - fit_round 8 received 7 results and 0 failures
[2026-01-21 20:03:57,320][flwr][INFO] - fit progress: (8, 0.04237469190632628, {'rmse': 4248.999882325252, 'mae': 1323.9853515625, 'r2': 0.8711008254256247, 'mape': 6.26739501953125, 'accuracy_10': 86.86057925224304, 'accuracy_20': 95.18555402755737}, 44.86066841700813)
[2026-01-21 20:03:57,320][flwr][DEBUG] - evaluate_round 8: strategy sampled 6 clients (out of 12)
[2026-01-21 20:03:57,541][flwr][DEBUG] - evaluate_round 8 received 6 results and 0 failures
[2026-01-21 20:03:57,542][flwr][DEBUG] - fit_round 9: strategy sampled 7 clients (out of 12)
[2026-01-21 20:04:02,015][flwr][DEBUG] - fit_round 9 received 7 results and 0 failures
[2026-01-21 20:04:02,251][flwr][INFO] - fit progress: (9, 0.04259933837303666, {'rmse': 4299.899068582889, 'mae': 1309.287109375, 'r2': 0.8679941278532105, 'mape': 6.201294422149658, 'accuracy_10': 88.41524720191956, 'accuracy_20': 94.83450055122375}, 49.791320458985865)
[2026-01-21 20:04:02,251][flwr][DEBUG] - evaluate_round 9: strategy sampled 6 clients (out of 12)
[2026-01-21 20:04:02,409][flwr][DEBUG] - evaluate_round 9 received 6 results and 0 failures
[2026-01-21 20:04:02,409][flwr][DEBUG] - fit_round 10: strategy sampled 7 clients (out of 12)
[2026-01-21 20:04:06,963][flwr][DEBUG] - fit_round 10 received 7 results and 0 failures
[2026-01-21 20:04:07,225][flwr][INFO] - fit progress: (10, 0.03628323275181152, {'rmse': 4024.8638486289196, 'mae': 1291.9183349609375, 'r2': 0.8843410870880821, 'mape': 5.877081871032715, 'accuracy_10': 88.06419372558594, 'accuracy_20': 95.586758852005}, 54.76602270902367)
[2026-01-21 20:04:07,226][flwr][DEBUG] - evaluate_round 10: strategy sampled 6 clients (out of 12)
[2026-01-21 20:04:07,402][flwr][DEBUG] - evaluate_round 10 received 6 results and 0 failures
[2026-01-21 20:04:07,403][flwr][DEBUG] - fit_round 11: strategy sampled 7 clients (out of 12)
[2026-01-21 20:04:11,607][flwr][DEBUG] - fit_round 11 received 7 results and 0 failures
[2026-01-21 20:04:11,862][flwr][INFO] - fit progress: (11, 0.03383045504009771, {'rmse': 4123.743687476223, 'mae': 1457.8011474609375, 'r2': 0.8785884314871624, 'mape': 5.862894058227539, 'accuracy_10': 85.15546917915344, 'accuracy_20': 95.93781232833862}, 59.40237600001274)
[2026-01-21 20:04:11,862][flwr][DEBUG] - evaluate_round 11: strategy sampled 6 clients (out of 12)
[2026-01-21 20:04:12,091][flwr][DEBUG] - evaluate_round 11 received 6 results and 0 failures
[2026-01-21 20:04:12,091][flwr][DEBUG] - fit_round 12: strategy sampled 7 clients (out of 12)
[2026-01-21 20:04:16,788][flwr][DEBUG] - fit_round 12 received 7 results and 0 failures
[2026-01-21 20:04:17,036][flwr][INFO] - fit progress: (12, 0.033308701107695085, {'rmse': 3944.1333648851178, 'mae': 1280.67626953125, 'r2': 0.888934315176676, 'mape': 5.603091239929199, 'accuracy_10': 88.41524720191956, 'accuracy_20': 95.68706154823303}, 64.57684537500609)
[2026-01-21 20:04:17,036][flwr][DEBUG] - evaluate_round 12: strategy sampled 6 clients (out of 12)
[2026-01-21 20:04:17,217][flwr][DEBUG] - evaluate_round 12 received 6 results and 0 failures
[2026-01-21 20:04:17,217][flwr][DEBUG] - fit_round 13: strategy sampled 7 clients (out of 12)
[2026-01-21 20:04:21,675][flwr][DEBUG] - fit_round 13 received 7 results and 0 failures
[2026-01-21 20:04:21,924][flwr][INFO] - fit progress: (13, 0.03162165920258525, {'rmse': 4012.5348596616577, 'mae': 1370.1934814453125, 'r2': 0.8850485746530788, 'mape': 5.601315975189209, 'accuracy_10': 86.8104338645935, 'accuracy_20': 96.03811502456665}, 69.46504329197342)
[2026-01-21 20:04:21,925][flwr][DEBUG] - evaluate_round 13: strategy sampled 6 clients (out of 12)
[2026-01-21 20:04:22,105][flwr][DEBUG] - evaluate_round 13 received 6 results and 0 failures
[2026-01-21 20:04:22,105][flwr][DEBUG] - fit_round 14: strategy sampled 7 clients (out of 12)
[2026-01-21 20:04:26,615][flwr][DEBUG] - fit_round 14 received 7 results and 0 failures
[2026-01-21 20:04:26,887][flwr][INFO] - fit progress: (14, 0.03271423627920411, {'rmse': 3932.7916293645662, 'mae': 1292.1334228515625, 'r2': 0.8895721539347454, 'mape': 5.6422038078308105, 'accuracy_10': 88.16449642181396, 'accuracy_20': 95.63691020011902}, 74.42818554199766)
[2026-01-21 20:04:26,888][flwr][DEBUG] - evaluate_round 14: strategy sampled 6 clients (out of 12)
[2026-01-21 20:04:27,144][flwr][DEBUG] - evaluate_round 14 received 6 results and 0 failures
[2026-01-21 20:04:27,144][flwr][DEBUG] - fit_round 15: strategy sampled 7 clients (out of 12)
[2026-01-21 20:04:31,470][flwr][DEBUG] - fit_round 15 received 7 results and 0 failures
[2026-01-21 20:04:31,713][flwr][INFO] - fit progress: (15, 0.030678669235471977, {'rmse': 3992.600405750618, 'mae': 1389.7138671875, 'r2': 0.8861879097532147, 'mape': 5.541503429412842, 'accuracy_10': 85.5566680431366, 'accuracy_20': 96.23871445655823}, 79.2542464589933)
[2026-01-21 20:04:31,714][flwr][DEBUG] - evaluate_round 15: strategy sampled 6 clients (out of 12)
[2026-01-21 20:04:31,797][flwr][DEBUG] - evaluate_round 15 received 6 results and 0 failures
[2026-01-21 20:04:31,797][flwr][DEBUG] - fit_round 16: strategy sampled 7 clients (out of 12)
[2026-01-21 20:04:36,174][flwr][DEBUG] - fit_round 16 received 7 results and 0 failures
[2026-01-21 20:04:36,420][flwr][INFO] - fit progress: (16, 0.03269757214772964, {'rmse': 3915.282109886847, 'mae': 1279.361328125, 'r2': 0.8905532576223866, 'mape': 5.563871383666992, 'accuracy_10': 87.96389102935791, 'accuracy_20': 95.53660750389099}, 83.96083133399952)
[2026-01-21 20:04:36,420][flwr][DEBUG] - evaluate_round 16: strategy sampled 6 clients (out of 12)
[2026-01-21 20:04:36,533][flwr][DEBUG] - evaluate_round 16 received 6 results and 0 failures
[2026-01-21 20:04:36,533][flwr][DEBUG] - fit_round 17: strategy sampled 7 clients (out of 12)
[2026-01-21 20:04:40,892][flwr][DEBUG] - fit_round 17 received 7 results and 0 failures
[2026-01-21 20:04:41,179][flwr][INFO] - fit progress: (17, 0.032208951195718774, {'rmse': 4201.833885341019, 'mae': 1485.9134521484375, 'r2': 0.8739466296254492, 'mape': 5.722397804260254, 'accuracy_10': 84.35305953025818, 'accuracy_20': 95.43631076812744}, 88.71928150003077)
[2026-01-21 20:04:41,179][flwr][DEBUG] - evaluate_round 17: strategy sampled 6 clients (out of 12)
[2026-01-21 20:04:41,270][flwr][DEBUG] - evaluate_round 17 received 6 results and 0 failures
[2026-01-21 20:04:41,270][flwr][DEBUG] - fit_round 18: strategy sampled 7 clients (out of 12)
[2026-01-21 20:04:45,698][flwr][DEBUG] - fit_round 18 received 7 results and 0 failures
[2026-01-21 20:04:45,940][flwr][INFO] - fit progress: (18, 0.02886421602208134, {'rmse': 3801.64990497547, 'mae': 1312.101318359375, 'r2': 0.8968139579318273, 'mape': 5.440028190612793, 'accuracy_10': 86.65997982025146, 'accuracy_20': 96.4894711971283}, 93.48055133398157)
[2026-01-21 20:04:45,940][flwr][DEBUG] - evaluate_round 18: strategy sampled 6 clients (out of 12)
[2026-01-21 20:04:46,030][flwr][DEBUG] - evaluate_round 18 received 6 results and 0 failures
[2026-01-21 20:04:46,030][flwr][DEBUG] - fit_round 19: strategy sampled 7 clients (out of 12)
[2026-01-21 20:04:50,332][flwr][DEBUG] - fit_round 19 received 7 results and 0 failures
[2026-01-21 20:04:50,569][flwr][INFO] - fit progress: (19, 0.02901911216161196, {'rmse': 3836.7370251295565, 'mae': 1338.30419921875, 'r2': 0.8949004709896073, 'mape': 5.499957084655762, 'accuracy_10': 86.20862364768982, 'accuracy_20': 96.4894711971283}, 98.10975291702198)
[2026-01-21 20:04:50,569][flwr][DEBUG] - evaluate_round 19: strategy sampled 6 clients (out of 12)
[2026-01-21 20:04:50,648][flwr][DEBUG] - evaluate_round 19 received 6 results and 0 failures
[2026-01-21 20:04:50,648][flwr][DEBUG] - fit_round 20: strategy sampled 7 clients (out of 12)
[2026-01-21 20:04:54,734][flwr][DEBUG] - fit_round 20 received 7 results and 0 failures
[2026-01-21 20:04:54,966][flwr][INFO] - fit progress: (20, 0.030659068147899395, {'rmse': 3837.5722794496, 'mae': 1323.6151123046875, 'r2': 0.8948547057543964, 'mape': 5.771138668060303, 'accuracy_10': 87.31193542480469, 'accuracy_20': 95.93781232833862}, 102.50712495902553)
[2026-01-21 20:04:54,967][flwr][DEBUG] - evaluate_round 20: strategy sampled 6 clients (out of 12)
[2026-01-21 20:04:55,047][flwr][DEBUG] - evaluate_round 20 received 6 results and 0 failures
[2026-01-21 20:04:55,048][flwr][DEBUG] - fit_round 21: strategy sampled 7 clients (out of 12)
[2026-01-21 20:04:59,524][flwr][DEBUG] - fit_round 21 received 7 results and 0 failures
[2026-01-21 20:04:59,768][flwr][INFO] - fit progress: (21, 0.030625089562106633, {'rmse': 3819.753264282917, 'mae': 1278.315673828125, 'r2': 0.8958288797597311, 'mape': 5.673696994781494, 'accuracy_10': 88.01404237747192, 'accuracy_20': 95.93781232833862}, 107.30873225000687)
[2026-01-21 20:04:59,768][flwr][DEBUG] - evaluate_round 21: strategy sampled 6 clients (out of 12)
[2026-01-21 20:04:59,989][flwr][DEBUG] - evaluate_round 21 received 6 results and 0 failures
[2026-01-21 20:04:59,990][flwr][DEBUG] - fit_round 22: strategy sampled 7 clients (out of 12)
[2026-01-21 20:05:04,148][flwr][DEBUG] - fit_round 22 received 7 results and 0 failures
[2026-01-21 20:05:04,401][flwr][INFO] - fit progress: (22, 0.02939604805855299, {'rmse': 3927.8126228220203, 'mae': 1420.4473876953125, 'r2': 0.8898515851241294, 'mape': 5.7556328773498535, 'accuracy_10': 85.60681939125061, 'accuracy_20': 96.33901715278625}, 111.94161579199135)
[2026-01-21 20:05:04,401][flwr][DEBUG] - evaluate_round 22: strategy sampled 6 clients (out of 12)
[2026-01-21 20:05:04,576][flwr][DEBUG] - evaluate_round 22 received 6 results and 0 failures
[2026-01-21 20:05:04,576][flwr][DEBUG] - fit_round 23: strategy sampled 7 clients (out of 12)
[2026-01-21 20:05:08,954][flwr][DEBUG] - fit_round 23 received 7 results and 0 failures
[2026-01-21 20:05:09,197][flwr][INFO] - fit progress: (23, 0.029093376621454507, {'rmse': 3793.1701780964163, 'mae': 1209.5631103515625, 'r2': 0.897273766185098, 'mape': 5.242486953735352, 'accuracy_10': 89.4182562828064, 'accuracy_20': 96.08826637268066}, 116.73785520897945)
[2026-01-21 20:05:09,197][flwr][DEBUG] - evaluate_round 23: strategy sampled 6 clients (out of 12)
[2026-01-21 20:05:09,392][flwr][DEBUG] - evaluate_round 23 received 6 results and 0 failures
[2026-01-21 20:05:09,392][flwr][DEBUG] - fit_round 24: strategy sampled 7 clients (out of 12)
[2026-01-21 20:05:13,533][flwr][DEBUG] - fit_round 24 received 7 results and 0 failures
[2026-01-21 20:05:13,784][flwr][INFO] - fit progress: (24, 0.028947924432851966, {'rmse': 3958.7749367702127, 'mae': 1416.4100341796875, 'r2': 0.8881081797177981, 'mape': 5.603064060211182, 'accuracy_10': 85.60681939125061, 'accuracy_20': 96.33901715278625}, 121.32501879200572)
[2026-01-21 20:05:13,785][flwr][DEBUG] - evaluate_round 24: strategy sampled 6 clients (out of 12)
[2026-01-21 20:05:14,024][flwr][DEBUG] - evaluate_round 24 received 6 results and 0 failures
[2026-01-21 20:05:14,025][flwr][DEBUG] - fit_round 25: strategy sampled 7 clients (out of 12)
[2026-01-21 20:05:18,714][flwr][DEBUG] - fit_round 25 received 7 results and 0 failures
[2026-01-21 20:05:18,973][flwr][INFO] - fit progress: (25, 0.030227908190179134, {'rmse': 3828.7060477398886, 'mae': 1237.9305419921875, 'r2': 0.895339988839765, 'mape': 5.410366535186768, 'accuracy_10': 88.61584663391113, 'accuracy_20': 96.13841772079468}, 126.51382120902417)
[2026-01-21 20:05:18,973][flwr][DEBUG] - evaluate_round 25: strategy sampled 6 clients (out of 12)
[2026-01-21 20:05:19,077][flwr][DEBUG] - evaluate_round 25 received 6 results and 0 failures
[2026-01-21 20:05:19,077][flwr][DEBUG] - fit_round 26: strategy sampled 7 clients (out of 12)
[2026-01-21 20:05:23,257][flwr][DEBUG] - fit_round 26 received 7 results and 0 failures
[2026-01-21 20:05:23,501][flwr][INFO] - fit progress: (26, 0.030088073786987045, {'rmse': 3834.242819645099, 'mae': 1254.0999755859375, 'r2': 0.8950370700605107, 'mape': 5.483516693115234, 'accuracy_10': 88.46539855003357, 'accuracy_20': 96.03811502456665}, 131.04181158402935)
[2026-01-21 20:05:23,501][flwr][DEBUG] - evaluate_round 26: strategy sampled 6 clients (out of 12)
[2026-01-21 20:05:23,592][flwr][DEBUG] - evaluate_round 26 received 6 results and 0 failures
[2026-01-21 20:05:23,592][flwr][DEBUG] - fit_round 27: strategy sampled 7 clients (out of 12)
[2026-01-21 20:05:27,931][flwr][DEBUG] - fit_round 27 received 7 results and 0 failures
[2026-01-21 20:05:28,177][flwr][INFO] - fit progress: (27, 0.027294061745450633, {'rmse': 3850.9442997789515, 'mae': 1324.7718505859375, 'r2': 0.8941206654067209, 'mape': 5.338895320892334, 'accuracy_10': 86.8104338645935, 'accuracy_20': 96.28886580467224}, 135.7177690420067)
[2026-01-21 20:05:28,177][flwr][DEBUG] - evaluate_round 27: strategy sampled 6 clients (out of 12)
[2026-01-21 20:05:28,262][flwr][DEBUG] - evaluate_round 27 received 6 results and 0 failures
[2026-01-21 20:05:28,263][flwr][DEBUG] - fit_round 28: strategy sampled 7 clients (out of 12)
[2026-01-21 20:05:32,503][flwr][DEBUG] - fit_round 28 received 7 results and 0 failures
[2026-01-21 20:05:32,768][flwr][INFO] - fit progress: (28, 0.03478130107463422, {'rmse': 3937.814876298783, 'mae': 1173.7540283203125, 'r2': 0.8892898848754646, 'mape': 5.579811096191406, 'accuracy_10': 89.01705145835876, 'accuracy_20': 95.48646211624146}, 140.3087265000213)
[2026-01-21 20:05:32,768][flwr][DEBUG] - evaluate_round 28: strategy sampled 6 clients (out of 12)
[2026-01-21 20:05:32,868][flwr][DEBUG] - evaluate_round 28 received 6 results and 0 failures
[2026-01-21 20:05:32,868][flwr][DEBUG] - fit_round 29: strategy sampled 7 clients (out of 12)
[2026-01-21 20:05:37,088][flwr][DEBUG] - fit_round 29 received 7 results and 0 failures
[2026-01-21 20:05:37,361][flwr][INFO] - fit progress: (29, 0.03108342504735995, {'rmse': 3904.5862776995978, 'mae': 1323.4310302734375, 'r2': 0.891150420245267, 'mape': 5.765830993652344, 'accuracy_10': 87.41223812103271, 'accuracy_20': 96.13841772079468}, 144.9018919590162)
[2026-01-21 20:05:37,361][flwr][DEBUG] - evaluate_round 29: strategy sampled 6 clients (out of 12)
[2026-01-21 20:05:37,470][flwr][DEBUG] - evaluate_round 29 received 6 results and 0 failures
[2026-01-21 20:05:37,471][flwr][DEBUG] - fit_round 30: strategy sampled 7 clients (out of 12)
[2026-01-21 20:05:41,716][flwr][DEBUG] - fit_round 30 received 7 results and 0 failures
[2026-01-21 20:05:41,981][flwr][INFO] - fit progress: (30, 0.02823391519187984, {'rmse': 3871.093902245204, 'mae': 1360.4071044921875, 'r2': 0.8930097676695312, 'mape': 5.603893280029297, 'accuracy_10': 87.01103329658508, 'accuracy_20': 96.43931984901428}, 149.52125841699308)
[2026-01-21 20:05:41,981][flwr][DEBUG] - evaluate_round 30: strategy sampled 6 clients (out of 12)
[2026-01-21 20:05:42,074][flwr][DEBUG] - evaluate_round 30 received 6 results and 0 failures
[2026-01-21 20:05:42,074][flwr][INFO] - FL finished in 149.6149765420123
[2026-01-21 20:05:42,075][flwr][INFO] - app_fit: losses_distributed [(1, 0.12786340498125792), (2, 0.08210311449613829), (3, 0.05047553714013951), (4, 0.028360710996720526), (5, 0.05081397437354664), (6, 0.07187836173600383), (7, 0.03774572000616602), (8, 0.023309989101492613), (9, 0.027299556493681), (10, 0.04412727168454069), (11, 0.04183437688513956), (12, 0.03915542193945262), (13, 0.059274048952181926), (14, 0.011931191341017229), (15, 0.030237118410296346), (16, 0.043481264639883596), (17, 0.029516108547616157), (18, 0.037502437047329945), (19, 0.03693834299962792), (20, 0.025904587691936036), (21, 0.04280742650065918), (22, 0.020981877384927686), (23, 0.026020151422854156), (24, 0.036276844590562636), (25, 0.030613242233222402), (26, 0.05104616115184873), (27, 0.03473707381842865), (28, 0.024358703382360195), (29, 0.01820240415165651), (30, 0.029581811602996742)]
[2026-01-21 20:05:42,075][flwr][INFO] - app_fit: metrics_distributed_fit {}
[2026-01-21 20:05:42,075][flwr][INFO] - app_fit: metrics_distributed {}
[2026-01-21 20:05:42,075][flwr][INFO] - app_fit: losses_centralized [(0, 1.4340404903996313), (1, 0.16683941272460112), (2, 0.07957783183727485), (3, 0.0623120238468305), (4, 0.051488786610730794), (5, 0.038721828363693825), (6, 0.047721791586492104), (7, 0.03499194039564314), (8, 0.04237469190632628), (9, 0.04259933837303666), (10, 0.03628323275181152), (11, 0.03383045504009771), (12, 0.033308701107695085), (13, 0.03162165920258525), (14, 0.03271423627920411), (15, 0.030678669235471977), (16, 0.03269757214772964), (17, 0.032208951195718774), (18, 0.02886421602208134), (19, 0.02901911216161196), (20, 0.030659068147899395), (21, 0.030625089562106633), (22, 0.02939604805855299), (23, 0.029093376621454507), (24, 0.028947924432851966), (25, 0.030227908190179134), (26, 0.030088073786987045), (27, 0.027294061745450633), (28, 0.03478130107463422), (29, 0.03108342504735995), (30, 0.02823391519187984)]
[2026-01-21 20:05:42,076][flwr][INFO] - app_fit: metrics_centralized {'rmse': [(0, 11782.010694274555), (1, 6334.90331417931), (2, 4636.974875929349), (3, 4454.025145865255), (4, 4183.772699370748), (5, 4075.3310294993216), (6, 4371.019560697481), (7, 4095.3441857797498), (8, 4248.999882325252), (9, 4299.899068582889), (10, 4024.8638486289196), (11, 4123.743687476223), (12, 3944.1333648851178), (13, 4012.5348596616577), (14, 3932.7916293645662), (15, 3992.600405750618), (16, 3915.282109886847), (17, 4201.833885341019), (18, 3801.64990497547), (19, 3836.7370251295565), (20, 3837.5722794496), (21, 3819.753264282917), (22, 3927.8126228220203), (23, 3793.1701780964163), (24, 3958.7749367702127), (25, 3828.7060477398886), (26, 3834.242819645099), (27, 3850.9442997789515), (28, 3937.814876298783), (29, 3904.5862776995978), (30, 3871.093902245204)], 'mae': [(0, 9149.193359375), (1, 3313.47216796875), (2, 2078.58251953125), (3, 1744.092041015625), (4, 1548.7030029296875), (5, 1466.57421875), (6, 1409.0321044921875), (7, 1442.608154296875), (8, 1323.9853515625), (9, 1309.287109375), (10, 1291.9183349609375), (11, 1457.8011474609375), (12, 1280.67626953125), (13, 1370.1934814453125), (14, 1292.1334228515625), (15, 1389.7138671875), (16, 1279.361328125), (17, 1485.9134521484375), (18, 1312.101318359375), (19, 1338.30419921875), (20, 1323.6151123046875), (21, 1278.315673828125), (22, 1420.4473876953125), (23, 1209.5631103515625), (24, 1416.4100341796875), (25, 1237.9305419921875), (26, 1254.0999755859375), (27, 1324.7718505859375), (28, 1173.7540283203125), (29, 1323.4310302734375), (30, 1360.4071044921875)], 'r2': [(0, 0.00890437044283554), (1, 0.7134788289919253), (2, 0.8464866378712579), (3, 0.8583612681415416), (4, 0.8750279533851344), (5, 0.8814224442275702), (6, 0.8635912497046269), (7, 0.8802549577513769), (8, 0.8711008254256247), (9, 0.8679941278532105), (10, 0.8843410870880821), (11, 0.8785884314871624), (12, 0.888934315176676), (13, 0.8850485746530788), (14, 0.8895721539347454), (15, 0.8861879097532147), (16, 0.8905532576223866), (17, 0.8739466296254492), (18, 0.8968139579318273), (19, 0.8949004709896073), (20, 0.8948547057543964), (21, 0.8958288797597311), (22, 0.8898515851241294), (23, 0.897273766185098), (24, 0.8881081797177981), (25, 0.895339988839765), (26, 0.8950370700605107), (27, 0.8941206654067209), (28, 0.8892898848754646), (29, 0.891150420245267), (30, 0.8930097676695312)], 'mape': [(0, 79.91940307617188), (1, 17.63941192626953), (2, 11.035004615783691), (3, 9.133959770202637), (4, 7.974815368652344), (5, 6.658856391906738), (6, 6.841664791107178), (7, 6.116352081298828), (8, 6.26739501953125), (9, 6.201294422149658), (10, 5.877081871032715), (11, 5.862894058227539), (12, 5.603091239929199), (13, 5.601315975189209), (14, 5.6422038078308105), (15, 5.541503429412842), (16, 5.563871383666992), (17, 5.722397804260254), (18, 5.440028190612793), (19, 5.499957084655762), (20, 5.771138668060303), (21, 5.673696994781494), (22, 5.7556328773498535), (23, 5.242486953735352), (24, 5.603064060211182), (25, 5.410366535186768), (26, 5.483516693115234), (27, 5.338895320892334), (28, 5.579811096191406), (29, 5.765830993652344), (30, 5.603893280029297)], 'accuracy_10': [(0, 11.735205352306366), (1, 35.60681939125061), (2, 56.56970739364624), (3, 71.11334204673767), (4, 76.02808475494385), (5, 83.04914832115173), (6, 85.20561456680298), (7, 85.25576591491699), (8, 86.86057925224304), (9, 88.41524720191956), (10, 88.06419372558594), (11, 85.15546917915344), (12, 88.41524720191956), (13, 86.8104338645935), (14, 88.16449642181396), (15, 85.5566680431366), (16, 87.96389102935791), (17, 84.35305953025818), (18, 86.65997982025146), (19, 86.20862364768982), (20, 87.31193542480469), (21, 88.01404237747192), (22, 85.60681939125061), (23, 89.4182562828064), (24, 85.60681939125061), (25, 88.61584663391113), (26, 88.46539855003357), (27, 86.8104338645935), (28, 89.01705145835876), (29, 87.41223812103271), (30, 87.01103329658508)], 'accuracy_20': [(0, 21.46439254283905), (1, 74.37312006950378), (2, 89.21765089035034), (3, 92.9287850856781), (4, 94.28284764289856), (5, 96.03811502456665), (6, 94.68405246734619), (7, 96.08826637268066), (8, 95.18555402755737), (9, 94.83450055122375), (10, 95.586758852005), (11, 95.93781232833862), (12, 95.68706154823303), (13, 96.03811502456665), (14, 95.63691020011902), (15, 96.23871445655823), (16, 95.53660750389099), (17, 95.43631076812744), (18, 96.4894711971283), (19, 96.4894711971283), (20, 95.93781232833862), (21, 95.93781232833862), (22, 96.33901715278625), (23, 96.08826637268066), (24, 96.33901715278625), (25, 96.13841772079468), (26, 96.03811502456665), (27, 96.28886580467224), (28, 95.48646211624146), (29, 96.13841772079468), (30, 96.43931984901428)]}
[2026-01-21 20:05:42,588][flwr][INFO] - Starting Flower simulation, config: ServerConfig(num_rounds=30, round_timeout=None)
[2026-01-21 20:05:49,595][flwr][INFO] - Flower VCE: Ray initialized with resources: {'node:127.0.0.1': 1.0, 'CPU': 10.0, 'object_store_memory': 2147483648.0, 'memory': 12536877876.0}
[2026-01-21 20:05:49,596][flwr][INFO] - Initializing global parameters
[2026-01-21 20:05:49,596][flwr][INFO] - Using initial parameters provided by strategy
[2026-01-21 20:05:49,596][flwr][INFO] - Evaluating initial parameters
[2026-01-21 20:05:49,826][flwr][INFO] - initial parameters (loss, other metrics): 1.4340404903996313, {'rmse': 11782.010694274555, 'mae': 9149.193359375, 'r2': 0.00890437044283554, 'mape': 79.91940307617188, 'accuracy_10': 11.735205352306366, 'accuracy_20': 21.46439254283905}
[2026-01-21 20:05:49,826][flwr][INFO] - FL starting
[2026-01-21 20:05:49,827][flwr][DEBUG] - fit_round 1: strategy sampled 7 clients (out of 12)
[2026-01-21 20:06:02,572][flwr][DEBUG] - fit_round 1 received 7 results and 0 failures
[2026-01-21 20:06:02,577][flwr][WARNING] - No fit_metrics_aggregation_fn provided
[2026-01-21 20:06:02,832][flwr][INFO] - fit progress: (1, 0.1534771811863484, {'rmse': 6007.03321116173, 'mae': 3086.189208984375, 'r2': 0.7423697818098963, 'mape': 16.560232162475586, 'accuracy_10': 38.81644904613495, 'accuracy_20': 77.53259539604187}, 13.005436915962491)
[2026-01-21 20:06:02,832][flwr][DEBUG] - evaluate_round 1: strategy sampled 6 clients (out of 12)
[2026-01-21 20:06:03,053][flwr][DEBUG] - evaluate_round 1 received 6 results and 0 failures
[2026-01-21 20:06:03,053][flwr][WARNING] - No evaluate_metrics_aggregation_fn provided
[2026-01-21 20:06:03,054][flwr][DEBUG] - fit_round 2: strategy sampled 7 clients (out of 12)
[2026-01-21 20:06:10,103][flwr][DEBUG] - fit_round 2 received 7 results and 0 failures
[2026-01-21 20:06:10,381][flwr][INFO] - fit progress: (2, 0.09249994247673507, {'rmse': 5082.4135998558795, 'mae': 2251.43994140625, 'r2': 0.8155762949662319, 'mape': 11.93897819519043, 'accuracy_10': 57.873618602752686, 'accuracy_20': 89.26780223846436}, 20.55442908295663)
[2026-01-21 20:06:10,381][flwr][DEBUG] - evaluate_round 2: strategy sampled 6 clients (out of 12)
[2026-01-21 20:06:10,769][flwr][DEBUG] - evaluate_round 2 received 6 results and 0 failures
[2026-01-21 20:06:10,770][flwr][DEBUG] - fit_round 3: strategy sampled 7 clients (out of 12)
[2026-01-21 20:06:18,694][flwr][DEBUG] - fit_round 3 received 7 results and 0 failures
[2026-01-21 20:06:18,991][flwr][INFO] - fit progress: (3, 0.06769090732083158, {'rmse': 4659.642690164129, 'mae': 1859.0784912109375, 'r2': 0.8449820681820902, 'mape': 9.560216903686523, 'accuracy_10': 70.11033296585083, 'accuracy_20': 92.77833700180054}, 29.164079332957044)
[2026-01-21 20:06:18,991][flwr][DEBUG] - evaluate_round 3: strategy sampled 6 clients (out of 12)
[2026-01-21 20:06:19,205][flwr][DEBUG] - evaluate_round 3 received 6 results and 0 failures
[2026-01-21 20:06:19,206][flwr][DEBUG] - fit_round 4: strategy sampled 7 clients (out of 12)
[2026-01-21 20:06:26,118][flwr][DEBUG] - fit_round 4 received 7 results and 0 failures
[2026-01-21 20:06:26,357][flwr][INFO] - fit progress: (4, 0.06282050971132344, {'rmse': 4738.4531231194005, 'mae': 1705.3045654296875, 'r2': 0.8396939506176027, 'mape': 8.539934158325195, 'accuracy_10': 78.03410291671753, 'accuracy_20': 93.32998991012573}, 36.530893332965206)
[2026-01-21 20:06:26,358][flwr][DEBUG] - evaluate_round 4: strategy sampled 6 clients (out of 12)
[2026-01-21 20:06:26,550][flwr][DEBUG] - evaluate_round 4 received 6 results and 0 failures
[2026-01-21 20:06:26,550][flwr][DEBUG] - fit_round 5: strategy sampled 7 clients (out of 12)
[2026-01-21 20:06:33,437][flwr][DEBUG] - fit_round 5 received 7 results and 0 failures
[2026-01-21 20:06:33,693][flwr][INFO] - fit progress: (5, 0.057805822714752216, {'rmse': 4677.457215197163, 'mae': 1598.3905029296875, 'r2': 0.8437944892937068, 'mape': 7.8068928718566895, 'accuracy_10': 82.29689002037048, 'accuracy_20': 93.83149743080139}, 43.86630029097432)
[2026-01-21 20:06:33,693][flwr][DEBUG] - evaluate_round 5: strategy sampled 6 clients (out of 12)
[2026-01-21 20:06:33,927][flwr][DEBUG] - evaluate_round 5 received 6 results and 0 failures
[2026-01-21 20:06:33,927][flwr][DEBUG] - fit_round 6: strategy sampled 7 clients (out of 12)
[2026-01-21 20:06:41,051][flwr][DEBUG] - fit_round 6 received 7 results and 0 failures
[2026-01-21 20:06:41,306][flwr][INFO] - fit progress: (6, 0.05268961887567518, {'rmse': 4581.0315432225525, 'mae': 1518.1707763671875, 'r2': 0.8501684477441237, 'mape': 7.348164081573486, 'accuracy_10': 84.1524600982666, 'accuracy_20': 94.68405246734619}, 51.47968008299358)
[2026-01-21 20:06:41,307][flwr][DEBUG] - evaluate_round 6: strategy sampled 6 clients (out of 12)
[2026-01-21 20:06:41,529][flwr][DEBUG] - evaluate_round 6 received 6 results and 0 failures
[2026-01-21 20:06:41,529][flwr][DEBUG] - fit_round 7: strategy sampled 7 clients (out of 12)
[2026-01-21 20:06:48,477][flwr][DEBUG] - fit_round 7 received 7 results and 0 failures
[2026-01-21 20:06:48,730][flwr][INFO] - fit progress: (7, 0.045535156992801216, {'rmse': 4346.681032696096, 'mae': 1464.3013916015625, 'r2': 0.8651061149217927, 'mape': 6.90458869934082, 'accuracy_10': 84.90471243858337, 'accuracy_20': 95.08525729179382}, 58.9038487499929)
[2026-01-21 20:06:48,731][flwr][DEBUG] - evaluate_round 7: strategy sampled 6 clients (out of 12)
[2026-01-21 20:06:48,938][flwr][DEBUG] - evaluate_round 7 received 6 results and 0 failures
[2026-01-21 20:06:48,939][flwr][DEBUG] - fit_round 8: strategy sampled 7 clients (out of 12)
[2026-01-21 20:06:55,799][flwr][DEBUG] - fit_round 8 received 7 results and 0 failures
[2026-01-21 20:06:56,060][flwr][INFO] - fit progress: (8, 0.04368182985670678, {'rmse': 4294.463412348509, 'mae': 1445.625244140625, 'r2': 0.8683276618955645, 'mape': 6.754332542419434, 'accuracy_10': 85.50651669502258, 'accuracy_20': 95.23570537567139}, 66.23322429094696)
[2026-01-21 20:06:56,061][flwr][DEBUG] - evaluate_round 8: strategy sampled 6 clients (out of 12)
[2026-01-21 20:06:56,297][flwr][DEBUG] - evaluate_round 8 received 6 results and 0 failures
[2026-01-21 20:06:56,297][flwr][DEBUG] - fit_round 9: strategy sampled 7 clients (out of 12)
[2026-01-21 20:07:02,855][flwr][DEBUG] - fit_round 9 received 7 results and 0 failures
[2026-01-21 20:07:03,090][flwr][INFO] - fit progress: (9, 0.03880908363008332, {'rmse': 4268.372289292489, 'mae': 1518.8536376953125, 'r2': 0.8699227647675416, 'mape': 6.442206382751465, 'accuracy_10': 85.15546917915344, 'accuracy_20': 95.8375096321106}, 73.26340045797406)
[2026-01-21 20:07:03,091][flwr][DEBUG] - evaluate_round 9: strategy sampled 6 clients (out of 12)
[2026-01-21 20:07:03,309][flwr][DEBUG] - evaluate_round 9 received 6 results and 0 failures
[2026-01-21 20:07:03,309][flwr][DEBUG] - fit_round 10: strategy sampled 7 clients (out of 12)
[2026-01-21 20:07:10,265][flwr][DEBUG] - fit_round 10 received 7 results and 0 failures
[2026-01-21 20:07:10,515][flwr][INFO] - fit progress: (10, 0.03789796598662913, {'rmse': 4162.125658843087, 'mae': 1385.3702392578125, 'r2': 0.8763178275837551, 'mape': 6.068572044372559, 'accuracy_10': 87.11133599281311, 'accuracy_20': 95.48646211624146}, 80.6881377499667)
[2026-01-21 20:07:10,515][flwr][DEBUG] - evaluate_round 10: strategy sampled 6 clients (out of 12)
[2026-01-21 20:07:10,709][flwr][DEBUG] - evaluate_round 10 received 6 results and 0 failures
[2026-01-21 20:07:10,710][flwr][DEBUG] - fit_round 11: strategy sampled 7 clients (out of 12)
[2026-01-21 20:07:17,506][flwr][DEBUG] - fit_round 11 received 7 results and 0 failures
[2026-01-21 20:07:17,769][flwr][INFO] - fit progress: (11, 0.03643906063800949, {'rmse': 4172.509796273701, 'mae': 1424.1707763671875, 'r2': 0.875699905245944, 'mape': 6.031960487365723, 'accuracy_10': 86.45938038825989, 'accuracy_20': 96.08826637268066}, 87.94228354096413)
[2026-01-21 20:07:17,769][flwr][DEBUG] - evaluate_round 11: strategy sampled 6 clients (out of 12)
[2026-01-21 20:07:17,986][flwr][DEBUG] - evaluate_round 11 received 6 results and 0 failures
[2026-01-21 20:07:17,986][flwr][DEBUG] - fit_round 12: strategy sampled 7 clients (out of 12)
[2026-01-21 20:07:24,923][flwr][DEBUG] - fit_round 12 received 7 results and 0 failures
[2026-01-21 20:07:25,182][flwr][INFO] - fit progress: (12, 0.042109456484055625, {'rmse': 4363.756180173224, 'mae': 1315.283203125, 'r2': 0.8640442236045541, 'mape': 5.918709754943848, 'accuracy_10': 88.86659741401672, 'accuracy_20': 94.7342038154602}, 95.3555207499885)
[2026-01-21 20:07:25,183][flwr][DEBUG] - evaluate_round 12: strategy sampled 6 clients (out of 12)
[2026-01-21 20:07:25,365][flwr][DEBUG] - evaluate_round 12 received 6 results and 0 failures
[2026-01-21 20:07:25,366][flwr][DEBUG] - fit_round 13: strategy sampled 7 clients (out of 12)
[2026-01-21 20:07:32,083][flwr][DEBUG] - fit_round 13 received 7 results and 0 failures
[2026-01-21 20:07:32,336][flwr][INFO] - fit progress: (13, 0.03685218493716647, {'rmse': 4156.321691111024, 'mae': 1368.3475341796875, 'r2': 0.8766625371137652, 'mape': 5.859591960906982, 'accuracy_10': 87.86358833312988, 'accuracy_20': 95.8375096321106}, 102.50923324999167)
[2026-01-21 20:07:32,336][flwr][DEBUG] - evaluate_round 13: strategy sampled 6 clients (out of 12)
[2026-01-21 20:07:32,529][flwr][DEBUG] - evaluate_round 13 received 6 results and 0 failures
[2026-01-21 20:07:32,529][flwr][DEBUG] - fit_round 14: strategy sampled 7 clients (out of 12)
[2026-01-21 20:07:39,289][flwr][DEBUG] - fit_round 14 received 7 results and 0 failures
[2026-01-21 20:07:39,537][flwr][INFO] - fit progress: (14, 0.041051508400144585, {'rmse': 4409.509269748733, 'mae': 1297.531494140625, 'r2': 0.8611783416585339, 'mape': 5.754478454589844, 'accuracy_10': 89.4182562828064, 'accuracy_20': 95.13540863990784}, 109.71086216595722)
[2026-01-21 20:07:39,538][flwr][DEBUG] - evaluate_round 14: strategy sampled 6 clients (out of 12)
[2026-01-21 20:07:39,755][flwr][DEBUG] - evaluate_round 14 received 6 results and 0 failures
[2026-01-21 20:07:39,755][flwr][DEBUG] - fit_round 15: strategy sampled 7 clients (out of 12)
[2026-01-21 20:07:46,282][flwr][DEBUG] - fit_round 15 received 7 results and 0 failures
[2026-01-21 20:07:46,538][flwr][INFO] - fit progress: (15, 0.03548979421997202, {'rmse': 4230.542991153736, 'mae': 1515.2183837890625, 'r2': 0.8722182128652918, 'mape': 5.965755939483643, 'accuracy_10': 84.90471243858337, 'accuracy_20': 95.8375096321106}, 116.71153587498702)
[2026-01-21 20:07:46,539][flwr][DEBUG] - evaluate_round 15: strategy sampled 6 clients (out of 12)
[2026-01-21 20:07:46,656][flwr][DEBUG] - evaluate_round 15 received 6 results and 0 failures
[2026-01-21 20:07:46,656][flwr][DEBUG] - fit_round 16: strategy sampled 7 clients (out of 12)
[2026-01-21 20:07:53,349][flwr][DEBUG] - fit_round 16 received 7 results and 0 failures
[2026-01-21 20:07:53,605][flwr][INFO] - fit progress: (16, 0.03341657257897624, {'rmse': 4093.8657769887864, 'mae': 1442.76318359375, 'r2': 0.8803413991217768, 'mape': 5.792834281921387, 'accuracy_10': 86.00802421569824, 'accuracy_20': 95.68706154823303}, 123.77886579098413)
[2026-01-21 20:07:53,606][flwr][DEBUG] - evaluate_round 16: strategy sampled 6 clients (out of 12)
[2026-01-21 20:07:53,696][flwr][DEBUG] - evaluate_round 16 received 6 results and 0 failures
[2026-01-21 20:07:53,696][flwr][DEBUG] - fit_round 17: strategy sampled 7 clients (out of 12)
[2026-01-21 20:08:00,114][flwr][DEBUG] - fit_round 17 received 7 results and 0 failures
[2026-01-21 20:08:00,352][flwr][INFO] - fit progress: (17, 0.034129355938819314, {'rmse': 4080.104532974615, 'mae': 1344.2535400390625, 'r2': 0.8811444943036105, 'mape': 5.604061603546143, 'accuracy_10': 88.46539855003357, 'accuracy_20': 95.88766098022461}, 130.52555837499676)
[2026-01-21 20:08:00,353][flwr][DEBUG] - evaluate_round 17: strategy sampled 6 clients (out of 12)
[2026-01-21 20:08:00,443][flwr][DEBUG] - evaluate_round 17 received 6 results and 0 failures
[2026-01-21 20:08:00,443][flwr][DEBUG] - fit_round 18: strategy sampled 7 clients (out of 12)
[2026-01-21 20:08:07,112][flwr][DEBUG] - fit_round 18 received 7 results and 0 failures
[2026-01-21 20:08:07,375][flwr][INFO] - fit progress: (18, 0.035123936159381176, {'rmse': 4155.204206774921, 'mae': 1302.35888671875, 'r2': 0.8767288420739922, 'mape': 5.4623284339904785, 'accuracy_10': 88.76630067825317, 'accuracy_20': 95.38615942001343}, 137.5481142079807)
[2026-01-21 20:08:07,375][flwr][DEBUG] - evaluate_round 18: strategy sampled 6 clients (out of 12)
[2026-01-21 20:08:07,452][flwr][DEBUG] - evaluate_round 18 received 6 results and 0 failures
[2026-01-21 20:08:07,452][flwr][DEBUG] - fit_round 19: strategy sampled 7 clients (out of 12)
[2026-01-21 20:08:14,399][flwr][DEBUG] - fit_round 19 received 7 results and 0 failures
[2026-01-21 20:08:14,661][flwr][INFO] - fit progress: (19, 0.03618705761969209, {'rmse': 4195.5416813565325, 'mae': 1346.0087890625, 'r2': 0.8743238683308151, 'mape': 5.651132583618164, 'accuracy_10': 88.11434507369995, 'accuracy_20': 95.43631076812744}, 144.8348446249729)
[2026-01-21 20:08:14,662][flwr][DEBUG] - evaluate_round 19: strategy sampled 6 clients (out of 12)
[2026-01-21 20:08:14,883][flwr][DEBUG] - evaluate_round 19 received 6 results and 0 failures
[2026-01-21 20:08:14,883][flwr][DEBUG] - fit_round 20: strategy sampled 7 clients (out of 12)
[2026-01-21 20:08:21,506][flwr][DEBUG] - fit_round 20 received 7 results and 0 failures
[2026-01-21 20:08:21,749][flwr][INFO] - fit progress: (20, 0.03465563601953395, {'rmse': 4211.0433386513605, 'mae': 1495.470703125, 'r2': 0.8733934576524695, 'mape': 5.863018989562988, 'accuracy_10': 85.65697073936462, 'accuracy_20': 95.586758852005}, 151.9221826659632)
[2026-01-21 20:08:21,750][flwr][DEBUG] - evaluate_round 20: strategy sampled 6 clients (out of 12)
[2026-01-21 20:08:21,944][flwr][DEBUG] - evaluate_round 20 received 6 results and 0 failures
[2026-01-21 20:08:21,944][flwr][DEBUG] - fit_round 21: strategy sampled 7 clients (out of 12)
[2026-01-21 20:08:28,628][flwr][DEBUG] - fit_round 21 received 7 results and 0 failures
[2026-01-21 20:08:28,878][flwr][INFO] - fit progress: (21, 0.03376735907529996, {'rmse': 4079.414786461411, 'mae': 1359.96044921875, 'r2': 0.8811846791279905, 'mape': 5.628373622894287, 'accuracy_10': 87.6629889011383, 'accuracy_20': 95.586758852005}, 159.05184654099867)
[2026-01-21 20:08:28,879][flwr][DEBUG] - evaluate_round 21: strategy sampled 6 clients (out of 12)
[2026-01-21 20:08:29,118][flwr][DEBUG] - evaluate_round 21 received 6 results and 0 failures
[2026-01-21 20:08:29,118][flwr][DEBUG] - fit_round 22: strategy sampled 7 clients (out of 12)
[2026-01-21 20:08:36,160][flwr][DEBUG] - fit_round 22 received 7 results and 0 failures
[2026-01-21 20:08:36,403][flwr][INFO] - fit progress: (22, 0.03332843457758725, {'rmse': 4121.935225109682, 'mae': 1432.6131591796875, 'r2': 0.878694906605775, 'mape': 5.688774585723877, 'accuracy_10': 86.45938038825989, 'accuracy_20': 95.73721289634705}, 166.5768050829647)
[2026-01-21 20:08:36,404][flwr][DEBUG] - evaluate_round 22: strategy sampled 6 clients (out of 12)
[2026-01-21 20:08:36,505][flwr][DEBUG] - evaluate_round 22 received 6 results and 0 failures
[2026-01-21 20:08:36,505][flwr][DEBUG] - fit_round 23: strategy sampled 7 clients (out of 12)
[2026-01-21 20:08:43,472][flwr][DEBUG] - fit_round 23 received 7 results and 0 failures
[2026-01-21 20:08:43,751][flwr][INFO] - fit progress: (23, 0.033460189019485845, {'rmse': 4033.578807957023, 'mae': 1319.2603759765625, 'r2': 0.8838396787419815, 'mape': 5.544473171234131, 'accuracy_10': 88.66599798202515, 'accuracy_20': 95.586758852005}, 173.92437112494372)
[2026-01-21 20:08:43,751][flwr][DEBUG] - evaluate_round 23: strategy sampled 6 clients (out of 12)
[2026-01-21 20:08:43,851][flwr][DEBUG] - evaluate_round 23 received 6 results and 0 failures
[2026-01-21 20:08:43,851][flwr][DEBUG] - fit_round 24: strategy sampled 7 clients (out of 12)
[2026-01-21 20:08:50,522][flwr][DEBUG] - fit_round 24 received 7 results and 0 failures
[2026-01-21 20:08:50,757][flwr][INFO] - fit progress: (24, 0.033692820926188465, {'rmse': 4116.328218206124, 'mae': 1482.0355224609375, 'r2': 0.8790246934865855, 'mape': 5.9429850578308105, 'accuracy_10': 86.15847826004028, 'accuracy_20': 95.88766098022461}, 180.93056233297102)
[2026-01-21 20:08:50,757][flwr][DEBUG] - evaluate_round 24: strategy sampled 6 clients (out of 12)
[2026-01-21 20:08:50,845][flwr][DEBUG] - evaluate_round 24 received 6 results and 0 failures
[2026-01-21 20:08:50,846][flwr][DEBUG] - fit_round 25: strategy sampled 7 clients (out of 12)
[2026-01-21 20:08:57,573][flwr][DEBUG] - fit_round 25 received 7 results and 0 failures
[2026-01-21 20:08:57,813][flwr][INFO] - fit progress: (25, 0.0334286223667316, {'rmse': 4058.9088435194008, 'mae': 1292.889892578125, 'r2': 0.8823761738368517, 'mape': 5.495227813720703, 'accuracy_10': 89.21765089035034, 'accuracy_20': 95.63691020011902}, 187.9867612909875)
[2026-01-21 20:08:57,814][flwr][DEBUG] - evaluate_round 25: strategy sampled 6 clients (out of 12)
[2026-01-21 20:08:57,991][flwr][DEBUG] - evaluate_round 25 received 6 results and 0 failures
[2026-01-21 20:08:57,992][flwr][DEBUG] - fit_round 26: strategy sampled 7 clients (out of 12)
[2026-01-21 20:09:04,685][flwr][DEBUG] - fit_round 26 received 7 results and 0 failures
[2026-01-21 20:09:04,930][flwr][INFO] - fit progress: (26, 0.033365967002517004, {'rmse': 4034.505793774499, 'mae': 1337.0445556640625, 'r2': 0.8837862798567379, 'mape': 5.643030643463135, 'accuracy_10': 88.31494450569153, 'accuracy_20': 95.53660750389099}, 195.1036583329551)
[2026-01-21 20:09:04,931][flwr][DEBUG] - evaluate_round 26: strategy sampled 6 clients (out of 12)
[2026-01-21 20:09:05,044][flwr][DEBUG] - evaluate_round 26 received 6 results and 0 failures
[2026-01-21 20:09:05,044][flwr][DEBUG] - fit_round 27: strategy sampled 7 clients (out of 12)
[2026-01-21 20:09:11,617][flwr][DEBUG] - fit_round 27 received 7 results and 0 failures
[2026-01-21 20:09:11,865][flwr][INFO] - fit progress: (27, 0.03346928105752171, {'rmse': 4000.5707092863636, 'mae': 1323.2720947265625, 'r2': 0.88573305127302, 'mape': 5.650808811187744, 'accuracy_10': 88.46539855003357, 'accuracy_20': 95.48646211624146}, 202.03860837494722)
[2026-01-21 20:09:11,866][flwr][DEBUG] - evaluate_round 27: strategy sampled 6 clients (out of 12)
[2026-01-21 20:09:11,952][flwr][DEBUG] - evaluate_round 27 received 6 results and 0 failures
[2026-01-21 20:09:11,952][flwr][DEBUG] - fit_round 28: strategy sampled 7 clients (out of 12)
[2026-01-21 20:09:18,894][flwr][DEBUG] - fit_round 28 received 7 results and 0 failures
[2026-01-21 20:09:19,167][flwr][INFO] - fit progress: (28, 0.033115742188189905, {'rmse': 4009.159637629811, 'mae': 1331.883544921875, 'r2': 0.8852418797909404, 'mape': 5.6398797035217285, 'accuracy_10': 88.61584663391113, 'accuracy_20': 95.48646211624146}, 209.34000383300008)
[2026-01-21 20:09:19,167][flwr][DEBUG] - evaluate_round 28: strategy sampled 6 clients (out of 12)
[2026-01-21 20:09:19,395][flwr][DEBUG] - evaluate_round 28 received 6 results and 0 failures
[2026-01-21 20:09:19,395][flwr][DEBUG] - fit_round 29: strategy sampled 7 clients (out of 12)
[2026-01-21 20:09:25,901][flwr][DEBUG] - fit_round 29 received 7 results and 0 failures
[2026-01-21 20:09:26,147][flwr][INFO] - fit progress: (29, 0.03295505269913521, {'rmse': 4098.077110060278, 'mae': 1480.7301025390625, 'r2': 0.8800950910805178, 'mape': 5.914925575256348, 'accuracy_10': 85.35606861114502, 'accuracy_20': 96.08826637268066}, 216.32040070794756)
[2026-01-21 20:09:26,147][flwr][DEBUG] - evaluate_round 29: strategy sampled 6 clients (out of 12)
[2026-01-21 20:09:26,241][flwr][DEBUG] - evaluate_round 29 received 6 results and 0 failures
[2026-01-21 20:09:26,241][flwr][DEBUG] - fit_round 30: strategy sampled 7 clients (out of 12)
[2026-01-21 20:09:32,782][flwr][DEBUG] - fit_round 30 received 7 results and 0 failures
[2026-01-21 20:09:33,058][flwr][INFO] - fit progress: (30, 0.031706639303038325, {'rmse': 3943.604823001412, 'mae': 1299.5782470703125, 'r2': 0.8889640798121063, 'mape': 5.543928146362305, 'accuracy_10': 88.5155439376831, 'accuracy_20': 95.78736424446106}, 223.2310816659592)
[2026-01-21 20:09:33,058][flwr][DEBUG] - evaluate_round 30: strategy sampled 6 clients (out of 12)
[2026-01-21 20:09:33,272][flwr][DEBUG] - evaluate_round 30 received 6 results and 0 failures
[2026-01-21 20:09:33,272][flwr][INFO] - FL finished in 223.4456643749727
[2026-01-21 20:09:33,272][flwr][INFO] - app_fit: losses_distributed [(1, 0.15961195545100954), (2, 0.13247037656715033), (3, 0.09420963367238974), (4, 0.101583875074361), (5, 0.04981344885184107), (6, 0.028388248228884656), (7, 0.039314530229599874), (8, 0.054992439189280456), (9, 0.0518830500198754), (10, 0.023553505257805567), (11, 0.03754101310722973), (12, 0.04043897642117952), (13, 0.05536354820154353), (14, 0.00826329621032481), (15, 0.039318200759795946), (16, 0.046231979840378676), (17, 0.02911068864684138), (18, 0.08623142072962325), (19, 0.06232482164711973), (20, 0.04394545560620815), (21, 0.059987693262534), (22, 0.03280655623897494), (23, 0.020346480480514597), (24, 0.024870886346111693), (25, 0.03427377893358592), (26, 0.030466961285064365), (27, 0.045532634456109645), (28, 0.018646015212116136), (29, 0.020674053201839397), (30, 0.04613990809631909)]
[2026-01-21 20:09:33,273][flwr][INFO] - app_fit: metrics_distributed_fit {}
[2026-01-21 20:09:33,273][flwr][INFO] - app_fit: metrics_distributed {}
[2026-01-21 20:09:33,273][flwr][INFO] - app_fit: losses_centralized [(0, 1.4340404903996313), (1, 0.1534771811863484), (2, 0.09249994247673507), (3, 0.06769090732083158), (4, 0.06282050971132344), (5, 0.057805822714752216), (6, 0.05268961887567518), (7, 0.045535156992801216), (8, 0.04368182985670678), (9, 0.03880908363008332), (10, 0.03789796598662913), (11, 0.03643906063800949), (12, 0.042109456484055625), (13, 0.03685218493716647), (14, 0.041051508400144585), (15, 0.03548979421997202), (16, 0.03341657257897624), (17, 0.034129355938819314), (18, 0.035123936159381176), (19, 0.03618705761969209), (20, 0.03465563601953395), (21, 0.03376735907529996), (22, 0.03332843457758725), (23, 0.033460189019485845), (24, 0.033692820926188465), (25, 0.0334286223667316), (26, 0.033365967002517004), (27, 0.03346928105752171), (28, 0.033115742188189905), (29, 0.03295505269913521), (30, 0.031706639303038325)]
[2026-01-21 20:09:33,273][flwr][INFO] - app_fit: metrics_centralized {'rmse': [(0, 11782.010694274555), (1, 6007.03321116173), (2, 5082.4135998558795), (3, 4659.642690164129), (4, 4738.4531231194005), (5, 4677.457215197163), (6, 4581.0315432225525), (7, 4346.681032696096), (8, 4294.463412348509), (9, 4268.372289292489), (10, 4162.125658843087), (11, 4172.509796273701), (12, 4363.756180173224), (13, 4156.321691111024), (14, 4409.509269748733), (15, 4230.542991153736), (16, 4093.8657769887864), (17, 4080.104532974615), (18, 4155.204206774921), (19, 4195.5416813565325), (20, 4211.0433386513605), (21, 4079.414786461411), (22, 4121.935225109682), (23, 4033.578807957023), (24, 4116.328218206124), (25, 4058.9088435194008), (26, 4034.505793774499), (27, 4000.5707092863636), (28, 4009.159637629811), (29, 4098.077110060278), (30, 3943.604823001412)], 'mae': [(0, 9149.193359375), (1, 3086.189208984375), (2, 2251.43994140625), (3, 1859.0784912109375), (4, 1705.3045654296875), (5, 1598.3905029296875), (6, 1518.1707763671875), (7, 1464.3013916015625), (8, 1445.625244140625), (9, 1518.8536376953125), (10, 1385.3702392578125), (11, 1424.1707763671875), (12, 1315.283203125), (13, 1368.3475341796875), (14, 1297.531494140625), (15, 1515.2183837890625), (16, 1442.76318359375), (17, 1344.2535400390625), (18, 1302.35888671875), (19, 1346.0087890625), (20, 1495.470703125), (21, 1359.96044921875), (22, 1432.6131591796875), (23, 1319.2603759765625), (24, 1482.0355224609375), (25, 1292.889892578125), (26, 1337.0445556640625), (27, 1323.2720947265625), (28, 1331.883544921875), (29, 1480.7301025390625), (30, 1299.5782470703125)], 'r2': [(0, 0.00890437044283554), (1, 0.7423697818098963), (2, 0.8155762949662319), (3, 0.8449820681820902), (4, 0.8396939506176027), (5, 0.8437944892937068), (6, 0.8501684477441237), (7, 0.8651061149217927), (8, 0.8683276618955645), (9, 0.8699227647675416), (10, 0.8763178275837551), (11, 0.875699905245944), (12, 0.8640442236045541), (13, 0.8766625371137652), (14, 0.8611783416585339), (15, 0.8722182128652918), (16, 0.8803413991217768), (17, 0.8811444943036105), (18, 0.8767288420739922), (19, 0.8743238683308151), (20, 0.8733934576524695), (21, 0.8811846791279905), (22, 0.878694906605775), (23, 0.8838396787419815), (24, 0.8790246934865855), (25, 0.8823761738368517), (26, 0.8837862798567379), (27, 0.88573305127302), (28, 0.8852418797909404), (29, 0.8800950910805178), (30, 0.8889640798121063)], 'mape': [(0, 79.91940307617188), (1, 16.560232162475586), (2, 11.93897819519043), (3, 9.560216903686523), (4, 8.539934158325195), (5, 7.8068928718566895), (6, 7.348164081573486), (7, 6.90458869934082), (8, 6.754332542419434), (9, 6.442206382751465), (10, 6.068572044372559), (11, 6.031960487365723), (12, 5.918709754943848), (13, 5.859591960906982), (14, 5.754478454589844), (15, 5.965755939483643), (16, 5.792834281921387), (17, 5.604061603546143), (18, 5.4623284339904785), (19, 5.651132583618164), (20, 5.863018989562988), (21, 5.628373622894287), (22, 5.688774585723877), (23, 5.544473171234131), (24, 5.9429850578308105), (25, 5.495227813720703), (26, 5.643030643463135), (27, 5.650808811187744), (28, 5.6398797035217285), (29, 5.914925575256348), (30, 5.543928146362305)], 'accuracy_10': [(0, 11.735205352306366), (1, 38.81644904613495), (2, 57.873618602752686), (3, 70.11033296585083), (4, 78.03410291671753), (5, 82.29689002037048), (6, 84.1524600982666), (7, 84.90471243858337), (8, 85.50651669502258), (9, 85.15546917915344), (10, 87.11133599281311), (11, 86.45938038825989), (12, 88.86659741401672), (13, 87.86358833312988), (14, 89.4182562828064), (15, 84.90471243858337), (16, 86.00802421569824), (17, 88.46539855003357), (18, 88.76630067825317), (19, 88.11434507369995), (20, 85.65697073936462), (21, 87.6629889011383), (22, 86.45938038825989), (23, 88.66599798202515), (24, 86.15847826004028), (25, 89.21765089035034), (26, 88.31494450569153), (27, 88.46539855003357), (28, 88.61584663391113), (29, 85.35606861114502), (30, 88.5155439376831)], 'accuracy_20': [(0, 21.46439254283905), (1, 77.53259539604187), (2, 89.26780223846436), (3, 92.77833700180054), (4, 93.32998991012573), (5, 93.83149743080139), (6, 94.68405246734619), (7, 95.08525729179382), (8, 95.23570537567139), (9, 95.8375096321106), (10, 95.48646211624146), (11, 96.08826637268066), (12, 94.7342038154602), (13, 95.8375096321106), (14, 95.13540863990784), (15, 95.8375096321106), (16, 95.68706154823303), (17, 95.88766098022461), (18, 95.38615942001343), (19, 95.43631076812744), (20, 95.586758852005), (21, 95.586758852005), (22, 95.73721289634705), (23, 95.586758852005), (24, 95.88766098022461), (25, 95.63691020011902), (26, 95.53660750389099), (27, 95.48646211624146), (28, 95.48646211624146), (29, 96.08826637268066), (30, 95.78736424446106)]}
[2026-01-21 20:09:33,796][flwr][INFO] - Starting Flower simulation, config: ServerConfig(num_rounds=30, round_timeout=None)
[2026-01-21 20:09:40,702][flwr][INFO] - Flower VCE: Ray initialized with resources: {'object_store_memory': 2147483648.0, 'memory': 12274291917.0, 'node:127.0.0.1': 1.0, 'CPU': 10.0}
[2026-01-21 20:09:40,702][flwr][INFO] - Initializing global parameters
[2026-01-21 20:09:40,702][flwr][INFO] - Using initial parameters provided by strategy
[2026-01-21 20:09:40,702][flwr][INFO] - Evaluating initial parameters
[2026-01-21 20:09:40,936][flwr][INFO] - initial parameters (loss, other metrics): 1.4340404903996313, {'rmse': 11782.010694274555, 'mae': 9149.193359375, 'r2': 0.00890437044283554, 'mape': 79.91940307617188, 'accuracy_10': 11.735205352306366, 'accuracy_20': 21.46439254283905}
[2026-01-21 20:09:40,936][flwr][INFO] - FL starting
[2026-01-21 20:09:40,937][flwr][DEBUG] - fit_round 1: strategy sampled 7 clients (out of 12)
[2026-01-21 20:09:51,614][flwr][DEBUG] - fit_round 1 received 7 results and 0 failures
[2026-01-21 20:09:51,620][flwr][WARNING] - No fit_metrics_aggregation_fn provided
[2026-01-21 20:09:51,859][flwr][INFO] - fit progress: (1, 0.15041933054760204, {'rmse': 5845.434457762742, 'mae': 3072.163818359375, 'r2': 0.7560446628804154, 'mape': 16.67806053161621, 'accuracy_10': 35.40621995925903, 'accuracy_20': 76.12838745117188}, 10.92245566600468)
[2026-01-21 20:09:51,859][flwr][DEBUG] - evaluate_round 1: strategy sampled 6 clients (out of 12)
[2026-01-21 20:09:52,059][flwr][DEBUG] - evaluate_round 1 received 6 results and 0 failures
[2026-01-21 20:09:52,060][flwr][WARNING] - No evaluate_metrics_aggregation_fn provided
[2026-01-21 20:09:52,060][flwr][DEBUG] - fit_round 2: strategy sampled 7 clients (out of 12)
[2026-01-21 20:09:57,134][flwr][DEBUG] - fit_round 2 received 7 results and 0 failures
[2026-01-21 20:09:57,382][flwr][INFO] - fit progress: (2, 0.1006273535363294, {'rmse': 5460.033699529702, 'mae': 2334.544677734375, 'r2': 0.7871530847044473, 'mape': 12.187234878540039, 'accuracy_10': 60.03009080886841, 'accuracy_20': 88.31494450569153}, 16.445197458029725)
[2026-01-21 20:09:57,382][flwr][DEBUG] - evaluate_round 2: strategy sampled 6 clients (out of 12)
[2026-01-21 20:09:57,576][flwr][DEBUG] - evaluate_round 2 received 6 results and 0 failures
[2026-01-21 20:09:57,576][flwr][DEBUG] - fit_round 3: strategy sampled 7 clients (out of 12)
[2026-01-21 20:10:02,708][flwr][DEBUG] - fit_round 3 received 7 results and 0 failures
[2026-01-21 20:10:02,946][flwr][INFO] - fit progress: (3, 0.06443105188526266, {'rmse': 4489.4665607397055, 'mae': 1799.580810546875, 'r2': 0.8560982025592043, 'mape': 9.437925338745117, 'accuracy_10': 66.90070033073425, 'accuracy_20': 93.48044395446777}, 22.009544875007123)
[2026-01-21 20:10:02,946][flwr][DEBUG] - evaluate_round 3: strategy sampled 6 clients (out of 12)
[2026-01-21 20:10:03,167][flwr][DEBUG] - evaluate_round 3 received 6 results and 0 failures
[2026-01-21 20:10:03,168][flwr][DEBUG] - fit_round 4: strategy sampled 7 clients (out of 12)
[2026-01-21 20:10:08,231][flwr][DEBUG] - fit_round 4 received 7 results and 0 failures
[2026-01-21 20:10:08,482][flwr][INFO] - fit progress: (4, 0.054124382035872165, {'rmse': 4344.594112227286, 'mae': 1593.1610107421875, 'r2': 0.8652356156514552, 'mape': 8.154273986816406, 'accuracy_10': 74.87462162971497, 'accuracy_20': 94.23269629478455}, 27.54597320803441)
[2026-01-21 20:10:08,483][flwr][DEBUG] - evaluate_round 4: strategy sampled 6 clients (out of 12)
[2026-01-21 20:10:08,639][flwr][DEBUG] - evaluate_round 4 received 6 results and 0 failures
[2026-01-21 20:10:08,640][flwr][DEBUG] - fit_round 5: strategy sampled 7 clients (out of 12)
[2026-01-21 20:10:13,702][flwr][DEBUG] - fit_round 5 received 7 results and 0 failures
[2026-01-21 20:10:13,984][flwr][INFO] - fit progress: (5, 0.04740231619809671, {'rmse': 4228.387399470394, 'mae': 1489.76806640625, 'r2': 0.8723484028966864, 'mape': 7.355409622192383, 'accuracy_10': 80.19056916236877, 'accuracy_20': 94.68405246734619}, 33.04798858304275)
[2026-01-21 20:10:13,985][flwr][DEBUG] - evaluate_round 5: strategy sampled 6 clients (out of 12)
[2026-01-21 20:10:14,177][flwr][DEBUG] - evaluate_round 5 received 6 results and 0 failures
[2026-01-21 20:10:14,177][flwr][DEBUG] - fit_round 6: strategy sampled 7 clients (out of 12)
[2026-01-21 20:10:18,812][flwr][DEBUG] - fit_round 6 received 7 results and 0 failures
[2026-01-21 20:10:19,052][flwr][INFO] - fit progress: (6, 0.04379153807265469, {'rmse': 4295.659669945932, 'mae': 1420.435791015625, 'r2': 0.8682543025920796, 'mape': 6.744104385375977, 'accuracy_10': 85.8575701713562, 'accuracy_20': 95.38615942001343}, 38.11589866603026)
[2026-01-21 20:10:19,053][flwr][DEBUG] - evaluate_round 6: strategy sampled 6 clients (out of 12)
[2026-01-21 20:10:19,255][flwr][DEBUG] - evaluate_round 6 received 6 results and 0 failures
[2026-01-21 20:10:19,256][flwr][DEBUG] - fit_round 7: strategy sampled 7 clients (out of 12)
[2026-01-21 20:10:24,216][flwr][DEBUG] - fit_round 7 received 7 results and 0 failures
[2026-01-21 20:10:24,470][flwr][INFO] - fit progress: (7, 0.037633189486868404, {'rmse': 4150.53876020933, 'mae': 1460.3221435546875, 'r2': 0.8770055013904536, 'mape': 6.323445796966553, 'accuracy_10': 85.20561456680298, 'accuracy_20': 95.88766098022461}, 43.53377941600047)
[2026-01-21 20:10:24,471][flwr][DEBUG] - evaluate_round 7: strategy sampled 6 clients (out of 12)
[2026-01-21 20:10:24,645][flwr][DEBUG] - evaluate_round 7 received 6 results and 0 failures
[2026-01-21 20:10:24,645][flwr][DEBUG] - fit_round 8: strategy sampled 7 clients (out of 12)
[2026-01-21 20:10:29,575][flwr][DEBUG] - fit_round 8 received 7 results and 0 failures
[2026-01-21 20:10:29,822][flwr][INFO] - fit progress: (8, 0.03824069408499967, {'rmse': 4180.891053352144, 'mae': 1345.2974853515625, 'r2': 0.8752000441622421, 'mape': 6.00256872177124, 'accuracy_10': 88.06419372558594, 'accuracy_20': 95.43631076812744}, 48.8853383330279)
[2026-01-21 20:10:29,822][flwr][DEBUG] - evaluate_round 8: strategy sampled 6 clients (out of 12)
[2026-01-21 20:10:30,016][flwr][DEBUG] - evaluate_round 8 received 6 results and 0 failures
[2026-01-21 20:10:30,017][flwr][DEBUG] - fit_round 9: strategy sampled 7 clients (out of 12)
[2026-01-21 20:10:34,710][flwr][DEBUG] - fit_round 9 received 7 results and 0 failures
[2026-01-21 20:10:34,955][flwr][INFO] - fit progress: (9, 0.034149387599143724, {'rmse': 4037.1948181875, 'mae': 1425.723876953125, 'r2': 0.8836313116279746, 'mape': 5.9542951583862305, 'accuracy_10': 85.90772151947021, 'accuracy_20': 96.4894711971283}, 54.018564583035186)
[2026-01-21 20:10:34,955][flwr][DEBUG] - evaluate_round 9: strategy sampled 6 clients (out of 12)
[2026-01-21 20:10:35,130][flwr][DEBUG] - evaluate_round 9 received 6 results and 0 failures
[2026-01-21 20:10:35,130][flwr][DEBUG] - fit_round 10: strategy sampled 7 clients (out of 12)
[2026-01-21 20:10:39,968][flwr][DEBUG] - fit_round 10 received 7 results and 0 failures
[2026-01-21 20:10:40,216][flwr][INFO] - fit progress: (10, 0.03259340190742475, {'rmse': 3988.191820863184, 'mae': 1372.1326904296875, 'r2': 0.8864391089035726, 'mape': 5.720156669616699, 'accuracy_10': 86.60982847213745, 'accuracy_20': 96.43931984901428}, 59.27991366601782)
[2026-01-21 20:10:40,217][flwr][DEBUG] - evaluate_round 10: strategy sampled 6 clients (out of 12)
[2026-01-21 20:10:40,426][flwr][DEBUG] - evaluate_round 10 received 6 results and 0 failures
[2026-01-21 20:10:40,427][flwr][DEBUG] - fit_round 11: strategy sampled 7 clients (out of 12)
[2026-01-21 20:10:45,837][flwr][DEBUG] - fit_round 11 received 7 results and 0 failures
[2026-01-21 20:10:46,117][flwr][INFO] - fit progress: (11, 0.03445766283406567, {'rmse': 3996.9963722775633, 'mae': 1290.2861328125, 'r2': 0.8859371505826859, 'mape': 5.608617305755615, 'accuracy_10': 88.56569528579712, 'accuracy_20': 95.78736424446106}, 65.18023695802549)
[2026-01-21 20:10:46,117][flwr][DEBUG] - evaluate_round 11: strategy sampled 6 clients (out of 12)
[2026-01-21 20:10:46,324][flwr][DEBUG] - evaluate_round 11 received 6 results and 0 failures
[2026-01-21 20:10:46,324][flwr][DEBUG] - fit_round 12: strategy sampled 7 clients (out of 12)
[2026-01-21 20:10:51,194][flwr][DEBUG] - fit_round 12 received 7 results and 0 failures
[2026-01-21 20:10:51,435][flwr][INFO] - fit progress: (12, 0.03432345365378688, {'rmse': 4003.0748181866397, 'mae': 1281.591552734375, 'r2': 0.8855899624996392, 'mape': 5.553127288818359, 'accuracy_10': 88.86659741401672, 'accuracy_20': 95.68706154823303}, 70.49857254099334)
[2026-01-21 20:10:51,435][flwr][DEBUG] - evaluate_round 12: strategy sampled 6 clients (out of 12)
[2026-01-21 20:10:51,605][flwr][DEBUG] - evaluate_round 12 received 6 results and 0 failures
[2026-01-21 20:10:51,606][flwr][DEBUG] - fit_round 13: strategy sampled 7 clients (out of 12)
[2026-01-21 20:10:57,112][flwr][DEBUG] - fit_round 13 received 7 results and 0 failures
[2026-01-21 20:10:57,390][flwr][INFO] - fit progress: (13, 0.03948834708563931, {'rmse': 4218.087718386141, 'mae': 1268.091552734375, 'r2': 0.8729695224212548, 'mape': 5.765575408935547, 'accuracy_10': 88.86659741401672, 'accuracy_20': 94.9849545955658}, 76.45388716604793)
[2026-01-21 20:10:57,391][flwr][DEBUG] - evaluate_round 13: strategy sampled 6 clients (out of 12)
[2026-01-21 20:10:57,599][flwr][DEBUG] - evaluate_round 13 received 6 results and 0 failures
[2026-01-21 20:10:57,599][flwr][DEBUG] - fit_round 14: strategy sampled 7 clients (out of 12)
[2026-01-21 20:11:02,677][flwr][DEBUG] - fit_round 14 received 7 results and 0 failures
[2026-01-21 20:11:02,927][flwr][INFO] - fit progress: (14, 0.03486590881419995, {'rmse': 4057.6000295741323, 'mae': 1321.1246337890625, 'r2': 0.8824520116933733, 'mape': 5.625349521636963, 'accuracy_10': 88.46539855003357, 'accuracy_20': 95.53660750389099}, 81.99019254103769)
[2026-01-21 20:11:02,927][flwr][DEBUG] - evaluate_round 14: strategy sampled 6 clients (out of 12)
[2026-01-21 20:11:03,108][flwr][DEBUG] - evaluate_round 14 received 6 results and 0 failures
[2026-01-21 20:11:03,108][flwr][DEBUG] - fit_round 15: strategy sampled 7 clients (out of 12)
[2026-01-21 20:11:08,150][flwr][DEBUG] - fit_round 15 received 7 results and 0 failures
[2026-01-21 20:11:08,439][flwr][INFO] - fit progress: (15, 0.034342715815606426, {'rmse': 4017.299590520976, 'mae': 1270.343505859375, 'r2': 0.8847754131762577, 'mape': 5.4815897941589355, 'accuracy_10': 89.11735415458679, 'accuracy_20': 95.23570537567139}, 87.5020970000187)
[2026-01-21 20:11:08,439][flwr][DEBUG] - evaluate_round 15: strategy sampled 6 clients (out of 12)
[2026-01-21 20:11:08,833][flwr][DEBUG] - evaluate_round 15 received 6 results and 0 failures
[2026-01-21 20:11:08,834][flwr][DEBUG] - fit_round 16: strategy sampled 7 clients (out of 12)
[2026-01-21 20:11:13,595][flwr][DEBUG] - fit_round 16 received 7 results and 0 failures
[2026-01-21 20:11:13,850][flwr][INFO] - fit progress: (16, 0.03311844835750975, {'rmse': 3967.1940965876624, 'mae': 1311.62060546875, 'r2': 0.8876317475599892, 'mape': 5.52583122253418, 'accuracy_10': 88.46539855003357, 'accuracy_20': 95.73721289634705}, 92.91334725002525)
[2026-01-21 20:11:13,850][flwr][DEBUG] - evaluate_round 16: strategy sampled 6 clients (out of 12)
[2026-01-21 20:11:14,107][flwr][DEBUG] - evaluate_round 16 received 6 results and 0 failures
[2026-01-21 20:11:14,107][flwr][DEBUG] - fit_round 17: strategy sampled 7 clients (out of 12)
[2026-01-21 20:11:19,091][flwr][DEBUG] - fit_round 17 received 7 results and 0 failures
[2026-01-21 20:11:19,357][flwr][INFO] - fit progress: (17, 0.03134778761300244, {'rmse': 4035.6348942886298, 'mae': 1408.3304443359375, 'r2': 0.8837212215060263, 'mape': 5.50700569152832, 'accuracy_10': 85.80742478370667, 'accuracy_20': 95.88766098022461}, 98.42012716602767)
[2026-01-21 20:11:19,357][flwr][DEBUG] - evaluate_round 17: strategy sampled 6 clients (out of 12)
[2026-01-21 20:11:19,456][flwr][DEBUG] - evaluate_round 17 received 6 results and 0 failures
[2026-01-21 20:11:19,457][flwr][DEBUG] - fit_round 18: strategy sampled 7 clients (out of 12)
[2026-01-21 20:11:24,082][flwr][DEBUG] - fit_round 18 received 7 results and 0 failures
[2026-01-21 20:11:24,329][flwr][INFO] - fit progress: (18, 0.03242062874990277, {'rmse': 3967.1698980507504, 'mae': 1326.82080078125, 'r2': 0.8876331188304561, 'mape': 5.579344749450684, 'accuracy_10': 88.46539855003357, 'accuracy_20': 96.18856310844421}, 103.3922535830061)
[2026-01-21 20:11:24,329][flwr][DEBUG] - evaluate_round 18: strategy sampled 6 clients (out of 12)
[2026-01-21 20:11:24,408][flwr][DEBUG] - evaluate_round 18 received 6 results and 0 failures
[2026-01-21 20:11:24,409][flwr][DEBUG] - fit_round 19: strategy sampled 7 clients (out of 12)
[2026-01-21 20:11:29,150][flwr][DEBUG] - fit_round 19 received 7 results and 0 failures
[2026-01-21 20:11:29,416][flwr][INFO] - fit progress: (19, 0.032016381836209515, {'rmse': 3903.1338690851994, 'mae': 1310.8956298828125, 'r2': 0.8912313838667961, 'mape': 5.533973693847656, 'accuracy_10': 88.2146418094635, 'accuracy_20': 95.68706154823303}, 108.47931529104244)
[2026-01-21 20:11:29,416][flwr][DEBUG] - evaluate_round 19: strategy sampled 6 clients (out of 12)
[2026-01-21 20:11:29,512][flwr][DEBUG] - evaluate_round 19 received 6 results and 0 failures
[2026-01-21 20:11:29,513][flwr][DEBUG] - fit_round 20: strategy sampled 7 clients (out of 12)
[2026-01-21 20:11:34,543][flwr][DEBUG] - fit_round 20 received 7 results and 0 failures
[2026-01-21 20:11:34,799][flwr][INFO] - fit progress: (20, 0.03146833732141296, {'rmse': 3923.5436788699067, 'mae': 1254.7109375, 'r2': 0.8900908901531106, 'mape': 5.266920566558838, 'accuracy_10': 88.61584663391113, 'accuracy_20': 95.68706154823303}, 113.86252804100513)
[2026-01-21 20:11:34,799][flwr][DEBUG] - evaluate_round 20: strategy sampled 6 clients (out of 12)
[2026-01-21 20:11:35,015][flwr][DEBUG] - evaluate_round 20 received 6 results and 0 failures
[2026-01-21 20:11:35,016][flwr][DEBUG] - fit_round 21: strategy sampled 7 clients (out of 12)
[2026-01-21 20:11:39,918][flwr][DEBUG] - fit_round 21 received 7 results and 0 failures
[2026-01-21 20:11:40,178][flwr][INFO] - fit progress: (21, 0.031312838263077326, {'rmse': 3934.0752407649757, 'mae': 1261.8485107421875, 'r2': 0.8895000632397674, 'mape': 5.284892559051514, 'accuracy_10': 89.06720280647278, 'accuracy_20': 95.73721289634705}, 119.2410808330169)
[2026-01-21 20:11:40,178][flwr][DEBUG] - evaluate_round 21: strategy sampled 6 clients (out of 12)
[2026-01-21 20:11:40,364][flwr][DEBUG] - evaluate_round 21 received 6 results and 0 failures
[2026-01-21 20:11:40,365][flwr][DEBUG] - fit_round 22: strategy sampled 7 clients (out of 12)
[2026-01-21 20:11:45,287][flwr][DEBUG] - fit_round 22 received 7 results and 0 failures
[2026-01-21 20:11:45,535][flwr][INFO] - fit progress: (22, 0.0316023943187256, {'rmse': 3934.7191767647155, 'mae': 1308.6419677734375, 'r2': 0.8894638822318311, 'mape': 5.436262130737305, 'accuracy_10': 88.01404237747192, 'accuracy_20': 95.73721289634705}, 124.59837437502574)
[2026-01-21 20:11:45,535][flwr][DEBUG] - evaluate_round 22: strategy sampled 6 clients (out of 12)
[2026-01-21 20:11:45,618][flwr][DEBUG] - evaluate_round 22 received 6 results and 0 failures
[2026-01-21 20:11:45,618][flwr][DEBUG] - fit_round 23: strategy sampled 7 clients (out of 12)
[2026-01-21 20:11:50,472][flwr][DEBUG] - fit_round 23 received 7 results and 0 failures
[2026-01-21 20:11:50,727][flwr][INFO] - fit progress: (23, 0.030632353453161783, {'rmse': 3913.0463835738005, 'mae': 1255.4862060546875, 'r2': 0.8906782192268135, 'mape': 5.227062702178955, 'accuracy_10': 89.21765089035034, 'accuracy_20': 96.08826637268066}, 129.79092237504665)
[2026-01-21 20:11:50,728][flwr][DEBUG] - evaluate_round 23: strategy sampled 6 clients (out of 12)
[2026-01-21 20:11:50,814][flwr][DEBUG] - evaluate_round 23 received 6 results and 0 failures
[2026-01-21 20:11:50,815][flwr][DEBUG] - fit_round 24: strategy sampled 7 clients (out of 12)
[2026-01-21 20:11:55,441][flwr][DEBUG] - fit_round 24 received 7 results and 0 failures
[2026-01-21 20:11:55,690][flwr][INFO] - fit progress: (24, 0.030483924318572046, {'rmse': 3937.966861211506, 'mae': 1300.4814453125, 'r2': 0.8892813346007882, 'mape': 5.353553771972656, 'accuracy_10': 88.46539855003357, 'accuracy_20': 96.03811502456665}, 134.75348966603633)
[2026-01-21 20:11:55,690][flwr][DEBUG] - evaluate_round 24: strategy sampled 6 clients (out of 12)
[2026-01-21 20:11:55,875][flwr][DEBUG] - evaluate_round 24 received 6 results and 0 failures
[2026-01-21 20:11:55,876][flwr][DEBUG] - fit_round 25: strategy sampled 7 clients (out of 12)
[2026-01-21 20:12:00,951][flwr][DEBUG] - fit_round 25 received 7 results and 0 failures
[2026-01-21 20:12:01,207][flwr][INFO] - fit progress: (25, 0.029177029758183624, {'rmse': 3829.840727758793, 'mae': 1255.1595458984375, 'r2': 0.8952779443508819, 'mape': 5.212707996368408, 'accuracy_10': 88.91674876213074, 'accuracy_20': 96.08826637268066}, 140.27092845801963)
[2026-01-21 20:12:01,208][flwr][DEBUG] - evaluate_round 25: strategy sampled 6 clients (out of 12)
[2026-01-21 20:12:01,440][flwr][DEBUG] - evaluate_round 25 received 6 results and 0 failures
[2026-01-21 20:12:01,441][flwr][DEBUG] - fit_round 26: strategy sampled 7 clients (out of 12)
[2026-01-21 20:12:06,471][flwr][DEBUG] - fit_round 26 received 7 results and 0 failures
[2026-01-21 20:12:06,756][flwr][INFO] - fit progress: (26, 0.0333435885531598, {'rmse': 3996.832370765629, 'mae': 1166.2926025390625, 'r2': 0.8859465074870487, 'mape': 5.201158046722412, 'accuracy_10': 89.46840763092041, 'accuracy_20': 95.23570537567139}, 145.8191192910308)
[2026-01-21 20:12:06,756][flwr][DEBUG] - evaluate_round 26: strategy sampled 6 clients (out of 12)
[2026-01-21 20:12:06,845][flwr][DEBUG] - evaluate_round 26 received 6 results and 0 failures
[2026-01-21 20:12:06,845][flwr][DEBUG] - fit_round 27: strategy sampled 7 clients (out of 12)
[2026-01-21 20:12:11,734][flwr][DEBUG] - fit_round 27 received 7 results and 0 failures
[2026-01-21 20:12:11,989][flwr][INFO] - fit progress: (27, 0.02708533816151657, {'rmse': 3880.2448376358934, 'mae': 1311.048828125, 'r2': 0.8925033362203831, 'mape': 5.182273864746094, 'accuracy_10': 87.61283755302429, 'accuracy_20': 96.53961658477783}, 151.05242883303436)
[2026-01-21 20:12:11,989][flwr][DEBUG] - evaluate_round 27: strategy sampled 6 clients (out of 12)
[2026-01-21 20:12:12,071][flwr][DEBUG] - evaluate_round 27 received 6 results and 0 failures
[2026-01-21 20:12:12,072][flwr][DEBUG] - fit_round 28: strategy sampled 7 clients (out of 12)
[2026-01-21 20:12:16,943][flwr][DEBUG] - fit_round 28 received 7 results and 0 failures
[2026-01-21 20:12:17,220][flwr][INFO] - fit progress: (28, 0.029041120506927684, {'rmse': 3905.905016766281, 'mae': 1232.27099609375, 'r2': 0.8910768776168534, 'mape': 5.133599281311035, 'accuracy_10': 89.31795358657837, 'accuracy_20': 96.23871445655823}, 156.28294445801293)
[2026-01-21 20:12:17,220][flwr][DEBUG] - evaluate_round 28: strategy sampled 6 clients (out of 12)
[2026-01-21 20:12:17,306][flwr][DEBUG] - evaluate_round 28 received 6 results and 0 failures
[2026-01-21 20:12:17,306][flwr][DEBUG] - fit_round 29: strategy sampled 7 clients (out of 12)
[2026-01-21 20:12:22,255][flwr][DEBUG] - fit_round 29 received 7 results and 0 failures
[2026-01-21 20:12:22,510][flwr][INFO] - fit progress: (29, 0.03047611811847511, {'rmse': 3898.5118955827234, 'mae': 1247.2532958984375, 'r2': 0.8914888307307256, 'mape': 5.288370132446289, 'accuracy_10': 88.81645202636719, 'accuracy_20': 96.03811502456665}, 161.57391337503213)
[2026-01-21 20:12:22,511][flwr][DEBUG] - evaluate_round 29: strategy sampled 6 clients (out of 12)
[2026-01-21 20:12:22,604][flwr][DEBUG] - evaluate_round 29 received 6 results and 0 failures
[2026-01-21 20:12:22,605][flwr][DEBUG] - fit_round 30: strategy sampled 7 clients (out of 12)
[2026-01-21 20:12:27,348][flwr][DEBUG] - fit_round 30 received 7 results and 0 failures
[2026-01-21 20:12:27,596][flwr][INFO] - fit progress: (30, 0.029871026131557066, {'rmse': 3911.899922032771, 'mae': 1239.1959228515625, 'r2': 0.8907422656239183, 'mape': 5.230011940002441, 'accuracy_10': 89.36810493469238, 'accuracy_20': 96.28886580467224}, 166.65985595801612)
[2026-01-21 20:12:27,597][flwr][DEBUG] - evaluate_round 30: strategy sampled 6 clients (out of 12)
[2026-01-21 20:12:27,694][flwr][DEBUG] - evaluate_round 30 received 6 results and 0 failures
[2026-01-21 20:12:27,694][flwr][INFO] - FL finished in 166.75738479103893
[2026-01-21 20:12:27,695][flwr][INFO] - app_fit: losses_distributed [(1, 0.14819209989463472), (2, 0.13185246685403276), (3, 0.07065736922756659), (4, 0.0607921858679528), (5, 0.07142702979060261), (6, 0.0491594289658168), (7, 0.04066531320460299), (8, 0.041202850497054744), (9, 0.0298807342588137), (10, 0.04002709102520313), (11, 0.06616217322221447), (12, 0.03317679452890914), (13, 0.04401799118518309), (14, 0.033319214869791655), (15, 0.0348495873672024), (16, 0.017256054569111026), (17, 0.027851839899759683), (18, 0.05764672006863608), (19, 0.015584031443261172), (20, 0.03206212055511719), (21, 0.051375048855699774), (22, 0.022197413396480684), (23, 0.047613273505196764), (24, 0.023734467041643566), (25, 0.03745159745814546), (26, 0.01921559583076254), (27, 0.025029991022672744), (28, 0.037314033781001774), (29, 0.02283651161092931), (30, 0.02574269603657845)]
[2026-01-21 20:12:27,696][flwr][INFO] - app_fit: metrics_distributed_fit {'scaffold_updates': [(1, 7), (2, 7), (3, 7), (4, 7), (5, 7), (6, 7), (7, 7), (8, 7), (9, 7), (10, 7), (11, 7), (12, 7), (13, 7), (14, 7), (15, 7), (16, 7), (17, 7), (18, 7), (19, 7), (20, 7), (21, 7), (22, 7), (23, 7), (24, 7), (25, 7), (26, 7), (27, 7), (28, 7), (29, 7), (30, 7)], 'avg_control_delta_norm': [(1, 0.0017958925309972242), (2, 0.001183694183582978), (3, 0.000933941033666373), (4, 0.0008116647364040441), (5, 0.0007014619769902107), (6, 0.000706294166622547), (7, 0.0006539061456658847), (8, 0.0006410136333233754), (9, 0.0005982046227056526), (10, 0.0005720228911063505), (11, 0.0006058381675098436), (12, 0.0005686689387235804), (13, 0.0005735524004808469), (14, 0.0005050726187226716), (15, 0.0005135011768983567), (16, 0.0005308620881861306), (17, 0.0005139468076408043), (18, 0.0005969976824194286), (19, 0.0005011779678959022), (20, 0.0004609493110955729), (21, 0.00044288613129046323), (22, 0.0004922665427464845), (23, 0.00045068311200633553), (24, 0.0004934614806720094), (25, 0.00042771169008931837), (26, 0.0004915177508195363), (27, 0.00047294655875219834), (28, 0.00042296559241173986), (29, 0.00047596151974555644), (30, 0.0004178410901102751)]}
[2026-01-21 20:12:27,696][flwr][INFO] - app_fit: metrics_distributed {}
[2026-01-21 20:12:27,696][flwr][INFO] - app_fit: losses_centralized [(0, 1.4340404903996313), (1, 0.15041933054760204), (2, 0.1006273535363294), (3, 0.06443105188526266), (4, 0.054124382035872165), (5, 0.04740231619809671), (6, 0.04379153807265469), (7, 0.037633189486868404), (8, 0.03824069408499967), (9, 0.034149387599143724), (10, 0.03259340190742475), (11, 0.03445766283406567), (12, 0.03432345365378688), (13, 0.03948834708563931), (14, 0.03486590881419995), (15, 0.034342715815606426), (16, 0.03311844835750975), (17, 0.03134778761300244), (18, 0.03242062874990277), (19, 0.032016381836209515), (20, 0.03146833732141296), (21, 0.031312838263077326), (22, 0.0316023943187256), (23, 0.030632353453161783), (24, 0.030483924318572046), (25, 0.029177029758183624), (26, 0.0333435885531598), (27, 0.02708533816151657), (28, 0.029041120506927684), (29, 0.03047611811847511), (30, 0.029871026131557066)]
[2026-01-21 20:12:27,696][flwr][INFO] - app_fit: metrics_centralized {'rmse': [(0, 11782.010694274555), (1, 5845.434457762742), (2, 5460.033699529702), (3, 4489.4665607397055), (4, 4344.594112227286), (5, 4228.387399470394), (6, 4295.659669945932), (7, 4150.53876020933), (8, 4180.891053352144), (9, 4037.1948181875), (10, 3988.191820863184), (11, 3996.9963722775633), (12, 4003.0748181866397), (13, 4218.087718386141), (14, 4057.6000295741323), (15, 4017.299590520976), (16, 3967.1940965876624), (17, 4035.6348942886298), (18, 3967.1698980507504), (19, 3903.1338690851994), (20, 3923.5436788699067), (21, 3934.0752407649757), (22, 3934.7191767647155), (23, 3913.0463835738005), (24, 3937.966861211506), (25, 3829.840727758793), (26, 3996.832370765629), (27, 3880.2448376358934), (28, 3905.905016766281), (29, 3898.5118955827234), (30, 3911.899922032771)], 'mae': [(0, 9149.193359375), (1, 3072.163818359375), (2, 2334.544677734375), (3, 1799.580810546875), (4, 1593.1610107421875), (5, 1489.76806640625), (6, 1420.435791015625), (7, 1460.3221435546875), (8, 1345.2974853515625), (9, 1425.723876953125), (10, 1372.1326904296875), (11, 1290.2861328125), (12, 1281.591552734375), (13, 1268.091552734375), (14, 1321.1246337890625), (15, 1270.343505859375), (16, 1311.62060546875), (17, 1408.3304443359375), (18, 1326.82080078125), (19, 1310.8956298828125), (20, 1254.7109375), (21, 1261.8485107421875), (22, 1308.6419677734375), (23, 1255.4862060546875), (24, 1300.4814453125), (25, 1255.1595458984375), (26, 1166.2926025390625), (27, 1311.048828125), (28, 1232.27099609375), (29, 1247.2532958984375), (30, 1239.1959228515625)], 'r2': [(0, 0.00890437044283554), (1, 0.7560446628804154), (2, 0.7871530847044473), (3, 0.8560982025592043), (4, 0.8652356156514552), (5, 0.8723484028966864), (6, 0.8682543025920796), (7, 0.8770055013904536), (8, 0.8752000441622421), (9, 0.8836313116279746), (10, 0.8864391089035726), (11, 0.8859371505826859), (12, 0.8855899624996392), (13, 0.8729695224212548), (14, 0.8824520116933733), (15, 0.8847754131762577), (16, 0.8876317475599892), (17, 0.8837212215060263), (18, 0.8876331188304561), (19, 0.8912313838667961), (20, 0.8900908901531106), (21, 0.8895000632397674), (22, 0.8894638822318311), (23, 0.8906782192268135), (24, 0.8892813346007882), (25, 0.8952779443508819), (26, 0.8859465074870487), (27, 0.8925033362203831), (28, 0.8910768776168534), (29, 0.8914888307307256), (30, 0.8907422656239183)], 'mape': [(0, 79.91940307617188), (1, 16.67806053161621), (2, 12.187234878540039), (3, 9.437925338745117), (4, 8.154273986816406), (5, 7.355409622192383), (6, 6.744104385375977), (7, 6.323445796966553), (8, 6.00256872177124), (9, 5.9542951583862305), (10, 5.720156669616699), (11, 5.608617305755615), (12, 5.553127288818359), (13, 5.765575408935547), (14, 5.625349521636963), (15, 5.4815897941589355), (16, 5.52583122253418), (17, 5.50700569152832), (18, 5.579344749450684), (19, 5.533973693847656), (20, 5.266920566558838), (21, 5.284892559051514), (22, 5.436262130737305), (23, 5.227062702178955), (24, 5.353553771972656), (25, 5.212707996368408), (26, 5.201158046722412), (27, 5.182273864746094), (28, 5.133599281311035), (29, 5.288370132446289), (30, 5.230011940002441)], 'accuracy_10': [(0, 11.735205352306366), (1, 35.40621995925903), (2, 60.03009080886841), (3, 66.90070033073425), (4, 74.87462162971497), (5, 80.19056916236877), (6, 85.8575701713562), (7, 85.20561456680298), (8, 88.06419372558594), (9, 85.90772151947021), (10, 86.60982847213745), (11, 88.56569528579712), (12, 88.86659741401672), (13, 88.86659741401672), (14, 88.46539855003357), (15, 89.11735415458679), (16, 88.46539855003357), (17, 85.80742478370667), (18, 88.46539855003357), (19, 88.2146418094635), (20, 88.61584663391113), (21, 89.06720280647278), (22, 88.01404237747192), (23, 89.21765089035034), (24, 88.46539855003357), (25, 88.91674876213074), (26, 89.46840763092041), (27, 87.61283755302429), (28, 89.31795358657837), (29, 88.81645202636719), (30, 89.36810493469238)], 'accuracy_20': [(0, 21.46439254283905), (1, 76.12838745117188), (2, 88.31494450569153), (3, 93.48044395446777), (4, 94.23269629478455), (5, 94.68405246734619), (6, 95.38615942001343), (7, 95.88766098022461), (8, 95.43631076812744), (9, 96.4894711971283), (10, 96.43931984901428), (11, 95.78736424446106), (12, 95.68706154823303), (13, 94.9849545955658), (14, 95.53660750389099), (15, 95.23570537567139), (16, 95.73721289634705), (17, 95.88766098022461), (18, 96.18856310844421), (19, 95.68706154823303), (20, 95.68706154823303), (21, 95.73721289634705), (22, 95.73721289634705), (23, 96.08826637268066), (24, 96.03811502456665), (25, 96.08826637268066), (26, 95.23570537567139), (27, 96.53961658477783), (28, 96.23871445655823), (29, 96.03811502456665), (30, 96.28886580467224)]}
