[2026-01-18 00:32:21,871][flwr][INFO] - Starting Flower simulation, config: ServerConfig(num_rounds=25, round_timeout=None)
[2026-01-18 00:32:26,512][flwr][INFO] - Flower VCE: Ray initialized with resources: {'node:127.0.0.1': 1.0, 'object_store_memory': 2147483648.0, 'CPU': 10.0, 'memory': 11539087360.0}
[2026-01-18 00:32:26,513][flwr][INFO] - Initializing global parameters
[2026-01-18 00:32:26,513][flwr][INFO] - Using initial parameters provided by strategy
[2026-01-18 00:32:26,513][flwr][INFO] - Evaluating initial parameters
[2026-01-18 00:32:27,098][flwr][INFO] - initial parameters (loss, other metrics): 0.9839264326095581, {'rmse': 10493.003383207308, 'mae': 7163.921875, 'r2': -0.037267655489372054, 'mape': 51.275856018066406, 'accuracy_10': 13.099999725818634, 'accuracy_20': 26.600000262260437}
[2026-01-18 00:32:27,098][flwr][INFO] - FL starting
[2026-01-18 00:32:27,098][flwr][DEBUG] - fit_round 1: strategy sampled 7 clients (out of 12)
[2026-01-18 00:32:40,961][flwr][DEBUG] - fit_round 1 received 7 results and 0 failures
[2026-01-18 00:32:40,966][flwr][WARNING] - No fit_metrics_aggregation_fn provided
[2026-01-18 00:32:41,198][flwr][INFO] - fit progress: (1, 0.08375886070728301, {'rmse': 3630.58135840529, 'mae': 1938.5714111328125, 'r2': 0.8758223178378982, 'mape': 11.380932807922363, 'accuracy_10': 56.99999928474426, 'accuracy_20': 86.65000200271606}, 14.100201833993196)
[2026-01-18 00:32:41,198][flwr][DEBUG] - evaluate_round 1: strategy sampled 6 clients (out of 12)
[2026-01-18 00:32:41,385][flwr][DEBUG] - evaluate_round 1 received 6 results and 0 failures
[2026-01-18 00:32:41,385][flwr][WARNING] - No evaluate_metrics_aggregation_fn provided
[2026-01-18 00:32:41,385][flwr][DEBUG] - fit_round 2: strategy sampled 7 clients (out of 12)
[2026-01-18 00:32:50,198][flwr][DEBUG] - fit_round 2 received 7 results and 0 failures
[2026-01-18 00:32:50,421][flwr][INFO] - fit progress: (2, 0.06142439445853233, {'rmse': 3154.7985672622585, 'mae': 1688.1322021484375, 'r2': 0.9062363567649107, 'mape': 9.662108421325684, 'accuracy_10': 63.55000138282776, 'accuracy_20': 91.10000133514404}, 23.32290995900985)
[2026-01-18 00:32:50,421][flwr][DEBUG] - evaluate_round 2: strategy sampled 6 clients (out of 12)
[2026-01-18 00:32:50,591][flwr][DEBUG] - evaluate_round 2 received 6 results and 0 failures
[2026-01-18 00:32:50,591][flwr][DEBUG] - fit_round 3: strategy sampled 7 clients (out of 12)
[2026-01-18 00:32:59,157][flwr][DEBUG] - fit_round 3 received 7 results and 0 failures
[2026-01-18 00:32:59,387][flwr][INFO] - fit progress: (3, 0.052324166774749756, {'rmse': 2915.9046623646664, 'mae': 1567.7122802734375, 'r2': 0.9198990160393702, 'mape': 8.907344818115234, 'accuracy_10': 67.44999885559082, 'accuracy_20': 92.5000011920929}, 32.28964658395853)
[2026-01-18 00:32:59,388][flwr][DEBUG] - evaluate_round 3: strategy sampled 6 clients (out of 12)
[2026-01-18 00:32:59,607][flwr][DEBUG] - evaluate_round 3 received 6 results and 0 failures
[2026-01-18 00:32:59,607][flwr][DEBUG] - fit_round 4: strategy sampled 7 clients (out of 12)
[2026-01-18 00:33:03,100][flwr][DEBUG] - fit_round 4 received 7 results and 0 failures
[2026-01-18 00:33:03,356][flwr][INFO] - fit progress: (4, 0.04967352244257927, {'rmse': 2816.466846955597, 'mae': 1516.8701171875, 'r2': 0.9252690483582816, 'mape': 8.67240047454834, 'accuracy_10': 68.25000047683716, 'accuracy_20': 92.79999732971191}, 36.25840624998091)
[2026-01-18 00:33:03,356][flwr][DEBUG] - evaluate_round 4: strategy sampled 6 clients (out of 12)
[2026-01-18 00:33:03,545][flwr][DEBUG] - evaluate_round 4 received 6 results and 0 failures
[2026-01-18 00:33:03,546][flwr][DEBUG] - fit_round 5: strategy sampled 7 clients (out of 12)
[2026-01-18 00:33:07,053][flwr][DEBUG] - fit_round 5 received 7 results and 0 failures
[2026-01-18 00:33:07,288][flwr][INFO] - fit progress: (5, 0.04672649249434471, {'rmse': 2770.4704474150235, 'mae': 1477.6348876953125, 'r2': 0.9276900147398068, 'mape': 8.456920623779297, 'accuracy_10': 69.70000267028809, 'accuracy_20': 93.00000071525574}, 40.18997262499761)
[2026-01-18 00:33:07,288][flwr][DEBUG] - evaluate_round 5: strategy sampled 6 clients (out of 12)
[2026-01-18 00:33:07,448][flwr][DEBUG] - evaluate_round 5 received 6 results and 0 failures
[2026-01-18 00:33:07,449][flwr][DEBUG] - fit_round 6: strategy sampled 7 clients (out of 12)
[2026-01-18 00:33:13,038][flwr][DEBUG] - fit_round 6 received 7 results and 0 failures
[2026-01-18 00:33:13,276][flwr][INFO] - fit progress: (6, 0.04409899218380451, {'rmse': 2711.3895883845244, 'mae': 1443.6124267578125, 'r2': 0.9307411842657984, 'mape': 8.202263832092285, 'accuracy_10': 71.39999866485596, 'accuracy_20': 93.65000128746033}, 46.17823987500742)
[2026-01-18 00:33:13,276][flwr][DEBUG] - evaluate_round 6: strategy sampled 6 clients (out of 12)
[2026-01-18 00:33:13,454][flwr][DEBUG] - evaluate_round 6 received 6 results and 0 failures
[2026-01-18 00:33:13,454][flwr][DEBUG] - fit_round 7: strategy sampled 7 clients (out of 12)
[2026-01-18 00:33:22,074][flwr][DEBUG] - fit_round 7 received 7 results and 0 failures
[2026-01-18 00:33:22,316][flwr][INFO] - fit progress: (7, 0.03988884803652763, {'rmse': 2532.4483212891037, 'mae': 1343.13330078125, 'r2': 0.9395811564933136, 'mape': 7.762393474578857, 'accuracy_10': 73.15000295639038, 'accuracy_20': 94.40000057220459}, 55.21851895900909)
[2026-01-18 00:33:22,316][flwr][DEBUG] - evaluate_round 7: strategy sampled 6 clients (out of 12)
[2026-01-18 00:33:22,531][flwr][DEBUG] - evaluate_round 7 received 6 results and 0 failures
[2026-01-18 00:33:22,532][flwr][DEBUG] - fit_round 8: strategy sampled 7 clients (out of 12)
[2026-01-18 00:33:30,662][flwr][DEBUG] - fit_round 8 received 7 results and 0 failures
[2026-01-18 00:33:30,892][flwr][INFO] - fit progress: (8, 0.03665132346749306, {'rmse': 2445.163798194305, 'mae': 1293.7833251953125, 'r2': 0.9436742283133482, 'mape': 7.4558281898498535, 'accuracy_10': 75.3000020980835, 'accuracy_20': 95.24999856948853}, 63.794724959007)
[2026-01-18 00:33:30,893][flwr][DEBUG] - evaluate_round 8: strategy sampled 6 clients (out of 12)
[2026-01-18 00:33:31,049][flwr][DEBUG] - evaluate_round 8 received 6 results and 0 failures
[2026-01-18 00:33:31,050][flwr][DEBUG] - fit_round 9: strategy sampled 7 clients (out of 12)
[2026-01-18 00:33:36,779][flwr][DEBUG] - fit_round 9 received 7 results and 0 failures
[2026-01-18 00:33:37,019][flwr][INFO] - fit progress: (9, 0.035241689383983615, {'rmse': 2446.150547288535, 'mae': 1275.6697998046875, 'r2': 0.9436287621178553, 'mape': 7.297720909118652, 'accuracy_10': 76.64999961853027, 'accuracy_20': 95.6499993801117}, 69.9209690419957)
[2026-01-18 00:33:37,019][flwr][DEBUG] - evaluate_round 9: strategy sampled 6 clients (out of 12)
[2026-01-18 00:33:37,199][flwr][DEBUG] - evaluate_round 9 received 6 results and 0 failures
[2026-01-18 00:33:37,199][flwr][DEBUG] - fit_round 10: strategy sampled 7 clients (out of 12)
[2026-01-18 00:33:39,952][flwr][DEBUG] - fit_round 10 received 7 results and 0 failures
[2026-01-18 00:33:40,184][flwr][INFO] - fit progress: (10, 0.033195525497198106, {'rmse': 2378.696807077354, 'mae': 1233.5472412109375, 'r2': 0.9466948217505186, 'mape': 7.1004486083984375, 'accuracy_10': 77.39999890327454, 'accuracy_20': 96.14999890327454}, 73.08612754195929)
[2026-01-18 00:33:40,184][flwr][DEBUG] - evaluate_round 10: strategy sampled 6 clients (out of 12)
[2026-01-18 00:33:40,378][flwr][DEBUG] - evaluate_round 10 received 6 results and 0 failures
[2026-01-18 00:33:40,378][flwr][DEBUG] - fit_round 11: strategy sampled 7 clients (out of 12)
[2026-01-18 00:33:48,567][flwr][DEBUG] - fit_round 11 received 7 results and 0 failures
[2026-01-18 00:33:48,804][flwr][INFO] - fit progress: (11, 0.03036118537187576, {'rmse': 2271.4245530063286, 'mae': 1175.3763427734375, 'r2': 0.9513942252741652, 'mape': 6.775379180908203, 'accuracy_10': 79.60000038146973, 'accuracy_20': 96.45000100135803}, 81.70664454199141)
[2026-01-18 00:33:48,804][flwr][DEBUG] - evaluate_round 11: strategy sampled 6 clients (out of 12)
[2026-01-18 00:33:48,986][flwr][DEBUG] - evaluate_round 11 received 6 results and 0 failures
[2026-01-18 00:33:48,986][flwr][DEBUG] - fit_round 12: strategy sampled 7 clients (out of 12)
[2026-01-18 00:33:52,413][flwr][DEBUG] - fit_round 12 received 7 results and 0 failures
[2026-01-18 00:33:52,648][flwr][INFO] - fit progress: (12, 0.028542850092053415, {'rmse': 2195.2097849636148, 'mae': 1126.784423828125, 'r2': 0.9546013140415432, 'mape': 6.546090602874756, 'accuracy_10': 80.25000095367432, 'accuracy_20': 97.35000133514404}, 85.55067266698461)
[2026-01-18 00:33:52,648][flwr][DEBUG] - evaluate_round 12: strategy sampled 6 clients (out of 12)
[2026-01-18 00:33:52,829][flwr][DEBUG] - evaluate_round 12 received 6 results and 0 failures
[2026-01-18 00:33:52,830][flwr][DEBUG] - fit_round 13: strategy sampled 7 clients (out of 12)
[2026-01-18 00:33:58,341][flwr][DEBUG] - fit_round 13 received 7 results and 0 failures
[2026-01-18 00:33:58,578][flwr][INFO] - fit progress: (13, 0.026581716403365135, {'rmse': 2112.6607631136617, 'mae': 1078.9591064453125, 'r2': 0.9579514771024407, 'mape': 6.329342842102051, 'accuracy_10': 81.84999823570251, 'accuracy_20': 97.45000004768372}, 91.48090604197932)
[2026-01-18 00:33:58,579][flwr][DEBUG] - evaluate_round 13: strategy sampled 6 clients (out of 12)
[2026-01-18 00:33:58,790][flwr][DEBUG] - evaluate_round 13 received 6 results and 0 failures
[2026-01-18 00:33:58,790][flwr][DEBUG] - fit_round 14: strategy sampled 7 clients (out of 12)
[2026-01-18 00:34:04,615][flwr][DEBUG] - fit_round 14 received 7 results and 0 failures
[2026-01-18 00:34:04,859][flwr][INFO] - fit progress: (14, 0.025000269636511804, {'rmse': 2098.4814747812284, 'mae': 1056.4708251953125, 'r2': 0.9585140067138319, 'mape': 6.122264862060547, 'accuracy_10': 82.95000195503235, 'accuracy_20': 97.50000238418579}, 97.76183691696497)
[2026-01-18 00:34:04,860][flwr][DEBUG] - evaluate_round 14: strategy sampled 6 clients (out of 12)
[2026-01-18 00:34:05,043][flwr][DEBUG] - evaluate_round 14 received 6 results and 0 failures
[2026-01-18 00:34:05,043][flwr][DEBUG] - fit_round 15: strategy sampled 7 clients (out of 12)
[2026-01-18 00:34:13,031][flwr][DEBUG] - fit_round 15 received 7 results and 0 failures
[2026-01-18 00:34:13,261][flwr][INFO] - fit progress: (15, 0.02264802496880293, {'rmse': 2049.163365864225, 'mae': 1003.59033203125, 'r2': 0.9604410817145901, 'mape': 5.8045454025268555, 'accuracy_10': 84.75000262260437, 'accuracy_20': 97.54999876022339}, 106.16405345895328)
[2026-01-18 00:34:13,262][flwr][DEBUG] - evaluate_round 15: strategy sampled 6 clients (out of 12)
[2026-01-18 00:34:13,434][flwr][DEBUG] - evaluate_round 15 received 6 results and 0 failures
[2026-01-18 00:34:13,435][flwr][DEBUG] - fit_round 16: strategy sampled 7 clients (out of 12)
[2026-01-18 00:34:21,474][flwr][DEBUG] - fit_round 16 received 7 results and 0 failures
[2026-01-18 00:34:21,713][flwr][INFO] - fit progress: (16, 0.019974365927278994, {'rmse': 1848.3133527624584, 'mae': 908.479248046875, 'r2': 0.9678158230695302, 'mape': 5.384347438812256, 'accuracy_10': 87.44999766349792, 'accuracy_20': 98.25000166893005}, 114.61601774999872)
[2026-01-18 00:34:21,714][flwr][DEBUG] - evaluate_round 16: strategy sampled 6 clients (out of 12)
[2026-01-18 00:34:21,792][flwr][DEBUG] - evaluate_round 16 received 6 results and 0 failures
[2026-01-18 00:34:21,792][flwr][DEBUG] - fit_round 17: strategy sampled 7 clients (out of 12)
[2026-01-18 00:34:30,009][flwr][DEBUG] - fit_round 17 received 7 results and 0 failures
[2026-01-18 00:34:30,247][flwr][INFO] - fit progress: (17, 0.018965172439813615, {'rmse': 1842.6728548497153, 'mae': 888.453857421875, 'r2': 0.9680119557282544, 'mape': 5.26060676574707, 'accuracy_10': 88.20000290870667, 'accuracy_20': 98.60000014305115}, 123.15008870896418)
[2026-01-18 00:34:30,248][flwr][DEBUG] - evaluate_round 17: strategy sampled 6 clients (out of 12)
[2026-01-18 00:34:30,353][flwr][DEBUG] - evaluate_round 17 received 6 results and 0 failures
[2026-01-18 00:34:30,353][flwr][DEBUG] - fit_round 18: strategy sampled 7 clients (out of 12)
[2026-01-18 00:34:38,856][flwr][DEBUG] - fit_round 18 received 7 results and 0 failures
[2026-01-18 00:34:39,111][flwr][INFO] - fit progress: (18, 0.017157264858484268, {'rmse': 1753.142250360763, 'mae': 821.0100708007812, 'r2': 0.9710448683531278, 'mape': 4.9088945388793945, 'accuracy_10': 89.60000276565552, 'accuracy_20': 98.65000247955322}, 132.0142089999863)
[2026-01-18 00:34:39,112][flwr][DEBUG] - evaluate_round 18: strategy sampled 6 clients (out of 12)
[2026-01-18 00:34:39,271][flwr][DEBUG] - evaluate_round 18 received 6 results and 0 failures
[2026-01-18 00:34:39,271][flwr][DEBUG] - fit_round 19: strategy sampled 7 clients (out of 12)
[2026-01-18 00:34:47,652][flwr][DEBUG] - fit_round 19 received 7 results and 0 failures
[2026-01-18 00:34:47,894][flwr][INFO] - fit progress: (19, 0.0163550089225173, {'rmse': 1772.5474605775723, 'mae': 811.9943237304688, 'r2': 0.9704003225678489, 'mape': 4.773522853851318, 'accuracy_10': 90.2999997138977, 'accuracy_20': 98.54999780654907}, 140.7970273339888)
[2026-01-18 00:34:47,895][flwr][DEBUG] - evaluate_round 19: strategy sampled 6 clients (out of 12)
[2026-01-18 00:34:47,995][flwr][DEBUG] - evaluate_round 19 received 6 results and 0 failures
[2026-01-18 00:34:47,996][flwr][DEBUG] - fit_round 20: strategy sampled 7 clients (out of 12)
[2026-01-18 00:34:56,153][flwr][DEBUG] - fit_round 20 received 7 results and 0 failures
[2026-01-18 00:34:56,381][flwr][INFO] - fit progress: (20, 0.014820924967527389, {'rmse': 1643.6248811696664, 'mae': 734.3970336914062, 'r2': 0.9745494819033931, 'mape': 4.451299667358398, 'accuracy_10': 91.8500006198883, 'accuracy_20': 98.90000224113464}, 149.28419425000902)
[2026-01-18 00:34:56,382][flwr][DEBUG] - evaluate_round 20: strategy sampled 6 clients (out of 12)
[2026-01-18 00:34:56,579][flwr][DEBUG] - evaluate_round 20 received 6 results and 0 failures
[2026-01-18 00:34:56,579][flwr][DEBUG] - fit_round 21: strategy sampled 7 clients (out of 12)
[2026-01-18 00:35:02,161][flwr][DEBUG] - fit_round 21 received 7 results and 0 failures
[2026-01-18 00:35:02,392][flwr][INFO] - fit progress: (21, 0.014243454746901989, {'rmse': 1609.9330731431044, 'mae': 721.5928344726562, 'r2': 0.9755821809828169, 'mape': 4.359520435333252, 'accuracy_10': 92.59999990463257, 'accuracy_20': 98.69999885559082}, 155.29482791700866)
[2026-01-18 00:35:02,392][flwr][DEBUG] - evaluate_round 21: strategy sampled 6 clients (out of 12)
[2026-01-18 00:35:02,491][flwr][DEBUG] - evaluate_round 21 received 6 results and 0 failures
[2026-01-18 00:35:02,491][flwr][DEBUG] - fit_round 22: strategy sampled 7 clients (out of 12)
[2026-01-18 00:35:10,546][flwr][DEBUG] - fit_round 22 received 7 results and 0 failures
[2026-01-18 00:35:10,783][flwr][INFO] - fit progress: (22, 0.013133221428841352, {'rmse': 1598.5782745927709, 'mae': 696.6004638671875, 'r2': 0.9759254034886088, 'mape': 4.178650856018066, 'accuracy_10': 92.84999966621399, 'accuracy_20': 98.7500011920929}, 163.68624862498837)
[2026-01-18 00:35:10,784][flwr][DEBUG] - evaluate_round 22: strategy sampled 6 clients (out of 12)
[2026-01-18 00:35:10,979][flwr][DEBUG] - evaluate_round 22 received 6 results and 0 failures
[2026-01-18 00:35:10,979][flwr][DEBUG] - fit_round 23: strategy sampled 7 clients (out of 12)
[2026-01-18 00:35:16,528][flwr][DEBUG] - fit_round 23 received 7 results and 0 failures
[2026-01-18 00:35:16,757][flwr][INFO] - fit progress: (23, 0.012774497032165528, {'rmse': 1566.5679844807246, 'mae': 681.6429443359375, 'r2': 0.9768798993612081, 'mape': 4.127002716064453, 'accuracy_10': 93.65000128746033, 'accuracy_20': 99.15000200271606}, 169.65979458397487)
[2026-01-18 00:35:16,757][flwr][DEBUG] - evaluate_round 23: strategy sampled 6 clients (out of 12)
[2026-01-18 00:35:16,977][flwr][DEBUG] - evaluate_round 23 received 6 results and 0 failures
[2026-01-18 00:35:16,978][flwr][DEBUG] - fit_round 24: strategy sampled 7 clients (out of 12)
[2026-01-18 00:35:19,732][flwr][DEBUG] - fit_round 24 received 7 results and 0 failures
[2026-01-18 00:35:19,965][flwr][INFO] - fit progress: (24, 0.012080647744238377, {'rmse': 1572.3458589000068, 'mae': 665.0733642578125, 'r2': 0.9767090393665286, 'mape': 3.9993062019348145, 'accuracy_10': 93.50000023841858, 'accuracy_20': 99.04999732971191}, 172.867542958993)
[2026-01-18 00:35:19,965][flwr][DEBUG] - evaluate_round 24: strategy sampled 6 clients (out of 12)
[2026-01-18 00:35:20,072][flwr][DEBUG] - evaluate_round 24 received 6 results and 0 failures
[2026-01-18 00:35:20,073][flwr][DEBUG] - fit_round 25: strategy sampled 7 clients (out of 12)
[2026-01-18 00:35:23,316][flwr][DEBUG] - fit_round 25 received 7 results and 0 failures
[2026-01-18 00:35:23,546][flwr][INFO] - fit progress: (25, 0.011677943177521228, {'rmse': 1545.5926856710987, 'mae': 660.4910278320312, 'r2': 0.9774948795783485, 'mape': 3.956019401550293, 'accuracy_10': 93.90000104904175, 'accuracy_20': 99.19999837875366}, 176.44863895897288)
[2026-01-18 00:35:23,546][flwr][DEBUG] - evaluate_round 25: strategy sampled 6 clients (out of 12)
[2026-01-18 00:35:23,741][flwr][DEBUG] - evaluate_round 25 received 6 results and 0 failures
[2026-01-18 00:35:23,741][flwr][INFO] - FL finished in 176.6444908749545
[2026-01-18 00:35:23,742][flwr][INFO] - app_fit: losses_distributed [(1, 0.13370810466747668), (2, 0.07454943968550018), (3, 0.07338214835844341), (4, 0.053439537906757276), (5, 0.0553396387741802), (6, 0.054545249108060016), (7, 0.040547484972500186), (8, 0.05219026225448591), (9, 0.05087962831082466), (10, 0.0351458866445517), (11, 0.03648988866716399), (12, 0.029150909279219622), (13, 0.03173102510265178), (14, 0.03419836256593813), (15, 0.03314730467710227), (16, 0.04161399711010745), (17, 0.03347444611981578), (18, 0.03062847619195847), (19, 0.016317709463261), (20, 0.01953745838851785), (21, 0.01285954074340356), (22, 0.013080323333932036), (23, 0.015384660689029871), (24, 0.012309869268982533), (25, 0.027302872712581274)]
[2026-01-18 00:35:23,742][flwr][INFO] - app_fit: metrics_distributed_fit {}
[2026-01-18 00:35:23,742][flwr][INFO] - app_fit: metrics_distributed {}
[2026-01-18 00:35:23,743][flwr][INFO] - app_fit: losses_centralized [(0, 0.9839264326095581), (1, 0.08375886070728301), (2, 0.06142439445853233), (3, 0.052324166774749756), (4, 0.04967352244257927), (5, 0.04672649249434471), (6, 0.04409899218380451), (7, 0.03988884803652763), (8, 0.03665132346749306), (9, 0.035241689383983615), (10, 0.033195525497198106), (11, 0.03036118537187576), (12, 0.028542850092053415), (13, 0.026581716403365135), (14, 0.025000269636511804), (15, 0.02264802496880293), (16, 0.019974365927278994), (17, 0.018965172439813615), (18, 0.017157264858484268), (19, 0.0163550089225173), (20, 0.014820924967527389), (21, 0.014243454746901989), (22, 0.013133221428841352), (23, 0.012774497032165528), (24, 0.012080647744238377), (25, 0.011677943177521228)]
[2026-01-18 00:35:23,743][flwr][INFO] - app_fit: metrics_centralized {'rmse': [(0, 10493.003383207308), (1, 3630.58135840529), (2, 3154.7985672622585), (3, 2915.9046623646664), (4, 2816.466846955597), (5, 2770.4704474150235), (6, 2711.3895883845244), (7, 2532.4483212891037), (8, 2445.163798194305), (9, 2446.150547288535), (10, 2378.696807077354), (11, 2271.4245530063286), (12, 2195.2097849636148), (13, 2112.6607631136617), (14, 2098.4814747812284), (15, 2049.163365864225), (16, 1848.3133527624584), (17, 1842.6728548497153), (18, 1753.142250360763), (19, 1772.5474605775723), (20, 1643.6248811696664), (21, 1609.9330731431044), (22, 1598.5782745927709), (23, 1566.5679844807246), (24, 1572.3458589000068), (25, 1545.5926856710987)], 'mae': [(0, 7163.921875), (1, 1938.5714111328125), (2, 1688.1322021484375), (3, 1567.7122802734375), (4, 1516.8701171875), (5, 1477.6348876953125), (6, 1443.6124267578125), (7, 1343.13330078125), (8, 1293.7833251953125), (9, 1275.6697998046875), (10, 1233.5472412109375), (11, 1175.3763427734375), (12, 1126.784423828125), (13, 1078.9591064453125), (14, 1056.4708251953125), (15, 1003.59033203125), (16, 908.479248046875), (17, 888.453857421875), (18, 821.0100708007812), (19, 811.9943237304688), (20, 734.3970336914062), (21, 721.5928344726562), (22, 696.6004638671875), (23, 681.6429443359375), (24, 665.0733642578125), (25, 660.4910278320312)], 'r2': [(0, -0.037267655489372054), (1, 0.8758223178378982), (2, 0.9062363567649107), (3, 0.9198990160393702), (4, 0.9252690483582816), (5, 0.9276900147398068), (6, 0.9307411842657984), (7, 0.9395811564933136), (8, 0.9436742283133482), (9, 0.9436287621178553), (10, 0.9466948217505186), (11, 0.9513942252741652), (12, 0.9546013140415432), (13, 0.9579514771024407), (14, 0.9585140067138319), (15, 0.9604410817145901), (16, 0.9678158230695302), (17, 0.9680119557282544), (18, 0.9710448683531278), (19, 0.9704003225678489), (20, 0.9745494819033931), (21, 0.9755821809828169), (22, 0.9759254034886088), (23, 0.9768798993612081), (24, 0.9767090393665286), (25, 0.9774948795783485)], 'mape': [(0, 51.275856018066406), (1, 11.380932807922363), (2, 9.662108421325684), (3, 8.907344818115234), (4, 8.67240047454834), (5, 8.456920623779297), (6, 8.202263832092285), (7, 7.762393474578857), (8, 7.4558281898498535), (9, 7.297720909118652), (10, 7.1004486083984375), (11, 6.775379180908203), (12, 6.546090602874756), (13, 6.329342842102051), (14, 6.122264862060547), (15, 5.8045454025268555), (16, 5.384347438812256), (17, 5.26060676574707), (18, 4.9088945388793945), (19, 4.773522853851318), (20, 4.451299667358398), (21, 4.359520435333252), (22, 4.178650856018066), (23, 4.127002716064453), (24, 3.9993062019348145), (25, 3.956019401550293)], 'accuracy_10': [(0, 13.099999725818634), (1, 56.99999928474426), (2, 63.55000138282776), (3, 67.44999885559082), (4, 68.25000047683716), (5, 69.70000267028809), (6, 71.39999866485596), (7, 73.15000295639038), (8, 75.3000020980835), (9, 76.64999961853027), (10, 77.39999890327454), (11, 79.60000038146973), (12, 80.25000095367432), (13, 81.84999823570251), (14, 82.95000195503235), (15, 84.75000262260437), (16, 87.44999766349792), (17, 88.20000290870667), (18, 89.60000276565552), (19, 90.2999997138977), (20, 91.8500006198883), (21, 92.59999990463257), (22, 92.84999966621399), (23, 93.65000128746033), (24, 93.50000023841858), (25, 93.90000104904175)], 'accuracy_20': [(0, 26.600000262260437), (1, 86.65000200271606), (2, 91.10000133514404), (3, 92.5000011920929), (4, 92.79999732971191), (5, 93.00000071525574), (6, 93.65000128746033), (7, 94.40000057220459), (8, 95.24999856948853), (9, 95.6499993801117), (10, 96.14999890327454), (11, 96.45000100135803), (12, 97.35000133514404), (13, 97.45000004768372), (14, 97.50000238418579), (15, 97.54999876022339), (16, 98.25000166893005), (17, 98.60000014305115), (18, 98.65000247955322), (19, 98.54999780654907), (20, 98.90000224113464), (21, 98.69999885559082), (22, 98.7500011920929), (23, 99.15000200271606), (24, 99.04999732971191), (25, 99.19999837875366)]}
[2026-01-18 00:35:24,163][flwr][INFO] - Starting Flower simulation, config: ServerConfig(num_rounds=25, round_timeout=None)
[2026-01-18 00:35:31,251][flwr][INFO] - Flower VCE: Ray initialized with resources: {'object_store_memory': 2147483648.0, 'CPU': 10.0, 'node:127.0.0.1': 1.0, 'memory': 12521199616.0}
[2026-01-18 00:35:31,252][flwr][INFO] - Initializing global parameters
[2026-01-18 00:35:31,252][flwr][INFO] - Using initial parameters provided by strategy
[2026-01-18 00:35:31,252][flwr][INFO] - Evaluating initial parameters
[2026-01-18 00:35:31,475][flwr][INFO] - initial parameters (loss, other metrics): 0.9839264326095581, {'rmse': 10493.003383207308, 'mae': 7163.921875, 'r2': -0.037267655489372054, 'mape': 51.275856018066406, 'accuracy_10': 13.099999725818634, 'accuracy_20': 26.600000262260437}
[2026-01-18 00:35:31,475][flwr][INFO] - FL starting
[2026-01-18 00:35:31,475][flwr][DEBUG] - fit_round 1: strategy sampled 7 clients (out of 12)
[2026-01-18 00:35:45,684][flwr][DEBUG] - fit_round 1 received 7 results and 0 failures
[2026-01-18 00:35:45,689][flwr][WARNING] - No fit_metrics_aggregation_fn provided
[2026-01-18 00:35:45,915][flwr][INFO] - fit progress: (1, 0.12008988225460053, {'rmse': 4208.305834893657, 'mae': 2316.945068359375, 'r2': 0.8331578355551861, 'mape': 14.171740531921387, 'accuracy_10': 45.05000114440918, 'accuracy_20': 80.15000224113464}, 14.440200541983359)
[2026-01-18 00:35:45,915][flwr][DEBUG] - evaluate_round 1: strategy sampled 6 clients (out of 12)
[2026-01-18 00:35:46,133][flwr][DEBUG] - evaluate_round 1 received 6 results and 0 failures
[2026-01-18 00:35:46,133][flwr][WARNING] - No evaluate_metrics_aggregation_fn provided
[2026-01-18 00:35:46,133][flwr][DEBUG] - fit_round 2: strategy sampled 7 clients (out of 12)
[2026-01-18 00:35:58,821][flwr][DEBUG] - fit_round 2 received 7 results and 0 failures
[2026-01-18 00:35:59,051][flwr][INFO] - fit progress: (2, 0.08547320473194123, {'rmse': 3659.1914407420663, 'mae': 1967.90478515625, 'r2': 0.8738574893985528, 'mape': 11.469097137451172, 'accuracy_10': 56.99999928474426, 'accuracy_20': 85.9499990940094}, 27.575957833963912)
[2026-01-18 00:35:59,051][flwr][DEBUG] - evaluate_round 2: strategy sampled 6 clients (out of 12)
[2026-01-18 00:35:59,250][flwr][DEBUG] - evaluate_round 2 received 6 results and 0 failures
[2026-01-18 00:35:59,251][flwr][DEBUG] - fit_round 3: strategy sampled 7 clients (out of 12)
[2026-01-18 00:36:07,770][flwr][DEBUG] - fit_round 3 received 7 results and 0 failures
[2026-01-18 00:36:08,000][flwr][INFO] - fit progress: (3, 0.07427853983640671, {'rmse': 3417.9309530767296, 'mae': 1840.9710693359375, 'r2': 0.8899429720973197, 'mape': 10.630850791931152, 'accuracy_10': 59.75000262260437, 'accuracy_20': 88.80000114440918}, 36.52558745897841)
[2026-01-18 00:36:08,001][flwr][DEBUG] - evaluate_round 3: strategy sampled 6 clients (out of 12)
[2026-01-18 00:36:08,192][flwr][DEBUG] - evaluate_round 3 received 6 results and 0 failures
[2026-01-18 00:36:08,192][flwr][DEBUG] - fit_round 4: strategy sampled 7 clients (out of 12)
[2026-01-18 00:36:21,214][flwr][DEBUG] - fit_round 4 received 7 results and 0 failures
[2026-01-18 00:36:21,444][flwr][INFO] - fit progress: (4, 0.06649177521467209, {'rmse': 3223.8483214940493, 'mae': 1724.71728515625, 'r2': 0.9020869900193935, 'mape': 9.944887161254883, 'accuracy_10': 61.84999942779541, 'accuracy_20': 90.70000052452087}, 49.96952237497317)
[2026-01-18 00:36:21,444][flwr][DEBUG] - evaluate_round 4: strategy sampled 6 clients (out of 12)
[2026-01-18 00:36:21,635][flwr][DEBUG] - evaluate_round 4 received 6 results and 0 failures
[2026-01-18 00:36:21,635][flwr][DEBUG] - fit_round 5: strategy sampled 7 clients (out of 12)
[2026-01-18 00:36:34,428][flwr][DEBUG] - fit_round 5 received 7 results and 0 failures
[2026-01-18 00:36:34,654][flwr][INFO] - fit progress: (5, 0.063155178129673, {'rmse': 3186.5868888200744, 'mae': 1717.91064453125, 'r2': 0.9043372724635419, 'mape': 9.787745475769043, 'accuracy_10': 63.70000243186951, 'accuracy_20': 90.85000157356262}, 63.17974591697566)
[2026-01-18 00:36:34,655][flwr][DEBUG] - evaluate_round 5: strategy sampled 6 clients (out of 12)
[2026-01-18 00:36:34,819][flwr][DEBUG] - evaluate_round 5 received 6 results and 0 failures
[2026-01-18 00:36:34,820][flwr][DEBUG] - fit_round 6: strategy sampled 7 clients (out of 12)
[2026-01-18 00:36:43,586][flwr][DEBUG] - fit_round 6 received 7 results and 0 failures
[2026-01-18 00:36:43,814][flwr][INFO] - fit progress: (6, 0.06093368551135063, {'rmse': 3150.2444349605635, 'mae': 1696.0262451171875, 'r2': 0.9065068676046768, 'mape': 9.64080810546875, 'accuracy_10': 64.0500009059906, 'accuracy_20': 91.00000262260437}, 72.3396125419531)
[2026-01-18 00:36:43,814][flwr][DEBUG] - evaluate_round 6: strategy sampled 6 clients (out of 12)
[2026-01-18 00:36:44,000][flwr][DEBUG] - evaluate_round 6 received 6 results and 0 failures
[2026-01-18 00:36:44,001][flwr][DEBUG] - fit_round 7: strategy sampled 7 clients (out of 12)
[2026-01-18 00:36:57,123][flwr][DEBUG] - fit_round 7 received 7 results and 0 failures
[2026-01-18 00:36:57,353][flwr][INFO] - fit progress: (7, 0.05751422843337059, {'rmse': 3038.218227843418, 'mae': 1642.81884765625, 'r2': 0.9130380725991244, 'mape': 9.35472583770752, 'accuracy_10': 65.6499981880188, 'accuracy_20': 91.29999876022339}, 85.87882954196539)
[2026-01-18 00:36:57,354][flwr][DEBUG] - evaluate_round 7: strategy sampled 6 clients (out of 12)
[2026-01-18 00:36:57,549][flwr][DEBUG] - evaluate_round 7 received 6 results and 0 failures
[2026-01-18 00:36:57,549][flwr][DEBUG] - fit_round 8: strategy sampled 7 clients (out of 12)
[2026-01-18 00:37:03,101][flwr][DEBUG] - fit_round 8 received 7 results and 0 failures
[2026-01-18 00:37:03,355][flwr][INFO] - fit progress: (8, 0.05504163962602615, {'rmse': 3002.4609905875545, 'mae': 1609.934326171875, 'r2': 0.915072967021467, 'mape': 9.155060768127441, 'accuracy_10': 66.60000085830688, 'accuracy_20': 91.75000190734863}, 91.88014916697284)
[2026-01-18 00:37:03,355][flwr][DEBUG] - evaluate_round 8: strategy sampled 6 clients (out of 12)
[2026-01-18 00:37:03,638][flwr][DEBUG] - evaluate_round 8 received 6 results and 0 failures
[2026-01-18 00:37:03,639][flwr][DEBUG] - fit_round 9: strategy sampled 7 clients (out of 12)
[2026-01-18 00:37:12,411][flwr][DEBUG] - fit_round 9 received 7 results and 0 failures
[2026-01-18 00:37:12,639][flwr][INFO] - fit progress: (9, 0.052495801895856856, {'rmse': 2899.3188855315657, 'mae': 1566.94580078125, 'r2': 0.9208076598374569, 'mape': 8.95615005493164, 'accuracy_10': 67.35000014305115, 'accuracy_20': 92.1999990940094}, 101.1646382919862)
[2026-01-18 00:37:12,639][flwr][DEBUG] - evaluate_round 9: strategy sampled 6 clients (out of 12)
[2026-01-18 00:37:12,741][flwr][DEBUG] - evaluate_round 9 received 6 results and 0 failures
[2026-01-18 00:37:12,741][flwr][DEBUG] - fit_round 10: strategy sampled 7 clients (out of 12)
[2026-01-18 00:37:25,257][flwr][DEBUG] - fit_round 10 received 7 results and 0 failures
[2026-01-18 00:37:25,489][flwr][INFO] - fit progress: (10, 0.049691446602344515, {'rmse': 2818.892779088981, 'mae': 1519.0775146484375, 'r2': 0.9251402564119781, 'mape': 8.738600730895996, 'accuracy_10': 68.50000023841858, 'accuracy_20': 92.40000247955322}, 114.01432600000408)
[2026-01-18 00:37:25,489][flwr][DEBUG] - evaluate_round 10: strategy sampled 6 clients (out of 12)
[2026-01-18 00:37:25,674][flwr][DEBUG] - evaluate_round 10 received 6 results and 0 failures
[2026-01-18 00:37:25,674][flwr][DEBUG] - fit_round 11: strategy sampled 7 clients (out of 12)
[2026-01-18 00:37:31,102][flwr][DEBUG] - fit_round 11 received 7 results and 0 failures
[2026-01-18 00:37:31,332][flwr][INFO] - fit progress: (11, 0.04936621373891831, {'rmse': 2840.950721149524, 'mae': 1531.6064453125, 'r2': 0.9239641116304785, 'mape': 8.68816089630127, 'accuracy_10': 69.34999823570251, 'accuracy_20': 92.5499975681305}, 119.85772866697516)
[2026-01-18 00:37:31,332][flwr][DEBUG] - evaluate_round 11: strategy sampled 6 clients (out of 12)
[2026-01-18 00:37:31,500][flwr][DEBUG] - evaluate_round 11 received 6 results and 0 failures
[2026-01-18 00:37:31,501][flwr][DEBUG] - fit_round 12: strategy sampled 7 clients (out of 12)
[2026-01-18 00:37:43,911][flwr][DEBUG] - fit_round 12 received 7 results and 0 failures
[2026-01-18 00:37:44,145][flwr][INFO] - fit progress: (12, 0.04720761667191982, {'rmse': 2764.1833332830874, 'mae': 1483.2867431640625, 'r2': 0.9280178334374821, 'mape': 8.46821117401123, 'accuracy_10': 70.20000219345093, 'accuracy_20': 93.00000071525574}, 132.6711605839664)
[2026-01-18 00:37:44,146][flwr][DEBUG] - evaluate_round 12: strategy sampled 6 clients (out of 12)
[2026-01-18 00:37:44,320][flwr][DEBUG] - evaluate_round 12 received 6 results and 0 failures
[2026-01-18 00:37:44,321][flwr][DEBUG] - fit_round 13: strategy sampled 7 clients (out of 12)
[2026-01-18 00:37:49,551][flwr][DEBUG] - fit_round 13 received 7 results and 0 failures
[2026-01-18 00:37:49,794][flwr][INFO] - fit progress: (13, 0.045942588478326794, {'rmse': 2728.014754358928, 'mae': 1462.5047607421875, 'r2': 0.9298892453896526, 'mape': 8.359636306762695, 'accuracy_10': 70.20000219345093, 'accuracy_20': 93.15000176429749}, 138.31962108396692)
[2026-01-18 00:37:49,794][flwr][DEBUG] - evaluate_round 13: strategy sampled 6 clients (out of 12)
[2026-01-18 00:37:49,912][flwr][DEBUG] - evaluate_round 13 received 6 results and 0 failures
[2026-01-18 00:37:49,912][flwr][DEBUG] - fit_round 14: strategy sampled 7 clients (out of 12)
[2026-01-18 00:37:54,826][flwr][DEBUG] - fit_round 14 received 7 results and 0 failures
[2026-01-18 00:37:55,084][flwr][INFO] - fit progress: (14, 0.04540896329283714, {'rmse': 2768.1168689200967, 'mae': 1476.180419921875, 'r2': 0.9278128207378177, 'mape': 8.373520851135254, 'accuracy_10': 70.49999833106995, 'accuracy_20': 93.4000015258789}, 143.60967187496135)
[2026-01-18 00:37:55,084][flwr][DEBUG] - evaluate_round 14: strategy sampled 6 clients (out of 12)
[2026-01-18 00:37:55,183][flwr][DEBUG] - evaluate_round 14 received 6 results and 0 failures
[2026-01-18 00:37:55,184][flwr][DEBUG] - fit_round 15: strategy sampled 7 clients (out of 12)
[2026-01-18 00:38:00,731][flwr][DEBUG] - fit_round 15 received 7 results and 0 failures
[2026-01-18 00:38:00,983][flwr][INFO] - fit progress: (15, 0.04469802075624466, {'rmse': 2736.028965489949, 'mae': 1453.1195068359375, 'r2': 0.9294767021297203, 'mape': 8.276457786560059, 'accuracy_10': 70.99999785423279, 'accuracy_20': 93.4499979019165}, 149.50922670896398)
[2026-01-18 00:38:00,984][flwr][DEBUG] - evaluate_round 15: strategy sampled 6 clients (out of 12)
[2026-01-18 00:38:01,103][flwr][DEBUG] - evaluate_round 15 received 6 results and 0 failures
[2026-01-18 00:38:01,103][flwr][DEBUG] - fit_round 16: strategy sampled 7 clients (out of 12)
[2026-01-18 00:38:10,396][flwr][DEBUG] - fit_round 16 received 7 results and 0 failures
[2026-01-18 00:38:10,663][flwr][INFO] - fit progress: (16, 0.04350985370576382, {'rmse': 2686.5036757838243, 'mae': 1423.532958984375, 'r2': 0.9320067034517419, 'mape': 8.14210033416748, 'accuracy_10': 71.39999866485596, 'accuracy_20': 93.80000233650208}, 159.1884182919748)
[2026-01-18 00:38:10,663][flwr][DEBUG] - evaluate_round 16: strategy sampled 6 clients (out of 12)
[2026-01-18 00:38:11,030][flwr][DEBUG] - evaluate_round 16 received 6 results and 0 failures
[2026-01-18 00:38:11,030][flwr][DEBUG] - fit_round 17: strategy sampled 7 clients (out of 12)
[2026-01-18 00:38:21,159][flwr][DEBUG] - fit_round 17 received 7 results and 0 failures
[2026-01-18 00:38:21,456][flwr][INFO] - fit progress: (17, 0.04254035285115242, {'rmse': 2659.397300141519, 'mae': 1412.890869140625, 'r2': 0.9333718614240526, 'mape': 8.082942962646484, 'accuracy_10': 72.10000157356262, 'accuracy_20': 93.84999871253967}, 169.98225141695002)
[2026-01-18 00:38:21,457][flwr][DEBUG] - evaluate_round 17: strategy sampled 6 clients (out of 12)
[2026-01-18 00:38:21,583][flwr][DEBUG] - evaluate_round 17 received 6 results and 0 failures
[2026-01-18 00:38:21,583][flwr][DEBUG] - fit_round 18: strategy sampled 7 clients (out of 12)
[2026-01-18 00:38:35,537][flwr][DEBUG] - fit_round 18 received 7 results and 0 failures
[2026-01-18 00:38:35,785][flwr][INFO] - fit progress: (18, 0.04091919593513012, {'rmse': 2629.4359661341823, 'mae': 1389.880859375, 'r2': 0.9348647019404852, 'mape': 7.944973468780518, 'accuracy_10': 72.75000214576721, 'accuracy_20': 94.19999718666077}, 184.31073924998054)
[2026-01-18 00:38:35,785][flwr][DEBUG] - evaluate_round 18: strategy sampled 6 clients (out of 12)
[2026-01-18 00:38:36,002][flwr][DEBUG] - evaluate_round 18 received 6 results and 0 failures
[2026-01-18 00:38:36,003][flwr][DEBUG] - fit_round 19: strategy sampled 7 clients (out of 12)
[2026-01-18 00:38:49,605][flwr][DEBUG] - fit_round 19 received 7 results and 0 failures
[2026-01-18 00:38:49,858][flwr][INFO] - fit progress: (19, 0.040306575387716294, {'rmse': 2617.2492238990158, 'mae': 1386.9012451171875, 'r2': 0.93546706873717, 'mape': 7.871631622314453, 'accuracy_10': 73.54999780654907, 'accuracy_20': 93.99999976158142}, 198.38418945897138)
[2026-01-18 00:38:49,858][flwr][DEBUG] - evaluate_round 19: strategy sampled 6 clients (out of 12)
[2026-01-18 00:38:50,043][flwr][DEBUG] - evaluate_round 19 received 6 results and 0 failures
[2026-01-18 00:38:50,043][flwr][DEBUG] - fit_round 20: strategy sampled 7 clients (out of 12)
[2026-01-18 00:39:03,318][flwr][DEBUG] - fit_round 20 received 7 results and 0 failures
[2026-01-18 00:39:03,557][flwr][INFO] - fit progress: (20, 0.03912371563911438, {'rmse': 2555.1568445009398, 'mae': 1353.22314453125, 'r2': 0.9384927461304244, 'mape': 7.729004383087158, 'accuracy_10': 73.4000027179718, 'accuracy_20': 94.65000033378601}, 212.08331637497758)
[2026-01-18 00:39:03,557][flwr][DEBUG] - evaluate_round 20: strategy sampled 6 clients (out of 12)
[2026-01-18 00:39:03,771][flwr][DEBUG] - evaluate_round 20 received 6 results and 0 failures
[2026-01-18 00:39:03,771][flwr][DEBUG] - fit_round 21: strategy sampled 7 clients (out of 12)
[2026-01-18 00:39:17,458][flwr][DEBUG] - fit_round 21 received 7 results and 0 failures
[2026-01-18 00:39:17,690][flwr][INFO] - fit progress: (21, 0.03802123481035233, {'rmse': 2493.6443210690654, 'mae': 1325.94384765625, 'r2': 0.9414185339159489, 'mape': 7.593893051147461, 'accuracy_10': 74.29999709129333, 'accuracy_20': 94.80000138282776}, 226.21652079198975)
[2026-01-18 00:39:17,691][flwr][DEBUG] - evaluate_round 21: strategy sampled 6 clients (out of 12)
[2026-01-18 00:39:17,887][flwr][DEBUG] - evaluate_round 21 received 6 results and 0 failures
[2026-01-18 00:39:17,887][flwr][DEBUG] - fit_round 22: strategy sampled 7 clients (out of 12)
[2026-01-18 00:39:30,833][flwr][DEBUG] - fit_round 22 received 7 results and 0 failures
[2026-01-18 00:39:31,186][flwr][INFO] - fit progress: (22, 0.036947099983692167, {'rmse': 2481.6615401782733, 'mae': 1312.7947998046875, 'r2': 0.9419801856525705, 'mape': 7.47824239730835, 'accuracy_10': 75.24999976158142, 'accuracy_20': 94.80000138282776}, 239.71238033397822)
[2026-01-18 00:39:31,186][flwr][DEBUG] - evaluate_round 22: strategy sampled 6 clients (out of 12)
[2026-01-18 00:39:31,494][flwr][DEBUG] - evaluate_round 22 received 6 results and 0 failures
[2026-01-18 00:39:31,495][flwr][DEBUG] - fit_round 23: strategy sampled 7 clients (out of 12)
[2026-01-18 00:39:45,448][flwr][DEBUG] - fit_round 23 received 7 results and 0 failures
[2026-01-18 00:39:45,795][flwr][INFO] - fit progress: (23, 0.036601287886500355, {'rmse': 2501.2741752954635, 'mae': 1310.1175537109375, 'r2': 0.941059497605582, 'mape': 7.470847129821777, 'accuracy_10': 75.55000185966492, 'accuracy_20': 95.20000219345093}, 254.3209497089847)
[2026-01-18 00:39:45,795][flwr][DEBUG] - evaluate_round 23: strategy sampled 6 clients (out of 12)
[2026-01-18 00:39:46,241][flwr][DEBUG] - evaluate_round 23 received 6 results and 0 failures
[2026-01-18 00:39:46,241][flwr][DEBUG] - fit_round 24: strategy sampled 7 clients (out of 12)
[2026-01-18 00:40:01,303][flwr][DEBUG] - fit_round 24 received 7 results and 0 failures
[2026-01-18 00:40:01,552][flwr][INFO] - fit progress: (24, 0.03473354522883892, {'rmse': 2409.075341287607, 'mae': 1260.9735107421875, 'r2': 0.9453245991160747, 'mape': 7.270033836364746, 'accuracy_10': 76.30000114440918, 'accuracy_20': 95.59999704360962}, 270.07856983400416)
[2026-01-18 00:40:01,553][flwr][DEBUG] - evaluate_round 24: strategy sampled 6 clients (out of 12)
[2026-01-18 00:40:01,737][flwr][DEBUG] - evaluate_round 24 received 6 results and 0 failures
[2026-01-18 00:40:01,737][flwr][DEBUG] - fit_round 25: strategy sampled 7 clients (out of 12)
[2026-01-18 00:40:11,968][flwr][DEBUG] - fit_round 25 received 7 results and 0 failures
[2026-01-18 00:40:12,229][flwr][INFO] - fit progress: (25, 0.03463661475479603, {'rmse': 2446.754585159697, 'mae': 1271.19970703125, 'r2': 0.9436009161230982, 'mape': 7.2606353759765625, 'accuracy_10': 77.10000276565552, 'accuracy_20': 95.45000195503235}, 280.7551701249904)
[2026-01-18 00:40:12,229][flwr][DEBUG] - evaluate_round 25: strategy sampled 6 clients (out of 12)
[2026-01-18 00:40:12,576][flwr][DEBUG] - evaluate_round 25 received 6 results and 0 failures
[2026-01-18 00:40:12,577][flwr][INFO] - FL finished in 281.1030694999499
[2026-01-18 00:40:12,577][flwr][INFO] - app_fit: losses_distributed [(1, 0.13397212518107157), (2, 0.08360057650185422), (3, 0.09665154972939292), (4, 0.0895653630742866), (5, 0.08964822844586809), (6, 0.06933308215798563), (7, 0.05595369712553937), (8, 0.06659570054437035), (9, 0.05513280385469817), (10, 0.05326361700179919), (11, 0.06832666202796665), (12, 0.05525726850774717), (13, 0.056013295509711465), (14, 0.05223313981845771), (15, 0.04893226157502166), (16, 0.05244771635843985), (17, 0.043989880005478536), (18, 0.05002430112957169), (19, 0.05907825809299785), (20, 0.06180708727884556), (21, 0.047954282269981705), (22, 0.036457356242750184), (23, 0.0433882533601766), (24, 0.046596140197074566), (25, 0.036879387215909484)]
[2026-01-18 00:40:12,577][flwr][INFO] - app_fit: metrics_distributed_fit {}
[2026-01-18 00:40:12,577][flwr][INFO] - app_fit: metrics_distributed {}
[2026-01-18 00:40:12,577][flwr][INFO] - app_fit: losses_centralized [(0, 0.9839264326095581), (1, 0.12008988225460053), (2, 0.08547320473194123), (3, 0.07427853983640671), (4, 0.06649177521467209), (5, 0.063155178129673), (6, 0.06093368551135063), (7, 0.05751422843337059), (8, 0.05504163962602615), (9, 0.052495801895856856), (10, 0.049691446602344515), (11, 0.04936621373891831), (12, 0.04720761667191982), (13, 0.045942588478326794), (14, 0.04540896329283714), (15, 0.04469802075624466), (16, 0.04350985370576382), (17, 0.04254035285115242), (18, 0.04091919593513012), (19, 0.040306575387716294), (20, 0.03912371563911438), (21, 0.03802123481035233), (22, 0.036947099983692167), (23, 0.036601287886500355), (24, 0.03473354522883892), (25, 0.03463661475479603)]
[2026-01-18 00:40:12,578][flwr][INFO] - app_fit: metrics_centralized {'rmse': [(0, 10493.003383207308), (1, 4208.305834893657), (2, 3659.1914407420663), (3, 3417.9309530767296), (4, 3223.8483214940493), (5, 3186.5868888200744), (6, 3150.2444349605635), (7, 3038.218227843418), (8, 3002.4609905875545), (9, 2899.3188855315657), (10, 2818.892779088981), (11, 2840.950721149524), (12, 2764.1833332830874), (13, 2728.014754358928), (14, 2768.1168689200967), (15, 2736.028965489949), (16, 2686.5036757838243), (17, 2659.397300141519), (18, 2629.4359661341823), (19, 2617.2492238990158), (20, 2555.1568445009398), (21, 2493.6443210690654), (22, 2481.6615401782733), (23, 2501.2741752954635), (24, 2409.075341287607), (25, 2446.754585159697)], 'mae': [(0, 7163.921875), (1, 2316.945068359375), (2, 1967.90478515625), (3, 1840.9710693359375), (4, 1724.71728515625), (5, 1717.91064453125), (6, 1696.0262451171875), (7, 1642.81884765625), (8, 1609.934326171875), (9, 1566.94580078125), (10, 1519.0775146484375), (11, 1531.6064453125), (12, 1483.2867431640625), (13, 1462.5047607421875), (14, 1476.180419921875), (15, 1453.1195068359375), (16, 1423.532958984375), (17, 1412.890869140625), (18, 1389.880859375), (19, 1386.9012451171875), (20, 1353.22314453125), (21, 1325.94384765625), (22, 1312.7947998046875), (23, 1310.1175537109375), (24, 1260.9735107421875), (25, 1271.19970703125)], 'r2': [(0, -0.037267655489372054), (1, 0.8331578355551861), (2, 0.8738574893985528), (3, 0.8899429720973197), (4, 0.9020869900193935), (5, 0.9043372724635419), (6, 0.9065068676046768), (7, 0.9130380725991244), (8, 0.915072967021467), (9, 0.9208076598374569), (10, 0.9251402564119781), (11, 0.9239641116304785), (12, 0.9280178334374821), (13, 0.9298892453896526), (14, 0.9278128207378177), (15, 0.9294767021297203), (16, 0.9320067034517419), (17, 0.9333718614240526), (18, 0.9348647019404852), (19, 0.93546706873717), (20, 0.9384927461304244), (21, 0.9414185339159489), (22, 0.9419801856525705), (23, 0.941059497605582), (24, 0.9453245991160747), (25, 0.9436009161230982)], 'mape': [(0, 51.275856018066406), (1, 14.171740531921387), (2, 11.469097137451172), (3, 10.630850791931152), (4, 9.944887161254883), (5, 9.787745475769043), (6, 9.64080810546875), (7, 9.35472583770752), (8, 9.155060768127441), (9, 8.95615005493164), (10, 8.738600730895996), (11, 8.68816089630127), (12, 8.46821117401123), (13, 8.359636306762695), (14, 8.373520851135254), (15, 8.276457786560059), (16, 8.14210033416748), (17, 8.082942962646484), (18, 7.944973468780518), (19, 7.871631622314453), (20, 7.729004383087158), (21, 7.593893051147461), (22, 7.47824239730835), (23, 7.470847129821777), (24, 7.270033836364746), (25, 7.2606353759765625)], 'accuracy_10': [(0, 13.099999725818634), (1, 45.05000114440918), (2, 56.99999928474426), (3, 59.75000262260437), (4, 61.84999942779541), (5, 63.70000243186951), (6, 64.0500009059906), (7, 65.6499981880188), (8, 66.60000085830688), (9, 67.35000014305115), (10, 68.50000023841858), (11, 69.34999823570251), (12, 70.20000219345093), (13, 70.20000219345093), (14, 70.49999833106995), (15, 70.99999785423279), (16, 71.39999866485596), (17, 72.10000157356262), (18, 72.75000214576721), (19, 73.54999780654907), (20, 73.4000027179718), (21, 74.29999709129333), (22, 75.24999976158142), (23, 75.55000185966492), (24, 76.30000114440918), (25, 77.10000276565552)], 'accuracy_20': [(0, 26.600000262260437), (1, 80.15000224113464), (2, 85.9499990940094), (3, 88.80000114440918), (4, 90.70000052452087), (5, 90.85000157356262), (6, 91.00000262260437), (7, 91.29999876022339), (8, 91.75000190734863), (9, 92.1999990940094), (10, 92.40000247955322), (11, 92.5499975681305), (12, 93.00000071525574), (13, 93.15000176429749), (14, 93.4000015258789), (15, 93.4499979019165), (16, 93.80000233650208), (17, 93.84999871253967), (18, 94.19999718666077), (19, 93.99999976158142), (20, 94.65000033378601), (21, 94.80000138282776), (22, 94.80000138282776), (23, 95.20000219345093), (24, 95.59999704360962), (25, 95.45000195503235)]}
[2026-01-18 00:40:13,156][flwr][INFO] - Starting Flower simulation, config: ServerConfig(num_rounds=25, round_timeout=None)
[2026-01-18 00:40:20,868][flwr][INFO] - Flower VCE: Ray initialized with resources: {'node:127.0.0.1': 1.0, 'CPU': 10.0, 'object_store_memory': 2147483648.0, 'memory': 12091284276.0}
[2026-01-18 00:40:20,869][flwr][INFO] - Initializing global parameters
[2026-01-18 00:40:20,869][flwr][INFO] - Using initial parameters provided by strategy
[2026-01-18 00:40:20,869][flwr][INFO] - Evaluating initial parameters
[2026-01-18 00:40:21,098][flwr][INFO] - initial parameters (loss, other metrics): 0.9839264326095581, {'rmse': 10493.003383207308, 'mae': 7163.921875, 'r2': -0.037267655489372054, 'mape': 51.275856018066406, 'accuracy_10': 13.099999725818634, 'accuracy_20': 26.600000262260437}
[2026-01-18 00:40:21,098][flwr][INFO] - FL starting
[2026-01-18 00:40:21,098][flwr][DEBUG] - fit_round 1: strategy sampled 7 clients (out of 12)
[2026-01-18 00:40:31,805][flwr][DEBUG] - fit_round 1 received 7 results and 0 failures
[2026-01-18 00:40:31,811][flwr][WARNING] - No fit_metrics_aggregation_fn provided
[2026-01-18 00:40:32,114][flwr][INFO] - fit progress: (1, 0.12026251602172852, {'rmse': 4332.748550285372, 'mae': 2341.860595703125, 'r2': 0.8231446608736965, 'mape': 14.109749794006348, 'accuracy_10': 46.39999866485596, 'accuracy_20': 79.6500027179718}, 11.015972167020664)
[2026-01-18 00:40:32,114][flwr][DEBUG] - evaluate_round 1: strategy sampled 6 clients (out of 12)
[2026-01-18 00:40:32,344][flwr][DEBUG] - evaluate_round 1 received 6 results and 0 failures
[2026-01-18 00:40:32,344][flwr][WARNING] - No evaluate_metrics_aggregation_fn provided
[2026-01-18 00:40:32,344][flwr][DEBUG] - fit_round 2: strategy sampled 7 clients (out of 12)
[2026-01-18 00:40:42,801][flwr][DEBUG] - fit_round 2 received 7 results and 0 failures
[2026-01-18 00:40:43,091][flwr][INFO] - fit progress: (2, 0.07198093861341476, {'rmse': 3413.384537376356, 'mae': 1823.5771484375, 'r2': 0.8902355648639865, 'mape': 10.461302757263184, 'accuracy_10': 61.19999885559082, 'accuracy_20': 88.80000114440918}, 21.993089292023797)
[2026-01-18 00:40:43,091][flwr][DEBUG] - evaluate_round 2: strategy sampled 6 clients (out of 12)
[2026-01-18 00:40:43,291][flwr][DEBUG] - evaluate_round 2 received 6 results and 0 failures
[2026-01-18 00:40:43,292][flwr][DEBUG] - fit_round 3: strategy sampled 7 clients (out of 12)
[2026-01-18 00:40:54,093][flwr][DEBUG] - fit_round 3 received 7 results and 0 failures
[2026-01-18 00:40:54,392][flwr][INFO] - fit progress: (3, 0.05684998935461044, {'rmse': 3068.2288050274215, 'mae': 1616.5673828125, 'r2': 0.9113116209241818, 'mape': 9.256214141845703, 'accuracy_10': 65.45000076293945, 'accuracy_20': 92.1999990940094}, 33.293976000044495)
[2026-01-18 00:40:54,392][flwr][DEBUG] - evaluate_round 3: strategy sampled 6 clients (out of 12)
[2026-01-18 00:40:54,602][flwr][DEBUG] - evaluate_round 3 received 6 results and 0 failures
[2026-01-18 00:40:54,602][flwr][DEBUG] - fit_round 4: strategy sampled 7 clients (out of 12)
[2026-01-18 00:41:02,471][flwr][DEBUG] - fit_round 4 received 7 results and 0 failures
[2026-01-18 00:41:02,760][flwr][INFO] - fit progress: (4, 0.05286615520715714, {'rmse': 2992.1515670166177, 'mae': 1592.221435546875, 'r2': 0.9156551812863494, 'mape': 9.011801719665527, 'accuracy_10': 66.90000295639038, 'accuracy_20': 92.29999780654907}, 41.66214229201432)
[2026-01-18 00:41:02,760][flwr][DEBUG] - evaluate_round 4: strategy sampled 6 clients (out of 12)
[2026-01-18 00:41:03,085][flwr][DEBUG] - evaluate_round 4 received 6 results and 0 failures
[2026-01-18 00:41:03,085][flwr][DEBUG] - fit_round 5: strategy sampled 7 clients (out of 12)
[2026-01-18 00:41:14,282][flwr][DEBUG] - fit_round 5 received 7 results and 0 failures
[2026-01-18 00:41:14,600][flwr][INFO] - fit progress: (5, 0.04668109378218651, {'rmse': 2764.052097917114, 'mae': 1466.243408203125, 'r2': 0.928024668319618, 'mape': 8.377944946289062, 'accuracy_10': 69.80000138282776, 'accuracy_20': 93.34999918937683}, 53.50264391704695)
[2026-01-18 00:41:14,601][flwr][DEBUG] - evaluate_round 5: strategy sampled 6 clients (out of 12)
[2026-01-18 00:41:14,906][flwr][DEBUG] - evaluate_round 5 received 6 results and 0 failures
[2026-01-18 00:41:14,906][flwr][DEBUG] - fit_round 6: strategy sampled 7 clients (out of 12)
[2026-01-18 00:41:22,548][flwr][DEBUG] - fit_round 6 received 7 results and 0 failures
[2026-01-18 00:41:22,846][flwr][INFO] - fit progress: (6, 0.04337485671043396, {'rmse': 2714.0240418979342, 'mae': 1437.8531494140625, 'r2': 0.9306065317818836, 'mape': 8.176210403442383, 'accuracy_10': 71.70000076293945, 'accuracy_20': 93.84999871253967}, 61.74844508402748)
[2026-01-18 00:41:22,846][flwr][DEBUG] - evaluate_round 6: strategy sampled 6 clients (out of 12)
[2026-01-18 00:41:23,035][flwr][DEBUG] - evaluate_round 6 received 6 results and 0 failures
[2026-01-18 00:41:23,035][flwr][DEBUG] - fit_round 7: strategy sampled 7 clients (out of 12)
[2026-01-18 00:41:30,554][flwr][DEBUG] - fit_round 7 received 7 results and 0 failures
[2026-01-18 00:41:30,848][flwr][INFO] - fit progress: (7, 0.04048432894051075, {'rmse': 2574.0896449036113, 'mae': 1367.7247314453125, 'r2': 0.9375778752096577, 'mape': 7.862968921661377, 'accuracy_10': 72.75000214576721, 'accuracy_20': 94.34999823570251}, 69.75037087500095)
[2026-01-18 00:41:30,848][flwr][DEBUG] - evaluate_round 7: strategy sampled 6 clients (out of 12)
[2026-01-18 00:41:31,063][flwr][DEBUG] - evaluate_round 7 received 6 results and 0 failures
[2026-01-18 00:41:31,063][flwr][DEBUG] - fit_round 8: strategy sampled 7 clients (out of 12)
[2026-01-18 00:41:36,406][flwr][DEBUG] - fit_round 8 received 7 results and 0 failures
[2026-01-18 00:41:36,784][flwr][INFO] - fit progress: (8, 0.03822663651406765, {'rmse': 2524.0987500492133, 'mae': 1328.0987548828125, 'r2': 0.9399789061163291, 'mape': 7.627903461456299, 'accuracy_10': 74.09999966621399, 'accuracy_20': 94.9500024318695}, 75.68659104203107)
[2026-01-18 00:41:36,785][flwr][DEBUG] - evaluate_round 8: strategy sampled 6 clients (out of 12)
[2026-01-18 00:41:37,087][flwr][DEBUG] - evaluate_round 8 received 6 results and 0 failures
[2026-01-18 00:41:37,087][flwr][DEBUG] - fit_round 9: strategy sampled 7 clients (out of 12)
[2026-01-18 00:41:44,955][flwr][DEBUG] - fit_round 9 received 7 results and 0 failures
[2026-01-18 00:41:45,293][flwr][INFO] - fit progress: (9, 0.035520259618759153, {'rmse': 2426.5873155524405, 'mae': 1277.0458984375, 'r2': 0.9445268183603398, 'mape': 7.37695837020874, 'accuracy_10': 75.65000057220459, 'accuracy_20': 95.59999704360962}, 84.19562750001205)
[2026-01-18 00:41:45,293][flwr][DEBUG] - evaluate_round 9: strategy sampled 6 clients (out of 12)
[2026-01-18 00:41:45,565][flwr][DEBUG] - evaluate_round 9 received 6 results and 0 failures
[2026-01-18 00:41:45,565][flwr][DEBUG] - fit_round 10: strategy sampled 7 clients (out of 12)
[2026-01-18 00:41:57,526][flwr][DEBUG] - fit_round 10 received 7 results and 0 failures
[2026-01-18 00:41:57,829][flwr][INFO] - fit progress: (10, 0.033235641047358516, {'rmse': 2390.0258366804323, 'mae': 1244.6375732421875, 'r2': 0.9461858569705456, 'mape': 7.139942646026611, 'accuracy_10': 77.14999914169312, 'accuracy_20': 95.70000171661377}, 96.73151875002077)
[2026-01-18 00:41:57,830][flwr][DEBUG] - evaluate_round 10: strategy sampled 6 clients (out of 12)
[2026-01-18 00:41:58,109][flwr][DEBUG] - evaluate_round 10 received 6 results and 0 failures
[2026-01-18 00:41:58,109][flwr][DEBUG] - fit_round 11: strategy sampled 7 clients (out of 12)
[2026-01-18 00:42:09,247][flwr][DEBUG] - fit_round 11 received 7 results and 0 failures
[2026-01-18 00:42:09,554][flwr][INFO] - fit progress: (11, 0.03051331175863743, {'rmse': 2272.8627323267897, 'mae': 1174.2215576171875, 'r2': 0.9513326582765763, 'mape': 6.766276836395264, 'accuracy_10': 79.6999990940094, 'accuracy_20': 96.35000228881836}, 108.4570616670535)
[2026-01-18 00:42:09,555][flwr][DEBUG] - evaluate_round 11: strategy sampled 6 clients (out of 12)
[2026-01-18 00:42:09,763][flwr][DEBUG] - evaluate_round 11 received 6 results and 0 failures
[2026-01-18 00:42:09,763][flwr][DEBUG] - fit_round 12: strategy sampled 7 clients (out of 12)
[2026-01-18 00:42:17,089][flwr][DEBUG] - fit_round 12 received 7 results and 0 failures
[2026-01-18 00:42:17,401][flwr][INFO] - fit progress: (12, 0.028015703395009042, {'rmse': 2161.292090394077, 'mae': 1111.63623046875, 'r2': 0.9559933677815252, 'mape': 6.51092004776001, 'accuracy_10': 80.54999709129333, 'accuracy_20': 97.2000002861023}, 116.30367945902981)
[2026-01-18 00:42:17,401][flwr][DEBUG] - evaluate_round 12: strategy sampled 6 clients (out of 12)
[2026-01-18 00:42:17,614][flwr][DEBUG] - evaluate_round 12 received 6 results and 0 failures
[2026-01-18 00:42:17,614][flwr][DEBUG] - fit_round 13: strategy sampled 7 clients (out of 12)
[2026-01-18 00:42:28,229][flwr][DEBUG] - fit_round 13 received 7 results and 0 failures
[2026-01-18 00:42:28,538][flwr][INFO] - fit progress: (13, 0.025390845529735088, {'rmse': 2110.9917100737275, 'mae': 1069.30126953125, 'r2': 0.9580178868817263, 'mape': 6.198281288146973, 'accuracy_10': 82.24999904632568, 'accuracy_20': 97.45000004768372}, 127.44077391701285)
[2026-01-18 00:42:28,539][flwr][DEBUG] - evaluate_round 13: strategy sampled 6 clients (out of 12)
[2026-01-18 00:42:28,792][flwr][DEBUG] - evaluate_round 13 received 6 results and 0 failures
[2026-01-18 00:42:28,792][flwr][DEBUG] - fit_round 14: strategy sampled 7 clients (out of 12)
[2026-01-18 00:42:35,881][flwr][DEBUG] - fit_round 14 received 7 results and 0 failures
[2026-01-18 00:42:36,174][flwr][INFO] - fit progress: (14, 0.024591165594756603, {'rmse': 2127.783001154018, 'mae': 1044.7733154296875, 'r2': 0.9573473642031919, 'mape': 6.035268783569336, 'accuracy_10': 84.10000205039978, 'accuracy_20': 97.14999794960022}, 135.07683800003724)
[2026-01-18 00:42:36,174][flwr][DEBUG] - evaluate_round 14: strategy sampled 6 clients (out of 12)
[2026-01-18 00:42:36,304][flwr][DEBUG] - evaluate_round 14 received 6 results and 0 failures
[2026-01-18 00:42:36,304][flwr][DEBUG] - fit_round 15: strategy sampled 7 clients (out of 12)
[2026-01-18 00:42:46,519][flwr][DEBUG] - fit_round 15 received 7 results and 0 failures
[2026-01-18 00:42:46,820][flwr][INFO] - fit progress: (15, 0.021941926203668118, {'rmse': 1976.9606723453048, 'mae': 978.4966430664062, 'r2': 0.96317970370511, 'mape': 5.705469608306885, 'accuracy_10': 85.50000190734863, 'accuracy_20': 98.00000190734863}, 145.72260595904663)
[2026-01-18 00:42:46,820][flwr][DEBUG] - evaluate_round 15: strategy sampled 6 clients (out of 12)
[2026-01-18 00:42:47,045][flwr][DEBUG] - evaluate_round 15 received 6 results and 0 failures
[2026-01-18 00:42:47,045][flwr][DEBUG] - fit_round 16: strategy sampled 7 clients (out of 12)
[2026-01-18 00:42:57,453][flwr][DEBUG] - fit_round 16 received 7 results and 0 failures
[2026-01-18 00:42:57,751][flwr][INFO] - fit progress: (16, 0.01943221180140972, {'rmse': 1874.0687020491005, 'mae': 902.826904296875, 'r2': 0.9669126322243402, 'mape': 5.315245151519775, 'accuracy_10': 87.8499984741211, 'accuracy_20': 98.4000027179718}, 156.65418275003321)
[2026-01-18 00:42:57,752][flwr][DEBUG] - evaluate_round 16: strategy sampled 6 clients (out of 12)
[2026-01-18 00:42:57,872][flwr][DEBUG] - evaluate_round 16 received 6 results and 0 failures
[2026-01-18 00:42:57,872][flwr][DEBUG] - fit_round 17: strategy sampled 7 clients (out of 12)
[2026-01-18 00:43:01,196][flwr][DEBUG] - fit_round 17 received 7 results and 0 failures
[2026-01-18 00:43:01,485][flwr][INFO] - fit progress: (17, 0.0188271020129323, {'rmse': 1866.040728387245, 'mae': 887.8809814453125, 'r2': 0.9671954984279675, 'mape': 5.240677833557129, 'accuracy_10': 88.09999823570251, 'accuracy_20': 98.35000038146973}, 160.38839020900195)
[2026-01-18 00:43:01,486][flwr][DEBUG] - evaluate_round 17: strategy sampled 6 clients (out of 12)
[2026-01-18 00:43:01,682][flwr][DEBUG] - evaluate_round 17 received 6 results and 0 failures
[2026-01-18 00:43:01,682][flwr][DEBUG] - fit_round 18: strategy sampled 7 clients (out of 12)
[2026-01-18 00:43:12,219][flwr][DEBUG] - fit_round 18 received 7 results and 0 failures
[2026-01-18 00:43:12,512][flwr][INFO] - fit progress: (18, 0.016957393504679202, {'rmse': 1752.510698968768, 'mae': 826.82373046875, 'r2': 0.9710657275258849, 'mape': 4.935960292816162, 'accuracy_10': 89.20000195503235, 'accuracy_20': 98.69999885559082}, 171.4153486250434)
[2026-01-18 00:43:12,513][flwr][DEBUG] - evaluate_round 18: strategy sampled 6 clients (out of 12)
[2026-01-18 00:43:12,884][flwr][DEBUG] - evaluate_round 18 received 6 results and 0 failures
[2026-01-18 00:43:12,884][flwr][DEBUG] - fit_round 19: strategy sampled 7 clients (out of 12)
[2026-01-18 00:43:23,321][flwr][DEBUG] - fit_round 19 received 7 results and 0 failures
[2026-01-18 00:43:23,622][flwr][INFO] - fit progress: (19, 0.015731947869062422, {'rmse': 1674.970074359539, 'mae': 783.54345703125, 'r2': 0.973569503545032, 'mape': 4.735384941101074, 'accuracy_10': 90.6499981880188, 'accuracy_20': 98.7999975681305}, 182.5252502920339)
[2026-01-18 00:43:23,623][flwr][DEBUG] - evaluate_round 19: strategy sampled 6 clients (out of 12)
[2026-01-18 00:43:23,777][flwr][DEBUG] - evaluate_round 19 received 6 results and 0 failures
[2026-01-18 00:43:23,777][flwr][DEBUG] - fit_round 20: strategy sampled 7 clients (out of 12)
[2026-01-18 00:43:26,823][flwr][DEBUG] - fit_round 20 received 7 results and 0 failures
[2026-01-18 00:43:27,179][flwr][INFO] - fit progress: (20, 0.0158643242418766, {'rmse': 1757.2241604303078, 'mae': 788.1527709960938, 'r2': 0.9709098782250707, 'mape': 4.736963272094727, 'accuracy_10': 90.24999737739563, 'accuracy_20': 98.7999975681305}, 186.08240033400944)
[2026-01-18 00:43:27,180][flwr][DEBUG] - evaluate_round 20: strategy sampled 6 clients (out of 12)
[2026-01-18 00:43:27,303][flwr][DEBUG] - evaluate_round 20 received 6 results and 0 failures
[2026-01-18 00:43:27,303][flwr][DEBUG] - fit_round 21: strategy sampled 7 clients (out of 12)
[2026-01-18 00:43:37,446][flwr][DEBUG] - fit_round 21 received 7 results and 0 failures
[2026-01-18 00:43:37,728][flwr][INFO] - fit progress: (21, 0.014731153592467308, {'rmse': 1660.8989282915443, 'mae': 744.2113037109375, 'r2': 0.9740117136663454, 'mape': 4.495513916015625, 'accuracy_10': 91.60000085830688, 'accuracy_20': 98.7999975681305}, 196.6314182500355)
[2026-01-18 00:43:37,729][flwr][DEBUG] - evaluate_round 21: strategy sampled 6 clients (out of 12)
[2026-01-18 00:43:37,852][flwr][DEBUG] - evaluate_round 21 received 6 results and 0 failures
[2026-01-18 00:43:37,852][flwr][DEBUG] - fit_round 22: strategy sampled 7 clients (out of 12)
[2026-01-18 00:43:42,037][flwr][DEBUG] - fit_round 22 received 7 results and 0 failures
[2026-01-18 00:43:42,321][flwr][INFO] - fit progress: (22, 0.013925039023160935, {'rmse': 1617.7500579508567, 'mae': 731.09814453125, 'r2': 0.9753444867419301, 'mape': 4.409587860107422, 'accuracy_10': 92.59999990463257, 'accuracy_20': 98.84999990463257}, 201.2241193750524)
[2026-01-18 00:43:42,321][flwr][DEBUG] - evaluate_round 22: strategy sampled 6 clients (out of 12)
[2026-01-18 00:43:42,518][flwr][DEBUG] - evaluate_round 22 received 6 results and 0 failures
[2026-01-18 00:43:42,518][flwr][DEBUG] - fit_round 23: strategy sampled 7 clients (out of 12)
[2026-01-18 00:43:53,018][flwr][DEBUG] - fit_round 23 received 7 results and 0 failures
[2026-01-18 00:43:53,315][flwr][INFO] - fit progress: (23, 0.012625337943434716, {'rmse': 1555.9133973328978, 'mae': 679.7452392578125, 'r2': 0.9771933199479619, 'mape': 4.119511127471924, 'accuracy_10': 93.65000128746033, 'accuracy_20': 98.94999861717224}, 212.2179917920148)
[2026-01-18 00:43:53,315][flwr][DEBUG] - evaluate_round 23: strategy sampled 6 clients (out of 12)
[2026-01-18 00:43:53,559][flwr][DEBUG] - evaluate_round 23 received 6 results and 0 failures
[2026-01-18 00:43:53,559][flwr][DEBUG] - fit_round 24: strategy sampled 7 clients (out of 12)
[2026-01-18 00:44:03,925][flwr][DEBUG] - fit_round 24 received 7 results and 0 failures
[2026-01-18 00:44:04,223][flwr][INFO] - fit progress: (24, 0.012376364830881358, {'rmse': 1541.9203124675412, 'mae': 668.43701171875, 'r2': 0.9776016981262255, 'mape': 4.038840293884277, 'accuracy_10': 93.75, 'accuracy_20': 99.04999732971191}, 223.12614237499656)
[2026-01-18 00:44:04,223][flwr][DEBUG] - evaluate_round 24: strategy sampled 6 clients (out of 12)
[2026-01-18 00:44:04,435][flwr][DEBUG] - evaluate_round 24 received 6 results and 0 failures
[2026-01-18 00:44:04,436][flwr][DEBUG] - fit_round 25: strategy sampled 7 clients (out of 12)
[2026-01-18 00:44:11,439][flwr][DEBUG] - fit_round 25 received 7 results and 0 failures
[2026-01-18 00:44:11,744][flwr][INFO] - fit progress: (25, 0.011940851606428623, {'rmse': 1552.5361509478612, 'mae': 655.8277587890625, 'r2': 0.977292220740704, 'mape': 3.944864511489868, 'accuracy_10': 94.0500020980835, 'accuracy_20': 99.04999732971191}, 230.64724716701312)
[2026-01-18 00:44:11,744][flwr][DEBUG] - evaluate_round 25: strategy sampled 6 clients (out of 12)
[2026-01-18 00:44:11,840][flwr][DEBUG] - evaluate_round 25 received 6 results and 0 failures
[2026-01-18 00:44:11,840][flwr][INFO] - FL finished in 230.74380529200425
[2026-01-18 00:44:11,842][flwr][INFO] - app_fit: losses_distributed [(1, 0.12696329849862711), (2, 0.100692735570471), (3, 0.07677780927422093), (4, 0.05467311851876347), (5, 0.06387045071614499), (6, 0.059190806612431646), (7, 0.04782780328694214), (8, 0.054553446819531844), (9, 0.04971553870590962), (10, 0.04858025356575295), (11, 0.04296875946604895), (12, 0.03688077093907548), (13, 0.032100806951353894), (14, 0.030033485284188092), (15, 0.03141841475799283), (16, 0.029769391089669892), (17, 0.03689339636167148), (18, 0.01998383492290035), (19, 0.0167912441869038), (20, 0.018438122924044727), (21, 0.015422766207479233), (22, 0.029686854942373827), (23, 0.017374473710524967), (24, 0.01942430691423162), (25, 0.021268889618335104)]
[2026-01-18 00:44:11,842][flwr][INFO] - app_fit: metrics_distributed_fit {'scaffold_updates': [(1, 7), (2, 7), (3, 7), (4, 7), (5, 7), (6, 7), (7, 7), (8, 7), (9, 7), (10, 7), (11, 7), (12, 7), (13, 7), (14, 7), (15, 7), (16, 7), (17, 7), (18, 7), (19, 7), (20, 7), (21, 7), (22, 7), (23, 7), (24, 7), (25, 7)], 'avg_control_delta_norm': [(1, 2.4886971671691183), (2, 1.2842575607266062), (3, 0.9970789639684423), (4, 0.795300510027302), (5, 0.8239490097791725), (6, 0.7627106662051476), (7, 0.8076621943525041), (8, 0.7257462948305037), (9, 0.7213306119976138), (10, 0.6524088174746338), (11, 0.6587356434245707), (12, 0.5183714361388562), (13, 0.549613829373277), (14, 0.7973162246323137), (15, 0.7341363909545606), (16, 0.46281681477472214), (17, 0.8022587359740506), (18, 0.6912799461254492), (19, 0.7449739809908739), (20, 0.7388279134287258), (21, 0.6791195750632397), (22, 0.8028605292401704), (23, 0.5935537920309824), (24, 0.6075273761203824), (25, 0.6384834685693023)]}
[2026-01-18 00:44:11,843][flwr][INFO] - app_fit: metrics_distributed {}
[2026-01-18 00:44:11,843][flwr][INFO] - app_fit: losses_centralized [(0, 0.9839264326095581), (1, 0.12026251602172852), (2, 0.07198093861341476), (3, 0.05684998935461044), (4, 0.05286615520715714), (5, 0.04668109378218651), (6, 0.04337485671043396), (7, 0.04048432894051075), (8, 0.03822663651406765), (9, 0.035520259618759153), (10, 0.033235641047358516), (11, 0.03051331175863743), (12, 0.028015703395009042), (13, 0.025390845529735088), (14, 0.024591165594756603), (15, 0.021941926203668118), (16, 0.01943221180140972), (17, 0.0188271020129323), (18, 0.016957393504679202), (19, 0.015731947869062422), (20, 0.0158643242418766), (21, 0.014731153592467308), (22, 0.013925039023160935), (23, 0.012625337943434716), (24, 0.012376364830881358), (25, 0.011940851606428623)]
[2026-01-18 00:44:11,843][flwr][INFO] - app_fit: metrics_centralized {'rmse': [(0, 10493.003383207308), (1, 4332.748550285372), (2, 3413.384537376356), (3, 3068.2288050274215), (4, 2992.1515670166177), (5, 2764.052097917114), (6, 2714.0240418979342), (7, 2574.0896449036113), (8, 2524.0987500492133), (9, 2426.5873155524405), (10, 2390.0258366804323), (11, 2272.8627323267897), (12, 2161.292090394077), (13, 2110.9917100737275), (14, 2127.783001154018), (15, 1976.9606723453048), (16, 1874.0687020491005), (17, 1866.040728387245), (18, 1752.510698968768), (19, 1674.970074359539), (20, 1757.2241604303078), (21, 1660.8989282915443), (22, 1617.7500579508567), (23, 1555.9133973328978), (24, 1541.9203124675412), (25, 1552.5361509478612)], 'mae': [(0, 7163.921875), (1, 2341.860595703125), (2, 1823.5771484375), (3, 1616.5673828125), (4, 1592.221435546875), (5, 1466.243408203125), (6, 1437.8531494140625), (7, 1367.7247314453125), (8, 1328.0987548828125), (9, 1277.0458984375), (10, 1244.6375732421875), (11, 1174.2215576171875), (12, 1111.63623046875), (13, 1069.30126953125), (14, 1044.7733154296875), (15, 978.4966430664062), (16, 902.826904296875), (17, 887.8809814453125), (18, 826.82373046875), (19, 783.54345703125), (20, 788.1527709960938), (21, 744.2113037109375), (22, 731.09814453125), (23, 679.7452392578125), (24, 668.43701171875), (25, 655.8277587890625)], 'r2': [(0, -0.037267655489372054), (1, 0.8231446608736965), (2, 0.8902355648639865), (3, 0.9113116209241818), (4, 0.9156551812863494), (5, 0.928024668319618), (6, 0.9306065317818836), (7, 0.9375778752096577), (8, 0.9399789061163291), (9, 0.9445268183603398), (10, 0.9461858569705456), (11, 0.9513326582765763), (12, 0.9559933677815252), (13, 0.9580178868817263), (14, 0.9573473642031919), (15, 0.96317970370511), (16, 0.9669126322243402), (17, 0.9671954984279675), (18, 0.9710657275258849), (19, 0.973569503545032), (20, 0.9709098782250707), (21, 0.9740117136663454), (22, 0.9753444867419301), (23, 0.9771933199479619), (24, 0.9776016981262255), (25, 0.977292220740704)], 'mape': [(0, 51.275856018066406), (1, 14.109749794006348), (2, 10.461302757263184), (3, 9.256214141845703), (4, 9.011801719665527), (5, 8.377944946289062), (6, 8.176210403442383), (7, 7.862968921661377), (8, 7.627903461456299), (9, 7.37695837020874), (10, 7.139942646026611), (11, 6.766276836395264), (12, 6.51092004776001), (13, 6.198281288146973), (14, 6.035268783569336), (15, 5.705469608306885), (16, 5.315245151519775), (17, 5.240677833557129), (18, 4.935960292816162), (19, 4.735384941101074), (20, 4.736963272094727), (21, 4.495513916015625), (22, 4.409587860107422), (23, 4.119511127471924), (24, 4.038840293884277), (25, 3.944864511489868)], 'accuracy_10': [(0, 13.099999725818634), (1, 46.39999866485596), (2, 61.19999885559082), (3, 65.45000076293945), (4, 66.90000295639038), (5, 69.80000138282776), (6, 71.70000076293945), (7, 72.75000214576721), (8, 74.09999966621399), (9, 75.65000057220459), (10, 77.14999914169312), (11, 79.6999990940094), (12, 80.54999709129333), (13, 82.24999904632568), (14, 84.10000205039978), (15, 85.50000190734863), (16, 87.8499984741211), (17, 88.09999823570251), (18, 89.20000195503235), (19, 90.6499981880188), (20, 90.24999737739563), (21, 91.60000085830688), (22, 92.59999990463257), (23, 93.65000128746033), (24, 93.75), (25, 94.0500020980835)], 'accuracy_20': [(0, 26.600000262260437), (1, 79.6500027179718), (2, 88.80000114440918), (3, 92.1999990940094), (4, 92.29999780654907), (5, 93.34999918937683), (6, 93.84999871253967), (7, 94.34999823570251), (8, 94.9500024318695), (9, 95.59999704360962), (10, 95.70000171661377), (11, 96.35000228881836), (12, 97.2000002861023), (13, 97.45000004768372), (14, 97.14999794960022), (15, 98.00000190734863), (16, 98.4000027179718), (17, 98.35000038146973), (18, 98.69999885559082), (19, 98.7999975681305), (20, 98.7999975681305), (21, 98.7999975681305), (22, 98.84999990463257), (23, 98.94999861717224), (24, 99.04999732971191), (25, 99.04999732971191)]}
[2026-01-18 00:44:12,396][flwr][INFO] - Starting Flower simulation, config: ServerConfig(num_rounds=25, round_timeout=None)
[2026-01-18 00:44:19,866][flwr][INFO] - Flower VCE: Ray initialized with resources: {'memory': 12411945780.0, 'object_store_memory': 2147483648.0, 'CPU': 10.0, 'node:127.0.0.1': 1.0}
[2026-01-18 00:44:19,867][flwr][INFO] - Initializing global parameters
[2026-01-18 00:44:19,868][flwr][INFO] - Using initial parameters provided by strategy
[2026-01-18 00:44:19,868][flwr][INFO] - Evaluating initial parameters
[2026-01-18 00:44:20,144][flwr][INFO] - initial parameters (loss, other metrics): 0.9839264326095581, {'rmse': 10493.003383207308, 'mae': 7163.921875, 'r2': -0.037267655489372054, 'mape': 51.275856018066406, 'accuracy_10': 13.099999725818634, 'accuracy_20': 26.600000262260437}
[2026-01-18 00:44:20,145][flwr][INFO] - FL starting
[2026-01-18 00:44:20,145][flwr][DEBUG] - fit_round 1: strategy sampled 7 clients (out of 12)
[2026-01-18 00:44:35,576][flwr][DEBUG] - fit_round 1 received 7 results and 0 failures
[2026-01-18 00:44:35,583][flwr][WARNING] - No fit_metrics_aggregation_fn provided
[2026-01-18 00:44:35,881][flwr][INFO] - fit progress: (1, 0.12235694879293442, {'rmse': 4372.193728553208, 'mae': 2381.237060546875, 'r2': 0.8199098370517793, 'mape': 14.316360473632812, 'accuracy_10': 45.55000066757202, 'accuracy_20': 79.3500006198883}, 15.736333125038072)
[2026-01-18 00:44:35,882][flwr][DEBUG] - evaluate_round 1: strategy sampled 6 clients (out of 12)
[2026-01-18 00:44:36,154][flwr][DEBUG] - evaluate_round 1 received 6 results and 0 failures
[2026-01-18 00:44:36,155][flwr][WARNING] - No evaluate_metrics_aggregation_fn provided
[2026-01-18 00:44:36,155][flwr][DEBUG] - fit_round 2: strategy sampled 7 clients (out of 12)
[2026-01-18 00:44:55,010][flwr][DEBUG] - fit_round 2 received 7 results and 0 failures
[2026-01-18 00:44:55,266][flwr][INFO] - fit progress: (2, 0.07974100482463836, {'rmse': 3562.568876527161, 'mae': 1886.73486328125, 'r2': 0.8804312279079438, 'mape': 11.055764198303223, 'accuracy_10': 58.05000066757202, 'accuracy_20': 87.30000257492065}, 35.12109062500531)
[2026-01-18 00:44:55,266][flwr][DEBUG] - evaluate_round 2: strategy sampled 6 clients (out of 12)
[2026-01-18 00:44:55,476][flwr][DEBUG] - evaluate_round 2 received 6 results and 0 failures
[2026-01-18 00:44:55,476][flwr][DEBUG] - fit_round 3: strategy sampled 7 clients (out of 12)
[2026-01-18 00:45:03,830][flwr][DEBUG] - fit_round 3 received 7 results and 0 failures
[2026-01-18 00:45:04,177][flwr][INFO] - fit progress: (3, 0.07088856506347656, {'rmse': 3420.423365608415, 'mae': 1802.8221435546875, 'r2': 0.8897823981902583, 'mape': 10.382713317871094, 'accuracy_10': 61.250001192092896, 'accuracy_20': 88.89999985694885}, 44.03254329098854)
[2026-01-18 00:45:04,178][flwr][DEBUG] - evaluate_round 3: strategy sampled 6 clients (out of 12)
[2026-01-18 00:45:04,554][flwr][DEBUG] - evaluate_round 3 received 6 results and 0 failures
[2026-01-18 00:45:04,554][flwr][DEBUG] - fit_round 4: strategy sampled 7 clients (out of 12)
[2026-01-18 00:45:17,037][flwr][DEBUG] - fit_round 4 received 7 results and 0 failures
[2026-01-18 00:45:17,304][flwr][INFO] - fit progress: (4, 0.06273961269855499, {'rmse': 3194.9394360456977, 'mae': 1688.00146484375, 'r2': 0.9038351280952417, 'mape': 9.730917930603027, 'accuracy_10': 62.74999976158142, 'accuracy_20': 91.20000004768372}, 57.15903550002258)
[2026-01-18 00:45:17,304][flwr][DEBUG] - evaluate_round 4: strategy sampled 6 clients (out of 12)
[2026-01-18 00:45:17,510][flwr][DEBUG] - evaluate_round 4 received 6 results and 0 failures
[2026-01-18 00:45:17,511][flwr][DEBUG] - fit_round 5: strategy sampled 7 clients (out of 12)
[2026-01-18 00:45:29,920][flwr][DEBUG] - fit_round 5 received 7 results and 0 failures
[2026-01-18 00:45:30,178][flwr][INFO] - fit progress: (5, 0.059635200768709186, {'rmse': 3127.6940387448385, 'mae': 1673.511962890625, 'r2': 0.9078405812603719, 'mape': 9.540311813354492, 'accuracy_10': 64.0500009059906, 'accuracy_20': 91.25000238418579}, 70.03364716604119)
[2026-01-18 00:45:30,178][flwr][DEBUG] - evaluate_round 5: strategy sampled 6 clients (out of 12)
[2026-01-18 00:45:30,407][flwr][DEBUG] - evaluate_round 5 received 6 results and 0 failures
[2026-01-18 00:45:30,407][flwr][DEBUG] - fit_round 6: strategy sampled 7 clients (out of 12)
[2026-01-18 00:45:48,468][flwr][DEBUG] - fit_round 6 received 7 results and 0 failures
[2026-01-18 00:45:48,730][flwr][INFO] - fit progress: (6, 0.05389842888712883, {'rmse': 2976.217061976495, 'mae': 1597.748291015625, 'r2': 0.9165511344881766, 'mape': 9.126123428344727, 'accuracy_10': 66.14999771118164, 'accuracy_20': 91.8500006198883}, 88.58603866602061)
[2026-01-18 00:45:48,731][flwr][DEBUG] - evaluate_round 6: strategy sampled 6 clients (out of 12)
[2026-01-18 00:45:48,955][flwr][DEBUG] - evaluate_round 6 received 6 results and 0 failures
[2026-01-18 00:45:48,955][flwr][DEBUG] - fit_round 7: strategy sampled 7 clients (out of 12)
[2026-01-18 00:46:00,983][flwr][DEBUG] - fit_round 7 received 7 results and 0 failures
[2026-01-18 00:46:01,242][flwr][INFO] - fit progress: (7, 0.052676909267902375, {'rmse': 2920.4348991203346, 'mae': 1571.88427734375, 'r2': 0.9196499263086836, 'mape': 8.964570045471191, 'accuracy_10': 67.29999780654907, 'accuracy_20': 92.44999885559082}, 101.09738220804138)
[2026-01-18 00:46:01,242][flwr][DEBUG] - evaluate_round 7: strategy sampled 6 clients (out of 12)
[2026-01-18 00:46:01,413][flwr][DEBUG] - evaluate_round 7 received 6 results and 0 failures
[2026-01-18 00:46:01,414][flwr][DEBUG] - fit_round 8: strategy sampled 7 clients (out of 12)
[2026-01-18 00:46:19,405][flwr][DEBUG] - fit_round 8 received 7 results and 0 failures
[2026-01-18 00:46:19,686][flwr][INFO] - fit progress: (8, 0.04906948333978653, {'rmse': 2830.998057222929, 'mae': 1522.7314453125, 'r2': 0.9244959300953917, 'mape': 8.668611526489258, 'accuracy_10': 68.59999895095825, 'accuracy_20': 92.40000247955322}, 119.54170166602125)
[2026-01-18 00:46:19,686][flwr][DEBUG] - evaluate_round 8: strategy sampled 6 clients (out of 12)
[2026-01-18 00:46:19,885][flwr][DEBUG] - evaluate_round 8 received 6 results and 0 failures
[2026-01-18 00:46:19,885][flwr][DEBUG] - fit_round 9: strategy sampled 7 clients (out of 12)
[2026-01-18 00:46:32,691][flwr][DEBUG] - fit_round 9 received 7 results and 0 failures
[2026-01-18 00:46:32,958][flwr][INFO] - fit progress: (9, 0.04684336841106415, {'rmse': 2751.445710894547, 'mae': 1477.7142333984375, 'r2': 0.9286797076024881, 'mape': 8.462624549865723, 'accuracy_10': 69.59999799728394, 'accuracy_20': 93.09999942779541}, 132.81378087500343)
[2026-01-18 00:46:32,958][flwr][DEBUG] - evaluate_round 9: strategy sampled 6 clients (out of 12)
[2026-01-18 00:46:33,182][flwr][DEBUG] - evaluate_round 9 received 6 results and 0 failures
[2026-01-18 00:46:33,182][flwr][DEBUG] - fit_round 10: strategy sampled 7 clients (out of 12)
[2026-01-18 00:46:51,899][flwr][DEBUG] - fit_round 10 received 7 results and 0 failures
[2026-01-18 00:46:52,197][flwr][INFO] - fit progress: (10, 0.044344129353761676, {'rmse': 2689.284291405429, 'mae': 1446.6834716796875, 'r2': 0.931865881727, 'mape': 8.217867851257324, 'accuracy_10': 70.99999785423279, 'accuracy_20': 93.55000257492065}, 152.05610479100142)
[2026-01-18 00:46:52,197][flwr][DEBUG] - evaluate_round 10: strategy sampled 6 clients (out of 12)
[2026-01-18 00:46:52,412][flwr][DEBUG] - evaluate_round 10 received 6 results and 0 failures
[2026-01-18 00:46:52,413][flwr][DEBUG] - fit_round 11: strategy sampled 7 clients (out of 12)
[2026-01-18 00:47:11,744][flwr][DEBUG] - fit_round 11 received 7 results and 0 failures
[2026-01-18 00:47:12,047][flwr][INFO] - fit progress: (11, 0.042576129004359246, {'rmse': 2661.5574387940605, 'mae': 1419.5609130859375, 'r2': 0.9332635789476447, 'mape': 8.051734924316406, 'accuracy_10': 72.54999876022339, 'accuracy_20': 93.90000104904175}, 171.90876570803812)
[2026-01-18 00:47:12,047][flwr][DEBUG] - evaluate_round 11: strategy sampled 6 clients (out of 12)
[2026-01-18 00:47:12,403][flwr][DEBUG] - evaluate_round 11 received 6 results and 0 failures
[2026-01-18 00:47:12,403][flwr][DEBUG] - fit_round 12: strategy sampled 7 clients (out of 12)
[2026-01-18 00:47:20,275][flwr][DEBUG] - fit_round 12 received 7 results and 0 failures
[2026-01-18 00:47:20,595][flwr][INFO] - fit progress: (12, 0.04037871079146862, {'rmse': 2557.9133097116487, 'mae': 1375.3665771484375, 'r2': 0.9383599651597551, 'mape': 7.881771564483643, 'accuracy_10': 73.15000295639038, 'accuracy_20': 94.24999952316284}, 180.45761883299565)
[2026-01-18 00:47:20,596][flwr][DEBUG] - evaluate_round 12: strategy sampled 6 clients (out of 12)
[2026-01-18 00:47:20,848][flwr][DEBUG] - evaluate_round 12 received 6 results and 0 failures
[2026-01-18 00:47:20,848][flwr][DEBUG] - fit_round 13: strategy sampled 7 clients (out of 12)
[2026-01-18 00:47:40,915][flwr][DEBUG] - fit_round 13 received 7 results and 0 failures
[2026-01-18 00:47:41,179][flwr][INFO] - fit progress: (13, 0.03804766911268234, {'rmse': 2502.4208279184377, 'mae': 1332.5810546875, 'r2': 0.9410054456019015, 'mape': 7.64148473739624, 'accuracy_10': 74.09999966621399, 'accuracy_20': 94.59999799728394}, 201.04169391602045)
[2026-01-18 00:47:41,179][flwr][DEBUG] - evaluate_round 13: strategy sampled 6 clients (out of 12)
[2026-01-18 00:47:41,295][flwr][DEBUG] - evaluate_round 13 received 6 results and 0 failures
[2026-01-18 00:47:41,296][flwr][DEBUG] - fit_round 14: strategy sampled 7 clients (out of 12)
[2026-01-18 00:47:58,040][flwr][DEBUG] - fit_round 14 received 7 results and 0 failures
[2026-01-18 00:47:58,281][flwr][INFO] - fit progress: (14, 0.036092793107032776, {'rmse': 2474.2272531034814, 'mae': 1294.6619873046875, 'r2': 0.9423272838307661, 'mape': 7.458118915557861, 'accuracy_10': 75.0, 'accuracy_20': 95.09999752044678}, 218.14371800003573)
[2026-01-18 00:47:58,281][flwr][DEBUG] - evaluate_round 14: strategy sampled 6 clients (out of 12)
[2026-01-18 00:47:58,479][flwr][DEBUG] - evaluate_round 14 received 6 results and 0 failures
[2026-01-18 00:47:58,479][flwr][DEBUG] - fit_round 15: strategy sampled 7 clients (out of 12)
[2026-01-18 00:48:05,287][flwr][DEBUG] - fit_round 15 received 7 results and 0 failures
[2026-01-18 00:48:05,542][flwr][INFO] - fit progress: (15, 0.03558775897324085, {'rmse': 2491.4222845595646, 'mae': 1294.0269775390625, 'r2': 0.9415228900733317, 'mape': 7.397089958190918, 'accuracy_10': 76.2499988079071, 'accuracy_20': 94.9999988079071}, 225.40527016599663)
[2026-01-18 00:48:05,543][flwr][DEBUG] - evaluate_round 15: strategy sampled 6 clients (out of 12)
[2026-01-18 00:48:05,781][flwr][DEBUG] - evaluate_round 15 received 6 results and 0 failures
[2026-01-18 00:48:05,782][flwr][DEBUG] - fit_round 16: strategy sampled 7 clients (out of 12)
[2026-01-18 00:48:22,064][flwr][DEBUG] - fit_round 16 received 7 results and 0 failures
[2026-01-18 00:48:22,310][flwr][INFO] - fit progress: (16, 0.03398613002896309, {'rmse': 2440.7488604934347, 'mae': 1259.52734375, 'r2': 0.9438774466755712, 'mape': 7.202473163604736, 'accuracy_10': 76.84999704360962, 'accuracy_20': 95.70000171661377}, 242.17293562501436)
[2026-01-18 00:48:22,310][flwr][DEBUG] - evaluate_round 16: strategy sampled 6 clients (out of 12)
[2026-01-18 00:48:22,476][flwr][DEBUG] - evaluate_round 16 received 6 results and 0 failures
[2026-01-18 00:48:22,476][flwr][DEBUG] - fit_round 17: strategy sampled 7 clients (out of 12)
[2026-01-18 00:48:39,102][flwr][DEBUG] - fit_round 17 received 7 results and 0 failures
[2026-01-18 00:48:39,360][flwr][INFO] - fit progress: (17, 0.03187895326316357, {'rmse': 2353.585881160915, 'mae': 1209.0592041015625, 'r2': 0.9478143243154178, 'mape': 6.9597063064575195, 'accuracy_10': 78.1499981880188, 'accuracy_20': 96.24999761581421}, 259.22293325001374)
[2026-01-18 00:48:39,360][flwr][DEBUG] - evaluate_round 17: strategy sampled 6 clients (out of 12)
[2026-01-18 00:48:39,580][flwr][DEBUG] - evaluate_round 17 received 6 results and 0 failures
[2026-01-18 00:48:39,581][flwr][DEBUG] - fit_round 18: strategy sampled 7 clients (out of 12)
[2026-01-18 00:48:56,771][flwr][DEBUG] - fit_round 18 received 7 results and 0 failures
[2026-01-18 00:48:57,073][flwr][INFO] - fit progress: (18, 0.030484641417860985, {'rmse': 2277.5697574388364, 'mae': 1163.6788330078125, 'r2': 0.9511308724902139, 'mape': 6.7734375, 'accuracy_10': 78.94999980926514, 'accuracy_20': 96.45000100135803}, 276.936781291035)
[2026-01-18 00:48:57,074][flwr][DEBUG] - evaluate_round 18: strategy sampled 6 clients (out of 12)
[2026-01-18 00:48:57,177][flwr][DEBUG] - evaluate_round 18 received 6 results and 0 failures
[2026-01-18 00:48:57,177][flwr][DEBUG] - fit_round 19: strategy sampled 7 clients (out of 12)
[2026-01-18 00:49:14,944][flwr][DEBUG] - fit_round 19 received 7 results and 0 failures
[2026-01-18 00:49:15,195][flwr][INFO] - fit progress: (19, 0.028825374007225037, {'rmse': 2246.5360001566855, 'mae': 1133.9573974609375, 'r2': 0.9524535644764096, 'mape': 6.569701194763184, 'accuracy_10': 80.50000071525574, 'accuracy_20': 96.8500018119812}, 295.05799212498823)
[2026-01-18 00:49:15,195][flwr][DEBUG] - evaluate_round 19: strategy sampled 6 clients (out of 12)
[2026-01-18 00:49:15,380][flwr][DEBUG] - evaluate_round 19 received 6 results and 0 failures
[2026-01-18 00:49:15,381][flwr][DEBUG] - fit_round 20: strategy sampled 7 clients (out of 12)
[2026-01-18 00:49:26,572][flwr][DEBUG] - fit_round 20 received 7 results and 0 failures
[2026-01-18 00:49:26,807][flwr][INFO] - fit progress: (20, 0.028188149213790894, {'rmse': 2278.471307697334, 'mae': 1124.4715576171875, 'r2': 0.9510921736480284, 'mape': 6.468495845794678, 'accuracy_10': 81.34999871253967, 'accuracy_20': 96.79999947547913}, 306.67076745803934)
[2026-01-18 00:49:26,808][flwr][DEBUG] - evaluate_round 20: strategy sampled 6 clients (out of 12)
[2026-01-18 00:49:26,882][flwr][DEBUG] - evaluate_round 20 received 6 results and 0 failures
[2026-01-18 00:49:26,882][flwr][DEBUG] - fit_round 21: strategy sampled 7 clients (out of 12)
[2026-01-18 00:49:44,176][flwr][DEBUG] - fit_round 21 received 7 results and 0 failures
[2026-01-18 00:49:44,430][flwr][INFO] - fit progress: (21, 0.026286124289035796, {'rmse': 2199.185531054622, 'mae': 1084.2701416015625, 'r2': 0.9544367221691896, 'mape': 6.257216453552246, 'accuracy_10': 82.4500024318695, 'accuracy_20': 97.14999794960022}, 324.29340445803246)
[2026-01-18 00:49:44,430][flwr][DEBUG] - evaluate_round 21: strategy sampled 6 clients (out of 12)
[2026-01-18 00:49:44,620][flwr][DEBUG] - evaluate_round 21 received 6 results and 0 failures
[2026-01-18 00:49:44,620][flwr][DEBUG] - fit_round 22: strategy sampled 7 clients (out of 12)
[2026-01-18 00:49:56,959][flwr][DEBUG] - fit_round 22 received 7 results and 0 failures
[2026-01-18 00:49:57,316][flwr][INFO] - fit progress: (22, 0.025036679424345492, {'rmse': 2150.729062434411, 'mae': 1045.3675537109375, 'r2': 0.9564224700748891, 'mape': 6.050595283508301, 'accuracy_10': 83.64999890327454, 'accuracy_20': 97.29999899864197}, 337.1798545829952)
[2026-01-18 00:49:57,317][flwr][DEBUG] - evaluate_round 22: strategy sampled 6 clients (out of 12)
[2026-01-18 00:49:57,428][flwr][DEBUG] - evaluate_round 22 received 6 results and 0 failures
[2026-01-18 00:49:57,428][flwr][DEBUG] - fit_round 23: strategy sampled 7 clients (out of 12)
[2026-01-18 00:50:15,167][flwr][DEBUG] - fit_round 23 received 7 results and 0 failures
[2026-01-18 00:50:15,439][flwr][INFO] - fit progress: (23, 0.023361385010182856, {'rmse': 2060.2669729916074, 'mae': 993.5296020507812, 'r2': 0.9600112124866746, 'mape': 5.840475559234619, 'accuracy_10': 84.79999899864197, 'accuracy_20': 97.75000214576721}, 355.3029760410427)
[2026-01-18 00:50:15,440][flwr][DEBUG] - evaluate_round 23: strategy sampled 6 clients (out of 12)
[2026-01-18 00:50:15,664][flwr][DEBUG] - evaluate_round 23 received 6 results and 0 failures
[2026-01-18 00:50:15,664][flwr][DEBUG] - fit_round 24: strategy sampled 7 clients (out of 12)
[2026-01-18 00:50:32,971][flwr][DEBUG] - fit_round 24 received 7 results and 0 failures
[2026-01-18 00:50:33,239][flwr][INFO] - fit progress: (24, 0.02266000185906887, {'rmse': 2022.57861404693, 'mae': 973.1904296875, 'r2': 0.9614608586703427, 'mape': 5.717063903808594, 'accuracy_10': 85.69999933242798, 'accuracy_20': 97.85000085830688}, 373.1030267080059)
[2026-01-18 00:50:33,239][flwr][DEBUG] - evaluate_round 24: strategy sampled 6 clients (out of 12)
[2026-01-18 00:50:33,401][flwr][DEBUG] - evaluate_round 24 received 6 results and 0 failures
[2026-01-18 00:50:33,401][flwr][DEBUG] - fit_round 25: strategy sampled 7 clients (out of 12)
[2026-01-18 00:50:44,817][flwr][DEBUG] - fit_round 25 received 7 results and 0 failures
[2026-01-18 00:50:45,061][flwr][INFO] - fit progress: (25, 0.02151231926679611, {'rmse': 2078.581126634224, 'mae': 949.162841796875, 'r2': 0.9592971144198437, 'mape': 5.513357162475586, 'accuracy_10': 87.44999766349792, 'accuracy_20': 97.54999876022339}, 384.92456925002625)
[2026-01-18 00:50:45,061][flwr][DEBUG] - evaluate_round 25: strategy sampled 6 clients (out of 12)
[2026-01-18 00:50:45,176][flwr][DEBUG] - evaluate_round 25 received 6 results and 0 failures
[2026-01-18 00:50:45,176][flwr][INFO] - FL finished in 385.0402071250137
[2026-01-18 00:50:45,178][flwr][INFO] - app_fit: losses_distributed [(1, 0.14367770813405514), (2, 0.10459679135819897), (3, 0.0845296240990441), (4, 0.08420022887696556), (5, 0.07894796472084656), (6, 0.06784260275709998), (7, 0.08496489179645769), (8, 0.07870090163200144), (9, 0.053931937232579386), (10, 0.05080188502340692), (11, 0.049380687632361135), (12, 0.047991978805977165), (13, 0.04970278899004391), (14, 0.039950946647930294), (15, 0.037068473251241414), (16, 0.0369911167678462), (17, 0.05212765351225194), (18, 0.03911667025174886), (19, 0.04421415442785553), (20, 0.031416086713372995), (21, 0.028663518153377122), (22, 0.04011270136939823), (23, 0.024040097532055375), (24, 0.02967448053948049), (25, 0.02337776046106021)]
[2026-01-18 00:50:45,179][flwr][INFO] - app_fit: metrics_distributed_fit {'scaffold_updates': [(1, 7), (2, 7), (3, 7), (4, 7), (5, 7), (6, 7), (7, 7), (8, 7), (9, 7), (10, 7), (11, 7), (12, 7), (13, 7), (14, 7), (15, 7), (16, 7), (17, 7), (18, 7), (19, 7), (20, 7), (21, 7), (22, 7), (23, 7), (24, 7), (25, 7)], 'avg_control_delta_norm': [(1, 2.220725466490704), (2, 1.2000282145778158), (3, 0.9927927698929216), (4, 0.8814842719345508), (5, 0.9576325509381513), (6, 0.7223980733632336), (7, 0.721374332517227), (8, 0.6077224655018141), (9, 0.5975855873944161), (10, 0.5893281420984081), (11, 0.538821807393916), (12, 0.7660543302893075), (13, 0.38042962272776665), (14, 0.5913939272082862), (15, 0.7264880493687611), (16, 0.4433440797941997), (17, 0.5836932838209546), (18, 0.4551239959609786), (19, 0.4429110637433477), (20, 0.6557264595474643), (21, 0.5020975309737404), (22, 0.6271643350190507), (23, 0.629351530169283), (24, 0.6529359148681865), (25, 0.5359841467720321)]}
[2026-01-18 00:50:45,179][flwr][INFO] - app_fit: metrics_distributed {}
[2026-01-18 00:50:45,179][flwr][INFO] - app_fit: losses_centralized [(0, 0.9839264326095581), (1, 0.12235694879293442), (2, 0.07974100482463836), (3, 0.07088856506347656), (4, 0.06273961269855499), (5, 0.059635200768709186), (6, 0.05389842888712883), (7, 0.052676909267902375), (8, 0.04906948333978653), (9, 0.04684336841106415), (10, 0.044344129353761676), (11, 0.042576129004359246), (12, 0.04037871079146862), (13, 0.03804766911268234), (14, 0.036092793107032776), (15, 0.03558775897324085), (16, 0.03398613002896309), (17, 0.03187895326316357), (18, 0.030484641417860985), (19, 0.028825374007225037), (20, 0.028188149213790894), (21, 0.026286124289035796), (22, 0.025036679424345492), (23, 0.023361385010182856), (24, 0.02266000185906887), (25, 0.02151231926679611)]
[2026-01-18 00:50:45,179][flwr][INFO] - app_fit: metrics_centralized {'rmse': [(0, 10493.003383207308), (1, 4372.193728553208), (2, 3562.568876527161), (3, 3420.423365608415), (4, 3194.9394360456977), (5, 3127.6940387448385), (6, 2976.217061976495), (7, 2920.4348991203346), (8, 2830.998057222929), (9, 2751.445710894547), (10, 2689.284291405429), (11, 2661.5574387940605), (12, 2557.9133097116487), (13, 2502.4208279184377), (14, 2474.2272531034814), (15, 2491.4222845595646), (16, 2440.7488604934347), (17, 2353.585881160915), (18, 2277.5697574388364), (19, 2246.5360001566855), (20, 2278.471307697334), (21, 2199.185531054622), (22, 2150.729062434411), (23, 2060.2669729916074), (24, 2022.57861404693), (25, 2078.581126634224)], 'mae': [(0, 7163.921875), (1, 2381.237060546875), (2, 1886.73486328125), (3, 1802.8221435546875), (4, 1688.00146484375), (5, 1673.511962890625), (6, 1597.748291015625), (7, 1571.88427734375), (8, 1522.7314453125), (9, 1477.7142333984375), (10, 1446.6834716796875), (11, 1419.5609130859375), (12, 1375.3665771484375), (13, 1332.5810546875), (14, 1294.6619873046875), (15, 1294.0269775390625), (16, 1259.52734375), (17, 1209.0592041015625), (18, 1163.6788330078125), (19, 1133.9573974609375), (20, 1124.4715576171875), (21, 1084.2701416015625), (22, 1045.3675537109375), (23, 993.5296020507812), (24, 973.1904296875), (25, 949.162841796875)], 'r2': [(0, -0.037267655489372054), (1, 0.8199098370517793), (2, 0.8804312279079438), (3, 0.8897823981902583), (4, 0.9038351280952417), (5, 0.9078405812603719), (6, 0.9165511344881766), (7, 0.9196499263086836), (8, 0.9244959300953917), (9, 0.9286797076024881), (10, 0.931865881727), (11, 0.9332635789476447), (12, 0.9383599651597551), (13, 0.9410054456019015), (14, 0.9423272838307661), (15, 0.9415228900733317), (16, 0.9438774466755712), (17, 0.9478143243154178), (18, 0.9511308724902139), (19, 0.9524535644764096), (20, 0.9510921736480284), (21, 0.9544367221691896), (22, 0.9564224700748891), (23, 0.9600112124866746), (24, 0.9614608586703427), (25, 0.9592971144198437)], 'mape': [(0, 51.275856018066406), (1, 14.316360473632812), (2, 11.055764198303223), (3, 10.382713317871094), (4, 9.730917930603027), (5, 9.540311813354492), (6, 9.126123428344727), (7, 8.964570045471191), (8, 8.668611526489258), (9, 8.462624549865723), (10, 8.217867851257324), (11, 8.051734924316406), (12, 7.881771564483643), (13, 7.64148473739624), (14, 7.458118915557861), (15, 7.397089958190918), (16, 7.202473163604736), (17, 6.9597063064575195), (18, 6.7734375), (19, 6.569701194763184), (20, 6.468495845794678), (21, 6.257216453552246), (22, 6.050595283508301), (23, 5.840475559234619), (24, 5.717063903808594), (25, 5.513357162475586)], 'accuracy_10': [(0, 13.099999725818634), (1, 45.55000066757202), (2, 58.05000066757202), (3, 61.250001192092896), (4, 62.74999976158142), (5, 64.0500009059906), (6, 66.14999771118164), (7, 67.29999780654907), (8, 68.59999895095825), (9, 69.59999799728394), (10, 70.99999785423279), (11, 72.54999876022339), (12, 73.15000295639038), (13, 74.09999966621399), (14, 75.0), (15, 76.2499988079071), (16, 76.84999704360962), (17, 78.1499981880188), (18, 78.94999980926514), (19, 80.50000071525574), (20, 81.34999871253967), (21, 82.4500024318695), (22, 83.64999890327454), (23, 84.79999899864197), (24, 85.69999933242798), (25, 87.44999766349792)], 'accuracy_20': [(0, 26.600000262260437), (1, 79.3500006198883), (2, 87.30000257492065), (3, 88.89999985694885), (4, 91.20000004768372), (5, 91.25000238418579), (6, 91.8500006198883), (7, 92.44999885559082), (8, 92.40000247955322), (9, 93.09999942779541), (10, 93.55000257492065), (11, 93.90000104904175), (12, 94.24999952316284), (13, 94.59999799728394), (14, 95.09999752044678), (15, 94.9999988079071), (16, 95.70000171661377), (17, 96.24999761581421), (18, 96.45000100135803), (19, 96.8500018119812), (20, 96.79999947547913), (21, 97.14999794960022), (22, 97.29999899864197), (23, 97.75000214576721), (24, 97.85000085830688), (25, 97.54999876022339)]}
