[2026-01-15 17:54:37,160][flwr][INFO] - Starting Flower simulation, config: ServerConfig(num_rounds=50, round_timeout=None)
[2026-01-15 17:54:42,647][flwr][INFO] - Flower VCE: Ray initialized with resources: {'CPU': 10.0, 'object_store_memory': 2147483648.0, 'memory': 11963292468.0, 'node:127.0.0.1': 1.0}
[2026-01-15 17:54:42,647][flwr][INFO] - Initializing global parameters
[2026-01-15 17:54:42,648][flwr][INFO] - Using initial parameters provided by strategy
[2026-01-15 17:54:42,648][flwr][INFO] - Evaluating initial parameters
[2026-01-15 17:54:43,317][flwr][INFO] - initial parameters (loss, other metrics): 1.4145967275411397, {'rmse': 13963.591515079492, 'mae': 10300.927734375, 'r2': -0.5562232211899847}
[2026-01-15 17:54:43,317][flwr][INFO] - FL starting
[2026-01-15 17:54:43,317][flwr][DEBUG] - fit_round 1: strategy sampled 3 clients (out of 3)
[2026-01-15 17:55:05,443][flwr][DEBUG] - fit_round 1 received 3 results and 0 failures
[2026-01-15 17:55:05,448][flwr][WARNING] - No fit_metrics_aggregation_fn provided
[2026-01-15 17:55:05,608][flwr][INFO] - fit progress: (1, 0.2096794155147579, {'rmse': 5375.993117555118, 'mae': 3389.00341796875, 'r2': 0.7693279154767245}, 22.290576500003226)
[2026-01-15 17:55:05,608][flwr][DEBUG] - evaluate_round 1: strategy sampled 3 clients (out of 3)
[2026-01-15 17:55:05,831][flwr][DEBUG] - evaluate_round 1 received 3 results and 0 failures
[2026-01-15 17:55:05,831][flwr][WARNING] - No evaluate_metrics_aggregation_fn provided
[2026-01-15 17:55:05,832][flwr][DEBUG] - fit_round 2: strategy sampled 3 clients (out of 3)
[2026-01-15 17:55:22,435][flwr][DEBUG] - fit_round 2 received 3 results and 0 failures
[2026-01-15 17:55:22,596][flwr][INFO] - fit progress: (2, 0.24502520128950342, {'rmse': 5811.472446807264, 'mae': 3367.330322265625, 'r2': 0.7304433734829363}, 39.279173624992836)
[2026-01-15 17:55:22,597][flwr][DEBUG] - evaluate_round 2: strategy sampled 3 clients (out of 3)
[2026-01-15 17:55:22,763][flwr][DEBUG] - evaluate_round 2 received 3 results and 0 failures
[2026-01-15 17:55:22,763][flwr][DEBUG] - fit_round 3: strategy sampled 3 clients (out of 3)
[2026-01-15 17:55:39,661][flwr][DEBUG] - fit_round 3 received 3 results and 0 failures
[2026-01-15 17:55:39,836][flwr][INFO] - fit progress: (3, 0.7116395287566237, {'rmse': 9904.00484652547, 'mae': 4955.87890625, 'r2': 0.21711258611024664}, 56.519366584019735)
[2026-01-15 17:55:39,837][flwr][DEBUG] - evaluate_round 3: strategy sampled 3 clients (out of 3)
[2026-01-15 17:55:39,951][flwr][DEBUG] - evaluate_round 3 received 3 results and 0 failures
[2026-01-15 17:55:39,952][flwr][DEBUG] - fit_round 4: strategy sampled 3 clients (out of 3)
[2026-01-15 17:55:56,010][flwr][DEBUG] - fit_round 4 received 3 results and 0 failures
[2026-01-15 17:55:56,172][flwr][INFO] - fit progress: (4, 0.2733822833370041, {'rmse': 6138.553249748674, 'mae': 3456.220947265625, 'r2': 0.6992472072153442}, 72.85532308401889)
[2026-01-15 17:55:56,172][flwr][DEBUG] - evaluate_round 4: strategy sampled 3 clients (out of 3)
[2026-01-15 17:55:56,287][flwr][DEBUG] - evaluate_round 4 received 3 results and 0 failures
[2026-01-15 17:55:56,287][flwr][DEBUG] - fit_round 5: strategy sampled 3 clients (out of 3)
