[2026-01-12 23:55:15,558][flwr][INFO] - Starting Flower simulation, config: ServerConfig(num_rounds=50, round_timeout=None)
[2026-01-12 23:55:21,028][flwr][INFO] - Flower VCE: Ray initialized with resources: {'object_store_memory': 2147483648.0, 'CPU': 10.0, 'node:127.0.0.1': 1.0, 'memory': 11969441383.0}
[2026-01-12 23:55:21,029][flwr][INFO] - Initializing global parameters
[2026-01-12 23:55:21,029][flwr][INFO] - Using initial parameters provided by strategy
[2026-01-12 23:55:21,029][flwr][INFO] - Evaluating initial parameters
[2026-01-12 23:55:21,094][flwr][INFO] - initial parameters (loss, other metrics): 68.07474291324615, {'accuracy': 0.507}
[2026-01-12 23:55:21,095][flwr][INFO] - FL starting
[2026-01-12 23:55:21,095][flwr][DEBUG] - fit_round 1: strategy sampled 100 clients (out of 100)
[2026-01-12 23:55:26,120][flwr][DEBUG] - fit_round 1 received 100 results and 0 failures
[2026-01-12 23:55:26,154][flwr][WARNING] - No fit_metrics_aggregation_fn provided
[2026-01-12 23:55:26,195][flwr][INFO] - fit progress: (1, 66.06364959478378, {'accuracy': 0.507}, 5.1004232080013026)
[2026-01-12 23:55:26,196][flwr][DEBUG] - evaluate_round 1: strategy sampled 100 clients (out of 100)
[2026-01-12 23:55:26,597][flwr][DEBUG] - evaluate_round 1 received 100 results and 0 failures
[2026-01-12 23:55:26,597][flwr][WARNING] - No evaluate_metrics_aggregation_fn provided
[2026-01-12 23:55:26,598][flwr][DEBUG] - fit_round 2: strategy sampled 100 clients (out of 100)
[2026-01-12 23:55:27,197][flwr][DEBUG] - fit_round 2 received 100 results and 0 failures
[2026-01-12 23:55:27,249][flwr][INFO] - fit progress: (2, 65.48072898387909, {'accuracy': 0.507}, 6.1539157910010545)
[2026-01-12 23:55:27,249][flwr][DEBUG] - evaluate_round 2: strategy sampled 100 clients (out of 100)
[2026-01-12 23:55:27,636][flwr][DEBUG] - evaluate_round 2 received 100 results and 0 failures
[2026-01-12 23:55:27,637][flwr][DEBUG] - fit_round 3: strategy sampled 100 clients (out of 100)
[2026-01-12 23:55:28,236][flwr][DEBUG] - fit_round 3 received 100 results and 0 failures
[2026-01-12 23:55:28,295][flwr][INFO] - fit progress: (3, 65.71723335981369, {'accuracy': 0.507}, 7.199911666000844)
[2026-01-12 23:55:28,295][flwr][DEBUG] - evaluate_round 3: strategy sampled 100 clients (out of 100)
[2026-01-12 23:55:28,674][flwr][DEBUG] - evaluate_round 3 received 100 results and 0 failures
[2026-01-12 23:55:28,674][flwr][DEBUG] - fit_round 4: strategy sampled 100 clients (out of 100)
[2026-01-12 23:55:29,134][flwr][DEBUG] - fit_round 4 received 100 results and 0 failures
[2026-01-12 23:55:29,191][flwr][INFO] - fit progress: (4, 66.31731081008911, {'accuracy': 0.507}, 8.096188791008899)
[2026-01-12 23:55:29,191][flwr][DEBUG] - evaluate_round 4: strategy sampled 100 clients (out of 100)
[2026-01-12 23:55:29,744][flwr][DEBUG] - evaluate_round 4 received 100 results and 0 failures
[2026-01-12 23:55:29,744][flwr][DEBUG] - fit_round 5: strategy sampled 100 clients (out of 100)
[2026-01-12 23:55:30,237][flwr][DEBUG] - fit_round 5 received 100 results and 0 failures
[2026-01-12 23:55:30,288][flwr][INFO] - fit progress: (5, 66.96103650331497, {'accuracy': 0.507}, 9.193316541000968)
[2026-01-12 23:55:30,288][flwr][DEBUG] - evaluate_round 5: strategy sampled 100 clients (out of 100)
[2026-01-12 23:55:30,666][flwr][DEBUG] - evaluate_round 5 received 100 results and 0 failures
[2026-01-12 23:55:30,666][flwr][DEBUG] - fit_round 6: strategy sampled 100 clients (out of 100)
[2026-01-12 23:55:31,159][flwr][DEBUG] - fit_round 6 received 100 results and 0 failures
[2026-01-12 23:55:31,211][flwr][INFO] - fit progress: (6, 67.51795119047165, {'accuracy': 0.507}, 10.11587550000695)
[2026-01-12 23:55:31,211][flwr][DEBUG] - evaluate_round 6: strategy sampled 100 clients (out of 100)
[2026-01-12 23:55:31,569][flwr][DEBUG] - evaluate_round 6 received 100 results and 0 failures
[2026-01-12 23:55:31,569][flwr][DEBUG] - fit_round 7: strategy sampled 100 clients (out of 100)
[2026-01-12 23:55:32,016][flwr][DEBUG] - fit_round 7 received 100 results and 0 failures
[2026-01-12 23:55:32,067][flwr][INFO] - fit progress: (7, 67.84195131063461, {'accuracy': 0.507}, 10.973104832999525)
[2026-01-12 23:55:32,067][flwr][DEBUG] - evaluate_round 7: strategy sampled 100 clients (out of 100)
[2026-01-12 23:55:32,433][flwr][DEBUG] - evaluate_round 7 received 100 results and 0 failures
[2026-01-12 23:55:32,434][flwr][DEBUG] - fit_round 8: strategy sampled 100 clients (out of 100)
[2026-01-12 23:55:32,953][flwr][DEBUG] - fit_round 8 received 100 results and 0 failures
[2026-01-12 23:55:33,006][flwr][INFO] - fit progress: (8, 67.92061907052994, {'accuracy': 0.507}, 11.915233749998151)
[2026-01-12 23:55:33,006][flwr][DEBUG] - evaluate_round 8: strategy sampled 100 clients (out of 100)
[2026-01-12 23:55:33,366][flwr][DEBUG] - evaluate_round 8 received 100 results and 0 failures
[2026-01-12 23:55:33,366][flwr][DEBUG] - fit_round 9: strategy sampled 100 clients (out of 100)
[2026-01-12 23:55:33,822][flwr][DEBUG] - fit_round 9 received 100 results and 0 failures
[2026-01-12 23:55:33,873][flwr][INFO] - fit progress: (9, 67.88074773550034, {'accuracy': 0.5075}, 12.784003375010798)
[2026-01-12 23:55:33,873][flwr][DEBUG] - evaluate_round 9: strategy sampled 100 clients (out of 100)
[2026-01-12 23:55:34,232][flwr][DEBUG] - evaluate_round 9 received 100 results and 0 failures
[2026-01-12 23:55:34,233][flwr][DEBUG] - fit_round 10: strategy sampled 100 clients (out of 100)
[2026-01-12 23:55:34,678][flwr][DEBUG] - fit_round 10 received 100 results and 0 failures
[2026-01-12 23:55:34,728][flwr][INFO] - fit progress: (10, 67.68133795261383, {'accuracy': 0.508}, 13.641927125005168)
[2026-01-12 23:55:34,729][flwr][DEBUG] - evaluate_round 10: strategy sampled 100 clients (out of 100)
[2026-01-12 23:55:35,094][flwr][DEBUG] - evaluate_round 10 received 100 results and 0 failures
[2026-01-12 23:55:35,094][flwr][DEBUG] - fit_round 11: strategy sampled 100 clients (out of 100)
[2026-01-12 23:55:35,546][flwr][DEBUG] - fit_round 11 received 100 results and 0 failures
[2026-01-12 23:55:35,597][flwr][INFO] - fit progress: (11, 67.37409895658493, {'accuracy': 0.5095}, 14.513200000001234)
[2026-01-12 23:55:35,598][flwr][DEBUG] - evaluate_round 11: strategy sampled 100 clients (out of 100)
[2026-01-12 23:55:35,969][flwr][DEBUG] - evaluate_round 11 received 100 results and 0 failures
[2026-01-12 23:55:35,970][flwr][DEBUG] - fit_round 12: strategy sampled 100 clients (out of 100)
[2026-01-12 23:55:36,437][flwr][DEBUG] - fit_round 12 received 100 results and 0 failures
[2026-01-12 23:55:36,488][flwr][INFO] - fit progress: (12, 66.94228875637054, {'accuracy': 0.5125}, 15.405961583004682)
[2026-01-12 23:55:36,488][flwr][DEBUG] - evaluate_round 12: strategy sampled 100 clients (out of 100)
[2026-01-12 23:55:37,018][flwr][DEBUG] - evaluate_round 12 received 100 results and 0 failures
[2026-01-12 23:55:37,019][flwr][DEBUG] - fit_round 13: strategy sampled 100 clients (out of 100)
[2026-01-12 23:55:37,656][flwr][DEBUG] - fit_round 13 received 100 results and 0 failures
[2026-01-12 23:55:37,713][flwr][INFO] - fit progress: (13, 66.42989033460617, {'accuracy': 0.5175}, 16.633358791004866)
[2026-01-12 23:55:37,713][flwr][DEBUG] - evaluate_round 13: strategy sampled 100 clients (out of 100)
[2026-01-12 23:55:38,182][flwr][DEBUG] - evaluate_round 13 received 100 results and 0 failures
[2026-01-12 23:55:38,183][flwr][DEBUG] - fit_round 14: strategy sampled 100 clients (out of 100)
[2026-01-12 23:55:38,648][flwr][DEBUG] - fit_round 14 received 100 results and 0 failures
[2026-01-12 23:55:38,699][flwr][INFO] - fit progress: (14, 65.83842778205872, {'accuracy': 0.5195}, 17.620878083005664)
[2026-01-12 23:55:38,699][flwr][DEBUG] - evaluate_round 14: strategy sampled 100 clients (out of 100)
[2026-01-12 23:55:39,075][flwr][DEBUG] - evaluate_round 14 received 100 results and 0 failures
[2026-01-12 23:55:39,075][flwr][DEBUG] - fit_round 15: strategy sampled 100 clients (out of 100)
[2026-01-12 23:55:39,565][flwr][DEBUG] - fit_round 15 received 100 results and 0 failures
[2026-01-12 23:55:39,617][flwr][INFO] - fit progress: (15, 65.21871387958527, {'accuracy': 0.526}, 18.540596999999252)
[2026-01-12 23:55:39,617][flwr][DEBUG] - evaluate_round 15: strategy sampled 100 clients (out of 100)
[2026-01-12 23:55:40,113][flwr][DEBUG] - evaluate_round 15 received 100 results and 0 failures
[2026-01-12 23:55:40,113][flwr][DEBUG] - fit_round 16: strategy sampled 100 clients (out of 100)
[2026-01-12 23:55:40,547][flwr][DEBUG] - fit_round 16 received 100 results and 0 failures
[2026-01-12 23:55:40,599][flwr][INFO] - fit progress: (16, 64.59409457445145, {'accuracy': 0.5325}, 19.5252721660072)
[2026-01-12 23:55:40,600][flwr][DEBUG] - evaluate_round 16: strategy sampled 100 clients (out of 100)
[2026-01-12 23:55:40,974][flwr][DEBUG] - evaluate_round 16 received 100 results and 0 failures
[2026-01-12 23:55:40,975][flwr][DEBUG] - fit_round 17: strategy sampled 100 clients (out of 100)
[2026-01-12 23:55:41,408][flwr][DEBUG] - fit_round 17 received 100 results and 0 failures
[2026-01-12 23:55:41,478][flwr][INFO] - fit progress: (17, 63.94197392463684, {'accuracy': 0.544}, 20.40512775001116)
[2026-01-12 23:55:41,478][flwr][DEBUG] - evaluate_round 17: strategy sampled 100 clients (out of 100)
[2026-01-12 23:55:41,849][flwr][DEBUG] - evaluate_round 17 received 100 results and 0 failures
[2026-01-12 23:55:41,850][flwr][DEBUG] - fit_round 18: strategy sampled 100 clients (out of 100)
[2026-01-12 23:55:42,305][flwr][DEBUG] - fit_round 18 received 100 results and 0 failures
[2026-01-12 23:55:42,354][flwr][INFO] - fit progress: (18, 63.2882399559021, {'accuracy': 0.555}, 21.283046083000954)
[2026-01-12 23:55:42,355][flwr][DEBUG] - evaluate_round 18: strategy sampled 100 clients (out of 100)
[2026-01-12 23:55:42,716][flwr][DEBUG] - evaluate_round 18 received 100 results and 0 failures
[2026-01-12 23:55:42,717][flwr][DEBUG] - fit_round 19: strategy sampled 100 clients (out of 100)
[2026-01-12 23:55:43,183][flwr][DEBUG] - fit_round 19 received 100 results and 0 failures
[2026-01-12 23:55:43,238][flwr][INFO] - fit progress: (19, 62.689564645290375, {'accuracy': 0.5635}, 22.167713708011433)
[2026-01-12 23:55:43,238][flwr][DEBUG] - evaluate_round 19: strategy sampled 100 clients (out of 100)
[2026-01-12 23:55:43,641][flwr][DEBUG] - evaluate_round 19 received 100 results and 0 failures
[2026-01-12 23:55:43,642][flwr][DEBUG] - fit_round 20: strategy sampled 100 clients (out of 100)
[2026-01-12 23:55:44,352][flwr][DEBUG] - fit_round 20 received 100 results and 0 failures
[2026-01-12 23:55:44,424][flwr][INFO] - fit progress: (20, 62.08725947141647, {'accuracy': 0.57}, 23.355504291001125)
[2026-01-12 23:55:44,424][flwr][DEBUG] - evaluate_round 20: strategy sampled 100 clients (out of 100)
[2026-01-12 23:55:44,879][flwr][DEBUG] - evaluate_round 20 received 100 results and 0 failures
[2026-01-12 23:55:44,880][flwr][DEBUG] - fit_round 21: strategy sampled 100 clients (out of 100)
[2026-01-12 23:55:45,608][flwr][DEBUG] - fit_round 21 received 100 results and 0 failures
[2026-01-12 23:55:45,658][flwr][INFO] - fit progress: (21, 61.51980435848236, {'accuracy': 0.5755}, 24.59134175001236)
[2026-01-12 23:55:45,658][flwr][DEBUG] - evaluate_round 21: strategy sampled 100 clients (out of 100)
[2026-01-12 23:55:46,177][flwr][DEBUG] - evaluate_round 21 received 100 results and 0 failures
[2026-01-12 23:55:46,177][flwr][DEBUG] - fit_round 22: strategy sampled 100 clients (out of 100)
[2026-01-12 23:55:46,712][flwr][DEBUG] - fit_round 22 received 100 results and 0 failures
[2026-01-12 23:55:46,765][flwr][INFO] - fit progress: (22, 61.079766392707825, {'accuracy': 0.578}, 25.699807625001995)
[2026-01-12 23:55:46,766][flwr][DEBUG] - evaluate_round 22: strategy sampled 100 clients (out of 100)
[2026-01-12 23:55:47,166][flwr][DEBUG] - evaluate_round 22 received 100 results and 0 failures
[2026-01-12 23:55:47,166][flwr][DEBUG] - fit_round 23: strategy sampled 100 clients (out of 100)
[2026-01-12 23:55:47,751][flwr][DEBUG] - fit_round 23 received 100 results and 0 failures
[2026-01-12 23:55:47,807][flwr][INFO] - fit progress: (23, 60.63419169187546, {'accuracy': 0.5795}, 26.742908041007468)
[2026-01-12 23:55:47,808][flwr][DEBUG] - evaluate_round 23: strategy sampled 100 clients (out of 100)
[2026-01-12 23:55:48,342][flwr][DEBUG] - evaluate_round 23 received 100 results and 0 failures
[2026-01-12 23:55:48,343][flwr][DEBUG] - fit_round 24: strategy sampled 100 clients (out of 100)
[2026-01-12 23:55:48,954][flwr][DEBUG] - fit_round 24 received 100 results and 0 failures
[2026-01-12 23:55:49,010][flwr][INFO] - fit progress: (24, 60.25511795282364, {'accuracy': 0.58}, 27.946967083000345)
[2026-01-12 23:55:49,010][flwr][DEBUG] - evaluate_round 24: strategy sampled 100 clients (out of 100)
[2026-01-12 23:55:49,408][flwr][DEBUG] - evaluate_round 24 received 100 results and 0 failures
[2026-01-12 23:55:49,408][flwr][DEBUG] - fit_round 25: strategy sampled 100 clients (out of 100)
[2026-01-12 23:55:49,862][flwr][DEBUG] - fit_round 25 received 100 results and 0 failures
[2026-01-12 23:55:49,928][flwr][INFO] - fit progress: (25, 59.95620423555374, {'accuracy': 0.579}, 28.866120083010173)
[2026-01-12 23:55:49,929][flwr][DEBUG] - evaluate_round 25: strategy sampled 100 clients (out of 100)
[2026-01-12 23:55:50,325][flwr][DEBUG] - evaluate_round 25 received 100 results and 0 failures
[2026-01-12 23:55:50,326][flwr][DEBUG] - fit_round 26: strategy sampled 100 clients (out of 100)
[2026-01-12 23:55:50,807][flwr][DEBUG] - fit_round 26 received 100 results and 0 failures
[2026-01-12 23:55:50,867][flwr][INFO] - fit progress: (26, 59.63580912351608, {'accuracy': 0.5795}, 29.80594570800895)
[2026-01-12 23:55:50,868][flwr][DEBUG] - evaluate_round 26: strategy sampled 100 clients (out of 100)
[2026-01-12 23:55:51,386][flwr][DEBUG] - evaluate_round 26 received 100 results and 0 failures
[2026-01-12 23:55:51,386][flwr][DEBUG] - fit_round 27: strategy sampled 100 clients (out of 100)
[2026-01-12 23:55:51,865][flwr][DEBUG] - fit_round 27 received 100 results and 0 failures
[2026-01-12 23:55:51,918][flwr][INFO] - fit progress: (27, 59.458675503730774, {'accuracy': 0.581}, 30.85701649999828)
[2026-01-12 23:55:51,918][flwr][DEBUG] - evaluate_round 27: strategy sampled 100 clients (out of 100)
[2026-01-12 23:55:52,310][flwr][DEBUG] - evaluate_round 27 received 100 results and 0 failures
[2026-01-12 23:55:52,310][flwr][DEBUG] - fit_round 28: strategy sampled 100 clients (out of 100)
[2026-01-12 23:55:52,751][flwr][DEBUG] - fit_round 28 received 100 results and 0 failures
[2026-01-12 23:55:52,801][flwr][INFO] - fit progress: (28, 59.2614529132843, {'accuracy': 0.581}, 31.7409368330118)
[2026-01-12 23:55:52,801][flwr][DEBUG] - evaluate_round 28: strategy sampled 100 clients (out of 100)
[2026-01-12 23:55:53,161][flwr][DEBUG] - evaluate_round 28 received 100 results and 0 failures
[2026-01-12 23:55:53,162][flwr][DEBUG] - fit_round 29: strategy sampled 100 clients (out of 100)
[2026-01-12 23:55:53,601][flwr][DEBUG] - fit_round 29 received 100 results and 0 failures
[2026-01-12 23:55:53,652][flwr][INFO] - fit progress: (29, 59.084512174129486, {'accuracy': 0.5805}, 32.59262216600473)
[2026-01-12 23:55:53,652][flwr][DEBUG] - evaluate_round 29: strategy sampled 100 clients (out of 100)
[2026-01-12 23:55:54,013][flwr][DEBUG] - evaluate_round 29 received 100 results and 0 failures
[2026-01-12 23:55:54,013][flwr][DEBUG] - fit_round 30: strategy sampled 100 clients (out of 100)
[2026-01-12 23:55:54,501][flwr][DEBUG] - fit_round 30 received 100 results and 0 failures
[2026-01-12 23:55:54,557][flwr][INFO] - fit progress: (30, 58.97619265317917, {'accuracy': 0.581}, 33.498264250010834)
[2026-01-12 23:55:54,557][flwr][DEBUG] - evaluate_round 30: strategy sampled 100 clients (out of 100)
[2026-01-12 23:55:54,947][flwr][DEBUG] - evaluate_round 30 received 100 results and 0 failures
[2026-01-12 23:55:54,947][flwr][DEBUG] - fit_round 31: strategy sampled 100 clients (out of 100)
[2026-01-12 23:55:55,419][flwr][DEBUG] - fit_round 31 received 100 results and 0 failures
[2026-01-12 23:55:55,470][flwr][INFO] - fit progress: (31, 58.81752651929855, {'accuracy': 0.5805}, 34.41177179101214)
[2026-01-12 23:55:55,470][flwr][DEBUG] - evaluate_round 31: strategy sampled 100 clients (out of 100)
[2026-01-12 23:55:55,853][flwr][DEBUG] - evaluate_round 31 received 100 results and 0 failures
[2026-01-12 23:55:55,854][flwr][DEBUG] - fit_round 32: strategy sampled 100 clients (out of 100)
[2026-01-12 23:55:56,339][flwr][DEBUG] - fit_round 32 received 100 results and 0 failures
[2026-01-12 23:55:56,392][flwr][INFO] - fit progress: (32, 58.69349181652069, {'accuracy': 0.581}, 35.33501158301078)
[2026-01-12 23:55:56,393][flwr][DEBUG] - evaluate_round 32: strategy sampled 100 clients (out of 100)
[2026-01-12 23:55:56,792][flwr][DEBUG] - evaluate_round 32 received 100 results and 0 failures
[2026-01-12 23:55:56,792][flwr][DEBUG] - fit_round 33: strategy sampled 100 clients (out of 100)
[2026-01-12 23:55:57,316][flwr][DEBUG] - fit_round 33 received 100 results and 0 failures
[2026-01-12 23:55:57,371][flwr][INFO] - fit progress: (33, 58.58822101354599, {'accuracy': 0.581}, 36.313732374997926)
[2026-01-12 23:55:57,371][flwr][DEBUG] - evaluate_round 33: strategy sampled 100 clients (out of 100)
[2026-01-12 23:55:57,736][flwr][DEBUG] - evaluate_round 33 received 100 results and 0 failures
[2026-01-12 23:55:57,737][flwr][DEBUG] - fit_round 34: strategy sampled 100 clients (out of 100)
[2026-01-12 23:55:58,311][flwr][DEBUG] - fit_round 34 received 100 results and 0 failures
[2026-01-12 23:55:58,385][flwr][INFO] - fit progress: (34, 58.44543707370758, {'accuracy': 0.581}, 37.32905200000096)
[2026-01-12 23:55:58,386][flwr][DEBUG] - evaluate_round 34: strategy sampled 100 clients (out of 100)
[2026-01-12 23:55:58,817][flwr][DEBUG] - evaluate_round 34 received 100 results and 0 failures
[2026-01-12 23:55:58,818][flwr][DEBUG] - fit_round 35: strategy sampled 100 clients (out of 100)
[2026-01-12 23:55:59,814][flwr][DEBUG] - fit_round 35 received 100 results and 0 failures
[2026-01-12 23:55:59,868][flwr][INFO] - fit progress: (35, 58.42276573181152, {'accuracy': 0.5815}, 38.81266358301218)
[2026-01-12 23:55:59,869][flwr][DEBUG] - evaluate_round 35: strategy sampled 100 clients (out of 100)
[2026-01-12 23:56:00,273][flwr][DEBUG] - evaluate_round 35 received 100 results and 0 failures
[2026-01-12 23:56:00,274][flwr][DEBUG] - fit_round 36: strategy sampled 100 clients (out of 100)
[2026-01-12 23:56:00,801][flwr][DEBUG] - fit_round 36 received 100 results and 0 failures
[2026-01-12 23:56:00,856][flwr][INFO] - fit progress: (36, 58.360083639621735, {'accuracy': 0.5815}, 39.80076720799843)
[2026-01-12 23:56:00,856][flwr][DEBUG] - evaluate_round 36: strategy sampled 100 clients (out of 100)
[2026-01-12 23:56:01,233][flwr][DEBUG] - evaluate_round 36 received 100 results and 0 failures
[2026-01-12 23:56:01,233][flwr][DEBUG] - fit_round 37: strategy sampled 100 clients (out of 100)
[2026-01-12 23:56:01,704][flwr][DEBUG] - fit_round 37 received 100 results and 0 failures
[2026-01-12 23:56:01,756][flwr][INFO] - fit progress: (37, 58.360082924366, {'accuracy': 0.5815}, 40.70138654101174)
[2026-01-12 23:56:01,756][flwr][DEBUG] - evaluate_round 37: strategy sampled 100 clients (out of 100)
[2026-01-12 23:56:02,132][flwr][DEBUG] - evaluate_round 37 received 100 results and 0 failures
[2026-01-12 23:56:02,133][flwr][DEBUG] - fit_round 38: strategy sampled 100 clients (out of 100)
[2026-01-12 23:56:02,592][flwr][DEBUG] - fit_round 38 received 100 results and 0 failures
[2026-01-12 23:56:02,645][flwr][INFO] - fit progress: (38, 58.324581146240234, {'accuracy': 0.582}, 41.59060466600931)
[2026-01-12 23:56:02,645][flwr][DEBUG] - evaluate_round 38: strategy sampled 100 clients (out of 100)
[2026-01-12 23:56:03,056][flwr][DEBUG] - evaluate_round 38 received 100 results and 0 failures
[2026-01-12 23:56:03,056][flwr][DEBUG] - fit_round 39: strategy sampled 100 clients (out of 100)
[2026-01-12 23:56:03,557][flwr][DEBUG] - fit_round 39 received 100 results and 0 failures
[2026-01-12 23:56:03,609][flwr][INFO] - fit progress: (39, 58.326186418533325, {'accuracy': 0.582}, 42.554922000010265)
[2026-01-12 23:56:03,609][flwr][DEBUG] - evaluate_round 39: strategy sampled 100 clients (out of 100)
[2026-01-12 23:56:03,977][flwr][DEBUG] - evaluate_round 39 received 100 results and 0 failures
[2026-01-12 23:56:03,977][flwr][DEBUG] - fit_round 40: strategy sampled 100 clients (out of 100)
[2026-01-12 23:56:04,473][flwr][DEBUG] - fit_round 40 received 100 results and 0 failures
[2026-01-12 23:56:04,526][flwr][INFO] - fit progress: (40, 58.35955333709717, {'accuracy': 0.581}, 43.47200816600525)
[2026-01-12 23:56:04,526][flwr][DEBUG] - evaluate_round 40: strategy sampled 100 clients (out of 100)
[2026-01-12 23:56:04,895][flwr][DEBUG] - evaluate_round 40 received 100 results and 0 failures
[2026-01-12 23:56:04,895][flwr][DEBUG] - fit_round 41: strategy sampled 100 clients (out of 100)
[2026-01-12 23:56:05,460][flwr][DEBUG] - fit_round 41 received 100 results and 0 failures
[2026-01-12 23:56:05,515][flwr][INFO] - fit progress: (41, 58.321230471134186, {'accuracy': 0.581}, 44.46212204100448)
[2026-01-12 23:56:05,516][flwr][DEBUG] - evaluate_round 41: strategy sampled 100 clients (out of 100)
[2026-01-12 23:56:05,905][flwr][DEBUG] - evaluate_round 41 received 100 results and 0 failures
[2026-01-12 23:56:05,906][flwr][DEBUG] - fit_round 42: strategy sampled 100 clients (out of 100)
[2026-01-12 23:56:06,390][flwr][DEBUG] - fit_round 42 received 100 results and 0 failures
[2026-01-12 23:56:06,443][flwr][INFO] - fit progress: (42, 58.19513940811157, {'accuracy': 0.581}, 45.39046862500254)
[2026-01-12 23:56:06,444][flwr][DEBUG] - evaluate_round 42: strategy sampled 100 clients (out of 100)
[2026-01-12 23:56:06,826][flwr][DEBUG] - evaluate_round 42 received 100 results and 0 failures
[2026-01-12 23:56:06,827][flwr][DEBUG] - fit_round 43: strategy sampled 100 clients (out of 100)
[2026-01-12 23:56:07,418][flwr][DEBUG] - fit_round 43 received 100 results and 0 failures
[2026-01-12 23:56:07,671][flwr][INFO] - fit progress: (43, 58.192353546619415, {'accuracy': 0.581}, 46.61836016600137)
[2026-01-12 23:56:07,671][flwr][DEBUG] - evaluate_round 43: strategy sampled 100 clients (out of 100)
[2026-01-12 23:56:08,061][flwr][DEBUG] - evaluate_round 43 received 100 results and 0 failures
[2026-01-12 23:56:08,061][flwr][DEBUG] - fit_round 44: strategy sampled 100 clients (out of 100)
[2026-01-12 23:56:08,515][flwr][DEBUG] - fit_round 44 received 100 results and 0 failures
[2026-01-12 23:56:08,569][flwr][INFO] - fit progress: (44, 58.227500677108765, {'accuracy': 0.5805}, 47.516430083007435)
[2026-01-12 23:56:08,569][flwr][DEBUG] - evaluate_round 44: strategy sampled 100 clients (out of 100)
[2026-01-12 23:56:08,941][flwr][DEBUG] - evaluate_round 44 received 100 results and 0 failures
[2026-01-12 23:56:08,942][flwr][DEBUG] - fit_round 45: strategy sampled 100 clients (out of 100)
[2026-01-12 23:56:09,443][flwr][DEBUG] - fit_round 45 received 100 results and 0 failures
[2026-01-12 23:56:09,495][flwr][INFO] - fit progress: (45, 58.24591475725174, {'accuracy': 0.58}, 48.44266558300296)
[2026-01-12 23:56:09,495][flwr][DEBUG] - evaluate_round 45: strategy sampled 100 clients (out of 100)
[2026-01-12 23:56:09,870][flwr][DEBUG] - evaluate_round 45 received 100 results and 0 failures
[2026-01-12 23:56:09,870][flwr][DEBUG] - fit_round 46: strategy sampled 100 clients (out of 100)
[2026-01-12 23:56:10,357][flwr][DEBUG] - fit_round 46 received 100 results and 0 failures
[2026-01-12 23:56:10,410][flwr][INFO] - fit progress: (46, 58.30460470914841, {'accuracy': 0.58}, 49.357918624999)
[2026-01-12 23:56:10,410][flwr][DEBUG] - evaluate_round 46: strategy sampled 100 clients (out of 100)
[2026-01-12 23:56:10,844][flwr][DEBUG] - evaluate_round 46 received 100 results and 0 failures
[2026-01-12 23:56:10,845][flwr][DEBUG] - fit_round 47: strategy sampled 100 clients (out of 100)
[2026-01-12 23:56:11,450][flwr][DEBUG] - fit_round 47 received 100 results and 0 failures
[2026-01-12 23:56:11,501][flwr][INFO] - fit progress: (47, 58.191753566265106, {'accuracy': 0.581}, 50.45001637500536)
[2026-01-12 23:56:11,502][flwr][DEBUG] - evaluate_round 47: strategy sampled 100 clients (out of 100)
[2026-01-12 23:56:11,925][flwr][DEBUG] - evaluate_round 47 received 100 results and 0 failures
[2026-01-12 23:56:11,925][flwr][DEBUG] - fit_round 48: strategy sampled 100 clients (out of 100)
[2026-01-12 23:56:12,465][flwr][DEBUG] - fit_round 48 received 100 results and 0 failures
[2026-01-12 23:56:12,518][flwr][INFO] - fit progress: (48, 58.24299716949463, {'accuracy': 0.58}, 51.46671300000162)
[2026-01-12 23:56:12,518][flwr][DEBUG] - evaluate_round 48: strategy sampled 100 clients (out of 100)
[2026-01-12 23:56:12,907][flwr][DEBUG] - evaluate_round 48 received 100 results and 0 failures
[2026-01-12 23:56:12,907][flwr][DEBUG] - fit_round 49: strategy sampled 100 clients (out of 100)
[2026-01-12 23:56:13,416][flwr][DEBUG] - fit_round 49 received 100 results and 0 failures
[2026-01-12 23:56:13,471][flwr][INFO] - fit progress: (49, 58.180220246315, {'accuracy': 0.579}, 52.420356625007116)
[2026-01-12 23:56:13,472][flwr][DEBUG] - evaluate_round 49: strategy sampled 100 clients (out of 100)
[2026-01-12 23:56:13,855][flwr][DEBUG] - evaluate_round 49 received 100 results and 0 failures
[2026-01-12 23:56:13,855][flwr][DEBUG] - fit_round 50: strategy sampled 100 clients (out of 100)
[2026-01-12 23:56:14,357][flwr][DEBUG] - fit_round 50 received 100 results and 0 failures
[2026-01-12 23:56:14,410][flwr][INFO] - fit progress: (50, 58.140013337135315, {'accuracy': 0.5795}, 53.35945091600297)
[2026-01-12 23:56:14,411][flwr][DEBUG] - evaluate_round 50: strategy sampled 100 clients (out of 100)
[2026-01-12 23:56:14,809][flwr][DEBUG] - evaluate_round 50 received 100 results and 0 failures
[2026-01-12 23:56:14,809][flwr][INFO] - FL finished in 53.75817800000368
[2026-01-12 23:56:14,810][flwr][INFO] - app_fit: losses_distributed [(1, 1.0518977428120015), (2, 1.0448934814900126), (3, 1.0504055033703847), (4, 1.0611103902294368), (5, 1.0720866737173143), (6, 1.0813165840876116), (7, 1.0865323395384592), (8, 1.0878935150624136), (9, 1.087374456540445), (10, 1.0841809273851066), (11, 1.0792670394882), (12, 1.0723776044292255), (13, 1.0641487369968623), (14, 1.0546143070897416), (15, 1.0447214021685451), (16, 1.0348300690740448), (17, 1.0245148848076864), (18, 1.0142024494071868), (19, 1.004739247864288), (20, 0.9952225992466673), (21, 0.9862239339788348), (22, 0.979186370307675), (23, 0.9720525308951854), (24, 0.9659749217272076), (25, 0.9612193724333359), (26, 0.9561132510469228), (27, 0.9532691316596477), (28, 0.9501368006409503), (29, 0.9473222098456308), (30, 0.9455785065448596), (31, 0.9430139272116692), (32, 0.9410615920071174), (33, 0.9393741232136411), (34, 0.9371087647237062), (35, 0.9367843354555256), (36, 0.9358137983985593), (37, 0.9358338848078481), (38, 0.9352915411109404), (39, 0.935382596834799), (40, 0.9359840105485862), (41, 0.9353837917926504), (42, 0.9334128157779218), (43, 0.9334244111020953), (44, 0.9340826962418659), (45, 0.9344695121965311), (46, 0.9355047136985943), (47, 0.9338281216847883), (48, 0.9347235002513632), (49, 0.9337608811357594), (50, 0.9332256470557908)]
[2026-01-12 23:56:14,810][flwr][INFO] - app_fit: metrics_distributed_fit {}
[2026-01-12 23:56:14,810][flwr][INFO] - app_fit: metrics_distributed {}
[2026-01-12 23:56:14,810][flwr][INFO] - app_fit: losses_centralized [(0, 68.07474291324615), (1, 66.06364959478378), (2, 65.48072898387909), (3, 65.71723335981369), (4, 66.31731081008911), (5, 66.96103650331497), (6, 67.51795119047165), (7, 67.84195131063461), (8, 67.92061907052994), (9, 67.88074773550034), (10, 67.68133795261383), (11, 67.37409895658493), (12, 66.94228875637054), (13, 66.42989033460617), (14, 65.83842778205872), (15, 65.21871387958527), (16, 64.59409457445145), (17, 63.94197392463684), (18, 63.2882399559021), (19, 62.689564645290375), (20, 62.08725947141647), (21, 61.51980435848236), (22, 61.079766392707825), (23, 60.63419169187546), (24, 60.25511795282364), (25, 59.95620423555374), (26, 59.63580912351608), (27, 59.458675503730774), (28, 59.2614529132843), (29, 59.084512174129486), (30, 58.97619265317917), (31, 58.81752651929855), (32, 58.69349181652069), (33, 58.58822101354599), (34, 58.44543707370758), (35, 58.42276573181152), (36, 58.360083639621735), (37, 58.360082924366), (38, 58.324581146240234), (39, 58.326186418533325), (40, 58.35955333709717), (41, 58.321230471134186), (42, 58.19513940811157), (43, 58.192353546619415), (44, 58.227500677108765), (45, 58.24591475725174), (46, 58.30460470914841), (47, 58.191753566265106), (48, 58.24299716949463), (49, 58.180220246315), (50, 58.140013337135315)]
[2026-01-12 23:56:14,810][flwr][INFO] - app_fit: metrics_centralized {'accuracy': [(0, 0.507), (1, 0.507), (2, 0.507), (3, 0.507), (4, 0.507), (5, 0.507), (6, 0.507), (7, 0.507), (8, 0.507), (9, 0.5075), (10, 0.508), (11, 0.5095), (12, 0.5125), (13, 0.5175), (14, 0.5195), (15, 0.526), (16, 0.5325), (17, 0.544), (18, 0.555), (19, 0.5635), (20, 0.57), (21, 0.5755), (22, 0.578), (23, 0.5795), (24, 0.58), (25, 0.579), (26, 0.5795), (27, 0.581), (28, 0.581), (29, 0.5805), (30, 0.581), (31, 0.5805), (32, 0.581), (33, 0.581), (34, 0.581), (35, 0.5815), (36, 0.5815), (37, 0.5815), (38, 0.582), (39, 0.582), (40, 0.581), (41, 0.581), (42, 0.581), (43, 0.581), (44, 0.5805), (45, 0.58), (46, 0.58), (47, 0.581), (48, 0.58), (49, 0.579), (50, 0.5795)]}
[2026-01-12 23:56:14,854][flwr][INFO] - Starting Flower simulation, config: ServerConfig(num_rounds=50, round_timeout=None)
[2026-01-12 23:56:22,001][flwr][INFO] - Flower VCE: Ray initialized with resources: {'node:127.0.0.1': 1.0, 'object_store_memory': 2147483648.0, 'memory': 12291098215.0, 'CPU': 10.0}
[2026-01-12 23:56:22,002][flwr][INFO] - Initializing global parameters
[2026-01-12 23:56:22,002][flwr][INFO] - Using initial parameters provided by strategy
[2026-01-12 23:56:22,002][flwr][INFO] - Evaluating initial parameters
[2026-01-12 23:56:22,028][flwr][INFO] - initial parameters (loss, other metrics): 68.07474291324615, {'accuracy': 0.507, 'adaptive_mu': 0.1}
[2026-01-12 23:56:22,028][flwr][INFO] - FL starting
[2026-01-12 23:56:22,029][flwr][DEBUG] - fit_round 1: strategy sampled 100 clients (out of 100)
[2026-01-12 23:56:27,379][flwr][DEBUG] - fit_round 1 received 100 results and 0 failures
[2026-01-12 23:56:27,413][flwr][WARNING] - No fit_metrics_aggregation_fn provided
[2026-01-12 23:56:27,465][flwr][INFO] - fit progress: (1, 66.09488594532013, {'accuracy': 0.507, 'adaptive_mu': 0.1}, 5.437755792008829)
[2026-01-12 23:56:27,466][flwr][DEBUG] - evaluate_round 1: strategy sampled 100 clients (out of 100)
[2026-01-12 23:56:27,906][flwr][DEBUG] - evaluate_round 1 received 100 results and 0 failures
[2026-01-12 23:56:27,907][flwr][WARNING] - No evaluate_metrics_aggregation_fn provided
[2026-01-12 23:56:27,908][flwr][DEBUG] - fit_round 2: strategy sampled 100 clients (out of 100)
[2026-01-12 23:56:28,706][flwr][DEBUG] - fit_round 2 received 100 results and 0 failures
[2026-01-12 23:56:28,794][flwr][INFO] - fit progress: (2, 65.49502128362656, {'accuracy': 0.507, 'adaptive_mu': 0.1}, 6.766673334001098)
[2026-01-12 23:56:28,795][flwr][DEBUG] - evaluate_round 2: strategy sampled 100 clients (out of 100)
[2026-01-12 23:56:29,196][flwr][DEBUG] - evaluate_round 2 received 100 results and 0 failures
[2026-01-12 23:56:29,196][flwr][DEBUG] - fit_round 3: strategy sampled 100 clients (out of 100)
[2026-01-12 23:56:29,749][flwr][DEBUG] - fit_round 3 received 100 results and 0 failures
[2026-01-12 23:56:29,833][flwr][INFO] - fit progress: (3, 65.67961823940277, {'accuracy': 0.507, 'adaptive_mu': 0.1}, 7.805150542000774)
[2026-01-12 23:56:29,833][flwr][DEBUG] - evaluate_round 3: strategy sampled 100 clients (out of 100)
[2026-01-12 23:56:30,228][flwr][DEBUG] - evaluate_round 3 received 100 results and 0 failures
[2026-01-12 23:56:30,228][flwr][DEBUG] - fit_round 4: strategy sampled 100 clients (out of 100)
[2026-01-12 23:56:30,835][flwr][DEBUG] - fit_round 4 received 100 results and 0 failures
[2026-01-12 23:56:30,921][flwr][INFO] - fit progress: (4, 66.22002756595612, {'accuracy': 0.507, 'adaptive_mu': 0.15645020315405145}, 8.893592084001284)
[2026-01-12 23:56:30,921][flwr][DEBUG] - evaluate_round 4: strategy sampled 100 clients (out of 100)
[2026-01-12 23:56:31,319][flwr][DEBUG] - evaluate_round 4 received 100 results and 0 failures
[2026-01-12 23:56:31,319][flwr][DEBUG] - fit_round 5: strategy sampled 100 clients (out of 100)
[2026-01-12 23:56:31,958][flwr][DEBUG] - fit_round 5 received 100 results and 0 failures
[2026-01-12 23:56:32,062][flwr][INFO] - fit progress: (5, 66.78404891490936, {'accuracy': 0.507, 'adaptive_mu': 0.1955086067374307}, 10.034222334012156)
[2026-01-12 23:56:32,062][flwr][DEBUG] - evaluate_round 5: strategy sampled 100 clients (out of 100)
[2026-01-12 23:56:32,454][flwr][DEBUG] - evaluate_round 5 received 100 results and 0 failures
[2026-01-12 23:56:32,454][flwr][DEBUG] - fit_round 6: strategy sampled 100 clients (out of 100)
[2026-01-12 23:56:32,995][flwr][DEBUG] - fit_round 6 received 100 results and 0 failures
[2026-01-12 23:56:33,082][flwr][INFO] - fit progress: (6, 67.20369845628738, {'accuracy': 0.507, 'adaptive_mu': 0.2219222221492636}, 11.05498687500949)
[2026-01-12 23:56:33,083][flwr][DEBUG] - evaluate_round 6: strategy sampled 100 clients (out of 100)
[2026-01-12 23:56:33,450][flwr][DEBUG] - evaluate_round 6 received 100 results and 0 failures
[2026-01-12 23:56:33,451][flwr][DEBUG] - fit_round 7: strategy sampled 100 clients (out of 100)
[2026-01-12 23:56:33,996][flwr][DEBUG] - fit_round 7 received 100 results and 0 failures
[2026-01-12 23:56:34,081][flwr][INFO] - fit progress: (7, 67.41227680444717, {'accuracy': 0.507, 'adaptive_mu': 0.24028561065742932}, 12.053804459006642)
[2026-01-12 23:56:34,081][flwr][DEBUG] - evaluate_round 7: strategy sampled 100 clients (out of 100)
[2026-01-12 23:56:34,440][flwr][DEBUG] - evaluate_round 7 received 100 results and 0 failures
[2026-01-12 23:56:34,440][flwr][DEBUG] - fit_round 8: strategy sampled 100 clients (out of 100)
[2026-01-12 23:56:34,973][flwr][DEBUG] - fit_round 8 received 100 results and 0 failures
[2026-01-12 23:56:35,061][flwr][INFO] - fit progress: (8, 67.4494634270668, {'accuracy': 0.507, 'adaptive_mu': 0.2528632746111124}, 13.033946542011108)
[2026-01-12 23:56:35,061][flwr][DEBUG] - evaluate_round 8: strategy sampled 100 clients (out of 100)
[2026-01-12 23:56:35,437][flwr][DEBUG] - evaluate_round 8 received 100 results and 0 failures
[2026-01-12 23:56:35,437][flwr][DEBUG] - fit_round 9: strategy sampled 100 clients (out of 100)
[2026-01-12 23:56:35,944][flwr][DEBUG] - fit_round 9 received 100 results and 0 failures
[2026-01-12 23:56:36,026][flwr][INFO] - fit progress: (9, 67.33340138196945, {'accuracy': 0.5075, 'adaptive_mu': 0.2611609792676716}, 13.99900108401198)
[2026-01-12 23:56:36,026][flwr][DEBUG] - evaluate_round 9: strategy sampled 100 clients (out of 100)
[2026-01-12 23:56:36,386][flwr][DEBUG] - evaluate_round 9 received 100 results and 0 failures
[2026-01-12 23:56:36,387][flwr][DEBUG] - fit_round 10: strategy sampled 100 clients (out of 100)
[2026-01-12 23:56:36,901][flwr][DEBUG] - fit_round 10 received 100 results and 0 failures
[2026-01-12 23:56:36,984][flwr][INFO] - fit progress: (10, 67.06473678350449, {'accuracy': 0.508, 'adaptive_mu': 0.2664919543398867}, 14.957322209011181)
[2026-01-12 23:56:36,985][flwr][DEBUG] - evaluate_round 10: strategy sampled 100 clients (out of 100)
[2026-01-12 23:56:37,344][flwr][DEBUG] - evaluate_round 10 received 100 results and 0 failures
[2026-01-12 23:56:37,344][flwr][DEBUG] - fit_round 11: strategy sampled 100 clients (out of 100)
[2026-01-12 23:56:37,873][flwr][DEBUG] - fit_round 11 received 100 results and 0 failures
[2026-01-12 23:56:37,957][flwr][INFO] - fit progress: (11, 66.68524354696274, {'accuracy': 0.5095, 'adaptive_mu': 0.27016963423618134}, 15.929786959008197)
[2026-01-12 23:56:37,957][flwr][DEBUG] - evaluate_round 11: strategy sampled 100 clients (out of 100)
[2026-01-12 23:56:38,410][flwr][DEBUG] - evaluate_round 11 received 100 results and 0 failures
[2026-01-12 23:56:38,411][flwr][DEBUG] - fit_round 12: strategy sampled 100 clients (out of 100)
[2026-01-12 23:56:38,926][flwr][DEBUG] - fit_round 12 received 100 results and 0 failures
[2026-01-12 23:56:39,012][flwr][INFO] - fit progress: (12, 66.24692195653915, {'accuracy': 0.514, 'adaptive_mu': 0.2727281853636919}, 16.984762542007957)
[2026-01-12 23:56:39,012][flwr][DEBUG] - evaluate_round 12: strategy sampled 100 clients (out of 100)
[2026-01-12 23:56:39,499][flwr][DEBUG] - evaluate_round 12 received 100 results and 0 failures
[2026-01-12 23:56:39,500][flwr][DEBUG] - fit_round 13: strategy sampled 100 clients (out of 100)
[2026-01-12 23:56:40,026][flwr][DEBUG] - fit_round 13 received 100 results and 0 failures
[2026-01-12 23:56:40,223][flwr][INFO] - fit progress: (13, 65.721255838871, {'accuracy': 0.518, 'adaptive_mu': 0.2746849493356106}, 18.19625120901037)
[2026-01-12 23:56:40,223][flwr][DEBUG] - evaluate_round 13: strategy sampled 100 clients (out of 100)
[2026-01-12 23:56:40,623][flwr][DEBUG] - evaluate_round 13 received 100 results and 0 failures
[2026-01-12 23:56:40,623][flwr][DEBUG] - fit_round 14: strategy sampled 100 clients (out of 100)
[2026-01-12 23:56:41,272][flwr][DEBUG] - fit_round 14 received 100 results and 0 failures
[2026-01-12 23:56:41,368][flwr][INFO] - fit progress: (14, 65.12083315849304, {'accuracy': 0.5195, 'adaptive_mu': 0.27620480357358135}, 19.34063316701213)
[2026-01-12 23:56:41,368][flwr][DEBUG] - evaluate_round 14: strategy sampled 100 clients (out of 100)
[2026-01-12 23:56:41,810][flwr][DEBUG] - evaluate_round 14 received 100 results and 0 failures
[2026-01-12 23:56:41,811][flwr][DEBUG] - fit_round 15: strategy sampled 100 clients (out of 100)
[2026-01-12 23:56:42,516][flwr][DEBUG] - fit_round 15 received 100 results and 0 failures
[2026-01-12 23:56:42,598][flwr][INFO] - fit progress: (15, 64.49178117513657, {'accuracy': 0.5275, 'adaptive_mu': 0.2774358818685123}, 20.571470625000075)
[2026-01-12 23:56:42,599][flwr][DEBUG] - evaluate_round 15: strategy sampled 100 clients (out of 100)
[2026-01-12 23:56:42,977][flwr][DEBUG] - evaluate_round 15 received 100 results and 0 failures
[2026-01-12 23:56:42,977][flwr][DEBUG] - fit_round 16: strategy sampled 100 clients (out of 100)
[2026-01-12 23:56:43,519][flwr][DEBUG] - fit_round 16 received 100 results and 0 failures
[2026-01-12 23:56:43,601][flwr][INFO] - fit progress: (16, 63.83945333957672, {'accuracy': 0.535, 'adaptive_mu': 0.2785035755668446}, 21.57396195900219)
[2026-01-12 23:56:43,601][flwr][DEBUG] - evaluate_round 16: strategy sampled 100 clients (out of 100)
[2026-01-12 23:56:43,974][flwr][DEBUG] - evaluate_round 16 received 100 results and 0 failures
[2026-01-12 23:56:43,975][flwr][DEBUG] - fit_round 17: strategy sampled 100 clients (out of 100)
[2026-01-12 23:56:44,505][flwr][DEBUG] - fit_round 17 received 100 results and 0 failures
[2026-01-12 23:56:44,589][flwr][INFO] - fit progress: (17, 63.180223405361176, {'accuracy': 0.5455, 'adaptive_mu': 0.27930658723007146}, 22.56171350000659)
[2026-01-12 23:56:44,589][flwr][DEBUG] - evaluate_round 17: strategy sampled 100 clients (out of 100)
[2026-01-12 23:56:44,960][flwr][DEBUG] - evaluate_round 17 received 100 results and 0 failures
[2026-01-12 23:56:44,961][flwr][DEBUG] - fit_round 18: strategy sampled 100 clients (out of 100)
[2026-01-12 23:56:45,517][flwr][DEBUG] - fit_round 18 received 100 results and 0 failures
[2026-01-12 23:56:45,602][flwr][INFO] - fit progress: (18, 62.526823341846466, {'accuracy': 0.557, 'adaptive_mu': 0.2800486207179537}, 23.57520150000346)
[2026-01-12 23:56:45,602][flwr][DEBUG] - evaluate_round 18: strategy sampled 100 clients (out of 100)
[2026-01-12 23:56:45,979][flwr][DEBUG] - evaluate_round 18 received 100 results and 0 failures
[2026-01-12 23:56:45,980][flwr][DEBUG] - fit_round 19: strategy sampled 100 clients (out of 100)
[2026-01-12 23:56:46,529][flwr][DEBUG] - fit_round 19 received 100 results and 0 failures
[2026-01-12 23:56:46,611][flwr][INFO] - fit progress: (19, 61.88132554292679, {'accuracy': 0.5655, 'adaptive_mu': 0.28053291002490754}, 24.58427850001317)
[2026-01-12 23:56:46,611][flwr][DEBUG] - evaluate_round 19: strategy sampled 100 clients (out of 100)
[2026-01-12 23:56:46,990][flwr][DEBUG] - evaluate_round 19 received 100 results and 0 failures
[2026-01-12 23:56:46,990][flwr][DEBUG] - fit_round 20: strategy sampled 100 clients (out of 100)
[2026-01-12 23:56:47,558][flwr][DEBUG] - fit_round 20 received 100 results and 0 failures
[2026-01-12 23:56:47,651][flwr][INFO] - fit progress: (20, 61.31668961048126, {'accuracy': 0.571, 'adaptive_mu': 0.28097510610381227}, 25.62430641701212)
[2026-01-12 23:56:47,651][flwr][DEBUG] - evaluate_round 20: strategy sampled 100 clients (out of 100)
[2026-01-12 23:56:48,053][flwr][DEBUG] - evaluate_round 20 received 100 results and 0 failures
[2026-01-12 23:56:48,054][flwr][DEBUG] - fit_round 21: strategy sampled 100 clients (out of 100)
[2026-01-12 23:56:48,602][flwr][DEBUG] - fit_round 21 received 100 results and 0 failures
[2026-01-12 23:56:48,684][flwr][INFO] - fit progress: (21, 60.71504586935043, {'accuracy': 0.5765, 'adaptive_mu': 0.2811872205454429}, 26.6576100000093)
[2026-01-12 23:56:48,685][flwr][DEBUG] - evaluate_round 21: strategy sampled 100 clients (out of 100)
[2026-01-12 23:56:49,078][flwr][DEBUG] - evaluate_round 21 received 100 results and 0 failures
[2026-01-12 23:56:49,078][flwr][DEBUG] - fit_round 22: strategy sampled 100 clients (out of 100)
[2026-01-12 23:56:49,595][flwr][DEBUG] - fit_round 22 received 100 results and 0 failures
[2026-01-12 23:56:49,678][flwr][INFO] - fit progress: (22, 60.23844677209854, {'accuracy': 0.5785, 'adaptive_mu': 0.2813828532730137}, 27.65116408400354)
[2026-01-12 23:56:49,678][flwr][DEBUG] - evaluate_round 22: strategy sampled 100 clients (out of 100)
[2026-01-12 23:56:50,048][flwr][DEBUG] - evaluate_round 22 received 100 results and 0 failures
[2026-01-12 23:56:50,048][flwr][DEBUG] - fit_round 23: strategy sampled 100 clients (out of 100)
[2026-01-12 23:56:50,589][flwr][DEBUG] - fit_round 23 received 100 results and 0 failures
[2026-01-12 23:56:50,669][flwr][INFO] - fit progress: (23, 59.83842450380325, {'accuracy': 0.58, 'adaptive_mu': 0.2815036971110247}, 28.6420737090084)
[2026-01-12 23:56:50,669][flwr][DEBUG] - evaluate_round 23: strategy sampled 100 clients (out of 100)
[2026-01-12 23:56:51,028][flwr][DEBUG] - evaluate_round 23 received 100 results and 0 failures
[2026-01-12 23:56:51,028][flwr][DEBUG] - fit_round 24: strategy sampled 100 clients (out of 100)
[2026-01-12 23:56:51,568][flwr][DEBUG] - fit_round 24 received 100 results and 0 failures
[2026-01-12 23:56:51,650][flwr][INFO] - fit progress: (24, 59.4802640080452, {'accuracy': 0.5795, 'adaptive_mu': 0.2814217699748416}, 29.62373266700888)
[2026-01-12 23:56:51,651][flwr][DEBUG] - evaluate_round 24: strategy sampled 100 clients (out of 100)
[2026-01-12 23:56:52,007][flwr][DEBUG] - evaluate_round 24 received 100 results and 0 failures
[2026-01-12 23:56:52,008][flwr][DEBUG] - fit_round 25: strategy sampled 100 clients (out of 100)
[2026-01-12 23:56:52,552][flwr][DEBUG] - fit_round 25 received 100 results and 0 failures
[2026-01-12 23:56:52,634][flwr][INFO] - fit progress: (25, 59.157409489154816, {'accuracy': 0.579, 'adaptive_mu': 0.2813047186183182}, 30.60787975000858)
[2026-01-12 23:56:52,635][flwr][DEBUG] - evaluate_round 25: strategy sampled 100 clients (out of 100)
[2026-01-12 23:56:53,008][flwr][DEBUG] - evaluate_round 25 received 100 results and 0 failures
[2026-01-12 23:56:53,009][flwr][DEBUG] - fit_round 26: strategy sampled 100 clients (out of 100)
[2026-01-12 23:56:53,566][flwr][DEBUG] - fit_round 26 received 100 results and 0 failures
[2026-01-12 23:56:53,647][flwr][INFO] - fit progress: (26, 58.88826310634613, {'accuracy': 0.581, 'adaptive_mu': 0.28094807215891726}, 31.620003750009346)
[2026-01-12 23:56:53,647][flwr][DEBUG] - evaluate_round 26: strategy sampled 100 clients (out of 100)
[2026-01-12 23:56:54,040][flwr][DEBUG] - evaluate_round 26 received 100 results and 0 failures
[2026-01-12 23:56:54,041][flwr][DEBUG] - fit_round 27: strategy sampled 100 clients (out of 100)
[2026-01-12 23:56:54,736][flwr][DEBUG] - fit_round 27 received 100 results and 0 failures
[2026-01-12 23:56:54,818][flwr][INFO] - fit progress: (27, 58.658078730106354, {'accuracy': 0.5815, 'adaptive_mu': 0.2805612265094824}, 32.791812792012934)
[2026-01-12 23:56:54,819][flwr][DEBUG] - evaluate_round 27: strategy sampled 100 clients (out of 100)
[2026-01-12 23:56:55,202][flwr][DEBUG] - evaluate_round 27 received 100 results and 0 failures
[2026-01-12 23:56:55,202][flwr][DEBUG] - fit_round 28: strategy sampled 100 clients (out of 100)
[2026-01-12 23:56:55,757][flwr][DEBUG] - fit_round 28 received 100 results and 0 failures
[2026-01-12 23:56:55,839][flwr][INFO] - fit progress: (28, 58.375565350055695, {'accuracy': 0.583, 'adaptive_mu': 0.28019458460854585}, 33.812419500012766)
[2026-01-12 23:56:55,839][flwr][DEBUG] - evaluate_round 28: strategy sampled 100 clients (out of 100)
[2026-01-12 23:56:56,199][flwr][DEBUG] - evaluate_round 28 received 100 results and 0 failures
[2026-01-12 23:56:56,200][flwr][DEBUG] - fit_round 29: strategy sampled 100 clients (out of 100)
[2026-01-12 23:56:56,764][flwr][DEBUG] - fit_round 29 received 100 results and 0 failures
[2026-01-12 23:56:56,847][flwr][INFO] - fit progress: (29, 58.15573996305466, {'accuracy': 0.583, 'adaptive_mu': 0.27993121805439636}, 34.82026562500687)
[2026-01-12 23:56:56,847][flwr][DEBUG] - evaluate_round 29: strategy sampled 100 clients (out of 100)
[2026-01-12 23:56:57,226][flwr][DEBUG] - evaluate_round 29 received 100 results and 0 failures
[2026-01-12 23:56:57,226][flwr][DEBUG] - fit_round 30: strategy sampled 100 clients (out of 100)
[2026-01-12 23:56:57,762][flwr][DEBUG] - fit_round 30 received 100 results and 0 failures
[2026-01-12 23:56:57,846][flwr][INFO] - fit progress: (30, 58.05729287862778, {'accuracy': 0.5825, 'adaptive_mu': 0.2795967803606849}, 35.81983870900876)
[2026-01-12 23:56:57,847][flwr][DEBUG] - evaluate_round 30: strategy sampled 100 clients (out of 100)
[2026-01-12 23:56:58,224][flwr][DEBUG] - evaluate_round 30 received 100 results and 0 failures
[2026-01-12 23:56:58,225][flwr][DEBUG] - fit_round 31: strategy sampled 100 clients (out of 100)
[2026-01-12 23:56:58,757][flwr][DEBUG] - fit_round 31 received 100 results and 0 failures
[2026-01-12 23:56:58,841][flwr][INFO] - fit progress: (31, 57.89727032184601, {'accuracy': 0.5825, 'adaptive_mu': 0.2791918408323641}, 36.81479250000848)
[2026-01-12 23:56:58,842][flwr][DEBUG] - evaluate_round 31: strategy sampled 100 clients (out of 100)
[2026-01-12 23:56:59,201][flwr][DEBUG] - evaluate_round 31 received 100 results and 0 failures
[2026-01-12 23:56:59,201][flwr][DEBUG] - fit_round 32: strategy sampled 100 clients (out of 100)
[2026-01-12 23:56:59,737][flwr][DEBUG] - fit_round 32 received 100 results and 0 failures
[2026-01-12 23:56:59,819][flwr][INFO] - fit progress: (32, 57.78575712442398, {'accuracy': 0.5825, 'adaptive_mu': 0.27873035025685433}, 37.79235641700507)
[2026-01-12 23:56:59,819][flwr][DEBUG] - evaluate_round 32: strategy sampled 100 clients (out of 100)
[2026-01-12 23:57:00,180][flwr][DEBUG] - evaluate_round 32 received 100 results and 0 failures
[2026-01-12 23:57:00,181][flwr][DEBUG] - fit_round 33: strategy sampled 100 clients (out of 100)
[2026-01-12 23:57:00,754][flwr][DEBUG] - fit_round 33 received 100 results and 0 failures
[2026-01-12 23:57:00,960][flwr][INFO] - fit progress: (33, 57.58492696285248, {'accuracy': 0.5825, 'adaptive_mu': 0.27816414469373896}, 38.93385491702065)
[2026-01-12 23:57:00,961][flwr][DEBUG] - evaluate_round 33: strategy sampled 100 clients (out of 100)
[2026-01-12 23:57:01,329][flwr][DEBUG] - evaluate_round 33 received 100 results and 0 failures
[2026-01-12 23:57:01,329][flwr][DEBUG] - fit_round 34: strategy sampled 100 clients (out of 100)
[2026-01-12 23:57:01,869][flwr][DEBUG] - fit_round 34 received 100 results and 0 failures
[2026-01-12 23:57:01,950][flwr][INFO] - fit progress: (34, 57.57228195667267, {'accuracy': 0.582, 'adaptive_mu': 0.27782923909353185}, 39.92389354201441)
[2026-01-12 23:57:01,951][flwr][DEBUG] - evaluate_round 34: strategy sampled 100 clients (out of 100)
[2026-01-12 23:57:02,319][flwr][DEBUG] - evaluate_round 34 received 100 results and 0 failures
[2026-01-12 23:57:02,320][flwr][DEBUG] - fit_round 35: strategy sampled 100 clients (out of 100)
[2026-01-12 23:57:02,830][flwr][DEBUG] - fit_round 35 received 100 results and 0 failures
[2026-01-12 23:57:02,913][flwr][INFO] - fit progress: (35, 57.54151475429535, {'accuracy': 0.5805, 'adaptive_mu': 0.2775359258453837}, 40.886572709001484)
[2026-01-12 23:57:02,913][flwr][DEBUG] - evaluate_round 35: strategy sampled 100 clients (out of 100)
[2026-01-12 23:57:03,274][flwr][DEBUG] - evaluate_round 35 received 100 results and 0 failures
[2026-01-12 23:57:03,275][flwr][DEBUG] - fit_round 36: strategy sampled 100 clients (out of 100)
[2026-01-12 23:57:03,790][flwr][DEBUG] - fit_round 36 received 100 results and 0 failures
[2026-01-12 23:57:03,872][flwr][INFO] - fit progress: (36, 57.56337749958038, {'accuracy': 0.581, 'adaptive_mu': 0.27708696543411965}, 41.84581141702074)
[2026-01-12 23:57:03,873][flwr][DEBUG] - evaluate_round 36: strategy sampled 100 clients (out of 100)
[2026-01-12 23:57:04,238][flwr][DEBUG] - evaluate_round 36 received 100 results and 0 failures
[2026-01-12 23:57:04,239][flwr][DEBUG] - fit_round 37: strategy sampled 100 clients (out of 100)
[2026-01-12 23:57:04,825][flwr][DEBUG] - fit_round 37 received 100 results and 0 failures
[2026-01-12 23:57:04,913][flwr][INFO] - fit progress: (37, 57.37152016162872, {'accuracy': 0.581, 'adaptive_mu': 0.27657752075989106}, 42.886250916999415)
[2026-01-12 23:57:04,913][flwr][DEBUG] - evaluate_round 37: strategy sampled 100 clients (out of 100)
[2026-01-12 23:57:05,325][flwr][DEBUG] - evaluate_round 37 received 100 results and 0 failures
[2026-01-12 23:57:05,325][flwr][DEBUG] - fit_round 38: strategy sampled 100 clients (out of 100)
[2026-01-12 23:57:05,879][flwr][DEBUG] - fit_round 38 received 100 results and 0 failures
[2026-01-12 23:57:05,960][flwr][INFO] - fit progress: (38, 57.32106864452362, {'accuracy': 0.5815, 'adaptive_mu': 0.27604406806968196}, 43.933712959013064)
[2026-01-12 23:57:05,960][flwr][DEBUG] - evaluate_round 38: strategy sampled 100 clients (out of 100)
[2026-01-12 23:57:06,415][flwr][DEBUG] - evaluate_round 38 received 100 results and 0 failures
[2026-01-12 23:57:06,415][flwr][DEBUG] - fit_round 39: strategy sampled 100 clients (out of 100)
[2026-01-12 23:57:06,939][flwr][DEBUG] - fit_round 39 received 100 results and 0 failures
[2026-01-12 23:57:07,023][flwr][INFO] - fit progress: (39, 57.36376631259918, {'accuracy': 0.581, 'adaptive_mu': 0.27574913580786864}, 44.996333208997385)
[2026-01-12 23:57:07,023][flwr][DEBUG] - evaluate_round 39: strategy sampled 100 clients (out of 100)
[2026-01-12 23:57:07,395][flwr][DEBUG] - evaluate_round 39 received 100 results and 0 failures
[2026-01-12 23:57:07,396][flwr][DEBUG] - fit_round 40: strategy sampled 100 clients (out of 100)
[2026-01-12 23:57:08,079][flwr][DEBUG] - fit_round 40 received 100 results and 0 failures
[2026-01-12 23:57:08,163][flwr][INFO] - fit progress: (40, 57.363589346408844, {'accuracy': 0.5815, 'adaptive_mu': 0.275435338311328}, 46.136524917019415)
[2026-01-12 23:57:08,163][flwr][DEBUG] - evaluate_round 40: strategy sampled 100 clients (out of 100)
[2026-01-12 23:57:08,607][flwr][DEBUG] - evaluate_round 40 received 100 results and 0 failures
[2026-01-12 23:57:08,608][flwr][DEBUG] - fit_round 41: strategy sampled 100 clients (out of 100)
[2026-01-12 23:57:09,139][flwr][DEBUG] - fit_round 41 received 100 results and 0 failures
[2026-01-12 23:57:09,223][flwr][INFO] - fit progress: (41, 57.149233281612396, {'accuracy': 0.5805, 'adaptive_mu': 0.27492345228170073}, 47.19693424999423)
[2026-01-12 23:57:09,224][flwr][DEBUG] - evaluate_round 41: strategy sampled 100 clients (out of 100)
[2026-01-12 23:57:09,600][flwr][DEBUG] - evaluate_round 41 received 100 results and 0 failures
[2026-01-12 23:57:09,600][flwr][DEBUG] - fit_round 42: strategy sampled 100 clients (out of 100)
[2026-01-12 23:57:10,132][flwr][DEBUG] - fit_round 42 received 100 results and 0 failures
[2026-01-12 23:57:10,214][flwr][INFO] - fit progress: (42, 57.27149158716202, {'accuracy': 0.581, 'adaptive_mu': 0.27462743004816115}, 48.187717500011786)
[2026-01-12 23:57:10,214][flwr][DEBUG] - evaluate_round 42: strategy sampled 100 clients (out of 100)
[2026-01-12 23:57:10,581][flwr][DEBUG] - evaluate_round 42 received 100 results and 0 failures
[2026-01-12 23:57:10,582][flwr][DEBUG] - fit_round 43: strategy sampled 100 clients (out of 100)
[2026-01-12 23:57:11,118][flwr][DEBUG] - fit_round 43 received 100 results and 0 failures
[2026-01-12 23:57:11,203][flwr][INFO] - fit progress: (43, 57.20463651418686, {'accuracy': 0.5815, 'adaptive_mu': 0.2741816273685288}, 49.17693404199963)
[2026-01-12 23:57:11,204][flwr][DEBUG] - evaluate_round 43: strategy sampled 100 clients (out of 100)
[2026-01-12 23:57:11,596][flwr][DEBUG] - evaluate_round 43 received 100 results and 0 failures
[2026-01-12 23:57:11,597][flwr][DEBUG] - fit_round 44: strategy sampled 100 clients (out of 100)
[2026-01-12 23:57:12,149][flwr][DEBUG] - fit_round 44 received 100 results and 0 failures
[2026-01-12 23:57:12,236][flwr][INFO] - fit progress: (44, 57.23835825920105, {'accuracy': 0.5815, 'adaptive_mu': 0.2738017658253226}, 50.20952387501893)
[2026-01-12 23:57:12,236][flwr][DEBUG] - evaluate_round 44: strategy sampled 100 clients (out of 100)
[2026-01-12 23:57:12,609][flwr][DEBUG] - evaluate_round 44 received 100 results and 0 failures
[2026-01-12 23:57:12,609][flwr][DEBUG] - fit_round 45: strategy sampled 100 clients (out of 100)
[2026-01-12 23:57:13,224][flwr][DEBUG] - fit_round 45 received 100 results and 0 failures
[2026-01-12 23:57:13,308][flwr][INFO] - fit progress: (45, 57.08771747350693, {'accuracy': 0.5805, 'adaptive_mu': 0.27339323074953364}, 51.28205362499284)
[2026-01-12 23:57:13,309][flwr][DEBUG] - evaluate_round 45: strategy sampled 100 clients (out of 100)
[2026-01-12 23:57:13,712][flwr][DEBUG] - evaluate_round 45 received 100 results and 0 failures
[2026-01-12 23:57:13,713][flwr][DEBUG] - fit_round 46: strategy sampled 100 clients (out of 100)
[2026-01-12 23:57:14,303][flwr][DEBUG] - fit_round 46 received 100 results and 0 failures
[2026-01-12 23:57:14,387][flwr][INFO] - fit progress: (46, 56.865588426589966, {'accuracy': 0.5815, 'adaptive_mu': 0.27299669782065017}, 52.36014775001968)
[2026-01-12 23:57:14,387][flwr][DEBUG] - evaluate_round 46: strategy sampled 100 clients (out of 100)
[2026-01-12 23:57:14,813][flwr][DEBUG] - evaluate_round 46 received 100 results and 0 failures
[2026-01-12 23:57:14,814][flwr][DEBUG] - fit_round 47: strategy sampled 100 clients (out of 100)
[2026-01-12 23:57:15,401][flwr][DEBUG] - fit_round 47 received 100 results and 0 failures
[2026-01-12 23:57:15,489][flwr][INFO] - fit progress: (47, 57.086029410362244, {'accuracy': 0.582, 'adaptive_mu': 0.2729422503301633}, 53.46275066699309)
[2026-01-12 23:57:15,489][flwr][DEBUG] - evaluate_round 47: strategy sampled 100 clients (out of 100)
[2026-01-12 23:57:15,883][flwr][DEBUG] - evaluate_round 47 received 100 results and 0 failures
[2026-01-12 23:57:15,883][flwr][DEBUG] - fit_round 48: strategy sampled 100 clients (out of 100)
[2026-01-12 23:57:16,443][flwr][DEBUG] - fit_round 48 received 100 results and 0 failures
[2026-01-12 23:57:16,530][flwr][INFO] - fit progress: (48, 57.06122010946274, {'accuracy': 0.582, 'adaptive_mu': 0.27273602392853113}, 54.5040707920125)
[2026-01-12 23:57:16,531][flwr][DEBUG] - evaluate_round 48: strategy sampled 100 clients (out of 100)
[2026-01-12 23:57:16,900][flwr][DEBUG] - evaluate_round 48 received 100 results and 0 failures
[2026-01-12 23:57:16,900][flwr][DEBUG] - fit_round 49: strategy sampled 100 clients (out of 100)
[2026-01-12 23:57:17,423][flwr][DEBUG] - fit_round 49 received 100 results and 0 failures
[2026-01-12 23:57:17,513][flwr][INFO] - fit progress: (49, 57.0545254945755, {'accuracy': 0.5815, 'adaptive_mu': 0.27243453857000055}, 55.48618445901957)
[2026-01-12 23:57:17,513][flwr][DEBUG] - evaluate_round 49: strategy sampled 100 clients (out of 100)
[2026-01-12 23:57:17,879][flwr][DEBUG] - evaluate_round 49 received 100 results and 0 failures
[2026-01-12 23:57:17,879][flwr][DEBUG] - fit_round 50: strategy sampled 100 clients (out of 100)
[2026-01-12 23:57:18,414][flwr][DEBUG] - fit_round 50 received 100 results and 0 failures
[2026-01-12 23:57:18,497][flwr][INFO] - fit progress: (50, 56.95151084661484, {'accuracy': 0.5815, 'adaptive_mu': 0.27204204080330513}, 56.47089645899541)
[2026-01-12 23:57:18,497][flwr][DEBUG] - evaluate_round 50: strategy sampled 100 clients (out of 100)
[2026-01-12 23:57:18,900][flwr][DEBUG] - evaluate_round 50 received 100 results and 0 failures
[2026-01-12 23:57:18,900][flwr][INFO] - FL finished in 56.873713624998345
[2026-01-12 23:57:18,900][flwr][INFO] - app_fit: losses_distributed [(1, 1.0523487865857026), (2, 1.045033964653742), (3, 1.0496848700260817), (4, 1.0594390658863033), (5, 1.069103677338572), (6, 1.0761141672950827), (7, 1.079447713389196), (8, 1.080144406958516), (9, 1.0783860424238938), (10, 1.074075214471562), (11, 1.0680103528994613), (12, 1.060993916108204), (13, 1.0525556837502057), (14, 1.0428938063813016), (15, 1.032858932435309), (16, 1.0225238958045213), (17, 1.012101150413422), (18, 1.001729956259093), (19, 0.9915340846919363), (20, 0.9826170435266419), (21, 0.973020443974637), (22, 0.9654194986081096), (23, 0.9590405833666913), (24, 0.9533228286297248), (25, 0.948153020595799), (26, 0.9438535502780149), (27, 0.9401630032320207), (28, 0.9356493409108518), (29, 0.9321398009822637), (30, 0.930583527368897), (31, 0.9279885968962627), (32, 0.9261778159251393), (33, 0.9230244144271801), (34, 0.9228446659408467), (35, 0.9223467371298321), (36, 0.922731249982044), (37, 0.9197027406086287), (38, 0.9189538438131649), (39, 0.9196787573676874), (40, 0.9197145652818463), (41, 0.9163386002267723), (42, 0.9183598830702633), (43, 0.917339150290576), (44, 0.9179695869909347), (45, 0.9155658067154261), (46, 0.9120691862970217), (47, 0.9156846946722005), (48, 0.91535426003263), (49, 0.9153594153597358), (50, 0.9137543455122273)]
[2026-01-12 23:57:18,901][flwr][INFO] - app_fit: metrics_distributed_fit {'adaptive_mu': [(1, 0.1), (2, 0.1), (3, 0.1), (4, 0.15645020315405145), (5, 0.1955086067374307), (6, 0.2219222221492636), (7, 0.24028561065742932), (8, 0.2528632746111124), (9, 0.2611609792676716), (10, 0.2664919543398867), (11, 0.27016963423618134), (12, 0.2727281853636919), (13, 0.2746849493356106), (14, 0.27620480357358135), (15, 0.2774358818685123), (16, 0.2785035755668446), (17, 0.27930658723007146), (18, 0.2800486207179537), (19, 0.28053291002490754), (20, 0.28097510610381227), (21, 0.2811872205454429), (22, 0.2813828532730137), (23, 0.2815036971110247), (24, 0.2814217699748416), (25, 0.2813047186183182), (26, 0.28094807215891726), (27, 0.2805612265094824), (28, 0.28019458460854585), (29, 0.27993121805439636), (30, 0.2795967803606849), (31, 0.2791918408323641), (32, 0.27873035025685433), (33, 0.27816414469373896), (34, 0.27782923909353185), (35, 0.2775359258453837), (36, 0.27708696543411965), (37, 0.27657752075989106), (38, 0.27604406806968196), (39, 0.27574913580786864), (40, 0.275435338311328), (41, 0.27492345228170073), (42, 0.27462743004816115), (43, 0.2741816273685288), (44, 0.2738017658253226), (45, 0.27339323074953364), (46, 0.27299669782065017), (47, 0.2729422503301633), (48, 0.27273602392853113), (49, 0.27243453857000055), (50, 0.27204204080330513)], 'gradient_divergence': [(1, 0.7944696312816814), (2, 0.8256255415594205), (3, 0.8444252469856292), (4, 0.8473234500410035), (5, 0.8385877569811419), (6, 0.8297046934720129), (7, 0.819508903506212), (8, 0.8124814462661744), (9, 0.8049362736847252), (10, 0.7995872418629005), (11, 0.8014646694855765), (12, 0.7962551315687597), (13, 0.7954546425491571), (14, 0.7948738712258637), (15, 0.79536342125386), (16, 0.7974896947015077), (17, 0.7962002727994695), (18, 0.7991308001335711), (19, 0.7972244621254504), (20, 0.7994497280754149), (21, 0.7974876805907115), (22, 0.799448582031764), (23, 0.8007481515640393), (24, 0.7990385736757889), (25, 0.8004112046677619), (26, 0.7965913520520553), (27, 0.7954429701482877), (28, 0.7950702468445524), (29, 0.7961554936040193), (30, 0.7931550216581672), (31, 0.7903432815428824), (32, 0.7872938924934715), (33, 0.7831075708195567), (34, 0.7848520024493336), (35, 0.7838830528501421), (36, 0.7791737702209502), (37, 0.7759624369908125), (38, 0.7717166273668409), (39, 0.772751249410212), (40, 0.7701716226432472), (41, 0.7631123169418425), (42, 0.764763648044318), (43, 0.758738657599315), (44, 0.7567844917438924), (45, 0.753612796086818), (46, 0.7509962291177362), (47, 0.753702475130558), (48, 0.7500057213846594), (49, 0.7464055611565709), (50, 0.7430493906140327)], 'avg_label_entropy': [(1, 0.681152227753193), (2, 0.6811522277531927), (3, 0.681152227753193), (4, 0.6811522277531928), (5, 0.6811522277531927), (6, 0.6811522277531927), (7, 0.681152227753193), (8, 0.681152227753193), (9, 0.6811522277531927), (10, 0.6811522277531928), (11, 0.6811522277531928), (12, 0.6811522277531927), (13, 0.6811522277531928), (14, 0.6811522277531928), (15, 0.6811522277531928), (16, 0.681152227753193), (17, 0.6811522277531928), (18, 0.6811522277531928), (19, 0.6811522277531928), (20, 0.6811522277531927), (21, 0.681152227753193), (22, 0.6811522277531927), (23, 0.6811522277531928), (24, 0.6811522277531928), (25, 0.681152227753193), (26, 0.6811522277531928), (27, 0.6811522277531927), (28, 0.6811522277531927), (29, 0.6811522277531927), (30, 0.6811522277531927), (31, 0.6811522277531928), (32, 0.6811522277531927), (33, 0.681152227753193), (34, 0.681152227753193), (35, 0.6811522277531927), (36, 0.681152227753193), (37, 0.681152227753193), (38, 0.6811522277531928), (39, 0.6811522277531928), (40, 0.6811522277531928), (41, 0.681152227753193), (42, 0.681152227753193), (43, 0.681152227753193), (44, 0.681152227753193), (45, 0.6811522277531928), (46, 0.681152227753193), (47, 0.6811522277531928), (48, 0.6811522277531928), (49, 0.681152227753193), (50, 0.6811522277531928)], 'avg_feature_variance': [(1, 0.9265728858113289), (2, 0.9265728887915611), (3, 0.9265729063749313), (4, 0.9265728914737701), (5, 0.9265729087591171), (6, 0.9265729057788848), (7, 0.9265729036927223), (8, 0.9265728905797005), (9, 0.9265729057788848), (10, 0.9265728974342347), (11, 0.9265728977322578), (12, 0.9265729010105133), (13, 0.9265728941559792), (14, 0.9265728959441185), (15, 0.9265728813409805), (16, 0.9265729013085365), (17, 0.9265728926658631), (18, 0.9265728917717934), (19, 0.9265728774666786), (20, 0.9265728947520256), (21, 0.9265728896856308), (22, 0.9265728899836541), (23, 0.9265728935599327), (24, 0.9265728881955146), (25, 0.9265728858113289), (26, 0.926572901904583), (27, 0.9265728902816772), (28, 0.9265728995203972), (29, 0.9265728983283043), (30, 0.9265728947520256), (31, 0.926572899222374), (32, 0.9265728998184204), (33, 0.9265728968381882), (34, 0.9265728852152825), (35, 0.9265729087591171), (36, 0.9265728905797005), (37, 0.9265728935599327), (38, 0.9265728816390038), (39, 0.9265728917717934), (40, 0.9265728867053986), (41, 0.9265729144215584), (42, 0.9265728971362114), (43, 0.9265728902816772), (44, 0.9265728923678398), (45, 0.926572887301445), (46, 0.9265729039907455), (47, 0.9265728977322578), (48, 0.9265729013085365), (49, 0.9265729001164437), (50, 0.926572899222374)]}
[2026-01-12 23:57:18,901][flwr][INFO] - app_fit: metrics_distributed {}
[2026-01-12 23:57:18,902][flwr][INFO] - app_fit: losses_centralized [(0, 68.07474291324615), (1, 66.09488594532013), (2, 65.49502128362656), (3, 65.67961823940277), (4, 66.22002756595612), (5, 66.78404891490936), (6, 67.20369845628738), (7, 67.41227680444717), (8, 67.4494634270668), (9, 67.33340138196945), (10, 67.06473678350449), (11, 66.68524354696274), (12, 66.24692195653915), (13, 65.721255838871), (14, 65.12083315849304), (15, 64.49178117513657), (16, 63.83945333957672), (17, 63.180223405361176), (18, 62.526823341846466), (19, 61.88132554292679), (20, 61.31668961048126), (21, 60.71504586935043), (22, 60.23844677209854), (23, 59.83842450380325), (24, 59.4802640080452), (25, 59.157409489154816), (26, 58.88826310634613), (27, 58.658078730106354), (28, 58.375565350055695), (29, 58.15573996305466), (30, 58.05729287862778), (31, 57.89727032184601), (32, 57.78575712442398), (33, 57.58492696285248), (34, 57.57228195667267), (35, 57.54151475429535), (36, 57.56337749958038), (37, 57.37152016162872), (38, 57.32106864452362), (39, 57.36376631259918), (40, 57.363589346408844), (41, 57.149233281612396), (42, 57.27149158716202), (43, 57.20463651418686), (44, 57.23835825920105), (45, 57.08771747350693), (46, 56.865588426589966), (47, 57.086029410362244), (48, 57.06122010946274), (49, 57.0545254945755), (50, 56.95151084661484)]
[2026-01-12 23:57:18,902][flwr][INFO] - app_fit: metrics_centralized {'accuracy': [(0, 0.507), (1, 0.507), (2, 0.507), (3, 0.507), (4, 0.507), (5, 0.507), (6, 0.507), (7, 0.507), (8, 0.507), (9, 0.5075), (10, 0.508), (11, 0.5095), (12, 0.514), (13, 0.518), (14, 0.5195), (15, 0.5275), (16, 0.535), (17, 0.5455), (18, 0.557), (19, 0.5655), (20, 0.571), (21, 0.5765), (22, 0.5785), (23, 0.58), (24, 0.5795), (25, 0.579), (26, 0.581), (27, 0.5815), (28, 0.583), (29, 0.583), (30, 0.5825), (31, 0.5825), (32, 0.5825), (33, 0.5825), (34, 0.582), (35, 0.5805), (36, 0.581), (37, 0.581), (38, 0.5815), (39, 0.581), (40, 0.5815), (41, 0.5805), (42, 0.581), (43, 0.5815), (44, 0.5815), (45, 0.5805), (46, 0.5815), (47, 0.582), (48, 0.582), (49, 0.5815), (50, 0.5815)], 'adaptive_mu': [(0, 0.1), (1, 0.1), (2, 0.1), (3, 0.1), (4, 0.15645020315405145), (5, 0.1955086067374307), (6, 0.2219222221492636), (7, 0.24028561065742932), (8, 0.2528632746111124), (9, 0.2611609792676716), (10, 0.2664919543398867), (11, 0.27016963423618134), (12, 0.2727281853636919), (13, 0.2746849493356106), (14, 0.27620480357358135), (15, 0.2774358818685123), (16, 0.2785035755668446), (17, 0.27930658723007146), (18, 0.2800486207179537), (19, 0.28053291002490754), (20, 0.28097510610381227), (21, 0.2811872205454429), (22, 0.2813828532730137), (23, 0.2815036971110247), (24, 0.2814217699748416), (25, 0.2813047186183182), (26, 0.28094807215891726), (27, 0.2805612265094824), (28, 0.28019458460854585), (29, 0.27993121805439636), (30, 0.2795967803606849), (31, 0.2791918408323641), (32, 0.27873035025685433), (33, 0.27816414469373896), (34, 0.27782923909353185), (35, 0.2775359258453837), (36, 0.27708696543411965), (37, 0.27657752075989106), (38, 0.27604406806968196), (39, 0.27574913580786864), (40, 0.275435338311328), (41, 0.27492345228170073), (42, 0.27462743004816115), (43, 0.2741816273685288), (44, 0.2738017658253226), (45, 0.27339323074953364), (46, 0.27299669782065017), (47, 0.2729422503301633), (48, 0.27273602392853113), (49, 0.27243453857000055), (50, 0.27204204080330513)]}
[2026-01-12 23:57:18,937][flwr][INFO] - Starting Flower simulation, config: ServerConfig(num_rounds=50, round_timeout=None)
[2026-01-12 23:57:25,988][flwr][INFO] - Flower VCE: Ray initialized with resources: {'CPU': 10.0, 'object_store_memory': 2147483648.0, 'node:127.0.0.1': 1.0, 'memory': 12289557300.0}
[2026-01-12 23:57:25,989][flwr][INFO] - Initializing global parameters
[2026-01-12 23:57:25,989][flwr][INFO] - Using initial parameters provided by strategy
[2026-01-12 23:57:25,989][flwr][INFO] - Evaluating initial parameters
[2026-01-12 23:57:26,012][flwr][INFO] - initial parameters (loss, other metrics): 68.07474291324615, {'accuracy': 0.507}
[2026-01-12 23:57:26,013][flwr][INFO] - FL starting
[2026-01-12 23:57:26,014][flwr][DEBUG] - fit_round 1: strategy sampled 10 clients (out of 100)
[2026-01-12 23:57:30,701][flwr][DEBUG] - fit_round 1 received 10 results and 0 failures
[2026-01-12 23:57:30,737][flwr][INFO] - fit progress: (1, 65.72222369909286, {'accuracy': 0.507}, 4.7239257080073)
[2026-01-12 23:57:30,737][flwr][INFO] - evaluate_round 1: no clients selected, cancel
[2026-01-12 23:57:30,738][flwr][DEBUG] - fit_round 2: strategy sampled 10 clients (out of 100)
[2026-01-12 23:57:30,893][flwr][DEBUG] - fit_round 2 received 10 results and 0 failures
[2026-01-12 23:57:30,918][flwr][INFO] - fit progress: (2, 67.95961844921112, {'accuracy': 0.507}, 4.905124542012345)
[2026-01-12 23:57:30,918][flwr][INFO] - evaluate_round 2: no clients selected, cancel
[2026-01-12 23:57:30,919][flwr][DEBUG] - fit_round 3: strategy sampled 10 clients (out of 100)
[2026-01-12 23:57:31,050][flwr][DEBUG] - fit_round 3 received 10 results and 0 failures
[2026-01-12 23:57:31,086][flwr][INFO] - fit progress: (3, 64.78412586450577, {'accuracy': 0.507}, 5.072942250000779)
[2026-01-12 23:57:31,086][flwr][INFO] - evaluate_round 3: no clients selected, cancel
[2026-01-12 23:57:31,086][flwr][DEBUG] - fit_round 4: strategy sampled 10 clients (out of 100)
[2026-01-12 23:57:31,236][flwr][DEBUG] - fit_round 4 received 10 results and 0 failures
[2026-01-12 23:57:31,260][flwr][INFO] - fit progress: (4, 68.20361429452896, {'accuracy': 0.507}, 5.247608958015917)
[2026-01-12 23:57:31,260][flwr][INFO] - evaluate_round 4: no clients selected, cancel
[2026-01-12 23:57:31,261][flwr][DEBUG] - fit_round 5: strategy sampled 10 clients (out of 100)
[2026-01-12 23:57:31,396][flwr][DEBUG] - fit_round 5 received 10 results and 0 failures
[2026-01-12 23:57:31,422][flwr][INFO] - fit progress: (5, 65.40717655420303, {'accuracy': 0.507}, 5.409873750002589)
[2026-01-12 23:57:31,423][flwr][INFO] - evaluate_round 5: no clients selected, cancel
[2026-01-12 23:57:31,423][flwr][DEBUG] - fit_round 6: strategy sampled 10 clients (out of 100)
[2026-01-12 23:57:31,575][flwr][DEBUG] - fit_round 6 received 10 results and 0 failures
[2026-01-12 23:57:31,599][flwr][INFO] - fit progress: (6, 65.85730564594269, {'accuracy': 0.507}, 5.5861450000084005)
[2026-01-12 23:57:31,599][flwr][INFO] - evaluate_round 6: no clients selected, cancel
[2026-01-12 23:57:31,599][flwr][DEBUG] - fit_round 7: strategy sampled 10 clients (out of 100)
[2026-01-12 23:57:31,761][flwr][DEBUG] - fit_round 7 received 10 results and 0 failures
[2026-01-12 23:57:31,788][flwr][INFO] - fit progress: (7, 66.42660748958588, {'accuracy': 0.507}, 5.775090250011999)
[2026-01-12 23:57:31,788][flwr][INFO] - evaluate_round 7: no clients selected, cancel
[2026-01-12 23:57:31,788][flwr][DEBUG] - fit_round 8: strategy sampled 10 clients (out of 100)
[2026-01-12 23:57:31,956][flwr][DEBUG] - fit_round 8 received 10 results and 0 failures
[2026-01-12 23:57:31,982][flwr][INFO] - fit progress: (8, 67.19137156009674, {'accuracy': 0.507}, 5.969361708004726)
[2026-01-12 23:57:31,982][flwr][INFO] - evaluate_round 8: no clients selected, cancel
[2026-01-12 23:57:31,983][flwr][DEBUG] - fit_round 9: strategy sampled 10 clients (out of 100)
[2026-01-12 23:57:32,155][flwr][DEBUG] - fit_round 9 received 10 results and 0 failures
[2026-01-12 23:57:32,180][flwr][INFO] - fit progress: (9, 67.1323629617691, {'accuracy': 0.507}, 6.167327417002525)
[2026-01-12 23:57:32,180][flwr][INFO] - evaluate_round 9: no clients selected, cancel
[2026-01-12 23:57:32,180][flwr][DEBUG] - fit_round 10: strategy sampled 10 clients (out of 100)
[2026-01-12 23:57:32,358][flwr][DEBUG] - fit_round 10 received 10 results and 0 failures
[2026-01-12 23:57:32,383][flwr][INFO] - fit progress: (10, 65.8080342411995, {'accuracy': 0.507}, 6.370678292005323)
[2026-01-12 23:57:32,383][flwr][INFO] - evaluate_round 10: no clients selected, cancel
[2026-01-12 23:57:32,384][flwr][DEBUG] - fit_round 11: strategy sampled 10 clients (out of 100)
[2026-01-12 23:57:32,546][flwr][DEBUG] - fit_round 11 received 10 results and 0 failures
[2026-01-12 23:57:32,571][flwr][INFO] - fit progress: (11, 71.13736993074417, {'accuracy': 0.507}, 6.558139125001617)
[2026-01-12 23:57:32,571][flwr][INFO] - evaluate_round 11: no clients selected, cancel
[2026-01-12 23:57:32,571][flwr][DEBUG] - fit_round 12: strategy sampled 10 clients (out of 100)
[2026-01-12 23:57:32,752][flwr][DEBUG] - fit_round 12 received 10 results and 0 failures
[2026-01-12 23:57:32,777][flwr][INFO] - fit progress: (12, 67.05085116624832, {'accuracy': 0.507}, 6.764448917005211)
[2026-01-12 23:57:32,777][flwr][INFO] - evaluate_round 12: no clients selected, cancel
[2026-01-12 23:57:32,778][flwr][DEBUG] - fit_round 13: strategy sampled 10 clients (out of 100)
[2026-01-12 23:57:32,962][flwr][DEBUG] - fit_round 13 received 10 results and 0 failures
[2026-01-12 23:57:32,987][flwr][INFO] - fit progress: (13, 79.46411538124084, {'accuracy': 0.507}, 6.974329125019722)
[2026-01-12 23:57:32,987][flwr][INFO] - evaluate_round 13: no clients selected, cancel
[2026-01-12 23:57:32,988][flwr][DEBUG] - fit_round 14: strategy sampled 10 clients (out of 100)
[2026-01-12 23:57:33,178][flwr][DEBUG] - fit_round 14 received 10 results and 0 failures
[2026-01-12 23:57:33,202][flwr][INFO] - fit progress: (14, 69.89852386713028, {'accuracy': 0.507}, 7.18961600001785)
[2026-01-12 23:57:33,202][flwr][INFO] - evaluate_round 14: no clients selected, cancel
[2026-01-12 23:57:33,203][flwr][DEBUG] - fit_round 15: strategy sampled 10 clients (out of 100)
[2026-01-12 23:57:33,391][flwr][DEBUG] - fit_round 15 received 10 results and 0 failures
[2026-01-12 23:57:33,416][flwr][INFO] - fit progress: (15, 74.66097736358643, {'accuracy': 0.507}, 7.403868749999674)
[2026-01-12 23:57:33,417][flwr][INFO] - evaluate_round 15: no clients selected, cancel
[2026-01-12 23:57:33,417][flwr][DEBUG] - fit_round 16: strategy sampled 10 clients (out of 100)
[2026-01-12 23:57:33,605][flwr][DEBUG] - fit_round 16 received 10 results and 0 failures
[2026-01-12 23:57:33,637][flwr][INFO] - fit progress: (16, 70.48960494995117, {'accuracy': 0.507}, 7.6245346670039)
[2026-01-12 23:57:33,637][flwr][INFO] - evaluate_round 16: no clients selected, cancel
[2026-01-12 23:57:33,638][flwr][DEBUG] - fit_round 17: strategy sampled 10 clients (out of 100)
[2026-01-12 23:57:33,831][flwr][DEBUG] - fit_round 17 received 10 results and 0 failures
[2026-01-12 23:57:33,855][flwr][INFO] - fit progress: (17, 77.71150040626526, {'accuracy': 0.507}, 7.8428543750196695)
[2026-01-12 23:57:33,856][flwr][INFO] - evaluate_round 17: no clients selected, cancel
[2026-01-12 23:57:33,856][flwr][DEBUG] - fit_round 18: strategy sampled 10 clients (out of 100)
[2026-01-12 23:57:34,044][flwr][DEBUG] - fit_round 18 received 10 results and 0 failures
[2026-01-12 23:57:34,068][flwr][INFO] - fit progress: (18, 70.41829854249954, {'accuracy': 0.507}, 8.055661792022875)
[2026-01-12 23:57:34,068][flwr][INFO] - evaluate_round 18: no clients selected, cancel
[2026-01-12 23:57:34,069][flwr][DEBUG] - fit_round 19: strategy sampled 10 clients (out of 100)
[2026-01-12 23:57:34,256][flwr][DEBUG] - fit_round 19 received 10 results and 0 failures
[2026-01-12 23:57:34,281][flwr][INFO] - fit progress: (19, 71.41250228881836, {'accuracy': 0.507}, 8.26863516701269)
[2026-01-12 23:57:34,281][flwr][INFO] - evaluate_round 19: no clients selected, cancel
[2026-01-12 23:57:34,282][flwr][DEBUG] - fit_round 20: strategy sampled 10 clients (out of 100)
[2026-01-12 23:57:34,554][flwr][DEBUG] - fit_round 20 received 10 results and 0 failures
[2026-01-12 23:57:34,579][flwr][INFO] - fit progress: (20, 65.83963876962662, {'accuracy': 0.51}, 8.566783750022296)
[2026-01-12 23:57:34,580][flwr][INFO] - evaluate_round 20: no clients selected, cancel
[2026-01-12 23:57:34,580][flwr][DEBUG] - fit_round 21: strategy sampled 10 clients (out of 100)
[2026-01-12 23:57:34,772][flwr][DEBUG] - fit_round 21 received 10 results and 0 failures
[2026-01-12 23:57:34,798][flwr][INFO] - fit progress: (21, 64.00026869773865, {'accuracy': 0.508}, 8.78546858302434)
[2026-01-12 23:57:34,798][flwr][INFO] - evaluate_round 21: no clients selected, cancel
[2026-01-12 23:57:34,799][flwr][DEBUG] - fit_round 22: strategy sampled 10 clients (out of 100)
[2026-01-12 23:57:34,991][flwr][DEBUG] - fit_round 22 received 10 results and 0 failures
[2026-01-12 23:57:35,015][flwr][INFO] - fit progress: (22, 63.461209654808044, {'accuracy': 0.51}, 9.002397542004474)
[2026-01-12 23:57:35,015][flwr][INFO] - evaluate_round 22: no clients selected, cancel
[2026-01-12 23:57:35,016][flwr][DEBUG] - fit_round 23: strategy sampled 10 clients (out of 100)
[2026-01-12 23:57:35,206][flwr][DEBUG] - fit_round 23 received 10 results and 0 failures
[2026-01-12 23:57:35,232][flwr][INFO] - fit progress: (23, 64.07608771324158, {'accuracy': 0.517}, 9.219321958022192)
[2026-01-12 23:57:35,232][flwr][INFO] - evaluate_round 23: no clients selected, cancel
[2026-01-12 23:57:35,233][flwr][DEBUG] - fit_round 24: strategy sampled 10 clients (out of 100)
[2026-01-12 23:57:35,564][flwr][DEBUG] - fit_round 24 received 10 results and 0 failures
[2026-01-12 23:57:35,589][flwr][INFO] - fit progress: (24, 65.04736149311066, {'accuracy': 0.519}, 9.576167874998646)
[2026-01-12 23:57:35,589][flwr][INFO] - evaluate_round 24: no clients selected, cancel
[2026-01-12 23:57:35,589][flwr][DEBUG] - fit_round 25: strategy sampled 10 clients (out of 100)
[2026-01-12 23:57:35,778][flwr][DEBUG] - fit_round 25 received 10 results and 0 failures
[2026-01-12 23:57:35,802][flwr][INFO] - fit progress: (25, 64.53576827049255, {'accuracy': 0.52}, 9.78986433299724)
[2026-01-12 23:57:35,803][flwr][INFO] - evaluate_round 25: no clients selected, cancel
[2026-01-12 23:57:35,803][flwr][DEBUG] - fit_round 26: strategy sampled 10 clients (out of 100)
[2026-01-12 23:57:35,992][flwr][DEBUG] - fit_round 26 received 10 results and 0 failures
[2026-01-12 23:57:36,018][flwr][INFO] - fit progress: (26, 68.40241038799286, {'accuracy': 0.5195}, 10.004931500006933)
[2026-01-12 23:57:36,018][flwr][INFO] - evaluate_round 26: no clients selected, cancel
[2026-01-12 23:57:36,018][flwr][DEBUG] - fit_round 27: strategy sampled 10 clients (out of 100)
[2026-01-12 23:57:36,205][flwr][DEBUG] - fit_round 27 received 10 results and 0 failures
[2026-01-12 23:57:36,230][flwr][INFO] - fit progress: (27, 66.38752257823944, {'accuracy': 0.525}, 10.217572207999183)
[2026-01-12 23:57:36,230][flwr][INFO] - evaluate_round 27: no clients selected, cancel
[2026-01-12 23:57:36,231][flwr][DEBUG] - fit_round 28: strategy sampled 10 clients (out of 100)
[2026-01-12 23:57:36,425][flwr][DEBUG] - fit_round 28 received 10 results and 0 failures
[2026-01-12 23:57:36,450][flwr][INFO] - fit progress: (28, 69.4718052148819, {'accuracy': 0.5195}, 10.437274374999106)
[2026-01-12 23:57:36,450][flwr][INFO] - evaluate_round 28: no clients selected, cancel
[2026-01-12 23:57:36,450][flwr][DEBUG] - fit_round 29: strategy sampled 10 clients (out of 100)
[2026-01-12 23:57:36,640][flwr][DEBUG] - fit_round 29 received 10 results and 0 failures
[2026-01-12 23:57:36,665][flwr][INFO] - fit progress: (29, 68.5496324300766, {'accuracy': 0.52}, 10.652518417016836)
[2026-01-12 23:57:36,665][flwr][INFO] - evaluate_round 29: no clients selected, cancel
[2026-01-12 23:57:36,666][flwr][DEBUG] - fit_round 30: strategy sampled 10 clients (out of 100)
[2026-01-12 23:57:36,867][flwr][DEBUG] - fit_round 30 received 10 results and 0 failures
[2026-01-12 23:57:36,897][flwr][INFO] - fit progress: (30, 76.44774603843689, {'accuracy': 0.5195}, 10.884105542005273)
[2026-01-12 23:57:36,902][flwr][INFO] - evaluate_round 30: no clients selected, cancel
[2026-01-12 23:57:36,902][flwr][DEBUG] - fit_round 31: strategy sampled 10 clients (out of 100)
[2026-01-12 23:57:37,113][flwr][DEBUG] - fit_round 31 received 10 results and 0 failures
[2026-01-12 23:57:37,138][flwr][INFO] - fit progress: (31, 76.38099581003189, {'accuracy': 0.5195}, 11.125653958006296)
[2026-01-12 23:57:37,138][flwr][INFO] - evaluate_round 31: no clients selected, cancel
[2026-01-12 23:57:37,139][flwr][DEBUG] - fit_round 32: strategy sampled 10 clients (out of 100)
[2026-01-12 23:57:37,339][flwr][DEBUG] - fit_round 32 received 10 results and 0 failures
[2026-01-12 23:57:37,366][flwr][INFO] - fit progress: (32, 74.46635961532593, {'accuracy': 0.5195}, 11.353296167013468)
[2026-01-12 23:57:37,366][flwr][INFO] - evaluate_round 32: no clients selected, cancel
[2026-01-12 23:57:37,367][flwr][DEBUG] - fit_round 33: strategy sampled 10 clients (out of 100)
[2026-01-12 23:57:37,551][flwr][DEBUG] - fit_round 33 received 10 results and 0 failures
[2026-01-12 23:57:37,577][flwr][INFO] - fit progress: (33, 77.28493344783783, {'accuracy': 0.5185}, 11.564633625006536)
[2026-01-12 23:57:37,577][flwr][INFO] - evaluate_round 33: no clients selected, cancel
[2026-01-12 23:57:37,578][flwr][DEBUG] - fit_round 34: strategy sampled 10 clients (out of 100)
[2026-01-12 23:57:37,793][flwr][DEBUG] - fit_round 34 received 10 results and 0 failures
[2026-01-12 23:57:37,822][flwr][INFO] - fit progress: (34, 88.85331225395203, {'accuracy': 0.5145}, 11.809366250003222)
[2026-01-12 23:57:37,822][flwr][INFO] - evaluate_round 34: no clients selected, cancel
[2026-01-12 23:57:37,823][flwr][DEBUG] - fit_round 35: strategy sampled 10 clients (out of 100)
[2026-01-12 23:57:38,001][flwr][DEBUG] - fit_round 35 received 10 results and 0 failures
[2026-01-12 23:57:38,029][flwr][INFO] - fit progress: (35, 81.15692049264908, {'accuracy': 0.512}, 12.016441750020022)
[2026-01-12 23:57:38,029][flwr][INFO] - evaluate_round 35: no clients selected, cancel
[2026-01-12 23:57:38,030][flwr][DEBUG] - fit_round 36: strategy sampled 10 clients (out of 100)
[2026-01-12 23:57:38,223][flwr][DEBUG] - fit_round 36 received 10 results and 0 failures
[2026-01-12 23:57:38,248][flwr][INFO] - fit progress: (36, 82.4014995098114, {'accuracy': 0.5115}, 12.235373417002847)
[2026-01-12 23:57:38,248][flwr][INFO] - evaluate_round 36: no clients selected, cancel
[2026-01-12 23:57:38,249][flwr][DEBUG] - fit_round 37: strategy sampled 10 clients (out of 100)
[2026-01-12 23:57:38,439][flwr][DEBUG] - fit_round 37 received 10 results and 0 failures
[2026-01-12 23:57:38,464][flwr][INFO] - fit progress: (37, 91.73883271217346, {'accuracy': 0.515}, 12.451418917014962)
[2026-01-12 23:57:38,464][flwr][INFO] - evaluate_round 37: no clients selected, cancel
[2026-01-12 23:57:38,465][flwr][DEBUG] - fit_round 38: strategy sampled 10 clients (out of 100)
[2026-01-12 23:57:38,666][flwr][DEBUG] - fit_round 38 received 10 results and 0 failures
[2026-01-12 23:57:38,691][flwr][INFO] - fit progress: (38, 98.16172313690186, {'accuracy': 0.5195}, 12.678223875002004)
[2026-01-12 23:57:38,691][flwr][INFO] - evaluate_round 38: no clients selected, cancel
[2026-01-12 23:57:38,691][flwr][DEBUG] - fit_round 39: strategy sampled 10 clients (out of 100)
[2026-01-12 23:57:38,896][flwr][DEBUG] - fit_round 39 received 10 results and 0 failures
[2026-01-12 23:57:38,923][flwr][INFO] - fit progress: (39, 101.70513427257538, {'accuracy': 0.5175}, 12.910459750011796)
[2026-01-12 23:57:38,923][flwr][INFO] - evaluate_round 39: no clients selected, cancel
[2026-01-12 23:57:38,924][flwr][DEBUG] - fit_round 40: strategy sampled 10 clients (out of 100)
[2026-01-12 23:57:39,110][flwr][DEBUG] - fit_round 40 received 10 results and 0 failures
[2026-01-12 23:57:39,134][flwr][INFO] - fit progress: (40, 103.94494259357452, {'accuracy': 0.5185}, 13.121600250015035)
[2026-01-12 23:57:39,134][flwr][INFO] - evaluate_round 40: no clients selected, cancel
[2026-01-12 23:57:39,135][flwr][DEBUG] - fit_round 41: strategy sampled 10 clients (out of 100)
[2026-01-12 23:57:39,329][flwr][DEBUG] - fit_round 41 received 10 results and 0 failures
[2026-01-12 23:57:39,357][flwr][INFO] - fit progress: (41, 101.9948263168335, {'accuracy': 0.5195}, 13.344283750018803)
[2026-01-12 23:57:39,357][flwr][INFO] - evaluate_round 41: no clients selected, cancel
[2026-01-12 23:57:39,357][flwr][DEBUG] - fit_round 42: strategy sampled 10 clients (out of 100)
[2026-01-12 23:57:39,561][flwr][DEBUG] - fit_round 42 received 10 results and 0 failures
[2026-01-12 23:57:39,586][flwr][INFO] - fit progress: (42, 89.35246485471725, {'accuracy': 0.526}, 13.572982917015906)
[2026-01-12 23:57:39,586][flwr][INFO] - evaluate_round 42: no clients selected, cancel
[2026-01-12 23:57:39,586][flwr][DEBUG] - fit_round 43: strategy sampled 10 clients (out of 100)
[2026-01-12 23:57:39,779][flwr][DEBUG] - fit_round 43 received 10 results and 0 failures
[2026-01-12 23:57:39,805][flwr][INFO] - fit progress: (43, 84.33506560325623, {'accuracy': 0.5285}, 13.792784417018993)
[2026-01-12 23:57:39,806][flwr][INFO] - evaluate_round 43: no clients selected, cancel
[2026-01-12 23:57:39,806][flwr][DEBUG] - fit_round 44: strategy sampled 10 clients (out of 100)
[2026-01-12 23:57:40,005][flwr][DEBUG] - fit_round 44 received 10 results and 0 failures
[2026-01-12 23:57:40,039][flwr][INFO] - fit progress: (44, 90.98066419363022, {'accuracy': 0.5185}, 14.026256958022714)
[2026-01-12 23:57:40,039][flwr][INFO] - evaluate_round 44: no clients selected, cancel
[2026-01-12 23:57:40,039][flwr][DEBUG] - fit_round 45: strategy sampled 10 clients (out of 100)
[2026-01-12 23:57:40,238][flwr][DEBUG] - fit_round 45 received 10 results and 0 failures
[2026-01-12 23:57:40,263][flwr][INFO] - fit progress: (45, 82.93919885158539, {'accuracy': 0.5195}, 14.249923833005596)
[2026-01-12 23:57:40,263][flwr][INFO] - evaluate_round 45: no clients selected, cancel
[2026-01-12 23:57:40,263][flwr][DEBUG] - fit_round 46: strategy sampled 10 clients (out of 100)
[2026-01-12 23:57:40,458][flwr][DEBUG] - fit_round 46 received 10 results and 0 failures
[2026-01-12 23:57:40,484][flwr][INFO] - fit progress: (46, 84.21107667684555, {'accuracy': 0.5265}, 14.471378208021633)
[2026-01-12 23:57:40,484][flwr][INFO] - evaluate_round 46: no clients selected, cancel
[2026-01-12 23:57:40,485][flwr][DEBUG] - fit_round 47: strategy sampled 10 clients (out of 100)
[2026-01-12 23:57:40,674][flwr][DEBUG] - fit_round 47 received 10 results and 0 failures
[2026-01-12 23:57:40,865][flwr][INFO] - fit progress: (47, 75.92949903011322, {'accuracy': 0.5295}, 14.852366750012152)
[2026-01-12 23:57:40,865][flwr][INFO] - evaluate_round 47: no clients selected, cancel
[2026-01-12 23:57:40,865][flwr][DEBUG] - fit_round 48: strategy sampled 10 clients (out of 100)
[2026-01-12 23:57:41,054][flwr][DEBUG] - fit_round 48 received 10 results and 0 failures
[2026-01-12 23:57:41,078][flwr][INFO] - fit progress: (48, 79.79038381576538, {'accuracy': 0.537}, 15.065510667016497)
[2026-01-12 23:57:41,078][flwr][INFO] - evaluate_round 48: no clients selected, cancel
[2026-01-12 23:57:41,079][flwr][DEBUG] - fit_round 49: strategy sampled 10 clients (out of 100)
[2026-01-12 23:57:41,277][flwr][DEBUG] - fit_round 49 received 10 results and 0 failures
[2026-01-12 23:57:41,302][flwr][INFO] - fit progress: (49, 86.39220833778381, {'accuracy': 0.5285}, 15.289290708024055)
[2026-01-12 23:57:41,302][flwr][INFO] - evaluate_round 49: no clients selected, cancel
[2026-01-12 23:57:41,303][flwr][DEBUG] - fit_round 50: strategy sampled 10 clients (out of 100)
[2026-01-12 23:57:41,508][flwr][DEBUG] - fit_round 50 received 10 results and 0 failures
[2026-01-12 23:57:41,533][flwr][INFO] - fit progress: (50, 77.9391018152237, {'accuracy': 0.538}, 15.520686500007287)
[2026-01-12 23:57:41,533][flwr][INFO] - evaluate_round 50: no clients selected, cancel
[2026-01-12 23:57:41,533][flwr][INFO] - FL finished in 15.52092158299638
[2026-01-12 23:57:41,534][flwr][INFO] - app_fit: losses_distributed []
[2026-01-12 23:57:41,534][flwr][INFO] - app_fit: metrics_distributed_fit {'c_global_norm': [(1, 10.209315948327225), (2, 14.389014179812623), (3, 22.85288257013862), (4, 23.758619097207898), (5, 27.8128672157648), (6, 11.015922775707807), (7, 16.6132272019394), (8, 32.15630287744384), (9, 28.297378645089967), (10, 5.804563678092104), (11, 19.607649534993538), (12, 11.727241677522425), (13, 25.59778316099018), (14, 19.276114960903644), (15, 11.544786709630054), (16, 11.618348626713862), (17, 11.289305232913268), (18, 13.039448531820732), (19, 9.034204615570006), (20, 18.021147799550363), (21, 13.834813198847172), (22, 6.762665723329669), (23, 15.434858880970385), (24, 7.331987695356291), (25, 2.4050325603344858), (26, 16.57553214596954), (27, 4.662844636675471), (28, 12.63840820127061), (29, 4.631718772614335), (30, 14.751009116567774), (31, 2.068948782420339), (32, 2.8641365128333085), (33, 2.0355620986304777), (34, 16.780670322941095), (35, 13.41602794931545), (36, 1.8480020820919743), (37, 14.243310181002604), (38, 13.437081632089516), (39, 3.521965783124527), (40, 5.912183635738031), (41, 3.9472547089295067), (42, 16.80014119174073), (43, 6.700285257242551), (44, 8.277371869617781), (45, 6.954486534670663), (46, 7.395357362896028), (47, 12.40949666687212), (48, 5.8645787147302775), (49, 6.926898908341091), (50, 15.46064993681028)], 'num_clients': [(1, 10), (2, 10), (3, 10), (4, 10), (5, 10), (6, 10), (7, 10), (8, 10), (9, 10), (10, 10), (11, 10), (12, 10), (13, 10), (14, 10), (15, 10), (16, 10), (17, 10), (18, 10), (19, 10), (20, 10), (21, 10), (22, 10), (23, 10), (24, 10), (25, 10), (26, 10), (27, 10), (28, 10), (29, 10), (30, 10), (31, 10), (32, 10), (33, 10), (34, 10), (35, 10), (36, 10), (37, 10), (38, 10), (39, 10), (40, 10), (41, 10), (42, 10), (43, 10), (44, 10), (45, 10), (46, 10), (47, 10), (48, 10), (49, 10), (50, 10)]}
[2026-01-12 23:57:41,534][flwr][INFO] - app_fit: metrics_distributed {}
[2026-01-12 23:57:41,534][flwr][INFO] - app_fit: losses_centralized [(0, 68.07474291324615), (1, 65.72222369909286), (2, 67.95961844921112), (3, 64.78412586450577), (4, 68.20361429452896), (5, 65.40717655420303), (6, 65.85730564594269), (7, 66.42660748958588), (8, 67.19137156009674), (9, 67.1323629617691), (10, 65.8080342411995), (11, 71.13736993074417), (12, 67.05085116624832), (13, 79.46411538124084), (14, 69.89852386713028), (15, 74.66097736358643), (16, 70.48960494995117), (17, 77.71150040626526), (18, 70.41829854249954), (19, 71.41250228881836), (20, 65.83963876962662), (21, 64.00026869773865), (22, 63.461209654808044), (23, 64.07608771324158), (24, 65.04736149311066), (25, 64.53576827049255), (26, 68.40241038799286), (27, 66.38752257823944), (28, 69.4718052148819), (29, 68.5496324300766), (30, 76.44774603843689), (31, 76.38099581003189), (32, 74.46635961532593), (33, 77.28493344783783), (34, 88.85331225395203), (35, 81.15692049264908), (36, 82.4014995098114), (37, 91.73883271217346), (38, 98.16172313690186), (39, 101.70513427257538), (40, 103.94494259357452), (41, 101.9948263168335), (42, 89.35246485471725), (43, 84.33506560325623), (44, 90.98066419363022), (45, 82.93919885158539), (46, 84.21107667684555), (47, 75.92949903011322), (48, 79.79038381576538), (49, 86.39220833778381), (50, 77.9391018152237)]
[2026-01-12 23:57:41,534][flwr][INFO] - app_fit: metrics_centralized {'accuracy': [(0, 0.507), (1, 0.507), (2, 0.507), (3, 0.507), (4, 0.507), (5, 0.507), (6, 0.507), (7, 0.507), (8, 0.507), (9, 0.507), (10, 0.507), (11, 0.507), (12, 0.507), (13, 0.507), (14, 0.507), (15, 0.507), (16, 0.507), (17, 0.507), (18, 0.507), (19, 0.507), (20, 0.51), (21, 0.508), (22, 0.51), (23, 0.517), (24, 0.519), (25, 0.52), (26, 0.5195), (27, 0.525), (28, 0.5195), (29, 0.52), (30, 0.5195), (31, 0.5195), (32, 0.5195), (33, 0.5185), (34, 0.5145), (35, 0.512), (36, 0.5115), (37, 0.515), (38, 0.5195), (39, 0.5175), (40, 0.5185), (41, 0.5195), (42, 0.526), (43, 0.5285), (44, 0.5185), (45, 0.5195), (46, 0.5265), (47, 0.5295), (48, 0.537), (49, 0.5285), (50, 0.538)]}
