[2025-12-23 22:07:33,484][flwr][INFO] - Starting Flower simulation, config: ServerConfig(num_rounds=10, round_timeout=None)
[2025-12-23 22:07:39,112][flwr][INFO] - Flower VCE: Ray initialized with resources: {'CPU': 10.0, 'node:127.0.0.1': 1.0, 'memory': 11474534810.0, 'object_store_memory': 2147483648.0}
[2025-12-23 22:07:39,113][flwr][INFO] - Initializing global parameters
[2025-12-23 22:07:39,113][flwr][INFO] - Requesting initial parameters from one random client
[2025-12-23 22:07:41,384][flwr][INFO] - Received initial parameters from one random client
[2025-12-23 22:07:41,385][flwr][INFO] - Evaluating initial parameters
[2025-12-23 22:07:42,635][flwr][INFO] - initial parameters (loss, other metrics): 182.1417212486267, {'accuracy': 0.0948}
[2025-12-23 22:07:42,635][flwr][INFO] - FL starting
[2025-12-23 22:07:42,635][flwr][DEBUG] - fit_round 1: strategy sampled 10 clients (out of 100)
[2025-12-23 22:08:20,243][flwr][DEBUG] - fit_round 1 received 10 results and 0 failures
[2025-12-23 22:08:20,252][flwr][WARNING] - No fit_metrics_aggregation_fn provided
[2025-12-23 22:08:21,618][flwr][INFO] - fit progress: (1, 61.09149873256683, {'accuracy': 0.7805}, 38.98353262501769)
[2025-12-23 22:08:21,619][flwr][DEBUG] - evaluate_round 1: strategy sampled 100 clients (out of 100)
[2025-12-23 22:10:14,015][flwr][DEBUG] - evaluate_round 1 received 100 results and 0 failures
[2025-12-23 22:10:14,016][flwr][WARNING] - No evaluate_metrics_aggregation_fn provided
[2025-12-23 22:10:14,017][flwr][DEBUG] - fit_round 2: strategy sampled 10 clients (out of 100)
[2025-12-23 22:10:47,295][flwr][DEBUG] - fit_round 2 received 10 results and 0 failures
[2025-12-23 22:10:49,256][flwr][INFO] - fit progress: (2, 20.270292580127716, {'accuracy': 0.9252}, 186.62234512506984)
[2025-12-23 22:10:49,256][flwr][DEBUG] - evaluate_round 2: strategy sampled 100 clients (out of 100)
[2025-12-23 22:12:56,295][flwr][DEBUG] - evaluate_round 2 received 100 results and 0 failures
[2025-12-23 22:12:56,297][flwr][DEBUG] - fit_round 3: strategy sampled 10 clients (out of 100)
[2025-12-23 22:13:31,131][flwr][DEBUG] - fit_round 3 received 10 results and 0 failures
[2025-12-23 22:13:32,374][flwr][INFO] - fit progress: (3, 14.646947788307443, {'accuracy': 0.9443}, 349.7413905420108)
[2025-12-23 22:13:32,374][flwr][DEBUG] - evaluate_round 3: strategy sampled 100 clients (out of 100)
[2025-12-23 22:15:33,184][flwr][DEBUG] - evaluate_round 3 received 100 results and 0 failures
[2025-12-23 22:15:33,186][flwr][DEBUG] - fit_round 4: strategy sampled 10 clients (out of 100)
[2025-12-23 22:16:15,751][flwr][DEBUG] - fit_round 4 received 10 results and 0 failures
[2025-12-23 22:16:17,185][flwr][INFO] - fit progress: (4, 11.298651607474312, {'accuracy': 0.9563}, 514.5537291250657)
[2025-12-23 22:16:17,186][flwr][DEBUG] - evaluate_round 4: strategy sampled 100 clients (out of 100)
[2025-12-23 22:19:05,439][flwr][DEBUG] - evaluate_round 4 received 100 results and 0 failures
[2025-12-23 22:19:05,441][flwr][DEBUG] - fit_round 5: strategy sampled 10 clients (out of 100)
[2025-12-23 22:19:46,963][flwr][DEBUG] - fit_round 5 received 10 results and 0 failures
[2025-12-23 22:19:48,251][flwr][INFO] - fit progress: (5, 10.053791531303432, {'accuracy': 0.9607}, 725.621328709065)
[2025-12-23 22:19:48,252][flwr][DEBUG] - evaluate_round 5: strategy sampled 100 clients (out of 100)
[2025-12-23 22:22:23,493][flwr][DEBUG] - evaluate_round 5 received 100 results and 0 failures
[2025-12-23 22:22:23,494][flwr][DEBUG] - fit_round 6: strategy sampled 10 clients (out of 100)
[2025-12-23 22:23:06,277][flwr][DEBUG] - fit_round 6 received 10 results and 0 failures
[2025-12-23 22:23:07,629][flwr][INFO] - fit progress: (6, 8.95070030997158, {'accuracy': 0.9666}, 925.0009685000405)
[2025-12-23 22:23:07,630][flwr][DEBUG] - evaluate_round 6: strategy sampled 100 clients (out of 100)
[2025-12-23 22:25:18,717][flwr][DEBUG] - evaluate_round 6 received 100 results and 0 failures
[2025-12-23 22:25:18,719][flwr][DEBUG] - fit_round 7: strategy sampled 10 clients (out of 100)
[2025-12-23 22:26:04,962][flwr][DEBUG] - fit_round 7 received 10 results and 0 failures
[2025-12-23 22:26:06,323][flwr][INFO] - fit progress: (7, 7.751623462114367, {'accuracy': 0.9708}, 1103.696414334001)
[2025-12-23 22:26:06,324][flwr][DEBUG] - evaluate_round 7: strategy sampled 100 clients (out of 100)
[2025-12-23 22:29:01,735][flwr][DEBUG] - evaluate_round 7 received 100 results and 0 failures
[2025-12-23 22:29:01,737][flwr][DEBUG] - fit_round 8: strategy sampled 10 clients (out of 100)
[2025-12-23 22:29:42,189][flwr][DEBUG] - fit_round 8 received 10 results and 0 failures
[2025-12-23 22:29:43,464][flwr][INFO] - fit progress: (8, 7.67222179383316, {'accuracy': 0.9732}, 1320.8383014170686)
[2025-12-23 22:29:43,464][flwr][DEBUG] - evaluate_round 8: strategy sampled 100 clients (out of 100)
[2025-12-23 22:32:31,216][flwr][DEBUG] - evaluate_round 8 received 100 results and 0 failures
[2025-12-23 22:32:31,218][flwr][DEBUG] - fit_round 9: strategy sampled 10 clients (out of 100)
[2025-12-23 22:33:13,009][flwr][DEBUG] - fit_round 9 received 10 results and 0 failures
[2025-12-23 22:33:14,314][flwr][INFO] - fit progress: (9, 6.837356389587512, {'accuracy': 0.9744}, 1531.7406279999996)
[2025-12-23 22:33:14,315][flwr][DEBUG] - evaluate_round 9: strategy sampled 100 clients (out of 100)
[2025-12-23 22:35:49,512][flwr][DEBUG] - evaluate_round 9 received 100 results and 0 failures
[2025-12-23 22:35:49,514][flwr][DEBUG] - fit_round 10: strategy sampled 10 clients (out of 100)
[2025-12-23 22:36:35,549][flwr][DEBUG] - fit_round 10 received 10 results and 0 failures
[2025-12-23 22:36:36,881][flwr][INFO] - fit progress: (10, 6.612722309622768, {'accuracy': 0.9754}, 1734.3103370000608)
[2025-12-23 22:36:36,882][flwr][DEBUG] - evaluate_round 10: strategy sampled 100 clients (out of 100)
[2025-12-23 22:39:19,748][flwr][DEBUG] - evaluate_round 10 received 100 results and 0 failures
[2025-12-23 22:39:19,749][flwr][INFO] - FL finished in 1897.1801377499942
[2025-12-23 22:39:19,750][flwr][INFO] - app_fit: losses_distributed [(1, 2.3933432149887084), (2, 0.8349351854622364), (3, 0.5990624259598554), (4, 0.4977330861985683), (5, 0.4539047417161055), (6, 0.4013779138191603), (7, 0.3606313314649742), (8, 0.3373879396377015), (9, 0.30267007764137815), (10, 0.3088576453525457)]
[2025-12-23 22:39:19,750][flwr][INFO] - app_fit: metrics_distributed_fit {}
[2025-12-23 22:39:19,750][flwr][INFO] - app_fit: metrics_distributed {}
[2025-12-23 22:39:19,750][flwr][INFO] - app_fit: losses_centralized [(0, 182.1417212486267), (1, 61.09149873256683), (2, 20.270292580127716), (3, 14.646947788307443), (4, 11.298651607474312), (5, 10.053791531303432), (6, 8.95070030997158), (7, 7.751623462114367), (8, 7.67222179383316), (9, 6.837356389587512), (10, 6.612722309622768)]
[2025-12-23 22:39:19,750][flwr][INFO] - app_fit: metrics_centralized {'accuracy': [(0, 0.0948), (1, 0.7805), (2, 0.9252), (3, 0.9443), (4, 0.9563), (5, 0.9607), (6, 0.9666), (7, 0.9708), (8, 0.9732), (9, 0.9744), (10, 0.9754)]}
