[2026-01-23 03:02:00,102][flwr][INFO] - Starting Flower simulation, config: ServerConfig(num_rounds=50, round_timeout=None)
[2026-01-23 03:02:05,566][flwr][INFO] - Flower VCE: Ray initialized with resources: {'memory': 11644916532.0, 'CPU': 10.0, 'node:127.0.0.1': 1.0, 'object_store_memory': 2147483648.0}
[2026-01-23 03:02:05,567][flwr][INFO] - Initializing global parameters
[2026-01-23 03:02:05,567][flwr][INFO] - Requesting initial parameters from one random client
[2026-01-23 03:02:08,935][flwr][INFO] - Received initial parameters from one random client
[2026-01-23 03:02:08,935][flwr][INFO] - Evaluating initial parameters
[2026-01-23 03:02:09,805][flwr][INFO] - initial parameters (loss, other metrics): 675632512.0, {'rmse': 25992.931962362385, 'mae': 16746.556640625, 'r2': -4.378170490264893}
[2026-01-23 03:02:09,805][flwr][INFO] - FL starting
[2026-01-23 03:02:09,806][flwr][DEBUG] - fit_round 1: strategy sampled 6 clients (out of 12)
[2026-01-23 03:02:26,746][flwr][DEBUG] - fit_round 1 received 6 results and 0 failures
[2026-01-23 03:02:26,754][flwr][WARNING] - No fit_metrics_aggregation_fn provided
[2026-01-23 03:02:27,159][flwr][INFO] - fit progress: (1, 44879252.0, {'rmse': 6699.197862430994, 'mae': 4818.2724609375, 'r2': 0.6427521705627441}, 17.354233415971976)
[2026-01-23 03:02:27,160][flwr][DEBUG] - evaluate_round 1: strategy sampled 6 clients (out of 12)
[2026-01-23 03:02:27,464][flwr][DEBUG] - evaluate_round 1 received 6 results and 0 failures
[2026-01-23 03:02:27,464][flwr][WARNING] - No evaluate_metrics_aggregation_fn provided
[2026-01-23 03:02:27,465][flwr][DEBUG] - fit_round 2: strategy sampled 6 clients (out of 12)
[2026-01-23 03:02:39,949][flwr][DEBUG] - fit_round 2 received 6 results and 0 failures
[2026-01-23 03:02:40,333][flwr][INFO] - fit progress: (2, 37572780.0, {'rmse': 6129.663938585867, 'mae': 4377.04443359375, 'r2': 0.70091313123703}, 30.52731712500099)
[2026-01-23 03:02:40,333][flwr][DEBUG] - evaluate_round 2: strategy sampled 6 clients (out of 12)
[2026-01-23 03:02:40,623][flwr][DEBUG] - evaluate_round 2 received 6 results and 0 failures
[2026-01-23 03:02:40,624][flwr][DEBUG] - fit_round 3: strategy sampled 6 clients (out of 12)
[2026-01-23 03:02:52,562][flwr][DEBUG] - fit_round 3 received 6 results and 0 failures
[2026-01-23 03:02:52,952][flwr][INFO] - fit progress: (3, 26370422.0, {'rmse': 5135.213919594781, 'mae': 3664.489013671875, 'r2': 0.7900861501693726}, 43.14668579096906)
[2026-01-23 03:02:52,952][flwr][DEBUG] - evaluate_round 3: strategy sampled 6 clients (out of 12)
[2026-01-23 03:02:53,172][flwr][DEBUG] - evaluate_round 3 received 6 results and 0 failures
[2026-01-23 03:02:53,172][flwr][DEBUG] - fit_round 4: strategy sampled 6 clients (out of 12)
[2026-01-23 03:03:04,557][flwr][DEBUG] - fit_round 4 received 6 results and 0 failures
[2026-01-23 03:03:04,939][flwr][INFO] - fit progress: (4, 25699722.0, {'rmse': 5069.489323393433, 'mae': 3544.669677734375, 'r2': 0.7954250574111938}, 55.13369354099268)
[2026-01-23 03:03:04,940][flwr][DEBUG] - evaluate_round 4: strategy sampled 6 clients (out of 12)
[2026-01-23 03:03:05,045][flwr][DEBUG] - evaluate_round 4 received 6 results and 0 failures
[2026-01-23 03:03:05,046][flwr][DEBUG] - fit_round 5: strategy sampled 6 clients (out of 12)
[2026-01-23 03:03:17,698][flwr][DEBUG] - fit_round 5 received 6 results and 0 failures
[2026-01-23 03:03:18,121][flwr][INFO] - fit progress: (5, 23474072.0, {'rmse': 4845.0048503587695, 'mae': 3321.98388671875, 'r2': 0.8131417036056519}, 68.31499029096449)
[2026-01-23 03:03:18,121][flwr][DEBUG] - evaluate_round 5: strategy sampled 6 clients (out of 12)
[2026-01-23 03:03:18,231][flwr][DEBUG] - evaluate_round 5 received 6 results and 0 failures
[2026-01-23 03:03:18,232][flwr][DEBUG] - fit_round 6: strategy sampled 6 clients (out of 12)
[2026-01-23 03:03:25,705][flwr][DEBUG] - fit_round 6 received 6 results and 0 failures
[2026-01-23 03:03:26,113][flwr][INFO] - fit progress: (6, 27172680.0, {'rmse': 5212.742080709538, 'mae': 3482.965576171875, 'r2': 0.7836999893188477}, 76.30768049997278)
[2026-01-23 03:03:26,114][flwr][DEBUG] - evaluate_round 6: strategy sampled 6 clients (out of 12)
[2026-01-23 03:03:26,342][flwr][DEBUG] - evaluate_round 6 received 6 results and 0 failures
[2026-01-23 03:03:26,342][flwr][DEBUG] - fit_round 7: strategy sampled 6 clients (out of 12)
[2026-01-23 03:03:39,093][flwr][DEBUG] - fit_round 7 received 6 results and 0 failures
[2026-01-23 03:03:39,500][flwr][INFO] - fit progress: (7, 23382502.0, {'rmse': 4835.545677583865, 'mae': 3237.867919921875, 'r2': 0.8138706088066101}, 89.69452029099921)
[2026-01-23 03:03:39,501][flwr][DEBUG] - evaluate_round 7: strategy sampled 6 clients (out of 12)
[2026-01-23 03:03:39,841][flwr][DEBUG] - evaluate_round 7 received 6 results and 0 failures
[2026-01-23 03:03:39,842][flwr][DEBUG] - fit_round 8: strategy sampled 6 clients (out of 12)
[2026-01-23 03:03:51,738][flwr][DEBUG] - fit_round 8 received 6 results and 0 failures
[2026-01-23 03:03:52,176][flwr][INFO] - fit progress: (8, 30394524.0, {'rmse': 5513.122889978056, 'mae': 3540.513916015625, 'r2': 0.7580534815788269}, 102.3700724579976)
[2026-01-23 03:03:52,177][flwr][DEBUG] - evaluate_round 8: strategy sampled 6 clients (out of 12)
[2026-01-23 03:03:52,440][flwr][DEBUG] - evaluate_round 8 received 6 results and 0 failures
[2026-01-23 03:03:52,441][flwr][DEBUG] - fit_round 9: strategy sampled 6 clients (out of 12)
[2026-01-23 03:04:04,204][flwr][DEBUG] - fit_round 9 received 6 results and 0 failures
[2026-01-23 03:04:04,571][flwr][INFO] - fit progress: (9, 26753304.0, {'rmse': 5172.359616267995, 'mae': 3340.566162109375, 'r2': 0.7870383262634277}, 114.76493658300024)
[2026-01-23 03:04:04,571][flwr][DEBUG] - evaluate_round 9: strategy sampled 6 clients (out of 12)
[2026-01-23 03:04:04,661][flwr][DEBUG] - evaluate_round 9 received 6 results and 0 failures
[2026-01-23 03:04:04,662][flwr][DEBUG] - fit_round 10: strategy sampled 6 clients (out of 12)
[2026-01-23 03:04:17,296][flwr][DEBUG] - fit_round 10 received 6 results and 0 failures
[2026-01-23 03:04:17,695][flwr][INFO] - fit progress: (10, 25414748.0, {'rmse': 5041.304196336499, 'mae': 3264.29541015625, 'r2': 0.7976934909820557}, 127.88838079100242)
[2026-01-23 03:04:17,695][flwr][DEBUG] - evaluate_round 10: strategy sampled 6 clients (out of 12)
[2026-01-23 03:04:17,831][flwr][DEBUG] - evaluate_round 10 received 6 results and 0 failures
[2026-01-23 03:04:17,833][flwr][DEBUG] - fit_round 11: strategy sampled 6 clients (out of 12)
[2026-01-23 03:04:29,687][flwr][DEBUG] - fit_round 11 received 6 results and 0 failures
[2026-01-23 03:04:30,076][flwr][INFO] - fit progress: (11, 28460408.0, {'rmse': 5334.829706747911, 'mae': 3360.359619140625, 'r2': 0.7734494209289551}, 140.26945641596103)
[2026-01-23 03:04:30,076][flwr][DEBUG] - evaluate_round 11: strategy sampled 6 clients (out of 12)
[2026-01-23 03:04:30,287][flwr][DEBUG] - evaluate_round 11 received 6 results and 0 failures
[2026-01-23 03:04:30,288][flwr][DEBUG] - fit_round 12: strategy sampled 6 clients (out of 12)
[2026-01-23 03:04:42,295][flwr][DEBUG] - fit_round 12 received 6 results and 0 failures
[2026-01-23 03:04:42,697][flwr][INFO] - fit progress: (12, 28840116.0, {'rmse': 5370.2994329925405, 'mae': 3381.330078125, 'r2': 0.770426869392395}, 152.89055858296342)
[2026-01-23 03:04:42,698][flwr][DEBUG] - evaluate_round 12: strategy sampled 6 clients (out of 12)
[2026-01-23 03:04:42,855][flwr][DEBUG] - evaluate_round 12 received 6 results and 0 failures
[2026-01-23 03:04:42,856][flwr][DEBUG] - fit_round 13: strategy sampled 6 clients (out of 12)
[2026-01-23 03:04:54,450][flwr][DEBUG] - fit_round 13 received 6 results and 0 failures
[2026-01-23 03:04:54,833][flwr][INFO] - fit progress: (13, 23097458.0, {'rmse': 4805.981481445803, 'mae': 3112.839599609375, 'r2': 0.8161395788192749}, 165.0259532079799)
[2026-01-23 03:04:54,833][flwr][DEBUG] - evaluate_round 13: strategy sampled 6 clients (out of 12)
[2026-01-23 03:04:54,969][flwr][DEBUG] - evaluate_round 13 received 6 results and 0 failures
[2026-01-23 03:04:54,969][flwr][DEBUG] - fit_round 14: strategy sampled 6 clients (out of 12)
[2026-01-23 03:05:07,518][flwr][DEBUG] - fit_round 14 received 6 results and 0 failures
[2026-01-23 03:05:07,916][flwr][INFO] - fit progress: (14, 28770646.0, {'rmse': 5363.827551292081, 'mae': 3357.220947265625, 'r2': 0.7709798812866211}, 178.10937287495472)
[2026-01-23 03:05:07,917][flwr][DEBUG] - evaluate_round 14: strategy sampled 6 clients (out of 12)
[2026-01-23 03:05:08,121][flwr][DEBUG] - evaluate_round 14 received 6 results and 0 failures
[2026-01-23 03:05:08,122][flwr][DEBUG] - fit_round 15: strategy sampled 6 clients (out of 12)
[2026-01-23 03:05:16,162][flwr][DEBUG] - fit_round 15 received 6 results and 0 failures
[2026-01-23 03:05:16,558][flwr][INFO] - fit progress: (15, 36838480.0, {'rmse': 6069.471146648611, 'mae': 3700.115966796875, 'r2': 0.7067582607269287}, 186.75131291599246)
[2026-01-23 03:05:16,559][flwr][DEBUG] - evaluate_round 15: strategy sampled 6 clients (out of 12)
[2026-01-23 03:05:16,681][flwr][DEBUG] - evaluate_round 15 received 6 results and 0 failures
[2026-01-23 03:05:16,685][flwr][DEBUG] - fit_round 16: strategy sampled 6 clients (out of 12)
[2026-01-23 03:05:28,493][flwr][DEBUG] - fit_round 16 received 6 results and 0 failures
[2026-01-23 03:05:28,859][flwr][INFO] - fit progress: (16, 27763586.0, {'rmse': 5269.116244684681, 'mae': 3299.06298828125, 'r2': 0.7789962887763977}, 199.0517177080037)
[2026-01-23 03:05:28,859][flwr][DEBUG] - evaluate_round 16: strategy sampled 6 clients (out of 12)
[2026-01-23 03:05:28,963][flwr][DEBUG] - evaluate_round 16 received 6 results and 0 failures
[2026-01-23 03:05:28,964][flwr][DEBUG] - fit_round 17: strategy sampled 6 clients (out of 12)
[2026-01-23 03:05:40,422][flwr][DEBUG] - fit_round 17 received 6 results and 0 failures
[2026-01-23 03:05:40,792][flwr][INFO] - fit progress: (17, 21809214.0, {'rmse': 4670.033618722675, 'mae': 3004.20361328125, 'r2': 0.8263943195343018}, 210.98467429098673)
[2026-01-23 03:05:40,792][flwr][DEBUG] - evaluate_round 17: strategy sampled 6 clients (out of 12)
[2026-01-23 03:05:40,892][flwr][DEBUG] - evaluate_round 17 received 6 results and 0 failures
[2026-01-23 03:05:40,892][flwr][DEBUG] - fit_round 18: strategy sampled 6 clients (out of 12)
[2026-01-23 03:05:52,277][flwr][DEBUG] - fit_round 18 received 6 results and 0 failures
[2026-01-23 03:05:52,643][flwr][INFO] - fit progress: (18, 23598804.0, {'rmse': 4857.860022684886, 'mae': 3097.3076171875, 'r2': 0.8121488094329834}, 222.8358479999588)
[2026-01-23 03:05:52,643][flwr][DEBUG] - evaluate_round 18: strategy sampled 6 clients (out of 12)
[2026-01-23 03:05:52,756][flwr][DEBUG] - evaluate_round 18 received 6 results and 0 failures
[2026-01-23 03:05:52,756][flwr][DEBUG] - fit_round 19: strategy sampled 6 clients (out of 12)
[2026-01-23 03:06:04,269][flwr][DEBUG] - fit_round 19 received 6 results and 0 failures
[2026-01-23 03:06:04,631][flwr][INFO] - fit progress: (19, 22147760.0, {'rmse': 4706.140669380804, 'mae': 3014.24609375, 'r2': 0.8236993551254272}, 234.82353512500413)
[2026-01-23 03:06:04,631][flwr][DEBUG] - evaluate_round 19: strategy sampled 6 clients (out of 12)
[2026-01-23 03:06:04,854][flwr][DEBUG] - evaluate_round 19 received 6 results and 0 failures
[2026-01-23 03:06:04,854][flwr][DEBUG] - fit_round 20: strategy sampled 6 clients (out of 12)
[2026-01-23 03:06:16,880][flwr][DEBUG] - fit_round 20 received 6 results and 0 failures
[2026-01-23 03:06:17,268][flwr][INFO] - fit progress: (20, 26010526.0, {'rmse': 5100.051568366735, 'mae': 3181.570556640625, 'r2': 0.7929509878158569}, 247.46027208300075)
[2026-01-23 03:06:17,268][flwr][DEBUG] - evaluate_round 20: strategy sampled 6 clients (out of 12)
[2026-01-23 03:06:17,364][flwr][DEBUG] - evaluate_round 20 received 6 results and 0 failures
[2026-01-23 03:06:17,364][flwr][DEBUG] - fit_round 21: strategy sampled 6 clients (out of 12)
[2026-01-23 03:06:28,843][flwr][DEBUG] - fit_round 21 received 6 results and 0 failures
[2026-01-23 03:06:29,192][flwr][INFO] - fit progress: (21, 26465002.0, {'rmse': 5144.414641142372, 'mae': 3200.325927734375, 'r2': 0.7893332839012146}, 259.38442012498854)
[2026-01-23 03:06:29,192][flwr][DEBUG] - evaluate_round 21: strategy sampled 6 clients (out of 12)
[2026-01-23 03:06:29,291][flwr][DEBUG] - evaluate_round 21 received 6 results and 0 failures
[2026-01-23 03:06:29,292][flwr][DEBUG] - fit_round 22: strategy sampled 6 clients (out of 12)
[2026-01-23 03:06:41,014][flwr][DEBUG] - fit_round 22 received 6 results and 0 failures
[2026-01-23 03:06:41,413][flwr][INFO] - fit progress: (22, 19925312.0, {'rmse': 4463.777772246284, 'mae': 2862.260009765625, 'r2': 0.8413904905319214}, 271.6050184160122)
[2026-01-23 03:06:41,413][flwr][DEBUG] - evaluate_round 22: strategy sampled 6 clients (out of 12)
[2026-01-23 03:06:41,517][flwr][DEBUG] - evaluate_round 22 received 6 results and 0 failures
[2026-01-23 03:06:41,518][flwr][DEBUG] - fit_round 23: strategy sampled 6 clients (out of 12)
[2026-01-23 03:06:53,129][flwr][DEBUG] - fit_round 23 received 6 results and 0 failures
[2026-01-23 03:06:53,527][flwr][INFO] - fit progress: (23, 18283804.0, {'rmse': 4275.956501181929, 'mae': 2741.658447265625, 'r2': 0.8544572591781616}, 283.71880020800745)
[2026-01-23 03:06:53,527][flwr][DEBUG] - evaluate_round 23: strategy sampled 6 clients (out of 12)
[2026-01-23 03:06:53,639][flwr][DEBUG] - evaluate_round 23 received 6 results and 0 failures
[2026-01-23 03:06:53,640][flwr][DEBUG] - fit_round 24: strategy sampled 6 clients (out of 12)
[2026-01-23 03:07:05,998][flwr][DEBUG] - fit_round 24 received 6 results and 0 failures
[2026-01-23 03:07:06,388][flwr][INFO] - fit progress: (24, 25469916.0, {'rmse': 5046.772830235179, 'mae': 3109.547607421875, 'r2': 0.7972543835639954}, 296.5799061249709)
[2026-01-23 03:07:06,388][flwr][DEBUG] - evaluate_round 24: strategy sampled 6 clients (out of 12)
[2026-01-23 03:07:06,566][flwr][DEBUG] - evaluate_round 24 received 6 results and 0 failures
[2026-01-23 03:07:06,567][flwr][DEBUG] - fit_round 25: strategy sampled 6 clients (out of 12)
[2026-01-23 03:07:18,698][flwr][DEBUG] - fit_round 25 received 6 results and 0 failures
[2026-01-23 03:07:19,117][flwr][INFO] - fit progress: (25, 19172746.0, {'rmse': 4378.669432601644, 'mae': 2819.33056640625, 'r2': 0.8473811149597168}, 309.3091087079956)
[2026-01-23 03:07:19,118][flwr][DEBUG] - evaluate_round 25: strategy sampled 6 clients (out of 12)
[2026-01-23 03:07:19,257][flwr][DEBUG] - evaluate_round 25 received 6 results and 0 failures
[2026-01-23 03:07:19,258][flwr][DEBUG] - fit_round 26: strategy sampled 6 clients (out of 12)
[2026-01-23 03:07:31,163][flwr][DEBUG] - fit_round 26 received 6 results and 0 failures
[2026-01-23 03:07:31,524][flwr][INFO] - fit progress: (26, 20852996.0, {'rmse': 4566.508075105091, 'mae': 2888.18994140625, 'r2': 0.8340059518814087}, 321.71564949996537)
[2026-01-23 03:07:31,524][flwr][DEBUG] - evaluate_round 26: strategy sampled 6 clients (out of 12)
[2026-01-23 03:07:31,675][flwr][DEBUG] - evaluate_round 26 received 6 results and 0 failures
[2026-01-23 03:07:31,676][flwr][DEBUG] - fit_round 27: strategy sampled 6 clients (out of 12)
[2026-01-23 03:07:43,672][flwr][DEBUG] - fit_round 27 received 6 results and 0 failures
[2026-01-23 03:07:44,065][flwr][INFO] - fit progress: (27, 18994822.0, {'rmse': 4358.304945732916, 'mae': 2764.262451171875, 'r2': 0.8487974405288696}, 334.25682974996744)
[2026-01-23 03:07:44,066][flwr][DEBUG] - evaluate_round 27: strategy sampled 6 clients (out of 12)
[2026-01-23 03:07:44,235][flwr][DEBUG] - evaluate_round 27 received 6 results and 0 failures
[2026-01-23 03:07:44,235][flwr][DEBUG] - fit_round 28: strategy sampled 6 clients (out of 12)
[2026-01-23 03:07:55,877][flwr][DEBUG] - fit_round 28 received 6 results and 0 failures
[2026-01-23 03:07:56,255][flwr][INFO] - fit progress: (28, 17883426.0, {'rmse': 4228.879993568037, 'mae': 2706.08935546875, 'r2': 0.8576443195343018}, 346.44646045798436)
[2026-01-23 03:07:56,255][flwr][DEBUG] - evaluate_round 28: strategy sampled 6 clients (out of 12)
[2026-01-23 03:07:56,362][flwr][DEBUG] - evaluate_round 28 received 6 results and 0 failures
[2026-01-23 03:07:56,363][flwr][DEBUG] - fit_round 29: strategy sampled 6 clients (out of 12)
[2026-01-23 03:08:07,795][flwr][DEBUG] - fit_round 29 received 6 results and 0 failures
[2026-01-23 03:08:08,193][flwr][INFO] - fit progress: (29, 23951348.0, {'rmse': 4894.011442569377, 'mae': 3032.033203125, 'r2': 0.8093425035476685}, 358.3842150410055)
[2026-01-23 03:08:08,193][flwr][DEBUG] - evaluate_round 29: strategy sampled 6 clients (out of 12)
[2026-01-23 03:08:08,303][flwr][DEBUG] - evaluate_round 29 received 6 results and 0 failures
[2026-01-23 03:08:08,303][flwr][DEBUG] - fit_round 30: strategy sampled 6 clients (out of 12)
[2026-01-23 03:08:20,200][flwr][DEBUG] - fit_round 30 received 6 results and 0 failures
[2026-01-23 03:08:20,568][flwr][INFO] - fit progress: (30, 22409170.0, {'rmse': 4733.832485418131, 'mae': 2939.8369140625, 'r2': 0.8216184973716736}, 370.7570185000077)
[2026-01-23 03:08:20,568][flwr][DEBUG] - evaluate_round 30: strategy sampled 6 clients (out of 12)
[2026-01-23 03:08:20,679][flwr][DEBUG] - evaluate_round 30 received 6 results and 0 failures
[2026-01-23 03:08:20,680][flwr][DEBUG] - fit_round 31: strategy sampled 6 clients (out of 12)
[2026-01-23 03:08:32,434][flwr][DEBUG] - fit_round 31 received 6 results and 0 failures
[2026-01-23 03:08:32,804][flwr][INFO] - fit progress: (31, 20659138.0, {'rmse': 4545.232447301238, 'mae': 2847.81103515625, 'r2': 0.8355491161346436}, 382.9906963329995)
[2026-01-23 03:08:32,804][flwr][DEBUG] - evaluate_round 31: strategy sampled 6 clients (out of 12)
[2026-01-23 03:08:32,912][flwr][DEBUG] - evaluate_round 31 received 6 results and 0 failures
[2026-01-23 03:08:32,912][flwr][DEBUG] - fit_round 32: strategy sampled 6 clients (out of 12)
[2026-01-23 03:08:44,387][flwr][DEBUG] - fit_round 32 received 6 results and 0 failures
[2026-01-23 03:08:44,748][flwr][INFO] - fit progress: (32, 24329806.0, {'rmse': 4932.525316711512, 'mae': 3022.7099609375, 'r2': 0.8063298463821411}, 394.9328948329785)
[2026-01-23 03:08:44,748][flwr][DEBUG] - evaluate_round 32: strategy sampled 6 clients (out of 12)
[2026-01-23 03:08:44,844][flwr][DEBUG] - evaluate_round 32 received 6 results and 0 failures
[2026-01-23 03:08:44,845][flwr][DEBUG] - fit_round 33: strategy sampled 6 clients (out of 12)
[2026-01-23 03:08:56,434][flwr][DEBUG] - fit_round 33 received 6 results and 0 failures
[2026-01-23 03:08:56,790][flwr][INFO] - fit progress: (33, 23190470.0, {'rmse': 4815.648450624277, 'mae': 2967.892578125, 'r2': 0.815399169921875}, 406.97402545798104)
[2026-01-23 03:08:56,790][flwr][DEBUG] - evaluate_round 33: strategy sampled 6 clients (out of 12)
[2026-01-23 03:08:56,889][flwr][DEBUG] - evaluate_round 33 received 6 results and 0 failures
[2026-01-23 03:08:56,890][flwr][DEBUG] - fit_round 34: strategy sampled 6 clients (out of 12)
[2026-01-23 03:09:08,480][flwr][DEBUG] - fit_round 34 received 6 results and 0 failures
[2026-01-23 03:09:08,875][flwr][INFO] - fit progress: (34, 30054672.0, {'rmse': 5482.214151234883, 'mae': 3297.94140625, 'r2': 0.7607587575912476}, 419.05916587496176)
[2026-01-23 03:09:08,875][flwr][DEBUG] - evaluate_round 34: strategy sampled 6 clients (out of 12)
[2026-01-23 03:09:09,021][flwr][DEBUG] - evaluate_round 34 received 6 results and 0 failures
[2026-01-23 03:09:09,022][flwr][DEBUG] - fit_round 35: strategy sampled 6 clients (out of 12)
[2026-01-23 03:09:21,027][flwr][DEBUG] - fit_round 35 received 6 results and 0 failures
[2026-01-23 03:09:21,467][flwr][INFO] - fit progress: (35, 26183082.0, {'rmse': 5116.940687559316, 'mae': 3119.443603515625, 'r2': 0.7915773987770081}, 431.6505077079637)
[2026-01-23 03:09:21,467][flwr][DEBUG] - evaluate_round 35: strategy sampled 6 clients (out of 12)
[2026-01-23 03:09:21,689][flwr][DEBUG] - evaluate_round 35 received 6 results and 0 failures
[2026-01-23 03:09:21,694][flwr][DEBUG] - fit_round 36: strategy sampled 6 clients (out of 12)
[2026-01-23 03:09:33,367][flwr][DEBUG] - fit_round 36 received 6 results and 0 failures
[2026-01-23 03:09:33,748][flwr][INFO] - fit progress: (36, 18890152.0, {'rmse': 4346.28024867242, 'mae': 2734.65869140625, 'r2': 0.84963059425354}, 443.9312814580044)
[2026-01-23 03:09:33,748][flwr][DEBUG] - evaluate_round 36: strategy sampled 6 clients (out of 12)
[2026-01-23 03:09:33,844][flwr][DEBUG] - evaluate_round 36 received 6 results and 0 failures
[2026-01-23 03:09:33,844][flwr][DEBUG] - fit_round 37: strategy sampled 6 clients (out of 12)
[2026-01-23 03:09:45,419][flwr][DEBUG] - fit_round 37 received 6 results and 0 failures
[2026-01-23 03:09:45,800][flwr][INFO] - fit progress: (37, 25566704.0, {'rmse': 5056.352835789844, 'mae': 3050.58447265625, 'r2': 0.7964838743209839}, 455.98314612498507)
[2026-01-23 03:09:45,800][flwr][DEBUG] - evaluate_round 37: strategy sampled 6 clients (out of 12)
[2026-01-23 03:09:45,923][flwr][DEBUG] - evaluate_round 37 received 6 results and 0 failures
[2026-01-23 03:09:45,924][flwr][DEBUG] - fit_round 38: strategy sampled 6 clients (out of 12)
[2026-01-23 03:09:57,697][flwr][DEBUG] - fit_round 38 received 6 results and 0 failures
[2026-01-23 03:09:58,086][flwr][INFO] - fit progress: (38, 17903072.0, {'rmse': 4231.202193230666, 'mae': 2672.427490234375, 'r2': 0.8574879765510559}, 468.26955854101107)
[2026-01-23 03:09:58,087][flwr][DEBUG] - evaluate_round 38: strategy sampled 6 clients (out of 12)
[2026-01-23 03:09:58,207][flwr][DEBUG] - evaluate_round 38 received 6 results and 0 failures
[2026-01-23 03:09:58,207][flwr][DEBUG] - fit_round 39: strategy sampled 6 clients (out of 12)
[2026-01-23 03:10:09,810][flwr][DEBUG] - fit_round 39 received 6 results and 0 failures
[2026-01-23 03:10:10,200][flwr][INFO] - fit progress: (39, 20732792.0, {'rmse': 4553.327574422908, 'mae': 2841.258544921875, 'r2': 0.8349628448486328}, 480.382628790976)
[2026-01-23 03:10:10,200][flwr][DEBUG] - evaluate_round 39: strategy sampled 6 clients (out of 12)
[2026-01-23 03:10:10,299][flwr][DEBUG] - evaluate_round 39 received 6 results and 0 failures
[2026-01-23 03:10:10,300][flwr][DEBUG] - fit_round 40: strategy sampled 6 clients (out of 12)
[2026-01-23 03:10:22,044][flwr][DEBUG] - fit_round 40 received 6 results and 0 failures
[2026-01-23 03:10:22,475][flwr][INFO] - fit progress: (40, 19055558.0, {'rmse': 4365.267231224224, 'mae': 2734.00732421875, 'r2': 0.8483139276504517}, 492.6581102499622)
[2026-01-23 03:10:22,475][flwr][DEBUG] - evaluate_round 40: strategy sampled 6 clients (out of 12)
[2026-01-23 03:10:22,590][flwr][DEBUG] - evaluate_round 40 received 6 results and 0 failures
[2026-01-23 03:10:22,591][flwr][DEBUG] - fit_round 41: strategy sampled 6 clients (out of 12)
[2026-01-23 03:10:34,405][flwr][DEBUG] - fit_round 41 received 6 results and 0 failures
[2026-01-23 03:10:34,779][flwr][INFO] - fit progress: (41, 17149242.0, {'rmse': 4141.164329026318, 'mae': 2585.4482421875, 'r2': 0.8634886145591736}, 504.9615029579727)
[2026-01-23 03:10:34,779][flwr][DEBUG] - evaluate_round 41: strategy sampled 6 clients (out of 12)
[2026-01-23 03:10:34,875][flwr][DEBUG] - evaluate_round 41 received 6 results and 0 failures
[2026-01-23 03:10:34,875][flwr][DEBUG] - fit_round 42: strategy sampled 6 clients (out of 12)
[2026-01-23 03:10:42,271][flwr][DEBUG] - fit_round 42 received 6 results and 0 failures
[2026-01-23 03:10:42,642][flwr][INFO] - fit progress: (42, 24490404.0, {'rmse': 4948.778030989064, 'mae': 2961.341064453125, 'r2': 0.8050514459609985}, 512.8249931659666)
[2026-01-23 03:10:42,643][flwr][DEBUG] - evaluate_round 42: strategy sampled 6 clients (out of 12)
[2026-01-23 03:10:42,738][flwr][DEBUG] - evaluate_round 42 received 6 results and 0 failures
[2026-01-23 03:10:42,739][flwr][DEBUG] - fit_round 43: strategy sampled 6 clients (out of 12)
[2026-01-23 03:10:54,109][flwr][DEBUG] - fit_round 43 received 6 results and 0 failures
[2026-01-23 03:10:54,512][flwr][INFO] - fit progress: (43, 19477172.0, {'rmse': 4413.294914233582, 'mae': 2754.567138671875, 'r2': 0.8449578285217285}, 524.6944133329671)
[2026-01-23 03:10:54,512][flwr][DEBUG] - evaluate_round 43: strategy sampled 6 clients (out of 12)
[2026-01-23 03:10:54,677][flwr][DEBUG] - evaluate_round 43 received 6 results and 0 failures
[2026-01-23 03:10:54,678][flwr][DEBUG] - fit_round 44: strategy sampled 6 clients (out of 12)
[2026-01-23 03:11:06,408][flwr][DEBUG] - fit_round 44 received 6 results and 0 failures
[2026-01-23 03:11:06,777][flwr][INFO] - fit progress: (44, 20395586.0, {'rmse': 4516.147251806567, 'mae': 2781.048828125, 'r2': 0.8376470804214478}, 536.9592346249847)
[2026-01-23 03:11:06,777][flwr][DEBUG] - evaluate_round 44: strategy sampled 6 clients (out of 12)
[2026-01-23 03:11:06,888][flwr][DEBUG] - evaluate_round 44 received 6 results and 0 failures
[2026-01-23 03:11:06,889][flwr][DEBUG] - fit_round 45: strategy sampled 6 clients (out of 12)
[2026-01-23 03:11:18,889][flwr][DEBUG] - fit_round 45 received 6 results and 0 failures
[2026-01-23 03:11:19,296][flwr][INFO] - fit progress: (45, 15548932.0, {'rmse': 3943.213410405275, 'mae': 2461.29248046875, 'r2': 0.8762273788452148}, 549.4786383329774)
[2026-01-23 03:11:19,297][flwr][DEBUG] - evaluate_round 45: strategy sampled 6 clients (out of 12)
[2026-01-23 03:11:19,416][flwr][DEBUG] - evaluate_round 45 received 6 results and 0 failures
[2026-01-23 03:11:19,416][flwr][DEBUG] - fit_round 46: strategy sampled 6 clients (out of 12)
[2026-01-23 03:11:30,877][flwr][DEBUG] - fit_round 46 received 6 results and 0 failures
[2026-01-23 03:11:31,242][flwr][INFO] - fit progress: (46, 22900424.0, {'rmse': 4785.438746865328, 'mae': 2890.699462890625, 'r2': 0.8177080154418945}, 561.4240701249801)
[2026-01-23 03:11:31,242][flwr][DEBUG] - evaluate_round 46: strategy sampled 6 clients (out of 12)
[2026-01-23 03:11:31,343][flwr][DEBUG] - evaluate_round 46 received 6 results and 0 failures
[2026-01-23 03:11:31,344][flwr][DEBUG] - fit_round 47: strategy sampled 6 clients (out of 12)
[2026-01-23 03:11:38,855][flwr][DEBUG] - fit_round 47 received 6 results and 0 failures
[2026-01-23 03:11:39,256][flwr][INFO] - fit progress: (47, 22561776.0, {'rmse': 4749.923788862301, 'mae': 2860.456787109375, 'r2': 0.8204037547111511}, 569.4380902909907)
[2026-01-23 03:11:39,256][flwr][DEBUG] - evaluate_round 47: strategy sampled 6 clients (out of 12)
[2026-01-23 03:11:39,404][flwr][DEBUG] - evaluate_round 47 received 6 results and 0 failures
[2026-01-23 03:11:39,404][flwr][DEBUG] - fit_round 48: strategy sampled 6 clients (out of 12)
[2026-01-23 03:11:46,828][flwr][DEBUG] - fit_round 48 received 6 results and 0 failures
[2026-01-23 03:11:47,200][flwr][INFO] - fit progress: (48, 21764874.0, {'rmse': 4665.283914190003, 'mae': 2798.47265625, 'r2': 0.8267472386360168}, 577.3822300829925)
[2026-01-23 03:11:47,201][flwr][DEBUG] - evaluate_round 48: strategy sampled 6 clients (out of 12)
[2026-01-23 03:11:47,324][flwr][DEBUG] - evaluate_round 48 received 6 results and 0 failures
[2026-01-23 03:11:47,325][flwr][DEBUG] - fit_round 49: strategy sampled 6 clients (out of 12)
[2026-01-23 03:11:58,905][flwr][DEBUG] - fit_round 49 received 6 results and 0 failures
[2026-01-23 03:11:59,306][flwr][INFO] - fit progress: (49, 19195940.0, {'rmse': 4381.317153550973, 'mae': 2695.110107421875, 'r2': 0.8471964597702026}, 589.4881932910066)
[2026-01-23 03:11:59,307][flwr][DEBUG] - evaluate_round 49: strategy sampled 6 clients (out of 12)
[2026-01-23 03:11:59,417][flwr][DEBUG] - evaluate_round 49 received 6 results and 0 failures
[2026-01-23 03:11:59,418][flwr][DEBUG] - fit_round 50: strategy sampled 6 clients (out of 12)
[2026-01-23 03:12:11,666][flwr][DEBUG] - fit_round 50 received 6 results and 0 failures
[2026-01-23 03:12:12,079][flwr][INFO] - fit progress: (50, 18791392.0, {'rmse': 4334.903920503891, 'mae': 2722.095947265625, 'r2': 0.8504167795181274}, 602.260761832993)
[2026-01-23 03:12:12,079][flwr][DEBUG] - evaluate_round 50: strategy sampled 6 clients (out of 12)
[2026-01-23 03:12:12,272][flwr][DEBUG] - evaluate_round 50 received 6 results and 0 failures
[2026-01-23 03:12:12,272][flwr][INFO] - FL finished in 602.453661083011
[2026-01-23 03:12:12,273][flwr][INFO] - app_fit: losses_distributed [(1, 48381655.01231527), (2, 35843903.4671126), (3, 27966270.68861712), (4, 24576361.00509684), (5, 26336719.39955357), (6, 29034379.4922049), (7, 31062004.275522754), (8, 34796158.033878505), (9, 27890846.536945812), (10, 25860033.546875), (11, 37676602.45327103), (12, 25634146.602345414), (13, 27079315.381773397), (14, 38417656.57593458), (15, 46181910.33605601), (16, 21992452.042563602), (17, 25780262.16336056), (18, 26768615.23445464), (19, 20099171.06962025), (20, 28903971.20233463), (21, 21283026.506937034), (22, 26325157.5), (23, 24513171.507246375), (24, 22787895.70372184), (25, 20509271.39408867), (26, 19942421.274951078), (27, 21562775.73995536), (28, 13911307.56146469), (29, 26013450.828125), (30, 19993178.995689657), (31, 22679180.063345633), (32, 24253623.740061164), (33, 25411643.941348974), (34, 42754507.20653442), (35, 24657989.370233703), (36, 19225129.92857143), (37, 25484301.259061832), (38, 22579679.782963827), (39, 22775624.15311804), (40, 18675423.668229777), (41, 17231383.568265684), (42, 25298336.102564104), (43, 19895530.93788438), (44, 19087213.081643544), (45, 17248086.58411215), (46, 24597242.641182467), (47, 26780824.520897042), (48, 21131767.349005423), (49, 26700591.636010364), (50, 24710560.06865285)]
[2026-01-23 03:12:12,273][flwr][INFO] - app_fit: metrics_distributed_fit {}
[2026-01-23 03:12:12,273][flwr][INFO] - app_fit: metrics_distributed {}
[2026-01-23 03:12:12,273][flwr][INFO] - app_fit: losses_centralized [(0, 675632512.0), (1, 44879252.0), (2, 37572780.0), (3, 26370422.0), (4, 25699722.0), (5, 23474072.0), (6, 27172680.0), (7, 23382502.0), (8, 30394524.0), (9, 26753304.0), (10, 25414748.0), (11, 28460408.0), (12, 28840116.0), (13, 23097458.0), (14, 28770646.0), (15, 36838480.0), (16, 27763586.0), (17, 21809214.0), (18, 23598804.0), (19, 22147760.0), (20, 26010526.0), (21, 26465002.0), (22, 19925312.0), (23, 18283804.0), (24, 25469916.0), (25, 19172746.0), (26, 20852996.0), (27, 18994822.0), (28, 17883426.0), (29, 23951348.0), (30, 22409170.0), (31, 20659138.0), (32, 24329806.0), (33, 23190470.0), (34, 30054672.0), (35, 26183082.0), (36, 18890152.0), (37, 25566704.0), (38, 17903072.0), (39, 20732792.0), (40, 19055558.0), (41, 17149242.0), (42, 24490404.0), (43, 19477172.0), (44, 20395586.0), (45, 15548932.0), (46, 22900424.0), (47, 22561776.0), (48, 21764874.0), (49, 19195940.0), (50, 18791392.0)]
[2026-01-23 03:12:12,273][flwr][INFO] - app_fit: metrics_centralized {'rmse': [(0, 25992.931962362385), (1, 6699.197862430994), (2, 6129.663938585867), (3, 5135.213919594781), (4, 5069.489323393433), (5, 4845.0048503587695), (6, 5212.742080709538), (7, 4835.545677583865), (8, 5513.122889978056), (9, 5172.359616267995), (10, 5041.304196336499), (11, 5334.829706747911), (12, 5370.2994329925405), (13, 4805.981481445803), (14, 5363.827551292081), (15, 6069.471146648611), (16, 5269.116244684681), (17, 4670.033618722675), (18, 4857.860022684886), (19, 4706.140669380804), (20, 5100.051568366735), (21, 5144.414641142372), (22, 4463.777772246284), (23, 4275.956501181929), (24, 5046.772830235179), (25, 4378.669432601644), (26, 4566.508075105091), (27, 4358.304945732916), (28, 4228.879993568037), (29, 4894.011442569377), (30, 4733.832485418131), (31, 4545.232447301238), (32, 4932.525316711512), (33, 4815.648450624277), (34, 5482.214151234883), (35, 5116.940687559316), (36, 4346.28024867242), (37, 5056.352835789844), (38, 4231.202193230666), (39, 4553.327574422908), (40, 4365.267231224224), (41, 4141.164329026318), (42, 4948.778030989064), (43, 4413.294914233582), (44, 4516.147251806567), (45, 3943.213410405275), (46, 4785.438746865328), (47, 4749.923788862301), (48, 4665.283914190003), (49, 4381.317153550973), (50, 4334.903920503891)], 'mae': [(0, 16746.556640625), (1, 4818.2724609375), (2, 4377.04443359375), (3, 3664.489013671875), (4, 3544.669677734375), (5, 3321.98388671875), (6, 3482.965576171875), (7, 3237.867919921875), (8, 3540.513916015625), (9, 3340.566162109375), (10, 3264.29541015625), (11, 3360.359619140625), (12, 3381.330078125), (13, 3112.839599609375), (14, 3357.220947265625), (15, 3700.115966796875), (16, 3299.06298828125), (17, 3004.20361328125), (18, 3097.3076171875), (19, 3014.24609375), (20, 3181.570556640625), (21, 3200.325927734375), (22, 2862.260009765625), (23, 2741.658447265625), (24, 3109.547607421875), (25, 2819.33056640625), (26, 2888.18994140625), (27, 2764.262451171875), (28, 2706.08935546875), (29, 3032.033203125), (30, 2939.8369140625), (31, 2847.81103515625), (32, 3022.7099609375), (33, 2967.892578125), (34, 3297.94140625), (35, 3119.443603515625), (36, 2734.65869140625), (37, 3050.58447265625), (38, 2672.427490234375), (39, 2841.258544921875), (40, 2734.00732421875), (41, 2585.4482421875), (42, 2961.341064453125), (43, 2754.567138671875), (44, 2781.048828125), (45, 2461.29248046875), (46, 2890.699462890625), (47, 2860.456787109375), (48, 2798.47265625), (49, 2695.110107421875), (50, 2722.095947265625)], 'r2': [(0, -4.378170490264893), (1, 0.6427521705627441), (2, 0.70091313123703), (3, 0.7900861501693726), (4, 0.7954250574111938), (5, 0.8131417036056519), (6, 0.7836999893188477), (7, 0.8138706088066101), (8, 0.7580534815788269), (9, 0.7870383262634277), (10, 0.7976934909820557), (11, 0.7734494209289551), (12, 0.770426869392395), (13, 0.8161395788192749), (14, 0.7709798812866211), (15, 0.7067582607269287), (16, 0.7789962887763977), (17, 0.8263943195343018), (18, 0.8121488094329834), (19, 0.8236993551254272), (20, 0.7929509878158569), (21, 0.7893332839012146), (22, 0.8413904905319214), (23, 0.8544572591781616), (24, 0.7972543835639954), (25, 0.8473811149597168), (26, 0.8340059518814087), (27, 0.8487974405288696), (28, 0.8576443195343018), (29, 0.8093425035476685), (30, 0.8216184973716736), (31, 0.8355491161346436), (32, 0.8063298463821411), (33, 0.815399169921875), (34, 0.7607587575912476), (35, 0.7915773987770081), (36, 0.84963059425354), (37, 0.7964838743209839), (38, 0.8574879765510559), (39, 0.8349628448486328), (40, 0.8483139276504517), (41, 0.8634886145591736), (42, 0.8050514459609985), (43, 0.8449578285217285), (44, 0.8376470804214478), (45, 0.8762273788452148), (46, 0.8177080154418945), (47, 0.8204037547111511), (48, 0.8267472386360168), (49, 0.8471964597702026), (50, 0.8504167795181274)]}
[2026-01-23 03:12:12,275][flwr][INFO] - Starting Flower simulation, config: ServerConfig(num_rounds=50, round_timeout=None)
[2026-01-23 03:12:18,851][flwr][INFO] - Flower VCE: Ray initialized with resources: {'node:127.0.0.1': 1.0, 'memory': 12179938509.0, 'CPU': 10.0, 'object_store_memory': 2147483648.0}
[2026-01-23 03:12:18,852][flwr][INFO] - Initializing global parameters
[2026-01-23 03:12:18,852][flwr][INFO] - Requesting initial parameters from one random client
[2026-01-23 03:12:22,690][flwr][INFO] - Received initial parameters from one random client
[2026-01-23 03:12:22,690][flwr][INFO] - Evaluating initial parameters
[2026-01-23 03:12:23,052][flwr][INFO] - initial parameters (loss, other metrics): 230974000.0, {'rmse': 15197.82879229793, 'mae': 10860.669921875, 'r2': -0.8385993242263794}
[2026-01-23 03:12:23,053][flwr][INFO] - FL starting
[2026-01-23 03:12:23,053][flwr][DEBUG] - fit_round 1: strategy sampled 6 clients (out of 12)
[2026-01-23 03:12:39,853][flwr][DEBUG] - fit_round 1 received 6 results and 0 failures
[2026-01-23 03:12:39,861][flwr][WARNING] - No fit_metrics_aggregation_fn provided
[2026-01-23 03:12:40,289][flwr][INFO] - fit progress: (1, 43195580.0, {'rmse': 6572.334440668704, 'mae': 4522.52392578125, 'r2': 0.6561545133590698}, 17.23656987497816)
[2026-01-23 03:12:40,290][flwr][DEBUG] - evaluate_round 1: strategy sampled 6 clients (out of 12)
[2026-01-23 03:12:40,652][flwr][DEBUG] - evaluate_round 1 received 6 results and 0 failures
[2026-01-23 03:12:40,653][flwr][WARNING] - No evaluate_metrics_aggregation_fn provided
[2026-01-23 03:12:40,653][flwr][DEBUG] - fit_round 2: strategy sampled 6 clients (out of 12)
[2026-01-23 03:12:52,338][flwr][DEBUG] - fit_round 2 received 6 results and 0 failures
[2026-01-23 03:12:52,699][flwr][INFO] - fit progress: (2, 44931064.0, {'rmse': 6703.063777109688, 'mae': 4409.333984375, 'r2': 0.6423397064208984}, 29.645784207968973)
[2026-01-23 03:12:52,699][flwr][DEBUG] - evaluate_round 2: strategy sampled 6 clients (out of 12)
[2026-01-23 03:12:52,923][flwr][DEBUG] - evaluate_round 2 received 6 results and 0 failures
[2026-01-23 03:12:52,923][flwr][DEBUG] - fit_round 3: strategy sampled 6 clients (out of 12)
[2026-01-23 03:13:04,385][flwr][DEBUG] - fit_round 3 received 6 results and 0 failures
[2026-01-23 03:13:04,743][flwr][INFO] - fit progress: (3, 33983656.0, {'rmse': 5829.550239941328, 'mae': 3900.2958984375, 'r2': 0.7294832468032837}, 41.689807416987605)
[2026-01-23 03:13:04,743][flwr][DEBUG] - evaluate_round 3: strategy sampled 6 clients (out of 12)
[2026-01-23 03:13:04,966][flwr][DEBUG] - evaluate_round 3 received 6 results and 0 failures
[2026-01-23 03:13:04,966][flwr][DEBUG] - fit_round 4: strategy sampled 6 clients (out of 12)
[2026-01-23 03:13:17,247][flwr][DEBUG] - fit_round 4 received 6 results and 0 failures
[2026-01-23 03:13:17,630][flwr][INFO] - fit progress: (4, 28816586.0, {'rmse': 5368.108232888007, 'mae': 3620.169189453125, 'r2': 0.7706142067909241}, 54.57663970795693)
[2026-01-23 03:13:17,630][flwr][DEBUG] - evaluate_round 4: strategy sampled 6 clients (out of 12)
[2026-01-23 03:13:17,878][flwr][DEBUG] - evaluate_round 4 received 6 results and 0 failures
[2026-01-23 03:13:17,879][flwr][DEBUG] - fit_round 5: strategy sampled 6 clients (out of 12)
[2026-01-23 03:13:29,720][flwr][DEBUG] - fit_round 5 received 6 results and 0 failures
[2026-01-23 03:13:30,108][flwr][INFO] - fit progress: (5, 28836916.0, {'rmse': 5370.0014897577075, 'mae': 3532.713134765625, 'r2': 0.7704523801803589}, 67.05401529197115)
[2026-01-23 03:13:30,108][flwr][DEBUG] - evaluate_round 5: strategy sampled 6 clients (out of 12)
[2026-01-23 03:13:30,322][flwr][DEBUG] - evaluate_round 5 received 6 results and 0 failures
[2026-01-23 03:13:30,322][flwr][DEBUG] - fit_round 6: strategy sampled 6 clients (out of 12)
[2026-01-23 03:13:42,184][flwr][DEBUG] - fit_round 6 received 6 results and 0 failures
[2026-01-23 03:13:42,579][flwr][INFO] - fit progress: (6, 32106528.0, {'rmse': 5666.26226007939, 'mae': 3592.006591796875, 'r2': 0.7444255948066711}, 79.52501662500435)
[2026-01-23 03:13:42,579][flwr][DEBUG] - evaluate_round 6: strategy sampled 6 clients (out of 12)
[2026-01-23 03:13:42,817][flwr][DEBUG] - evaluate_round 6 received 6 results and 0 failures
[2026-01-23 03:13:42,818][flwr][DEBUG] - fit_round 7: strategy sampled 6 clients (out of 12)
[2026-01-23 03:13:55,011][flwr][DEBUG] - fit_round 7 received 6 results and 0 failures
[2026-01-23 03:13:55,397][flwr][INFO] - fit progress: (7, 25086890.0, {'rmse': 5008.6814632196365, 'mae': 3259.80859375, 'r2': 0.8003033399581909}, 92.34277866699267)
[2026-01-23 03:13:55,397][flwr][DEBUG] - evaluate_round 7: strategy sampled 6 clients (out of 12)
[2026-01-23 03:13:55,503][flwr][DEBUG] - evaluate_round 7 received 6 results and 0 failures
[2026-01-23 03:13:55,503][flwr][DEBUG] - fit_round 8: strategy sampled 6 clients (out of 12)
[2026-01-23 03:14:07,288][flwr][DEBUG] - fit_round 8 received 6 results and 0 failures
[2026-01-23 03:14:07,652][flwr][INFO] - fit progress: (8, 28162490.0, {'rmse': 5306.834272897544, 'mae': 3369.406494140625, 'r2': 0.7758209109306335}, 104.59855691698613)
[2026-01-23 03:14:07,653][flwr][DEBUG] - evaluate_round 8: strategy sampled 6 clients (out of 12)
[2026-01-23 03:14:07,760][flwr][DEBUG] - evaluate_round 8 received 6 results and 0 failures
[2026-01-23 03:14:07,760][flwr][DEBUG] - fit_round 9: strategy sampled 6 clients (out of 12)
[2026-01-23 03:14:19,353][flwr][DEBUG] - fit_round 9 received 6 results and 0 failures
[2026-01-23 03:14:19,720][flwr][INFO] - fit progress: (9, 29056660.0, {'rmse': 5390.422988968491, 'mae': 3351.9423828125, 'r2': 0.7687031626701355}, 116.66588445799425)
[2026-01-23 03:14:19,720][flwr][DEBUG] - evaluate_round 9: strategy sampled 6 clients (out of 12)
[2026-01-23 03:14:19,830][flwr][DEBUG] - evaluate_round 9 received 6 results and 0 failures
[2026-01-23 03:14:19,830][flwr][DEBUG] - fit_round 10: strategy sampled 6 clients (out of 12)
[2026-01-23 03:14:31,897][flwr][DEBUG] - fit_round 10 received 6 results and 0 failures
[2026-01-23 03:14:32,328][flwr][INFO] - fit progress: (10, 23824274.0, {'rmse': 4881.011575483099, 'mae': 3185.18896484375, 'r2': 0.8103539943695068}, 129.2735719999764)
[2026-01-23 03:14:32,328][flwr][DEBUG] - evaluate_round 10: strategy sampled 6 clients (out of 12)
[2026-01-23 03:14:32,691][flwr][DEBUG] - evaluate_round 10 received 6 results and 0 failures
[2026-01-23 03:14:32,692][flwr][DEBUG] - fit_round 11: strategy sampled 6 clients (out of 12)
[2026-01-23 03:14:44,802][flwr][DEBUG] - fit_round 11 received 6 results and 0 failures
[2026-01-23 03:14:45,223][flwr][INFO] - fit progress: (11, 26603732.0, {'rmse': 5157.880572483236, 'mae': 3258.284423828125, 'r2': 0.7882289290428162}, 142.16839145799167)
[2026-01-23 03:14:45,223][flwr][DEBUG] - evaluate_round 11: strategy sampled 6 clients (out of 12)
[2026-01-23 03:14:45,509][flwr][DEBUG] - evaluate_round 11 received 6 results and 0 failures
[2026-01-23 03:14:45,510][flwr][DEBUG] - fit_round 12: strategy sampled 6 clients (out of 12)
[2026-01-23 03:14:57,215][flwr][DEBUG] - fit_round 12 received 6 results and 0 failures
[2026-01-23 03:14:57,600][flwr][INFO] - fit progress: (12, 31012052.0, {'rmse': 5568.84655920775, 'mae': 3424.080810546875, 'r2': 0.7531378269195557}, 154.54581929196138)
[2026-01-23 03:14:57,601][flwr][DEBUG] - evaluate_round 12: strategy sampled 6 clients (out of 12)
[2026-01-23 03:14:57,846][flwr][DEBUG] - evaluate_round 12 received 6 results and 0 failures
[2026-01-23 03:14:57,848][flwr][DEBUG] - fit_round 13: strategy sampled 6 clients (out of 12)
[2026-01-23 03:15:05,434][flwr][DEBUG] - fit_round 13 received 6 results and 0 failures
[2026-01-23 03:15:05,845][flwr][INFO] - fit progress: (13, 29316544.0, {'rmse': 5414.4754131863965, 'mae': 3329.90087890625, 'r2': 0.7666344046592712}, 162.79030154197244)
[2026-01-23 03:15:05,845][flwr][DEBUG] - evaluate_round 13: strategy sampled 6 clients (out of 12)
[2026-01-23 03:15:06,115][flwr][DEBUG] - evaluate_round 13 received 6 results and 0 failures
[2026-01-23 03:15:06,115][flwr][DEBUG] - fit_round 14: strategy sampled 6 clients (out of 12)
[2026-01-23 03:15:18,352][flwr][DEBUG] - fit_round 14 received 6 results and 0 failures
[2026-01-23 03:15:18,776][flwr][INFO] - fit progress: (14, 28317606.0, {'rmse': 5321.428943432394, 'mae': 3292.435791015625, 'r2': 0.7745862007141113}, 175.72128166700713)
[2026-01-23 03:15:18,776][flwr][DEBUG] - evaluate_round 14: strategy sampled 6 clients (out of 12)
[2026-01-23 03:15:19,059][flwr][DEBUG] - evaluate_round 14 received 6 results and 0 failures
[2026-01-23 03:15:19,060][flwr][DEBUG] - fit_round 15: strategy sampled 6 clients (out of 12)
[2026-01-23 03:15:31,091][flwr][DEBUG] - fit_round 15 received 6 results and 0 failures
[2026-01-23 03:15:31,490][flwr][INFO] - fit progress: (15, 27973984.0, {'rmse': 5289.043769907751, 'mae': 3264.2119140625, 'r2': 0.777321457862854}, 188.43520891695516)
[2026-01-23 03:15:31,490][flwr][DEBUG] - evaluate_round 15: strategy sampled 6 clients (out of 12)
[2026-01-23 03:15:31,757][flwr][DEBUG] - evaluate_round 15 received 6 results and 0 failures
[2026-01-23 03:15:31,758][flwr][DEBUG] - fit_round 16: strategy sampled 6 clients (out of 12)
[2026-01-23 03:15:44,194][flwr][DEBUG] - fit_round 16 received 6 results and 0 failures
[2026-01-23 03:15:44,619][flwr][INFO] - fit progress: (16, 27840908.0, {'rmse': 5276.448426735545, 'mae': 3319.1259765625, 'r2': 0.778380811214447}, 201.5637972499826)
[2026-01-23 03:15:44,619][flwr][DEBUG] - evaluate_round 16: strategy sampled 6 clients (out of 12)
[2026-01-23 03:15:44,907][flwr][DEBUG] - evaluate_round 16 received 6 results and 0 failures
[2026-01-23 03:15:44,907][flwr][DEBUG] - fit_round 17: strategy sampled 6 clients (out of 12)
[2026-01-23 03:15:57,191][flwr][DEBUG] - fit_round 17 received 6 results and 0 failures
[2026-01-23 03:15:57,586][flwr][INFO] - fit progress: (17, 29432528.0, {'rmse': 5425.17538886993, 'mae': 3271.840087890625, 'r2': 0.7657111883163452}, 214.53070062497864)
[2026-01-23 03:15:57,586][flwr][DEBUG] - evaluate_round 17: strategy sampled 6 clients (out of 12)
[2026-01-23 03:15:57,678][flwr][DEBUG] - evaluate_round 17 received 6 results and 0 failures
[2026-01-23 03:15:57,678][flwr][DEBUG] - fit_round 18: strategy sampled 6 clients (out of 12)
[2026-01-23 03:16:09,719][flwr][DEBUG] - fit_round 18 received 6 results and 0 failures
[2026-01-23 03:16:10,139][flwr][INFO] - fit progress: (18, 25084918.0, {'rmse': 5008.484601154325, 'mae': 3115.81591796875, 'r2': 0.8003190159797668}, 227.08315620798385)
[2026-01-23 03:16:10,139][flwr][DEBUG] - evaluate_round 18: strategy sampled 6 clients (out of 12)
[2026-01-23 03:16:10,272][flwr][DEBUG] - evaluate_round 18 received 6 results and 0 failures
[2026-01-23 03:16:10,273][flwr][DEBUG] - fit_round 19: strategy sampled 6 clients (out of 12)
[2026-01-23 03:16:21,963][flwr][DEBUG] - fit_round 19 received 6 results and 0 failures
[2026-01-23 03:16:22,350][flwr][INFO] - fit progress: (19, 22695716.0, {'rmse': 4764.002099075944, 'mae': 2959.487548828125, 'r2': 0.8193375468254089}, 239.29461991699645)
[2026-01-23 03:16:22,350][flwr][DEBUG] - evaluate_round 19: strategy sampled 6 clients (out of 12)
[2026-01-23 03:16:22,430][flwr][DEBUG] - evaluate_round 19 received 6 results and 0 failures
[2026-01-23 03:16:22,431][flwr][DEBUG] - fit_round 20: strategy sampled 6 clients (out of 12)
[2026-01-23 03:16:34,155][flwr][DEBUG] - fit_round 20 received 6 results and 0 failures
[2026-01-23 03:16:34,528][flwr][INFO] - fit progress: (20, 21557952.0, {'rmse': 4643.054167248106, 'mae': 2947.606689453125, 'r2': 0.82839435338974}, 251.4724371249904)
[2026-01-23 03:16:34,528][flwr][DEBUG] - evaluate_round 20: strategy sampled 6 clients (out of 12)
[2026-01-23 03:16:34,626][flwr][DEBUG] - evaluate_round 20 received 6 results and 0 failures
[2026-01-23 03:16:34,627][flwr][DEBUG] - fit_round 21: strategy sampled 6 clients (out of 12)
[2026-01-23 03:16:45,935][flwr][DEBUG] - fit_round 21 received 6 results and 0 failures
[2026-01-23 03:16:46,307][flwr][INFO] - fit progress: (21, 18383548.0, {'rmse': 4287.603992907927, 'mae': 2814.2705078125, 'r2': 0.8536632657051086}, 263.2509165829979)
[2026-01-23 03:16:46,307][flwr][DEBUG] - evaluate_round 21: strategy sampled 6 clients (out of 12)
[2026-01-23 03:16:46,408][flwr][DEBUG] - evaluate_round 21 received 6 results and 0 failures
[2026-01-23 03:16:46,408][flwr][DEBUG] - fit_round 22: strategy sampled 6 clients (out of 12)
[2026-01-23 03:16:58,392][flwr][DEBUG] - fit_round 22 received 6 results and 0 failures
[2026-01-23 03:16:58,780][flwr][INFO] - fit progress: (22, 22106992.0, {'rmse': 4701.807312087555, 'mae': 2979.12158203125, 'r2': 0.8240239024162292}, 275.723669125)
[2026-01-23 03:16:58,780][flwr][DEBUG] - evaluate_round 22: strategy sampled 6 clients (out of 12)
[2026-01-23 03:16:58,992][flwr][DEBUG] - evaluate_round 22 received 6 results and 0 failures
[2026-01-23 03:16:58,993][flwr][DEBUG] - fit_round 23: strategy sampled 6 clients (out of 12)
[2026-01-23 03:17:10,703][flwr][DEBUG] - fit_round 23 received 6 results and 0 failures
[2026-01-23 03:17:11,126][flwr][INFO] - fit progress: (23, 29464752.0, {'rmse': 5428.144434334812, 'mae': 3234.599609375, 'r2': 0.7654546499252319}, 288.0698028749903)
[2026-01-23 03:17:11,126][flwr][DEBUG] - evaluate_round 23: strategy sampled 6 clients (out of 12)
[2026-01-23 03:17:11,302][flwr][DEBUG] - evaluate_round 23 received 6 results and 0 failures
[2026-01-23 03:17:11,303][flwr][DEBUG] - fit_round 24: strategy sampled 6 clients (out of 12)
[2026-01-23 03:17:22,804][flwr][DEBUG] - fit_round 24 received 6 results and 0 failures
[2026-01-23 03:17:23,234][flwr][INFO] - fit progress: (24, 26076640.0, {'rmse': 5106.529153936164, 'mae': 3085.792236328125, 'r2': 0.792424738407135}, 300.1776441249531)
[2026-01-23 03:17:23,234][flwr][DEBUG] - evaluate_round 24: strategy sampled 6 clients (out of 12)
[2026-01-23 03:17:23,346][flwr][DEBUG] - evaluate_round 24 received 6 results and 0 failures
[2026-01-23 03:17:23,348][flwr][DEBUG] - fit_round 25: strategy sampled 6 clients (out of 12)
[2026-01-23 03:17:34,923][flwr][DEBUG] - fit_round 25 received 6 results and 0 failures
[2026-01-23 03:17:35,311][flwr][INFO] - fit progress: (25, 28366408.0, {'rmse': 5326.012392024638, 'mae': 3236.173095703125, 'r2': 0.7741976976394653}, 312.2542811249732)
[2026-01-23 03:17:35,311][flwr][DEBUG] - evaluate_round 25: strategy sampled 6 clients (out of 12)
[2026-01-23 03:17:35,412][flwr][DEBUG] - evaluate_round 25 received 6 results and 0 failures
[2026-01-23 03:17:35,413][flwr][DEBUG] - fit_round 26: strategy sampled 6 clients (out of 12)
[2026-01-23 03:17:48,009][flwr][DEBUG] - fit_round 26 received 6 results and 0 failures
[2026-01-23 03:17:48,423][flwr][INFO] - fit progress: (26, 23468270.0, {'rmse': 4844.406052345324, 'mae': 3054.224609375, 'r2': 0.813187837600708}, 325.3660503329593)
[2026-01-23 03:17:48,423][flwr][DEBUG] - evaluate_round 26: strategy sampled 6 clients (out of 12)
[2026-01-23 03:17:48,651][flwr][DEBUG] - evaluate_round 26 received 6 results and 0 failures
[2026-01-23 03:17:48,652][flwr][DEBUG] - fit_round 27: strategy sampled 6 clients (out of 12)
[2026-01-23 03:18:00,629][flwr][DEBUG] - fit_round 27 received 6 results and 0 failures
[2026-01-23 03:18:01,001][flwr][INFO] - fit progress: (27, 20032988.0, {'rmse': 4475.822605957479, 'mae': 2810.836181640625, 'r2': 0.8405333757400513}, 337.9446561249788)
[2026-01-23 03:18:01,002][flwr][DEBUG] - evaluate_round 27: strategy sampled 6 clients (out of 12)
[2026-01-23 03:18:01,136][flwr][DEBUG] - evaluate_round 27 received 6 results and 0 failures
[2026-01-23 03:18:01,137][flwr][DEBUG] - fit_round 28: strategy sampled 6 clients (out of 12)
[2026-01-23 03:18:13,164][flwr][DEBUG] - fit_round 28 received 6 results and 0 failures
[2026-01-23 03:18:13,566][flwr][INFO] - fit progress: (28, 21071306.0, {'rmse': 4590.349224187633, 'mae': 2846.731689453125, 'r2': 0.8322681784629822}, 350.5090467080008)
[2026-01-23 03:18:13,566][flwr][DEBUG] - evaluate_round 28: strategy sampled 6 clients (out of 12)
[2026-01-23 03:18:13,750][flwr][DEBUG] - evaluate_round 28 received 6 results and 0 failures
[2026-01-23 03:18:13,751][flwr][DEBUG] - fit_round 29: strategy sampled 6 clients (out of 12)
[2026-01-23 03:18:25,251][flwr][DEBUG] - fit_round 29 received 6 results and 0 failures
[2026-01-23 03:18:25,652][flwr][INFO] - fit progress: (29, 28082814.0, {'rmse': 5299.32203210939, 'mae': 3092.7763671875, 'r2': 0.7764551639556885}, 362.5946014999645)
[2026-01-23 03:18:25,652][flwr][DEBUG] - evaluate_round 29: strategy sampled 6 clients (out of 12)
[2026-01-23 03:18:25,751][flwr][DEBUG] - evaluate_round 29 received 6 results and 0 failures
[2026-01-23 03:18:25,752][flwr][DEBUG] - fit_round 30: strategy sampled 6 clients (out of 12)
[2026-01-23 03:18:37,336][flwr][DEBUG] - fit_round 30 received 6 results and 0 failures
[2026-01-23 03:18:37,726][flwr][INFO] - fit progress: (30, 22878818.0, {'rmse': 4783.180740887804, 'mae': 2952.5654296875, 'r2': 0.8178800344467163}, 374.66864041698864)
[2026-01-23 03:18:37,726][flwr][DEBUG] - evaluate_round 30: strategy sampled 6 clients (out of 12)
[2026-01-23 03:18:37,865][flwr][DEBUG] - evaluate_round 30 received 6 results and 0 failures
[2026-01-23 03:18:37,866][flwr][DEBUG] - fit_round 31: strategy sampled 6 clients (out of 12)
[2026-01-23 03:18:49,629][flwr][DEBUG] - fit_round 31 received 6 results and 0 failures
[2026-01-23 03:18:50,000][flwr][INFO] - fit progress: (31, 22506464.0, {'rmse': 4744.0978067489295, 'mae': 2900.232177734375, 'r2': 0.8208440542221069}, 386.94236195797566)
[2026-01-23 03:18:50,000][flwr][DEBUG] - evaluate_round 31: strategy sampled 6 clients (out of 12)
[2026-01-23 03:18:50,114][flwr][DEBUG] - evaluate_round 31 received 6 results and 0 failures
[2026-01-23 03:18:50,114][flwr][DEBUG] - fit_round 32: strategy sampled 6 clients (out of 12)
[2026-01-23 03:19:02,057][flwr][DEBUG] - fit_round 32 received 6 results and 0 failures
[2026-01-23 03:19:02,432][flwr][INFO] - fit progress: (32, 20721488.0, {'rmse': 4552.086115178403, 'mae': 2843.985595703125, 'r2': 0.8350527882575989}, 399.3748125829734)
[2026-01-23 03:19:02,432][flwr][DEBUG] - evaluate_round 32: strategy sampled 6 clients (out of 12)
[2026-01-23 03:19:02,523][flwr][DEBUG] - evaluate_round 32 received 6 results and 0 failures
[2026-01-23 03:19:02,523][flwr][DEBUG] - fit_round 33: strategy sampled 6 clients (out of 12)
[2026-01-23 03:19:14,529][flwr][DEBUG] - fit_round 33 received 6 results and 0 failures
[2026-01-23 03:19:14,917][flwr][INFO] - fit progress: (33, 18520310.0, {'rmse': 4303.52297542374, 'mae': 2720.825927734375, 'r2': 0.8525745868682861}, 411.85981020797044)
[2026-01-23 03:19:14,918][flwr][DEBUG] - evaluate_round 33: strategy sampled 6 clients (out of 12)
[2026-01-23 03:19:15,082][flwr][DEBUG] - evaluate_round 33 received 6 results and 0 failures
[2026-01-23 03:19:15,083][flwr][DEBUG] - fit_round 34: strategy sampled 6 clients (out of 12)
[2026-01-23 03:19:26,772][flwr][DEBUG] - fit_round 34 received 6 results and 0 failures
[2026-01-23 03:19:27,132][flwr][INFO] - fit progress: (34, 18334674.0, {'rmse': 4281.900746164021, 'mae': 2703.402099609375, 'r2': 0.8540523052215576}, 424.07444016699446)
[2026-01-23 03:19:27,132][flwr][DEBUG] - evaluate_round 34: strategy sampled 6 clients (out of 12)
[2026-01-23 03:19:27,244][flwr][DEBUG] - evaluate_round 34 received 6 results and 0 failures
[2026-01-23 03:19:27,244][flwr][DEBUG] - fit_round 35: strategy sampled 6 clients (out of 12)
[2026-01-23 03:19:38,781][flwr][DEBUG] - fit_round 35 received 6 results and 0 failures
[2026-01-23 03:19:39,161][flwr][INFO] - fit progress: (35, 24680372.0, {'rmse': 4967.934379598829, 'mae': 2929.153076171875, 'r2': 0.8035392761230469}, 436.10297862498555)
[2026-01-23 03:19:39,161][flwr][DEBUG] - evaluate_round 35: strategy sampled 6 clients (out of 12)
[2026-01-23 03:19:39,326][flwr][DEBUG] - evaluate_round 35 received 6 results and 0 failures
[2026-01-23 03:19:39,327][flwr][DEBUG] - fit_round 36: strategy sampled 6 clients (out of 12)
[2026-01-23 03:19:51,370][flwr][DEBUG] - fit_round 36 received 6 results and 0 failures
[2026-01-23 03:19:51,767][flwr][INFO] - fit progress: (36, 19199732.0, {'rmse': 4381.7498787584855, 'mae': 2711.525634765625, 'r2': 0.8471662998199463}, 448.70944441697793)
[2026-01-23 03:19:51,768][flwr][DEBUG] - evaluate_round 36: strategy sampled 6 clients (out of 12)
[2026-01-23 03:19:51,930][flwr][DEBUG] - evaluate_round 36 received 6 results and 0 failures
[2026-01-23 03:19:51,930][flwr][DEBUG] - fit_round 37: strategy sampled 6 clients (out of 12)
[2026-01-23 03:20:03,770][flwr][DEBUG] - fit_round 37 received 6 results and 0 failures
[2026-01-23 03:20:04,168][flwr][INFO] - fit progress: (37, 24257942.0, {'rmse': 4925.23522280916, 'mae': 2935.243408203125, 'r2': 0.8069019317626953}, 461.1095256669796)
[2026-01-23 03:20:04,168][flwr][DEBUG] - evaluate_round 37: strategy sampled 6 clients (out of 12)
[2026-01-23 03:20:04,273][flwr][DEBUG] - evaluate_round 37 received 6 results and 0 failures
[2026-01-23 03:20:04,274][flwr][DEBUG] - fit_round 38: strategy sampled 6 clients (out of 12)
[2026-01-23 03:20:16,141][flwr][DEBUG] - fit_round 38 received 6 results and 0 failures
[2026-01-23 03:20:16,499][flwr][INFO] - fit progress: (38, 21789750.0, {'rmse': 4667.949228515666, 'mae': 2834.27685546875, 'r2': 0.826549232006073}, 473.44045645795995)
[2026-01-23 03:20:16,499][flwr][DEBUG] - evaluate_round 38: strategy sampled 6 clients (out of 12)
[2026-01-23 03:20:16,662][flwr][DEBUG] - evaluate_round 38 received 6 results and 0 failures
[2026-01-23 03:20:16,663][flwr][DEBUG] - fit_round 39: strategy sampled 6 clients (out of 12)
[2026-01-23 03:20:28,453][flwr][DEBUG] - fit_round 39 received 6 results and 0 failures
[2026-01-23 03:20:28,845][flwr][INFO] - fit progress: (39, 25287412.0, {'rmse': 5028.659065794777, 'mae': 2947.759033203125, 'r2': 0.798707127571106}, 485.7863165829913)
[2026-01-23 03:20:28,845][flwr][DEBUG] - evaluate_round 39: strategy sampled 6 clients (out of 12)
[2026-01-23 03:20:28,955][flwr][DEBUG] - evaluate_round 39 received 6 results and 0 failures
[2026-01-23 03:20:28,955][flwr][DEBUG] - fit_round 40: strategy sampled 6 clients (out of 12)
[2026-01-23 03:20:40,649][flwr][DEBUG] - fit_round 40 received 6 results and 0 failures
[2026-01-23 03:20:41,047][flwr][INFO] - fit progress: (40, 25394900.0, {'rmse': 5039.335273624885, 'mae': 2964.283935546875, 'r2': 0.7978515028953552}, 497.98841537500266)
[2026-01-23 03:20:41,047][flwr][DEBUG] - evaluate_round 40: strategy sampled 6 clients (out of 12)
[2026-01-23 03:20:41,176][flwr][DEBUG] - evaluate_round 40 received 6 results and 0 failures
[2026-01-23 03:20:41,177][flwr][DEBUG] - fit_round 41: strategy sampled 6 clients (out of 12)
[2026-01-23 03:20:52,899][flwr][DEBUG] - fit_round 41 received 6 results and 0 failures
[2026-01-23 03:20:53,278][flwr][INFO] - fit progress: (41, 20028572.0, {'rmse': 4475.329261629808, 'mae': 2719.4814453125, 'r2': 0.8405685424804688}, 510.2194126669783)
[2026-01-23 03:20:53,278][flwr][DEBUG] - evaluate_round 41: strategy sampled 6 clients (out of 12)
[2026-01-23 03:20:53,374][flwr][DEBUG] - evaluate_round 41 received 6 results and 0 failures
[2026-01-23 03:20:53,374][flwr][DEBUG] - fit_round 42: strategy sampled 6 clients (out of 12)
[2026-01-23 03:21:04,783][flwr][DEBUG] - fit_round 42 received 6 results and 0 failures
[2026-01-23 03:21:05,182][flwr][INFO] - fit progress: (42, 25806424.0, {'rmse': 5080.002362204175, 'mae': 2944.25830078125, 'r2': 0.7945756912231445}, 522.1235279169632)
[2026-01-23 03:21:05,183][flwr][DEBUG] - evaluate_round 42: strategy sampled 6 clients (out of 12)
[2026-01-23 03:21:05,285][flwr][DEBUG] - evaluate_round 42 received 6 results and 0 failures
[2026-01-23 03:21:05,286][flwr][DEBUG] - fit_round 43: strategy sampled 6 clients (out of 12)
[2026-01-23 03:21:17,326][flwr][DEBUG] - fit_round 43 received 6 results and 0 failures
[2026-01-23 03:21:17,705][flwr][INFO] - fit progress: (43, 23119392.0, {'rmse': 4808.262887987719, 'mae': 2864.656005859375, 'r2': 0.8159649968147278}, 534.6460472499602)
[2026-01-23 03:21:17,705][flwr][DEBUG] - evaluate_round 43: strategy sampled 6 clients (out of 12)
[2026-01-23 03:21:17,838][flwr][DEBUG] - evaluate_round 43 received 6 results and 0 failures
[2026-01-23 03:21:17,839][flwr][DEBUG] - fit_round 44: strategy sampled 6 clients (out of 12)
[2026-01-23 03:21:29,861][flwr][DEBUG] - fit_round 44 received 6 results and 0 failures
[2026-01-23 03:21:30,258][flwr][INFO] - fit progress: (44, 23544490.0, {'rmse': 4852.266480728362, 'mae': 2918.4326171875, 'r2': 0.8125811219215393}, 547.1987645829795)
[2026-01-23 03:21:30,258][flwr][DEBUG] - evaluate_round 44: strategy sampled 6 clients (out of 12)
[2026-01-23 03:21:30,410][flwr][DEBUG] - evaluate_round 44 received 6 results and 0 failures
[2026-01-23 03:21:30,411][flwr][DEBUG] - fit_round 45: strategy sampled 6 clients (out of 12)
[2026-01-23 03:21:42,121][flwr][DEBUG] - fit_round 45 received 6 results and 0 failures
[2026-01-23 03:21:42,524][flwr][INFO] - fit progress: (45, 23081386.0, {'rmse': 4804.309107457596, 'mae': 2877.842041015625, 'r2': 0.8162675499916077}, 559.4644465419697)
[2026-01-23 03:21:42,524][flwr][DEBUG] - evaluate_round 45: strategy sampled 6 clients (out of 12)
[2026-01-23 03:21:42,701][flwr][DEBUG] - evaluate_round 45 received 6 results and 0 failures
[2026-01-23 03:21:42,702][flwr][DEBUG] - fit_round 46: strategy sampled 6 clients (out of 12)
[2026-01-23 03:21:54,376][flwr][DEBUG] - fit_round 46 received 6 results and 0 failures
[2026-01-23 03:21:54,756][flwr][INFO] - fit progress: (46, 18279432.0, {'rmse': 4275.445239972089, 'mae': 2570.80224609375, 'r2': 0.8544920682907104}, 571.6964150419808)
[2026-01-23 03:21:54,756][flwr][DEBUG] - evaluate_round 46: strategy sampled 6 clients (out of 12)
[2026-01-23 03:21:54,853][flwr][DEBUG] - evaluate_round 46 received 6 results and 0 failures
[2026-01-23 03:21:54,854][flwr][DEBUG] - fit_round 47: strategy sampled 6 clients (out of 12)
[2026-01-23 03:22:06,546][flwr][DEBUG] - fit_round 47 received 6 results and 0 failures
[2026-01-23 03:22:06,922][flwr][INFO] - fit progress: (47, 30755868.0, {'rmse': 5545.79732770681, 'mae': 3131.78662109375, 'r2': 0.7551771402359009}, 583.8627657499746)
[2026-01-23 03:22:06,923][flwr][DEBUG] - evaluate_round 47: strategy sampled 6 clients (out of 12)
[2026-01-23 03:22:07,031][flwr][DEBUG] - evaluate_round 47 received 6 results and 0 failures
[2026-01-23 03:22:07,032][flwr][DEBUG] - fit_round 48: strategy sampled 6 clients (out of 12)
[2026-01-23 03:22:18,905][flwr][DEBUG] - fit_round 48 received 6 results and 0 failures
[2026-01-23 03:22:19,390][flwr][INFO] - fit progress: (48, 17556852.0, {'rmse': 4190.089736509231, 'mae': 2647.820556640625, 'r2': 0.8602439165115356}, 596.3306707919692)
[2026-01-23 03:22:19,391][flwr][DEBUG] - evaluate_round 48: strategy sampled 6 clients (out of 12)
[2026-01-23 03:22:19,578][flwr][DEBUG] - evaluate_round 48 received 6 results and 0 failures
[2026-01-23 03:22:19,578][flwr][DEBUG] - fit_round 49: strategy sampled 6 clients (out of 12)
[2026-01-23 03:22:31,464][flwr][DEBUG] - fit_round 49 received 6 results and 0 failures
[2026-01-23 03:22:31,835][flwr][INFO] - fit progress: (49, 26017746.0, {'rmse': 5100.759355233297, 'mae': 2889.367431640625, 'r2': 0.7928935289382935}, 608.7749246250023)
[2026-01-23 03:22:31,835][flwr][DEBUG] - evaluate_round 49: strategy sampled 6 clients (out of 12)
[2026-01-23 03:22:31,962][flwr][DEBUG] - evaluate_round 49 received 6 results and 0 failures
[2026-01-23 03:22:31,963][flwr][DEBUG] - fit_round 50: strategy sampled 6 clients (out of 12)
[2026-01-23 03:22:43,902][flwr][DEBUG] - fit_round 50 received 6 results and 0 failures
[2026-01-23 03:22:44,284][flwr][INFO] - fit progress: (50, 24219108.0, {'rmse': 4921.291293959341, 'mae': 2857.397216796875, 'r2': 0.8072110414505005}, 621.2241491249879)
[2026-01-23 03:22:44,284][flwr][DEBUG] - evaluate_round 50: strategy sampled 6 clients (out of 12)
[2026-01-23 03:22:44,396][flwr][DEBUG] - evaluate_round 50 received 6 results and 0 failures
[2026-01-23 03:22:44,396][flwr][INFO] - FL finished in 621.3360706669628
[2026-01-23 03:22:44,396][flwr][INFO] - app_fit: losses_distributed [(1, 50583417.82512315), (2, 64873773.49692497), (3, 35067299.51970443), (4, 51717074.38440493), (5, 36228445.760312155), (6, 51330588.77219626), (7, 29004535.986140724), (8, 32829507.43861607), (9, 30436660.380541872), (10, 27126129.762806237), (11, 26545650.146371465), (12, 44838380.90944373), (13, 27667401.556695994), (14, 31009150.328507796), (15, 37900796.032710284), (16, 25647971.058708414), (17, 32614877.328507796), (18, 38738452.82009346), (19, 33998024.30181347), (20, 20941916.792956244), (21, 25304350.15924276), (22, 20929044.353206865), (23, 24675877.46268657), (24, 27872692.96205357), (25, 27850156.654943936), (26, 21545615.718199607), (27, 14574109.192850424), (28, 18482731.997867804), (29, 33414247.602331605), (30, 25558942.15), (31, 32974076.286799066), (32, 17213352.322838847), (33, 25619776.458794586), (34, 22674523.610981308), (35, 23894281.293199554), (36, 20330806.90066964), (37, 20161211.8244397), (38, 17912180.97654584), (39, 23501393.897159647), (40, 26506004.70674487), (41, 15373802.262793178), (42, 21216697.81066536), (43, 27612805.964893617), (44, 33041141.09579439), (45, 31586190.83995327), (46, 18812393.004103165), (47, 35544442.29531568), (48, 21513180.431438126), (49, 32976288.009929907), (50, 31455650.25730994)]
[2026-01-23 03:22:44,397][flwr][INFO] - app_fit: metrics_distributed_fit {}
[2026-01-23 03:22:44,397][flwr][INFO] - app_fit: metrics_distributed {}
[2026-01-23 03:22:44,397][flwr][INFO] - app_fit: losses_centralized [(0, 230974000.0), (1, 43195580.0), (2, 44931064.0), (3, 33983656.0), (4, 28816586.0), (5, 28836916.0), (6, 32106528.0), (7, 25086890.0), (8, 28162490.0), (9, 29056660.0), (10, 23824274.0), (11, 26603732.0), (12, 31012052.0), (13, 29316544.0), (14, 28317606.0), (15, 27973984.0), (16, 27840908.0), (17, 29432528.0), (18, 25084918.0), (19, 22695716.0), (20, 21557952.0), (21, 18383548.0), (22, 22106992.0), (23, 29464752.0), (24, 26076640.0), (25, 28366408.0), (26, 23468270.0), (27, 20032988.0), (28, 21071306.0), (29, 28082814.0), (30, 22878818.0), (31, 22506464.0), (32, 20721488.0), (33, 18520310.0), (34, 18334674.0), (35, 24680372.0), (36, 19199732.0), (37, 24257942.0), (38, 21789750.0), (39, 25287412.0), (40, 25394900.0), (41, 20028572.0), (42, 25806424.0), (43, 23119392.0), (44, 23544490.0), (45, 23081386.0), (46, 18279432.0), (47, 30755868.0), (48, 17556852.0), (49, 26017746.0), (50, 24219108.0)]
[2026-01-23 03:22:44,397][flwr][INFO] - app_fit: metrics_centralized {'rmse': [(0, 15197.82879229793), (1, 6572.334440668704), (2, 6703.063777109688), (3, 5829.550239941328), (4, 5368.108232888007), (5, 5370.0014897577075), (6, 5666.26226007939), (7, 5008.6814632196365), (8, 5306.834272897544), (9, 5390.422988968491), (10, 4881.011575483099), (11, 5157.880572483236), (12, 5568.84655920775), (13, 5414.4754131863965), (14, 5321.428943432394), (15, 5289.043769907751), (16, 5276.448426735545), (17, 5425.17538886993), (18, 5008.484601154325), (19, 4764.002099075944), (20, 4643.054167248106), (21, 4287.603992907927), (22, 4701.807312087555), (23, 5428.144434334812), (24, 5106.529153936164), (25, 5326.012392024638), (26, 4844.406052345324), (27, 4475.822605957479), (28, 4590.349224187633), (29, 5299.32203210939), (30, 4783.180740887804), (31, 4744.0978067489295), (32, 4552.086115178403), (33, 4303.52297542374), (34, 4281.900746164021), (35, 4967.934379598829), (36, 4381.7498787584855), (37, 4925.23522280916), (38, 4667.949228515666), (39, 5028.659065794777), (40, 5039.335273624885), (41, 4475.329261629808), (42, 5080.002362204175), (43, 4808.262887987719), (44, 4852.266480728362), (45, 4804.309107457596), (46, 4275.445239972089), (47, 5545.79732770681), (48, 4190.089736509231), (49, 5100.759355233297), (50, 4921.291293959341)], 'mae': [(0, 10860.669921875), (1, 4522.52392578125), (2, 4409.333984375), (3, 3900.2958984375), (4, 3620.169189453125), (5, 3532.713134765625), (6, 3592.006591796875), (7, 3259.80859375), (8, 3369.406494140625), (9, 3351.9423828125), (10, 3185.18896484375), (11, 3258.284423828125), (12, 3424.080810546875), (13, 3329.90087890625), (14, 3292.435791015625), (15, 3264.2119140625), (16, 3319.1259765625), (17, 3271.840087890625), (18, 3115.81591796875), (19, 2959.487548828125), (20, 2947.606689453125), (21, 2814.2705078125), (22, 2979.12158203125), (23, 3234.599609375), (24, 3085.792236328125), (25, 3236.173095703125), (26, 3054.224609375), (27, 2810.836181640625), (28, 2846.731689453125), (29, 3092.7763671875), (30, 2952.5654296875), (31, 2900.232177734375), (32, 2843.985595703125), (33, 2720.825927734375), (34, 2703.402099609375), (35, 2929.153076171875), (36, 2711.525634765625), (37, 2935.243408203125), (38, 2834.27685546875), (39, 2947.759033203125), (40, 2964.283935546875), (41, 2719.4814453125), (42, 2944.25830078125), (43, 2864.656005859375), (44, 2918.4326171875), (45, 2877.842041015625), (46, 2570.80224609375), (47, 3131.78662109375), (48, 2647.820556640625), (49, 2889.367431640625), (50, 2857.397216796875)], 'r2': [(0, -0.8385993242263794), (1, 0.6561545133590698), (2, 0.6423397064208984), (3, 0.7294832468032837), (4, 0.7706142067909241), (5, 0.7704523801803589), (6, 0.7444255948066711), (7, 0.8003033399581909), (8, 0.7758209109306335), (9, 0.7687031626701355), (10, 0.8103539943695068), (11, 0.7882289290428162), (12, 0.7531378269195557), (13, 0.7666344046592712), (14, 0.7745862007141113), (15, 0.777321457862854), (16, 0.778380811214447), (17, 0.7657111883163452), (18, 0.8003190159797668), (19, 0.8193375468254089), (20, 0.82839435338974), (21, 0.8536632657051086), (22, 0.8240239024162292), (23, 0.7654546499252319), (24, 0.792424738407135), (25, 0.7741976976394653), (26, 0.813187837600708), (27, 0.8405333757400513), (28, 0.8322681784629822), (29, 0.7764551639556885), (30, 0.8178800344467163), (31, 0.8208440542221069), (32, 0.8350527882575989), (33, 0.8525745868682861), (34, 0.8540523052215576), (35, 0.8035392761230469), (36, 0.8471662998199463), (37, 0.8069019317626953), (38, 0.826549232006073), (39, 0.798707127571106), (40, 0.7978515028953552), (41, 0.8405685424804688), (42, 0.7945756912231445), (43, 0.8159649968147278), (44, 0.8125811219215393), (45, 0.8162675499916077), (46, 0.8544920682907104), (47, 0.7551771402359009), (48, 0.8602439165115356), (49, 0.7928935289382935), (50, 0.8072110414505005)]}
