[2026-01-23 02:16:31,905][flwr][INFO] - Starting Flower simulation, config: ServerConfig(num_rounds=20, round_timeout=None)
[2026-01-23 02:16:37,343][flwr][INFO] - Flower VCE: Ray initialized with resources: {'node:127.0.0.1': 1.0, 'memory': 11711161140.0, 'object_store_memory': 2147483648.0, 'CPU': 10.0}
[2026-01-23 02:16:37,344][flwr][INFO] - Initializing global parameters
[2026-01-23 02:16:37,344][flwr][INFO] - Requesting initial parameters from one random client
[2026-01-23 02:16:40,958][flwr][INFO] - Received initial parameters from one random client
[2026-01-23 02:16:40,958][flwr][INFO] - Evaluating initial parameters
[2026-01-23 02:16:41,968][flwr][INFO] - initial parameters (loss, other metrics): 1936427904.0, {'rmse': 44004.862276798456, 'mae': 26808.443359375, 'r2': -14.41435432434082}
[2026-01-23 02:16:41,968][flwr][INFO] - FL starting
[2026-01-23 02:16:41,969][flwr][DEBUG] - fit_round 1: strategy sampled 6 clients (out of 12)
[2026-01-23 02:17:02,724][flwr][DEBUG] - fit_round 1 received 6 results and 0 failures
[2026-01-23 02:17:02,736][flwr][WARNING] - No fit_metrics_aggregation_fn provided
[2026-01-23 02:17:03,312][flwr][INFO] - fit progress: (1, 33392194.0, {'rmse': 5778.5979268331175, 'mae': 3993.197265625, 'r2': 0.7341914176940918}, 21.343925124965608)
[2026-01-23 02:17:03,313][flwr][DEBUG] - evaluate_round 1: strategy sampled 6 clients (out of 12)
[2026-01-23 02:17:03,956][flwr][DEBUG] - evaluate_round 1 received 6 results and 0 failures
[2026-01-23 02:17:03,956][flwr][WARNING] - No evaluate_metrics_aggregation_fn provided
[2026-01-23 02:17:03,957][flwr][DEBUG] - fit_round 2: strategy sampled 6 clients (out of 12)
[2026-01-23 02:17:17,976][flwr][DEBUG] - fit_round 2 received 6 results and 0 failures
[2026-01-23 02:17:18,446][flwr][INFO] - fit progress: (2, 26073862.0, {'rmse': 5106.25714197787, 'mae': 3452.717041015625, 'r2': 0.7924468517303467}, 36.477976624970324)
[2026-01-23 02:17:18,447][flwr][DEBUG] - evaluate_round 2: strategy sampled 6 clients (out of 12)
[2026-01-23 02:17:18,819][flwr][DEBUG] - evaluate_round 2 received 6 results and 0 failures
[2026-01-23 02:17:18,821][flwr][DEBUG] - fit_round 3: strategy sampled 6 clients (out of 12)
[2026-01-23 02:17:32,843][flwr][DEBUG] - fit_round 3 received 6 results and 0 failures
[2026-01-23 02:17:33,313][flwr][INFO] - fit progress: (3, 21852422.0, {'rmse': 4674.65742060314, 'mae': 3175.08056640625, 'r2': 0.826050341129303}, 51.34445137495641)
[2026-01-23 02:17:33,313][flwr][DEBUG] - evaluate_round 3: strategy sampled 6 clients (out of 12)
[2026-01-23 02:17:33,674][flwr][DEBUG] - evaluate_round 3 received 6 results and 0 failures
[2026-01-23 02:17:33,676][flwr][DEBUG] - fit_round 4: strategy sampled 6 clients (out of 12)
[2026-01-23 02:17:47,373][flwr][DEBUG] - fit_round 4 received 6 results and 0 failures
[2026-01-23 02:17:47,882][flwr][INFO] - fit progress: (4, 25195828.0, {'rmse': 5019.544600857731, 'mae': 3293.671630859375, 'r2': 0.7994361519813538}, 65.91304333298467)
[2026-01-23 02:17:47,882][flwr][DEBUG] - evaluate_round 4: strategy sampled 6 clients (out of 12)
[2026-01-23 02:17:48,330][flwr][DEBUG] - evaluate_round 4 received 6 results and 0 failures
[2026-01-23 02:17:48,331][flwr][DEBUG] - fit_round 5: strategy sampled 6 clients (out of 12)
[2026-01-23 02:18:01,350][flwr][DEBUG] - fit_round 5 received 6 results and 0 failures
[2026-01-23 02:18:01,792][flwr][INFO] - fit progress: (5, 23597550.0, {'rmse': 4857.730951792205, 'mae': 3216.0595703125, 'r2': 0.8121587634086609}, 79.8239648329909)
[2026-01-23 02:18:01,793][flwr][DEBUG] - evaluate_round 5: strategy sampled 6 clients (out of 12)
[2026-01-23 02:18:02,095][flwr][DEBUG] - evaluate_round 5 received 6 results and 0 failures
[2026-01-23 02:18:02,096][flwr][DEBUG] - fit_round 6: strategy sampled 6 clients (out of 12)
[2026-01-23 02:18:15,737][flwr][DEBUG] - fit_round 6 received 6 results and 0 failures
[2026-01-23 02:18:16,243][flwr][INFO] - fit progress: (6, 21307046.0, {'rmse': 4615.955589041125, 'mae': 3054.331298828125, 'r2': 0.8303916454315186}, 94.27449849998811)
[2026-01-23 02:18:16,243][flwr][DEBUG] - evaluate_round 6: strategy sampled 6 clients (out of 12)
[2026-01-23 02:18:16,644][flwr][DEBUG] - evaluate_round 6 received 6 results and 0 failures
[2026-01-23 02:18:16,647][flwr][DEBUG] - fit_round 7: strategy sampled 6 clients (out of 12)
[2026-01-23 02:18:30,482][flwr][DEBUG] - fit_round 7 received 6 results and 0 failures
[2026-01-23 02:18:30,930][flwr][INFO] - fit progress: (7, 25623658.0, {'rmse': 5061.981627781753, 'mae': 3221.1142578125, 'r2': 0.7960305213928223}, 108.96164295799099)
[2026-01-23 02:18:30,931][flwr][DEBUG] - evaluate_round 7: strategy sampled 6 clients (out of 12)
[2026-01-23 02:18:31,196][flwr][DEBUG] - evaluate_round 7 received 6 results and 0 failures
[2026-01-23 02:18:31,197][flwr][DEBUG] - fit_round 8: strategy sampled 6 clients (out of 12)
[2026-01-23 02:18:45,429][flwr][DEBUG] - fit_round 8 received 6 results and 0 failures
[2026-01-23 02:18:45,912][flwr][INFO] - fit progress: (8, 20046996.0, {'rmse': 4477.387184508394, 'mae': 2961.455810546875, 'r2': 0.8404219150543213}, 123.94373437494505)
[2026-01-23 02:18:45,913][flwr][DEBUG] - evaluate_round 8: strategy sampled 6 clients (out of 12)
[2026-01-23 02:18:46,190][flwr][DEBUG] - evaluate_round 8 received 6 results and 0 failures
[2026-01-23 02:18:46,191][flwr][DEBUG] - fit_round 9: strategy sampled 6 clients (out of 12)
[2026-01-23 02:18:59,667][flwr][DEBUG] - fit_round 9 received 6 results and 0 failures
[2026-01-23 02:19:00,191][flwr][INFO] - fit progress: (9, 18863494.0, {'rmse': 4343.21240558184, 'mae': 2844.016845703125, 'r2': 0.8498427867889404}, 138.22280587494606)
[2026-01-23 02:19:00,192][flwr][DEBUG] - evaluate_round 9: strategy sampled 6 clients (out of 12)
[2026-01-23 02:19:00,483][flwr][DEBUG] - evaluate_round 9 received 6 results and 0 failures
[2026-01-23 02:19:00,484][flwr][DEBUG] - fit_round 10: strategy sampled 6 clients (out of 12)
[2026-01-23 02:19:14,170][flwr][DEBUG] - fit_round 10 received 6 results and 0 failures
[2026-01-23 02:19:14,671][flwr][INFO] - fit progress: (10, 25224400.0, {'rmse': 5022.389869374937, 'mae': 3170.826416015625, 'r2': 0.7992087006568909}, 152.70205554098357)
[2026-01-23 02:19:14,671][flwr][DEBUG] - evaluate_round 10: strategy sampled 6 clients (out of 12)
[2026-01-23 02:19:15,015][flwr][DEBUG] - evaluate_round 10 received 6 results and 0 failures
[2026-01-23 02:19:15,016][flwr][DEBUG] - fit_round 11: strategy sampled 6 clients (out of 12)
[2026-01-23 02:19:28,553][flwr][DEBUG] - fit_round 11 received 6 results and 0 failures
[2026-01-23 02:19:29,031][flwr][INFO] - fit progress: (11, 21294356.0, {'rmse': 4614.580804363491, 'mae': 2986.79541015625, 'r2': 0.8304926156997681}, 167.06212558294646)
[2026-01-23 02:19:29,032][flwr][DEBUG] - evaluate_round 11: strategy sampled 6 clients (out of 12)
[2026-01-23 02:19:29,215][flwr][DEBUG] - evaluate_round 11 received 6 results and 0 failures
[2026-01-23 02:19:29,216][flwr][DEBUG] - fit_round 12: strategy sampled 6 clients (out of 12)
[2026-01-23 02:19:42,509][flwr][DEBUG] - fit_round 12 received 6 results and 0 failures
[2026-01-23 02:19:42,982][flwr][INFO] - fit progress: (12, 18711232.0, {'rmse': 4325.648159524767, 'mae': 2848.544677734375, 'r2': 0.851054847240448}, 181.01366133295232)
[2026-01-23 02:19:42,983][flwr][DEBUG] - evaluate_round 12: strategy sampled 6 clients (out of 12)
[2026-01-23 02:19:43,232][flwr][DEBUG] - evaluate_round 12 received 6 results and 0 failures
[2026-01-23 02:19:43,233][flwr][DEBUG] - fit_round 13: strategy sampled 6 clients (out of 12)
[2026-01-23 02:19:56,690][flwr][DEBUG] - fit_round 13 received 6 results and 0 failures
[2026-01-23 02:19:57,190][flwr][INFO] - fit progress: (13, 21832838.0, {'rmse': 4672.5622521267705, 'mae': 3005.322998046875, 'r2': 0.8262062072753906}, 195.2219154999475)
[2026-01-23 02:19:57,192][flwr][DEBUG] - evaluate_round 13: strategy sampled 6 clients (out of 12)
[2026-01-23 02:19:57,403][flwr][DEBUG] - evaluate_round 13 received 6 results and 0 failures
[2026-01-23 02:19:57,404][flwr][DEBUG] - fit_round 14: strategy sampled 6 clients (out of 12)
[2026-01-23 02:20:10,940][flwr][DEBUG] - fit_round 14 received 6 results and 0 failures
[2026-01-23 02:20:11,430][flwr][INFO] - fit progress: (14, 18252674.0, {'rmse': 4272.314829223146, 'mae': 2792.048583984375, 'r2': 0.8547050952911377}, 209.4611923749908)
[2026-01-23 02:20:11,430][flwr][DEBUG] - evaluate_round 14: strategy sampled 6 clients (out of 12)
[2026-01-23 02:20:11,621][flwr][DEBUG] - evaluate_round 14 received 6 results and 0 failures
[2026-01-23 02:20:11,622][flwr][DEBUG] - fit_round 15: strategy sampled 6 clients (out of 12)
[2026-01-23 02:20:24,982][flwr][DEBUG] - fit_round 15 received 6 results and 0 failures
[2026-01-23 02:20:25,537][flwr][INFO] - fit progress: (15, 17065528.0, {'rmse': 4131.04441999841, 'mae': 2716.92529296875, 'r2': 0.8641549944877625}, 223.5683199999621)
[2026-01-23 02:20:25,537][flwr][DEBUG] - evaluate_round 15: strategy sampled 6 clients (out of 12)
[2026-01-23 02:20:25,754][flwr][DEBUG] - evaluate_round 15 received 6 results and 0 failures
[2026-01-23 02:20:25,755][flwr][DEBUG] - fit_round 16: strategy sampled 6 clients (out of 12)
[2026-01-23 02:20:39,169][flwr][DEBUG] - fit_round 16 received 6 results and 0 failures
[2026-01-23 02:20:39,648][flwr][INFO] - fit progress: (16, 18382580.0, {'rmse': 4287.491107862499, 'mae': 2783.14599609375, 'r2': 0.8536709547042847}, 237.67893787496723)
[2026-01-23 02:20:39,648][flwr][DEBUG] - evaluate_round 16: strategy sampled 6 clients (out of 12)
[2026-01-23 02:20:40,017][flwr][DEBUG] - evaluate_round 16 received 6 results and 0 failures
[2026-01-23 02:20:40,018][flwr][DEBUG] - fit_round 17: strategy sampled 6 clients (out of 12)
[2026-01-23 02:20:52,999][flwr][DEBUG] - fit_round 17 received 6 results and 0 failures
[2026-01-23 02:20:53,460][flwr][INFO] - fit progress: (17, 21621212.0, {'rmse': 4649.861503313835, 'mae': 2966.89208984375, 'r2': 0.8278908133506775}, 251.47631741594523)
[2026-01-23 02:20:53,460][flwr][DEBUG] - evaluate_round 17: strategy sampled 6 clients (out of 12)
[2026-01-23 02:20:53,574][flwr][DEBUG] - evaluate_round 17 received 6 results and 0 failures
[2026-01-23 02:20:53,575][flwr][DEBUG] - fit_round 18: strategy sampled 6 clients (out of 12)
[2026-01-23 02:21:06,618][flwr][DEBUG] - fit_round 18 received 6 results and 0 failures
[2026-01-23 02:21:07,078][flwr][INFO] - fit progress: (18, 21669642.0, {'rmse': 4655.066272353166, 'mae': 2945.33349609375, 'r2': 0.8275052905082703}, 265.0885351659963)
[2026-01-23 02:21:07,079][flwr][DEBUG] - evaluate_round 18: strategy sampled 6 clients (out of 12)
[2026-01-23 02:21:07,246][flwr][DEBUG] - evaluate_round 18 received 6 results and 0 failures
[2026-01-23 02:21:07,248][flwr][DEBUG] - fit_round 19: strategy sampled 6 clients (out of 12)
[2026-01-23 02:21:15,588][flwr][DEBUG] - fit_round 19 received 6 results and 0 failures
[2026-01-23 02:21:16,067][flwr][INFO] - fit progress: (19, 34115036.0, {'rmse': 5840.8078208412235, 'mae': 3524.092529296875, 'r2': 0.7284374833106995}, 274.07537995796883)
[2026-01-23 02:21:16,068][flwr][DEBUG] - evaluate_round 19: strategy sampled 6 clients (out of 12)
[2026-01-23 02:21:16,199][flwr][DEBUG] - evaluate_round 19 received 6 results and 0 failures
[2026-01-23 02:21:16,200][flwr][DEBUG] - fit_round 20: strategy sampled 6 clients (out of 12)
[2026-01-23 02:21:29,242][flwr][DEBUG] - fit_round 20 received 6 results and 0 failures
[2026-01-23 02:21:29,668][flwr][INFO] - fit progress: (20, 24657726.0, {'rmse': 4965.654639622051, 'mae': 3070.90673828125, 'r2': 0.8037195801734924}, 287.6744361659512)
[2026-01-23 02:21:29,668][flwr][DEBUG] - evaluate_round 20: strategy sampled 6 clients (out of 12)
[2026-01-23 02:21:29,953][flwr][DEBUG] - evaluate_round 20 received 6 results and 0 failures
[2026-01-23 02:21:29,953][flwr][INFO] - FL finished in 287.9596843329491
[2026-01-23 02:21:29,954][flwr][INFO] - app_fit: losses_distributed [(1, 42365695.29015544), (2, 34853255.8071349), (3, 23440481.45596869), (4, 29229818.829765547), (5, 25417196.4600246), (6, 22510763.766144816), (7, 30025794.06158358), (8, 27365974.33419689), (9, 24890090.308411215), (10, 31837851.693925235), (11, 25725693.65712617), (12, 22783381.829431437), (13, 17082716.7510661), (14, 26837243.098837208), (15, 18830006.64907136), (16, 21192079.793986637), (17, 30074867.736093145), (18, 25112983.573319755), (19, 40456158.49796334), (20, 27133880.33518931)]
[2026-01-23 02:21:29,954][flwr][INFO] - app_fit: metrics_distributed_fit {}
[2026-01-23 02:21:29,954][flwr][INFO] - app_fit: metrics_distributed {}
[2026-01-23 02:21:29,954][flwr][INFO] - app_fit: losses_centralized [(0, 1936427904.0), (1, 33392194.0), (2, 26073862.0), (3, 21852422.0), (4, 25195828.0), (5, 23597550.0), (6, 21307046.0), (7, 25623658.0), (8, 20046996.0), (9, 18863494.0), (10, 25224400.0), (11, 21294356.0), (12, 18711232.0), (13, 21832838.0), (14, 18252674.0), (15, 17065528.0), (16, 18382580.0), (17, 21621212.0), (18, 21669642.0), (19, 34115036.0), (20, 24657726.0)]
[2026-01-23 02:21:29,955][flwr][INFO] - app_fit: metrics_centralized {'rmse': [(0, 44004.862276798456), (1, 5778.5979268331175), (2, 5106.25714197787), (3, 4674.65742060314), (4, 5019.544600857731), (5, 4857.730951792205), (6, 4615.955589041125), (7, 5061.981627781753), (8, 4477.387184508394), (9, 4343.21240558184), (10, 5022.389869374937), (11, 4614.580804363491), (12, 4325.648159524767), (13, 4672.5622521267705), (14, 4272.314829223146), (15, 4131.04441999841), (16, 4287.491107862499), (17, 4649.861503313835), (18, 4655.066272353166), (19, 5840.8078208412235), (20, 4965.654639622051)], 'mae': [(0, 26808.443359375), (1, 3993.197265625), (2, 3452.717041015625), (3, 3175.08056640625), (4, 3293.671630859375), (5, 3216.0595703125), (6, 3054.331298828125), (7, 3221.1142578125), (8, 2961.455810546875), (9, 2844.016845703125), (10, 3170.826416015625), (11, 2986.79541015625), (12, 2848.544677734375), (13, 3005.322998046875), (14, 2792.048583984375), (15, 2716.92529296875), (16, 2783.14599609375), (17, 2966.89208984375), (18, 2945.33349609375), (19, 3524.092529296875), (20, 3070.90673828125)], 'r2': [(0, -14.41435432434082), (1, 0.7341914176940918), (2, 0.7924468517303467), (3, 0.826050341129303), (4, 0.7994361519813538), (5, 0.8121587634086609), (6, 0.8303916454315186), (7, 0.7960305213928223), (8, 0.8404219150543213), (9, 0.8498427867889404), (10, 0.7992087006568909), (11, 0.8304926156997681), (12, 0.851054847240448), (13, 0.8262062072753906), (14, 0.8547050952911377), (15, 0.8641549944877625), (16, 0.8536709547042847), (17, 0.8278908133506775), (18, 0.8275052905082703), (19, 0.7284374833106995), (20, 0.8037195801734924)]}
[2026-01-23 02:21:29,957][flwr][INFO] - Starting Flower simulation, config: ServerConfig(num_rounds=20, round_timeout=None)
[2026-01-23 02:21:37,711][flwr][INFO] - Flower VCE: Ray initialized with resources: {'memory': 12138016768.0, 'CPU': 10.0, 'node:127.0.0.1': 1.0, 'object_store_memory': 2147483648.0}
[2026-01-23 02:21:37,712][flwr][INFO] - Initializing global parameters
[2026-01-23 02:21:37,712][flwr][INFO] - Requesting initial parameters from one random client
[2026-01-23 02:21:41,758][flwr][INFO] - Received initial parameters from one random client
[2026-01-23 02:21:41,758][flwr][INFO] - Evaluating initial parameters
[2026-01-23 02:21:42,324][flwr][INFO] - initial parameters (loss, other metrics): 670458304.0, {'rmse': 25893.209611788185, 'mae': 23200.755859375, 'r2': -4.336982727050781}
[2026-01-23 02:21:42,325][flwr][INFO] - FL starting
[2026-01-23 02:21:42,325][flwr][DEBUG] - fit_round 1: strategy sampled 6 clients (out of 12)
[2026-01-23 02:22:01,576][flwr][DEBUG] - fit_round 1 received 6 results and 0 failures
[2026-01-23 02:22:01,586][flwr][WARNING] - No fit_metrics_aggregation_fn provided
[2026-01-23 02:22:02,151][flwr][INFO] - fit progress: (1, 115971328.0, {'rmse': 10768.998467824202, 'mae': 7373.40478515625, 'r2': 0.07684499025344849}, 19.82599945901893)
[2026-01-23 02:22:02,152][flwr][DEBUG] - evaluate_round 1: strategy sampled 6 clients (out of 12)
[2026-01-23 02:22:02,602][flwr][DEBUG] - evaluate_round 1 received 6 results and 0 failures
[2026-01-23 02:22:02,602][flwr][WARNING] - No evaluate_metrics_aggregation_fn provided
[2026-01-23 02:22:02,603][flwr][DEBUG] - fit_round 2: strategy sampled 6 clients (out of 12)
[2026-01-23 02:22:17,672][flwr][DEBUG] - fit_round 2 received 6 results and 0 failures
[2026-01-23 02:22:18,138][flwr][INFO] - fit progress: (2, 77966864.0, {'rmse': 8829.884710459135, 'mae': 5995.169921875, 'r2': 0.3793681263923645}, 35.813175667019095)
[2026-01-23 02:22:18,139][flwr][DEBUG] - evaluate_round 2: strategy sampled 6 clients (out of 12)
[2026-01-23 02:22:18,525][flwr][DEBUG] - evaluate_round 2 received 6 results and 0 failures
[2026-01-23 02:22:18,526][flwr][DEBUG] - fit_round 3: strategy sampled 6 clients (out of 12)
[2026-01-23 02:22:32,706][flwr][DEBUG] - fit_round 3 received 6 results and 0 failures
[2026-01-23 02:22:33,216][flwr][INFO] - fit progress: (3, 60008840.0, {'rmse': 7746.537290944903, 'mae': 5260.12353515625, 'r2': 0.5223175883293152}, 50.891136042017024)
[2026-01-23 02:22:33,217][flwr][DEBUG] - evaluate_round 3: strategy sampled 6 clients (out of 12)
[2026-01-23 02:22:33,634][flwr][DEBUG] - evaluate_round 3 received 6 results and 0 failures
[2026-01-23 02:22:33,637][flwr][DEBUG] - fit_round 4: strategy sampled 6 clients (out of 12)
[2026-01-23 02:22:47,438][flwr][DEBUG] - fit_round 4 received 6 results and 0 failures
[2026-01-23 02:22:47,926][flwr][INFO] - fit progress: (4, 46225368.0, {'rmse': 6798.924032521617, 'mae': 4649.7861328125, 'r2': 0.6320368051528931}, 65.6007856670185)
[2026-01-23 02:22:47,926][flwr][DEBUG] - evaluate_round 4: strategy sampled 6 clients (out of 12)
[2026-01-23 02:22:48,234][flwr][DEBUG] - evaluate_round 4 received 6 results and 0 failures
[2026-01-23 02:22:48,236][flwr][DEBUG] - fit_round 5: strategy sampled 6 clients (out of 12)
[2026-01-23 02:23:01,177][flwr][DEBUG] - fit_round 5 received 6 results and 0 failures
[2026-01-23 02:23:01,643][flwr][INFO] - fit progress: (5, 47749560.0, {'rmse': 6910.105643186651, 'mae': 4586.15869140625, 'r2': 0.6199039220809937}, 79.31721262499923)
[2026-01-23 02:23:01,643][flwr][DEBUG] - evaluate_round 5: strategy sampled 6 clients (out of 12)
[2026-01-23 02:23:01,766][flwr][DEBUG] - evaluate_round 5 received 6 results and 0 failures
[2026-01-23 02:23:01,767][flwr][DEBUG] - fit_round 6: strategy sampled 6 clients (out of 12)
[2026-01-23 02:23:15,697][flwr][DEBUG] - fit_round 6 received 6 results and 0 failures
[2026-01-23 02:23:16,321][flwr][INFO] - fit progress: (6, 37441084.0, {'rmse': 6118.91199479123, 'mae': 4165.35546875, 'r2': 0.7019614577293396}, 93.99519050004892)
[2026-01-23 02:23:16,321][flwr][DEBUG] - evaluate_round 6: strategy sampled 6 clients (out of 12)
[2026-01-23 02:23:16,994][flwr][DEBUG] - evaluate_round 6 received 6 results and 0 failures
[2026-01-23 02:23:16,995][flwr][DEBUG] - fit_round 7: strategy sampled 6 clients (out of 12)
[2026-01-23 02:23:30,923][flwr][DEBUG] - fit_round 7 received 6 results and 0 failures
[2026-01-23 02:23:31,444][flwr][INFO] - fit progress: (7, 32256548.0, {'rmse': 5679.484835792768, 'mae': 3945.81591796875, 'r2': 0.7432314157485962}, 109.11821062501986)
[2026-01-23 02:23:31,444][flwr][DEBUG] - evaluate_round 7: strategy sampled 6 clients (out of 12)
[2026-01-23 02:23:31,843][flwr][DEBUG] - evaluate_round 7 received 6 results and 0 failures
[2026-01-23 02:23:31,844][flwr][DEBUG] - fit_round 8: strategy sampled 6 clients (out of 12)
[2026-01-23 02:23:46,232][flwr][DEBUG] - fit_round 8 received 6 results and 0 failures
[2026-01-23 02:23:46,737][flwr][INFO] - fit progress: (8, 32702572.0, {'rmse': 5718.616266195871, 'mae': 3933.29345703125, 'r2': 0.7396810054779053}, 124.4115166250267)
[2026-01-23 02:23:46,738][flwr][DEBUG] - evaluate_round 8: strategy sampled 6 clients (out of 12)
[2026-01-23 02:23:47,202][flwr][DEBUG] - evaluate_round 8 received 6 results and 0 failures
[2026-01-23 02:23:47,203][flwr][DEBUG] - fit_round 9: strategy sampled 6 clients (out of 12)
[2026-01-23 02:24:04,882][flwr][DEBUG] - fit_round 9 received 6 results and 0 failures
[2026-01-23 02:24:05,497][flwr][INFO] - fit progress: (9, 28837752.0, {'rmse': 5370.079329022989, 'mae': 3781.97998046875, 'r2': 0.770445704460144}, 143.1709302920499)
[2026-01-23 02:24:05,497][flwr][DEBUG] - evaluate_round 9: strategy sampled 6 clients (out of 12)
[2026-01-23 02:24:05,985][flwr][DEBUG] - evaluate_round 9 received 6 results and 0 failures
[2026-01-23 02:24:05,986][flwr][DEBUG] - fit_round 10: strategy sampled 6 clients (out of 12)
[2026-01-23 02:24:21,031][flwr][DEBUG] - fit_round 10 received 6 results and 0 failures
[2026-01-23 02:24:21,529][flwr][INFO] - fit progress: (10, 28629106.0, {'rmse': 5350.617347559065, 'mae': 3758.518798828125, 'r2': 0.7721065878868103}, 159.20285454200348)
[2026-01-23 02:24:21,529][flwr][DEBUG] - evaluate_round 10: strategy sampled 6 clients (out of 12)
[2026-01-23 02:24:21,751][flwr][DEBUG] - evaluate_round 10 received 6 results and 0 failures
[2026-01-23 02:24:21,751][flwr][DEBUG] - fit_round 11: strategy sampled 6 clients (out of 12)
[2026-01-23 02:24:35,416][flwr][DEBUG] - fit_round 11 received 6 results and 0 failures
[2026-01-23 02:24:35,966][flwr][INFO] - fit progress: (11, 32553466.0, {'rmse': 5705.564476894464, 'mae': 3850.35693359375, 'r2': 0.7408678531646729}, 173.64054225001018)
[2026-01-23 02:24:35,967][flwr][DEBUG] - evaluate_round 11: strategy sampled 6 clients (out of 12)
[2026-01-23 02:24:36,349][flwr][DEBUG] - evaluate_round 11 received 6 results and 0 failures
[2026-01-23 02:24:36,350][flwr][DEBUG] - fit_round 12: strategy sampled 6 clients (out of 12)
[2026-01-23 02:24:50,099][flwr][DEBUG] - fit_round 12 received 6 results and 0 failures
[2026-01-23 02:24:50,576][flwr][INFO] - fit progress: (12, 31438488.0, {'rmse': 5607.003477794534, 'mae': 3808.677001953125, 'r2': 0.7497433423995972}, 188.250341667037)
[2026-01-23 02:24:50,577][flwr][DEBUG] - evaluate_round 12: strategy sampled 6 clients (out of 12)
[2026-01-23 02:24:50,857][flwr][DEBUG] - evaluate_round 12 received 6 results and 0 failures
[2026-01-23 02:24:50,858][flwr][DEBUG] - fit_round 13: strategy sampled 6 clients (out of 12)
[2026-01-23 02:25:04,052][flwr][DEBUG] - fit_round 13 received 6 results and 0 failures
[2026-01-23 02:25:04,517][flwr][INFO] - fit progress: (13, 26915180.0, {'rmse': 5187.984194270449, 'mae': 3611.08544921875, 'r2': 0.7857497930526733}, 202.19130312500056)
[2026-01-23 02:25:04,518][flwr][DEBUG] - evaluate_round 13: strategy sampled 6 clients (out of 12)
[2026-01-23 02:25:04,664][flwr][DEBUG] - evaluate_round 13 received 6 results and 0 failures
[2026-01-23 02:25:04,664][flwr][DEBUG] - fit_round 14: strategy sampled 6 clients (out of 12)
[2026-01-23 02:25:18,053][flwr][DEBUG] - fit_round 14 received 6 results and 0 failures
[2026-01-23 02:25:18,573][flwr][INFO] - fit progress: (14, 27430640.0, {'rmse': 5237.426849131165, 'mae': 3610.068115234375, 'r2': 0.7816466093063354}, 216.24737466702936)
[2026-01-23 02:25:18,574][flwr][DEBUG] - evaluate_round 14: strategy sampled 6 clients (out of 12)
[2026-01-23 02:25:18,698][flwr][DEBUG] - evaluate_round 14 received 6 results and 0 failures
[2026-01-23 02:25:18,699][flwr][DEBUG] - fit_round 15: strategy sampled 6 clients (out of 12)
[2026-01-23 02:25:32,158][flwr][DEBUG] - fit_round 15 received 6 results and 0 failures
[2026-01-23 02:25:32,632][flwr][INFO] - fit progress: (15, 25679902.0, {'rmse': 5067.534114340031, 'mae': 3523.220947265625, 'r2': 0.7955828309059143}, 230.30556087504374)
[2026-01-23 02:25:32,632][flwr][DEBUG] - evaluate_round 15: strategy sampled 6 clients (out of 12)
[2026-01-23 02:25:32,794][flwr][DEBUG] - evaluate_round 15 received 6 results and 0 failures
[2026-01-23 02:25:32,795][flwr][DEBUG] - fit_round 16: strategy sampled 6 clients (out of 12)
[2026-01-23 02:25:46,222][flwr][DEBUG] - fit_round 16 received 6 results and 0 failures
[2026-01-23 02:25:46,695][flwr][INFO] - fit progress: (16, 26043204.0, {'rmse': 5103.2542558645855, 'mae': 3570.639404296875, 'r2': 0.7926908731460571}, 244.36905391700566)
[2026-01-23 02:25:46,696][flwr][DEBUG] - evaluate_round 16: strategy sampled 6 clients (out of 12)
[2026-01-23 02:25:47,087][flwr][DEBUG] - evaluate_round 16 received 6 results and 0 failures
[2026-01-23 02:25:47,087][flwr][DEBUG] - fit_round 17: strategy sampled 6 clients (out of 12)
[2026-01-23 02:26:00,171][flwr][DEBUG] - fit_round 17 received 6 results and 0 failures
[2026-01-23 02:26:00,642][flwr][INFO] - fit progress: (17, 27541382.0, {'rmse': 5247.988376511518, 'mae': 3601.9716796875, 'r2': 0.7807650566101074}, 258.31606175005436)
[2026-01-23 02:26:00,643][flwr][DEBUG] - evaluate_round 17: strategy sampled 6 clients (out of 12)
[2026-01-23 02:26:00,750][flwr][DEBUG] - evaluate_round 17 received 6 results and 0 failures
[2026-01-23 02:26:00,750][flwr][DEBUG] - fit_round 18: strategy sampled 6 clients (out of 12)
[2026-01-23 02:26:13,925][flwr][DEBUG] - fit_round 18 received 6 results and 0 failures
[2026-01-23 02:26:14,419][flwr][INFO] - fit progress: (18, 28722712.0, {'rmse': 5359.357424169431, 'mae': 3596.61767578125, 'r2': 0.7713614702224731}, 272.0930473750341)
[2026-01-23 02:26:14,420][flwr][DEBUG] - evaluate_round 18: strategy sampled 6 clients (out of 12)
[2026-01-23 02:26:14,586][flwr][DEBUG] - evaluate_round 18 received 6 results and 0 failures
[2026-01-23 02:26:14,588][flwr][DEBUG] - fit_round 19: strategy sampled 6 clients (out of 12)
[2026-01-23 02:26:28,029][flwr][DEBUG] - fit_round 19 received 6 results and 0 failures
[2026-01-23 02:26:28,503][flwr][INFO] - fit progress: (19, 26185176.0, {'rmse': 5117.14529791758, 'mae': 3531.7099609375, 'r2': 0.7915607690811157}, 286.17670466704294)
[2026-01-23 02:26:28,503][flwr][DEBUG] - evaluate_round 19: strategy sampled 6 clients (out of 12)
[2026-01-23 02:26:28,685][flwr][DEBUG] - evaluate_round 19 received 6 results and 0 failures
[2026-01-23 02:26:28,685][flwr][DEBUG] - fit_round 20: strategy sampled 6 clients (out of 12)
[2026-01-23 02:26:41,943][flwr][DEBUG] - fit_round 20 received 6 results and 0 failures
[2026-01-23 02:26:42,449][flwr][INFO] - fit progress: (20, 26461594.0, {'rmse': 5144.083397457704, 'mae': 3502.18896484375, 'r2': 0.7893604040145874}, 300.1222535840352)
[2026-01-23 02:26:42,449][flwr][DEBUG] - evaluate_round 20: strategy sampled 6 clients (out of 12)
[2026-01-23 02:26:42,586][flwr][DEBUG] - evaluate_round 20 received 6 results and 0 failures
[2026-01-23 02:26:42,586][flwr][INFO] - FL finished in 300.2595462920144
[2026-01-23 02:26:42,586][flwr][INFO] - app_fit: losses_distributed [(1, 111827025.1709717), (2, 92121653.05159706), (3, 66552679.78487753), (4, 61338044.51783894), (5, 43760435.24384236), (6, 57486954.64485981), (7, 38004127.35491072), (8, 39694688.45580405), (9, 47762230.43715847), (10, 36284710.74630542), (11, 47689455.1621937), (12, 41574767.16491228), (13, 36402723.96659243), (14, 35539315.56457564), (15, 34831142.79598662), (16, 32076178.276169267), (17, 39814110.42260442), (18, 38848012.68105066), (19, 39486173.39119171), (20, 29768148.536203522)]
[2026-01-23 02:26:42,587][flwr][INFO] - app_fit: metrics_distributed_fit {}
[2026-01-23 02:26:42,587][flwr][INFO] - app_fit: metrics_distributed {}
[2026-01-23 02:26:42,587][flwr][INFO] - app_fit: losses_centralized [(0, 670458304.0), (1, 115971328.0), (2, 77966864.0), (3, 60008840.0), (4, 46225368.0), (5, 47749560.0), (6, 37441084.0), (7, 32256548.0), (8, 32702572.0), (9, 28837752.0), (10, 28629106.0), (11, 32553466.0), (12, 31438488.0), (13, 26915180.0), (14, 27430640.0), (15, 25679902.0), (16, 26043204.0), (17, 27541382.0), (18, 28722712.0), (19, 26185176.0), (20, 26461594.0)]
[2026-01-23 02:26:42,587][flwr][INFO] - app_fit: metrics_centralized {'rmse': [(0, 25893.209611788185), (1, 10768.998467824202), (2, 8829.884710459135), (3, 7746.537290944903), (4, 6798.924032521617), (5, 6910.105643186651), (6, 6118.91199479123), (7, 5679.484835792768), (8, 5718.616266195871), (9, 5370.079329022989), (10, 5350.617347559065), (11, 5705.564476894464), (12, 5607.003477794534), (13, 5187.984194270449), (14, 5237.426849131165), (15, 5067.534114340031), (16, 5103.2542558645855), (17, 5247.988376511518), (18, 5359.357424169431), (19, 5117.14529791758), (20, 5144.083397457704)], 'mae': [(0, 23200.755859375), (1, 7373.40478515625), (2, 5995.169921875), (3, 5260.12353515625), (4, 4649.7861328125), (5, 4586.15869140625), (6, 4165.35546875), (7, 3945.81591796875), (8, 3933.29345703125), (9, 3781.97998046875), (10, 3758.518798828125), (11, 3850.35693359375), (12, 3808.677001953125), (13, 3611.08544921875), (14, 3610.068115234375), (15, 3523.220947265625), (16, 3570.639404296875), (17, 3601.9716796875), (18, 3596.61767578125), (19, 3531.7099609375), (20, 3502.18896484375)], 'r2': [(0, -4.336982727050781), (1, 0.07684499025344849), (2, 0.3793681263923645), (3, 0.5223175883293152), (4, 0.6320368051528931), (5, 0.6199039220809937), (6, 0.7019614577293396), (7, 0.7432314157485962), (8, 0.7396810054779053), (9, 0.770445704460144), (10, 0.7721065878868103), (11, 0.7408678531646729), (12, 0.7497433423995972), (13, 0.7857497930526733), (14, 0.7816466093063354), (15, 0.7955828309059143), (16, 0.7926908731460571), (17, 0.7807650566101074), (18, 0.7713614702224731), (19, 0.7915607690811157), (20, 0.7893604040145874)]}
[2026-01-23 02:26:42,590][flwr][INFO] - Starting Flower simulation, config: ServerConfig(num_rounds=20, round_timeout=None)
[2026-01-23 02:26:50,622][flwr][INFO] - Flower VCE: Ray initialized with resources: {'node:127.0.0.1': 1.0, 'CPU': 10.0, 'object_store_memory': 2147483648.0, 'memory': 12335570944.0}
[2026-01-23 02:26:50,623][flwr][INFO] - Initializing global parameters
[2026-01-23 02:26:50,623][flwr][INFO] - Requesting initial parameters from one random client
[2026-01-23 02:26:54,365][flwr][INFO] - Received initial parameters from one random client
[2026-01-23 02:26:54,365][flwr][INFO] - Evaluating initial parameters
[2026-01-23 02:26:54,807][flwr][INFO] - initial parameters (loss, other metrics): 218050880.0, {'rmse': 14766.545973923625, 'mae': 8504.9736328125, 'r2': -0.7357287406921387}
[2026-01-23 02:26:54,807][flwr][INFO] - FL starting
[2026-01-23 02:26:54,809][flwr][DEBUG] - fit_round 1: strategy sampled 6 clients (out of 12)
[2026-01-23 02:27:15,028][flwr][DEBUG] - fit_round 1 received 6 results and 0 failures
[2026-01-23 02:27:15,040][flwr][WARNING] - No fit_metrics_aggregation_fn provided
[2026-01-23 02:27:15,586][flwr][INFO] - fit progress: (1, 97288376.0, {'rmse': 9863.487010180528, 'mae': 7665.978515625, 'r2': 0.22556501626968384}, 20.778592707996722)
[2026-01-23 02:27:15,586][flwr][DEBUG] - evaluate_round 1: strategy sampled 6 clients (out of 12)
[2026-01-23 02:27:15,962][flwr][DEBUG] - evaluate_round 1 received 6 results and 0 failures
[2026-01-23 02:27:15,962][flwr][WARNING] - No evaluate_metrics_aggregation_fn provided
[2026-01-23 02:27:15,963][flwr][DEBUG] - fit_round 2: strategy sampled 6 clients (out of 12)
[2026-01-23 02:27:30,301][flwr][DEBUG] - fit_round 2 received 6 results and 0 failures
[2026-01-23 02:27:30,818][flwr][INFO] - fit progress: (2, 74644672.0, {'rmse': 8639.714810108027, 'mae': 6540.60400390625, 'r2': 0.40581345558166504}, 36.01110866700765)
[2026-01-23 02:27:30,819][flwr][DEBUG] - evaluate_round 2: strategy sampled 6 clients (out of 12)
[2026-01-23 02:27:31,135][flwr][DEBUG] - evaluate_round 2 received 6 results and 0 failures
[2026-01-23 02:27:31,135][flwr][DEBUG] - fit_round 3: strategy sampled 6 clients (out of 12)
[2026-01-23 02:27:45,659][flwr][DEBUG] - fit_round 3 received 6 results and 0 failures
[2026-01-23 02:27:46,232][flwr][INFO] - fit progress: (3, 59521124.0, {'rmse': 7714.993454307009, 'mae': 5634.48779296875, 'r2': 0.5261999368667603}, 51.424477333028335)
[2026-01-23 02:27:46,232][flwr][DEBUG] - evaluate_round 3: strategy sampled 6 clients (out of 12)
[2026-01-23 02:27:46,657][flwr][DEBUG] - evaluate_round 3 received 6 results and 0 failures
[2026-01-23 02:27:46,658][flwr][DEBUG] - fit_round 4: strategy sampled 6 clients (out of 12)
[2026-01-23 02:28:01,099][flwr][DEBUG] - fit_round 4 received 6 results and 0 failures
[2026-01-23 02:28:01,601][flwr][INFO] - fit progress: (4, 51374168.0, {'rmse': 7167.577554515891, 'mae': 5126.1181640625, 'r2': 0.5910513401031494}, 66.79356570803793)
[2026-01-23 02:28:01,601][flwr][DEBUG] - evaluate_round 4: strategy sampled 6 clients (out of 12)
[2026-01-23 02:28:01,937][flwr][DEBUG] - evaluate_round 4 received 6 results and 0 failures
[2026-01-23 02:28:01,938][flwr][DEBUG] - fit_round 5: strategy sampled 6 clients (out of 12)
[2026-01-23 02:28:16,079][flwr][DEBUG] - fit_round 5 received 6 results and 0 failures
[2026-01-23 02:28:16,583][flwr][INFO] - fit progress: (5, 44868312.0, {'rmse': 6698.3812970000445, 'mae': 4614.896484375, 'r2': 0.6428391933441162}, 81.77526220801519)
[2026-01-23 02:28:16,583][flwr][DEBUG] - evaluate_round 5: strategy sampled 6 clients (out of 12)
[2026-01-23 02:28:16,940][flwr][DEBUG] - evaluate_round 5 received 6 results and 0 failures
[2026-01-23 02:28:16,941][flwr][DEBUG] - fit_round 6: strategy sampled 6 clients (out of 12)
[2026-01-23 02:28:29,944][flwr][DEBUG] - fit_round 6 received 6 results and 0 failures
[2026-01-23 02:28:30,398][flwr][INFO] - fit progress: (6, 41673020.0, {'rmse': 6455.464352004432, 'mae': 4408.67333984375, 'r2': 0.6682744026184082}, 95.59012295800494)
[2026-01-23 02:28:30,398][flwr][DEBUG] - evaluate_round 6: strategy sampled 6 clients (out of 12)
[2026-01-23 02:28:30,672][flwr][DEBUG] - evaluate_round 6 received 6 results and 0 failures
[2026-01-23 02:28:30,673][flwr][DEBUG] - fit_round 7: strategy sampled 6 clients (out of 12)
[2026-01-23 02:28:45,011][flwr][DEBUG] - fit_round 7 received 6 results and 0 failures
[2026-01-23 02:28:45,543][flwr][INFO] - fit progress: (7, 39971436.0, {'rmse': 6322.2967345736, 'mae': 4373.966796875, 'r2': 0.6818193793296814}, 110.7354995420319)
[2026-01-23 02:28:45,544][flwr][DEBUG] - evaluate_round 7: strategy sampled 6 clients (out of 12)
[2026-01-23 02:28:45,723][flwr][DEBUG] - evaluate_round 7 received 6 results and 0 failures
[2026-01-23 02:28:45,724][flwr][DEBUG] - fit_round 8: strategy sampled 6 clients (out of 12)
[2026-01-23 02:28:59,556][flwr][DEBUG] - fit_round 8 received 6 results and 0 failures
[2026-01-23 02:29:00,044][flwr][INFO] - fit progress: (8, 37582888.0, {'rmse': 6130.488398162091, 'mae': 4156.75244140625, 'r2': 0.7008326649665833}, 125.23570816701977)
[2026-01-23 02:29:00,044][flwr][DEBUG] - evaluate_round 8: strategy sampled 6 clients (out of 12)
[2026-01-23 02:29:00,224][flwr][DEBUG] - evaluate_round 8 received 6 results and 0 failures
[2026-01-23 02:29:00,225][flwr][DEBUG] - fit_round 9: strategy sampled 6 clients (out of 12)
[2026-01-23 02:29:08,629][flwr][DEBUG] - fit_round 9 received 6 results and 0 failures
[2026-01-23 02:29:09,093][flwr][INFO] - fit progress: (9, 38045148.0, {'rmse': 6168.074902268941, 'mae': 4052.040283203125, 'r2': 0.6971529722213745}, 134.28493900003377)
[2026-01-23 02:29:09,093][flwr][DEBUG] - evaluate_round 9: strategy sampled 6 clients (out of 12)
[2026-01-23 02:29:09,199][flwr][DEBUG] - evaluate_round 9 received 6 results and 0 failures
[2026-01-23 02:29:09,199][flwr][DEBUG] - fit_round 10: strategy sampled 6 clients (out of 12)
[2026-01-23 02:29:22,253][flwr][DEBUG] - fit_round 10 received 6 results and 0 failures
[2026-01-23 02:29:22,707][flwr][INFO] - fit progress: (10, 35496828.0, {'rmse': 5957.921449633252, 'mae': 3942.027587890625, 'r2': 0.7174381017684937}, 147.89941850001924)
[2026-01-23 02:29:22,708][flwr][DEBUG] - evaluate_round 10: strategy sampled 6 clients (out of 12)
[2026-01-23 02:29:23,006][flwr][DEBUG] - evaluate_round 10 received 6 results and 0 failures
[2026-01-23 02:29:23,007][flwr][DEBUG] - fit_round 11: strategy sampled 6 clients (out of 12)
[2026-01-23 02:29:38,382][flwr][DEBUG] - fit_round 11 received 6 results and 0 failures
[2026-01-23 02:29:38,994][flwr][INFO] - fit progress: (11, 33755172.0, {'rmse': 5809.920137144744, 'mae': 3840.430419921875, 'r2': 0.7313020825386047}, 164.185901208024)
[2026-01-23 02:29:38,994][flwr][DEBUG] - evaluate_round 11: strategy sampled 6 clients (out of 12)
[2026-01-23 02:29:39,504][flwr][DEBUG] - evaluate_round 11 received 6 results and 0 failures
[2026-01-23 02:29:39,505][flwr][DEBUG] - fit_round 12: strategy sampled 6 clients (out of 12)
[2026-01-23 02:29:48,694][flwr][DEBUG] - fit_round 12 received 6 results and 0 failures
[2026-01-23 02:29:49,202][flwr][INFO] - fit progress: (12, 36053376.0, {'rmse': 6004.44635249579, 'mae': 3803.3203125, 'r2': 0.713007926940918}, 174.39407483302057)
[2026-01-23 02:29:49,204][flwr][DEBUG] - evaluate_round 12: strategy sampled 6 clients (out of 12)
[2026-01-23 02:29:49,463][flwr][DEBUG] - evaluate_round 12 received 6 results and 0 failures
[2026-01-23 02:29:49,464][flwr][DEBUG] - fit_round 13: strategy sampled 6 clients (out of 12)
[2026-01-23 02:30:02,769][flwr][DEBUG] - fit_round 13 received 6 results and 0 failures
[2026-01-23 02:30:03,239][flwr][INFO] - fit progress: (13, 31283106.0, {'rmse': 5593.130250584193, 'mae': 3645.992431640625, 'r2': 0.7509801983833313}, 188.43125837499974)
[2026-01-23 02:30:03,240][flwr][DEBUG] - evaluate_round 13: strategy sampled 6 clients (out of 12)
[2026-01-23 02:30:03,416][flwr][DEBUG] - evaluate_round 13 received 6 results and 0 failures
[2026-01-23 02:30:03,417][flwr][DEBUG] - fit_round 14: strategy sampled 6 clients (out of 12)
[2026-01-23 02:30:16,422][flwr][DEBUG] - fit_round 14 received 6 results and 0 failures
[2026-01-23 02:30:16,895][flwr][INFO] - fit progress: (14, 28674872.0, {'rmse': 5354.89234252193, 'mae': 3512.14501953125, 'r2': 0.7717422842979431}, 202.08657816704363)
[2026-01-23 02:30:16,895][flwr][DEBUG] - evaluate_round 14: strategy sampled 6 clients (out of 12)
[2026-01-23 02:30:17,216][flwr][DEBUG] - evaluate_round 14 received 6 results and 0 failures
[2026-01-23 02:30:17,217][flwr][DEBUG] - fit_round 15: strategy sampled 6 clients (out of 12)
[2026-01-23 02:30:30,396][flwr][DEBUG] - fit_round 15 received 6 results and 0 failures
[2026-01-23 02:30:30,847][flwr][INFO] - fit progress: (15, 31156122.0, {'rmse': 5581.766924549967, 'mae': 3560.97412109375, 'r2': 0.7519910335540771}, 216.0390450420091)
[2026-01-23 02:30:30,848][flwr][DEBUG] - evaluate_round 15: strategy sampled 6 clients (out of 12)
[2026-01-23 02:30:30,997][flwr][DEBUG] - evaluate_round 15 received 6 results and 0 failures
[2026-01-23 02:30:30,998][flwr][DEBUG] - fit_round 16: strategy sampled 6 clients (out of 12)
[2026-01-23 02:30:43,925][flwr][DEBUG] - fit_round 16 received 6 results and 0 failures
[2026-01-23 02:30:44,445][flwr][INFO] - fit progress: (16, 29656302.0, {'rmse': 5445.760002056646, 'mae': 3468.7099609375, 'r2': 0.7639299035072327}, 229.63626641698647)
[2026-01-23 02:30:44,445][flwr][DEBUG] - evaluate_round 16: strategy sampled 6 clients (out of 12)
[2026-01-23 02:30:44,567][flwr][DEBUG] - evaluate_round 16 received 6 results and 0 failures
[2026-01-23 02:30:44,568][flwr][DEBUG] - fit_round 17: strategy sampled 6 clients (out of 12)
[2026-01-23 02:30:57,986][flwr][DEBUG] - fit_round 17 received 6 results and 0 failures
[2026-01-23 02:30:58,548][flwr][INFO] - fit progress: (17, 28655354.0, {'rmse': 5353.0695866950955, 'mae': 3490.39111328125, 'r2': 0.7718976140022278}, 243.7400777080329)
[2026-01-23 02:30:58,549][flwr][DEBUG] - evaluate_round 17: strategy sampled 6 clients (out of 12)
[2026-01-23 02:30:58,687][flwr][DEBUG] - evaluate_round 17 received 6 results and 0 failures
[2026-01-23 02:30:58,687][flwr][DEBUG] - fit_round 18: strategy sampled 6 clients (out of 12)
[2026-01-23 02:31:11,940][flwr][DEBUG] - fit_round 18 received 6 results and 0 failures
[2026-01-23 02:31:12,384][flwr][INFO] - fit progress: (18, 26668490.0, {'rmse': 5164.1543354164, 'mae': 3373.04296875, 'r2': 0.7877134680747986}, 257.5758661670261)
[2026-01-23 02:31:12,385][flwr][DEBUG] - evaluate_round 18: strategy sampled 6 clients (out of 12)
[2026-01-23 02:31:12,575][flwr][DEBUG] - evaluate_round 18 received 6 results and 0 failures
[2026-01-23 02:31:12,576][flwr][DEBUG] - fit_round 19: strategy sampled 6 clients (out of 12)
[2026-01-23 02:31:26,657][flwr][DEBUG] - fit_round 19 received 6 results and 0 failures
[2026-01-23 02:31:27,190][flwr][INFO] - fit progress: (19, 27053510.0, {'rmse': 5201.2988762423565, 'mae': 3321.720947265625, 'r2': 0.7846486568450928}, 272.38103962503374)
[2026-01-23 02:31:27,190][flwr][DEBUG] - evaluate_round 19: strategy sampled 6 clients (out of 12)
[2026-01-23 02:31:27,443][flwr][DEBUG] - evaluate_round 19 received 6 results and 0 failures
[2026-01-23 02:31:27,444][flwr][DEBUG] - fit_round 20: strategy sampled 6 clients (out of 12)
[2026-01-23 02:31:40,958][flwr][DEBUG] - fit_round 20 received 6 results and 0 failures
[2026-01-23 02:31:41,466][flwr][INFO] - fit progress: (20, 27126602.0, {'rmse': 5208.320458650754, 'mae': 3317.678466796875, 'r2': 0.7840667963027954}, 286.6571999579901)
[2026-01-23 02:31:41,466][flwr][DEBUG] - evaluate_round 20: strategy sampled 6 clients (out of 12)
[2026-01-23 02:31:41,669][flwr][DEBUG] - evaluate_round 20 received 6 results and 0 failures
[2026-01-23 02:31:41,669][flwr][INFO] - FL finished in 286.8608284170041
[2026-01-23 02:31:41,670][flwr][INFO] - app_fit: losses_distributed [(1, 117482053.90215264), (2, 84959529.28813559), (3, 72443782.90640394), (4, 62141643.21304791), (5, 58101204.844897956), (6, 46735929.73700306), (7, 57169884.761627905), (8, 40196193.179487176), (9, 46042250.41968912), (10, 46086382.90297542), (11, 44636152.35221675), (12, 46699341.51102465), (13, 36455707.70030581), (14, 33434970.649944257), (15, 39006632.67523365), (16, 36667828.72819767), (17, 28933347.08807135), (18, 34728112.85747664), (19, 35677825.126021005), (20, 30821300.091020912)]
[2026-01-23 02:31:41,670][flwr][INFO] - app_fit: metrics_distributed_fit {}
[2026-01-23 02:31:41,670][flwr][INFO] - app_fit: metrics_distributed {}
[2026-01-23 02:31:41,670][flwr][INFO] - app_fit: losses_centralized [(0, 218050880.0), (1, 97288376.0), (2, 74644672.0), (3, 59521124.0), (4, 51374168.0), (5, 44868312.0), (6, 41673020.0), (7, 39971436.0), (8, 37582888.0), (9, 38045148.0), (10, 35496828.0), (11, 33755172.0), (12, 36053376.0), (13, 31283106.0), (14, 28674872.0), (15, 31156122.0), (16, 29656302.0), (17, 28655354.0), (18, 26668490.0), (19, 27053510.0), (20, 27126602.0)]
[2026-01-23 02:31:41,670][flwr][INFO] - app_fit: metrics_centralized {'rmse': [(0, 14766.545973923625), (1, 9863.487010180528), (2, 8639.714810108027), (3, 7714.993454307009), (4, 7167.577554515891), (5, 6698.3812970000445), (6, 6455.464352004432), (7, 6322.2967345736), (8, 6130.488398162091), (9, 6168.074902268941), (10, 5957.921449633252), (11, 5809.920137144744), (12, 6004.44635249579), (13, 5593.130250584193), (14, 5354.89234252193), (15, 5581.766924549967), (16, 5445.760002056646), (17, 5353.0695866950955), (18, 5164.1543354164), (19, 5201.2988762423565), (20, 5208.320458650754)], 'mae': [(0, 8504.9736328125), (1, 7665.978515625), (2, 6540.60400390625), (3, 5634.48779296875), (4, 5126.1181640625), (5, 4614.896484375), (6, 4408.67333984375), (7, 4373.966796875), (8, 4156.75244140625), (9, 4052.040283203125), (10, 3942.027587890625), (11, 3840.430419921875), (12, 3803.3203125), (13, 3645.992431640625), (14, 3512.14501953125), (15, 3560.97412109375), (16, 3468.7099609375), (17, 3490.39111328125), (18, 3373.04296875), (19, 3321.720947265625), (20, 3317.678466796875)], 'r2': [(0, -0.7357287406921387), (1, 0.22556501626968384), (2, 0.40581345558166504), (3, 0.5261999368667603), (4, 0.5910513401031494), (5, 0.6428391933441162), (6, 0.6682744026184082), (7, 0.6818193793296814), (8, 0.7008326649665833), (9, 0.6971529722213745), (10, 0.7174381017684937), (11, 0.7313020825386047), (12, 0.713007926940918), (13, 0.7509801983833313), (14, 0.7717422842979431), (15, 0.7519910335540771), (16, 0.7639299035072327), (17, 0.7718976140022278), (18, 0.7877134680747986), (19, 0.7846486568450928), (20, 0.7840667963027954)]}
