[2026-01-16 23:29:14,779][flwr][INFO] - Starting Flower simulation, config: ServerConfig(num_rounds=25, round_timeout=None)
[2026-01-16 23:29:20,062][flwr][INFO] - Flower VCE: Ray initialized with resources: {'CPU': 10.0, 'object_store_memory': 2147483648.0, 'memory': 11460257383.0, 'node:127.0.0.1': 1.0}
[2026-01-16 23:29:20,062][flwr][INFO] - Initializing global parameters
[2026-01-16 23:29:20,063][flwr][INFO] - Using initial parameters provided by strategy
[2026-01-16 23:29:20,063][flwr][INFO] - Evaluating initial parameters
[2026-01-16 23:29:20,675][flwr][INFO] - initial parameters (loss, other metrics): 3.751187844883834, {'rmse': 15582.423431546198, 'mae': 10182.001953125, 'r2': -0.733591274930137, 'mape': 51.084510803222656, 'accuracy_10': 6.068204715847969, 'accuracy_20': 13.03911805152893}
[2026-01-16 23:29:20,675][flwr][INFO] - FL starting
[2026-01-16 23:29:20,675][flwr][DEBUG] - fit_round 1: strategy sampled 6 clients (out of 12)
[2026-01-16 23:29:29,221][flwr][DEBUG] - fit_round 1 received 6 results and 0 failures
[2026-01-16 23:29:29,224][flwr][WARNING] - No fit_metrics_aggregation_fn provided
[2026-01-16 23:29:29,428][flwr][INFO] - fit progress: (1, 0.19935801934633954, {'rmse': 5347.9094981123235, 'mae': 3163.056884765625, 'r2': 0.7958051413813583, 'mape': 18.807342529296875, 'accuracy_10': 26.128384470939636, 'accuracy_20': 56.92076086997986}, 8.753041499992833)
[2026-01-16 23:29:29,428][flwr][DEBUG] - evaluate_round 1: strategy sampled 6 clients (out of 12)
[2026-01-16 23:29:29,588][flwr][DEBUG] - evaluate_round 1 received 6 results and 0 failures
[2026-01-16 23:29:29,588][flwr][WARNING] - No evaluate_metrics_aggregation_fn provided
[2026-01-16 23:29:29,589][flwr][DEBUG] - fit_round 2: strategy sampled 6 clients (out of 12)
[2026-01-16 23:29:32,993][flwr][DEBUG] - fit_round 2 received 6 results and 0 failures
[2026-01-16 23:29:33,179][flwr][INFO] - fit progress: (2, 0.10204221536905142, {'rmse': 4409.993197273665, 'mae': 2344.728759765625, 'r2': 0.86114786572238, 'mape': 13.13754653930664, 'accuracy_10': 45.88766396045685, 'accuracy_20': 81.44433498382568}, 12.503905457997462)
[2026-01-16 23:29:33,179][flwr][DEBUG] - evaluate_round 2: strategy sampled 6 clients (out of 12)
[2026-01-16 23:29:33,320][flwr][DEBUG] - evaluate_round 2 received 6 results and 0 failures
[2026-01-16 23:29:33,320][flwr][DEBUG] - fit_round 3: strategy sampled 6 clients (out of 12)
[2026-01-16 23:29:36,577][flwr][DEBUG] - fit_round 3 received 6 results and 0 failures
[2026-01-16 23:29:36,765][flwr][INFO] - fit progress: (3, 0.07788953514267113, {'rmse': 4096.895654028792, 'mae': 2008.53515625, 'r2': 0.8801642192446473, 'mape': 11.280061721801758, 'accuracy_10': 57.27181434631348, 'accuracy_20': 87.31193542480469}, 16.089730749983573)
[2026-01-16 23:29:36,765][flwr][DEBUG] - evaluate_round 3: strategy sampled 6 clients (out of 12)
[2026-01-16 23:29:36,916][flwr][DEBUG] - evaluate_round 3 received 6 results and 0 failures
[2026-01-16 23:29:36,916][flwr][DEBUG] - fit_round 4: strategy sampled 6 clients (out of 12)
[2026-01-16 23:29:40,111][flwr][DEBUG] - fit_round 4 received 6 results and 0 failures
[2026-01-16 23:29:40,305][flwr][INFO] - fit progress: (4, 0.06852169247828013, {'rmse': 4044.314775088606, 'mae': 1932.3955078125, 'r2': 0.8832204951286606, 'mape': 10.420347213745117, 'accuracy_10': 60.18053889274597, 'accuracy_20': 89.21765089035034}, 19.629819624999072)
[2026-01-16 23:29:40,305][flwr][DEBUG] - evaluate_round 4: strategy sampled 6 clients (out of 12)
[2026-01-16 23:29:40,462][flwr][DEBUG] - evaluate_round 4 received 6 results and 0 failures
[2026-01-16 23:29:40,462][flwr][DEBUG] - fit_round 5: strategy sampled 6 clients (out of 12)
[2026-01-16 23:29:43,792][flwr][DEBUG] - fit_round 5 received 6 results and 0 failures
[2026-01-16 23:29:43,981][flwr][INFO] - fit progress: (5, 0.0633495679067274, {'rmse': 3996.8082265727985, 'mae': 1862.578125, 'r2': 0.8859478860905129, 'mape': 9.942059516906738, 'accuracy_10': 63.089269399642944, 'accuracy_20': 90.07021188735962}, 23.306509832997108)
[2026-01-16 23:29:43,982][flwr][DEBUG] - evaluate_round 5: strategy sampled 6 clients (out of 12)
[2026-01-16 23:29:44,137][flwr][DEBUG] - evaluate_round 5 received 6 results and 0 failures
[2026-01-16 23:29:44,138][flwr][DEBUG] - fit_round 6: strategy sampled 6 clients (out of 12)
[2026-01-16 23:29:47,398][flwr][DEBUG] - fit_round 6 received 6 results and 0 failures
[2026-01-16 23:29:47,580][flwr][INFO] - fit progress: (6, 0.06376015468908768, {'rmse': 4211.650270380958, 'mae': 1936.015869140625, 'r2': 0.8733569686586529, 'mape': 9.672500610351562, 'accuracy_10': 62.587761878967285, 'accuracy_20': 91.62487387657166}, 26.90532258298481)
[2026-01-16 23:29:47,580][flwr][DEBUG] - evaluate_round 6: strategy sampled 6 clients (out of 12)
[2026-01-16 23:29:47,723][flwr][DEBUG] - evaluate_round 6 received 6 results and 0 failures
[2026-01-16 23:29:47,724][flwr][DEBUG] - fit_round 7: strategy sampled 6 clients (out of 12)
[2026-01-16 23:29:50,949][flwr][DEBUG] - fit_round 7 received 6 results and 0 failures
[2026-01-16 23:29:51,180][flwr][INFO] - fit progress: (7, 0.05857495370777763, {'rmse': 4015.602445461951, 'mae': 1724.75634765625, 'r2': 0.8848727513804221, 'mape': 9.175336837768555, 'accuracy_10': 71.31394147872925, 'accuracy_20': 91.57472252845764}, 30.505589332984528)
[2026-01-16 23:29:51,181][flwr][DEBUG] - evaluate_round 7: strategy sampled 6 clients (out of 12)
[2026-01-16 23:29:51,316][flwr][DEBUG] - evaluate_round 7 received 6 results and 0 failures
[2026-01-16 23:29:51,316][flwr][DEBUG] - fit_round 8: strategy sampled 6 clients (out of 12)
[2026-01-16 23:29:54,609][flwr][DEBUG] - fit_round 8 received 6 results and 0 failures
[2026-01-16 23:29:54,809][flwr][INFO] - fit progress: (8, 0.051798578022924084, {'rmse': 3967.133852039782, 'mae': 1660.6871337890625, 'r2': 0.8876351647366609, 'mape': 8.386995315551758, 'accuracy_10': 72.56770133972168, 'accuracy_20': 91.72517657279968}, 34.13399216698599)
[2026-01-16 23:29:54,809][flwr][DEBUG] - evaluate_round 8: strategy sampled 6 clients (out of 12)
[2026-01-16 23:29:54,942][flwr][DEBUG] - evaluate_round 8 received 6 results and 0 failures
[2026-01-16 23:29:54,943][flwr][DEBUG] - fit_round 9: strategy sampled 6 clients (out of 12)
[2026-01-16 23:29:58,094][flwr][DEBUG] - fit_round 9 received 6 results and 0 failures
[2026-01-16 23:29:58,282][flwr][INFO] - fit progress: (9, 0.05103964535304632, {'rmse': 4113.873114231891, 'mae': 1798.4520263671875, 'r2': 0.8791689628725075, 'mape': 8.564688682556152, 'accuracy_10': 70.51153182983398, 'accuracy_20': 93.48044395446777}, 37.607629707985325)
[2026-01-16 23:29:58,283][flwr][DEBUG] - evaluate_round 9: strategy sampled 6 clients (out of 12)
[2026-01-16 23:29:58,409][flwr][DEBUG] - evaluate_round 9 received 6 results and 0 failures
[2026-01-16 23:29:58,409][flwr][DEBUG] - fit_round 10: strategy sampled 6 clients (out of 12)
[2026-01-16 23:30:00,475][flwr][DEBUG] - fit_round 10 received 6 results and 0 failures
[2026-01-16 23:30:00,657][flwr][INFO] - fit progress: (10, 0.07217672021840975, {'rmse': 4921.837461761614, 'mae': 2126.821533203125, 'r2': 0.8270457478120097, 'mape': 9.33346939086914, 'accuracy_10': 65.89769124984741, 'accuracy_20': 90.32096266746521}, 39.98231154200039)
[2026-01-16 23:30:00,657][flwr][DEBUG] - evaluate_round 10: strategy sampled 6 clients (out of 12)
[2026-01-16 23:30:00,795][flwr][DEBUG] - evaluate_round 10 received 6 results and 0 failures
[2026-01-16 23:30:00,795][flwr][DEBUG] - fit_round 11: strategy sampled 6 clients (out of 12)
[2026-01-16 23:30:02,805][flwr][DEBUG] - fit_round 11 received 6 results and 0 failures
[2026-01-16 23:30:02,990][flwr][INFO] - fit progress: (11, 0.0512858556645176, {'rmse': 3857.752972910526, 'mae': 1680.12109375, 'r2': 0.8937459345863803, 'mape': 8.709856033325195, 'accuracy_10': 73.67101311683655, 'accuracy_20': 94.08224821090698}, 42.31545479199849)
[2026-01-16 23:30:02,990][flwr][DEBUG] - evaluate_round 11: strategy sampled 6 clients (out of 12)
[2026-01-16 23:30:03,110][flwr][DEBUG] - evaluate_round 11 received 6 results and 0 failures
[2026-01-16 23:30:03,111][flwr][DEBUG] - fit_round 12: strategy sampled 6 clients (out of 12)
[2026-01-16 23:30:06,393][flwr][DEBUG] - fit_round 12 received 6 results and 0 failures
[2026-01-16 23:30:06,581][flwr][INFO] - fit progress: (12, 0.06557991955599327, {'rmse': 4489.520464370332, 'mae': 1657.9068603515625, 'r2': 0.856094756050544, 'mape': 8.795638084411621, 'accuracy_10': 76.57973766326904, 'accuracy_20': 89.61885571479797}, 45.90587212497485)
[2026-01-16 23:30:06,581][flwr][DEBUG] - evaluate_round 12: strategy sampled 6 clients (out of 12)
[2026-01-16 23:30:06,700][flwr][DEBUG] - evaluate_round 12 received 6 results and 0 failures
[2026-01-16 23:30:06,700][flwr][DEBUG] - fit_round 13: strategy sampled 6 clients (out of 12)
[2026-01-16 23:30:09,774][flwr][DEBUG] - fit_round 13 received 6 results and 0 failures
[2026-01-16 23:30:09,969][flwr][INFO] - fit progress: (13, 0.0459062748569005, {'rmse': 3926.0035659688338, 'mae': 1531.9444580078125, 'r2': 0.8899530298066975, 'mape': 7.5529890060424805, 'accuracy_10': 78.43530774116516, 'accuracy_20': 92.72818565368652}, 49.29422958299983)
[2026-01-16 23:30:09,969][flwr][DEBUG] - evaluate_round 13: strategy sampled 6 clients (out of 12)
[2026-01-16 23:30:10,098][flwr][DEBUG] - evaluate_round 13 received 6 results and 0 failures
[2026-01-16 23:30:10,098][flwr][DEBUG] - fit_round 14: strategy sampled 6 clients (out of 12)
[2026-01-16 23:30:13,528][flwr][DEBUG] - fit_round 14 received 6 results and 0 failures
[2026-01-16 23:30:13,802][flwr][INFO] - fit progress: (14, 0.04510891433420368, {'rmse': 3917.4976707076676, 'mae': 1489.9114990234375, 'r2': 0.8904293593025463, 'mape': 7.409073352813721, 'accuracy_10': 80.34102320671082, 'accuracy_20': 93.12939047813416}, 53.12775937499828)
[2026-01-16 23:30:13,803][flwr][DEBUG] - evaluate_round 14: strategy sampled 6 clients (out of 12)
[2026-01-16 23:30:13,888][flwr][DEBUG] - evaluate_round 14 received 6 results and 0 failures
[2026-01-16 23:30:13,888][flwr][DEBUG] - fit_round 15: strategy sampled 6 clients (out of 12)
[2026-01-16 23:30:17,398][flwr][DEBUG] - fit_round 15 received 6 results and 0 failures
[2026-01-16 23:30:17,615][flwr][INFO] - fit progress: (15, 0.043677016097861704, {'rmse': 3935.600716536168, 'mae': 1520.6121826171875, 'r2': 0.8894143478360853, 'mape': 7.344240188598633, 'accuracy_10': 80.04012107849121, 'accuracy_20': 93.73119473457336}, 56.93996833299752)
[2026-01-16 23:30:17,615][flwr][DEBUG] - evaluate_round 15: strategy sampled 6 clients (out of 12)
[2026-01-16 23:30:17,791][flwr][DEBUG] - evaluate_round 15 received 6 results and 0 failures
[2026-01-16 23:30:17,792][flwr][DEBUG] - fit_round 16: strategy sampled 6 clients (out of 12)
[2026-01-16 23:30:21,122][flwr][DEBUG] - fit_round 16 received 6 results and 0 failures
[2026-01-16 23:30:21,321][flwr][INFO] - fit progress: (16, 0.05092218719140711, {'rmse': 4136.8415488147475, 'mae': 1450.2724609375, 'r2': 0.8778159515684284, 'mape': 7.4158453941345215, 'accuracy_10': 81.7953884601593, 'accuracy_20': 91.87562465667725}, 60.646206082979916)
[2026-01-16 23:30:21,321][flwr][DEBUG] - evaluate_round 16: strategy sampled 6 clients (out of 12)
[2026-01-16 23:30:21,451][flwr][DEBUG] - evaluate_round 16 received 6 results and 0 failures
[2026-01-16 23:30:21,452][flwr][DEBUG] - fit_round 17: strategy sampled 6 clients (out of 12)
[2026-01-16 23:30:25,068][flwr][DEBUG] - fit_round 17 received 6 results and 0 failures
[2026-01-16 23:30:25,298][flwr][INFO] - fit progress: (17, 0.043911773817933195, {'rmse': 4065.874321717286, 'mae': 1585.2633056640625, 'r2': 0.8819721183609097, 'mape': 7.354130744934082, 'accuracy_10': 78.78636121749878, 'accuracy_20': 94.08224821090698}, 64.62316449999344)
[2026-01-16 23:30:25,298][flwr][DEBUG] - evaluate_round 17: strategy sampled 6 clients (out of 12)
[2026-01-16 23:30:25,373][flwr][DEBUG] - evaluate_round 17 received 6 results and 0 failures
[2026-01-16 23:30:25,373][flwr][DEBUG] - fit_round 18: strategy sampled 6 clients (out of 12)
[2026-01-16 23:30:28,928][flwr][DEBUG] - fit_round 18 received 6 results and 0 failures
[2026-01-16 23:30:29,152][flwr][INFO] - fit progress: (18, 0.0487371296449046, {'rmse': 4224.832541060059, 'mae': 1435.0499267578125, 'r2': 0.8725629517272904, 'mape': 7.1168928146362305, 'accuracy_10': 82.99899697303772, 'accuracy_20': 92.22667813301086}, 68.47689687498496)
[2026-01-16 23:30:29,152][flwr][DEBUG] - evaluate_round 18: strategy sampled 6 clients (out of 12)
[2026-01-16 23:30:29,224][flwr][DEBUG] - evaluate_round 18 received 6 results and 0 failures
[2026-01-16 23:30:29,224][flwr][DEBUG] - fit_round 19: strategy sampled 6 clients (out of 12)
[2026-01-16 23:30:32,933][flwr][DEBUG] - fit_round 19 received 6 results and 0 failures
[2026-01-16 23:30:33,196][flwr][INFO] - fit progress: (19, 0.04888912205142506, {'rmse': 4218.376939060804, 'mae': 1427.2308349609375, 'r2': 0.8729520992200273, 'mape': 7.1297688484191895, 'accuracy_10': 83.04914832115173, 'accuracy_20': 92.42728352546692}, 72.5216403749946)
[2026-01-16 23:30:33,198][flwr][DEBUG] - evaluate_round 19: strategy sampled 6 clients (out of 12)
[2026-01-16 23:30:33,344][flwr][DEBUG] - evaluate_round 19 received 6 results and 0 failures
[2026-01-16 23:30:33,345][flwr][DEBUG] - fit_round 20: strategy sampled 6 clients (out of 12)
[2026-01-16 23:30:36,955][flwr][DEBUG] - fit_round 20 received 6 results and 0 failures
[2026-01-16 23:30:37,172][flwr][INFO] - fit progress: (20, 0.041063399863062254, {'rmse': 4009.4623080906995, 'mae': 1473.4151611328125, 'r2': 0.8852245519186758, 'mape': 6.799744129180908, 'accuracy_10': 82.19658732414246, 'accuracy_20': 93.63089203834534}, 76.49728208300075)
[2026-01-16 23:30:37,191][flwr][DEBUG] - evaluate_round 20: strategy sampled 6 clients (out of 12)
[2026-01-16 23:30:37,369][flwr][DEBUG] - evaluate_round 20 received 6 results and 0 failures
[2026-01-16 23:30:37,369][flwr][DEBUG] - fit_round 21: strategy sampled 6 clients (out of 12)
[2026-01-16 23:30:40,492][flwr][DEBUG] - fit_round 21 received 6 results and 0 failures
[2026-01-16 23:30:40,688][flwr][INFO] - fit progress: (21, 0.040124391262590466, {'rmse': 4009.957605760939, 'mae': 1465.6588134765625, 'r2': 0.8851961952186982, 'mape': 6.75343656539917, 'accuracy_10': 82.0962905883789, 'accuracy_20': 94.18254494667053}, 80.01283299998613)
[2026-01-16 23:30:40,688][flwr][DEBUG] - evaluate_round 21: strategy sampled 6 clients (out of 12)
[2026-01-16 23:30:40,760][flwr][DEBUG] - evaluate_round 21 received 6 results and 0 failures
[2026-01-16 23:30:40,760][flwr][DEBUG] - fit_round 22: strategy sampled 6 clients (out of 12)
[2026-01-16 23:30:44,062][flwr][DEBUG] - fit_round 22 received 6 results and 0 failures
[2026-01-16 23:30:44,273][flwr][INFO] - fit progress: (22, 0.04617235793217404, {'rmse': 4048.413269418032, 'mae': 1366.350341796875, 'r2': 0.8829836906517075, 'mape': 6.892054557800293, 'accuracy_10': 84.1524600982666, 'accuracy_20': 93.17953586578369}, 83.59806966700125)
[2026-01-16 23:30:44,273][flwr][DEBUG] - evaluate_round 22: strategy sampled 6 clients (out of 12)
[2026-01-16 23:30:44,423][flwr][DEBUG] - evaluate_round 22 received 6 results and 0 failures
[2026-01-16 23:30:44,423][flwr][DEBUG] - fit_round 23: strategy sampled 6 clients (out of 12)
[2026-01-16 23:30:48,140][flwr][DEBUG] - fit_round 23 received 6 results and 0 failures
[2026-01-16 23:30:48,352][flwr][INFO] - fit progress: (23, 0.03984390388905195, {'rmse': 4047.344685099108, 'mae': 1469.419677734375, 'r2': 0.8830454564866989, 'mape': 6.693542957305908, 'accuracy_10': 82.74824619293213, 'accuracy_20': 93.93179416656494}, 87.67684645799454)
[2026-01-16 23:30:48,352][flwr][DEBUG] - evaluate_round 23: strategy sampled 6 clients (out of 12)
[2026-01-16 23:30:48,525][flwr][DEBUG] - evaluate_round 23 received 6 results and 0 failures
[2026-01-16 23:30:48,526][flwr][DEBUG] - fit_round 24: strategy sampled 6 clients (out of 12)
[2026-01-16 23:30:51,671][flwr][DEBUG] - fit_round 24 received 6 results and 0 failures
[2026-01-16 23:30:51,863][flwr][INFO] - fit progress: (24, 0.044698570464964706, {'rmse': 4192.653575004737, 'mae': 1378.660888671875, 'r2': 0.8744968390675807, 'mape': 6.693793773651123, 'accuracy_10': 84.50350761413574, 'accuracy_20': 92.97893643379211}, 91.18861470799311)
[2026-01-16 23:30:51,864][flwr][DEBUG] - evaluate_round 24: strategy sampled 6 clients (out of 12)
[2026-01-16 23:30:51,986][flwr][DEBUG] - evaluate_round 24 received 6 results and 0 failures
[2026-01-16 23:30:51,986][flwr][DEBUG] - fit_round 25: strategy sampled 6 clients (out of 12)
[2026-01-16 23:30:55,293][flwr][DEBUG] - fit_round 25 received 6 results and 0 failures
[2026-01-16 23:30:55,484][flwr][INFO] - fit progress: (25, 0.04059107201276655, {'rmse': 4272.774976522868, 'mae': 1671.7314453125, 'r2': 0.8696542890758993, 'mape': 7.007144927978516, 'accuracy_10': 79.28786277770996, 'accuracy_20': 94.63390111923218}, 94.80925529199885)
[2026-01-16 23:30:55,484][flwr][DEBUG] - evaluate_round 25: strategy sampled 6 clients (out of 12)
[2026-01-16 23:30:55,632][flwr][DEBUG] - evaluate_round 25 received 6 results and 0 failures
[2026-01-16 23:30:55,634][flwr][INFO] - FL finished in 94.9589877499966
[2026-01-16 23:30:55,635][flwr][INFO] - app_fit: losses_distributed [(1, 0.21731820023644752), (2, 0.11474246550181387), (3, 0.0760600599713465), (4, 0.07343372938240295), (5, 0.055977979430721345), (6, 0.06501133579559316), (7, 0.06129934731148934), (8, 0.07748343803909387), (9, 0.05481553883379092), (10, 0.07007223946860083), (11, 0.06762652520054788), (12, 0.047166898092776015), (13, 0.08502596856655532), (14, 0.05108914145074265), (15, 0.029685925333059367), (16, 0.05937608085181667), (17, 0.07901879065547751), (18, 0.04666120602294456), (19, 0.033157484986017956), (20, 0.03235990066067734), (21, 0.0478950134667263), (22, 0.051456975297948786), (23, 0.03165535908178446), (24, 0.05787067148130146), (25, 0.04604544604151714)]
[2026-01-16 23:30:55,636][flwr][INFO] - app_fit: metrics_distributed_fit {}
[2026-01-16 23:30:55,636][flwr][INFO] - app_fit: metrics_distributed {}
[2026-01-16 23:30:55,636][flwr][INFO] - app_fit: losses_centralized [(0, 3.751187844883834), (1, 0.19935801934633954), (2, 0.10204221536905142), (3, 0.07788953514267113), (4, 0.06852169247828013), (5, 0.0633495679067274), (6, 0.06376015468908768), (7, 0.05857495370777763), (8, 0.051798578022924084), (9, 0.05103964535304632), (10, 0.07217672021840975), (11, 0.0512858556645176), (12, 0.06557991955599327), (13, 0.0459062748569005), (14, 0.04510891433420368), (15, 0.043677016097861704), (16, 0.05092218719140711), (17, 0.043911773817933195), (18, 0.0487371296449046), (19, 0.04888912205142506), (20, 0.041063399863062254), (21, 0.040124391262590466), (22, 0.04617235793217404), (23, 0.03984390388905195), (24, 0.044698570464964706), (25, 0.04059107201276655)]
[2026-01-16 23:30:55,637][flwr][INFO] - app_fit: metrics_centralized {'rmse': [(0, 15582.423431546198), (1, 5347.9094981123235), (2, 4409.993197273665), (3, 4096.895654028792), (4, 4044.314775088606), (5, 3996.8082265727985), (6, 4211.650270380958), (7, 4015.602445461951), (8, 3967.133852039782), (9, 4113.873114231891), (10, 4921.837461761614), (11, 3857.752972910526), (12, 4489.520464370332), (13, 3926.0035659688338), (14, 3917.4976707076676), (15, 3935.600716536168), (16, 4136.8415488147475), (17, 4065.874321717286), (18, 4224.832541060059), (19, 4218.376939060804), (20, 4009.4623080906995), (21, 4009.957605760939), (22, 4048.413269418032), (23, 4047.344685099108), (24, 4192.653575004737), (25, 4272.774976522868)], 'mae': [(0, 10182.001953125), (1, 3163.056884765625), (2, 2344.728759765625), (3, 2008.53515625), (4, 1932.3955078125), (5, 1862.578125), (6, 1936.015869140625), (7, 1724.75634765625), (8, 1660.6871337890625), (9, 1798.4520263671875), (10, 2126.821533203125), (11, 1680.12109375), (12, 1657.9068603515625), (13, 1531.9444580078125), (14, 1489.9114990234375), (15, 1520.6121826171875), (16, 1450.2724609375), (17, 1585.2633056640625), (18, 1435.0499267578125), (19, 1427.2308349609375), (20, 1473.4151611328125), (21, 1465.6588134765625), (22, 1366.350341796875), (23, 1469.419677734375), (24, 1378.660888671875), (25, 1671.7314453125)], 'r2': [(0, -0.733591274930137), (1, 0.7958051413813583), (2, 0.86114786572238), (3, 0.8801642192446473), (4, 0.8832204951286606), (5, 0.8859478860905129), (6, 0.8733569686586529), (7, 0.8848727513804221), (8, 0.8876351647366609), (9, 0.8791689628725075), (10, 0.8270457478120097), (11, 0.8937459345863803), (12, 0.856094756050544), (13, 0.8899530298066975), (14, 0.8904293593025463), (15, 0.8894143478360853), (16, 0.8778159515684284), (17, 0.8819721183609097), (18, 0.8725629517272904), (19, 0.8729520992200273), (20, 0.8852245519186758), (21, 0.8851961952186982), (22, 0.8829836906517075), (23, 0.8830454564866989), (24, 0.8744968390675807), (25, 0.8696542890758993)], 'mape': [(0, 51.084510803222656), (1, 18.807342529296875), (2, 13.13754653930664), (3, 11.280061721801758), (4, 10.420347213745117), (5, 9.942059516906738), (6, 9.672500610351562), (7, 9.175336837768555), (8, 8.386995315551758), (9, 8.564688682556152), (10, 9.33346939086914), (11, 8.709856033325195), (12, 8.795638084411621), (13, 7.5529890060424805), (14, 7.409073352813721), (15, 7.344240188598633), (16, 7.4158453941345215), (17, 7.354130744934082), (18, 7.1168928146362305), (19, 7.1297688484191895), (20, 6.799744129180908), (21, 6.75343656539917), (22, 6.892054557800293), (23, 6.693542957305908), (24, 6.693793773651123), (25, 7.007144927978516)], 'accuracy_10': [(0, 6.068204715847969), (1, 26.128384470939636), (2, 45.88766396045685), (3, 57.27181434631348), (4, 60.18053889274597), (5, 63.089269399642944), (6, 62.587761878967285), (7, 71.31394147872925), (8, 72.56770133972168), (9, 70.51153182983398), (10, 65.89769124984741), (11, 73.67101311683655), (12, 76.57973766326904), (13, 78.43530774116516), (14, 80.34102320671082), (15, 80.04012107849121), (16, 81.7953884601593), (17, 78.78636121749878), (18, 82.99899697303772), (19, 83.04914832115173), (20, 82.19658732414246), (21, 82.0962905883789), (22, 84.1524600982666), (23, 82.74824619293213), (24, 84.50350761413574), (25, 79.28786277770996)], 'accuracy_20': [(0, 13.03911805152893), (1, 56.92076086997986), (2, 81.44433498382568), (3, 87.31193542480469), (4, 89.21765089035034), (5, 90.07021188735962), (6, 91.62487387657166), (7, 91.57472252845764), (8, 91.72517657279968), (9, 93.48044395446777), (10, 90.32096266746521), (11, 94.08224821090698), (12, 89.61885571479797), (13, 92.72818565368652), (14, 93.12939047813416), (15, 93.73119473457336), (16, 91.87562465667725), (17, 94.08224821090698), (18, 92.22667813301086), (19, 92.42728352546692), (20, 93.63089203834534), (21, 94.18254494667053), (22, 93.17953586578369), (23, 93.93179416656494), (24, 92.97893643379211), (25, 94.63390111923218)]}
[2026-01-16 23:30:56,042][flwr][INFO] - Starting Flower simulation, config: ServerConfig(num_rounds=25, round_timeout=None)
[2026-01-16 23:31:03,493][flwr][INFO] - Flower VCE: Ray initialized with resources: {'node:127.0.0.1': 1.0, 'object_store_memory': 2147483648.0, 'CPU': 10.0, 'memory': 12376810701.0}
[2026-01-16 23:31:03,493][flwr][INFO] - Initializing global parameters
[2026-01-16 23:31:03,494][flwr][INFO] - Using initial parameters provided by strategy
[2026-01-16 23:31:03,494][flwr][INFO] - Evaluating initial parameters
[2026-01-16 23:31:03,680][flwr][INFO] - initial parameters (loss, other metrics): 3.751187844883834, {'rmse': 15582.423431546198, 'mae': 10182.001953125, 'r2': -0.733591274930137, 'mape': 51.084510803222656, 'accuracy_10': 6.068204715847969, 'accuracy_20': 13.03911805152893}
[2026-01-16 23:31:03,680][flwr][INFO] - FL starting
[2026-01-16 23:31:03,680][flwr][DEBUG] - fit_round 1: strategy sampled 6 clients (out of 12)
[2026-01-16 23:31:13,440][flwr][DEBUG] - fit_round 1 received 6 results and 0 failures
[2026-01-16 23:31:13,444][flwr][WARNING] - No fit_metrics_aggregation_fn provided
[2026-01-16 23:31:13,641][flwr][INFO] - fit progress: (1, 0.22767566404526787, {'rmse': 5866.863216404487, 'mae': 3274.3359375, 'r2': 0.7542527570309363, 'mape': 19.19607162475586, 'accuracy_10': 28.335005044937134, 'accuracy_20': 57.773321866989136}, 9.96135366699309)
[2026-01-16 23:31:13,642][flwr][DEBUG] - evaluate_round 1: strategy sampled 6 clients (out of 12)
[2026-01-16 23:31:13,819][flwr][DEBUG] - evaluate_round 1 received 6 results and 0 failures
[2026-01-16 23:31:13,819][flwr][WARNING] - No evaluate_metrics_aggregation_fn provided
[2026-01-16 23:31:13,819][flwr][DEBUG] - fit_round 2: strategy sampled 6 clients (out of 12)
[2026-01-16 23:31:18,699][flwr][DEBUG] - fit_round 2 received 6 results and 0 failures
[2026-01-16 23:31:18,881][flwr][INFO] - fit progress: (2, 0.10646941484799356, {'rmse': 4972.451910275252, 'mae': 2451.34765625, 'r2': 0.8234702517318193, 'mape': 13.195683479309082, 'accuracy_10': 54.21263575553894, 'accuracy_20': 84.10230875015259}, 15.20119141699979)
[2026-01-16 23:31:18,881][flwr][DEBUG] - evaluate_round 2: strategy sampled 6 clients (out of 12)
[2026-01-16 23:31:19,003][flwr][DEBUG] - evaluate_round 2 received 6 results and 0 failures
[2026-01-16 23:31:19,003][flwr][DEBUG] - fit_round 3: strategy sampled 6 clients (out of 12)
[2026-01-16 23:31:23,554][flwr][DEBUG] - fit_round 3 received 6 results and 0 failures
[2026-01-16 23:31:23,743][flwr][INFO] - fit progress: (3, 0.09398114721598094, {'rmse': 4966.958626765478, 'mae': 2284.409912109375, 'r2': 0.8238600738602939, 'mape': 11.777169227600098, 'accuracy_10': 50.15045404434204, 'accuracy_20': 85.35606861114502}, 20.0630857499782)
[2026-01-16 23:31:23,743][flwr][DEBUG] - evaluate_round 3: strategy sampled 6 clients (out of 12)
[2026-01-16 23:31:23,897][flwr][DEBUG] - evaluate_round 3 received 6 results and 0 failures
[2026-01-16 23:31:23,897][flwr][DEBUG] - fit_round 4: strategy sampled 6 clients (out of 12)
[2026-01-16 23:31:28,800][flwr][DEBUG] - fit_round 4 received 6 results and 0 failures
[2026-01-16 23:31:28,985][flwr][INFO] - fit progress: (4, 0.07305627751912372, {'rmse': 4230.701360294768, 'mae': 1959.2020263671875, 'r2': 0.8722086506370087, 'mape': 10.450186729431152, 'accuracy_10': 64.09227848052979, 'accuracy_20': 88.81645202636719}, 25.30516187500325)
[2026-01-16 23:31:28,985][flwr][DEBUG] - evaluate_round 4: strategy sampled 6 clients (out of 12)
[2026-01-16 23:31:29,117][flwr][DEBUG] - evaluate_round 4 received 6 results and 0 failures
[2026-01-16 23:31:29,117][flwr][DEBUG] - fit_round 5: strategy sampled 6 clients (out of 12)
[2026-01-16 23:31:34,138][flwr][DEBUG] - fit_round 5 received 6 results and 0 failures
[2026-01-16 23:31:34,346][flwr][INFO] - fit progress: (5, 0.06375587093405642, {'rmse': 4161.875538744522, 'mae': 1866.828369140625, 'r2': 0.8763326989019746, 'mape': 9.548542976379395, 'accuracy_10': 65.59678912162781, 'accuracy_20': 89.86960649490356}, 30.666077707981458)
[2026-01-16 23:31:34,346][flwr][DEBUG] - evaluate_round 5: strategy sampled 6 clients (out of 12)
[2026-01-16 23:31:34,527][flwr][DEBUG] - evaluate_round 5 received 6 results and 0 failures
[2026-01-16 23:31:34,527][flwr][DEBUG] - fit_round 6: strategy sampled 6 clients (out of 12)
[2026-01-16 23:31:39,522][flwr][DEBUG] - fit_round 6 received 6 results and 0 failures
[2026-01-16 23:31:39,726][flwr][INFO] - fit progress: (6, 0.061885294714641784, {'rmse': 3961.1783600337917, 'mae': 1753.9022216796875, 'r2': 0.887972277281624, 'mape': 9.266860961914062, 'accuracy_10': 69.85957622528076, 'accuracy_20': 89.91975784301758}, 36.0457596249762)
[2026-01-16 23:31:39,726][flwr][DEBUG] - evaluate_round 6: strategy sampled 6 clients (out of 12)
[2026-01-16 23:31:39,897][flwr][DEBUG] - evaluate_round 6 received 6 results and 0 failures
[2026-01-16 23:31:39,897][flwr][DEBUG] - fit_round 7: strategy sampled 6 clients (out of 12)
[2026-01-16 23:31:45,216][flwr][DEBUG] - fit_round 7 received 6 results and 0 failures
[2026-01-16 23:31:45,417][flwr][INFO] - fit progress: (7, 0.0585955273726191, {'rmse': 3938.847166367337, 'mae': 1721.2158203125, 'r2': 0.889231829537031, 'mape': 8.986616134643555, 'accuracy_10': 71.31394147872925, 'accuracy_20': 90.22065997123718}, 41.73736704199109)
[2026-01-16 23:31:45,417][flwr][DEBUG] - evaluate_round 7: strategy sampled 6 clients (out of 12)
[2026-01-16 23:31:45,712][flwr][DEBUG] - evaluate_round 7 received 6 results and 0 failures
[2026-01-16 23:31:45,713][flwr][DEBUG] - fit_round 8: strategy sampled 6 clients (out of 12)
[2026-01-16 23:31:50,888][flwr][DEBUG] - fit_round 8 received 6 results and 0 failures
[2026-01-16 23:31:51,088][flwr][INFO] - fit progress: (8, 0.053500989717295916, {'rmse': 3897.6463410627703, 'mae': 1692.6612548828125, 'r2': 0.8915370085219987, 'mape': 8.540055274963379, 'accuracy_10': 71.56469225883484, 'accuracy_20': 91.47442579269409}, 47.407766249991255)
[2026-01-16 23:31:51,088][flwr][DEBUG] - evaluate_round 8: strategy sampled 6 clients (out of 12)
[2026-01-16 23:31:51,237][flwr][DEBUG] - evaluate_round 8 received 6 results and 0 failures
[2026-01-16 23:31:51,237][flwr][DEBUG] - fit_round 9: strategy sampled 6 clients (out of 12)
[2026-01-16 23:31:55,984][flwr][DEBUG] - fit_round 9 received 6 results and 0 failures
[2026-01-16 23:31:56,170][flwr][INFO] - fit progress: (9, 0.052049317943640316, {'rmse': 3837.4670031154665, 'mae': 1626.16357421875, 'r2': 0.8948604694901561, 'mape': 8.29667854309082, 'accuracy_10': 74.77432489395142, 'accuracy_20': 91.72517657279968}, 52.490562958002556)
[2026-01-16 23:31:56,171][flwr][DEBUG] - evaluate_round 9: strategy sampled 6 clients (out of 12)
[2026-01-16 23:31:56,319][flwr][DEBUG] - evaluate_round 9 received 6 results and 0 failures
[2026-01-16 23:31:56,320][flwr][DEBUG] - fit_round 10: strategy sampled 6 clients (out of 12)
[2026-01-16 23:32:01,205][flwr][DEBUG] - fit_round 10 received 6 results and 0 failures
[2026-01-16 23:32:01,399][flwr][INFO] - fit progress: (10, 0.05906556826271677, {'rmse': 3988.31305190553, 'mae': 1613.2696533203125, 'r2': 0.8864322012202577, 'mape': 8.55911636352539, 'accuracy_10': 76.98094248771667, 'accuracy_20': 90.47141671180725}, 57.71876712498488)
[2026-01-16 23:32:01,399][flwr][DEBUG] - evaluate_round 10: strategy sampled 6 clients (out of 12)
[2026-01-16 23:32:01,526][flwr][DEBUG] - evaluate_round 10 received 6 results and 0 failures
[2026-01-16 23:32:01,526][flwr][DEBUG] - fit_round 11: strategy sampled 6 clients (out of 12)
[2026-01-16 23:32:06,422][flwr][DEBUG] - fit_round 11 received 6 results and 0 failures
[2026-01-16 23:32:06,612][flwr][INFO] - fit progress: (11, 0.05118874623183322, {'rmse': 3861.5443801670854, 'mae': 1590.861328125, 'r2': 0.8935369808326014, 'mape': 8.084806442260742, 'accuracy_10': 76.52958631515503, 'accuracy_20': 92.12638139724731}, 62.9320094169816)
[2026-01-16 23:32:06,612][flwr][DEBUG] - evaluate_round 11: strategy sampled 6 clients (out of 12)
[2026-01-16 23:32:06,790][flwr][DEBUG] - evaluate_round 11 received 6 results and 0 failures
[2026-01-16 23:32:06,790][flwr][DEBUG] - fit_round 12: strategy sampled 6 clients (out of 12)
[2026-01-16 23:32:11,642][flwr][DEBUG] - fit_round 12 received 6 results and 0 failures
[2026-01-16 23:32:11,832][flwr][INFO] - fit progress: (12, 0.04854374508949794, {'rmse': 3838.7565695157073, 'mae': 1549.82763671875, 'r2': 0.8947897940636279, 'mape': 7.812610149383545, 'accuracy_10': 77.9338002204895, 'accuracy_20': 92.82848834991455}, 68.1519017079845)
[2026-01-16 23:32:11,832][flwr][DEBUG] - evaluate_round 12: strategy sampled 6 clients (out of 12)
[2026-01-16 23:32:11,961][flwr][DEBUG] - evaluate_round 12 received 6 results and 0 failures
[2026-01-16 23:32:11,961][flwr][DEBUG] - fit_round 13: strategy sampled 6 clients (out of 12)
[2026-01-16 23:32:16,591][flwr][DEBUG] - fit_round 13 received 6 results and 0 failures
[2026-01-16 23:32:16,784][flwr][INFO] - fit progress: (13, 0.04793688676010821, {'rmse': 4145.347512573584, 'mae': 1730.2216796875, 'r2': 0.8773129886269321, 'mape': 7.831114768981934, 'accuracy_10': 74.4232714176178, 'accuracy_20': 93.83149743080139}, 73.10389649998979)
[2026-01-16 23:32:16,784][flwr][DEBUG] - evaluate_round 13: strategy sampled 6 clients (out of 12)
[2026-01-16 23:32:16,964][flwr][DEBUG] - evaluate_round 13 received 6 results and 0 failures
[2026-01-16 23:32:16,965][flwr][DEBUG] - fit_round 14: strategy sampled 6 clients (out of 12)
[2026-01-16 23:32:21,522][flwr][DEBUG] - fit_round 14 received 6 results and 0 failures
[2026-01-16 23:32:21,707][flwr][INFO] - fit progress: (14, 0.044527755570088846, {'rmse': 3900.0961526608544, 'mae': 1568.563232421875, 'r2': 0.8914006221080126, 'mape': 7.481545925140381, 'accuracy_10': 76.98094248771667, 'accuracy_20': 93.93179416656494}, 78.02755754199461)
[2026-01-16 23:32:21,708][flwr][DEBUG] - evaluate_round 14: strategy sampled 6 clients (out of 12)
[2026-01-16 23:32:21,843][flwr][DEBUG] - evaluate_round 14 received 6 results and 0 failures
[2026-01-16 23:32:21,843][flwr][DEBUG] - fit_round 15: strategy sampled 6 clients (out of 12)
[2026-01-16 23:32:26,675][flwr][DEBUG] - fit_round 15 received 6 results and 0 failures
[2026-01-16 23:32:26,876][flwr][INFO] - fit progress: (15, 0.04320024895792829, {'rmse': 3856.5948711266005, 'mae': 1516.1917724609375, 'r2': 0.893809724328585, 'mape': 7.239373683929443, 'accuracy_10': 79.7392189502716, 'accuracy_20': 93.88164281845093}, 83.19623766699806)
[2026-01-16 23:32:26,876][flwr][DEBUG] - evaluate_round 15: strategy sampled 6 clients (out of 12)
[2026-01-16 23:32:27,018][flwr][DEBUG] - evaluate_round 15 received 6 results and 0 failures
[2026-01-16 23:32:27,019][flwr][DEBUG] - fit_round 16: strategy sampled 6 clients (out of 12)
[2026-01-16 23:32:31,633][flwr][DEBUG] - fit_round 16 received 6 results and 0 failures
[2026-01-16 23:32:31,829][flwr][INFO] - fit progress: (16, 0.044499022744170044, {'rmse': 4126.2113372923595, 'mae': 1699.1552734375, 'r2': 0.8784430914836565, 'mape': 7.456930160522461, 'accuracy_10': 76.42928957939148, 'accuracy_20': 94.58374977111816}, 88.14958558298531)
[2026-01-16 23:32:31,830][flwr][DEBUG] - evaluate_round 16: strategy sampled 6 clients (out of 12)
[2026-01-16 23:32:31,910][flwr][DEBUG] - evaluate_round 16 received 6 results and 0 failures
[2026-01-16 23:32:31,911][flwr][DEBUG] - fit_round 17: strategy sampled 6 clients (out of 12)
[2026-01-16 23:32:37,416][flwr][DEBUG] - fit_round 17 received 6 results and 0 failures
[2026-01-16 23:32:37,641][flwr][INFO] - fit progress: (17, 0.04032433586738772, {'rmse': 3807.376261942074, 'mae': 1459.416748046875, 'r2': 0.8965028701937483, 'mape': 6.905359268188477, 'accuracy_10': 80.842524766922, 'accuracy_20': 94.53359842300415}, 93.96146704198327)
[2026-01-16 23:32:37,642][flwr][DEBUG] - evaluate_round 17: strategy sampled 6 clients (out of 12)
[2026-01-16 23:32:37,832][flwr][DEBUG] - evaluate_round 17 received 6 results and 0 failures
[2026-01-16 23:32:37,832][flwr][DEBUG] - fit_round 18: strategy sampled 6 clients (out of 12)
[2026-01-16 23:32:42,590][flwr][DEBUG] - fit_round 18 received 6 results and 0 failures
[2026-01-16 23:32:42,788][flwr][INFO] - fit progress: (18, 0.04617891506569361, {'rmse': 3953.6323804825356, 'mae': 1417.748046875, 'r2': 0.8883986910658752, 'mape': 7.20082950592041, 'accuracy_10': 82.84854292869568, 'accuracy_20': 93.2296872138977}, 99.10816308300127)
[2026-01-16 23:32:42,788][flwr][DEBUG] - evaluate_round 18: strategy sampled 6 clients (out of 12)
[2026-01-16 23:32:42,929][flwr][DEBUG] - evaluate_round 18 received 6 results and 0 failures
[2026-01-16 23:32:42,929][flwr][DEBUG] - fit_round 19: strategy sampled 6 clients (out of 12)
[2026-01-16 23:32:47,663][flwr][DEBUG] - fit_round 19 received 6 results and 0 failures
[2026-01-16 23:32:47,856][flwr][INFO] - fit progress: (19, 0.04757756689365359, {'rmse': 3977.1557676309335, 'mae': 1392.2542724609375, 'r2': 0.8870667254636155, 'mape': 7.047773361206055, 'accuracy_10': 83.24974775314331, 'accuracy_20': 92.22667813301086}, 104.17578191700159)
[2026-01-16 23:32:47,856][flwr][DEBUG] - evaluate_round 19: strategy sampled 6 clients (out of 12)
[2026-01-16 23:32:47,926][flwr][DEBUG] - evaluate_round 19 received 6 results and 0 failures
[2026-01-16 23:32:47,926][flwr][DEBUG] - fit_round 20: strategy sampled 6 clients (out of 12)
[2026-01-16 23:32:52,493][flwr][DEBUG] - fit_round 20 received 6 results and 0 failures
[2026-01-16 23:32:52,691][flwr][INFO] - fit progress: (20, 0.03946801447080693, {'rmse': 3984.3572881959267, 'mae': 1572.3326416015625, 'r2': 0.8866573755637315, 'mape': 6.888667583465576, 'accuracy_10': 79.03711199760437, 'accuracy_20': 95.18555402755737}, 109.01074391699512)
[2026-01-16 23:32:52,691][flwr][DEBUG] - evaluate_round 20: strategy sampled 6 clients (out of 12)
[2026-01-16 23:32:52,842][flwr][DEBUG] - evaluate_round 20 received 6 results and 0 failures
[2026-01-16 23:32:52,842][flwr][DEBUG] - fit_round 21: strategy sampled 6 clients (out of 12)
[2026-01-16 23:32:57,604][flwr][DEBUG] - fit_round 21 received 6 results and 0 failures
[2026-01-16 23:32:57,794][flwr][INFO] - fit progress: (21, 0.03795048559351694, {'rmse': 3772.248798793632, 'mae': 1417.4677734375, 'r2': 0.8984038177108424, 'mape': 6.652487754821777, 'accuracy_10': 82.9488456249237, 'accuracy_20': 94.93480324745178}, 114.11406654198072)
[2026-01-16 23:32:57,794][flwr][DEBUG] - evaluate_round 21: strategy sampled 6 clients (out of 12)
[2026-01-16 23:32:57,915][flwr][DEBUG] - evaluate_round 21 received 6 results and 0 failures
[2026-01-16 23:32:57,915][flwr][DEBUG] - fit_round 22: strategy sampled 6 clients (out of 12)
[2026-01-16 23:33:02,458][flwr][DEBUG] - fit_round 22 received 6 results and 0 failures
[2026-01-16 23:33:02,653][flwr][INFO] - fit progress: (22, 0.03867445550504007, {'rmse': 3802.608841308819, 'mae': 1460.618408203125, 'r2': 0.8967618936520649, 'mape': 6.853888988494873, 'accuracy_10': 81.14343285560608, 'accuracy_20': 94.83450055122375}, 118.97348958297516)
[2026-01-16 23:33:02,654][flwr][DEBUG] - evaluate_round 22: strategy sampled 6 clients (out of 12)
[2026-01-16 23:33:02,735][flwr][DEBUG] - evaluate_round 22 received 6 results and 0 failures
[2026-01-16 23:33:02,735][flwr][DEBUG] - fit_round 23: strategy sampled 6 clients (out of 12)
[2026-01-16 23:33:07,473][flwr][DEBUG] - fit_round 23 received 6 results and 0 failures
[2026-01-16 23:33:07,676][flwr][INFO] - fit progress: (23, 0.03735500464539082, {'rmse': 3774.650314929848, 'mae': 1428.3475341796875, 'r2': 0.89827441964314, 'mape': 6.625641345977783, 'accuracy_10': 81.84553384780884, 'accuracy_20': 94.88465189933777}, 123.99572266699397)
[2026-01-16 23:33:07,676][flwr][DEBUG] - evaluate_round 23: strategy sampled 6 clients (out of 12)
[2026-01-16 23:33:07,860][flwr][DEBUG] - evaluate_round 23 received 6 results and 0 failures
[2026-01-16 23:33:07,860][flwr][DEBUG] - fit_round 24: strategy sampled 6 clients (out of 12)
[2026-01-16 23:33:12,674][flwr][DEBUG] - fit_round 24 received 6 results and 0 failures
[2026-01-16 23:33:12,858][flwr][INFO] - fit progress: (24, 0.035814386478614964, {'rmse': 3782.9196396434327, 'mae': 1373.9478759765625, 'r2': 0.897828221432579, 'mape': 6.2677764892578125, 'accuracy_10': 84.20260548591614, 'accuracy_20': 95.38615942001343}, 129.1781337079883)
[2026-01-16 23:33:12,858][flwr][DEBUG] - evaluate_round 24: strategy sampled 6 clients (out of 12)
[2026-01-16 23:33:12,938][flwr][DEBUG] - evaluate_round 24 received 6 results and 0 failures
[2026-01-16 23:33:12,938][flwr][DEBUG] - fit_round 25: strategy sampled 6 clients (out of 12)
[2026-01-16 23:33:17,465][flwr][DEBUG] - fit_round 25 received 6 results and 0 failures
[2026-01-16 23:33:17,649][flwr][INFO] - fit progress: (25, 0.03549270425925971, {'rmse': 3758.313584574869, 'mae': 1386.0718994140625, 'r2': 0.8991530520286121, 'mape': 6.295367240905762, 'accuracy_10': 83.14945101737976, 'accuracy_20': 95.13540863990784}, 133.9696080419817)
[2026-01-16 23:33:17,650][flwr][DEBUG] - evaluate_round 25: strategy sampled 6 clients (out of 12)
[2026-01-16 23:33:17,728][flwr][DEBUG] - evaluate_round 25 received 6 results and 0 failures
[2026-01-16 23:33:17,728][flwr][INFO] - FL finished in 134.04827520798426
[2026-01-16 23:33:17,728][flwr][INFO] - app_fit: losses_distributed [(1, 0.23069072559046988), (2, 0.1752273631247348), (3, 0.08870151554762357), (4, 0.09753862336941055), (5, 0.0757389783603016), (6, 0.06302046025665234), (7, 0.030064850791410507), (8, 0.04799272366978306), (9, 0.06342911589083002), (10, 0.06804798811499879), (11, 0.060267288949619836), (12, 0.04888407822012769), (13, 0.054908836013543724), (14, 0.06669425100346307), (15, 0.05847640817237508), (16, 0.049617776786908506), (17, 0.030639174196812974), (18, 0.07855611303574825), (19, 0.05247339537694446), (20, 0.058286207509088785), (21, 0.029251717972035705), (22, 0.04859543170940837), (23, 0.030681556829891047), (24, 0.04856006433612369), (25, 0.03386422040705063)]
[2026-01-16 23:33:17,728][flwr][INFO] - app_fit: metrics_distributed_fit {}
[2026-01-16 23:33:17,728][flwr][INFO] - app_fit: metrics_distributed {}
[2026-01-16 23:33:17,728][flwr][INFO] - app_fit: losses_centralized [(0, 3.751187844883834), (1, 0.22767566404526787), (2, 0.10646941484799356), (3, 0.09398114721598094), (4, 0.07305627751912372), (5, 0.06375587093405642), (6, 0.061885294714641784), (7, 0.0585955273726191), (8, 0.053500989717295916), (9, 0.052049317943640316), (10, 0.05906556826271677), (11, 0.05118874623183322), (12, 0.04854374508949794), (13, 0.04793688676010821), (14, 0.044527755570088846), (15, 0.04320024895792829), (16, 0.044499022744170044), (17, 0.04032433586738772), (18, 0.04617891506569361), (19, 0.04757756689365359), (20, 0.03946801447080693), (21, 0.03795048559351694), (22, 0.03867445550504007), (23, 0.03735500464539082), (24, 0.035814386478614964), (25, 0.03549270425925971)]
[2026-01-16 23:33:17,729][flwr][INFO] - app_fit: metrics_centralized {'rmse': [(0, 15582.423431546198), (1, 5866.863216404487), (2, 4972.451910275252), (3, 4966.958626765478), (4, 4230.701360294768), (5, 4161.875538744522), (6, 3961.1783600337917), (7, 3938.847166367337), (8, 3897.6463410627703), (9, 3837.4670031154665), (10, 3988.31305190553), (11, 3861.5443801670854), (12, 3838.7565695157073), (13, 4145.347512573584), (14, 3900.0961526608544), (15, 3856.5948711266005), (16, 4126.2113372923595), (17, 3807.376261942074), (18, 3953.6323804825356), (19, 3977.1557676309335), (20, 3984.3572881959267), (21, 3772.248798793632), (22, 3802.608841308819), (23, 3774.650314929848), (24, 3782.9196396434327), (25, 3758.313584574869)], 'mae': [(0, 10182.001953125), (1, 3274.3359375), (2, 2451.34765625), (3, 2284.409912109375), (4, 1959.2020263671875), (5, 1866.828369140625), (6, 1753.9022216796875), (7, 1721.2158203125), (8, 1692.6612548828125), (9, 1626.16357421875), (10, 1613.2696533203125), (11, 1590.861328125), (12, 1549.82763671875), (13, 1730.2216796875), (14, 1568.563232421875), (15, 1516.1917724609375), (16, 1699.1552734375), (17, 1459.416748046875), (18, 1417.748046875), (19, 1392.2542724609375), (20, 1572.3326416015625), (21, 1417.4677734375), (22, 1460.618408203125), (23, 1428.3475341796875), (24, 1373.9478759765625), (25, 1386.0718994140625)], 'r2': [(0, -0.733591274930137), (1, 0.7542527570309363), (2, 0.8234702517318193), (3, 0.8238600738602939), (4, 0.8722086506370087), (5, 0.8763326989019746), (6, 0.887972277281624), (7, 0.889231829537031), (8, 0.8915370085219987), (9, 0.8948604694901561), (10, 0.8864322012202577), (11, 0.8935369808326014), (12, 0.8947897940636279), (13, 0.8773129886269321), (14, 0.8914006221080126), (15, 0.893809724328585), (16, 0.8784430914836565), (17, 0.8965028701937483), (18, 0.8883986910658752), (19, 0.8870667254636155), (20, 0.8866573755637315), (21, 0.8984038177108424), (22, 0.8967618936520649), (23, 0.89827441964314), (24, 0.897828221432579), (25, 0.8991530520286121)], 'mape': [(0, 51.084510803222656), (1, 19.19607162475586), (2, 13.195683479309082), (3, 11.777169227600098), (4, 10.450186729431152), (5, 9.548542976379395), (6, 9.266860961914062), (7, 8.986616134643555), (8, 8.540055274963379), (9, 8.29667854309082), (10, 8.55911636352539), (11, 8.084806442260742), (12, 7.812610149383545), (13, 7.831114768981934), (14, 7.481545925140381), (15, 7.239373683929443), (16, 7.456930160522461), (17, 6.905359268188477), (18, 7.20082950592041), (19, 7.047773361206055), (20, 6.888667583465576), (21, 6.652487754821777), (22, 6.853888988494873), (23, 6.625641345977783), (24, 6.2677764892578125), (25, 6.295367240905762)], 'accuracy_10': [(0, 6.068204715847969), (1, 28.335005044937134), (2, 54.21263575553894), (3, 50.15045404434204), (4, 64.09227848052979), (5, 65.59678912162781), (6, 69.85957622528076), (7, 71.31394147872925), (8, 71.56469225883484), (9, 74.77432489395142), (10, 76.98094248771667), (11, 76.52958631515503), (12, 77.9338002204895), (13, 74.4232714176178), (14, 76.98094248771667), (15, 79.7392189502716), (16, 76.42928957939148), (17, 80.842524766922), (18, 82.84854292869568), (19, 83.24974775314331), (20, 79.03711199760437), (21, 82.9488456249237), (22, 81.14343285560608), (23, 81.84553384780884), (24, 84.20260548591614), (25, 83.14945101737976)], 'accuracy_20': [(0, 13.03911805152893), (1, 57.773321866989136), (2, 84.10230875015259), (3, 85.35606861114502), (4, 88.81645202636719), (5, 89.86960649490356), (6, 89.91975784301758), (7, 90.22065997123718), (8, 91.47442579269409), (9, 91.72517657279968), (10, 90.47141671180725), (11, 92.12638139724731), (12, 92.82848834991455), (13, 93.83149743080139), (14, 93.93179416656494), (15, 93.88164281845093), (16, 94.58374977111816), (17, 94.53359842300415), (18, 93.2296872138977), (19, 92.22667813301086), (20, 95.18555402755737), (21, 94.93480324745178), (22, 94.83450055122375), (23, 94.88465189933777), (24, 95.38615942001343), (25, 95.13540863990784)]}
[2026-01-16 23:33:18,209][flwr][INFO] - Starting Flower simulation, config: ServerConfig(num_rounds=25, round_timeout=None)
[2026-01-16 23:33:25,733][flwr][INFO] - Flower VCE: Ray initialized with resources: {'CPU': 10.0, 'node:127.0.0.1': 1.0, 'object_store_memory': 2147483648.0, 'memory': 12487262618.0}
[2026-01-16 23:33:25,733][flwr][INFO] - Initializing global parameters
[2026-01-16 23:33:25,733][flwr][INFO] - Using initial parameters provided by strategy
[2026-01-16 23:33:25,733][flwr][INFO] - Evaluating initial parameters
[2026-01-16 23:33:25,910][flwr][INFO] - initial parameters (loss, other metrics): 3.751187844883834, {'rmse': 15582.423431546198, 'mae': 10182.001953125, 'r2': -0.733591274930137, 'mape': 51.084510803222656, 'accuracy_10': 6.068204715847969, 'accuracy_20': 13.03911805152893}
[2026-01-16 23:33:25,910][flwr][INFO] - FL starting
[2026-01-16 23:33:25,911][flwr][DEBUG] - fit_round 1: strategy sampled 6 clients (out of 12)
[2026-01-16 23:33:36,548][flwr][DEBUG] - fit_round 1 received 6 results and 0 failures
[2026-01-16 23:33:36,552][flwr][WARNING] - No fit_metrics_aggregation_fn provided
[2026-01-16 23:33:36,748][flwr][INFO] - fit progress: (1, 0.19670712994178058, {'rmse': 5345.669836419006, 'mae': 3168.77880859375, 'r2': 0.7959761322088935, 'mape': 18.822900772094727, 'accuracy_10': 25.476428866386414, 'accuracy_20': 58.124375343322754}, 10.837651167006698)
[2026-01-16 23:33:36,748][flwr][DEBUG] - evaluate_round 1: strategy sampled 6 clients (out of 12)
[2026-01-16 23:33:36,911][flwr][DEBUG] - evaluate_round 1 received 6 results and 0 failures
[2026-01-16 23:33:36,911][flwr][WARNING] - No evaluate_metrics_aggregation_fn provided
[2026-01-16 23:33:36,911][flwr][DEBUG] - fit_round 2: strategy sampled 6 clients (out of 12)
[2026-01-16 23:33:41,637][flwr][DEBUG] - fit_round 2 received 6 results and 0 failures
[2026-01-16 23:33:41,827][flwr][INFO] - fit progress: (2, 0.10383290467912717, {'rmse': 4882.127609966786, 'mae': 2400.215087890625, 'r2': 0.8298253057155843, 'mape': 12.970609664916992, 'accuracy_10': 56.870609521865845, 'accuracy_20': 85.45637130737305}, 15.91689308299101)
[2026-01-16 23:33:41,828][flwr][DEBUG] - evaluate_round 2: strategy sampled 6 clients (out of 12)
[2026-01-16 23:33:41,998][flwr][DEBUG] - evaluate_round 2 received 6 results and 0 failures
[2026-01-16 23:33:42,000][flwr][DEBUG] - fit_round 3: strategy sampled 6 clients (out of 12)
[2026-01-16 23:33:46,815][flwr][DEBUG] - fit_round 3 received 6 results and 0 failures
[2026-01-16 23:33:46,999][flwr][INFO] - fit progress: (3, 0.06999082872111616, {'rmse': 4191.192908946092, 'mae': 1873.6650390625, 'r2': 0.8745842630595986, 'mape': 10.030953407287598, 'accuracy_10': 67.45235919952393, 'accuracy_20': 89.51855301856995}, 21.088857333001215)
[2026-01-16 23:33:47,000][flwr][DEBUG] - evaluate_round 3: strategy sampled 6 clients (out of 12)
[2026-01-16 23:33:47,159][flwr][DEBUG] - evaluate_round 3 received 6 results and 0 failures
[2026-01-16 23:33:47,159][flwr][DEBUG] - fit_round 4: strategy sampled 6 clients (out of 12)
[2026-01-16 23:33:52,034][flwr][DEBUG] - fit_round 4 received 6 results and 0 failures
[2026-01-16 23:33:52,222][flwr][INFO] - fit progress: (4, 0.06062408866045049, {'rmse': 4067.003934101859, 'mae': 1735.711669921875, 'r2': 0.8819065247014062, 'mape': 9.01036262512207, 'accuracy_10': 72.96890616416931, 'accuracy_20': 90.17050862312317}, 26.311216166999657)
[2026-01-16 23:33:52,222][flwr][DEBUG] - evaluate_round 4: strategy sampled 6 clients (out of 12)
[2026-01-16 23:33:52,368][flwr][DEBUG] - evaluate_round 4 received 6 results and 0 failures
[2026-01-16 23:33:52,369][flwr][DEBUG] - fit_round 5: strategy sampled 6 clients (out of 12)
[2026-01-16 23:33:57,145][flwr][DEBUG] - fit_round 5 received 6 results and 0 failures
[2026-01-16 23:33:57,352][flwr][INFO] - fit progress: (5, 0.05308714991205614, {'rmse': 4037.7357516311044, 'mae': 1642.20068359375, 'r2': 0.8836001243910973, 'mape': 8.160582542419434, 'accuracy_10': 76.27883553504944, 'accuracy_20': 91.32397174835205}, 31.441652832989348)
[2026-01-16 23:33:57,352][flwr][DEBUG] - evaluate_round 5: strategy sampled 6 clients (out of 12)
[2026-01-16 23:33:57,504][flwr][DEBUG] - evaluate_round 5 received 6 results and 0 failures
[2026-01-16 23:33:57,504][flwr][DEBUG] - fit_round 6: strategy sampled 6 clients (out of 12)
[2026-01-16 23:34:02,508][flwr][DEBUG] - fit_round 6 received 6 results and 0 failures
[2026-01-16 23:34:02,706][flwr][INFO] - fit progress: (6, 0.07781365191902118, {'rmse': 4890.666621228644, 'mae': 1867.9759521484375, 'r2': 0.8292294996971765, 'mape': 9.502968788146973, 'accuracy_10': 75.37612915039062, 'accuracy_20': 88.16449642181396}, 36.79587366699707)
[2026-01-16 23:34:02,707][flwr][DEBUG] - evaluate_round 6: strategy sampled 6 clients (out of 12)
[2026-01-16 23:34:02,860][flwr][DEBUG] - evaluate_round 6 received 6 results and 0 failures
[2026-01-16 23:34:02,860][flwr][DEBUG] - fit_round 7: strategy sampled 6 clients (out of 12)
[2026-01-16 23:34:07,403][flwr][DEBUG] - fit_round 7 received 6 results and 0 failures
[2026-01-16 23:34:07,597][flwr][INFO] - fit progress: (7, 0.051390903085515034, {'rmse': 4210.311152397172, 'mae': 1664.2470703125, 'r2': 0.8734374849673558, 'mape': 7.8829145431518555, 'accuracy_10': 77.28184461593628, 'accuracy_20': 91.97592735290527}, 41.686539749993244)
[2026-01-16 23:34:07,597][flwr][DEBUG] - evaluate_round 7: strategy sampled 6 clients (out of 12)
[2026-01-16 23:34:07,755][flwr][DEBUG] - evaluate_round 7 received 6 results and 0 failures
[2026-01-16 23:34:07,756][flwr][DEBUG] - fit_round 8: strategy sampled 6 clients (out of 12)
[2026-01-16 23:34:12,183][flwr][DEBUG] - fit_round 8 received 6 results and 0 failures
[2026-01-16 23:34:12,381][flwr][INFO] - fit progress: (8, 0.051461611649277456, {'rmse': 4425.99887031165, 'mae': 1871.58984375, 'r2': 0.8601381413468638, 'mape': 8.19265365600586, 'accuracy_10': 71.66499495506287, 'accuracy_20': 93.2296872138977}, 46.47008679198916)
[2026-01-16 23:34:12,381][flwr][DEBUG] - evaluate_round 8: strategy sampled 6 clients (out of 12)
[2026-01-16 23:34:12,533][flwr][DEBUG] - evaluate_round 8 received 6 results and 0 failures
[2026-01-16 23:34:12,533][flwr][DEBUG] - fit_round 9: strategy sampled 6 clients (out of 12)
[2026-01-16 23:34:17,219][flwr][DEBUG] - fit_round 9 received 6 results and 0 failures
[2026-01-16 23:34:17,403][flwr][INFO] - fit progress: (9, 0.055816274396925714, {'rmse': 4387.049350075743, 'mae': 1536.0928955078125, 'r2': 0.8625889169902377, 'mape': 7.658886909484863, 'accuracy_10': 82.39719271659851, 'accuracy_20': 91.37412309646606}, 51.49293562499224)
[2026-01-16 23:34:17,404][flwr][DEBUG] - evaluate_round 9: strategy sampled 6 clients (out of 12)
[2026-01-16 23:34:17,549][flwr][DEBUG] - evaluate_round 9 received 6 results and 0 failures
[2026-01-16 23:34:17,549][flwr][DEBUG] - fit_round 10: strategy sampled 6 clients (out of 12)
[2026-01-16 23:34:22,221][flwr][DEBUG] - fit_round 10 received 6 results and 0 failures
[2026-01-16 23:34:22,413][flwr][INFO] - fit progress: (10, 0.04510703576969706, {'rmse': 4238.425415174838, 'mae': 1694.070068359375, 'r2': 0.8717415973825542, 'mape': 7.41438627243042, 'accuracy_10': 76.93079113960266, 'accuracy_20': 93.93179416656494}, 56.501994249993004)
[2026-01-16 23:34:22,413][flwr][DEBUG] - evaluate_round 10: strategy sampled 6 clients (out of 12)
[2026-01-16 23:34:22,538][flwr][DEBUG] - evaluate_round 10 received 6 results and 0 failures
[2026-01-16 23:34:22,539][flwr][DEBUG] - fit_round 11: strategy sampled 6 clients (out of 12)
[2026-01-16 23:34:27,243][flwr][DEBUG] - fit_round 11 received 6 results and 0 failures
[2026-01-16 23:34:27,433][flwr][INFO] - fit progress: (11, 0.05284146584828226, {'rmse': 4418.206649761869, 'mae': 1480.122802734375, 'r2': 0.8606301707896101, 'mape': 7.292409896850586, 'accuracy_10': 82.3470413684845, 'accuracy_20': 91.92577600479126}, 61.522410375007894)
[2026-01-16 23:34:27,433][flwr][DEBUG] - evaluate_round 11: strategy sampled 6 clients (out of 12)
[2026-01-16 23:34:27,555][flwr][DEBUG] - evaluate_round 11 received 6 results and 0 failures
[2026-01-16 23:34:27,555][flwr][DEBUG] - fit_round 12: strategy sampled 6 clients (out of 12)
[2026-01-16 23:34:32,347][flwr][DEBUG] - fit_round 12 received 6 results and 0 failures
[2026-01-16 23:34:32,545][flwr][INFO] - fit progress: (12, 0.043830770986115444, {'rmse': 4281.697794099906, 'mae': 1692.02587890625, 'r2': 0.8691093153937327, 'mape': 7.2401275634765625, 'accuracy_10': 77.58274674415588, 'accuracy_20': 93.53058934211731}, 66.63492679200135)
[2026-01-16 23:34:32,546][flwr][DEBUG] - evaluate_round 12: strategy sampled 6 clients (out of 12)
[2026-01-16 23:34:32,680][flwr][DEBUG] - evaluate_round 12 received 6 results and 0 failures
[2026-01-16 23:34:32,681][flwr][DEBUG] - fit_round 13: strategy sampled 6 clients (out of 12)
[2026-01-16 23:34:37,071][flwr][DEBUG] - fit_round 13 received 6 results and 0 failures
[2026-01-16 23:34:37,264][flwr][INFO] - fit progress: (13, 0.044972302588291366, {'rmse': 4207.210477264003, 'mae': 1614.486328125, 'r2': 0.8736238310909223, 'mape': 7.398469924926758, 'accuracy_10': 79.38816547393799, 'accuracy_20': 93.73119473457336}, 71.35303104200284)
[2026-01-16 23:34:37,264][flwr][DEBUG] - evaluate_round 13: strategy sampled 6 clients (out of 12)
[2026-01-16 23:34:37,333][flwr][DEBUG] - evaluate_round 13 received 6 results and 0 failures
[2026-01-16 23:34:37,333][flwr][DEBUG] - fit_round 14: strategy sampled 6 clients (out of 12)
[2026-01-16 23:34:42,077][flwr][DEBUG] - fit_round 14 received 6 results and 0 failures
[2026-01-16 23:34:42,278][flwr][INFO] - fit progress: (14, 0.04187531796271876, {'rmse': 4138.625858905344, 'mae': 1516.979248046875, 'r2': 0.8777105324014052, 'mape': 6.840746879577637, 'accuracy_10': 82.0962905883789, 'accuracy_20': 93.38014125823975}, 76.36706558300648)
[2026-01-16 23:34:42,278][flwr][DEBUG] - evaluate_round 14: strategy sampled 6 clients (out of 12)
[2026-01-16 23:34:42,356][flwr][DEBUG] - evaluate_round 14 received 6 results and 0 failures
[2026-01-16 23:34:42,356][flwr][DEBUG] - fit_round 15: strategy sampled 6 clients (out of 12)
[2026-01-16 23:34:46,920][flwr][DEBUG] - fit_round 15 received 6 results and 0 failures
[2026-01-16 23:34:47,110][flwr][INFO] - fit progress: (15, 0.04210546016861258, {'rmse': 4188.231607731358, 'mae': 1531.854736328125, 'r2': 0.8747614282707338, 'mape': 6.836304187774658, 'accuracy_10': 82.3470413684845, 'accuracy_20': 93.38014125823975}, 81.19984037498944)
[2026-01-16 23:34:47,111][flwr][DEBUG] - evaluate_round 15: strategy sampled 6 clients (out of 12)
[2026-01-16 23:34:47,262][flwr][DEBUG] - evaluate_round 15 received 6 results and 0 failures
[2026-01-16 23:34:47,263][flwr][DEBUG] - fit_round 16: strategy sampled 6 clients (out of 12)
[2026-01-16 23:34:51,904][flwr][DEBUG] - fit_round 16 received 6 results and 0 failures
[2026-01-16 23:34:52,092][flwr][INFO] - fit progress: (16, 0.04907547665475947, {'rmse': 4394.895220594002, 'mae': 1432.7904052734375, 'r2': 0.8620969755434572, 'mape': 7.077921390533447, 'accuracy_10': 84.65396165847778, 'accuracy_20': 92.82848834991455}, 86.18174754199572)
[2026-01-16 23:34:52,093][flwr][DEBUG] - evaluate_round 16: strategy sampled 6 clients (out of 12)
[2026-01-16 23:34:52,158][flwr][DEBUG] - evaluate_round 16 received 6 results and 0 failures
[2026-01-16 23:34:52,158][flwr][DEBUG] - fit_round 17: strategy sampled 6 clients (out of 12)
[2026-01-16 23:34:56,822][flwr][DEBUG] - fit_round 17 received 6 results and 0 failures
[2026-01-16 23:34:57,007][flwr][INFO] - fit progress: (17, 0.04070170995486955, {'rmse': 4345.508715904272, 'mae': 1662.3187255859375, 'r2': 0.8651788729195113, 'mape': 6.8558549880981445, 'accuracy_10': 79.28786277770996, 'accuracy_20': 94.33299899101257}, 91.0967684169882)
[2026-01-16 23:34:57,008][flwr][DEBUG] - evaluate_round 17: strategy sampled 6 clients (out of 12)
[2026-01-16 23:34:57,073][flwr][DEBUG] - evaluate_round 17 received 6 results and 0 failures
[2026-01-16 23:34:57,073][flwr][DEBUG] - fit_round 18: strategy sampled 6 clients (out of 12)
[2026-01-16 23:35:01,583][flwr][DEBUG] - fit_round 18 received 6 results and 0 failures
[2026-01-16 23:35:01,779][flwr][INFO] - fit progress: (18, 0.04604223217682515, {'rmse': 4378.582190618328, 'mae': 1389.73193359375, 'r2': 0.8631188286962588, 'mape': 6.678345680236816, 'accuracy_10': 85.90772151947021, 'accuracy_20': 93.32998991012573}, 95.86879999999655)
[2026-01-16 23:35:01,780][flwr][DEBUG] - evaluate_round 18: strategy sampled 6 clients (out of 12)
[2026-01-16 23:35:01,914][flwr][DEBUG] - evaluate_round 18 received 6 results and 0 failures
[2026-01-16 23:35:01,914][flwr][DEBUG] - fit_round 19: strategy sampled 6 clients (out of 12)
[2026-01-16 23:35:06,429][flwr][DEBUG] - fit_round 19 received 6 results and 0 failures
[2026-01-16 23:35:06,624][flwr][INFO] - fit progress: (19, 0.04665673623251969, {'rmse': 4380.89694012539, 'mae': 1378.8206787109375, 'r2': 0.8629740606665307, 'mape': 6.650320529937744, 'accuracy_10': 85.35606861114502, 'accuracy_20': 93.38014125823975}, 100.71297920800862)
[2026-01-16 23:35:06,624][flwr][DEBUG] - evaluate_round 19: strategy sampled 6 clients (out of 12)
[2026-01-16 23:35:06,695][flwr][DEBUG] - evaluate_round 19 received 6 results and 0 failures
[2026-01-16 23:35:06,695][flwr][DEBUG] - fit_round 20: strategy sampled 6 clients (out of 12)
[2026-01-16 23:35:11,329][flwr][DEBUG] - fit_round 20 received 6 results and 0 failures
[2026-01-16 23:35:11,528][flwr][INFO] - fit progress: (20, 0.047328946128330655, {'rmse': 4555.383628192032, 'mae': 1387.2071533203125, 'r2': 0.8518414857098071, 'mape': 6.590519905090332, 'accuracy_10': 86.15847826004028, 'accuracy_20': 93.53058934211731}, 105.61769166699378)
[2026-01-16 23:35:11,529][flwr][DEBUG] - evaluate_round 20: strategy sampled 6 clients (out of 12)
[2026-01-16 23:35:11,670][flwr][DEBUG] - evaluate_round 20 received 6 results and 0 failures
[2026-01-16 23:35:11,670][flwr][DEBUG] - fit_round 21: strategy sampled 6 clients (out of 12)
[2026-01-16 23:35:16,167][flwr][DEBUG] - fit_round 21 received 6 results and 0 failures
[2026-01-16 23:35:16,364][flwr][INFO] - fit progress: (21, 0.041442051008642615, {'rmse': 4528.843340191842, 'mae': 1750.1973876953125, 'r2': 0.8535628334607124, 'mape': 6.816506385803223, 'accuracy_10': 78.83650660514832, 'accuracy_20': 94.132399559021}, 110.45302787498804)
[2026-01-16 23:35:16,364][flwr][DEBUG] - evaluate_round 21: strategy sampled 6 clients (out of 12)
[2026-01-16 23:35:16,441][flwr][DEBUG] - evaluate_round 21 received 6 results and 0 failures
[2026-01-16 23:35:16,441][flwr][DEBUG] - fit_round 22: strategy sampled 6 clients (out of 12)
[2026-01-16 23:35:20,866][flwr][DEBUG] - fit_round 22 received 6 results and 0 failures
[2026-01-16 23:35:21,056][flwr][INFO] - fit progress: (22, 0.03877352776684039, {'rmse': 4191.76144359385, 'mae': 1581.86279296875, 'r2': 0.8745502379528243, 'mape': 6.707308292388916, 'accuracy_10': 82.04613924026489, 'accuracy_20': 94.53359842300415}, 115.14520454200101)
[2026-01-16 23:35:21,056][flwr][DEBUG] - evaluate_round 22: strategy sampled 6 clients (out of 12)
[2026-01-16 23:35:21,233][flwr][DEBUG] - evaluate_round 22 received 6 results and 0 failures
[2026-01-16 23:35:21,233][flwr][DEBUG] - fit_round 23: strategy sampled 6 clients (out of 12)
[2026-01-16 23:35:25,666][flwr][DEBUG] - fit_round 23 received 6 results and 0 failures
[2026-01-16 23:35:25,856][flwr][INFO] - fit progress: (23, 0.04121449094643086, {'rmse': 4440.056305949283, 'mae': 1755.158203125, 'r2': 0.85924829680875, 'mape': 6.988664627075195, 'accuracy_10': 78.48545908927917, 'accuracy_20': 94.38315033912659}, 119.94583400001284)
[2026-01-16 23:35:25,857][flwr][DEBUG] - evaluate_round 23: strategy sampled 6 clients (out of 12)
[2026-01-16 23:35:25,917][flwr][DEBUG] - evaluate_round 23 received 6 results and 0 failures
[2026-01-16 23:35:25,918][flwr][DEBUG] - fit_round 24: strategy sampled 6 clients (out of 12)
[2026-01-16 23:35:30,418][flwr][DEBUG] - fit_round 24 received 6 results and 0 failures
[2026-01-16 23:35:30,612][flwr][INFO] - fit progress: (24, 0.038065488034543564, {'rmse': 4205.905372211791, 'mae': 1573.9962158203125, 'r2': 0.8737022208304519, 'mape': 6.658568382263184, 'accuracy_10': 82.24673867225647, 'accuracy_20': 94.58374977111816}, 124.70168054199894)
[2026-01-16 23:35:30,612][flwr][DEBUG] - evaluate_round 24: strategy sampled 6 clients (out of 12)
[2026-01-16 23:35:30,682][flwr][DEBUG] - evaluate_round 24 received 6 results and 0 failures
[2026-01-16 23:35:30,682][flwr][DEBUG] - fit_round 25: strategy sampled 6 clients (out of 12)
[2026-01-16 23:35:35,339][flwr][DEBUG] - fit_round 25 received 6 results and 0 failures
[2026-01-16 23:35:35,550][flwr][INFO] - fit progress: (25, 0.042615548934537166, {'rmse': 4441.163361102584, 'mae': 1344.626708984375, 'r2': 0.8591780906940394, 'mape': 6.235554218292236, 'accuracy_10': 87.51253485679626, 'accuracy_20': 93.78134608268738}, 129.6397853330127)
[2026-01-16 23:35:35,551][flwr][DEBUG] - evaluate_round 25: strategy sampled 6 clients (out of 12)
[2026-01-16 23:35:35,704][flwr][DEBUG] - evaluate_round 25 received 6 results and 0 failures
[2026-01-16 23:35:35,704][flwr][INFO] - FL finished in 129.79320908299997
[2026-01-16 23:35:35,705][flwr][INFO] - app_fit: losses_distributed [(1, 0.16210430094226733), (2, 0.07898903969203812), (3, 0.0416790104874948), (4, 0.06542449514360009), (5, 0.041478786054392196), (6, 0.1378985644637507), (7, 0.042107235350132055), (8, 0.04862239673938377), (9, 0.05893558666243085), (10, 0.03356188461800058), (11, 0.0767256950263303), (12, 0.07510233599090291), (13, 0.06811585689463945), (14, 0.054436347343970286), (15, 0.05482301083339535), (16, 0.07971007296771332), (17, 0.05816034256488753), (18, 0.038909318275056635), (19, 0.039235570435677165), (20, 0.06570236740264253), (21, 0.032686581415699835), (22, 0.0496730203195125), (23, 0.042954036384324636), (24, 0.03892932573010293), (25, 0.08039076174431403)]
[2026-01-16 23:35:35,705][flwr][INFO] - app_fit: metrics_distributed_fit {'scaffold_updates': [(1, 6), (2, 6), (3, 6), (4, 6), (5, 6), (6, 6), (7, 6), (8, 6), (9, 6), (10, 6), (11, 6), (12, 6), (13, 6), (14, 6), (15, 6), (16, 6), (17, 6), (18, 6), (19, 6), (20, 6), (21, 6), (22, 6), (23, 6), (24, 6), (25, 6)], 'avg_control_delta_norm': [(1, 2.0981494176885693), (2, 1.287272946039377), (3, 0.8576005460590768), (4, 0.6986062985561464), (5, 0.6587504167406771), (6, 0.6193695026447948), (7, 0.6524725880141599), (8, 0.5456241431895518), (9, 0.6028384085534039), (10, 0.5053436822753565), (11, 0.48688721930669493), (12, 0.49826613692372473), (13, 0.5731173781248609), (14, 0.41216456496462645), (15, 0.42304826159943837), (16, 0.5373001378011036), (17, 0.45624750368985484), (18, 0.530864766955924), (19, 0.4600974212090227), (20, 0.45606157946785936), (21, 0.4720610430041501), (22, 0.4544894734779658), (23, 0.3902929366402948), (24, 0.45123354308918945), (25, 0.35425497370517606)]}
[2026-01-16 23:35:35,705][flwr][INFO] - app_fit: metrics_distributed {}
[2026-01-16 23:35:35,705][flwr][INFO] - app_fit: losses_centralized [(0, 3.751187844883834), (1, 0.19670712994178058), (2, 0.10383290467912717), (3, 0.06999082872111616), (4, 0.06062408866045049), (5, 0.05308714991205614), (6, 0.07781365191902118), (7, 0.051390903085515034), (8, 0.051461611649277456), (9, 0.055816274396925714), (10, 0.04510703576969706), (11, 0.05284146584828226), (12, 0.043830770986115444), (13, 0.044972302588291366), (14, 0.04187531796271876), (15, 0.04210546016861258), (16, 0.04907547665475947), (17, 0.04070170995486955), (18, 0.04604223217682515), (19, 0.04665673623251969), (20, 0.047328946128330655), (21, 0.041442051008642615), (22, 0.03877352776684039), (23, 0.04121449094643086), (24, 0.038065488034543564), (25, 0.042615548934537166)]
[2026-01-16 23:35:35,705][flwr][INFO] - app_fit: metrics_centralized {'rmse': [(0, 15582.423431546198), (1, 5345.669836419006), (2, 4882.127609966786), (3, 4191.192908946092), (4, 4067.003934101859), (5, 4037.7357516311044), (6, 4890.666621228644), (7, 4210.311152397172), (8, 4425.99887031165), (9, 4387.049350075743), (10, 4238.425415174838), (11, 4418.206649761869), (12, 4281.697794099906), (13, 4207.210477264003), (14, 4138.625858905344), (15, 4188.231607731358), (16, 4394.895220594002), (17, 4345.508715904272), (18, 4378.582190618328), (19, 4380.89694012539), (20, 4555.383628192032), (21, 4528.843340191842), (22, 4191.76144359385), (23, 4440.056305949283), (24, 4205.905372211791), (25, 4441.163361102584)], 'mae': [(0, 10182.001953125), (1, 3168.77880859375), (2, 2400.215087890625), (3, 1873.6650390625), (4, 1735.711669921875), (5, 1642.20068359375), (6, 1867.9759521484375), (7, 1664.2470703125), (8, 1871.58984375), (9, 1536.0928955078125), (10, 1694.070068359375), (11, 1480.122802734375), (12, 1692.02587890625), (13, 1614.486328125), (14, 1516.979248046875), (15, 1531.854736328125), (16, 1432.7904052734375), (17, 1662.3187255859375), (18, 1389.73193359375), (19, 1378.8206787109375), (20, 1387.2071533203125), (21, 1750.1973876953125), (22, 1581.86279296875), (23, 1755.158203125), (24, 1573.9962158203125), (25, 1344.626708984375)], 'r2': [(0, -0.733591274930137), (1, 0.7959761322088935), (2, 0.8298253057155843), (3, 0.8745842630595986), (4, 0.8819065247014062), (5, 0.8836001243910973), (6, 0.8292294996971765), (7, 0.8734374849673558), (8, 0.8601381413468638), (9, 0.8625889169902377), (10, 0.8717415973825542), (11, 0.8606301707896101), (12, 0.8691093153937327), (13, 0.8736238310909223), (14, 0.8777105324014052), (15, 0.8747614282707338), (16, 0.8620969755434572), (17, 0.8651788729195113), (18, 0.8631188286962588), (19, 0.8629740606665307), (20, 0.8518414857098071), (21, 0.8535628334607124), (22, 0.8745502379528243), (23, 0.85924829680875), (24, 0.8737022208304519), (25, 0.8591780906940394)], 'mape': [(0, 51.084510803222656), (1, 18.822900772094727), (2, 12.970609664916992), (3, 10.030953407287598), (4, 9.01036262512207), (5, 8.160582542419434), (6, 9.502968788146973), (7, 7.8829145431518555), (8, 8.19265365600586), (9, 7.658886909484863), (10, 7.41438627243042), (11, 7.292409896850586), (12, 7.2401275634765625), (13, 7.398469924926758), (14, 6.840746879577637), (15, 6.836304187774658), (16, 7.077921390533447), (17, 6.8558549880981445), (18, 6.678345680236816), (19, 6.650320529937744), (20, 6.590519905090332), (21, 6.816506385803223), (22, 6.707308292388916), (23, 6.988664627075195), (24, 6.658568382263184), (25, 6.235554218292236)], 'accuracy_10': [(0, 6.068204715847969), (1, 25.476428866386414), (2, 56.870609521865845), (3, 67.45235919952393), (4, 72.96890616416931), (5, 76.27883553504944), (6, 75.37612915039062), (7, 77.28184461593628), (8, 71.66499495506287), (9, 82.39719271659851), (10, 76.93079113960266), (11, 82.3470413684845), (12, 77.58274674415588), (13, 79.38816547393799), (14, 82.0962905883789), (15, 82.3470413684845), (16, 84.65396165847778), (17, 79.28786277770996), (18, 85.90772151947021), (19, 85.35606861114502), (20, 86.15847826004028), (21, 78.83650660514832), (22, 82.04613924026489), (23, 78.48545908927917), (24, 82.24673867225647), (25, 87.51253485679626)], 'accuracy_20': [(0, 13.03911805152893), (1, 58.124375343322754), (2, 85.45637130737305), (3, 89.51855301856995), (4, 90.17050862312317), (5, 91.32397174835205), (6, 88.16449642181396), (7, 91.97592735290527), (8, 93.2296872138977), (9, 91.37412309646606), (10, 93.93179416656494), (11, 91.92577600479126), (12, 93.53058934211731), (13, 93.73119473457336), (14, 93.38014125823975), (15, 93.38014125823975), (16, 92.82848834991455), (17, 94.33299899101257), (18, 93.32998991012573), (19, 93.38014125823975), (20, 93.53058934211731), (21, 94.132399559021), (22, 94.53359842300415), (23, 94.38315033912659), (24, 94.58374977111816), (25, 93.78134608268738)]}
[2026-01-16 23:35:36,135][flwr][INFO] - Starting Flower simulation, config: ServerConfig(num_rounds=25, round_timeout=None)
[2026-01-16 23:35:42,876][flwr][INFO] - Flower VCE: Ray initialized with resources: {'CPU': 10.0, 'memory': 12265584640.0, 'node:127.0.0.1': 1.0, 'object_store_memory': 2147483648.0}
[2026-01-16 23:35:42,876][flwr][INFO] - Initializing global parameters
[2026-01-16 23:35:42,876][flwr][INFO] - Using initial parameters provided by strategy
[2026-01-16 23:35:42,877][flwr][INFO] - Evaluating initial parameters
[2026-01-16 23:35:43,064][flwr][INFO] - initial parameters (loss, other metrics): 3.751187844883834, {'rmse': 15582.423431546198, 'mae': 10182.001953125, 'r2': -0.733591274930137, 'mape': 51.084510803222656, 'accuracy_10': 6.068204715847969, 'accuracy_20': 13.03911805152893}
[2026-01-16 23:35:43,064][flwr][INFO] - FL starting
[2026-01-16 23:35:43,064][flwr][DEBUG] - fit_round 1: strategy sampled 6 clients (out of 12)
[2026-01-16 23:35:53,867][flwr][DEBUG] - fit_round 1 received 6 results and 0 failures
[2026-01-16 23:35:53,871][flwr][WARNING] - No fit_metrics_aggregation_fn provided
[2026-01-16 23:35:54,073][flwr][INFO] - fit progress: (1, 0.17256162125792882, {'rmse': 5532.789531511207, 'mae': 3092.7265625, 'r2': 0.7814428504920382, 'mape': 17.851743698120117, 'accuracy_10': 30.89267909526825, 'accuracy_20': 67.80341267585754}, 11.008955000026617)
[2026-01-16 23:35:54,073][flwr][DEBUG] - evaluate_round 1: strategy sampled 6 clients (out of 12)
[2026-01-16 23:35:54,244][flwr][DEBUG] - evaluate_round 1 received 6 results and 0 failures
[2026-01-16 23:35:54,245][flwr][WARNING] - No evaluate_metrics_aggregation_fn provided
[2026-01-16 23:35:54,245][flwr][DEBUG] - fit_round 2: strategy sampled 6 clients (out of 12)
[2026-01-16 23:35:59,801][flwr][DEBUG] - fit_round 2 received 6 results and 0 failures
[2026-01-16 23:36:00,007][flwr][INFO] - fit progress: (2, 0.09399675748636993, {'rmse': 4624.882701215242, 'mae': 2287.678955078125, 'r2': 0.8472862425464484, 'mape': 12.406133651733398, 'accuracy_10': 53.059178590774536, 'accuracy_20': 86.05817556381226}, 16.942592042003525)
[2026-01-16 23:36:00,007][flwr][DEBUG] - evaluate_round 2: strategy sampled 6 clients (out of 12)
[2026-01-16 23:36:00,183][flwr][DEBUG] - evaluate_round 2 received 6 results and 0 failures
[2026-01-16 23:36:00,183][flwr][DEBUG] - fit_round 3: strategy sampled 6 clients (out of 12)
[2026-01-16 23:36:05,677][flwr][DEBUG] - fit_round 3 received 6 results and 0 failures
[2026-01-16 23:36:05,867][flwr][INFO] - fit progress: (3, 0.08418668468586481, {'rmse': 4561.46336168559, 'mae': 2021.2752685546875, 'r2': 0.8514457385196357, 'mape': 10.805713653564453, 'accuracy_10': 68.00401210784912, 'accuracy_20': 87.56268620491028}, 22.803373209026176)
[2026-01-16 23:36:05,868][flwr][DEBUG] - evaluate_round 3: strategy sampled 6 clients (out of 12)
[2026-01-16 23:36:06,009][flwr][DEBUG] - evaluate_round 3 received 6 results and 0 failures
[2026-01-16 23:36:06,010][flwr][DEBUG] - fit_round 4: strategy sampled 6 clients (out of 12)
[2026-01-16 23:36:11,298][flwr][DEBUG] - fit_round 4 received 6 results and 0 failures
[2026-01-16 23:36:11,483][flwr][INFO] - fit progress: (4, 0.06845941508904384, {'rmse': 4247.870996157958, 'mae': 1860.091552734375, 'r2': 0.871169300953008, 'mape': 9.804121971130371, 'accuracy_10': 68.65596771240234, 'accuracy_20': 89.26780223846436}, 28.418646542006172)
[2026-01-16 23:36:11,483][flwr][DEBUG] - evaluate_round 4: strategy sampled 6 clients (out of 12)
[2026-01-16 23:36:11,645][flwr][DEBUG] - evaluate_round 4 received 6 results and 0 failures
[2026-01-16 23:36:11,645][flwr][DEBUG] - fit_round 5: strategy sampled 6 clients (out of 12)
[2026-01-16 23:36:17,047][flwr][DEBUG] - fit_round 5 received 6 results and 0 failures
[2026-01-16 23:36:17,263][flwr][INFO] - fit progress: (5, 0.0765642028427127, {'rmse': 4488.735011113933, 'mae': 1849.5699462890625, 'r2': 0.8561451044089734, 'mape': 9.844613075256348, 'accuracy_10': 74.47342276573181, 'accuracy_20': 88.5155439376831}, 34.19868608401157)
[2026-01-16 23:36:17,263][flwr][DEBUG] - evaluate_round 5: strategy sampled 6 clients (out of 12)
[2026-01-16 23:36:17,406][flwr][DEBUG] - evaluate_round 5 received 6 results and 0 failures
[2026-01-16 23:36:17,406][flwr][DEBUG] - fit_round 6: strategy sampled 6 clients (out of 12)
[2026-01-16 23:36:22,648][flwr][DEBUG] - fit_round 6 received 6 results and 0 failures
[2026-01-16 23:36:22,842][flwr][INFO] - fit progress: (6, 0.09688095513865755, {'rmse': 5166.144403711534, 'mae': 2085.759765625, 'r2': 0.8094496345116893, 'mape': 11.093807220458984, 'accuracy_10': 72.46740460395813, 'accuracy_20': 86.40922904014587}, 39.77764991702861)
[2026-01-16 23:36:22,842][flwr][DEBUG] - evaluate_round 6: strategy sampled 6 clients (out of 12)
[2026-01-16 23:36:23,015][flwr][DEBUG] - evaluate_round 6 received 6 results and 0 failures
[2026-01-16 23:36:23,015][flwr][DEBUG] - fit_round 7: strategy sampled 6 clients (out of 12)
[2026-01-16 23:36:28,228][flwr][DEBUG] - fit_round 7 received 6 results and 0 failures
[2026-01-16 23:36:28,416][flwr][INFO] - fit progress: (7, 0.061606216398530166, {'rmse': 4276.921322633841, 'mae': 1744.595458984375, 'r2': 0.8694011833462825, 'mape': 8.832633972167969, 'accuracy_10': 76.68004035949707, 'accuracy_20': 90.42126536369324}, 45.35233233400504)
[2026-01-16 23:36:28,417][flwr][DEBUG] - evaluate_round 7: strategy sampled 6 clients (out of 12)
[2026-01-16 23:36:28,544][flwr][DEBUG] - evaluate_round 7 received 6 results and 0 failures
[2026-01-16 23:36:28,544][flwr][DEBUG] - fit_round 8: strategy sampled 6 clients (out of 12)
[2026-01-16 23:36:33,802][flwr][DEBUG] - fit_round 8 received 6 results and 0 failures
[2026-01-16 23:36:33,993][flwr][INFO] - fit progress: (8, 0.06612423752362624, {'rmse': 4472.359779803051, 'mae': 1687.669921875, 'r2': 0.8571927697117416, 'mape': 8.736167907714844, 'accuracy_10': 79.68906760215759, 'accuracy_20': 90.2708113193512}, 50.92895425000461)
[2026-01-16 23:36:33,993][flwr][DEBUG] - evaluate_round 8: strategy sampled 6 clients (out of 12)
[2026-01-16 23:36:34,257][flwr][DEBUG] - evaluate_round 8 received 6 results and 0 failures
[2026-01-16 23:36:34,258][flwr][DEBUG] - fit_round 9: strategy sampled 6 clients (out of 12)
[2026-01-16 23:36:39,845][flwr][DEBUG] - fit_round 9 received 6 results and 0 failures
[2026-01-16 23:36:40,084][flwr][INFO] - fit progress: (9, 0.06567889837307132, {'rmse': 4450.597263289502, 'mae': 1661.3988037109375, 'r2': 0.8585791901508345, 'mape': 8.69778060913086, 'accuracy_10': 80.04012107849121, 'accuracy_20': 89.46840763092041}, 57.02040658402257)
[2026-01-16 23:36:40,085][flwr][DEBUG] - evaluate_round 9: strategy sampled 6 clients (out of 12)
[2026-01-16 23:36:40,229][flwr][DEBUG] - evaluate_round 9 received 6 results and 0 failures
[2026-01-16 23:36:40,229][flwr][DEBUG] - fit_round 10: strategy sampled 6 clients (out of 12)
[2026-01-16 23:36:46,432][flwr][DEBUG] - fit_round 10 received 6 results and 0 failures
[2026-01-16 23:36:46,651][flwr][INFO] - fit progress: (10, 0.05042652043709186, {'rmse': 4247.8801772178085, 'mae': 1728.306396484375, 'r2': 0.8711687436452247, 'mape': 7.893513202667236, 'accuracy_10': 75.62687993049622, 'accuracy_20': 92.32698082923889}, 63.58740966700134)
[2026-01-16 23:36:46,652][flwr][DEBUG] - evaluate_round 10: strategy sampled 6 clients (out of 12)
[2026-01-16 23:36:46,746][flwr][DEBUG] - evaluate_round 10 received 6 results and 0 failures
[2026-01-16 23:36:46,746][flwr][DEBUG] - fit_round 11: strategy sampled 6 clients (out of 12)
[2026-01-16 23:36:52,722][flwr][DEBUG] - fit_round 11 received 6 results and 0 failures
[2026-01-16 23:36:52,943][flwr][INFO] - fit progress: (11, 0.054823588292182625, {'rmse': 4564.938991925303, 'mae': 1899.54736328125, 'r2': 0.8512192809016607, 'mape': 8.218377113342285, 'accuracy_10': 71.66499495506287, 'accuracy_20': 92.32698082923889}, 69.87921270902734)
[2026-01-16 23:36:52,944][flwr][DEBUG] - evaluate_round 11: strategy sampled 6 clients (out of 12)
[2026-01-16 23:36:53,120][flwr][DEBUG] - evaluate_round 11 received 6 results and 0 failures
[2026-01-16 23:36:53,120][flwr][DEBUG] - fit_round 12: strategy sampled 6 clients (out of 12)
[2026-01-16 23:36:58,495][flwr][DEBUG] - fit_round 12 received 6 results and 0 failures
[2026-01-16 23:36:58,684][flwr][INFO] - fit progress: (12, 0.05157048906850719, {'rmse': 4373.09432781869, 'mae': 1856.935791015625, 'r2': 0.8634617196429757, 'mape': 8.115625381469727, 'accuracy_10': 72.16650247573853, 'accuracy_20': 93.43029260635376}, 75.6200630000094)
[2026-01-16 23:36:58,684][flwr][DEBUG] - evaluate_round 12: strategy sampled 6 clients (out of 12)
[2026-01-16 23:36:58,826][flwr][DEBUG] - evaluate_round 12 received 6 results and 0 failures
[2026-01-16 23:36:58,826][flwr][DEBUG] - fit_round 13: strategy sampled 6 clients (out of 12)
[2026-01-16 23:37:04,088][flwr][DEBUG] - fit_round 13 received 6 results and 0 failures
[2026-01-16 23:37:04,329][flwr][INFO] - fit progress: (13, 0.04816406152006556, {'rmse': 4108.827326622524, 'mae': 1609.2557373046875, 'r2': 0.8794651939583612, 'mape': 7.6533613204956055, 'accuracy_10': 78.33500504493713, 'accuracy_20': 92.87863373756409}, 81.26492558402242)
[2026-01-16 23:37:04,329][flwr][DEBUG] - evaluate_round 13: strategy sampled 6 clients (out of 12)
[2026-01-16 23:37:04,500][flwr][DEBUG] - evaluate_round 13 received 6 results and 0 failures
[2026-01-16 23:37:04,500][flwr][DEBUG] - fit_round 14: strategy sampled 6 clients (out of 12)
[2026-01-16 23:37:10,292][flwr][DEBUG] - fit_round 14 received 6 results and 0 failures
[2026-01-16 23:37:10,538][flwr][INFO] - fit progress: (14, 0.04641135008828182, {'rmse': 4096.652535912705, 'mae': 1574.148193359375, 'r2': 0.8801784379261205, 'mape': 7.3922953605651855, 'accuracy_10': 79.08726334571838, 'accuracy_20': 92.67803430557251}, 87.47405566700036)
[2026-01-16 23:37:10,538][flwr][DEBUG] - evaluate_round 14: strategy sampled 6 clients (out of 12)
[2026-01-16 23:37:10,740][flwr][DEBUG] - evaluate_round 14 received 6 results and 0 failures
[2026-01-16 23:37:10,740][flwr][DEBUG] - fit_round 15: strategy sampled 6 clients (out of 12)
[2026-01-16 23:37:16,247][flwr][DEBUG] - fit_round 15 received 6 results and 0 failures
[2026-01-16 23:37:16,444][flwr][INFO] - fit progress: (15, 0.045036371952387966, {'rmse': 4256.511717357301, 'mae': 1690.0970458984375, 'r2': 0.8706446543389403, 'mape': 7.310378551483154, 'accuracy_10': 77.0812451839447, 'accuracy_20': 93.78134608268738}, 93.38021958401077)
[2026-01-16 23:37:16,445][flwr][DEBUG] - evaluate_round 15: strategy sampled 6 clients (out of 12)
[2026-01-16 23:37:16,568][flwr][DEBUG] - evaluate_round 15 received 6 results and 0 failures
[2026-01-16 23:37:16,568][flwr][DEBUG] - fit_round 16: strategy sampled 6 clients (out of 12)
[2026-01-16 23:37:21,979][flwr][DEBUG] - fit_round 16 received 6 results and 0 failures
[2026-01-16 23:37:22,182][flwr][INFO] - fit progress: (16, 0.05343855635721681, {'rmse': 4357.3381782918805, 'mae': 1477.4046630859375, 'r2': 0.8644438426172206, 'mape': 7.408299922943115, 'accuracy_10': 83.09929966926575, 'accuracy_20': 91.67502522468567}, 99.11777450001682)
[2026-01-16 23:37:22,182][flwr][DEBUG] - evaluate_round 16: strategy sampled 6 clients (out of 12)
[2026-01-16 23:37:22,321][flwr][DEBUG] - evaluate_round 16 received 6 results and 0 failures
[2026-01-16 23:37:22,322][flwr][DEBUG] - fit_round 17: strategy sampled 6 clients (out of 12)
[2026-01-16 23:37:27,646][flwr][DEBUG] - fit_round 17 received 6 results and 0 failures
[2026-01-16 23:37:27,852][flwr][INFO] - fit progress: (17, 0.051160727743406895, {'rmse': 4251.63733166412, 'mae': 1465.6845703125, 'r2': 0.8709407460978482, 'mape': 7.269659519195557, 'accuracy_10': 83.55064988136292, 'accuracy_20': 91.72517657279968}, 104.78807691700058)
[2026-01-16 23:37:27,852][flwr][DEBUG] - evaluate_round 17: strategy sampled 6 clients (out of 12)
[2026-01-16 23:37:27,926][flwr][DEBUG] - evaluate_round 17 received 6 results and 0 failures
[2026-01-16 23:37:27,927][flwr][DEBUG] - fit_round 18: strategy sampled 6 clients (out of 12)
[2026-01-16 23:37:31,370][flwr][DEBUG] - fit_round 18 received 6 results and 0 failures
[2026-01-16 23:37:31,567][flwr][INFO] - fit progress: (18, 0.05826877042979989, {'rmse': 5077.549802808438, 'mae': 1981.2738037109375, 'r2': 0.8159291147910894, 'mape': 7.674405574798584, 'accuracy_10': 76.32898688316345, 'accuracy_20': 91.62487387657166}, 108.50267845901544)
[2026-01-16 23:37:31,567][flwr][DEBUG] - evaluate_round 18: strategy sampled 6 clients (out of 12)
[2026-01-16 23:37:31,684][flwr][DEBUG] - evaluate_round 18 received 6 results and 0 failures
[2026-01-16 23:37:31,684][flwr][DEBUG] - fit_round 19: strategy sampled 6 clients (out of 12)
[2026-01-16 23:37:35,182][flwr][DEBUG] - fit_round 19 received 6 results and 0 failures
[2026-01-16 23:37:35,417][flwr][INFO] - fit progress: (19, 0.04338391590396404, {'rmse': 4151.569823572765, 'mae': 1664.664794921875, 'r2': 0.8769443881922085, 'mape': 7.42702579498291, 'accuracy_10': 76.7803430557251, 'accuracy_20': 95.38615942001343}, 112.35339895900688)
[2026-01-16 23:37:35,418][flwr][DEBUG] - evaluate_round 19: strategy sampled 6 clients (out of 12)
[2026-01-16 23:37:35,606][flwr][DEBUG] - evaluate_round 19 received 6 results and 0 failures
[2026-01-16 23:37:35,606][flwr][DEBUG] - fit_round 20: strategy sampled 6 clients (out of 12)
[2026-01-16 23:37:41,141][flwr][DEBUG] - fit_round 20 received 6 results and 0 failures
[2026-01-16 23:37:41,349][flwr][INFO] - fit progress: (20, 0.03925534449106712, {'rmse': 4131.820664065661, 'mae': 1608.4847412109375, 'r2': 0.878112373312208, 'mape': 6.810352802276611, 'accuracy_10': 79.18756008148193, 'accuracy_20': 95.63691020011902}, 118.28457987500587)
[2026-01-16 23:37:41,349][flwr][DEBUG] - evaluate_round 20: strategy sampled 6 clients (out of 12)
[2026-01-16 23:37:41,432][flwr][DEBUG] - evaluate_round 20 received 6 results and 0 failures
[2026-01-16 23:37:41,432][flwr][DEBUG] - fit_round 21: strategy sampled 6 clients (out of 12)
[2026-01-16 23:37:46,622][flwr][DEBUG] - fit_round 21 received 6 results and 0 failures
[2026-01-16 23:37:46,853][flwr][INFO] - fit progress: (21, 0.039233291902791415, {'rmse': 3988.4842985775936, 'mae': 1488.508056640625, 'r2': 0.8864224483340486, 'mape': 6.717546463012695, 'accuracy_10': 81.34403228759766, 'accuracy_20': 94.53359842300415}, 123.7889290000021)
[2026-01-16 23:37:46,854][flwr][DEBUG] - evaluate_round 21: strategy sampled 6 clients (out of 12)
[2026-01-16 23:37:46,950][flwr][DEBUG] - evaluate_round 21 received 6 results and 0 failures
[2026-01-16 23:37:46,950][flwr][DEBUG] - fit_round 22: strategy sampled 6 clients (out of 12)
[2026-01-16 23:37:52,448][flwr][DEBUG] - fit_round 22 received 6 results and 0 failures
[2026-01-16 23:37:52,641][flwr][INFO] - fit progress: (22, 0.037598812022249226, {'rmse': 4108.266544419921, 'mae': 1550.9091796875, 'r2': 0.8794980824505774, 'mape': 6.519463062286377, 'accuracy_10': 80.54162263870239, 'accuracy_20': 95.38615942001343}, 129.5770900840289)
[2026-01-16 23:37:52,641][flwr][DEBUG] - evaluate_round 22: strategy sampled 6 clients (out of 12)
[2026-01-16 23:37:52,781][flwr][DEBUG] - evaluate_round 22 received 6 results and 0 failures
[2026-01-16 23:37:52,781][flwr][DEBUG] - fit_round 23: strategy sampled 6 clients (out of 12)
[2026-01-16 23:37:58,003][flwr][DEBUG] - fit_round 23 received 6 results and 0 failures
[2026-01-16 23:37:58,196][flwr][INFO] - fit progress: (23, 0.04338289337156111, {'rmse': 4090.3184472605553, 'mae': 1329.1063232421875, 'r2': 0.8805486809522055, 'mape': 6.4411773681640625, 'accuracy_10': 85.80742478370667, 'accuracy_20': 93.02908778190613}, 135.1323142920155)
[2026-01-16 23:37:58,196][flwr][DEBUG] - evaluate_round 23: strategy sampled 6 clients (out of 12)
[2026-01-16 23:37:58,271][flwr][DEBUG] - evaluate_round 23 received 6 results and 0 failures
[2026-01-16 23:37:58,271][flwr][DEBUG] - fit_round 24: strategy sampled 6 clients (out of 12)
[2026-01-16 23:38:03,512][flwr][DEBUG] - fit_round 24 received 6 results and 0 failures
[2026-01-16 23:38:03,698][flwr][INFO] - fit progress: (24, 0.03737349855015755, {'rmse': 3969.6434348691823, 'mae': 1415.7855224609375, 'r2': 0.8874929559229381, 'mape': 6.2757415771484375, 'accuracy_10': 84.10230875015259, 'accuracy_20': 94.23269629478455}, 140.6341665420041)
[2026-01-16 23:38:03,698][flwr][DEBUG] - evaluate_round 24: strategy sampled 6 clients (out of 12)
[2026-01-16 23:38:03,847][flwr][DEBUG] - evaluate_round 24 received 6 results and 0 failures
[2026-01-16 23:38:03,848][flwr][DEBUG] - fit_round 25: strategy sampled 6 clients (out of 12)
[2026-01-16 23:38:09,321][flwr][DEBUG] - fit_round 25 received 6 results and 0 failures
[2026-01-16 23:38:09,524][flwr][INFO] - fit progress: (25, 0.03691122273156941, {'rmse': 3927.4591022695577, 'mae': 1369.7286376953125, 'r2': 0.889871413548422, 'mape': 6.145482540130615, 'accuracy_10': 84.90471243858337, 'accuracy_20': 94.18254494667053}, 146.4602022920153)
[2026-01-16 23:38:09,524][flwr][DEBUG] - evaluate_round 25: strategy sampled 6 clients (out of 12)
[2026-01-16 23:38:09,616][flwr][DEBUG] - evaluate_round 25 received 6 results and 0 failures
[2026-01-16 23:38:09,616][flwr][INFO] - FL finished in 146.5519002500223
[2026-01-16 23:38:09,617][flwr][INFO] - app_fit: losses_distributed [(1, 0.18244914956889008), (2, 0.09809054784269797), (3, 0.10044469267983198), (4, 0.0831283322124052), (5, 0.0655415300302308), (6, 0.09781774776823014), (7, 0.08277134159519002), (8, 0.06610571565654348), (9, 0.09629219507859915), (10, 0.03746709058270137), (11, 0.05799879541038406), (12, 0.04964965499707844), (13, 0.039651497768353285), (14, 0.09571300726383924), (15, 0.054540711527644656), (16, 0.043376684410555484), (17, 0.09249034841351723), (18, 0.0644567219272256), (19, 0.048228109019759886), (20, 0.031327660563472845), (21, 0.06157825947447837), (22, 0.045459958907071885), (23, 0.04621620537095344), (24, 0.054644278059008594), (25, 0.04060376757115591)]
[2026-01-16 23:38:09,617][flwr][INFO] - app_fit: metrics_distributed_fit {'scaffold_updates': [(1, 6), (2, 6), (3, 6), (4, 6), (5, 6), (6, 6), (7, 6), (8, 6), (9, 6), (10, 6), (11, 6), (12, 6), (13, 6), (14, 6), (15, 6), (16, 6), (17, 6), (18, 6), (19, 6), (20, 6), (21, 6), (22, 6), (23, 6), (24, 6), (25, 6)], 'avg_control_delta_norm': [(1, 2.8358085995389195), (2, 1.5696725450022833), (3, 1.2491664912342546), (4, 0.9001824755286559), (5, 0.7325855723390643), (6, 0.8738570346301779), (7, 0.6379992686335899), (8, 0.6632131942277445), (9, 0.6032602103501667), (10, 0.5783685631273173), (11, 0.6008352227465493), (12, 0.5342458338820535), (13, 0.4619577872928997), (14, 0.42373507856519116), (15, 0.4209474288355337), (16, 0.5107818552077944), (17, 0.4080125546205819), (18, 0.60193022295222), (19, 0.7846836927154225), (20, 0.36129933099303874), (21, 0.49454104933648635), (22, 0.3616286863964005), (23, 0.41970748364830235), (24, 0.38237283624238416), (25, 0.2750807287726803)]}
[2026-01-16 23:38:09,617][flwr][INFO] - app_fit: metrics_distributed {}
[2026-01-16 23:38:09,617][flwr][INFO] - app_fit: losses_centralized [(0, 3.751187844883834), (1, 0.17256162125792882), (2, 0.09399675748636993), (3, 0.08418668468586481), (4, 0.06845941508904384), (5, 0.0765642028427127), (6, 0.09688095513865755), (7, 0.061606216398530166), (8, 0.06612423752362624), (9, 0.06567889837307132), (10, 0.05042652043709186), (11, 0.054823588292182625), (12, 0.05157048906850719), (13, 0.04816406152006556), (14, 0.04641135008828182), (15, 0.045036371952387966), (16, 0.05343855635721681), (17, 0.051160727743406895), (18, 0.05826877042979989), (19, 0.04338391590396404), (20, 0.03925534449106712), (21, 0.039233291902791415), (22, 0.037598812022249226), (23, 0.04338289337156111), (24, 0.03737349855015755), (25, 0.03691122273156941)]
[2026-01-16 23:38:09,617][flwr][INFO] - app_fit: metrics_centralized {'rmse': [(0, 15582.423431546198), (1, 5532.789531511207), (2, 4624.882701215242), (3, 4561.46336168559), (4, 4247.870996157958), (5, 4488.735011113933), (6, 5166.144403711534), (7, 4276.921322633841), (8, 4472.359779803051), (9, 4450.597263289502), (10, 4247.8801772178085), (11, 4564.938991925303), (12, 4373.09432781869), (13, 4108.827326622524), (14, 4096.652535912705), (15, 4256.511717357301), (16, 4357.3381782918805), (17, 4251.63733166412), (18, 5077.549802808438), (19, 4151.569823572765), (20, 4131.820664065661), (21, 3988.4842985775936), (22, 4108.266544419921), (23, 4090.3184472605553), (24, 3969.6434348691823), (25, 3927.4591022695577)], 'mae': [(0, 10182.001953125), (1, 3092.7265625), (2, 2287.678955078125), (3, 2021.2752685546875), (4, 1860.091552734375), (5, 1849.5699462890625), (6, 2085.759765625), (7, 1744.595458984375), (8, 1687.669921875), (9, 1661.3988037109375), (10, 1728.306396484375), (11, 1899.54736328125), (12, 1856.935791015625), (13, 1609.2557373046875), (14, 1574.148193359375), (15, 1690.0970458984375), (16, 1477.4046630859375), (17, 1465.6845703125), (18, 1981.2738037109375), (19, 1664.664794921875), (20, 1608.4847412109375), (21, 1488.508056640625), (22, 1550.9091796875), (23, 1329.1063232421875), (24, 1415.7855224609375), (25, 1369.7286376953125)], 'r2': [(0, -0.733591274930137), (1, 0.7814428504920382), (2, 0.8472862425464484), (3, 0.8514457385196357), (4, 0.871169300953008), (5, 0.8561451044089734), (6, 0.8094496345116893), (7, 0.8694011833462825), (8, 0.8571927697117416), (9, 0.8585791901508345), (10, 0.8711687436452247), (11, 0.8512192809016607), (12, 0.8634617196429757), (13, 0.8794651939583612), (14, 0.8801784379261205), (15, 0.8706446543389403), (16, 0.8644438426172206), (17, 0.8709407460978482), (18, 0.8159291147910894), (19, 0.8769443881922085), (20, 0.878112373312208), (21, 0.8864224483340486), (22, 0.8794980824505774), (23, 0.8805486809522055), (24, 0.8874929559229381), (25, 0.889871413548422)], 'mape': [(0, 51.084510803222656), (1, 17.851743698120117), (2, 12.406133651733398), (3, 10.805713653564453), (4, 9.804121971130371), (5, 9.844613075256348), (6, 11.093807220458984), (7, 8.832633972167969), (8, 8.736167907714844), (9, 8.69778060913086), (10, 7.893513202667236), (11, 8.218377113342285), (12, 8.115625381469727), (13, 7.6533613204956055), (14, 7.3922953605651855), (15, 7.310378551483154), (16, 7.408299922943115), (17, 7.269659519195557), (18, 7.674405574798584), (19, 7.42702579498291), (20, 6.810352802276611), (21, 6.717546463012695), (22, 6.519463062286377), (23, 6.4411773681640625), (24, 6.2757415771484375), (25, 6.145482540130615)], 'accuracy_10': [(0, 6.068204715847969), (1, 30.89267909526825), (2, 53.059178590774536), (3, 68.00401210784912), (4, 68.65596771240234), (5, 74.47342276573181), (6, 72.46740460395813), (7, 76.68004035949707), (8, 79.68906760215759), (9, 80.04012107849121), (10, 75.62687993049622), (11, 71.66499495506287), (12, 72.16650247573853), (13, 78.33500504493713), (14, 79.08726334571838), (15, 77.0812451839447), (16, 83.09929966926575), (17, 83.55064988136292), (18, 76.32898688316345), (19, 76.7803430557251), (20, 79.18756008148193), (21, 81.34403228759766), (22, 80.54162263870239), (23, 85.80742478370667), (24, 84.10230875015259), (25, 84.90471243858337)], 'accuracy_20': [(0, 13.03911805152893), (1, 67.80341267585754), (2, 86.05817556381226), (3, 87.56268620491028), (4, 89.26780223846436), (5, 88.5155439376831), (6, 86.40922904014587), (7, 90.42126536369324), (8, 90.2708113193512), (9, 89.46840763092041), (10, 92.32698082923889), (11, 92.32698082923889), (12, 93.43029260635376), (13, 92.87863373756409), (14, 92.67803430557251), (15, 93.78134608268738), (16, 91.67502522468567), (17, 91.72517657279968), (18, 91.62487387657166), (19, 95.38615942001343), (20, 95.63691020011902), (21, 94.53359842300415), (22, 95.38615942001343), (23, 93.02908778190613), (24, 94.23269629478455), (25, 94.18254494667053)]}
