[2026-01-11 13:16:20,100][flwr][INFO] - Starting Flower simulation, config: ServerConfig(num_rounds=50, round_timeout=None)
[2026-01-11 13:16:26,486][flwr][INFO] - Flower VCE: Ray initialized with resources: {'memory': 11778673869.0, 'CPU': 10.0, 'node:127.0.0.1': 1.0, 'object_store_memory': 2147483648.0}
[2026-01-11 13:16:26,487][flwr][INFO] - Initializing global parameters
[2026-01-11 13:16:26,487][flwr][INFO] - Using initial parameters provided by strategy
[2026-01-11 13:16:26,487][flwr][INFO] - Evaluating initial parameters
[2026-01-11 13:16:26,561][flwr][INFO] - initial parameters (loss, other metrics): 68.07474291324615, {'accuracy': 0.507}
[2026-01-11 13:16:26,562][flwr][INFO] - FL starting
[2026-01-11 13:16:26,562][flwr][DEBUG] - fit_round 1: strategy sampled 100 clients (out of 100)
[2026-01-11 13:16:32,506][flwr][DEBUG] - fit_round 1 received 100 results and 0 failures
[2026-01-11 13:16:32,539][flwr][WARNING] - No fit_metrics_aggregation_fn provided
[2026-01-11 13:16:32,567][flwr][INFO] - fit progress: (1, 67.36733603477478, {'accuracy': 0.507}, 6.004983249993529)
[2026-01-11 13:16:32,567][flwr][DEBUG] - evaluate_round 1: strategy sampled 100 clients (out of 100)
[2026-01-11 13:16:33,125][flwr][DEBUG] - evaluate_round 1 received 100 results and 0 failures
[2026-01-11 13:16:33,125][flwr][WARNING] - No evaluate_metrics_aggregation_fn provided
[2026-01-11 13:16:33,126][flwr][DEBUG] - fit_round 2: strategy sampled 100 clients (out of 100)
[2026-01-11 13:16:33,689][flwr][DEBUG] - fit_round 2 received 100 results and 0 failures
[2026-01-11 13:16:33,742][flwr][INFO] - fit progress: (2, 66.76683485507965, {'accuracy': 0.507}, 7.1802770829963265)
[2026-01-11 13:16:33,742][flwr][DEBUG] - evaluate_round 2: strategy sampled 100 clients (out of 100)
[2026-01-11 13:16:34,264][flwr][DEBUG] - evaluate_round 2 received 100 results and 0 failures
[2026-01-11 13:16:34,264][flwr][DEBUG] - fit_round 3: strategy sampled 100 clients (out of 100)
[2026-01-11 13:16:34,907][flwr][DEBUG] - fit_round 3 received 100 results and 0 failures
[2026-01-11 13:16:34,967][flwr][INFO] - fit progress: (3, 66.26126927137375, {'accuracy': 0.507}, 8.405059999990044)
[2026-01-11 13:16:34,967][flwr][DEBUG] - evaluate_round 3: strategy sampled 100 clients (out of 100)
[2026-01-11 13:16:35,421][flwr][DEBUG] - evaluate_round 3 received 100 results and 0 failures
[2026-01-11 13:16:35,422][flwr][DEBUG] - fit_round 4: strategy sampled 100 clients (out of 100)
[2026-01-11 13:16:35,876][flwr][DEBUG] - fit_round 4 received 100 results and 0 failures
[2026-01-11 13:16:35,929][flwr][INFO] - fit progress: (4, 65.83012980222702, {'accuracy': 0.507}, 9.367027582993614)
[2026-01-11 13:16:35,929][flwr][DEBUG] - evaluate_round 4: strategy sampled 100 clients (out of 100)
[2026-01-11 13:16:36,328][flwr][DEBUG] - evaluate_round 4 received 100 results and 0 failures
[2026-01-11 13:16:36,328][flwr][DEBUG] - fit_round 5: strategy sampled 100 clients (out of 100)
[2026-01-11 13:16:36,743][flwr][DEBUG] - fit_round 5 received 100 results and 0 failures
[2026-01-11 13:16:36,838][flwr][INFO] - fit progress: (5, 65.46095877885818, {'accuracy': 0.507}, 10.27619712500018)
[2026-01-11 13:16:36,838][flwr][DEBUG] - evaluate_round 5: strategy sampled 100 clients (out of 100)
[2026-01-11 13:16:37,259][flwr][DEBUG] - evaluate_round 5 received 100 results and 0 failures
[2026-01-11 13:16:37,259][flwr][DEBUG] - fit_round 6: strategy sampled 100 clients (out of 100)
[2026-01-11 13:16:37,689][flwr][DEBUG] - fit_round 6 received 100 results and 0 failures
[2026-01-11 13:16:37,740][flwr][INFO] - fit progress: (6, 65.15135502815247, {'accuracy': 0.507}, 11.178308082991862)
[2026-01-11 13:16:37,740][flwr][DEBUG] - evaluate_round 6: strategy sampled 100 clients (out of 100)
[2026-01-11 13:16:38,156][flwr][DEBUG] - evaluate_round 6 received 100 results and 0 failures
[2026-01-11 13:16:38,157][flwr][DEBUG] - fit_round 7: strategy sampled 100 clients (out of 100)
[2026-01-11 13:16:38,620][flwr][DEBUG] - fit_round 7 received 100 results and 0 failures
[2026-01-11 13:16:38,674][flwr][INFO] - fit progress: (7, 64.87016725540161, {'accuracy': 0.507}, 12.112545458003297)
[2026-01-11 13:16:38,675][flwr][DEBUG] - evaluate_round 7: strategy sampled 100 clients (out of 100)
[2026-01-11 13:16:39,060][flwr][DEBUG] - evaluate_round 7 received 100 results and 0 failures
[2026-01-11 13:16:39,061][flwr][DEBUG] - fit_round 8: strategy sampled 100 clients (out of 100)
[2026-01-11 13:16:39,502][flwr][DEBUG] - fit_round 8 received 100 results and 0 failures
[2026-01-11 13:16:39,557][flwr][INFO] - fit progress: (8, 64.62345963716507, {'accuracy': 0.507}, 12.9948282080004)
[2026-01-11 13:16:39,557][flwr][DEBUG] - evaluate_round 8: strategy sampled 100 clients (out of 100)
[2026-01-11 13:16:39,938][flwr][DEBUG] - evaluate_round 8 received 100 results and 0 failures
[2026-01-11 13:16:39,939][flwr][DEBUG] - fit_round 9: strategy sampled 100 clients (out of 100)
[2026-01-11 13:16:40,369][flwr][DEBUG] - fit_round 9 received 100 results and 0 failures
[2026-01-11 13:16:40,419][flwr][INFO] - fit progress: (9, 64.39828169345856, {'accuracy': 0.507}, 13.857265040991479)
[2026-01-11 13:16:40,419][flwr][DEBUG] - evaluate_round 9: strategy sampled 100 clients (out of 100)
[2026-01-11 13:16:40,812][flwr][DEBUG] - evaluate_round 9 received 100 results and 0 failures
[2026-01-11 13:16:40,812][flwr][DEBUG] - fit_round 10: strategy sampled 100 clients (out of 100)
[2026-01-11 13:16:41,228][flwr][DEBUG] - fit_round 10 received 100 results and 0 failures
[2026-01-11 13:16:41,290][flwr][INFO] - fit progress: (10, 64.19183474779129, {'accuracy': 0.507}, 14.728243999998085)
[2026-01-11 13:16:41,290][flwr][DEBUG] - evaluate_round 10: strategy sampled 100 clients (out of 100)
[2026-01-11 13:16:41,673][flwr][DEBUG] - evaluate_round 10 received 100 results and 0 failures
[2026-01-11 13:16:41,673][flwr][DEBUG] - fit_round 11: strategy sampled 100 clients (out of 100)
[2026-01-11 13:16:42,138][flwr][DEBUG] - fit_round 11 received 100 results and 0 failures
[2026-01-11 13:16:42,188][flwr][INFO] - fit progress: (11, 63.99292713403702, {'accuracy': 0.507}, 15.62595099999453)
[2026-01-11 13:16:42,188][flwr][DEBUG] - evaluate_round 11: strategy sampled 100 clients (out of 100)
[2026-01-11 13:16:42,580][flwr][DEBUG] - evaluate_round 11 received 100 results and 0 failures
[2026-01-11 13:16:42,581][flwr][DEBUG] - fit_round 12: strategy sampled 100 clients (out of 100)
[2026-01-11 13:16:43,312][flwr][DEBUG] - fit_round 12 received 100 results and 0 failures
[2026-01-11 13:16:43,380][flwr][INFO] - fit progress: (12, 63.798714220523834, {'accuracy': 0.507}, 16.81815429100243)
[2026-01-11 13:16:43,380][flwr][DEBUG] - evaluate_round 12: strategy sampled 100 clients (out of 100)
[2026-01-11 13:16:43,819][flwr][DEBUG] - evaluate_round 12 received 100 results and 0 failures
[2026-01-11 13:16:43,820][flwr][DEBUG] - fit_round 13: strategy sampled 100 clients (out of 100)
[2026-01-11 13:16:44,377][flwr][DEBUG] - fit_round 13 received 100 results and 0 failures
[2026-01-11 13:16:44,430][flwr][INFO] - fit progress: (13, 63.612878262996674, {'accuracy': 0.5075}, 17.86815008299891)
[2026-01-11 13:16:44,430][flwr][DEBUG] - evaluate_round 13: strategy sampled 100 clients (out of 100)
[2026-01-11 13:16:44,819][flwr][DEBUG] - evaluate_round 13 received 100 results and 0 failures
[2026-01-11 13:16:44,819][flwr][DEBUG] - fit_round 14: strategy sampled 100 clients (out of 100)
[2026-01-11 13:16:45,348][flwr][DEBUG] - fit_round 14 received 100 results and 0 failures
[2026-01-11 13:16:45,415][flwr][INFO] - fit progress: (14, 63.4288512468338, {'accuracy': 0.5075}, 18.852913665992673)
[2026-01-11 13:16:45,415][flwr][DEBUG] - evaluate_round 14: strategy sampled 100 clients (out of 100)
[2026-01-11 13:16:46,006][flwr][DEBUG] - evaluate_round 14 received 100 results and 0 failures
[2026-01-11 13:16:46,007][flwr][DEBUG] - fit_round 15: strategy sampled 100 clients (out of 100)
[2026-01-11 13:16:46,576][flwr][DEBUG] - fit_round 15 received 100 results and 0 failures
[2026-01-11 13:16:46,645][flwr][INFO] - fit progress: (15, 63.25133836269379, {'accuracy': 0.508}, 20.083136874993215)
[2026-01-11 13:16:46,645][flwr][DEBUG] - evaluate_round 15: strategy sampled 100 clients (out of 100)
[2026-01-11 13:16:47,141][flwr][DEBUG] - evaluate_round 15 received 100 results and 0 failures
[2026-01-11 13:16:47,142][flwr][DEBUG] - fit_round 16: strategy sampled 100 clients (out of 100)
[2026-01-11 13:16:47,634][flwr][DEBUG] - fit_round 16 received 100 results and 0 failures
[2026-01-11 13:16:47,707][flwr][INFO] - fit progress: (16, 63.06535792350769, {'accuracy': 0.5085}, 21.145459915991523)
[2026-01-11 13:16:47,708][flwr][DEBUG] - evaluate_round 16: strategy sampled 100 clients (out of 100)
[2026-01-11 13:16:48,195][flwr][DEBUG] - evaluate_round 16 received 100 results and 0 failures
[2026-01-11 13:16:48,196][flwr][DEBUG] - fit_round 17: strategy sampled 100 clients (out of 100)
[2026-01-11 13:16:48,719][flwr][DEBUG] - fit_round 17 received 100 results and 0 failures
[2026-01-11 13:16:48,815][flwr][INFO] - fit progress: (17, 62.86953526735306, {'accuracy': 0.5085}, 22.253496249992168)
[2026-01-11 13:16:48,816][flwr][DEBUG] - evaluate_round 17: strategy sampled 100 clients (out of 100)
[2026-01-11 13:16:49,280][flwr][DEBUG] - evaluate_round 17 received 100 results and 0 failures
[2026-01-11 13:16:49,281][flwr][DEBUG] - fit_round 18: strategy sampled 100 clients (out of 100)
[2026-01-11 13:16:49,921][flwr][DEBUG] - fit_round 18 received 100 results and 0 failures
[2026-01-11 13:16:49,994][flwr][INFO] - fit progress: (18, 62.66131919622421, {'accuracy': 0.5095}, 23.43167833299958)
[2026-01-11 13:16:49,994][flwr][DEBUG] - evaluate_round 18: strategy sampled 100 clients (out of 100)
[2026-01-11 13:16:50,570][flwr][DEBUG] - evaluate_round 18 received 100 results and 0 failures
[2026-01-11 13:16:50,571][flwr][DEBUG] - fit_round 19: strategy sampled 100 clients (out of 100)
[2026-01-11 13:16:51,204][flwr][DEBUG] - fit_round 19 received 100 results and 0 failures
[2026-01-11 13:16:51,270][flwr][INFO] - fit progress: (19, 62.44275480508804, {'accuracy': 0.5115}, 24.7083766249998)
[2026-01-11 13:16:51,271][flwr][DEBUG] - evaluate_round 19: strategy sampled 100 clients (out of 100)
[2026-01-11 13:16:51,880][flwr][DEBUG] - evaluate_round 19 received 100 results and 0 failures
[2026-01-11 13:16:51,880][flwr][DEBUG] - fit_round 20: strategy sampled 100 clients (out of 100)
[2026-01-11 13:16:52,400][flwr][DEBUG] - fit_round 20 received 100 results and 0 failures
[2026-01-11 13:16:52,645][flwr][INFO] - fit progress: (20, 62.214299499988556, {'accuracy': 0.514}, 26.083303124993108)
[2026-01-11 13:16:52,645][flwr][DEBUG] - evaluate_round 20: strategy sampled 100 clients (out of 100)
[2026-01-11 13:16:53,191][flwr][DEBUG] - evaluate_round 20 received 100 results and 0 failures
[2026-01-11 13:16:53,192][flwr][DEBUG] - fit_round 21: strategy sampled 100 clients (out of 100)
[2026-01-11 13:16:53,878][flwr][DEBUG] - fit_round 21 received 100 results and 0 failures
[2026-01-11 13:16:53,956][flwr][INFO] - fit progress: (21, 61.967127442359924, {'accuracy': 0.5165}, 27.39416629099287)
[2026-01-11 13:16:53,956][flwr][DEBUG] - evaluate_round 21: strategy sampled 100 clients (out of 100)
[2026-01-11 13:16:54,469][flwr][DEBUG] - evaluate_round 21 received 100 results and 0 failures
[2026-01-11 13:16:54,470][flwr][DEBUG] - fit_round 22: strategy sampled 100 clients (out of 100)
[2026-01-11 13:16:55,100][flwr][DEBUG] - fit_round 22 received 100 results and 0 failures
[2026-01-11 13:16:55,167][flwr][INFO] - fit progress: (22, 61.70454001426697, {'accuracy': 0.5175}, 28.60474308299308)
[2026-01-11 13:16:55,167][flwr][DEBUG] - evaluate_round 22: strategy sampled 100 clients (out of 100)
[2026-01-11 13:16:55,639][flwr][DEBUG] - evaluate_round 22 received 100 results and 0 failures
[2026-01-11 13:16:55,639][flwr][DEBUG] - fit_round 23: strategy sampled 100 clients (out of 100)
[2026-01-11 13:16:56,210][flwr][DEBUG] - fit_round 23 received 100 results and 0 failures
[2026-01-11 13:16:56,277][flwr][INFO] - fit progress: (23, 61.42697697877884, {'accuracy': 0.518}, 29.715359957990586)
[2026-01-11 13:16:56,278][flwr][DEBUG] - evaluate_round 23: strategy sampled 100 clients (out of 100)
[2026-01-11 13:16:56,748][flwr][DEBUG] - evaluate_round 23 received 100 results and 0 failures
[2026-01-11 13:16:56,748][flwr][DEBUG] - fit_round 24: strategy sampled 100 clients (out of 100)
[2026-01-11 13:16:57,440][flwr][DEBUG] - fit_round 24 received 100 results and 0 failures
[2026-01-11 13:16:57,511][flwr][INFO] - fit progress: (24, 61.124535858631134, {'accuracy': 0.5195}, 30.949400290992344)
[2026-01-11 13:16:57,512][flwr][DEBUG] - evaluate_round 24: strategy sampled 100 clients (out of 100)
[2026-01-11 13:16:58,160][flwr][DEBUG] - evaluate_round 24 received 100 results and 0 failures
[2026-01-11 13:16:58,160][flwr][DEBUG] - fit_round 25: strategy sampled 100 clients (out of 100)
[2026-01-11 13:16:58,742][flwr][DEBUG] - fit_round 25 received 100 results and 0 failures
[2026-01-11 13:16:58,809][flwr][INFO] - fit progress: (25, 60.80103290081024, {'accuracy': 0.5215}, 32.24706324998988)
[2026-01-11 13:16:58,809][flwr][DEBUG] - evaluate_round 25: strategy sampled 100 clients (out of 100)
[2026-01-11 13:16:59,465][flwr][DEBUG] - evaluate_round 25 received 100 results and 0 failures
[2026-01-11 13:16:59,465][flwr][DEBUG] - fit_round 26: strategy sampled 100 clients (out of 100)
[2026-01-11 13:17:00,457][flwr][DEBUG] - fit_round 26 received 100 results and 0 failures
[2026-01-11 13:17:00,534][flwr][INFO] - fit progress: (26, 60.45746147632599, {'accuracy': 0.525}, 33.972454082992044)
[2026-01-11 13:17:00,535][flwr][DEBUG] - evaluate_round 26: strategy sampled 100 clients (out of 100)
[2026-01-11 13:17:01,034][flwr][DEBUG] - evaluate_round 26 received 100 results and 0 failures
[2026-01-11 13:17:01,035][flwr][DEBUG] - fit_round 27: strategy sampled 100 clients (out of 100)
[2026-01-11 13:17:01,687][flwr][DEBUG] - fit_round 27 received 100 results and 0 failures
[2026-01-11 13:17:01,753][flwr][INFO] - fit progress: (27, 60.09805619716644, {'accuracy': 0.53}, 35.19064995799272)
[2026-01-11 13:17:01,753][flwr][DEBUG] - evaluate_round 27: strategy sampled 100 clients (out of 100)
[2026-01-11 13:17:02,240][flwr][DEBUG] - evaluate_round 27 received 100 results and 0 failures
[2026-01-11 13:17:02,240][flwr][DEBUG] - fit_round 28: strategy sampled 100 clients (out of 100)
[2026-01-11 13:17:02,751][flwr][DEBUG] - fit_round 28 received 100 results and 0 failures
[2026-01-11 13:17:02,819][flwr][INFO] - fit progress: (28, 59.718989610672, {'accuracy': 0.5345}, 36.25670183300099)
[2026-01-11 13:17:02,819][flwr][DEBUG] - evaluate_round 28: strategy sampled 100 clients (out of 100)
[2026-01-11 13:17:03,268][flwr][DEBUG] - evaluate_round 28 received 100 results and 0 failures
[2026-01-11 13:17:03,268][flwr][DEBUG] - fit_round 29: strategy sampled 100 clients (out of 100)
[2026-01-11 13:17:03,788][flwr][DEBUG] - fit_round 29 received 100 results and 0 failures
[2026-01-11 13:17:03,858][flwr][INFO] - fit progress: (29, 59.31438368558884, {'accuracy': 0.543}, 37.29592674999731)
[2026-01-11 13:17:03,858][flwr][DEBUG] - evaluate_round 29: strategy sampled 100 clients (out of 100)
[2026-01-11 13:17:04,336][flwr][DEBUG] - evaluate_round 29 received 100 results and 0 failures
[2026-01-11 13:17:04,336][flwr][DEBUG] - fit_round 30: strategy sampled 100 clients (out of 100)
[2026-01-11 13:17:04,838][flwr][DEBUG] - fit_round 30 received 100 results and 0 failures
[2026-01-11 13:17:04,905][flwr][INFO] - fit progress: (30, 58.9094220995903, {'accuracy': 0.5475}, 38.34304712500307)
[2026-01-11 13:17:04,905][flwr][DEBUG] - evaluate_round 30: strategy sampled 100 clients (out of 100)
[2026-01-11 13:17:05,349][flwr][DEBUG] - evaluate_round 30 received 100 results and 0 failures
[2026-01-11 13:17:05,349][flwr][DEBUG] - fit_round 31: strategy sampled 100 clients (out of 100)
[2026-01-11 13:17:05,981][flwr][DEBUG] - fit_round 31 received 100 results and 0 failures
[2026-01-11 13:17:06,067][flwr][INFO] - fit progress: (31, 58.49144780635834, {'accuracy': 0.5545}, 39.50506883299386)
[2026-01-11 13:17:06,067][flwr][DEBUG] - evaluate_round 31: strategy sampled 100 clients (out of 100)
[2026-01-11 13:17:06,567][flwr][DEBUG] - evaluate_round 31 received 100 results and 0 failures
[2026-01-11 13:17:06,568][flwr][DEBUG] - fit_round 32: strategy sampled 100 clients (out of 100)
[2026-01-11 13:17:07,064][flwr][DEBUG] - fit_round 32 received 100 results and 0 failures
[2026-01-11 13:17:07,133][flwr][INFO] - fit progress: (32, 58.06420439481735, {'accuracy': 0.5635}, 40.571532249989104)
[2026-01-11 13:17:07,134][flwr][DEBUG] - evaluate_round 32: strategy sampled 100 clients (out of 100)
[2026-01-11 13:17:07,571][flwr][DEBUG] - evaluate_round 32 received 100 results and 0 failures
[2026-01-11 13:17:07,571][flwr][DEBUG] - fit_round 33: strategy sampled 100 clients (out of 100)
[2026-01-11 13:17:08,054][flwr][DEBUG] - fit_round 33 received 100 results and 0 failures
[2026-01-11 13:17:08,120][flwr][INFO] - fit progress: (33, 57.625745713710785, {'accuracy': 0.5685}, 41.558046790989465)
[2026-01-11 13:17:08,120][flwr][DEBUG] - evaluate_round 33: strategy sampled 100 clients (out of 100)
[2026-01-11 13:17:08,559][flwr][DEBUG] - evaluate_round 33 received 100 results and 0 failures
[2026-01-11 13:17:08,559][flwr][DEBUG] - fit_round 34: strategy sampled 100 clients (out of 100)
[2026-01-11 13:17:09,045][flwr][DEBUG] - fit_round 34 received 100 results and 0 failures
[2026-01-11 13:17:09,112][flwr][INFO] - fit progress: (34, 57.20177125930786, {'accuracy': 0.5745}, 42.54988770799537)
[2026-01-11 13:17:09,112][flwr][DEBUG] - evaluate_round 34: strategy sampled 100 clients (out of 100)
[2026-01-11 13:17:09,562][flwr][DEBUG] - evaluate_round 34 received 100 results and 0 failures
[2026-01-11 13:17:09,562][flwr][DEBUG] - fit_round 35: strategy sampled 100 clients (out of 100)
[2026-01-11 13:17:10,080][flwr][DEBUG] - fit_round 35 received 100 results and 0 failures
[2026-01-11 13:17:10,148][flwr][INFO] - fit progress: (35, 56.779787719249725, {'accuracy': 0.58}, 43.58604270798969)
[2026-01-11 13:17:10,148][flwr][DEBUG] - evaluate_round 35: strategy sampled 100 clients (out of 100)
[2026-01-11 13:17:10,599][flwr][DEBUG] - evaluate_round 35 received 100 results and 0 failures
[2026-01-11 13:17:10,600][flwr][DEBUG] - fit_round 36: strategy sampled 100 clients (out of 100)
[2026-01-11 13:17:11,103][flwr][DEBUG] - fit_round 36 received 100 results and 0 failures
[2026-01-11 13:17:11,168][flwr][INFO] - fit progress: (36, 56.37061673402786, {'accuracy': 0.579}, 44.605780040990794)
[2026-01-11 13:17:11,168][flwr][DEBUG] - evaluate_round 36: strategy sampled 100 clients (out of 100)
[2026-01-11 13:17:11,688][flwr][DEBUG] - evaluate_round 36 received 100 results and 0 failures
[2026-01-11 13:17:11,688][flwr][DEBUG] - fit_round 37: strategy sampled 100 clients (out of 100)
[2026-01-11 13:17:12,196][flwr][DEBUG] - fit_round 37 received 100 results and 0 failures
[2026-01-11 13:17:12,262][flwr][INFO] - fit progress: (37, 55.95187848806381, {'accuracy': 0.5815}, 45.70041333299014)
[2026-01-11 13:17:12,263][flwr][DEBUG] - evaluate_round 37: strategy sampled 100 clients (out of 100)
[2026-01-11 13:17:12,719][flwr][DEBUG] - evaluate_round 37 received 100 results and 0 failures
[2026-01-11 13:17:12,719][flwr][DEBUG] - fit_round 38: strategy sampled 100 clients (out of 100)
[2026-01-11 13:17:13,382][flwr][DEBUG] - fit_round 38 received 100 results and 0 failures
[2026-01-11 13:17:13,449][flwr][INFO] - fit progress: (38, 55.55575895309448, {'accuracy': 0.5855}, 46.886571290990105)
[2026-01-11 13:17:13,449][flwr][DEBUG] - evaluate_round 38: strategy sampled 100 clients (out of 100)
[2026-01-11 13:17:13,924][flwr][DEBUG] - evaluate_round 38 received 100 results and 0 failures
[2026-01-11 13:17:13,924][flwr][DEBUG] - fit_round 39: strategy sampled 100 clients (out of 100)
[2026-01-11 13:17:14,511][flwr][DEBUG] - fit_round 39 received 100 results and 0 failures
[2026-01-11 13:17:14,576][flwr][INFO] - fit progress: (39, 55.162179350852966, {'accuracy': 0.5865}, 48.014177749995724)
[2026-01-11 13:17:14,576][flwr][DEBUG] - evaluate_round 39: strategy sampled 100 clients (out of 100)
[2026-01-11 13:17:15,017][flwr][DEBUG] - evaluate_round 39 received 100 results and 0 failures
[2026-01-11 13:17:15,018][flwr][DEBUG] - fit_round 40: strategy sampled 100 clients (out of 100)
[2026-01-11 13:17:15,608][flwr][DEBUG] - fit_round 40 received 100 results and 0 failures
[2026-01-11 13:17:15,675][flwr][INFO] - fit progress: (40, 54.79319941997528, {'accuracy': 0.5885}, 49.113184791000094)
[2026-01-11 13:17:15,676][flwr][DEBUG] - evaluate_round 40: strategy sampled 100 clients (out of 100)
[2026-01-11 13:17:16,170][flwr][DEBUG] - evaluate_round 40 received 100 results and 0 failures
[2026-01-11 13:17:16,171][flwr][DEBUG] - fit_round 41: strategy sampled 100 clients (out of 100)
[2026-01-11 13:17:16,678][flwr][DEBUG] - fit_round 41 received 100 results and 0 failures
[2026-01-11 13:17:16,744][flwr][INFO] - fit progress: (41, 54.431311309337616, {'accuracy': 0.591}, 50.18177545799699)
[2026-01-11 13:17:16,744][flwr][DEBUG] - evaluate_round 41: strategy sampled 100 clients (out of 100)
[2026-01-11 13:17:17,199][flwr][DEBUG] - evaluate_round 41 received 100 results and 0 failures
[2026-01-11 13:17:17,199][flwr][DEBUG] - fit_round 42: strategy sampled 100 clients (out of 100)
[2026-01-11 13:17:17,671][flwr][DEBUG] - fit_round 42 received 100 results and 0 failures
[2026-01-11 13:17:17,738][flwr][INFO] - fit progress: (42, 54.0881404876709, {'accuracy': 0.593}, 51.176074332994176)
[2026-01-11 13:17:17,738][flwr][DEBUG] - evaluate_round 42: strategy sampled 100 clients (out of 100)
[2026-01-11 13:17:18,340][flwr][DEBUG] - evaluate_round 42 received 100 results and 0 failures
[2026-01-11 13:17:18,340][flwr][DEBUG] - fit_round 43: strategy sampled 100 clients (out of 100)
[2026-01-11 13:17:18,843][flwr][DEBUG] - fit_round 43 received 100 results and 0 failures
[2026-01-11 13:17:18,908][flwr][INFO] - fit progress: (43, 53.75955945253372, {'accuracy': 0.5925}, 52.34598608298984)
[2026-01-11 13:17:18,908][flwr][DEBUG] - evaluate_round 43: strategy sampled 100 clients (out of 100)
[2026-01-11 13:17:19,353][flwr][DEBUG] - evaluate_round 43 received 100 results and 0 failures
[2026-01-11 13:17:19,354][flwr][DEBUG] - fit_round 44: strategy sampled 100 clients (out of 100)
[2026-01-11 13:17:19,858][flwr][DEBUG] - fit_round 44 received 100 results and 0 failures
[2026-01-11 13:17:19,924][flwr][INFO] - fit progress: (44, 53.44011479616165, {'accuracy': 0.592}, 53.36175299999013)
[2026-01-11 13:17:19,924][flwr][DEBUG] - evaluate_round 44: strategy sampled 100 clients (out of 100)
[2026-01-11 13:17:20,374][flwr][DEBUG] - evaluate_round 44 received 100 results and 0 failures
[2026-01-11 13:17:20,374][flwr][DEBUG] - fit_round 45: strategy sampled 100 clients (out of 100)
[2026-01-11 13:17:20,895][flwr][DEBUG] - fit_round 45 received 100 results and 0 failures
[2026-01-11 13:17:20,960][flwr][INFO] - fit progress: (45, 53.1572727560997, {'accuracy': 0.5915}, 54.397616457994445)
[2026-01-11 13:17:20,960][flwr][DEBUG] - evaluate_round 45: strategy sampled 100 clients (out of 100)
[2026-01-11 13:17:21,418][flwr][DEBUG] - evaluate_round 45 received 100 results and 0 failures
[2026-01-11 13:17:21,419][flwr][DEBUG] - fit_round 46: strategy sampled 100 clients (out of 100)
[2026-01-11 13:17:21,942][flwr][DEBUG] - fit_round 46 received 100 results and 0 failures
[2026-01-11 13:17:22,010][flwr][INFO] - fit progress: (46, 52.88169866800308, {'accuracy': 0.593}, 55.4474885410018)
[2026-01-11 13:17:22,010][flwr][DEBUG] - evaluate_round 46: strategy sampled 100 clients (out of 100)
[2026-01-11 13:17:22,707][flwr][DEBUG] - evaluate_round 46 received 100 results and 0 failures
[2026-01-11 13:17:22,708][flwr][DEBUG] - fit_round 47: strategy sampled 100 clients (out of 100)
[2026-01-11 13:17:23,212][flwr][DEBUG] - fit_round 47 received 100 results and 0 failures
[2026-01-11 13:17:23,277][flwr][INFO] - fit progress: (47, 52.598058104515076, {'accuracy': 0.594}, 56.71464512500097)
[2026-01-11 13:17:23,277][flwr][DEBUG] - evaluate_round 47: strategy sampled 100 clients (out of 100)
[2026-01-11 13:17:23,775][flwr][DEBUG] - evaluate_round 47 received 100 results and 0 failures
[2026-01-11 13:17:23,775][flwr][DEBUG] - fit_round 48: strategy sampled 100 clients (out of 100)
[2026-01-11 13:17:24,257][flwr][DEBUG] - fit_round 48 received 100 results and 0 failures
[2026-01-11 13:17:24,321][flwr][INFO] - fit progress: (48, 52.345726907253265, {'accuracy': 0.596}, 57.75843379099388)
[2026-01-11 13:17:24,321][flwr][DEBUG] - evaluate_round 48: strategy sampled 100 clients (out of 100)
[2026-01-11 13:17:24,767][flwr][DEBUG] - evaluate_round 48 received 100 results and 0 failures
[2026-01-11 13:17:24,768][flwr][DEBUG] - fit_round 49: strategy sampled 100 clients (out of 100)
[2026-01-11 13:17:25,234][flwr][DEBUG] - fit_round 49 received 100 results and 0 failures
[2026-01-11 13:17:25,299][flwr][INFO] - fit progress: (49, 52.0951651930809, {'accuracy': 0.5965}, 58.73731445799058)
[2026-01-11 13:17:25,300][flwr][DEBUG] - evaluate_round 49: strategy sampled 100 clients (out of 100)
[2026-01-11 13:17:25,754][flwr][DEBUG] - evaluate_round 49 received 100 results and 0 failures
[2026-01-11 13:17:25,755][flwr][DEBUG] - fit_round 50: strategy sampled 100 clients (out of 100)
[2026-01-11 13:17:26,241][flwr][DEBUG] - fit_round 50 received 100 results and 0 failures
[2026-01-11 13:17:26,307][flwr][INFO] - fit progress: (50, 51.878395199775696, {'accuracy': 0.598}, 59.745026290998794)
[2026-01-11 13:17:26,307][flwr][DEBUG] - evaluate_round 50: strategy sampled 100 clients (out of 100)
[2026-01-11 13:17:26,873][flwr][DEBUG] - evaluate_round 50 received 100 results and 0 failures
[2026-01-11 13:17:26,873][flwr][INFO] - FL finished in 60.311126415996114
[2026-01-11 13:17:26,874][flwr][INFO] - app_fit: losses_distributed [(1, 1.0686314823148457), (2, 1.0595081574432381), (3, 1.0518757745147296), (4, 1.045431671043237), (5, 1.0399960099494077), (6, 1.035488867290216), (7, 1.0314235154148106), (8, 1.0279014175885344), (9, 1.0246968110470467), (10, 1.0217849572431552), (11, 1.018994673984508), (12, 1.0162692760631917), (13, 1.013674108609217), (14, 1.011094209470161), (15, 1.0086090138785915), (16, 1.0059954615216278), (17, 1.0032332731776585), (18, 1.0002909623528724), (19, 0.9971863318864069), (20, 0.9939103747747805), (21, 0.9903207253239471), (22, 0.9864821798044797), (23, 0.982422854326087), (24, 0.9779721694790064), (25, 0.9732036297315876), (26, 0.96812168134538), (27, 0.9628299961215285), (28, 0.9572295441747256), (29, 0.95121195646998), (30, 0.9451789755595329), (31, 0.9389154073446309), (32, 0.9324797477964397), (33, 0.925868899548707), (34, 0.9194520066862237), (35, 0.9130390499756761), (36, 0.9067981788829037), (37, 0.9003827409248918), (38, 0.8942827859969988), (39, 0.8881992743984205), (40, 0.8824843982038977), (41, 0.8768533725104376), (42, 0.8715089959981235), (43, 0.8663901302912463), (44, 0.8613926467217811), (45, 0.8569664864983733), (46, 0.8526316764147859), (47, 0.8481755596521783), (48, 0.8442066730633718), (49, 0.8402501849551179), (50, 0.8368269168010586)]
[2026-01-11 13:17:26,874][flwr][INFO] - app_fit: metrics_distributed_fit {}
[2026-01-11 13:17:26,874][flwr][INFO] - app_fit: metrics_distributed {}
[2026-01-11 13:17:26,874][flwr][INFO] - app_fit: losses_centralized [(0, 68.07474291324615), (1, 67.36733603477478), (2, 66.76683485507965), (3, 66.26126927137375), (4, 65.83012980222702), (5, 65.46095877885818), (6, 65.15135502815247), (7, 64.87016725540161), (8, 64.62345963716507), (9, 64.39828169345856), (10, 64.19183474779129), (11, 63.99292713403702), (12, 63.798714220523834), (13, 63.612878262996674), (14, 63.4288512468338), (15, 63.25133836269379), (16, 63.06535792350769), (17, 62.86953526735306), (18, 62.66131919622421), (19, 62.44275480508804), (20, 62.214299499988556), (21, 61.967127442359924), (22, 61.70454001426697), (23, 61.42697697877884), (24, 61.124535858631134), (25, 60.80103290081024), (26, 60.45746147632599), (27, 60.09805619716644), (28, 59.718989610672), (29, 59.31438368558884), (30, 58.9094220995903), (31, 58.49144780635834), (32, 58.06420439481735), (33, 57.625745713710785), (34, 57.20177125930786), (35, 56.779787719249725), (36, 56.37061673402786), (37, 55.95187848806381), (38, 55.55575895309448), (39, 55.162179350852966), (40, 54.79319941997528), (41, 54.431311309337616), (42, 54.0881404876709), (43, 53.75955945253372), (44, 53.44011479616165), (45, 53.1572727560997), (46, 52.88169866800308), (47, 52.598058104515076), (48, 52.345726907253265), (49, 52.0951651930809), (50, 51.878395199775696)]
[2026-01-11 13:17:26,875][flwr][INFO] - app_fit: metrics_centralized {'accuracy': [(0, 0.507), (1, 0.507), (2, 0.507), (3, 0.507), (4, 0.507), (5, 0.507), (6, 0.507), (7, 0.507), (8, 0.507), (9, 0.507), (10, 0.507), (11, 0.507), (12, 0.507), (13, 0.5075), (14, 0.5075), (15, 0.508), (16, 0.5085), (17, 0.5085), (18, 0.5095), (19, 0.5115), (20, 0.514), (21, 0.5165), (22, 0.5175), (23, 0.518), (24, 0.5195), (25, 0.5215), (26, 0.525), (27, 0.53), (28, 0.5345), (29, 0.543), (30, 0.5475), (31, 0.5545), (32, 0.5635), (33, 0.5685), (34, 0.5745), (35, 0.58), (36, 0.579), (37, 0.5815), (38, 0.5855), (39, 0.5865), (40, 0.5885), (41, 0.591), (42, 0.593), (43, 0.5925), (44, 0.592), (45, 0.5915), (46, 0.593), (47, 0.594), (48, 0.596), (49, 0.5965), (50, 0.598)]}
[2026-01-11 13:17:26,926][flwr][INFO] - Starting Flower simulation, config: ServerConfig(num_rounds=50, round_timeout=None)
[2026-01-11 13:17:35,433][flwr][INFO] - Flower VCE: Ray initialized with resources: {'node:127.0.0.1': 1.0, 'memory': 12354386330.0, 'object_store_memory': 2147483648.0, 'CPU': 10.0}
[2026-01-11 13:17:35,435][flwr][INFO] - Initializing global parameters
[2026-01-11 13:17:35,435][flwr][INFO] - Using initial parameters provided by strategy
[2026-01-11 13:17:35,435][flwr][INFO] - Evaluating initial parameters
[2026-01-11 13:17:35,472][flwr][INFO] - initial parameters (loss, other metrics): 67.88411092758179, {'accuracy': 0.3585, 'adaptive_mu': 0.1}
[2026-01-11 13:17:35,472][flwr][INFO] - FL starting
[2026-01-11 13:17:35,473][flwr][DEBUG] - fit_round 1: strategy sampled 100 clients (out of 100)
[2026-01-11 13:17:42,436][flwr][DEBUG] - fit_round 1 received 100 results and 0 failures
[2026-01-11 13:17:42,480][flwr][WARNING] - No fit_metrics_aggregation_fn provided
[2026-01-11 13:17:42,553][flwr][INFO] - fit progress: (1, 67.08190369606018, {'accuracy': 0.506, 'adaptive_mu': 0.1}, 7.080259167007171)
[2026-01-11 13:17:42,553][flwr][DEBUG] - evaluate_round 1: strategy sampled 100 clients (out of 100)
[2026-01-11 13:17:43,115][flwr][DEBUG] - evaluate_round 1 received 100 results and 0 failures
[2026-01-11 13:17:43,115][flwr][WARNING] - No evaluate_metrics_aggregation_fn provided
[2026-01-11 13:17:43,116][flwr][DEBUG] - fit_round 2: strategy sampled 100 clients (out of 100)
[2026-01-11 13:17:43,841][flwr][DEBUG] - fit_round 2 received 100 results and 0 failures
[2026-01-11 13:17:43,953][flwr][INFO] - fit progress: (2, 66.45749628543854, {'accuracy': 0.5075, 'adaptive_mu': 0.1}, 8.480161667001084)
[2026-01-11 13:17:43,953][flwr][DEBUG] - evaluate_round 2: strategy sampled 100 clients (out of 100)
[2026-01-11 13:17:44,452][flwr][DEBUG] - evaluate_round 2 received 100 results and 0 failures
[2026-01-11 13:17:44,452][flwr][DEBUG] - fit_round 3: strategy sampled 100 clients (out of 100)
[2026-01-11 13:17:45,022][flwr][DEBUG] - fit_round 3 received 100 results and 0 failures
[2026-01-11 13:17:45,131][flwr][INFO] - fit progress: (3, 65.95988166332245, {'accuracy': 0.508, 'adaptive_mu': 0.1}, 9.658746500004781)
[2026-01-11 13:17:45,132][flwr][DEBUG] - evaluate_round 3: strategy sampled 100 clients (out of 100)
[2026-01-11 13:17:45,637][flwr][DEBUG] - evaluate_round 3 received 100 results and 0 failures
[2026-01-11 13:17:45,638][flwr][DEBUG] - fit_round 4: strategy sampled 100 clients (out of 100)
[2026-01-11 13:17:46,255][flwr][DEBUG] - fit_round 4 received 100 results and 0 failures
[2026-01-11 13:17:46,372][flwr][INFO] - fit progress: (4, 65.56297379732132, {'accuracy': 0.508, 'adaptive_mu': 0.12085229310325389}, 10.89907337501063)
[2026-01-11 13:17:46,372][flwr][DEBUG] - evaluate_round 4: strategy sampled 100 clients (out of 100)
[2026-01-11 13:17:46,845][flwr][DEBUG] - evaluate_round 4 received 100 results and 0 failures
[2026-01-11 13:17:46,845][flwr][DEBUG] - fit_round 5: strategy sampled 100 clients (out of 100)
[2026-01-11 13:17:47,448][flwr][DEBUG] - fit_round 5 received 100 results and 0 failures
[2026-01-11 13:17:47,558][flwr][INFO] - fit progress: (5, 65.24019080400467, {'accuracy': 0.508, 'adaptive_mu': 0.1354615690167168}, 12.08575845901214)
[2026-01-11 13:17:47,559][flwr][DEBUG] - evaluate_round 5: strategy sampled 100 clients (out of 100)
[2026-01-11 13:17:48,006][flwr][DEBUG] - evaluate_round 5 received 100 results and 0 failures
[2026-01-11 13:17:48,007][flwr][DEBUG] - fit_round 6: strategy sampled 100 clients (out of 100)
[2026-01-11 13:17:48,518][flwr][DEBUG] - fit_round 6 received 100 results and 0 failures
[2026-01-11 13:17:48,626][flwr][INFO] - fit progress: (6, 64.97261643409729, {'accuracy': 0.508, 'adaptive_mu': 0.1454960640840486}, 13.15333583400934)
[2026-01-11 13:17:48,626][flwr][DEBUG] - evaluate_round 6: strategy sampled 100 clients (out of 100)
[2026-01-11 13:17:49,074][flwr][DEBUG] - evaluate_round 6 received 100 results and 0 failures
[2026-01-11 13:17:49,075][flwr][DEBUG] - fit_round 7: strategy sampled 100 clients (out of 100)
[2026-01-11 13:17:49,624][flwr][DEBUG] - fit_round 7 received 100 results and 0 failures
[2026-01-11 13:17:49,727][flwr][INFO] - fit progress: (7, 64.74516171216965, {'accuracy': 0.508, 'adaptive_mu': 0.1524115389606484}, 14.253936625013012)
[2026-01-11 13:17:49,727][flwr][DEBUG] - evaluate_round 7: strategy sampled 100 clients (out of 100)
[2026-01-11 13:17:50,207][flwr][DEBUG] - evaluate_round 7 received 100 results and 0 failures
[2026-01-11 13:17:50,208][flwr][DEBUG] - fit_round 8: strategy sampled 100 clients (out of 100)
[2026-01-11 13:17:50,719][flwr][DEBUG] - fit_round 8 received 100 results and 0 failures
[2026-01-11 13:17:50,826][flwr][INFO] - fit progress: (8, 64.55131101608276, {'accuracy': 0.508, 'adaptive_mu': 0.15718464392474185}, 15.352940167009365)
[2026-01-11 13:17:50,826][flwr][DEBUG] - evaluate_round 8: strategy sampled 100 clients (out of 100)
[2026-01-11 13:17:51,323][flwr][DEBUG] - evaluate_round 8 received 100 results and 0 failures
[2026-01-11 13:17:51,324][flwr][DEBUG] - fit_round 9: strategy sampled 100 clients (out of 100)
[2026-01-11 13:17:51,931][flwr][DEBUG] - fit_round 9 received 100 results and 0 failures
[2026-01-11 13:17:52,044][flwr][INFO] - fit progress: (9, 64.38084787130356, {'accuracy': 0.508, 'adaptive_mu': 0.16047797077958734}, 16.571022375006578)
[2026-01-11 13:17:52,044][flwr][DEBUG] - evaluate_round 9: strategy sampled 100 clients (out of 100)
[2026-01-11 13:17:52,500][flwr][DEBUG] - evaluate_round 9 received 100 results and 0 failures
[2026-01-11 13:17:52,500][flwr][DEBUG] - fit_round 10: strategy sampled 100 clients (out of 100)
[2026-01-11 13:17:53,040][flwr][DEBUG] - fit_round 10 received 100 results and 0 failures
[2026-01-11 13:17:53,146][flwr][INFO] - fit progress: (10, 64.2207305431366, {'accuracy': 0.508, 'adaptive_mu': 0.16278845430250358}, 17.673278084010235)
[2026-01-11 13:17:53,146][flwr][DEBUG] - evaluate_round 10: strategy sampled 100 clients (out of 100)
[2026-01-11 13:17:53,586][flwr][DEBUG] - evaluate_round 10 received 100 results and 0 failures
[2026-01-11 13:17:53,586][flwr][DEBUG] - fit_round 11: strategy sampled 100 clients (out of 100)
[2026-01-11 13:17:54,076][flwr][DEBUG] - fit_round 11 received 100 results and 0 failures
[2026-01-11 13:17:54,191][flwr][INFO] - fit progress: (11, 64.07369816303253, {'accuracy': 0.508, 'adaptive_mu': 0.16437355150316327}, 18.71857183400425)
[2026-01-11 13:17:54,192][flwr][DEBUG] - evaluate_round 11: strategy sampled 100 clients (out of 100)
[2026-01-11 13:17:54,678][flwr][DEBUG] - evaluate_round 11 received 100 results and 0 failures
[2026-01-11 13:17:54,679][flwr][DEBUG] - fit_round 12: strategy sampled 100 clients (out of 100)
[2026-01-11 13:17:55,338][flwr][DEBUG] - fit_round 12 received 100 results and 0 failures
[2026-01-11 13:17:55,442][flwr][INFO] - fit progress: (12, 63.9311380982399, {'accuracy': 0.508, 'adaptive_mu': 0.1654907810225633}, 19.968909500006703)
[2026-01-11 13:17:55,442][flwr][DEBUG] - evaluate_round 12: strategy sampled 100 clients (out of 100)
[2026-01-11 13:17:55,883][flwr][DEBUG] - evaluate_round 12 received 100 results and 0 failures
[2026-01-11 13:17:55,884][flwr][DEBUG] - fit_round 13: strategy sampled 100 clients (out of 100)
[2026-01-11 13:17:56,612][flwr][DEBUG] - fit_round 13 received 100 results and 0 failures
[2026-01-11 13:17:56,725][flwr][INFO] - fit progress: (13, 63.78887587785721, {'accuracy': 0.509, 'adaptive_mu': 0.16629284250084725}, 21.2525013750128)
[2026-01-11 13:17:56,726][flwr][DEBUG] - evaluate_round 13: strategy sampled 100 clients (out of 100)
[2026-01-11 13:17:57,329][flwr][DEBUG] - evaluate_round 13 received 100 results and 0 failures
[2026-01-11 13:17:57,330][flwr][DEBUG] - fit_round 14: strategy sampled 100 clients (out of 100)
[2026-01-11 13:17:57,864][flwr][DEBUG] - fit_round 14 received 100 results and 0 failures
[2026-01-11 13:17:57,976][flwr][INFO] - fit progress: (14, 63.642555356025696, {'accuracy': 0.51, 'adaptive_mu': 0.16690138278124952}, 22.502965292005683)
[2026-01-11 13:17:57,976][flwr][DEBUG] - evaluate_round 14: strategy sampled 100 clients (out of 100)
[2026-01-11 13:17:58,588][flwr][DEBUG] - evaluate_round 14 received 100 results and 0 failures
[2026-01-11 13:17:58,588][flwr][DEBUG] - fit_round 15: strategy sampled 100 clients (out of 100)
[2026-01-11 13:17:59,167][flwr][DEBUG] - fit_round 15 received 100 results and 0 failures
[2026-01-11 13:17:59,281][flwr][INFO] - fit progress: (15, 63.48506432771683, {'accuracy': 0.51, 'adaptive_mu': 0.16735896777770826}, 23.808393750005052)
[2026-01-11 13:17:59,281][flwr][DEBUG] - evaluate_round 15: strategy sampled 100 clients (out of 100)
[2026-01-11 13:17:59,759][flwr][DEBUG] - evaluate_round 15 received 100 results and 0 failures
[2026-01-11 13:17:59,759][flwr][DEBUG] - fit_round 16: strategy sampled 100 clients (out of 100)
[2026-01-11 13:18:00,440][flwr][DEBUG] - fit_round 16 received 100 results and 0 failures
[2026-01-11 13:18:00,548][flwr][INFO] - fit progress: (16, 63.32171803712845, {'accuracy': 0.5105, 'adaptive_mu': 0.1677516530185785}, 25.075193917000433)
[2026-01-11 13:18:00,548][flwr][DEBUG] - evaluate_round 16: strategy sampled 100 clients (out of 100)
[2026-01-11 13:18:00,995][flwr][DEBUG] - evaluate_round 16 received 100 results and 0 failures
[2026-01-11 13:18:00,996][flwr][DEBUG] - fit_round 17: strategy sampled 100 clients (out of 100)
[2026-01-11 13:18:01,612][flwr][DEBUG] - fit_round 17 received 100 results and 0 failures
[2026-01-11 13:18:01,718][flwr][INFO] - fit progress: (17, 63.13705241680145, {'accuracy': 0.5115, 'adaptive_mu': 0.1680973450896313}, 26.24513704200217)
[2026-01-11 13:18:01,718][flwr][DEBUG] - evaluate_round 17: strategy sampled 100 clients (out of 100)
[2026-01-11 13:18:02,168][flwr][DEBUG] - evaluate_round 17 received 100 results and 0 failures
[2026-01-11 13:18:02,169][flwr][DEBUG] - fit_round 18: strategy sampled 100 clients (out of 100)
[2026-01-11 13:18:02,681][flwr][DEBUG] - fit_round 18 received 100 results and 0 failures
[2026-01-11 13:18:02,786][flwr][INFO] - fit progress: (18, 62.93948537111282, {'accuracy': 0.5135, 'adaptive_mu': 0.16838467812895463}, 27.31321687500167)
[2026-01-11 13:18:02,786][flwr][DEBUG] - evaluate_round 18: strategy sampled 100 clients (out of 100)
[2026-01-11 13:18:03,302][flwr][DEBUG] - evaluate_round 18 received 100 results and 0 failures
[2026-01-11 13:18:03,302][flwr][DEBUG] - fit_round 19: strategy sampled 100 clients (out of 100)
[2026-01-11 13:18:03,849][flwr][DEBUG] - fit_round 19 received 100 results and 0 failures
[2026-01-11 13:18:03,963][flwr][INFO] - fit progress: (19, 62.726622581481934, {'accuracy': 0.515, 'adaptive_mu': 0.16866109801093654}, 28.4899099170143)
[2026-01-11 13:18:03,963][flwr][DEBUG] - evaluate_round 19: strategy sampled 100 clients (out of 100)
[2026-01-11 13:18:04,490][flwr][DEBUG] - evaluate_round 19 received 100 results and 0 failures
[2026-01-11 13:18:04,491][flwr][DEBUG] - fit_round 20: strategy sampled 100 clients (out of 100)
[2026-01-11 13:18:05,061][flwr][DEBUG] - fit_round 20 received 100 results and 0 failures
[2026-01-11 13:18:05,167][flwr][INFO] - fit progress: (20, 62.491469860076904, {'accuracy': 0.5175, 'adaptive_mu': 0.16890627419554646}, 29.694291875013732)
[2026-01-11 13:18:05,167][flwr][DEBUG] - evaluate_round 20: strategy sampled 100 clients (out of 100)
[2026-01-11 13:18:05,725][flwr][DEBUG] - evaluate_round 20 received 100 results and 0 failures
[2026-01-11 13:18:05,726][flwr][DEBUG] - fit_round 21: strategy sampled 100 clients (out of 100)
[2026-01-11 13:18:06,222][flwr][DEBUG] - fit_round 21 received 100 results and 0 failures
[2026-01-11 13:18:06,328][flwr][INFO] - fit progress: (21, 62.237064480781555, {'accuracy': 0.5185, 'adaptive_mu': 0.16918367301149392}, 30.854775000014342)
[2026-01-11 13:18:06,328][flwr][DEBUG] - evaluate_round 21: strategy sampled 100 clients (out of 100)
[2026-01-11 13:18:06,854][flwr][DEBUG] - evaluate_round 21 received 100 results and 0 failures
[2026-01-11 13:18:06,855][flwr][DEBUG] - fit_round 22: strategy sampled 100 clients (out of 100)
[2026-01-11 13:18:07,376][flwr][DEBUG] - fit_round 22 received 100 results and 0 failures
[2026-01-11 13:18:07,484][flwr][INFO] - fit progress: (22, 61.96379315853119, {'accuracy': 0.5205, 'adaptive_mu': 0.16943196898513582}, 32.01105933400686)
[2026-01-11 13:18:07,484][flwr][DEBUG] - evaluate_round 22: strategy sampled 100 clients (out of 100)
[2026-01-11 13:18:07,928][flwr][DEBUG] - evaluate_round 22 received 100 results and 0 failures
[2026-01-11 13:18:07,929][flwr][DEBUG] - fit_round 23: strategy sampled 100 clients (out of 100)
[2026-01-11 13:18:08,458][flwr][DEBUG] - fit_round 23 received 100 results and 0 failures
[2026-01-11 13:18:08,567][flwr][INFO] - fit progress: (23, 61.662855207920074, {'accuracy': 0.5245, 'adaptive_mu': 0.16968342110851312}, 33.0941074170114)
[2026-01-11 13:18:08,567][flwr][DEBUG] - evaluate_round 23: strategy sampled 100 clients (out of 100)
[2026-01-11 13:18:09,098][flwr][DEBUG] - evaluate_round 23 received 100 results and 0 failures
[2026-01-11 13:18:09,099][flwr][DEBUG] - fit_round 24: strategy sampled 100 clients (out of 100)
[2026-01-11 13:18:09,626][flwr][DEBUG] - fit_round 24 received 100 results and 0 failures
[2026-01-11 13:18:09,750][flwr][INFO] - fit progress: (24, 61.34287911653519, {'accuracy': 0.5265, 'adaptive_mu': 0.16996524309757616}, 34.276876667005126)
[2026-01-11 13:18:09,750][flwr][DEBUG] - evaluate_round 24: strategy sampled 100 clients (out of 100)
[2026-01-11 13:18:10,228][flwr][DEBUG] - evaluate_round 24 received 100 results and 0 failures
[2026-01-11 13:18:10,228][flwr][DEBUG] - fit_round 25: strategy sampled 100 clients (out of 100)
[2026-01-11 13:18:10,779][flwr][DEBUG] - fit_round 25 received 100 results and 0 failures
[2026-01-11 13:18:10,886][flwr][INFO] - fit progress: (25, 61.00002521276474, {'accuracy': 0.531, 'adaptive_mu': 0.17027940749766002}, 35.413548375014216)
[2026-01-11 13:18:10,887][flwr][DEBUG] - evaluate_round 25: strategy sampled 100 clients (out of 100)
[2026-01-11 13:18:11,338][flwr][DEBUG] - evaluate_round 25 received 100 results and 0 failures
[2026-01-11 13:18:11,338][flwr][DEBUG] - fit_round 26: strategy sampled 100 clients (out of 100)
[2026-01-11 13:18:11,855][flwr][DEBUG] - fit_round 26 received 100 results and 0 failures
[2026-01-11 13:18:11,962][flwr][INFO] - fit progress: (26, 60.64039599895477, {'accuracy': 0.5335, 'adaptive_mu': 0.1705745214034712}, 36.489132084010635)
[2026-01-11 13:18:11,962][flwr][DEBUG] - evaluate_round 26: strategy sampled 100 clients (out of 100)
[2026-01-11 13:18:12,476][flwr][DEBUG] - evaluate_round 26 received 100 results and 0 failures
[2026-01-11 13:18:12,477][flwr][DEBUG] - fit_round 27: strategy sampled 100 clients (out of 100)
[2026-01-11 13:18:13,018][flwr][DEBUG] - fit_round 27 received 100 results and 0 failures
[2026-01-11 13:18:13,128][flwr][INFO] - fit progress: (27, 60.262980699539185, {'accuracy': 0.5385, 'adaptive_mu': 0.17082971742398206}, 37.655549750008504)
[2026-01-11 13:18:13,129][flwr][DEBUG] - evaluate_round 27: strategy sampled 100 clients (out of 100)
[2026-01-11 13:18:13,589][flwr][DEBUG] - evaluate_round 27 received 100 results and 0 failures
[2026-01-11 13:18:13,590][flwr][DEBUG] - fit_round 28: strategy sampled 100 clients (out of 100)
[2026-01-11 13:18:14,146][flwr][DEBUG] - fit_round 28 received 100 results and 0 failures
[2026-01-11 13:18:14,253][flwr][INFO] - fit progress: (28, 59.87729173898697, {'accuracy': 0.545, 'adaptive_mu': 0.17112967608140592}, 38.780469125005766)
[2026-01-11 13:18:14,254][flwr][DEBUG] - evaluate_round 28: strategy sampled 100 clients (out of 100)
[2026-01-11 13:18:14,811][flwr][DEBUG] - evaluate_round 28 received 100 results and 0 failures
[2026-01-11 13:18:14,812][flwr][DEBUG] - fit_round 29: strategy sampled 100 clients (out of 100)
[2026-01-11 13:18:15,329][flwr][DEBUG] - fit_round 29 received 100 results and 0 failures
[2026-01-11 13:18:15,438][flwr][INFO] - fit progress: (29, 59.481889843940735, {'accuracy': 0.5505, 'adaptive_mu': 0.17142131057326826}, 39.965464042004896)
[2026-01-11 13:18:15,439][flwr][DEBUG] - evaluate_round 29: strategy sampled 100 clients (out of 100)
[2026-01-11 13:18:15,888][flwr][DEBUG] - evaluate_round 29 received 100 results and 0 failures
[2026-01-11 13:18:15,889][flwr][DEBUG] - fit_round 30: strategy sampled 100 clients (out of 100)
[2026-01-11 13:18:16,400][flwr][DEBUG] - fit_round 30 received 100 results and 0 failures
[2026-01-11 13:18:16,509][flwr][INFO] - fit progress: (30, 59.06301522254944, {'accuracy': 0.558, 'adaptive_mu': 0.17169423328642164}, 41.035938625005656)
[2026-01-11 13:18:16,509][flwr][DEBUG] - evaluate_round 30: strategy sampled 100 clients (out of 100)
[2026-01-11 13:18:16,955][flwr][DEBUG] - evaluate_round 30 received 100 results and 0 failures
[2026-01-11 13:18:16,955][flwr][DEBUG] - fit_round 31: strategy sampled 100 clients (out of 100)
[2026-01-11 13:18:17,440][flwr][DEBUG] - fit_round 31 received 100 results and 0 failures
[2026-01-11 13:18:17,548][flwr][INFO] - fit progress: (31, 58.64865285158157, {'accuracy': 0.5605, 'adaptive_mu': 0.1719153063749954}, 42.074836209008936)
[2026-01-11 13:18:17,548][flwr][DEBUG] - evaluate_round 31: strategy sampled 100 clients (out of 100)
[2026-01-11 13:18:17,992][flwr][DEBUG] - evaluate_round 31 received 100 results and 0 failures
[2026-01-11 13:18:17,993][flwr][DEBUG] - fit_round 32: strategy sampled 100 clients (out of 100)
[2026-01-11 13:18:18,498][flwr][DEBUG] - fit_round 32 received 100 results and 0 failures
[2026-01-11 13:18:18,601][flwr][INFO] - fit progress: (32, 58.228470265865326, {'accuracy': 0.5655, 'adaptive_mu': 0.17220668687382237}, 43.128035042012925)
[2026-01-11 13:18:18,601][flwr][DEBUG] - evaluate_round 32: strategy sampled 100 clients (out of 100)
[2026-01-11 13:18:19,051][flwr][DEBUG] - evaluate_round 32 received 100 results and 0 failures
[2026-01-11 13:18:19,051][flwr][DEBUG] - fit_round 33: strategy sampled 100 clients (out of 100)
[2026-01-11 13:18:19,583][flwr][DEBUG] - fit_round 33 received 100 results and 0 failures
[2026-01-11 13:18:19,689][flwr][INFO] - fit progress: (33, 57.81976079940796, {'accuracy': 0.572, 'adaptive_mu': 0.17251845548410671}, 44.21606120900833)
[2026-01-11 13:18:19,689][flwr][DEBUG] - evaluate_round 33: strategy sampled 100 clients (out of 100)
[2026-01-11 13:18:20,277][flwr][DEBUG] - evaluate_round 33 received 100 results and 0 failures
[2026-01-11 13:18:20,279][flwr][DEBUG] - fit_round 34: strategy sampled 100 clients (out of 100)
[2026-01-11 13:18:20,809][flwr][DEBUG] - fit_round 34 received 100 results and 0 failures
[2026-01-11 13:18:20,914][flwr][INFO] - fit progress: (34, 57.42510259151459, {'accuracy': 0.574, 'adaptive_mu': 0.17271406063776415}, 45.44097866700031)
[2026-01-11 13:18:20,914][flwr][DEBUG] - evaluate_round 34: strategy sampled 100 clients (out of 100)
[2026-01-11 13:18:21,362][flwr][DEBUG] - evaluate_round 34 received 100 results and 0 failures
[2026-01-11 13:18:21,363][flwr][DEBUG] - fit_round 35: strategy sampled 100 clients (out of 100)
[2026-01-11 13:18:21,871][flwr][DEBUG] - fit_round 35 received 100 results and 0 failures
[2026-01-11 13:18:21,978][flwr][INFO] - fit progress: (35, 57.045261919498444, {'accuracy': 0.578, 'adaptive_mu': 0.1729815278958846}, 46.50556895900809)
[2026-01-11 13:18:21,979][flwr][DEBUG] - evaluate_round 35: strategy sampled 100 clients (out of 100)
[2026-01-11 13:18:22,419][flwr][DEBUG] - evaluate_round 35 received 100 results and 0 failures
[2026-01-11 13:18:22,420][flwr][DEBUG] - fit_round 36: strategy sampled 100 clients (out of 100)
[2026-01-11 13:18:22,920][flwr][DEBUG] - fit_round 36 received 100 results and 0 failures
[2026-01-11 13:18:23,026][flwr][INFO] - fit progress: (36, 56.66694355010986, {'accuracy': 0.5815, 'adaptive_mu': 0.1731954051836034}, 47.55313883400231)
[2026-01-11 13:18:23,026][flwr][DEBUG] - evaluate_round 36: strategy sampled 100 clients (out of 100)
[2026-01-11 13:18:23,509][flwr][DEBUG] - evaluate_round 36 received 100 results and 0 failures
[2026-01-11 13:18:23,510][flwr][DEBUG] - fit_round 37: strategy sampled 100 clients (out of 100)
[2026-01-11 13:18:24,028][flwr][DEBUG] - fit_round 37 received 100 results and 0 failures
[2026-01-11 13:18:24,250][flwr][INFO] - fit progress: (37, 56.29928731918335, {'accuracy': 0.584, 'adaptive_mu': 0.17334262477931384}, 48.77707045900752)
[2026-01-11 13:18:24,250][flwr][DEBUG] - evaluate_round 37: strategy sampled 100 clients (out of 100)
[2026-01-11 13:18:24,687][flwr][DEBUG] - evaluate_round 37 received 100 results and 0 failures
[2026-01-11 13:18:24,688][flwr][DEBUG] - fit_round 38: strategy sampled 100 clients (out of 100)
[2026-01-11 13:18:25,211][flwr][DEBUG] - fit_round 38 received 100 results and 0 failures
[2026-01-11 13:18:25,317][flwr][INFO] - fit progress: (38, 55.94380122423172, {'accuracy': 0.586, 'adaptive_mu': 0.1735402276368803}, 49.844029125000816)
[2026-01-11 13:18:25,317][flwr][DEBUG] - evaluate_round 38: strategy sampled 100 clients (out of 100)
[2026-01-11 13:18:25,793][flwr][DEBUG] - evaluate_round 38 received 100 results and 0 failures
[2026-01-11 13:18:25,794][flwr][DEBUG] - fit_round 39: strategy sampled 100 clients (out of 100)
[2026-01-11 13:18:26,382][flwr][DEBUG] - fit_round 39 received 100 results and 0 failures
[2026-01-11 13:18:26,494][flwr][INFO] - fit progress: (39, 55.606112360954285, {'accuracy': 0.587, 'adaptive_mu': 0.17369155316970492}, 51.02089650000562)
[2026-01-11 13:18:26,494][flwr][DEBUG] - evaluate_round 39: strategy sampled 100 clients (out of 100)
[2026-01-11 13:18:26,943][flwr][DEBUG] - evaluate_round 39 received 100 results and 0 failures
[2026-01-11 13:18:26,943][flwr][DEBUG] - fit_round 40: strategy sampled 100 clients (out of 100)
[2026-01-11 13:18:27,503][flwr][DEBUG] - fit_round 40 received 100 results and 0 failures
[2026-01-11 13:18:27,610][flwr][INFO] - fit progress: (40, 55.303734719753265, {'accuracy': 0.587, 'adaptive_mu': 0.17389324516335986}, 52.137223167010234)
[2026-01-11 13:18:27,610][flwr][DEBUG] - evaluate_round 40: strategy sampled 100 clients (out of 100)
[2026-01-11 13:18:28,109][flwr][DEBUG] - evaluate_round 40 received 100 results and 0 failures
[2026-01-11 13:18:28,110][flwr][DEBUG] - fit_round 41: strategy sampled 100 clients (out of 100)
[2026-01-11 13:18:28,752][flwr][DEBUG] - fit_round 41 received 100 results and 0 failures
[2026-01-11 13:18:28,857][flwr][INFO] - fit progress: (41, 54.99278372526169, {'accuracy': 0.5875, 'adaptive_mu': 0.17400465453754843}, 53.3836036670109)
[2026-01-11 13:18:28,857][flwr][DEBUG] - evaluate_round 41: strategy sampled 100 clients (out of 100)
[2026-01-11 13:18:29,318][flwr][DEBUG] - evaluate_round 41 received 100 results and 0 failures
[2026-01-11 13:18:29,320][flwr][DEBUG] - fit_round 42: strategy sampled 100 clients (out of 100)
[2026-01-11 13:18:29,819][flwr][DEBUG] - fit_round 42 received 100 results and 0 failures
[2026-01-11 13:18:29,927][flwr][INFO] - fit progress: (42, 54.69794952869415, {'accuracy': 0.586, 'adaptive_mu': 0.17418836276680405}, 54.453777500006254)
[2026-01-11 13:18:29,927][flwr][DEBUG] - evaluate_round 42: strategy sampled 100 clients (out of 100)
[2026-01-11 13:18:30,368][flwr][DEBUG] - evaluate_round 42 received 100 results and 0 failures
[2026-01-11 13:18:30,369][flwr][DEBUG] - fit_round 43: strategy sampled 100 clients (out of 100)
[2026-01-11 13:18:30,867][flwr][DEBUG] - fit_round 43 received 100 results and 0 failures
[2026-01-11 13:18:30,975][flwr][INFO] - fit progress: (43, 54.42739623785019, {'accuracy': 0.587, 'adaptive_mu': 0.17431885839938638}, 55.50250287500967)
[2026-01-11 13:18:30,976][flwr][DEBUG] - evaluate_round 43: strategy sampled 100 clients (out of 100)
[2026-01-11 13:18:31,423][flwr][DEBUG] - evaluate_round 43 received 100 results and 0 failures
[2026-01-11 13:18:31,423][flwr][DEBUG] - fit_round 44: strategy sampled 100 clients (out of 100)
[2026-01-11 13:18:31,948][flwr][DEBUG] - fit_round 44 received 100 results and 0 failures
[2026-01-11 13:18:32,056][flwr][INFO] - fit progress: (44, 54.18011158704758, {'accuracy': 0.5865, 'adaptive_mu': 0.17440663132300033}, 56.582700459010084)
[2026-01-11 13:18:32,056][flwr][DEBUG] - evaluate_round 44: strategy sampled 100 clients (out of 100)
[2026-01-11 13:18:32,573][flwr][DEBUG] - evaluate_round 44 received 100 results and 0 failures
[2026-01-11 13:18:32,573][flwr][DEBUG] - fit_round 45: strategy sampled 100 clients (out of 100)
[2026-01-11 13:18:33,188][flwr][DEBUG] - fit_round 45 received 100 results and 0 failures
[2026-01-11 13:18:33,296][flwr][INFO] - fit progress: (45, 53.92105394601822, {'accuracy': 0.5895, 'adaptive_mu': 0.17450308605322}, 57.823448417009786)
[2026-01-11 13:18:33,297][flwr][DEBUG] - evaluate_round 45: strategy sampled 100 clients (out of 100)
[2026-01-11 13:18:33,766][flwr][DEBUG] - evaluate_round 45 received 100 results and 0 failures
[2026-01-11 13:18:33,766][flwr][DEBUG] - fit_round 46: strategy sampled 100 clients (out of 100)
[2026-01-11 13:18:34,310][flwr][DEBUG] - fit_round 46 received 100 results and 0 failures
[2026-01-11 13:18:34,415][flwr][INFO] - fit progress: (46, 53.68350404500961, {'accuracy': 0.5895, 'adaptive_mu': 0.1745946774026069}, 58.941918167009135)
[2026-01-11 13:18:34,415][flwr][DEBUG] - evaluate_round 46: strategy sampled 100 clients (out of 100)
[2026-01-11 13:18:34,934][flwr][DEBUG] - evaluate_round 46 received 100 results and 0 failures
[2026-01-11 13:18:34,935][flwr][DEBUG] - fit_round 47: strategy sampled 100 clients (out of 100)
[2026-01-11 13:18:35,519][flwr][DEBUG] - fit_round 47 received 100 results and 0 failures
[2026-01-11 13:18:35,638][flwr][INFO] - fit progress: (47, 53.4966436624527, {'accuracy': 0.59, 'adaptive_mu': 0.17480261276284448}, 60.16487637501268)
[2026-01-11 13:18:35,638][flwr][DEBUG] - evaluate_round 47: strategy sampled 100 clients (out of 100)
[2026-01-11 13:18:36,141][flwr][DEBUG] - evaluate_round 47 received 100 results and 0 failures
[2026-01-11 13:18:36,142][flwr][DEBUG] - fit_round 48: strategy sampled 100 clients (out of 100)
[2026-01-11 13:18:36,658][flwr][DEBUG] - fit_round 48 received 100 results and 0 failures
[2026-01-11 13:18:36,765][flwr][INFO] - fit progress: (48, 53.27280133962631, {'accuracy': 0.591, 'adaptive_mu': 0.1748883665496928}, 61.29245733401331)
[2026-01-11 13:18:36,766][flwr][DEBUG] - evaluate_round 48: strategy sampled 100 clients (out of 100)
[2026-01-11 13:18:37,218][flwr][DEBUG] - evaluate_round 48 received 100 results and 0 failures
[2026-01-11 13:18:37,219][flwr][DEBUG] - fit_round 49: strategy sampled 100 clients (out of 100)
[2026-01-11 13:18:37,737][flwr][DEBUG] - fit_round 49 received 100 results and 0 failures
[2026-01-11 13:18:37,842][flwr][INFO] - fit progress: (49, 53.085488736629486, {'accuracy': 0.5915, 'adaptive_mu': 0.1750336347138065}, 62.36908275001042)
[2026-01-11 13:18:37,842][flwr][DEBUG] - evaluate_round 49: strategy sampled 100 clients (out of 100)
[2026-01-11 13:18:38,426][flwr][DEBUG] - evaluate_round 49 received 100 results and 0 failures
[2026-01-11 13:18:38,426][flwr][DEBUG] - fit_round 50: strategy sampled 100 clients (out of 100)
[2026-01-11 13:18:38,976][flwr][DEBUG] - fit_round 50 received 100 results and 0 failures
[2026-01-11 13:18:39,081][flwr][INFO] - fit progress: (50, 52.90049606561661, {'accuracy': 0.594, 'adaptive_mu': 0.17505718917506796}, 63.60767550001037)
[2026-01-11 13:18:39,081][flwr][DEBUG] - evaluate_round 50: strategy sampled 100 clients (out of 100)
[2026-01-11 13:18:39,539][flwr][DEBUG] - evaluate_round 50 received 100 results and 0 failures
[2026-01-11 13:18:39,539][flwr][INFO] - FL finished in 64.06577508400369
[2026-01-11 13:18:39,539][flwr][INFO] - app_fit: losses_distributed [(1, 1.0659127912769035), (2, 1.0562791740309159), (3, 1.048647453489641), (4, 1.0426086857234507), (5, 1.0377379097554782), (6, 1.0337414433286614), (7, 1.0303823299467836), (8, 1.0275639460239236), (9, 1.025124809275207), (10, 1.02286596558818), (11, 1.0208042464367875), (12, 1.0188162582990241), (13, 1.016849252493142), (14, 1.014825868518113), (15, 1.0126608326758968), (16, 1.0104103207452113), (17, 1.0078526684274411), (18, 1.005113491694949), (19, 1.0021431382796535), (20, 0.9988308433256193), (21, 0.9952395064373539), (22, 0.9913711059311209), (23, 0.987073742295509), (24, 0.9825070037008965), (25, 0.9775885894010056), (26, 0.9723960300014444), (27, 0.9669155654365613), (28, 0.9612815618923266), (29, 0.955478298847806), (30, 0.9492794524316919), (31, 0.9431044683540792), (32, 0.9367933230789285), (33, 0.9306122870886162), (34, 0.9246038484927181), (35, 0.9187871637885974), (36, 0.9129581141145262), (37, 0.9072670827377333), (38, 0.9017399076593521), (39, 0.896483219955882), (40, 0.8917741021609198), (41, 0.8869079970265632), (42, 0.8822864702303116), (43, 0.8780349467511046), (44, 0.8741410228351479), (45, 0.8700648971480321), (46, 0.8663265443487799), (47, 0.8633662733721407), (48, 0.8598359616719968), (49, 0.8568841522414935), (50, 0.853968573725659)]
[2026-01-11 13:18:39,540][flwr][INFO] - app_fit: metrics_distributed_fit {'adaptive_mu': [(1, 0.1), (2, 0.1), (3, 0.1), (4, 0.12085229310325389), (5, 0.1354615690167168), (6, 0.1454960640840486), (7, 0.1524115389606484), (8, 0.15718464392474185), (9, 0.16047797077958734), (10, 0.16278845430250358), (11, 0.16437355150316327), (12, 0.1654907810225633), (13, 0.16629284250084725), (14, 0.16690138278124952), (15, 0.16735896777770826), (16, 0.1677516530185785), (17, 0.1680973450896313), (18, 0.16838467812895463), (19, 0.16866109801093654), (20, 0.16890627419554646), (21, 0.16918367301149392), (22, 0.16943196898513582), (23, 0.16968342110851312), (24, 0.16996524309757616), (25, 0.17027940749766002), (26, 0.1705745214034712), (27, 0.17082971742398206), (28, 0.17112967608140592), (29, 0.17142131057326826), (30, 0.17169423328642164), (31, 0.1719153063749954), (32, 0.17220668687382237), (33, 0.17251845548410671), (34, 0.17271406063776415), (35, 0.1729815278958846), (36, 0.1731954051836034), (37, 0.17334262477931384), (38, 0.1735402276368803), (39, 0.17369155316970492), (40, 0.17389324516335986), (41, 0.17400465453754843), (42, 0.17418836276680405), (43, 0.17431885839938638), (44, 0.17440663132300033), (45, 0.17450308605322), (46, 0.1745946774026069), (47, 0.17480261276284448), (48, 0.1748883665496928), (49, 0.1750336347138065), (50, 0.17505718917506796)], 'gradient_divergence': [(1, 0.19542741344077513), (2, 0.19040777618880383), (3, 0.18617300859943497), (4, 0.18331376082380302), (5, 0.18157202788803262), (6, 0.17988280385034158), (7, 0.17953042315202766), (8, 0.17964382570586168), (9, 0.17980754485179204), (10, 0.18099103664746508), (11, 0.180926102376543), (12, 0.1816666999796871), (13, 0.1825288651289884), (14, 0.18393722624285147), (15, 0.18483033366617746), (16, 0.1866008118679747), (17, 0.18823667198128533), (18, 0.1890878579718992), (19, 0.19062013420509175), (20, 0.1915019795228727), (21, 0.1936791805748362), (22, 0.19451600533677266), (23, 0.1958993332280079), (24, 0.1979247292195214), (25, 0.20021343239001), (26, 0.20141120849293656), (27, 0.2019522228592541), (28, 0.2043848929251544), (29, 0.20588329939288086), (30, 0.2071504408598412), (31, 0.2074115535360761), (32, 0.2104417409969028), (33, 0.2127947012905497), (34, 0.21204725826741197), (35, 0.2154081819090061), (36, 0.21628782031242735), (37, 0.21650025011855178), (38, 0.21911101846722886), (39, 0.21965176591300406), (40, 0.2223287548357621), (41, 0.22210548565140925), (42, 0.22524841150268912), (43, 0.22573410228593274), (44, 0.22606578373815864), (45, 0.22739755047718063), (46, 0.22847538188332692), (47, 0.23247649695025757), (48, 0.23153798156534322), (49, 0.23405631854198872), (50, 0.2326185799832456)], 'avg_label_entropy': [(1, 0.36311975887880005), (2, 0.3631197588788001), (3, 0.36311975887879994), (4, 0.36311975887880005), (5, 0.36311975887880005), (6, 0.36311975887880005), (7, 0.36311975887880005), (8, 0.36311975887880005), (9, 0.36311975887880005), (10, 0.36311975887880005), (11, 0.36311975887879994), (12, 0.36311975887879994), (13, 0.36311975887879994), (14, 0.36311975887879994), (15, 0.36311975887880005), (16, 0.36311975887880005), (17, 0.36311975887880005), (18, 0.3631197588787999), (19, 0.36311975887879994), (20, 0.36311975887879994), (21, 0.36311975887880005), (22, 0.36311975887879994), (23, 0.36311975887879994), (24, 0.3631197588787999), (25, 0.36311975887880005), (26, 0.36311975887880005), (27, 0.3631197588788001), (28, 0.36311975887879994), (29, 0.36311975887879994), (30, 0.36311975887880005), (31, 0.3631197588788001), (32, 0.36311975887879994), (33, 0.36311975887880005), (34, 0.36311975887879994), (35, 0.36311975887879994), (36, 0.3631197588788001), (37, 0.36311975887880005), (38, 0.3631197588788001), (39, 0.36311975887879994), (40, 0.36311975887879994), (41, 0.36311975887880005), (42, 0.36311975887879994), (43, 0.36311975887879994), (44, 0.36311975887880005), (45, 0.36311975887879994), (46, 0.36311975887879994), (47, 0.36311975887880005), (48, 0.36311975887880005), (49, 0.36311975887879994), (50, 0.36311975887880005)], 'avg_feature_variance': [(1, 0.9859667000174522), (2, 0.9859667053818703), (3, 0.9859667012095451), (4, 0.9859666973352432), (5, 0.9859667026996612), (6, 0.9859666934609413), (7, 0.9859666907787323), (8, 0.9859666982293129), (9, 0.9859667009115219), (10, 0.9859666976332665), (11, 0.9859666922688484), (12, 0.9859666973352432), (13, 0.9859667029976845), (14, 0.9859667077660561), (15, 0.9859666985273361), (16, 0.9859667050838471), (17, 0.9859667056798935), (18, 0.9859666946530342), (19, 0.9859667032957077), (20, 0.9859666952490806), (21, 0.9859666910767555), (22, 0.9859667095541954), (23, 0.9859666818380356), (24, 0.9859666910767555), (25, 0.9859667006134987), (26, 0.9859666982293129), (27, 0.9859667024016381), (28, 0.9859666928648949), (29, 0.9859666976332665), (30, 0.9859667047858238), (31, 0.9859666922688484), (32, 0.9859667107462883), (33, 0.9859666898846626), (34, 0.9859667059779167), (35, 0.985966703593731), (36, 0.9859667050838471), (37, 0.9859667050838471), (38, 0.9859667038917541), (39, 0.9859667131304741), (40, 0.9859666931629181), (41, 0.9859666982293129), (42, 0.9859667029976845), (43, 0.9859666904807091), (44, 0.9859667029976845), (45, 0.9859666943550109), (46, 0.9859666967391968), (47, 0.9859667000174522), (48, 0.9859667056798935), (49, 0.9859667065739631), (50, 0.985966685116291)]}
[2026-01-11 13:18:39,540][flwr][INFO] - app_fit: metrics_distributed {}
[2026-01-11 13:18:39,540][flwr][INFO] - app_fit: losses_centralized [(0, 67.88411092758179), (1, 67.08190369606018), (2, 66.45749628543854), (3, 65.95988166332245), (4, 65.56297379732132), (5, 65.24019080400467), (6, 64.97261643409729), (7, 64.74516171216965), (8, 64.55131101608276), (9, 64.38084787130356), (10, 64.2207305431366), (11, 64.07369816303253), (12, 63.9311380982399), (13, 63.78887587785721), (14, 63.642555356025696), (15, 63.48506432771683), (16, 63.32171803712845), (17, 63.13705241680145), (18, 62.93948537111282), (19, 62.726622581481934), (20, 62.491469860076904), (21, 62.237064480781555), (22, 61.96379315853119), (23, 61.662855207920074), (24, 61.34287911653519), (25, 61.00002521276474), (26, 60.64039599895477), (27, 60.262980699539185), (28, 59.87729173898697), (29, 59.481889843940735), (30, 59.06301522254944), (31, 58.64865285158157), (32, 58.228470265865326), (33, 57.81976079940796), (34, 57.42510259151459), (35, 57.045261919498444), (36, 56.66694355010986), (37, 56.29928731918335), (38, 55.94380122423172), (39, 55.606112360954285), (40, 55.303734719753265), (41, 54.99278372526169), (42, 54.69794952869415), (43, 54.42739623785019), (44, 54.18011158704758), (45, 53.92105394601822), (46, 53.68350404500961), (47, 53.4966436624527), (48, 53.27280133962631), (49, 53.085488736629486), (50, 52.90049606561661)]
[2026-01-11 13:18:39,540][flwr][INFO] - app_fit: metrics_centralized {'accuracy': [(0, 0.3585), (1, 0.506), (2, 0.5075), (3, 0.508), (4, 0.508), (5, 0.508), (6, 0.508), (7, 0.508), (8, 0.508), (9, 0.508), (10, 0.508), (11, 0.508), (12, 0.508), (13, 0.509), (14, 0.51), (15, 0.51), (16, 0.5105), (17, 0.5115), (18, 0.5135), (19, 0.515), (20, 0.5175), (21, 0.5185), (22, 0.5205), (23, 0.5245), (24, 0.5265), (25, 0.531), (26, 0.5335), (27, 0.5385), (28, 0.545), (29, 0.5505), (30, 0.558), (31, 0.5605), (32, 0.5655), (33, 0.572), (34, 0.574), (35, 0.578), (36, 0.5815), (37, 0.584), (38, 0.586), (39, 0.587), (40, 0.587), (41, 0.5875), (42, 0.586), (43, 0.587), (44, 0.5865), (45, 0.5895), (46, 0.5895), (47, 0.59), (48, 0.591), (49, 0.5915), (50, 0.594)], 'adaptive_mu': [(0, 0.1), (1, 0.1), (2, 0.1), (3, 0.1), (4, 0.12085229310325389), (5, 0.1354615690167168), (6, 0.1454960640840486), (7, 0.1524115389606484), (8, 0.15718464392474185), (9, 0.16047797077958734), (10, 0.16278845430250358), (11, 0.16437355150316327), (12, 0.1654907810225633), (13, 0.16629284250084725), (14, 0.16690138278124952), (15, 0.16735896777770826), (16, 0.1677516530185785), (17, 0.1680973450896313), (18, 0.16838467812895463), (19, 0.16866109801093654), (20, 0.16890627419554646), (21, 0.16918367301149392), (22, 0.16943196898513582), (23, 0.16968342110851312), (24, 0.16996524309757616), (25, 0.17027940749766002), (26, 0.1705745214034712), (27, 0.17082971742398206), (28, 0.17112967608140592), (29, 0.17142131057326826), (30, 0.17169423328642164), (31, 0.1719153063749954), (32, 0.17220668687382237), (33, 0.17251845548410671), (34, 0.17271406063776415), (35, 0.1729815278958846), (36, 0.1731954051836034), (37, 0.17334262477931384), (38, 0.1735402276368803), (39, 0.17369155316970492), (40, 0.17389324516335986), (41, 0.17400465453754843), (42, 0.17418836276680405), (43, 0.17431885839938638), (44, 0.17440663132300033), (45, 0.17450308605322), (46, 0.1745946774026069), (47, 0.17480261276284448), (48, 0.1748883665496928), (49, 0.1750336347138065), (50, 0.17505718917506796)]}
[2026-01-11 13:18:39,594][flwr][INFO] - Starting Flower simulation, config: ServerConfig(num_rounds=50, round_timeout=None)
[2026-01-11 13:18:47,246][flwr][INFO] - Flower VCE: Ray initialized with resources: {'node:127.0.0.1': 1.0, 'CPU': 10.0, 'object_store_memory': 2147483648.0, 'memory': 12175396864.0}
[2026-01-11 13:18:47,247][flwr][INFO] - Initializing global parameters
[2026-01-11 13:18:47,247][flwr][INFO] - Using initial parameters provided by strategy
[2026-01-11 13:18:47,247][flwr][INFO] - Evaluating initial parameters
[2026-01-11 13:18:47,274][flwr][INFO] - initial parameters (loss, other metrics): 71.80140054225922, {'accuracy': 0.238}
[2026-01-11 13:18:47,274][flwr][INFO] - FL starting
[2026-01-11 13:18:47,276][flwr][DEBUG] - fit_round 1: strategy sampled 10 clients (out of 100)
[2026-01-11 13:18:52,386][flwr][DEBUG] - fit_round 1 received 10 results and 0 failures
[2026-01-11 13:18:52,429][flwr][INFO] - fit progress: (1, 70.35695099830627, {'accuracy': 0.235}, 5.154111458992702)
[2026-01-11 13:18:52,429][flwr][INFO] - evaluate_round 1: no clients selected, cancel
[2026-01-11 13:18:52,432][flwr][DEBUG] - fit_round 2: strategy sampled 10 clients (out of 100)
[2026-01-11 13:18:52,567][flwr][DEBUG] - fit_round 2 received 10 results and 0 failures
[2026-01-11 13:18:52,600][flwr][INFO] - fit progress: (2, 72.98263835906982, {'accuracy': 0.237}, 5.325411666999571)
[2026-01-11 13:18:52,600][flwr][INFO] - evaluate_round 2: no clients selected, cancel
[2026-01-11 13:18:52,601][flwr][DEBUG] - fit_round 3: strategy sampled 10 clients (out of 100)
[2026-01-11 13:18:52,743][flwr][DEBUG] - fit_round 3 received 10 results and 0 failures
[2026-01-11 13:18:52,773][flwr][INFO] - fit progress: (3, 69.94009065628052, {'accuracy': 0.225}, 5.498687416999019)
[2026-01-11 13:18:52,773][flwr][INFO] - evaluate_round 3: no clients selected, cancel
[2026-01-11 13:18:52,774][flwr][DEBUG] - fit_round 4: strategy sampled 10 clients (out of 100)
[2026-01-11 13:18:52,918][flwr][DEBUG] - fit_round 4 received 10 results and 0 failures
[2026-01-11 13:18:52,951][flwr][INFO] - fit progress: (4, 72.09024751186371, {'accuracy': 0.2375}, 5.676736166991759)
[2026-01-11 13:18:52,951][flwr][INFO] - evaluate_round 4: no clients selected, cancel
[2026-01-11 13:18:52,952][flwr][DEBUG] - fit_round 5: strategy sampled 10 clients (out of 100)
[2026-01-11 13:18:53,117][flwr][DEBUG] - fit_round 5 received 10 results and 0 failures
[2026-01-11 13:18:53,153][flwr][INFO] - fit progress: (5, 69.11584329605103, {'accuracy': 0.2865}, 5.878040750001674)
[2026-01-11 13:18:53,153][flwr][INFO] - evaluate_round 5: no clients selected, cancel
[2026-01-11 13:18:53,153][flwr][DEBUG] - fit_round 6: strategy sampled 10 clients (out of 100)
[2026-01-11 13:18:53,294][flwr][DEBUG] - fit_round 6 received 10 results and 0 failures
[2026-01-11 13:18:53,326][flwr][INFO] - fit progress: (6, 69.94450151920319, {'accuracy': 0.2325}, 6.051836583996192)
[2026-01-11 13:18:53,327][flwr][INFO] - evaluate_round 6: no clients selected, cancel
[2026-01-11 13:18:53,327][flwr][DEBUG] - fit_round 7: strategy sampled 10 clients (out of 100)
[2026-01-11 13:18:53,494][flwr][DEBUG] - fit_round 7 received 10 results and 0 failures
[2026-01-11 13:18:53,526][flwr][INFO] - fit progress: (7, 68.81833136081696, {'accuracy': 0.419}, 6.251053458996466)
[2026-01-11 13:18:53,526][flwr][INFO] - evaluate_round 7: no clients selected, cancel
[2026-01-11 13:18:53,526][flwr][DEBUG] - fit_round 8: strategy sampled 10 clients (out of 100)
[2026-01-11 13:18:53,702][flwr][DEBUG] - fit_round 8 received 10 results and 0 failures
[2026-01-11 13:18:53,733][flwr][INFO] - fit progress: (8, 68.35923755168915, {'accuracy': 0.5195}, 6.458120791998226)
[2026-01-11 13:18:53,733][flwr][INFO] - evaluate_round 8: no clients selected, cancel
[2026-01-11 13:18:53,734][flwr][DEBUG] - fit_round 9: strategy sampled 10 clients (out of 100)
[2026-01-11 13:18:53,905][flwr][DEBUG] - fit_round 9 received 10 results and 0 failures
[2026-01-11 13:18:53,938][flwr][INFO] - fit progress: (9, 69.94828450679779, {'accuracy': 0.2935}, 6.663197874993784)
[2026-01-11 13:18:53,938][flwr][INFO] - evaluate_round 9: no clients selected, cancel
[2026-01-11 13:18:53,939][flwr][DEBUG] - fit_round 10: strategy sampled 10 clients (out of 100)
[2026-01-11 13:18:54,133][flwr][DEBUG] - fit_round 10 received 10 results and 0 failures
[2026-01-11 13:18:54,165][flwr][INFO] - fit progress: (10, 67.95885586738586, {'accuracy': 0.527}, 6.890880916995229)
[2026-01-11 13:18:54,166][flwr][INFO] - evaluate_round 10: no clients selected, cancel
[2026-01-11 13:18:54,166][flwr][DEBUG] - fit_round 11: strategy sampled 10 clients (out of 100)
[2026-01-11 13:18:54,344][flwr][DEBUG] - fit_round 11 received 10 results and 0 failures
[2026-01-11 13:18:54,375][flwr][INFO] - fit progress: (11, 69.21118152141571, {'accuracy': 0.356}, 7.100219999992987)
[2026-01-11 13:18:54,375][flwr][INFO] - evaluate_round 11: no clients selected, cancel
[2026-01-11 13:18:54,376][flwr][DEBUG] - fit_round 12: strategy sampled 10 clients (out of 100)
[2026-01-11 13:18:54,613][flwr][DEBUG] - fit_round 12 received 10 results and 0 failures
[2026-01-11 13:18:54,644][flwr][INFO] - fit progress: (12, 67.20955085754395, {'accuracy': 0.507}, 7.369298334000632)
[2026-01-11 13:18:54,644][flwr][INFO] - evaluate_round 12: no clients selected, cancel
[2026-01-11 13:18:54,645][flwr][DEBUG] - fit_round 13: strategy sampled 10 clients (out of 100)
[2026-01-11 13:18:54,916][flwr][DEBUG] - fit_round 13 received 10 results and 0 failures
[2026-01-11 13:18:54,946][flwr][INFO] - fit progress: (13, 68.82860887050629, {'accuracy': 0.3765}, 7.671880791996955)
[2026-01-11 13:18:54,947][flwr][INFO] - evaluate_round 13: no clients selected, cancel
[2026-01-11 13:18:54,947][flwr][DEBUG] - fit_round 14: strategy sampled 10 clients (out of 100)
[2026-01-11 13:18:55,194][flwr][DEBUG] - fit_round 14 received 10 results and 0 failures
[2026-01-11 13:18:55,226][flwr][INFO] - fit progress: (14, 67.76936078071594, {'accuracy': 0.517}, 7.951203958989936)
[2026-01-11 13:18:55,226][flwr][INFO] - evaluate_round 14: no clients selected, cancel
[2026-01-11 13:18:55,227][flwr][DEBUG] - fit_round 15: strategy sampled 10 clients (out of 100)
[2026-01-11 13:18:55,421][flwr][DEBUG] - fit_round 15 received 10 results and 0 failures
[2026-01-11 13:18:55,451][flwr][INFO] - fit progress: (15, 69.04697501659393, {'accuracy': 0.2895}, 8.17596154200146)
[2026-01-11 13:18:55,451][flwr][INFO] - evaluate_round 15: no clients selected, cancel
[2026-01-11 13:18:55,451][flwr][DEBUG] - fit_round 16: strategy sampled 10 clients (out of 100)
[2026-01-11 13:18:55,648][flwr][DEBUG] - fit_round 16 received 10 results and 0 failures
[2026-01-11 13:18:55,680][flwr][INFO] - fit progress: (16, 68.2218097448349, {'accuracy': 0.5305}, 8.405891000002157)
[2026-01-11 13:18:55,681][flwr][INFO] - evaluate_round 16: no clients selected, cancel
[2026-01-11 13:18:55,681][flwr][DEBUG] - fit_round 17: strategy sampled 10 clients (out of 100)
[2026-01-11 13:18:55,977][flwr][DEBUG] - fit_round 17 received 10 results and 0 failures
[2026-01-11 13:18:56,010][flwr][INFO] - fit progress: (17, 68.27369356155396, {'accuracy': 0.5175}, 8.735380625003017)
[2026-01-11 13:18:56,010][flwr][INFO] - evaluate_round 17: no clients selected, cancel
[2026-01-11 13:18:56,011][flwr][DEBUG] - fit_round 18: strategy sampled 10 clients (out of 100)
[2026-01-11 13:18:56,211][flwr][DEBUG] - fit_round 18 received 10 results and 0 failures
[2026-01-11 13:18:56,243][flwr][INFO] - fit progress: (18, 68.41163444519043, {'accuracy': 0.5215}, 8.9685943749937)
[2026-01-11 13:18:56,243][flwr][INFO] - evaluate_round 18: no clients selected, cancel
[2026-01-11 13:18:56,244][flwr][DEBUG] - fit_round 19: strategy sampled 10 clients (out of 100)
[2026-01-11 13:18:56,438][flwr][DEBUG] - fit_round 19 received 10 results and 0 failures
[2026-01-11 13:18:56,469][flwr][INFO] - fit progress: (19, 67.94439888000488, {'accuracy': 0.512}, 9.194177583995042)
[2026-01-11 13:18:56,469][flwr][INFO] - evaluate_round 19: no clients selected, cancel
[2026-01-11 13:18:56,470][flwr][DEBUG] - fit_round 20: strategy sampled 10 clients (out of 100)
[2026-01-11 13:18:56,666][flwr][DEBUG] - fit_round 20 received 10 results and 0 failures
[2026-01-11 13:18:56,695][flwr][INFO] - fit progress: (20, 67.16395938396454, {'accuracy': 0.507}, 9.420840124992537)
[2026-01-11 13:18:56,696][flwr][INFO] - evaluate_round 20: no clients selected, cancel
[2026-01-11 13:18:56,696][flwr][DEBUG] - fit_round 21: strategy sampled 10 clients (out of 100)
[2026-01-11 13:18:56,893][flwr][DEBUG] - fit_round 21 received 10 results and 0 failures
[2026-01-11 13:18:56,924][flwr][INFO] - fit progress: (21, 67.28216767311096, {'accuracy': 0.507}, 9.649546250002459)
[2026-01-11 13:18:56,924][flwr][INFO] - evaluate_round 21: no clients selected, cancel
[2026-01-11 13:18:56,925][flwr][DEBUG] - fit_round 22: strategy sampled 10 clients (out of 100)
[2026-01-11 13:18:57,126][flwr][DEBUG] - fit_round 22 received 10 results and 0 failures
[2026-01-11 13:18:57,159][flwr][INFO] - fit progress: (22, 66.94805192947388, {'accuracy': 0.507}, 9.884198999992805)
[2026-01-11 13:18:57,159][flwr][INFO] - evaluate_round 22: no clients selected, cancel
[2026-01-11 13:18:57,160][flwr][DEBUG] - fit_round 23: strategy sampled 10 clients (out of 100)
[2026-01-11 13:18:57,361][flwr][DEBUG] - fit_round 23 received 10 results and 0 failures
[2026-01-11 13:18:57,391][flwr][INFO] - fit progress: (23, 67.37180924415588, {'accuracy': 0.507}, 10.116748333995929)
[2026-01-11 13:18:57,392][flwr][INFO] - evaluate_round 23: no clients selected, cancel
[2026-01-11 13:18:57,392][flwr][DEBUG] - fit_round 24: strategy sampled 10 clients (out of 100)
[2026-01-11 13:18:57,594][flwr][DEBUG] - fit_round 24 received 10 results and 0 failures
[2026-01-11 13:18:57,626][flwr][INFO] - fit progress: (24, 66.03150713443756, {'accuracy': 0.507}, 10.350905792001868)
[2026-01-11 13:18:57,626][flwr][INFO] - evaluate_round 24: no clients selected, cancel
[2026-01-11 13:18:57,626][flwr][DEBUG] - fit_round 25: strategy sampled 10 clients (out of 100)
[2026-01-11 13:18:57,822][flwr][DEBUG] - fit_round 25 received 10 results and 0 failures
[2026-01-11 13:18:57,855][flwr][INFO] - fit progress: (25, 66.44148826599121, {'accuracy': 0.507}, 10.580125833992497)
[2026-01-11 13:18:57,855][flwr][INFO] - evaluate_round 25: no clients selected, cancel
[2026-01-11 13:18:57,856][flwr][DEBUG] - fit_round 26: strategy sampled 10 clients (out of 100)
[2026-01-11 13:18:58,071][flwr][DEBUG] - fit_round 26 received 10 results and 0 failures
[2026-01-11 13:18:58,104][flwr][INFO] - fit progress: (26, 66.65668880939484, {'accuracy': 0.507}, 10.82903162499133)
[2026-01-11 13:18:58,104][flwr][INFO] - evaluate_round 26: no clients selected, cancel
[2026-01-11 13:18:58,104][flwr][DEBUG] - fit_round 27: strategy sampled 10 clients (out of 100)
[2026-01-11 13:18:58,323][flwr][DEBUG] - fit_round 27 received 10 results and 0 failures
[2026-01-11 13:18:58,353][flwr][INFO] - fit progress: (27, 66.22691607475281, {'accuracy': 0.507}, 11.078088791997288)
[2026-01-11 13:18:58,353][flwr][INFO] - evaluate_round 27: no clients selected, cancel
[2026-01-11 13:18:58,353][flwr][DEBUG] - fit_round 28: strategy sampled 10 clients (out of 100)
[2026-01-11 13:18:58,574][flwr][DEBUG] - fit_round 28 received 10 results and 0 failures
[2026-01-11 13:18:58,605][flwr][INFO] - fit progress: (28, 66.46487081050873, {'accuracy': 0.507}, 11.330362708991743)
[2026-01-11 13:18:58,605][flwr][INFO] - evaluate_round 28: no clients selected, cancel
[2026-01-11 13:18:58,606][flwr][DEBUG] - fit_round 29: strategy sampled 10 clients (out of 100)
[2026-01-11 13:18:58,816][flwr][DEBUG] - fit_round 29 received 10 results and 0 failures
[2026-01-11 13:18:58,845][flwr][INFO] - fit progress: (29, 66.20708405971527, {'accuracy': 0.507}, 11.57044420899183)
[2026-01-11 13:18:58,845][flwr][INFO] - evaluate_round 29: no clients selected, cancel
[2026-01-11 13:18:58,846][flwr][DEBUG] - fit_round 30: strategy sampled 10 clients (out of 100)
[2026-01-11 13:18:59,065][flwr][DEBUG] - fit_round 30 received 10 results and 0 failures
[2026-01-11 13:18:59,099][flwr][INFO] - fit progress: (30, 66.58329713344574, {'accuracy': 0.507}, 11.824825542003964)
[2026-01-11 13:18:59,100][flwr][INFO] - evaluate_round 30: no clients selected, cancel
[2026-01-11 13:18:59,100][flwr][DEBUG] - fit_round 31: strategy sampled 10 clients (out of 100)
[2026-01-11 13:18:59,294][flwr][DEBUG] - fit_round 31 received 10 results and 0 failures
[2026-01-11 13:18:59,332][flwr][INFO] - fit progress: (31, 67.28969836235046, {'accuracy': 0.4795}, 12.057612874996266)
[2026-01-11 13:18:59,332][flwr][INFO] - evaluate_round 31: no clients selected, cancel
[2026-01-11 13:18:59,333][flwr][DEBUG] - fit_round 32: strategy sampled 10 clients (out of 100)
[2026-01-11 13:18:59,553][flwr][DEBUG] - fit_round 32 received 10 results and 0 failures
[2026-01-11 13:18:59,591][flwr][INFO] - fit progress: (32, 66.50819307565689, {'accuracy': 0.507}, 12.316032834001817)
[2026-01-11 13:18:59,591][flwr][INFO] - evaluate_round 32: no clients selected, cancel
[2026-01-11 13:18:59,591][flwr][DEBUG] - fit_round 33: strategy sampled 10 clients (out of 100)
[2026-01-11 13:18:59,802][flwr][DEBUG] - fit_round 33 received 10 results and 0 failures
[2026-01-11 13:18:59,834][flwr][INFO] - fit progress: (33, 66.61688584089279, {'accuracy': 0.507}, 12.559540749993175)
[2026-01-11 13:18:59,834][flwr][INFO] - evaluate_round 33: no clients selected, cancel
[2026-01-11 13:18:59,835][flwr][DEBUG] - fit_round 34: strategy sampled 10 clients (out of 100)
[2026-01-11 13:19:00,045][flwr][DEBUG] - fit_round 34 received 10 results and 0 failures
[2026-01-11 13:19:00,077][flwr][INFO] - fit progress: (34, 66.80275005102158, {'accuracy': 0.5015}, 12.802640124995378)
[2026-01-11 13:19:00,077][flwr][INFO] - evaluate_round 34: no clients selected, cancel
[2026-01-11 13:19:00,078][flwr][DEBUG] - fit_round 35: strategy sampled 10 clients (out of 100)
[2026-01-11 13:19:00,293][flwr][DEBUG] - fit_round 35 received 10 results and 0 failures
[2026-01-11 13:19:00,324][flwr][INFO] - fit progress: (35, 67.114173412323, {'accuracy': 0.4575}, 13.049301334001939)
[2026-01-11 13:19:00,324][flwr][INFO] - evaluate_round 35: no clients selected, cancel
[2026-01-11 13:19:00,325][flwr][DEBUG] - fit_round 36: strategy sampled 10 clients (out of 100)
[2026-01-11 13:19:00,538][flwr][DEBUG] - fit_round 36 received 10 results and 0 failures
[2026-01-11 13:19:00,571][flwr][INFO] - fit progress: (36, 66.60327816009521, {'accuracy': 0.506}, 13.296207499995944)
[2026-01-11 13:19:00,571][flwr][INFO] - evaluate_round 36: no clients selected, cancel
[2026-01-11 13:19:00,572][flwr][DEBUG] - fit_round 37: strategy sampled 10 clients (out of 100)
[2026-01-11 13:19:00,787][flwr][DEBUG] - fit_round 37 received 10 results and 0 failures
[2026-01-11 13:19:00,820][flwr][INFO] - fit progress: (37, 66.94974654912949, {'accuracy': 0.481}, 13.545292583992705)
[2026-01-11 13:19:00,820][flwr][INFO] - evaluate_round 37: no clients selected, cancel
[2026-01-11 13:19:00,821][flwr][DEBUG] - fit_round 38: strategy sampled 10 clients (out of 100)
[2026-01-11 13:19:01,040][flwr][DEBUG] - fit_round 38 received 10 results and 0 failures
[2026-01-11 13:19:01,072][flwr][INFO] - fit progress: (38, 66.22031044960022, {'accuracy': 0.507}, 13.797156583998003)
[2026-01-11 13:19:01,072][flwr][INFO] - evaluate_round 38: no clients selected, cancel
[2026-01-11 13:19:01,072][flwr][DEBUG] - fit_round 39: strategy sampled 10 clients (out of 100)
[2026-01-11 13:19:01,318][flwr][DEBUG] - fit_round 39 received 10 results and 0 failures
[2026-01-11 13:19:01,370][flwr][INFO] - fit progress: (39, 66.35220110416412, {'accuracy': 0.507}, 14.095525166994776)
[2026-01-11 13:19:01,370][flwr][INFO] - evaluate_round 39: no clients selected, cancel
[2026-01-11 13:19:01,371][flwr][DEBUG] - fit_round 40: strategy sampled 10 clients (out of 100)
[2026-01-11 13:19:01,569][flwr][DEBUG] - fit_round 40 received 10 results and 0 failures
[2026-01-11 13:19:01,599][flwr][INFO] - fit progress: (40, 66.6822914481163, {'accuracy': 0.506}, 14.323983374997624)
[2026-01-11 13:19:01,599][flwr][INFO] - evaluate_round 40: no clients selected, cancel
[2026-01-11 13:19:01,599][flwr][DEBUG] - fit_round 41: strategy sampled 10 clients (out of 100)
[2026-01-11 13:19:01,808][flwr][DEBUG] - fit_round 41 received 10 results and 0 failures
[2026-01-11 13:19:01,839][flwr][INFO] - fit progress: (41, 66.62024849653244, {'accuracy': 0.507}, 14.56430233399442)
[2026-01-11 13:19:01,839][flwr][INFO] - evaluate_round 41: no clients selected, cancel
[2026-01-11 13:19:01,840][flwr][DEBUG] - fit_round 42: strategy sampled 10 clients (out of 100)
[2026-01-11 13:19:02,046][flwr][DEBUG] - fit_round 42 received 10 results and 0 failures
[2026-01-11 13:19:02,077][flwr][INFO] - fit progress: (42, 66.16994893550873, {'accuracy': 0.507}, 14.80203054199228)
[2026-01-11 13:19:02,077][flwr][INFO] - evaluate_round 42: no clients selected, cancel
[2026-01-11 13:19:02,077][flwr][DEBUG] - fit_round 43: strategy sampled 10 clients (out of 100)
[2026-01-11 13:19:02,284][flwr][DEBUG] - fit_round 43 received 10 results and 0 failures
[2026-01-11 13:19:02,317][flwr][INFO] - fit progress: (43, 67.22339403629303, {'accuracy': 0.457}, 15.042635124991648)
[2026-01-11 13:19:02,317][flwr][INFO] - evaluate_round 43: no clients selected, cancel
[2026-01-11 13:19:02,318][flwr][DEBUG] - fit_round 44: strategy sampled 10 clients (out of 100)
[2026-01-11 13:19:02,622][flwr][DEBUG] - fit_round 44 received 10 results and 0 failures
[2026-01-11 13:19:02,653][flwr][INFO] - fit progress: (44, 67.17508852481842, {'accuracy': 0.4825}, 15.378702000001795)
[2026-01-11 13:19:02,654][flwr][INFO] - evaluate_round 44: no clients selected, cancel
[2026-01-11 13:19:02,654][flwr][DEBUG] - fit_round 45: strategy sampled 10 clients (out of 100)
[2026-01-11 13:19:03,181][flwr][DEBUG] - fit_round 45 received 10 results and 0 failures
[2026-01-11 13:19:03,217][flwr][INFO] - fit progress: (45, 67.18872058391571, {'accuracy': 0.4815}, 15.942335291998461)
[2026-01-11 13:19:03,217][flwr][INFO] - evaluate_round 45: no clients selected, cancel
[2026-01-11 13:19:03,218][flwr][DEBUG] - fit_round 46: strategy sampled 10 clients (out of 100)
[2026-01-11 13:19:03,446][flwr][DEBUG] - fit_round 46 received 10 results and 0 failures
[2026-01-11 13:19:03,479][flwr][INFO] - fit progress: (46, 68.10208415985107, {'accuracy': 0.249}, 16.204278584002168)
[2026-01-11 13:19:03,479][flwr][INFO] - evaluate_round 46: no clients selected, cancel
[2026-01-11 13:19:03,480][flwr][DEBUG] - fit_round 47: strategy sampled 10 clients (out of 100)
[2026-01-11 13:19:03,825][flwr][DEBUG] - fit_round 47 received 10 results and 0 failures
[2026-01-11 13:19:03,861][flwr][INFO] - fit progress: (47, 68.5376341342926, {'accuracy': 0.248}, 16.586022709001554)
[2026-01-11 13:19:03,861][flwr][INFO] - evaluate_round 47: no clients selected, cancel
[2026-01-11 13:19:03,861][flwr][DEBUG] - fit_round 48: strategy sampled 10 clients (out of 100)
[2026-01-11 13:19:04,230][flwr][DEBUG] - fit_round 48 received 10 results and 0 failures
[2026-01-11 13:19:04,264][flwr][INFO] - fit progress: (48, 67.92055988311768, {'accuracy': 0.2525}, 16.989026750001358)
[2026-01-11 13:19:04,264][flwr][INFO] - evaluate_round 48: no clients selected, cancel
[2026-01-11 13:19:04,264][flwr][DEBUG] - fit_round 49: strategy sampled 10 clients (out of 100)
[2026-01-11 13:19:04,484][flwr][DEBUG] - fit_round 49 received 10 results and 0 failures
[2026-01-11 13:19:04,520][flwr][INFO] - fit progress: (49, 68.65189051628113, {'accuracy': 0.248}, 17.245539875002578)
[2026-01-11 13:19:04,520][flwr][INFO] - evaluate_round 49: no clients selected, cancel
[2026-01-11 13:19:04,521][flwr][DEBUG] - fit_round 50: strategy sampled 10 clients (out of 100)
[2026-01-11 13:19:04,745][flwr][DEBUG] - fit_round 50 received 10 results and 0 failures
[2026-01-11 13:19:04,776][flwr][INFO] - fit progress: (50, 71.14687323570251, {'accuracy': 0.248}, 17.501024291996146)
[2026-01-11 13:19:04,776][flwr][INFO] - evaluate_round 50: no clients selected, cancel
[2026-01-11 13:19:04,776][flwr][INFO] - FL finished in 17.501337041991064
[2026-01-11 13:19:04,776][flwr][INFO] - app_fit: losses_distributed []
[2026-01-11 13:19:04,776][flwr][INFO] - app_fit: metrics_distributed_fit {'c_global_norm': [(1, 5.793813313662409), (2, 11.283167094971624), (3, 13.67475596782034), (4, 11.611629478965074), (5, 15.318090405109732), (6, 8.34994013348693), (7, 9.130489283930547), (8, 5.085193144476458), (9, 12.634872720299587), (10, 14.208291256703397), (11, 10.397127959651419), (12, 14.564590101504683), (13, 10.816176341442057), (14, 8.21418389560291), (15, 9.691825696178096), (16, 5.541328662020975), (17, 7.785780300273607), (18, 5.144824703582844), (19, 5.659536474861136), (20, 6.701985860945742), (21, 7.207101471618281), (22, 3.20181023899137), (23, 3.1047540599523327), (24, 10.904122531760493), (25, 7.558896821621729), (26, 4.9723079856106835), (27, 6.677834843373206), (28, 2.6601844714680114), (29, 3.7655445951963276), (30, 5.722074824145638), (31, 6.57462900330045), (32, 6.724510602089923), (33, 0.8739467538260794), (34, 5.679726321102155), (35, 1.859851810833569), (36, 5.178544802359428), (37, 1.9933968053703313), (38, 6.927870186355582), (39, 2.2830214379189813), (40, 3.469947972683181), (41, 8.522125580240182), (42, 5.1132780341713095), (43, 9.857615671355934), (44, 2.6823526255634977), (45, 0.655751437733627), (46, 5.36818347043989), (47, 3.761262422089413), (48, 8.161088862796626), (49, 5.556462676244306), (50, 11.144739787506934)], 'num_clients': [(1, 10), (2, 10), (3, 10), (4, 10), (5, 10), (6, 10), (7, 10), (8, 10), (9, 10), (10, 10), (11, 10), (12, 10), (13, 10), (14, 10), (15, 10), (16, 10), (17, 10), (18, 10), (19, 10), (20, 10), (21, 10), (22, 10), (23, 10), (24, 10), (25, 10), (26, 10), (27, 10), (28, 10), (29, 10), (30, 10), (31, 10), (32, 10), (33, 10), (34, 10), (35, 10), (36, 10), (37, 10), (38, 10), (39, 10), (40, 10), (41, 10), (42, 10), (43, 10), (44, 10), (45, 10), (46, 10), (47, 10), (48, 10), (49, 10), (50, 10)]}
[2026-01-11 13:19:04,777][flwr][INFO] - app_fit: metrics_distributed {}
[2026-01-11 13:19:04,777][flwr][INFO] - app_fit: losses_centralized [(0, 71.80140054225922), (1, 70.35695099830627), (2, 72.98263835906982), (3, 69.94009065628052), (4, 72.09024751186371), (5, 69.11584329605103), (6, 69.94450151920319), (7, 68.81833136081696), (8, 68.35923755168915), (9, 69.94828450679779), (10, 67.95885586738586), (11, 69.21118152141571), (12, 67.20955085754395), (13, 68.82860887050629), (14, 67.76936078071594), (15, 69.04697501659393), (16, 68.2218097448349), (17, 68.27369356155396), (18, 68.41163444519043), (19, 67.94439888000488), (20, 67.16395938396454), (21, 67.28216767311096), (22, 66.94805192947388), (23, 67.37180924415588), (24, 66.03150713443756), (25, 66.44148826599121), (26, 66.65668880939484), (27, 66.22691607475281), (28, 66.46487081050873), (29, 66.20708405971527), (30, 66.58329713344574), (31, 67.28969836235046), (32, 66.50819307565689), (33, 66.61688584089279), (34, 66.80275005102158), (35, 67.114173412323), (36, 66.60327816009521), (37, 66.94974654912949), (38, 66.22031044960022), (39, 66.35220110416412), (40, 66.6822914481163), (41, 66.62024849653244), (42, 66.16994893550873), (43, 67.22339403629303), (44, 67.17508852481842), (45, 67.18872058391571), (46, 68.10208415985107), (47, 68.5376341342926), (48, 67.92055988311768), (49, 68.65189051628113), (50, 71.14687323570251)]
[2026-01-11 13:19:04,777][flwr][INFO] - app_fit: metrics_centralized {'accuracy': [(0, 0.238), (1, 0.235), (2, 0.237), (3, 0.225), (4, 0.2375), (5, 0.2865), (6, 0.2325), (7, 0.419), (8, 0.5195), (9, 0.2935), (10, 0.527), (11, 0.356), (12, 0.507), (13, 0.3765), (14, 0.517), (15, 0.2895), (16, 0.5305), (17, 0.5175), (18, 0.5215), (19, 0.512), (20, 0.507), (21, 0.507), (22, 0.507), (23, 0.507), (24, 0.507), (25, 0.507), (26, 0.507), (27, 0.507), (28, 0.507), (29, 0.507), (30, 0.507), (31, 0.4795), (32, 0.507), (33, 0.507), (34, 0.5015), (35, 0.4575), (36, 0.506), (37, 0.481), (38, 0.507), (39, 0.507), (40, 0.506), (41, 0.507), (42, 0.507), (43, 0.457), (44, 0.4825), (45, 0.4815), (46, 0.249), (47, 0.248), (48, 0.2525), (49, 0.248), (50, 0.248)]}
