[2026-01-15 22:26:26,970][flwr][INFO] - Starting Flower simulation, config: ServerConfig(num_rounds=50, round_timeout=None)
[2026-01-15 22:26:32,139][flwr][INFO] - Flower VCE: Ray initialized with resources: {'memory': 11759342388.0, 'object_store_memory': 2147483648.0, 'node:127.0.0.1': 1.0, 'CPU': 10.0}
[2026-01-15 22:26:32,140][flwr][INFO] - Initializing global parameters
[2026-01-15 22:26:32,140][flwr][INFO] - Using initial parameters provided by strategy
[2026-01-15 22:26:32,140][flwr][INFO] - Evaluating initial parameters
[2026-01-15 22:26:32,494][flwr][INFO] - initial parameters (loss, other metrics): 1.4145967275411397, {'rmse': 13963.591515079492, 'mae': 10300.927734375, 'r2': -0.5562232211899847}
[2026-01-15 22:26:32,494][flwr][INFO] - FL starting
[2026-01-15 22:26:32,494][flwr][DEBUG] - fit_round 1: strategy sampled 3 clients (out of 3)
[2026-01-15 22:26:42,009][flwr][DEBUG] - fit_round 1 received 3 results and 0 failures
[2026-01-15 22:26:42,011][flwr][WARNING] - No fit_metrics_aggregation_fn provided
[2026-01-15 22:26:42,160][flwr][INFO] - fit progress: (1, 0.2133473836713367, {'rmse': 5422.811263542186, 'mae': 3383.716064453125, 'r2': 0.7652926987542792}, 9.665974375006044)
[2026-01-15 22:26:42,160][flwr][DEBUG] - evaluate_round 1: strategy sampled 3 clients (out of 3)
[2026-01-15 22:26:42,299][flwr][DEBUG] - evaluate_round 1 received 3 results and 0 failures
[2026-01-15 22:26:42,299][flwr][WARNING] - No evaluate_metrics_aggregation_fn provided
[2026-01-15 22:26:42,299][flwr][DEBUG] - fit_round 2: strategy sampled 3 clients (out of 3)
[2026-01-15 22:26:47,889][flwr][DEBUG] - fit_round 2 received 3 results and 0 failures
[2026-01-15 22:26:48,018][flwr][INFO] - fit progress: (2, 0.2442681256148431, {'rmse': 5802.487052979955, 'mae': 3409.24853515625, 'r2': 0.7312762756719062}, 15.524427500000456)
[2026-01-15 22:26:48,019][flwr][DEBUG] - evaluate_round 2: strategy sampled 3 clients (out of 3)
[2026-01-15 22:26:48,148][flwr][DEBUG] - evaluate_round 2 received 3 results and 0 failures
[2026-01-15 22:26:48,148][flwr][DEBUG] - fit_round 3: strategy sampled 3 clients (out of 3)
[2026-01-15 22:26:53,425][flwr][DEBUG] - fit_round 3 received 3 results and 0 failures
[2026-01-15 22:26:53,546][flwr][INFO] - fit progress: (3, 0.2603948524853847, {'rmse': 5990.96820221907, 'mae': 3467.531005859375, 'r2': 0.7135349550906287}, 21.052184000000125)
[2026-01-15 22:26:53,546][flwr][DEBUG] - evaluate_round 3: strategy sampled 3 clients (out of 3)
[2026-01-15 22:26:53,626][flwr][DEBUG] - evaluate_round 3 received 3 results and 0 failures
[2026-01-15 22:26:53,626][flwr][DEBUG] - fit_round 4: strategy sampled 3 clients (out of 3)
[2026-01-15 22:26:59,834][flwr][DEBUG] - fit_round 4 received 3 results and 0 failures
[2026-01-15 22:27:00,093][flwr][INFO] - fit progress: (4, 0.2950977783900004, {'rmse': 6377.695822160226, 'mae': 3574.01953125, 'r2': 0.675357620750692}, 27.59947350001312)
[2026-01-15 22:27:00,095][flwr][DEBUG] - evaluate_round 4: strategy sampled 3 clients (out of 3)
[2026-01-15 22:27:00,279][flwr][DEBUG] - evaluate_round 4 received 3 results and 0 failures
[2026-01-15 22:27:00,279][flwr][DEBUG] - fit_round 5: strategy sampled 3 clients (out of 3)
[2026-01-15 22:27:06,189][flwr][DEBUG] - fit_round 5 received 3 results and 0 failures
[2026-01-15 22:27:06,340][flwr][INFO] - fit progress: (5, 0.3350594803854987, {'rmse': 6795.818714474364, 'mae': 3672.066650390625, 'r2': 0.6313950326278928}, 33.84612454200396)
[2026-01-15 22:27:06,341][flwr][DEBUG] - evaluate_round 5: strategy sampled 3 clients (out of 3)
[2026-01-15 22:27:06,443][flwr][DEBUG] - evaluate_round 5 received 3 results and 0 failures
[2026-01-15 22:27:06,444][flwr][DEBUG] - fit_round 6: strategy sampled 3 clients (out of 3)
[2026-01-15 22:27:11,788][flwr][DEBUG] - fit_round 6 received 3 results and 0 failures
[2026-01-15 22:27:11,919][flwr][INFO] - fit progress: (6, 0.3763497693760617, {'rmse': 7202.39015882922, 'mae': 3800.232421875, 'r2': 0.5859708405695229}, 39.4249637920002)
[2026-01-15 22:27:11,919][flwr][DEBUG] - evaluate_round 6: strategy sampled 3 clients (out of 3)
[2026-01-15 22:27:11,997][flwr][DEBUG] - evaluate_round 6 received 3 results and 0 failures
[2026-01-15 22:27:11,997][flwr][DEBUG] - fit_round 7: strategy sampled 3 clients (out of 3)
[2026-01-15 22:27:18,209][flwr][DEBUG] - fit_round 7 received 3 results and 0 failures
[2026-01-15 22:27:18,345][flwr][INFO] - fit progress: (7, 0.4238688595839091, {'rmse': 7643.575603080014, 'mae': 3902.254150390625, 'r2': 0.5336942510703343}, 45.850502541987225)
[2026-01-15 22:27:18,345][flwr][DEBUG] - evaluate_round 7: strategy sampled 3 clients (out of 3)
[2026-01-15 22:27:18,429][flwr][DEBUG] - evaluate_round 7 received 3 results and 0 failures
[2026-01-15 22:27:18,429][flwr][DEBUG] - fit_round 8: strategy sampled 3 clients (out of 3)
[2026-01-15 22:27:24,047][flwr][DEBUG] - fit_round 8 received 3 results and 0 failures
[2026-01-15 22:27:24,176][flwr][INFO] - fit progress: (8, 0.4852070781263384, {'rmse': 8177.948642538666, 'mae': 4055.198974609375, 'r2': 0.46621497136121515}, 51.681995666993316)
[2026-01-15 22:27:24,176][flwr][DEBUG] - evaluate_round 8: strategy sampled 3 clients (out of 3)
[2026-01-15 22:27:24,262][flwr][DEBUG] - evaluate_round 8 received 3 results and 0 failures
[2026-01-15 22:27:24,262][flwr][DEBUG] - fit_round 9: strategy sampled 3 clients (out of 3)
[2026-01-15 22:27:29,557][flwr][DEBUG] - fit_round 9 received 3 results and 0 failures
[2026-01-15 22:27:29,681][flwr][INFO] - fit progress: (9, 0.5212406459990684, {'rmse': 8476.175552688843, 'mae': 4197.62548828125, 'r2': 0.4265738078244766}, 57.1871234170103)
[2026-01-15 22:27:29,681][flwr][DEBUG] - evaluate_round 9: strategy sampled 3 clients (out of 3)
[2026-01-15 22:27:29,762][flwr][DEBUG] - evaluate_round 9 received 3 results and 0 failures
[2026-01-15 22:27:29,762][flwr][DEBUG] - fit_round 10: strategy sampled 3 clients (out of 3)
[2026-01-15 22:27:35,007][flwr][DEBUG] - fit_round 10 received 3 results and 0 failures
[2026-01-15 22:27:35,134][flwr][INFO] - fit progress: (10, 0.5639334203483345, {'rmse': 8816.470495612175, 'mae': 4241.49755859375, 'r2': 0.37960665889788703}, 62.63948308399995)
[2026-01-15 22:27:35,134][flwr][DEBUG] - evaluate_round 10: strategy sampled 3 clients (out of 3)
[2026-01-15 22:27:35,211][flwr][DEBUG] - evaluate_round 10 received 3 results and 0 failures
[2026-01-15 22:27:35,211][flwr][DEBUG] - fit_round 11: strategy sampled 3 clients (out of 3)
[2026-01-15 22:27:40,633][flwr][DEBUG] - fit_round 11 received 3 results and 0 failures
[2026-01-15 22:27:40,760][flwr][INFO] - fit progress: (11, 0.6104515998571126, {'rmse': 9172.89528992891, 'mae': 4307.49169921875, 'r2': 0.3284312137392864}, 68.26591750001535)
[2026-01-15 22:27:40,760][flwr][DEBUG] - evaluate_round 11: strategy sampled 3 clients (out of 3)
[2026-01-15 22:27:40,838][flwr][DEBUG] - evaluate_round 11 received 3 results and 0 failures
[2026-01-15 22:27:40,838][flwr][DEBUG] - fit_round 12: strategy sampled 3 clients (out of 3)
[2026-01-15 22:27:46,055][flwr][DEBUG] - fit_round 12 received 3 results and 0 failures
[2026-01-15 22:27:46,191][flwr][INFO] - fit progress: (12, 0.6514789399292853, {'rmse': 9476.130011771684, 'mae': 4337.17333984375, 'r2': 0.283296305640939}, 73.69727541701286)
[2026-01-15 22:27:46,192][flwr][DEBUG] - evaluate_round 12: strategy sampled 3 clients (out of 3)
[2026-01-15 22:27:46,273][flwr][DEBUG] - evaluate_round 12 received 3 results and 0 failures
[2026-01-15 22:27:46,273][flwr][DEBUG] - fit_round 13: strategy sampled 3 clients (out of 3)
[2026-01-15 22:27:53,213][flwr][DEBUG] - fit_round 13 received 3 results and 0 failures
[2026-01-15 22:27:53,407][flwr][INFO] - fit progress: (13, 0.68312474026217, {'rmse': 9703.553575881364, 'mae': 4355.7109375, 'r2': 0.2484822245805628}, 80.91265433400986)
[2026-01-15 22:27:53,407][flwr][DEBUG] - evaluate_round 13: strategy sampled 3 clients (out of 3)
[2026-01-15 22:27:53,513][flwr][DEBUG] - evaluate_round 13 received 3 results and 0 failures
[2026-01-15 22:27:53,513][flwr][DEBUG] - fit_round 14: strategy sampled 3 clients (out of 3)
[2026-01-15 22:27:59,224][flwr][DEBUG] - fit_round 14 received 3 results and 0 failures
[2026-01-15 22:27:59,372][flwr][INFO] - fit progress: (14, 0.7028233180115292, {'rmse': 9842.465951173008, 'mae': 4362.0205078125, 'r2': 0.2268113217364499}, 86.87763862501015)
[2026-01-15 22:27:59,372][flwr][DEBUG] - evaluate_round 14: strategy sampled 3 clients (out of 3)
[2026-01-15 22:27:59,458][flwr][DEBUG] - evaluate_round 14 received 3 results and 0 failures
[2026-01-15 22:27:59,458][flwr][DEBUG] - fit_round 15: strategy sampled 3 clients (out of 3)
[2026-01-15 22:28:05,051][flwr][DEBUG] - fit_round 15 received 3 results and 0 failures
[2026-01-15 22:28:05,183][flwr][INFO] - fit progress: (15, 0.722357041917525, {'rmse': 9978.304465188463, 'mae': 4319.52490234375, 'r2': 0.20532210492695746}, 92.68871625000611)
[2026-01-15 22:28:05,183][flwr][DEBUG] - evaluate_round 15: strategy sampled 3 clients (out of 3)
[2026-01-15 22:28:05,263][flwr][DEBUG] - evaluate_round 15 received 3 results and 0 failures
[2026-01-15 22:28:05,264][flwr][DEBUG] - fit_round 16: strategy sampled 3 clients (out of 3)
[2026-01-15 22:28:10,964][flwr][DEBUG] - fit_round 16 received 3 results and 0 failures
[2026-01-15 22:28:11,097][flwr][INFO] - fit progress: (16, 0.7307535464520211, {'rmse': 10036.129931402842, 'mae': 4325.853515625, 'r2': 0.19608491465959554}, 98.60306808399037)
[2026-01-15 22:28:11,097][flwr][DEBUG] - evaluate_round 16: strategy sampled 3 clients (out of 3)
[2026-01-15 22:28:11,180][flwr][DEBUG] - evaluate_round 16 received 3 results and 0 failures
[2026-01-15 22:28:11,180][flwr][DEBUG] - fit_round 17: strategy sampled 3 clients (out of 3)
[2026-01-15 22:28:16,736][flwr][DEBUG] - fit_round 17 received 3 results and 0 failures
[2026-01-15 22:28:16,870][flwr][INFO] - fit progress: (17, 0.7410981500441128, {'rmse': 10106.917235240428, 'mae': 4328.15380859375, 'r2': 0.18470447058253736}, 104.37617775000399)
[2026-01-15 22:28:16,870][flwr][DEBUG] - evaluate_round 17: strategy sampled 3 clients (out of 3)
[2026-01-15 22:28:16,954][flwr][DEBUG] - evaluate_round 17 received 3 results and 0 failures
[2026-01-15 22:28:16,954][flwr][DEBUG] - fit_round 18: strategy sampled 3 clients (out of 3)
[2026-01-15 22:28:22,496][flwr][DEBUG] - fit_round 18 received 3 results and 0 failures
[2026-01-15 22:28:22,654][flwr][INFO] - fit progress: (18, 0.7495856342969595, {'rmse': 10164.626899202942, 'mae': 4313.958984375, 'r2': 0.175367405355222}, 110.1599145840155)
[2026-01-15 22:28:22,654][flwr][DEBUG] - evaluate_round 18: strategy sampled 3 clients (out of 3)
[2026-01-15 22:28:22,734][flwr][DEBUG] - evaluate_round 18 received 3 results and 0 failures
[2026-01-15 22:28:22,734][flwr][DEBUG] - fit_round 19: strategy sampled 3 clients (out of 3)
[2026-01-15 22:28:28,335][flwr][DEBUG] - fit_round 19 received 3 results and 0 failures
[2026-01-15 22:28:28,491][flwr][INFO] - fit progress: (19, 0.7527039940352435, {'rmse': 10185.74768978694, 'mae': 4269.59375, 'r2': 0.1719368379234255}, 115.99695470900042)
[2026-01-15 22:28:28,491][flwr][DEBUG] - evaluate_round 19: strategy sampled 3 clients (out of 3)
[2026-01-15 22:28:28,577][flwr][DEBUG] - evaluate_round 19 received 3 results and 0 failures
[2026-01-15 22:28:28,577][flwr][DEBUG] - fit_round 20: strategy sampled 3 clients (out of 3)
[2026-01-15 22:28:34,271][flwr][DEBUG] - fit_round 20 received 3 results and 0 failures
[2026-01-15 22:28:34,408][flwr][INFO] - fit progress: (20, 0.7510095944066902, {'rmse': 10174.277369916745, 'mae': 4285.40771484375, 'r2': 0.1738008214486385}, 121.91405916700023)
[2026-01-15 22:28:34,408][flwr][DEBUG] - evaluate_round 20: strategy sampled 3 clients (out of 3)
[2026-01-15 22:28:34,497][flwr][DEBUG] - evaluate_round 20 received 3 results and 0 failures
[2026-01-15 22:28:34,497][flwr][DEBUG] - fit_round 21: strategy sampled 3 clients (out of 3)
[2026-01-15 22:28:40,207][flwr][DEBUG] - fit_round 21 received 3 results and 0 failures
[2026-01-15 22:28:40,344][flwr][INFO] - fit progress: (21, 0.7599906179908518, {'rmse': 10234.931558149277, 'mae': 4251.47412109375, 'r2': 0.16392059613439403}, 127.84994524999638)
[2026-01-15 22:28:40,344][flwr][DEBUG] - evaluate_round 21: strategy sampled 3 clients (out of 3)
[2026-01-15 22:28:40,431][flwr][DEBUG] - evaluate_round 21 received 3 results and 0 failures
[2026-01-15 22:28:40,431][flwr][DEBUG] - fit_round 22: strategy sampled 3 clients (out of 3)
[2026-01-15 22:28:45,934][flwr][DEBUG] - fit_round 22 received 3 results and 0 failures
[2026-01-15 22:28:46,071][flwr][INFO] - fit progress: (22, 0.7390913779700959, {'rmse': 10093.22307293364, 'mae': 4181.71337890625, 'r2': 0.1869123224167908}, 133.57702766699367)
[2026-01-15 22:28:46,071][flwr][DEBUG] - evaluate_round 22: strategy sampled 3 clients (out of 3)
[2026-01-15 22:28:46,151][flwr][DEBUG] - evaluate_round 22 received 3 results and 0 failures
[2026-01-15 22:28:46,151][flwr][DEBUG] - fit_round 23: strategy sampled 3 clients (out of 3)
[2026-01-15 22:28:51,817][flwr][DEBUG] - fit_round 23 received 3 results and 0 failures
[2026-01-15 22:28:51,971][flwr][INFO] - fit progress: (23, 0.7593311159848212, {'rmse': 10230.489333360354, 'mae': 4201.15185546875, 'r2': 0.16464622764226045}, 139.47652395899058)
[2026-01-15 22:28:51,971][flwr][DEBUG] - evaluate_round 23: strategy sampled 3 clients (out of 3)
[2026-01-15 22:28:52,056][flwr][DEBUG] - evaluate_round 23 received 3 results and 0 failures
[2026-01-15 22:28:52,056][flwr][DEBUG] - fit_round 24: strategy sampled 3 clients (out of 3)
[2026-01-15 22:28:57,523][flwr][DEBUG] - fit_round 24 received 3 results and 0 failures
[2026-01-15 22:28:57,663][flwr][INFO] - fit progress: (24, 0.7588878080651567, {'rmse': 10227.502138841135, 'mae': 4222.98779296875, 'r2': 0.1651339525449953}, 145.16901137499372)
[2026-01-15 22:28:57,663][flwr][DEBUG] - evaluate_round 24: strategy sampled 3 clients (out of 3)
[2026-01-15 22:28:57,750][flwr][DEBUG] - evaluate_round 24 received 3 results and 0 failures
[2026-01-15 22:28:57,750][flwr][DEBUG] - fit_round 25: strategy sampled 3 clients (out of 3)
[2026-01-15 22:29:03,205][flwr][DEBUG] - fit_round 25 received 3 results and 0 failures
[2026-01-15 22:29:03,338][flwr][INFO] - fit progress: (25, 0.7645614781567046, {'rmse': 10265.663544067671, 'mae': 4217.560546875, 'r2': 0.15889216024106123}, 150.84437733399682)
[2026-01-15 22:29:03,339][flwr][DEBUG] - evaluate_round 25: strategy sampled 3 clients (out of 3)
[2026-01-15 22:29:03,420][flwr][DEBUG] - evaluate_round 25 received 3 results and 0 failures
[2026-01-15 22:29:03,420][flwr][DEBUG] - fit_round 26: strategy sampled 3 clients (out of 3)
[2026-01-15 22:29:08,873][flwr][DEBUG] - fit_round 26 received 3 results and 0 failures
[2026-01-15 22:29:09,006][flwr][INFO] - fit progress: (26, 0.7624125517942049, {'rmse': 10251.226658307776, 'mae': 4189.45263671875, 'r2': 0.16125623850349868}, 156.51190816701273)
[2026-01-15 22:29:09,006][flwr][DEBUG] - evaluate_round 26: strategy sampled 3 clients (out of 3)
[2026-01-15 22:29:09,089][flwr][DEBUG] - evaluate_round 26 received 3 results and 0 failures
[2026-01-15 22:29:09,089][flwr][DEBUG] - fit_round 27: strategy sampled 3 clients (out of 3)
[2026-01-15 22:29:14,512][flwr][DEBUG] - fit_round 27 received 3 results and 0 failures
[2026-01-15 22:29:14,646][flwr][INFO] - fit progress: (27, 0.7557998392376695, {'rmse': 10206.673503154689, 'mae': 4177.48974609375, 'r2': 0.16853094471174845}, 162.1519696250034)
[2026-01-15 22:29:14,646][flwr][DEBUG] - evaluate_round 27: strategy sampled 3 clients (out of 3)
[2026-01-15 22:29:14,730][flwr][DEBUG] - evaluate_round 27 received 3 results and 0 failures
[2026-01-15 22:29:14,730][flwr][DEBUG] - fit_round 28: strategy sampled 3 clients (out of 3)
[2026-01-15 22:29:20,510][flwr][DEBUG] - fit_round 28 received 3 results and 0 failures
[2026-01-15 22:29:20,662][flwr][INFO] - fit progress: (28, 0.7598194553180261, {'rmse': 10233.778187942125, 'mae': 4129.173828125, 'r2': 0.16410902340156708}, 168.16800004200195)
[2026-01-15 22:29:20,662][flwr][DEBUG] - evaluate_round 28: strategy sampled 3 clients (out of 3)
[2026-01-15 22:29:20,759][flwr][DEBUG] - evaluate_round 28 received 3 results and 0 failures
[2026-01-15 22:29:20,759][flwr][DEBUG] - fit_round 29: strategy sampled 3 clients (out of 3)
[2026-01-15 22:29:26,775][flwr][DEBUG] - fit_round 29 received 3 results and 0 failures
[2026-01-15 22:29:26,917][flwr][INFO] - fit progress: (29, 0.7568140013052059, {'rmse': 10213.518101026697, 'mae': 4133.85546875, 'r2': 0.167415434346449}, 174.42318787501426)
[2026-01-15 22:29:26,917][flwr][DEBUG] - evaluate_round 29: strategy sampled 3 clients (out of 3)
[2026-01-15 22:29:27,005][flwr][DEBUG] - evaluate_round 29 received 3 results and 0 failures
[2026-01-15 22:29:27,005][flwr][DEBUG] - fit_round 30: strategy sampled 3 clients (out of 3)
[2026-01-15 22:29:33,344][flwr][DEBUG] - fit_round 30 received 3 results and 0 failures
[2026-01-15 22:29:33,512][flwr][INFO] - fit progress: (30, 0.7559350872481311, {'rmse': 10207.586590374827, 'mae': 4129.88916015625, 'r2': 0.16838217945357403}, 181.01823262500693)
[2026-01-15 22:29:33,513][flwr][DEBUG] - evaluate_round 30: strategy sampled 3 clients (out of 3)
[2026-01-15 22:29:33,607][flwr][DEBUG] - evaluate_round 30 received 3 results and 0 failures
[2026-01-15 22:29:33,608][flwr][DEBUG] - fit_round 31: strategy sampled 3 clients (out of 3)
[2026-01-15 22:29:40,077][flwr][DEBUG] - fit_round 31 received 3 results and 0 failures
[2026-01-15 22:29:40,238][flwr][INFO] - fit progress: (31, 0.7528449201339239, {'rmse': 10186.701526990963, 'mae': 4129.5673828125, 'r2': 0.17178178957471657}, 187.74435716701555)
[2026-01-15 22:29:40,239][flwr][DEBUG] - evaluate_round 31: strategy sampled 3 clients (out of 3)
[2026-01-15 22:29:40,327][flwr][DEBUG] - evaluate_round 31 received 3 results and 0 failures
[2026-01-15 22:29:40,327][flwr][DEBUG] - fit_round 32: strategy sampled 3 clients (out of 3)
[2026-01-15 22:29:45,805][flwr][DEBUG] - fit_round 32 received 3 results and 0 failures
[2026-01-15 22:29:45,934][flwr][INFO] - fit progress: (32, 0.760634845784596, {'rmse': 10239.268333235534, 'mae': 4114.41943359375, 'r2': 0.16321191588119854}, 193.44018850001157)
[2026-01-15 22:29:45,934][flwr][DEBUG] - evaluate_round 32: strategy sampled 3 clients (out of 3)
[2026-01-15 22:29:46,011][flwr][DEBUG] - evaluate_round 32 received 3 results and 0 failures
[2026-01-15 22:29:46,011][flwr][DEBUG] - fit_round 33: strategy sampled 3 clients (out of 3)
[2026-01-15 22:29:51,196][flwr][DEBUG] - fit_round 33 received 3 results and 0 failures
[2026-01-15 22:29:51,322][flwr][INFO] - fit progress: (33, 0.7415695165519839, {'rmse': 10110.13076077654, 'mae': 4078.7646484375, 'r2': 0.18418598471572778}, 198.82842641699244)
[2026-01-15 22:29:51,323][flwr][DEBUG] - evaluate_round 33: strategy sampled 3 clients (out of 3)
[2026-01-15 22:29:51,410][flwr][DEBUG] - evaluate_round 33 received 3 results and 0 failures
[2026-01-15 22:29:51,410][flwr][DEBUG] - fit_round 34: strategy sampled 3 clients (out of 3)
[2026-01-15 22:29:57,391][flwr][DEBUG] - fit_round 34 received 3 results and 0 failures
[2026-01-15 22:29:57,542][flwr][INFO] - fit progress: (34, 0.7566100046620354, {'rmse': 10212.142184674085, 'mae': 4089.3232421875, 'r2': 0.167639727588756}, 205.04763258399907)
[2026-01-15 22:29:57,542][flwr][DEBUG] - evaluate_round 34: strategy sampled 3 clients (out of 3)
[2026-01-15 22:29:57,631][flwr][DEBUG] - evaluate_round 34 received 3 results and 0 failures
[2026-01-15 22:29:57,632][flwr][DEBUG] - fit_round 35: strategy sampled 3 clients (out of 3)
[2026-01-15 22:30:03,355][flwr][DEBUG] - fit_round 35 received 3 results and 0 failures
[2026-01-15 22:30:03,481][flwr][INFO] - fit progress: (35, 0.7486527899393925, {'rmse': 10158.299857751788, 'mae': 4084.07958984375, 'r2': 0.17639364347584496}, 210.98686320899287)
[2026-01-15 22:30:03,481][flwr][DEBUG] - evaluate_round 35: strategy sampled 3 clients (out of 3)
[2026-01-15 22:30:03,556][flwr][DEBUG] - evaluate_round 35 received 3 results and 0 failures
[2026-01-15 22:30:03,556][flwr][DEBUG] - fit_round 36: strategy sampled 3 clients (out of 3)
[2026-01-15 22:30:08,977][flwr][DEBUG] - fit_round 36 received 3 results and 0 failures
[2026-01-15 22:30:09,126][flwr][INFO] - fit progress: (36, 0.7560614390117867, {'rmse': 10208.43964570492, 'mae': 4081.40234375, 'r2': 0.1682432315243596}, 216.6321853339905)
[2026-01-15 22:30:09,127][flwr][DEBUG] - evaluate_round 36: strategy sampled 3 clients (out of 3)
[2026-01-15 22:30:09,213][flwr][DEBUG] - evaluate_round 36 received 3 results and 0 failures
[2026-01-15 22:30:09,213][flwr][DEBUG] - fit_round 37: strategy sampled 3 clients (out of 3)
[2026-01-15 22:30:15,325][flwr][DEBUG] - fit_round 37 received 3 results and 0 failures
[2026-01-15 22:30:15,475][flwr][INFO] - fit progress: (37, 0.7689422059047211, {'rmse': 10295.031422972928, 'mae': 4022.818115234375, 'r2': 0.15407283345457734}, 222.9809639590094)
[2026-01-15 22:30:15,476][flwr][DEBUG] - evaluate_round 37: strategy sampled 3 clients (out of 3)
[2026-01-15 22:30:15,570][flwr][DEBUG] - evaluate_round 37 received 3 results and 0 failures
[2026-01-15 22:30:15,571][flwr][DEBUG] - fit_round 38: strategy sampled 3 clients (out of 3)
[2026-01-15 22:30:21,248][flwr][DEBUG] - fit_round 38 received 3 results and 0 failures
[2026-01-15 22:30:21,384][flwr][INFO] - fit progress: (38, 0.7490962525686106, {'rmse': 10161.308183496847, 'mae': 4095.940673828125, 'r2': 0.17590578767539067}, 228.88977616699412)
[2026-01-15 22:30:21,384][flwr][DEBUG] - evaluate_round 38: strategy sampled 3 clients (out of 3)
[2026-01-15 22:30:21,473][flwr][DEBUG] - evaluate_round 38 received 3 results and 0 failures
[2026-01-15 22:30:21,473][flwr][DEBUG] - fit_round 39: strategy sampled 3 clients (out of 3)
[2026-01-15 22:30:27,120][flwr][DEBUG] - fit_round 39 received 3 results and 0 failures
[2026-01-15 22:30:27,271][flwr][INFO] - fit progress: (39, 0.7552826706622098, {'rmse': 10203.18028851789, 'mae': 4064.732421875, 'r2': 0.1691000225471322}, 234.7770926670055)
[2026-01-15 22:30:27,275][flwr][DEBUG] - evaluate_round 39: strategy sampled 3 clients (out of 3)
[2026-01-15 22:30:27,485][flwr][DEBUG] - evaluate_round 39 received 3 results and 0 failures
[2026-01-15 22:30:27,485][flwr][DEBUG] - fit_round 40: strategy sampled 3 clients (out of 3)
[2026-01-15 22:30:33,274][flwr][DEBUG] - fit_round 40 received 3 results and 0 failures
[2026-01-15 22:30:33,425][flwr][INFO] - fit progress: (40, 0.7496609502696657, {'rmse': 10165.13728387374, 'mae': 4071.06103515625, 'r2': 0.17528454709879926}, 240.93123654200463)
[2026-01-15 22:30:33,426][flwr][DEBUG] - evaluate_round 40: strategy sampled 3 clients (out of 3)
[2026-01-15 22:30:33,515][flwr][DEBUG] - evaluate_round 40 received 3 results and 0 failures
[2026-01-15 22:30:33,515][flwr][DEBUG] - fit_round 41: strategy sampled 3 clients (out of 3)
[2026-01-15 22:30:39,333][flwr][DEBUG] - fit_round 41 received 3 results and 0 failures
[2026-01-15 22:30:39,478][flwr][INFO] - fit progress: (41, 0.757398197138393, {'rmse': 10217.4595668395, 'mae': 4042.24169921875, 'r2': 0.166772726543865}, 246.98357599999872)
[2026-01-15 22:30:39,478][flwr][DEBUG] - evaluate_round 41: strategy sampled 3 clients (out of 3)
[2026-01-15 22:30:39,562][flwr][DEBUG] - evaluate_round 41 received 3 results and 0 failures
[2026-01-15 22:30:39,563][flwr][DEBUG] - fit_round 42: strategy sampled 3 clients (out of 3)
[2026-01-15 22:30:45,017][flwr][DEBUG] - fit_round 42 received 3 results and 0 failures
[2026-01-15 22:30:45,176][flwr][INFO] - fit progress: (42, 0.7519638664252288, {'rmse': 10180.739069438918, 'mae': 4088.480712890625, 'r2': 0.17275102173851153}, 252.6818640420097)
[2026-01-15 22:30:45,177][flwr][DEBUG] - evaluate_round 42: strategy sampled 3 clients (out of 3)
[2026-01-15 22:30:45,260][flwr][DEBUG] - evaluate_round 42 received 3 results and 0 failures
[2026-01-15 22:30:45,260][flwr][DEBUG] - fit_round 43: strategy sampled 3 clients (out of 3)
[2026-01-15 22:30:50,613][flwr][DEBUG] - fit_round 43 received 3 results and 0 failures
[2026-01-15 22:30:50,746][flwr][INFO] - fit progress: (43, 0.7516310660241244, {'rmse': 10178.485938488102, 'mae': 4046.08154296875, 'r2': 0.17311714265986133}, 258.25209683401044)
[2026-01-15 22:30:50,746][flwr][DEBUG] - evaluate_round 43: strategy sampled 3 clients (out of 3)
[2026-01-15 22:30:50,827][flwr][DEBUG] - evaluate_round 43 received 3 results and 0 failures
[2026-01-15 22:30:50,827][flwr][DEBUG] - fit_round 44: strategy sampled 3 clients (out of 3)
[2026-01-15 22:30:56,285][flwr][DEBUG] - fit_round 44 received 3 results and 0 failures
[2026-01-15 22:30:56,424][flwr][INFO] - fit progress: (44, 0.7472623404380199, {'rmse': 10148.862399303678, 'mae': 4066.89599609375, 'r2': 0.17792324877667898}, 263.92958604200976)
[2026-01-15 22:30:56,424][flwr][DEBUG] - evaluate_round 44: strategy sampled 3 clients (out of 3)
[2026-01-15 22:30:56,510][flwr][DEBUG] - evaluate_round 44 received 3 results and 0 failures
[2026-01-15 22:30:56,511][flwr][DEBUG] - fit_round 45: strategy sampled 3 clients (out of 3)
[2026-01-15 22:31:01,957][flwr][DEBUG] - fit_round 45 received 3 results and 0 failures
[2026-01-15 22:31:02,111][flwr][INFO] - fit progress: (45, 0.7451704475167278, {'rmse': 10134.646713132135, 'mae': 4065.859375, 'r2': 0.18022462703149167}, 269.61706387499)
[2026-01-15 22:31:02,111][flwr][DEBUG] - evaluate_round 45: strategy sampled 3 clients (out of 3)
[2026-01-15 22:31:02,197][flwr][DEBUG] - evaluate_round 45 received 3 results and 0 failures
[2026-01-15 22:31:02,198][flwr][DEBUG] - fit_round 46: strategy sampled 3 clients (out of 3)
[2026-01-15 22:31:07,843][flwr][DEBUG] - fit_round 46 received 3 results and 0 failures
[2026-01-15 22:31:07,977][flwr][INFO] - fit progress: (46, 0.7514528479870852, {'rmse': 10177.279007671943, 'mae': 4039.65966796875, 'r2': 0.1733132274436232}, 275.4826767919876)
[2026-01-15 22:31:07,977][flwr][DEBUG] - evaluate_round 46: strategy sampled 3 clients (out of 3)
[2026-01-15 22:31:08,057][flwr][DEBUG] - evaluate_round 46 received 3 results and 0 failures
[2026-01-15 22:31:08,057][flwr][DEBUG] - fit_round 47: strategy sampled 3 clients (out of 3)
[2026-01-15 22:31:13,502][flwr][DEBUG] - fit_round 47 received 3 results and 0 failures
[2026-01-15 22:31:13,656][flwr][INFO] - fit progress: (47, 0.743790320015407, {'rmse': 10125.257922640785, 'mae': 4068.040771484375, 'r2': 0.18174284423073206}, 281.1616597090033)
[2026-01-15 22:31:13,656][flwr][DEBUG] - evaluate_round 47: strategy sampled 3 clients (out of 3)
[2026-01-15 22:31:13,745][flwr][DEBUG] - evaluate_round 47 received 3 results and 0 failures
[2026-01-15 22:31:13,745][flwr][DEBUG] - fit_round 48: strategy sampled 3 clients (out of 3)
[2026-01-15 22:31:19,203][flwr][DEBUG] - fit_round 48 received 3 results and 0 failures
[2026-01-15 22:31:19,335][flwr][INFO] - fit progress: (48, 0.7466598449795095, {'rmse': 10144.76968688792, 'mae': 4078.54736328125, 'r2': 0.17858618027692064}, 286.84061004201067)
[2026-01-15 22:31:19,335][flwr][DEBUG] - evaluate_round 48: strategy sampled 3 clients (out of 3)
[2026-01-15 22:31:19,414][flwr][DEBUG] - evaluate_round 48 received 3 results and 0 failures
[2026-01-15 22:31:19,414][flwr][DEBUG] - fit_round 49: strategy sampled 3 clients (out of 3)
[2026-01-15 22:31:25,218][flwr][DEBUG] - fit_round 49 received 3 results and 0 failures
[2026-01-15 22:31:25,364][flwr][INFO] - fit progress: (49, 0.7476652070835188, {'rmse': 10151.597312738522, 'mae': 4060.337646484375, 'r2': 0.17748015999628253}, 292.87038858400774)
[2026-01-15 22:31:25,365][flwr][DEBUG] - evaluate_round 49: strategy sampled 3 clients (out of 3)
[2026-01-15 22:31:25,447][flwr][DEBUG] - evaluate_round 49 received 3 results and 0 failures
[2026-01-15 22:31:25,447][flwr][DEBUG] - fit_round 50: strategy sampled 3 clients (out of 3)
[2026-01-15 22:31:30,882][flwr][DEBUG] - fit_round 50 received 3 results and 0 failures
[2026-01-15 22:31:31,016][flwr][INFO] - fit progress: (50, 0.7450812711222871, {'rmse': 10134.040457783854, 'mae': 4074.426025390625, 'r2': 0.18032273487223238}, 298.5222120840044)
[2026-01-15 22:31:31,017][flwr][DEBUG] - evaluate_round 50: strategy sampled 3 clients (out of 3)
[2026-01-15 22:31:31,097][flwr][DEBUG] - evaluate_round 50 received 3 results and 0 failures
[2026-01-15 22:31:31,097][flwr][INFO] - FL finished in 298.6031171249924
[2026-01-15 22:31:31,098][flwr][INFO] - app_fit: losses_distributed [(1, 0.15849849970813523), (2, 0.16388152467667758), (3, 0.18206491860860816), (4, 0.19886677792443871), (5, 0.2175223763603479), (6, 0.2473849019210676), (7, 0.27217044489455094), (8, 0.3081493818156086), (9, 0.3523345808806586), (10, 0.36929420512863304), (11, 0.39689139413619917), (12, 0.417908304808387), (13, 0.4384520453830074), (14, 0.44811888751245127), (15, 0.44487811213751643), (16, 0.4576537667122929), (17, 0.46593602118664745), (18, 0.47158433557832286), (19, 0.4712810323652855), (20, 0.4807254114271602), (21, 0.47741990002610407), (22, 0.4609273207550449), (23, 0.47219780932753663), (24, 0.48317705940096956), (25, 0.48406350148791005), (26, 0.47980841307622846), (27, 0.4810764574843887), (28, 0.47345746591430427), (29, 0.4743498367417382), (30, 0.4772626579453907), (31, 0.48119950070438816), (32, 0.4769773486589577), (33, 0.4677988688868904), (34, 0.4731341794530772), (35, 0.47239442180848373), (36, 0.4738123064002373), (37, 0.461282259055215), (38, 0.4730153814322621), (39, 0.4695541754886798), (40, 0.4710906530632583), (41, 0.46603647231840306), (42, 0.4728870152176387), (43, 0.4646295777596057), (44, 0.4678923566931814), (45, 0.4658302624252785), (46, 0.46361464867497765), (47, 0.4663301874376655), (48, 0.4679743374442643), (49, 0.46429834218324056), (50, 0.46726893540834175)]
[2026-01-15 22:31:31,098][flwr][INFO] - app_fit: metrics_distributed_fit {}
[2026-01-15 22:31:31,098][flwr][INFO] - app_fit: metrics_distributed {}
[2026-01-15 22:31:31,098][flwr][INFO] - app_fit: losses_centralized [(0, 1.4145967275411397), (1, 0.2133473836713367), (2, 0.2442681256148431), (3, 0.2603948524853847), (4, 0.2950977783900004), (5, 0.3350594803854987), (6, 0.3763497693760617), (7, 0.4238688595839091), (8, 0.4852070781263384), (9, 0.5212406459990684), (10, 0.5639334203483345), (11, 0.6104515998571126), (12, 0.6514789399292853), (13, 0.68312474026217), (14, 0.7028233180115292), (15, 0.722357041917525), (16, 0.7307535464520211), (17, 0.7410981500441128), (18, 0.7495856342969595), (19, 0.7527039940352435), (20, 0.7510095944066902), (21, 0.7599906179908518), (22, 0.7390913779700959), (23, 0.7593311159848212), (24, 0.7588878080651567), (25, 0.7645614781567046), (26, 0.7624125517942049), (27, 0.7557998392376695), (28, 0.7598194553180261), (29, 0.7568140013052059), (30, 0.7559350872481311), (31, 0.7528449201339239), (32, 0.760634845784596), (33, 0.7415695165519839), (34, 0.7566100046620354), (35, 0.7486527899393925), (36, 0.7560614390117867), (37, 0.7689422059047211), (38, 0.7490962525686106), (39, 0.7552826706622098), (40, 0.7496609502696657), (41, 0.757398197138393), (42, 0.7519638664252288), (43, 0.7516310660241244), (44, 0.7472623404380199), (45, 0.7451704475167278), (46, 0.7514528479870852), (47, 0.743790320015407), (48, 0.7466598449795095), (49, 0.7476652070835188), (50, 0.7450812711222871)]
[2026-01-15 22:31:31,099][flwr][INFO] - app_fit: metrics_centralized {'rmse': [(0, 13963.591515079492), (1, 5422.811263542186), (2, 5802.487052979955), (3, 5990.96820221907), (4, 6377.695822160226), (5, 6795.818714474364), (6, 7202.39015882922), (7, 7643.575603080014), (8, 8177.948642538666), (9, 8476.175552688843), (10, 8816.470495612175), (11, 9172.89528992891), (12, 9476.130011771684), (13, 9703.553575881364), (14, 9842.465951173008), (15, 9978.304465188463), (16, 10036.129931402842), (17, 10106.917235240428), (18, 10164.626899202942), (19, 10185.74768978694), (20, 10174.277369916745), (21, 10234.931558149277), (22, 10093.22307293364), (23, 10230.489333360354), (24, 10227.502138841135), (25, 10265.663544067671), (26, 10251.226658307776), (27, 10206.673503154689), (28, 10233.778187942125), (29, 10213.518101026697), (30, 10207.586590374827), (31, 10186.701526990963), (32, 10239.268333235534), (33, 10110.13076077654), (34, 10212.142184674085), (35, 10158.299857751788), (36, 10208.43964570492), (37, 10295.031422972928), (38, 10161.308183496847), (39, 10203.18028851789), (40, 10165.13728387374), (41, 10217.4595668395), (42, 10180.739069438918), (43, 10178.485938488102), (44, 10148.862399303678), (45, 10134.646713132135), (46, 10177.279007671943), (47, 10125.257922640785), (48, 10144.76968688792), (49, 10151.597312738522), (50, 10134.040457783854)], 'mae': [(0, 10300.927734375), (1, 3383.716064453125), (2, 3409.24853515625), (3, 3467.531005859375), (4, 3574.01953125), (5, 3672.066650390625), (6, 3800.232421875), (7, 3902.254150390625), (8, 4055.198974609375), (9, 4197.62548828125), (10, 4241.49755859375), (11, 4307.49169921875), (12, 4337.17333984375), (13, 4355.7109375), (14, 4362.0205078125), (15, 4319.52490234375), (16, 4325.853515625), (17, 4328.15380859375), (18, 4313.958984375), (19, 4269.59375), (20, 4285.40771484375), (21, 4251.47412109375), (22, 4181.71337890625), (23, 4201.15185546875), (24, 4222.98779296875), (25, 4217.560546875), (26, 4189.45263671875), (27, 4177.48974609375), (28, 4129.173828125), (29, 4133.85546875), (30, 4129.88916015625), (31, 4129.5673828125), (32, 4114.41943359375), (33, 4078.7646484375), (34, 4089.3232421875), (35, 4084.07958984375), (36, 4081.40234375), (37, 4022.818115234375), (38, 4095.940673828125), (39, 4064.732421875), (40, 4071.06103515625), (41, 4042.24169921875), (42, 4088.480712890625), (43, 4046.08154296875), (44, 4066.89599609375), (45, 4065.859375), (46, 4039.65966796875), (47, 4068.040771484375), (48, 4078.54736328125), (49, 4060.337646484375), (50, 4074.426025390625)], 'r2': [(0, -0.5562232211899847), (1, 0.7652926987542792), (2, 0.7312762756719062), (3, 0.7135349550906287), (4, 0.675357620750692), (5, 0.6313950326278928), (6, 0.5859708405695229), (7, 0.5336942510703343), (8, 0.46621497136121515), (9, 0.4265738078244766), (10, 0.37960665889788703), (11, 0.3284312137392864), (12, 0.283296305640939), (13, 0.2484822245805628), (14, 0.2268113217364499), (15, 0.20532210492695746), (16, 0.19608491465959554), (17, 0.18470447058253736), (18, 0.175367405355222), (19, 0.1719368379234255), (20, 0.1738008214486385), (21, 0.16392059613439403), (22, 0.1869123224167908), (23, 0.16464622764226045), (24, 0.1651339525449953), (25, 0.15889216024106123), (26, 0.16125623850349868), (27, 0.16853094471174845), (28, 0.16410902340156708), (29, 0.167415434346449), (30, 0.16838217945357403), (31, 0.17178178957471657), (32, 0.16321191588119854), (33, 0.18418598471572778), (34, 0.167639727588756), (35, 0.17639364347584496), (36, 0.1682432315243596), (37, 0.15407283345457734), (38, 0.17590578767539067), (39, 0.1691000225471322), (40, 0.17528454709879926), (41, 0.166772726543865), (42, 0.17275102173851153), (43, 0.17311714265986133), (44, 0.17792324877667898), (45, 0.18022462703149167), (46, 0.1733132274436232), (47, 0.18174284423073206), (48, 0.17858618027692064), (49, 0.17748015999628253), (50, 0.18032273487223238)]}
[2026-01-15 22:31:31,446][flwr][INFO] - Starting Flower simulation, config: ServerConfig(num_rounds=50, round_timeout=None)
[2026-01-15 22:31:38,805][flwr][INFO] - Flower VCE: Ray initialized with resources: {'node:127.0.0.1': 1.0, 'object_store_memory': 2147483648.0, 'CPU': 10.0, 'memory': 12164201268.0}
[2026-01-15 22:31:38,806][flwr][INFO] - Initializing global parameters
[2026-01-15 22:31:38,806][flwr][INFO] - Using initial parameters provided by strategy
[2026-01-15 22:31:38,806][flwr][INFO] - Evaluating initial parameters
[2026-01-15 22:31:39,032][flwr][INFO] - initial parameters (loss, other metrics): 1.4145967275411397, {'rmse': 13963.591515079492, 'mae': 10300.927734375, 'r2': -0.5562232211899847}
[2026-01-15 22:31:39,033][flwr][INFO] - FL starting
[2026-01-15 22:31:39,033][flwr][DEBUG] - fit_round 1: strategy sampled 3 clients (out of 3)
[2026-01-15 22:32:01,563][flwr][DEBUG] - fit_round 1 received 3 results and 0 failures
[2026-01-15 22:32:01,565][flwr][WARNING] - No fit_metrics_aggregation_fn provided
[2026-01-15 22:32:01,705][flwr][INFO] - fit progress: (1, 0.28975870250700947, {'rmse': 6319.737652782748, 'mae': 3853.847900390625, 'r2': 0.6812312632186244}, 22.672321791003924)
[2026-01-15 22:32:01,706][flwr][DEBUG] - evaluate_round 1: strategy sampled 3 clients (out of 3)
[2026-01-15 22:32:01,861][flwr][DEBUG] - evaluate_round 1 received 3 results and 0 failures
[2026-01-15 22:32:01,861][flwr][WARNING] - No evaluate_metrics_aggregation_fn provided
[2026-01-15 22:32:01,861][flwr][DEBUG] - fit_round 2: strategy sampled 3 clients (out of 3)
[2026-01-15 22:32:19,281][flwr][DEBUG] - fit_round 2 received 3 results and 0 failures
[2026-01-15 22:32:19,487][flwr][INFO] - fit progress: (2, 0.5851953843304584, {'rmse': 8981.135340256264, 'mae': 4551.07080078125, 'r2': 0.3562160872642737}, 40.45410612502019)
[2026-01-15 22:32:19,487][flwr][DEBUG] - evaluate_round 2: strategy sampled 3 clients (out of 3)
[2026-01-15 22:32:19,595][flwr][DEBUG] - evaluate_round 2 received 3 results and 0 failures
[2026-01-15 22:32:19,596][flwr][DEBUG] - fit_round 3: strategy sampled 3 clients (out of 3)
[2026-01-15 22:32:37,681][flwr][DEBUG] - fit_round 3 received 3 results and 0 failures
[2026-01-15 22:32:37,834][flwr][INFO] - fit progress: (3, 0.8699781975976459, {'rmse': 10950.52619740257, 'mae': 5252.38525390625, 'r2': 0.0429214276621569}, 58.80089016602142)
[2026-01-15 22:32:37,834][flwr][DEBUG] - evaluate_round 3: strategy sampled 3 clients (out of 3)
[2026-01-15 22:32:38,029][flwr][DEBUG] - evaluate_round 3 received 3 results and 0 failures
[2026-01-15 22:32:38,029][flwr][DEBUG] - fit_round 4: strategy sampled 3 clients (out of 3)
[2026-01-15 22:32:55,334][flwr][DEBUG] - fit_round 4 received 3 results and 0 failures
[2026-01-15 22:32:55,470][flwr][INFO] - fit progress: (4, 0.9805831506445601, {'rmse': 11625.805090401267, 'mae': 5533.70458984375, 'r2': -0.07875716542297462}, 76.43720641601249)
[2026-01-15 22:32:55,470][flwr][DEBUG] - evaluate_round 4: strategy sampled 3 clients (out of 3)
[2026-01-15 22:32:55,568][flwr][DEBUG] - evaluate_round 4 received 3 results and 0 failures
[2026-01-15 22:32:55,569][flwr][DEBUG] - fit_round 5: strategy sampled 3 clients (out of 3)
[2026-01-15 22:33:12,805][flwr][DEBUG] - fit_round 5 received 3 results and 0 failures
[2026-01-15 22:33:13,253][flwr][INFO] - fit progress: (5, 1.0048552857146964, {'rmse': 11768.8109849721, 'mae': 5471.57177734375, 'r2': -0.10545938391024867}, 94.2197674580093)
[2026-01-15 22:33:13,253][flwr][DEBUG] - evaluate_round 5: strategy sampled 3 clients (out of 3)
[2026-01-15 22:33:13,477][flwr][DEBUG] - evaluate_round 5 received 3 results and 0 failures
[2026-01-15 22:33:13,477][flwr][DEBUG] - fit_round 6: strategy sampled 3 clients (out of 3)
[2026-01-15 22:33:31,547][flwr][DEBUG] - fit_round 6 received 3 results and 0 failures
[2026-01-15 22:33:31,681][flwr][INFO] - fit progress: (6, 0.9990203115675185, {'rmse': 11734.59091745426, 'mae': 5445.744140625, 'r2': -0.09904015974757674}, 112.64756775001297)
[2026-01-15 22:33:31,681][flwr][DEBUG] - evaluate_round 6: strategy sampled 3 clients (out of 3)
[2026-01-15 22:33:31,881][flwr][DEBUG] - evaluate_round 6 received 3 results and 0 failures
[2026-01-15 22:33:31,881][flwr][DEBUG] - fit_round 7: strategy sampled 3 clients (out of 3)
[2026-01-15 22:33:49,523][flwr][DEBUG] - fit_round 7 received 3 results and 0 failures
[2026-01-15 22:33:49,682][flwr][INFO] - fit progress: (7, 0.9996228378575605, {'rmse': 11738.129322852088, 'mae': 5330.556640625, 'r2': -0.09970302579895884}, 130.64943841600325)
[2026-01-15 22:33:49,683][flwr][DEBUG] - evaluate_round 7: strategy sampled 3 clients (out of 3)
[2026-01-15 22:33:49,789][flwr][DEBUG] - evaluate_round 7 received 3 results and 0 failures
[2026-01-15 22:33:49,789][flwr][DEBUG] - fit_round 8: strategy sampled 3 clients (out of 3)
[2026-01-15 22:34:07,157][flwr][DEBUG] - fit_round 8 received 3 results and 0 failures
[2026-01-15 22:34:07,300][flwr][INFO] - fit progress: (8, 0.9894820481866926, {'rmse': 11678.438936775754, 'mae': 5348.953125, 'r2': -0.08854713675964665}, 148.26663487500628)
[2026-01-15 22:34:07,300][flwr][DEBUG] - evaluate_round 8: strategy sampled 3 clients (out of 3)
[2026-01-15 22:34:07,389][flwr][DEBUG] - evaluate_round 8 received 3 results and 0 failures
[2026-01-15 22:34:07,389][flwr][DEBUG] - fit_round 9: strategy sampled 3 clients (out of 3)
[2026-01-15 22:34:24,762][flwr][DEBUG] - fit_round 9 received 3 results and 0 failures
[2026-01-15 22:34:24,916][flwr][INFO] - fit progress: (9, 0.9874792385387707, {'rmse': 11666.612876066472, 'mae': 5246.57568359375, 'r2': -0.08634360455013557}, 165.88310041601653)
[2026-01-15 22:34:24,917][flwr][DEBUG] - evaluate_round 9: strategy sampled 3 clients (out of 3)
[2026-01-15 22:34:25,015][flwr][DEBUG] - evaluate_round 9 received 3 results and 0 failures
[2026-01-15 22:34:25,015][flwr][DEBUG] - fit_round 10: strategy sampled 3 clients (out of 3)
[2026-01-15 22:34:42,752][flwr][DEBUG] - fit_round 10 received 3 results and 0 failures
[2026-01-15 22:34:42,888][flwr][INFO] - fit progress: (10, 0.9878589258985119, {'rmse': 11668.855642264154, 'mae': 5186.66552734375, 'r2': -0.08676129917295539}, 183.8546641250141)
[2026-01-15 22:34:42,888][flwr][DEBUG] - evaluate_round 10: strategy sampled 3 clients (out of 3)
[2026-01-15 22:34:42,999][flwr][DEBUG] - evaluate_round 10 received 3 results and 0 failures
[2026-01-15 22:34:42,999][flwr][DEBUG] - fit_round 11: strategy sampled 3 clients (out of 3)
[2026-01-15 22:35:00,431][flwr][DEBUG] - fit_round 11 received 3 results and 0 failures
[2026-01-15 22:35:00,580][flwr][INFO] - fit progress: (11, 0.9789573311567068, {'rmse': 11616.16322199374, 'mae': 5194.5380859375, 'r2': -0.07696857898417475}, 201.54669420802384)
[2026-01-15 22:35:00,580][flwr][DEBUG] - evaluate_round 11: strategy sampled 3 clients (out of 3)
[2026-01-15 22:35:00,675][flwr][DEBUG] - evaluate_round 11 received 3 results and 0 failures
[2026-01-15 22:35:00,675][flwr][DEBUG] - fit_round 12: strategy sampled 3 clients (out of 3)
[2026-01-15 22:35:17,936][flwr][DEBUG] - fit_round 12 received 3 results and 0 failures
[2026-01-15 22:35:18,101][flwr][INFO] - fit progress: (12, 0.9611743500939122, {'rmse': 11510.173934393868, 'mae': 5189.41455078125, 'r2': -0.05740512942348386}, 219.06814816599945)
[2026-01-15 22:35:18,101][flwr][DEBUG] - evaluate_round 12: strategy sampled 3 clients (out of 3)
[2026-01-15 22:35:18,204][flwr][DEBUG] - evaluate_round 12 received 3 results and 0 failures
[2026-01-15 22:35:18,205][flwr][DEBUG] - fit_round 13: strategy sampled 3 clients (out of 3)
[2026-01-15 22:35:35,362][flwr][DEBUG] - fit_round 13 received 3 results and 0 failures
[2026-01-15 22:35:35,517][flwr][INFO] - fit progress: (13, 0.9399970403245023, {'rmse': 11382.667877084, 'mae': 5043.93359375, 'r2': -0.034107691517271554}, 236.4844132080034)
[2026-01-15 22:35:35,518][flwr][DEBUG] - evaluate_round 13: strategy sampled 3 clients (out of 3)
[2026-01-15 22:35:35,648][flwr][DEBUG] - evaluate_round 13 received 3 results and 0 failures
[2026-01-15 22:35:35,648][flwr][DEBUG] - fit_round 14: strategy sampled 3 clients (out of 3)
[2026-01-15 22:35:52,682][flwr][DEBUG] - fit_round 14 received 3 results and 0 failures
[2026-01-15 22:35:52,828][flwr][INFO] - fit progress: (14, 0.9399871397782136, {'rmse': 11382.607785564782, 'mae': 5058.31396484375, 'r2': -0.03409676155769592}, 253.79463612500695)
[2026-01-15 22:35:52,828][flwr][DEBUG] - evaluate_round 14: strategy sampled 3 clients (out of 3)
[2026-01-15 22:35:52,964][flwr][DEBUG] - evaluate_round 14 received 3 results and 0 failures
[2026-01-15 22:35:52,964][flwr][DEBUG] - fit_round 15: strategy sampled 3 clients (out of 3)
[2026-01-15 22:36:10,444][flwr][DEBUG] - fit_round 15 received 3 results and 0 failures
[2026-01-15 22:36:10,604][flwr][INFO] - fit progress: (15, 0.9390453349302958, {'rmse': 11376.90362093307, 'mae': 4962.2001953125, 'r2': -0.03306057521039363}, 271.570703083009)
[2026-01-15 22:36:10,604][flwr][DEBUG] - evaluate_round 15: strategy sampled 3 clients (out of 3)
[2026-01-15 22:36:10,702][flwr][DEBUG] - evaluate_round 15 received 3 results and 0 failures
[2026-01-15 22:36:10,703][flwr][DEBUG] - fit_round 16: strategy sampled 3 clients (out of 3)
[2026-01-15 22:36:28,554][flwr][DEBUG] - fit_round 16 received 3 results and 0 failures
[2026-01-15 22:36:28,708][flwr][INFO] - fit progress: (16, 0.9401752635523364, {'rmse': 11383.74665916279, 'mae': 4993.5693359375, 'r2': -0.03430371085217354}, 289.67447450000327)
[2026-01-15 22:36:28,708][flwr][DEBUG] - evaluate_round 16: strategy sampled 3 clients (out of 3)
[2026-01-15 22:36:28,821][flwr][DEBUG] - evaluate_round 16 received 3 results and 0 failures
[2026-01-15 22:36:28,821][flwr][DEBUG] - fit_round 17: strategy sampled 3 clients (out of 3)
[2026-01-15 22:36:46,524][flwr][DEBUG] - fit_round 17 received 3 results and 0 failures
[2026-01-15 22:36:46,677][flwr][INFO] - fit progress: (17, 0.8922662853717327, {'rmse': 11089.911090716643, 'mae': 4980.73681640625, 'r2': 0.018401797749279192}, 307.6437695409986)
[2026-01-15 22:36:46,677][flwr][DEBUG] - evaluate_round 17: strategy sampled 3 clients (out of 3)
[2026-01-15 22:36:46,810][flwr][DEBUG] - evaluate_round 17 received 3 results and 0 failures
[2026-01-15 22:36:46,810][flwr][DEBUG] - fit_round 18: strategy sampled 3 clients (out of 3)
[2026-01-15 22:37:04,625][flwr][DEBUG] - fit_round 18 received 3 results and 0 failures
[2026-01-15 22:37:04,790][flwr][INFO] - fit progress: (18, 0.9032273446773743, {'rmse': 11157.820217228811, 'mae': 4896.07470703125, 'r2': 0.00634336893424059}, 325.75708437501453)
[2026-01-15 22:37:04,790][flwr][DEBUG] - evaluate_round 18: strategy sampled 3 clients (out of 3)
[2026-01-15 22:37:04,912][flwr][DEBUG] - evaluate_round 18 received 3 results and 0 failures
[2026-01-15 22:37:04,912][flwr][DEBUG] - fit_round 19: strategy sampled 3 clients (out of 3)
[2026-01-15 22:37:21,982][flwr][DEBUG] - fit_round 19 received 3 results and 0 failures
[2026-01-15 22:37:22,108][flwr][INFO] - fit progress: (19, 0.8802737883917682, {'rmse': 11015.131774064257, 'mae': 4866.71728515625, 'r2': 0.03159497889437901}, 343.075336333015)
[2026-01-15 22:37:22,109][flwr][DEBUG] - evaluate_round 19: strategy sampled 3 clients (out of 3)
[2026-01-15 22:37:22,190][flwr][DEBUG] - evaluate_round 19 received 3 results and 0 failures
[2026-01-15 22:37:22,190][flwr][DEBUG] - fit_round 20: strategy sampled 3 clients (out of 3)
[2026-01-15 22:37:38,384][flwr][DEBUG] - fit_round 20 received 3 results and 0 failures
[2026-01-15 22:37:38,518][flwr][INFO] - fit progress: (20, 0.901836024658816, {'rmse': 11149.222753178807, 'mae': 4895.7626953125, 'r2': 0.007874021416830357}, 359.48476550000487)
[2026-01-15 22:37:38,518][flwr][DEBUG] - evaluate_round 20: strategy sampled 3 clients (out of 3)
[2026-01-15 22:37:38,607][flwr][DEBUG] - evaluate_round 20 received 3 results and 0 failures
[2026-01-15 22:37:38,607][flwr][DEBUG] - fit_round 21: strategy sampled 3 clients (out of 3)
[2026-01-15 22:37:56,086][flwr][DEBUG] - fit_round 21 received 3 results and 0 failures
[2026-01-15 22:37:56,252][flwr][INFO] - fit progress: (21, 0.8772696367016545, {'rmse': 10996.319384230343, 'mae': 4793.97509765625, 'r2': 0.03490001541320642}, 377.2193120410084)
[2026-01-15 22:37:56,253][flwr][DEBUG] - evaluate_round 21: strategy sampled 3 clients (out of 3)
[2026-01-15 22:37:56,406][flwr][DEBUG] - evaluate_round 21 received 3 results and 0 failures
[2026-01-15 22:37:56,407][flwr][DEBUG] - fit_round 22: strategy sampled 3 clients (out of 3)
[2026-01-15 22:38:13,266][flwr][DEBUG] - fit_round 22 received 3 results and 0 failures
[2026-01-15 22:38:13,392][flwr][INFO] - fit progress: (22, 0.8689608636561099, {'rmse': 10944.122075342544, 'mae': 4822.59912109375, 'r2': 0.04404053771474181}, 394.35919883300085)
[2026-01-15 22:38:13,393][flwr][DEBUG] - evaluate_round 22: strategy sampled 3 clients (out of 3)
[2026-01-15 22:38:13,472][flwr][DEBUG] - evaluate_round 22 received 3 results and 0 failures
[2026-01-15 22:38:13,472][flwr][DEBUG] - fit_round 23: strategy sampled 3 clients (out of 3)
[2026-01-15 22:38:30,322][flwr][DEBUG] - fit_round 23 received 3 results and 0 failures
[2026-01-15 22:38:30,478][flwr][INFO] - fit progress: (23, 0.8712854161634818, {'rmse': 10958.750293715064, 'mae': 4843.39453125, 'r2': 0.04148325441837075}, 411.44439516600687)
[2026-01-15 22:38:30,478][flwr][DEBUG] - evaluate_round 23: strategy sampled 3 clients (out of 3)
[2026-01-15 22:38:30,652][flwr][DEBUG] - evaluate_round 23 received 3 results and 0 failures
[2026-01-15 22:38:30,653][flwr][DEBUG] - fit_round 24: strategy sampled 3 clients (out of 3)
[2026-01-15 22:38:48,080][flwr][DEBUG] - fit_round 24 received 3 results and 0 failures
[2026-01-15 22:38:48,250][flwr][INFO] - fit progress: (24, 0.8521235893080542, {'rmse': 10837.574636421195, 'mae': 4811.6533203125, 'r2': 0.06256354675224762}, 429.2167964580003)
[2026-01-15 22:38:48,250][flwr][DEBUG] - evaluate_round 24: strategy sampled 3 clients (out of 3)
[2026-01-15 22:38:48,360][flwr][DEBUG] - evaluate_round 24 received 3 results and 0 failures
[2026-01-15 22:38:48,360][flwr][DEBUG] - fit_round 25: strategy sampled 3 clients (out of 3)
[2026-01-15 22:39:05,416][flwr][DEBUG] - fit_round 25 received 3 results and 0 failures
[2026-01-15 22:39:05,620][flwr][INFO] - fit progress: (25, 0.8439674581791665, {'rmse': 10785.583340737765, 'mae': 4757.87890625, 'r2': 0.0715363236262857}, 446.58652920799796)
[2026-01-15 22:39:05,620][flwr][DEBUG] - evaluate_round 25: strategy sampled 3 clients (out of 3)
[2026-01-15 22:39:05,779][flwr][DEBUG] - evaluate_round 25 received 3 results and 0 failures
[2026-01-15 22:39:05,779][flwr][DEBUG] - fit_round 26: strategy sampled 3 clients (out of 3)
[2026-01-15 22:39:23,499][flwr][DEBUG] - fit_round 26 received 3 results and 0 failures
[2026-01-15 22:39:23,664][flwr][INFO] - fit progress: (26, 0.8236993078712944, {'rmse': 10655.287513718247, 'mae': 4724.248046875, 'r2': 0.09383357205804921}, 464.63082329102326)
[2026-01-15 22:39:23,664][flwr][DEBUG] - evaluate_round 26: strategy sampled 3 clients (out of 3)
[2026-01-15 22:39:23,755][flwr][DEBUG] - evaluate_round 26 received 3 results and 0 failures
[2026-01-15 22:39:23,755][flwr][DEBUG] - fit_round 27: strategy sampled 3 clients (out of 3)
[2026-01-15 22:39:42,101][flwr][DEBUG] - fit_round 27 received 3 results and 0 failures
[2026-01-15 22:39:42,316][flwr][INFO] - fit progress: (27, 0.8289437356653873, {'rmse': 10689.154129303217, 'mae': 4743.69287109375, 'r2': 0.08806412417481257}, 483.2825806250039)
[2026-01-15 22:39:42,316][flwr][DEBUG] - evaluate_round 27: strategy sampled 3 clients (out of 3)
[2026-01-15 22:39:42,485][flwr][DEBUG] - evaluate_round 27 received 3 results and 0 failures
[2026-01-15 22:39:42,485][flwr][DEBUG] - fit_round 28: strategy sampled 3 clients (out of 3)
[2026-01-15 22:40:00,284][flwr][DEBUG] - fit_round 28 received 3 results and 0 failures
[2026-01-15 22:40:00,449][flwr][INFO] - fit progress: (28, 0.8368191408502447, {'rmse': 10739.810799078352, 'mae': 4699.03076171875, 'r2': 0.07940020046985741}, 501.4181579160213)
[2026-01-15 22:40:00,449][flwr][DEBUG] - evaluate_round 28: strategy sampled 3 clients (out of 3)
[2026-01-15 22:40:00,545][flwr][DEBUG] - evaluate_round 28 received 3 results and 0 failures
[2026-01-15 22:40:00,546][flwr][DEBUG] - fit_round 29: strategy sampled 3 clients (out of 3)
[2026-01-15 22:40:17,794][flwr][DEBUG] - fit_round 29 received 3 results and 0 failures
[2026-01-15 22:40:17,952][flwr][INFO] - fit progress: (29, 0.8210684661571686, {'rmse': 10638.257376093135, 'mae': 4691.01611328125, 'r2': 0.09672785153318864}, 518.9272964160191)
[2026-01-15 22:40:17,952][flwr][DEBUG] - evaluate_round 29: strategy sampled 3 clients (out of 3)
[2026-01-15 22:40:18,051][flwr][DEBUG] - evaluate_round 29 received 3 results and 0 failures
[2026-01-15 22:40:18,051][flwr][DEBUG] - fit_round 30: strategy sampled 3 clients (out of 3)
[2026-01-15 22:40:35,219][flwr][DEBUG] - fit_round 30 received 3 results and 0 failures
[2026-01-15 22:40:35,365][flwr][INFO] - fit progress: (30, 0.8048245280056268, {'rmse': 10532.498658912804, 'mae': 4694.23779296875, 'r2': 0.11459807364371144}, 536.3422633750015)
[2026-01-15 22:40:35,365][flwr][DEBUG] - evaluate_round 30: strategy sampled 3 clients (out of 3)
[2026-01-15 22:40:35,478][flwr][DEBUG] - evaluate_round 30 received 3 results and 0 failures
[2026-01-15 22:40:35,478][flwr][DEBUG] - fit_round 31: strategy sampled 3 clients (out of 3)
[2026-01-15 22:40:53,041][flwr][DEBUG] - fit_round 31 received 3 results and 0 failures
[2026-01-15 22:40:53,193][flwr][INFO] - fit progress: (31, 0.8182118866775367, {'rmse': 10619.735966585986, 'mae': 4696.46484375, 'r2': 0.09987037853329761}, 554.1712473750231)
[2026-01-15 22:40:53,193][flwr][DEBUG] - evaluate_round 31: strategy sampled 3 clients (out of 3)
[2026-01-15 22:40:53,292][flwr][DEBUG] - evaluate_round 31 received 3 results and 0 failures
[2026-01-15 22:40:53,293][flwr][DEBUG] - fit_round 32: strategy sampled 3 clients (out of 3)
[2026-01-15 22:41:11,514][flwr][DEBUG] - fit_round 32 received 3 results and 0 failures
[2026-01-15 22:41:11,671][flwr][INFO] - fit progress: (32, 0.8111665367006181, {'rmse': 10573.915452659909, 'mae': 4701.26708984375, 'r2': 0.10762109429838984}, 572.6492127500242)
[2026-01-15 22:41:11,671][flwr][DEBUG] - evaluate_round 32: strategy sampled 3 clients (out of 3)
[2026-01-15 22:41:11,819][flwr][DEBUG] - evaluate_round 32 received 3 results and 0 failures
[2026-01-15 22:41:11,819][flwr][DEBUG] - fit_round 33: strategy sampled 3 clients (out of 3)
[2026-01-15 22:41:29,702][flwr][DEBUG] - fit_round 33 received 3 results and 0 failures
[2026-01-15 22:41:29,865][flwr][INFO] - fit progress: (33, 0.8099337910806333, {'rmse': 10565.87753099571, 'mae': 4684.150390625, 'r2': 0.1089772601209299}, 590.8435705000011)
[2026-01-15 22:41:29,865][flwr][DEBUG] - evaluate_round 33: strategy sampled 3 clients (out of 3)
[2026-01-15 22:41:29,985][flwr][DEBUG] - evaluate_round 33 received 3 results and 0 failures
[2026-01-15 22:41:29,985][flwr][DEBUG] - fit_round 34: strategy sampled 3 clients (out of 3)
[2026-01-15 22:41:47,970][flwr][DEBUG] - fit_round 34 received 3 results and 0 failures
[2026-01-15 22:41:48,144][flwr][INFO] - fit progress: (34, 0.8004285830396551, {'rmse': 10503.694968914511, 'mae': 4672.5771484375, 'r2': 0.11943415533828716}, 609.1226394160185)
[2026-01-15 22:41:48,144][flwr][DEBUG] - evaluate_round 34: strategy sampled 3 clients (out of 3)
[2026-01-15 22:41:48,295][flwr][DEBUG] - evaluate_round 34 received 3 results and 0 failures
[2026-01-15 22:41:48,295][flwr][DEBUG] - fit_round 35: strategy sampled 3 clients (out of 3)
[2026-01-15 22:42:05,867][flwr][DEBUG] - fit_round 35 received 3 results and 0 failures
[2026-01-15 22:42:06,002][flwr][INFO] - fit progress: (35, 0.7997506450902712, {'rmse': 10499.246449150529, 'mae': 4620.78076171875, 'r2': 0.12017987964609178}, 626.981190874998)
[2026-01-15 22:42:06,003][flwr][DEBUG] - evaluate_round 35: strategy sampled 3 clients (out of 3)
[2026-01-15 22:42:06,092][flwr][DEBUG] - evaluate_round 35 received 3 results and 0 failures
[2026-01-15 22:42:06,092][flwr][DEBUG] - fit_round 36: strategy sampled 3 clients (out of 3)
[2026-01-15 22:42:22,553][flwr][DEBUG] - fit_round 36 received 3 results and 0 failures
[2026-01-15 22:42:22,696][flwr][INFO] - fit progress: (36, 0.8015014482093407, {'rmse': 10510.73127807956, 'mae': 4622.41162109375, 'r2': 0.11825398149957078}, 643.6748513750208)
[2026-01-15 22:42:22,696][flwr][DEBUG] - evaluate_round 36: strategy sampled 3 clients (out of 3)
[2026-01-15 22:42:22,791][flwr][DEBUG] - evaluate_round 36 received 3 results and 0 failures
[2026-01-15 22:42:22,791][flwr][DEBUG] - fit_round 37: strategy sampled 3 clients (out of 3)
[2026-01-15 22:42:39,519][flwr][DEBUG] - fit_round 37 received 3 results and 0 failures
[2026-01-15 22:42:39,678][flwr][INFO] - fit progress: (37, 0.7885840101702674, {'rmse': 10425.689425644714, 'mae': 4623.86767578125, 'r2': 0.13246463061808922}, 660.6567746250075)
[2026-01-15 22:42:39,678][flwr][DEBUG] - evaluate_round 37: strategy sampled 3 clients (out of 3)
[2026-01-15 22:42:39,822][flwr][DEBUG] - evaluate_round 37 received 3 results and 0 failures
[2026-01-15 22:42:39,823][flwr][DEBUG] - fit_round 38: strategy sampled 3 clients (out of 3)
[2026-01-15 22:42:56,921][flwr][DEBUG] - fit_round 38 received 3 results and 0 failures
[2026-01-15 22:42:57,097][flwr][INFO] - fit progress: (38, 0.8012999865087541, {'rmse': 10509.411401215579, 'mae': 4639.201171875, 'r2': 0.11847546044090929}, 678.0761112910113)
[2026-01-15 22:42:57,098][flwr][DEBUG] - evaluate_round 38: strategy sampled 3 clients (out of 3)
[2026-01-15 22:42:57,208][flwr][DEBUG] - evaluate_round 38 received 3 results and 0 failures
[2026-01-15 22:42:57,208][flwr][DEBUG] - fit_round 39: strategy sampled 3 clients (out of 3)
[2026-01-15 22:43:14,209][flwr][DEBUG] - fit_round 39 received 3 results and 0 failures
[2026-01-15 22:43:14,350][flwr][INFO] - fit progress: (39, 0.7815492106032921, {'rmse': 10379.082811115826, 'mae': 4626.33740234375, 'r2': 0.14020369648614894}, 695.3293534160184)
[2026-01-15 22:43:14,351][flwr][DEBUG] - evaluate_round 39: strategy sampled 3 clients (out of 3)
[2026-01-15 22:43:14,437][flwr][DEBUG] - evaluate_round 39 received 3 results and 0 failures
[2026-01-15 22:43:14,437][flwr][DEBUG] - fit_round 40: strategy sampled 3 clients (out of 3)
[2026-01-15 22:43:31,611][flwr][DEBUG] - fit_round 40 received 3 results and 0 failures
[2026-01-15 22:43:31,749][flwr][INFO] - fit progress: (40, 0.7889800409117976, {'rmse': 10428.307245186057, 'mae': 4611.03515625, 'r2': 0.13202887210998293}, 712.7277362500026)
[2026-01-15 22:43:31,749][flwr][DEBUG] - evaluate_round 40: strategy sampled 3 clients (out of 3)
[2026-01-15 22:43:31,852][flwr][DEBUG] - evaluate_round 40 received 3 results and 0 failures
[2026-01-15 22:43:31,853][flwr][DEBUG] - fit_round 41: strategy sampled 3 clients (out of 3)
[2026-01-15 22:43:48,981][flwr][DEBUG] - fit_round 41 received 3 results and 0 failures
[2026-01-15 22:43:49,123][flwr][INFO] - fit progress: (41, 0.799545275049286, {'rmse': 10497.898075329174, 'mae': 4592.1435546875, 'r2': 0.12040587455875196}, 730.1020216660108)
[2026-01-15 22:43:49,123][flwr][DEBUG] - evaluate_round 41: strategy sampled 3 clients (out of 3)
[2026-01-15 22:43:49,216][flwr][DEBUG] - evaluate_round 41 received 3 results and 0 failures
[2026-01-15 22:43:49,216][flwr][DEBUG] - fit_round 42: strategy sampled 3 clients (out of 3)
[2026-01-15 22:44:05,901][flwr][DEBUG] - fit_round 42 received 3 results and 0 failures
[2026-01-15 22:44:06,036][flwr][INFO] - fit progress: (42, 0.7819400743261591, {'rmse': 10381.678091715232, 'mae': 4594.6572265625, 'r2': 0.1397736320288394}, 747.0148515410256)
[2026-01-15 22:44:06,036][flwr][DEBUG] - evaluate_round 42: strategy sampled 3 clients (out of 3)
[2026-01-15 22:44:06,122][flwr][DEBUG] - evaluate_round 42 received 3 results and 0 failures
[2026-01-15 22:44:06,122][flwr][DEBUG] - fit_round 43: strategy sampled 3 clients (out of 3)
[2026-01-15 22:44:22,870][flwr][DEBUG] - fit_round 43 received 3 results and 0 failures
[2026-01-15 22:44:23,001][flwr][INFO] - fit progress: (43, 0.7822944495353374, {'rmse': 10384.030046181491, 'mae': 4589.80322265625, 'r2': 0.13938381862026605}, 763.9802825410152)
[2026-01-15 22:44:23,001][flwr][DEBUG] - evaluate_round 43: strategy sampled 3 clients (out of 3)
[2026-01-15 22:44:23,092][flwr][DEBUG] - evaluate_round 43 received 3 results and 0 failures
[2026-01-15 22:44:23,093][flwr][DEBUG] - fit_round 44: strategy sampled 3 clients (out of 3)
[2026-01-15 22:44:40,311][flwr][DEBUG] - fit_round 44 received 3 results and 0 failures
[2026-01-15 22:44:40,461][flwr][INFO] - fit progress: (44, 0.7935990511893749, {'rmse': 10458.788457560464, 'mae': 4578.2626953125, 'r2': 0.12694742264026593}, 781.43979545802)
[2026-01-15 22:44:40,461][flwr][DEBUG] - evaluate_round 44: strategy sampled 3 clients (out of 3)
[2026-01-15 22:44:40,563][flwr][DEBUG] - evaluate_round 44 received 3 results and 0 failures
[2026-01-15 22:44:40,563][flwr][DEBUG] - fit_round 45: strategy sampled 3 clients (out of 3)
[2026-01-15 22:44:57,146][flwr][DEBUG] - fit_round 45 received 3 results and 0 failures
[2026-01-15 22:44:57,282][flwr][INFO] - fit progress: (45, 0.7749000289836326, {'rmse': 10334.837395914848, 'mae': 4551.81103515625, 'r2': 0.1475185882942751}, 798.2608772910025)
[2026-01-15 22:44:57,282][flwr][DEBUG] - evaluate_round 45: strategy sampled 3 clients (out of 3)
[2026-01-15 22:44:57,377][flwr][DEBUG] - evaluate_round 45 received 3 results and 0 failures
[2026-01-15 22:44:57,377][flwr][DEBUG] - fit_round 46: strategy sampled 3 clients (out of 3)
[2026-01-15 22:45:14,116][flwr][DEBUG] - fit_round 46 received 3 results and 0 failures
[2026-01-15 22:45:14,248][flwr][INFO] - fit progress: (46, 0.7740900604216544, {'rmse': 10329.435221734051, 'mae': 4593.67236328125, 'r2': 0.14840954362182868}, 815.2276430000202)
[2026-01-15 22:45:14,249][flwr][DEBUG] - evaluate_round 46: strategy sampled 3 clients (out of 3)
[2026-01-15 22:45:14,333][flwr][DEBUG] - evaluate_round 46 received 3 results and 0 failures
[2026-01-15 22:45:14,333][flwr][DEBUG] - fit_round 47: strategy sampled 3 clients (out of 3)
[2026-01-15 22:45:31,063][flwr][DEBUG] - fit_round 47 received 3 results and 0 failures
[2026-01-15 22:45:31,202][flwr][INFO] - fit progress: (47, 0.7765665270902731, {'rmse': 10345.945292722168, 'mae': 4517.16015625, 'r2': 0.14568510393769796}, 832.1809530000028)
[2026-01-15 22:45:31,202][flwr][DEBUG] - evaluate_round 47: strategy sampled 3 clients (out of 3)
[2026-01-15 22:45:31,289][flwr][DEBUG] - evaluate_round 47 received 3 results and 0 failures
[2026-01-15 22:45:31,289][flwr][DEBUG] - fit_round 48: strategy sampled 3 clients (out of 3)
[2026-01-15 22:45:48,042][flwr][DEBUG] - fit_round 48 received 3 results and 0 failures
[2026-01-15 22:45:48,180][flwr][INFO] - fit progress: (48, 0.776986833538737, {'rmse': 10348.743691869076, 'mae': 4557.92626953125, 'r2': 0.14522290409025918}, 849.159413291025)
[2026-01-15 22:45:48,180][flwr][DEBUG] - evaluate_round 48: strategy sampled 3 clients (out of 3)
[2026-01-15 22:45:48,268][flwr][DEBUG] - evaluate_round 48 received 3 results and 0 failures
[2026-01-15 22:45:48,268][flwr][DEBUG] - fit_round 49: strategy sampled 3 clients (out of 3)
[2026-01-15 22:46:05,000][flwr][DEBUG] - fit_round 49 received 3 results and 0 failures
[2026-01-15 22:46:05,146][flwr][INFO] - fit progress: (49, 0.7816829328780418, {'rmse': 10379.970712868124, 'mae': 4560.81103515625, 'r2': 0.1400565674494677}, 866.1255786660186)
[2026-01-15 22:46:05,147][flwr][DEBUG] - evaluate_round 49: strategy sampled 3 clients (out of 3)
[2026-01-15 22:46:05,232][flwr][DEBUG] - evaluate_round 49 received 3 results and 0 failures
[2026-01-15 22:46:05,232][flwr][DEBUG] - fit_round 50: strategy sampled 3 clients (out of 3)
[2026-01-15 22:46:21,968][flwr][DEBUG] - fit_round 50 received 3 results and 0 failures
[2026-01-15 22:46:22,098][flwr][INFO] - fit progress: (50, 0.7739568071382062, {'rmse': 10328.545686591118, 'mae': 4585.38427734375, 'r2': 0.1485562145164916}, 883.077371500025)
[2026-01-15 22:46:22,098][flwr][DEBUG] - evaluate_round 50: strategy sampled 3 clients (out of 3)
[2026-01-15 22:46:22,182][flwr][DEBUG] - evaluate_round 50 received 3 results and 0 failures
[2026-01-15 22:46:22,182][flwr][INFO] - FL finished in 883.1616344159993
[2026-01-15 22:46:22,183][flwr][INFO] - app_fit: losses_distributed [(1, 0.2345255922118182), (2, 0.3816226464398557), (3, 0.5763020484049232), (4, 0.6615561752550598), (5, 0.6742464014851365), (6, 0.6893932632749912), (7, 0.6847779637553614), (8, 0.7000801068186561), (9, 0.6820321796195847), (10, 0.6782663118108702), (11, 0.6783024020753946), (12, 0.6738909649941708), (13, 0.6485411028702303), (14, 0.6511903932114121), (15, 0.6351164253164557), (16, 0.6357053343357809), (17, 0.6224860742837274), (18, 0.6122225181941459), (19, 0.6061412189870228), (20, 0.6153218312030571), (21, 0.594786890600707), (22, 0.600996941928568), (23, 0.6013220747049615), (24, 0.5918171090374661), (25, 0.5782350434063871), (26, 0.5760811495948261), (27, 0.5740275500573139), (28, 0.567405532997903), (29, 0.5647321142931326), (30, 0.5595151488361192), (31, 0.5613923909690328), (32, 0.5590237736859343), (33, 0.559200751870092), (34, 0.5544771998002503), (35, 0.5430803269421213), (36, 0.5457979795202539), (37, 0.5432940491864985), (38, 0.5472932094630432), (39, 0.5409612660816538), (40, 0.5395857113899623), (41, 0.539517179674046), (42, 0.5357914166675136), (43, 0.5343358991310423), (44, 0.5360486770981613), (45, 0.5277901368465207), (46, 0.5369478418859858), (47, 0.5247534379040022), (48, 0.5286940619465442), (49, 0.529110071885546), (50, 0.5294031594870089)]
[2026-01-15 22:46:22,183][flwr][INFO] - app_fit: metrics_distributed_fit {}
[2026-01-15 22:46:22,183][flwr][INFO] - app_fit: metrics_distributed {}
[2026-01-15 22:46:22,183][flwr][INFO] - app_fit: losses_centralized [(0, 1.4145967275411397), (1, 0.28975870250700947), (2, 0.5851953843304584), (3, 0.8699781975976459), (4, 0.9805831506445601), (5, 1.0048552857146964), (6, 0.9990203115675185), (7, 0.9996228378575605), (8, 0.9894820481866926), (9, 0.9874792385387707), (10, 0.9878589258985119), (11, 0.9789573311567068), (12, 0.9611743500939122), (13, 0.9399970403245023), (14, 0.9399871397782136), (15, 0.9390453349302958), (16, 0.9401752635523364), (17, 0.8922662853717327), (18, 0.9032273446773743), (19, 0.8802737883917682), (20, 0.901836024658816), (21, 0.8772696367016545), (22, 0.8689608636561099), (23, 0.8712854161634818), (24, 0.8521235893080542), (25, 0.8439674581791665), (26, 0.8236993078712944), (27, 0.8289437356653873), (28, 0.8368191408502447), (29, 0.8210684661571686), (30, 0.8048245280056268), (31, 0.8182118866775367), (32, 0.8111665367006181), (33, 0.8099337910806333), (34, 0.8004285830396551), (35, 0.7997506450902712), (36, 0.8015014482093407), (37, 0.7885840101702674), (38, 0.8012999865087541), (39, 0.7815492106032921), (40, 0.7889800409117976), (41, 0.799545275049286), (42, 0.7819400743261591), (43, 0.7822944495353374), (44, 0.7935990511893749), (45, 0.7749000289836326), (46, 0.7740900604216544), (47, 0.7765665270902731), (48, 0.776986833538737), (49, 0.7816829328780418), (50, 0.7739568071382062)]
[2026-01-15 22:46:22,183][flwr][INFO] - app_fit: metrics_centralized {'rmse': [(0, 13963.591515079492), (1, 6319.737652782748), (2, 8981.135340256264), (3, 10950.52619740257), (4, 11625.805090401267), (5, 11768.8109849721), (6, 11734.59091745426), (7, 11738.129322852088), (8, 11678.438936775754), (9, 11666.612876066472), (10, 11668.855642264154), (11, 11616.16322199374), (12, 11510.173934393868), (13, 11382.667877084), (14, 11382.607785564782), (15, 11376.90362093307), (16, 11383.74665916279), (17, 11089.911090716643), (18, 11157.820217228811), (19, 11015.131774064257), (20, 11149.222753178807), (21, 10996.319384230343), (22, 10944.122075342544), (23, 10958.750293715064), (24, 10837.574636421195), (25, 10785.583340737765), (26, 10655.287513718247), (27, 10689.154129303217), (28, 10739.810799078352), (29, 10638.257376093135), (30, 10532.498658912804), (31, 10619.735966585986), (32, 10573.915452659909), (33, 10565.87753099571), (34, 10503.694968914511), (35, 10499.246449150529), (36, 10510.73127807956), (37, 10425.689425644714), (38, 10509.411401215579), (39, 10379.082811115826), (40, 10428.307245186057), (41, 10497.898075329174), (42, 10381.678091715232), (43, 10384.030046181491), (44, 10458.788457560464), (45, 10334.837395914848), (46, 10329.435221734051), (47, 10345.945292722168), (48, 10348.743691869076), (49, 10379.970712868124), (50, 10328.545686591118)], 'mae': [(0, 10300.927734375), (1, 3853.847900390625), (2, 4551.07080078125), (3, 5252.38525390625), (4, 5533.70458984375), (5, 5471.57177734375), (6, 5445.744140625), (7, 5330.556640625), (8, 5348.953125), (9, 5246.57568359375), (10, 5186.66552734375), (11, 5194.5380859375), (12, 5189.41455078125), (13, 5043.93359375), (14, 5058.31396484375), (15, 4962.2001953125), (16, 4993.5693359375), (17, 4980.73681640625), (18, 4896.07470703125), (19, 4866.71728515625), (20, 4895.7626953125), (21, 4793.97509765625), (22, 4822.59912109375), (23, 4843.39453125), (24, 4811.6533203125), (25, 4757.87890625), (26, 4724.248046875), (27, 4743.69287109375), (28, 4699.03076171875), (29, 4691.01611328125), (30, 4694.23779296875), (31, 4696.46484375), (32, 4701.26708984375), (33, 4684.150390625), (34, 4672.5771484375), (35, 4620.78076171875), (36, 4622.41162109375), (37, 4623.86767578125), (38, 4639.201171875), (39, 4626.33740234375), (40, 4611.03515625), (41, 4592.1435546875), (42, 4594.6572265625), (43, 4589.80322265625), (44, 4578.2626953125), (45, 4551.81103515625), (46, 4593.67236328125), (47, 4517.16015625), (48, 4557.92626953125), (49, 4560.81103515625), (50, 4585.38427734375)], 'r2': [(0, -0.5562232211899847), (1, 0.6812312632186244), (2, 0.3562160872642737), (3, 0.0429214276621569), (4, -0.07875716542297462), (5, -0.10545938391024867), (6, -0.09904015974757674), (7, -0.09970302579895884), (8, -0.08854713675964665), (9, -0.08634360455013557), (10, -0.08676129917295539), (11, -0.07696857898417475), (12, -0.05740512942348386), (13, -0.034107691517271554), (14, -0.03409676155769592), (15, -0.03306057521039363), (16, -0.03430371085217354), (17, 0.018401797749279192), (18, 0.00634336893424059), (19, 0.03159497889437901), (20, 0.007874021416830357), (21, 0.03490001541320642), (22, 0.04404053771474181), (23, 0.04148325441837075), (24, 0.06256354675224762), (25, 0.0715363236262857), (26, 0.09383357205804921), (27, 0.08806412417481257), (28, 0.07940020046985741), (29, 0.09672785153318864), (30, 0.11459807364371144), (31, 0.09987037853329761), (32, 0.10762109429838984), (33, 0.1089772601209299), (34, 0.11943415533828716), (35, 0.12017987964609178), (36, 0.11825398149957078), (37, 0.13246463061808922), (38, 0.11847546044090929), (39, 0.14020369648614894), (40, 0.13202887210998293), (41, 0.12040587455875196), (42, 0.1397736320288394), (43, 0.13938381862026605), (44, 0.12694742264026593), (45, 0.1475185882942751), (46, 0.14840954362182868), (47, 0.14568510393769796), (48, 0.14522290409025918), (49, 0.1400565674494677), (50, 0.1485562145164916)]}
