[2026-01-16 23:07:30,805][flwr][INFO] - Starting Flower simulation, config: ServerConfig(num_rounds=25, round_timeout=None)
[2026-01-16 23:07:35,717][flwr][INFO] - Flower VCE: Ray initialized with resources: {'object_store_memory': 2147483648.0, 'memory': 12077814170.0, 'CPU': 10.0, 'node:127.0.0.1': 1.0}
[2026-01-16 23:07:35,718][flwr][INFO] - Initializing global parameters
[2026-01-16 23:07:35,718][flwr][INFO] - Using initial parameters provided by strategy
[2026-01-16 23:07:35,718][flwr][INFO] - Evaluating initial parameters
[2026-01-16 23:07:36,871][flwr][INFO] - initial parameters (loss, other metrics): 3.751187844883834, {'rmse': 15582.423431546198, 'mae': 10182.001953125, 'r2': -0.733591274930137, 'mape': 51.084510803222656, 'accuracy_10': 6.068204715847969, 'accuracy_20': 13.03911805152893}
[2026-01-16 23:07:36,871][flwr][INFO] - FL starting
[2026-01-16 23:07:36,871][flwr][DEBUG] - fit_round 1: strategy sampled 6 clients (out of 12)
[2026-01-16 23:07:50,902][flwr][DEBUG] - fit_round 1 received 6 results and 0 failures
[2026-01-16 23:07:50,907][flwr][WARNING] - No fit_metrics_aggregation_fn provided
[2026-01-16 23:07:51,120][flwr][INFO] - fit progress: (1, 0.19430198413558086, {'rmse': 5646.28196249532, 'mae': 3131.47021484375, 'r2': 0.7723845017750546, 'mape': 18.158050537109375, 'accuracy_10': 30.140420794487, 'accuracy_20': 62.18655705451965}, 14.248844875022769)
[2026-01-16 23:07:51,120][flwr][DEBUG] - evaluate_round 1: strategy sampled 6 clients (out of 12)
[2026-01-16 23:07:51,525][flwr][DEBUG] - evaluate_round 1 received 6 results and 0 failures
[2026-01-16 23:07:51,525][flwr][WARNING] - No evaluate_metrics_aggregation_fn provided
[2026-01-16 23:07:51,525][flwr][DEBUG] - fit_round 2: strategy sampled 6 clients (out of 12)
[2026-01-16 23:07:56,424][flwr][DEBUG] - fit_round 2 received 6 results and 0 failures
[2026-01-16 23:07:56,623][flwr][INFO] - fit progress: (2, 0.14122308750329549, {'rmse': 5408.628661684957, 'mae': 2719.829833984375, 'r2': 0.7911420298299284, 'mape': 14.845488548278809, 'accuracy_10': 37.412238121032715, 'accuracy_20': 73.62086176872253}, 19.75172537501203)
[2026-01-16 23:07:56,623][flwr][DEBUG] - evaluate_round 2: strategy sampled 6 clients (out of 12)
[2026-01-16 23:07:57,623][flwr][DEBUG] - evaluate_round 2 received 6 results and 0 failures
[2026-01-16 23:07:57,623][flwr][DEBUG] - fit_round 3: strategy sampled 6 clients (out of 12)
[2026-01-16 23:08:02,853][flwr][DEBUG] - fit_round 3 received 6 results and 0 failures
[2026-01-16 23:08:03,040][flwr][INFO] - fit progress: (3, 0.08558867596381287, {'rmse': 4499.023671864819, 'mae': 2177.46337890625, 'r2': 0.8554848853436031, 'mape': 11.767602920532227, 'accuracy_10': 56.16850256919861, 'accuracy_20': 87.11133599281311}, 26.168934875022387)
[2026-01-16 23:08:03,040][flwr][DEBUG] - evaluate_round 3: strategy sampled 6 clients (out of 12)
[2026-01-16 23:08:03,237][flwr][DEBUG] - evaluate_round 3 received 6 results and 0 failures
[2026-01-16 23:08:03,237][flwr][DEBUG] - fit_round 4: strategy sampled 6 clients (out of 12)
[2026-01-16 23:08:08,674][flwr][DEBUG] - fit_round 4 received 6 results and 0 failures
[2026-01-16 23:08:08,883][flwr][INFO] - fit progress: (4, 0.07401695028844185, {'rmse': 4223.298710723645, 'mae': 1961.2677001953125, 'r2': 0.8726554648193302, 'mape': 10.61535358428955, 'accuracy_10': 61.835503578186035, 'accuracy_20': 88.31494450569153}, 32.012558625021484)
[2026-01-16 23:08:08,884][flwr][DEBUG] - evaluate_round 4: strategy sampled 6 clients (out of 12)
[2026-01-16 23:08:09,255][flwr][DEBUG] - evaluate_round 4 received 6 results and 0 failures
[2026-01-16 23:08:09,255][flwr][DEBUG] - fit_round 5: strategy sampled 6 clients (out of 12)
[2026-01-16 23:08:14,058][flwr][DEBUG] - fit_round 5 received 6 results and 0 failures
[2026-01-16 23:08:14,253][flwr][INFO] - fit progress: (5, 0.06491043147936448, {'rmse': 4115.816565397443, 'mae': 1816.175537109375, 'r2': 0.8790547661078962, 'mape': 9.677460670471191, 'accuracy_10': 68.00401210784912, 'accuracy_20': 89.4182562828064}, 37.38233300001593)
[2026-01-16 23:08:14,253][flwr][DEBUG] - evaluate_round 5: strategy sampled 6 clients (out of 12)
[2026-01-16 23:08:14,465][flwr][DEBUG] - evaluate_round 5 received 6 results and 0 failures
[2026-01-16 23:08:14,465][flwr][DEBUG] - fit_round 6: strategy sampled 6 clients (out of 12)
[2026-01-16 23:08:19,642][flwr][DEBUG] - fit_round 6 received 6 results and 0 failures
[2026-01-16 23:08:19,832][flwr][INFO] - fit progress: (6, 0.07309340110185034, {'rmse': 4184.704768558948, 'mae': 1842.7265625, 'r2': 0.8749722666047801, 'mape': 10.069222450256348, 'accuracy_10': 71.41424417495728, 'accuracy_20': 88.31494450569153}, 42.96071037501679)
[2026-01-16 23:08:19,832][flwr][DEBUG] - evaluate_round 6: strategy sampled 6 clients (out of 12)
[2026-01-16 23:08:20,120][flwr][DEBUG] - evaluate_round 6 received 6 results and 0 failures
[2026-01-16 23:08:20,120][flwr][DEBUG] - fit_round 7: strategy sampled 6 clients (out of 12)
[2026-01-16 23:08:25,447][flwr][DEBUG] - fit_round 7 received 6 results and 0 failures
[2026-01-16 23:08:25,645][flwr][INFO] - fit progress: (7, 0.0616691944954418, {'rmse': 3996.209078614381, 'mae': 1729.275390625, 'r2': 0.8859820798562217, 'mape': 9.187342643737793, 'accuracy_10': 71.91574573516846, 'accuracy_20': 90.07021188735962}, 48.77452820801409)
[2026-01-16 23:08:25,646][flwr][DEBUG] - evaluate_round 7: strategy sampled 6 clients (out of 12)
[2026-01-16 23:08:26,571][flwr][DEBUG] - evaluate_round 7 received 6 results and 0 failures
[2026-01-16 23:08:26,571][flwr][DEBUG] - fit_round 8: strategy sampled 6 clients (out of 12)
[2026-01-16 23:08:31,829][flwr][DEBUG] - fit_round 8 received 6 results and 0 failures
[2026-01-16 23:08:32,027][flwr][INFO] - fit progress: (8, 0.05531185953770442, {'rmse': 4026.7264620284304, 'mae': 1760.126953125, 'r2': 0.8842340106637031, 'mape': 8.731403350830078, 'accuracy_10': 70.61183452606201, 'accuracy_20': 92.0762300491333}, 55.1558108330064)
[2026-01-16 23:08:32,027][flwr][DEBUG] - evaluate_round 8: strategy sampled 6 clients (out of 12)
[2026-01-16 23:08:32,219][flwr][DEBUG] - evaluate_round 8 received 6 results and 0 failures
[2026-01-16 23:08:32,220][flwr][DEBUG] - fit_round 9: strategy sampled 6 clients (out of 12)
[2026-01-16 23:08:37,655][flwr][DEBUG] - fit_round 9 received 6 results and 0 failures
[2026-01-16 23:08:37,868][flwr][INFO] - fit progress: (9, 0.06414205728821763, {'rmse': 4135.249206517063, 'mae': 1694.1739501953125, 'r2': 0.8779099972568725, 'mape': 9.068405151367188, 'accuracy_10': 75.47643184661865, 'accuracy_20': 89.66900706291199}, 60.996915833005914)
[2026-01-16 23:08:37,868][flwr][DEBUG] - evaluate_round 9: strategy sampled 6 clients (out of 12)
[2026-01-16 23:08:38,317][flwr][DEBUG] - evaluate_round 9 received 6 results and 0 failures
[2026-01-16 23:08:38,317][flwr][DEBUG] - fit_round 10: strategy sampled 6 clients (out of 12)
[2026-01-16 23:08:43,014][flwr][DEBUG] - fit_round 10 received 6 results and 0 failures
[2026-01-16 23:08:43,207][flwr][INFO] - fit progress: (10, 0.052342244380022, {'rmse': 4052.01196938015, 'mae': 1749.267333984375, 'r2': 0.8827755655266065, 'mape': 8.42542839050293, 'accuracy_10': 71.56469225883484, 'accuracy_20': 93.02908778190613}, 66.33641737501603)
[2026-01-16 23:08:43,208][flwr][DEBUG] - evaluate_round 10: strategy sampled 6 clients (out of 12)
[2026-01-16 23:08:44,097][flwr][DEBUG] - evaluate_round 10 received 6 results and 0 failures
[2026-01-16 23:08:44,097][flwr][DEBUG] - fit_round 11: strategy sampled 6 clients (out of 12)
[2026-01-16 23:08:48,853][flwr][DEBUG] - fit_round 11 received 6 results and 0 failures
[2026-01-16 23:08:49,054][flwr][INFO] - fit progress: (11, 0.05010983548729625, {'rmse': 3994.6600606309416, 'mae': 1709.5897216796875, 'r2': 0.8860704498048719, 'mape': 8.206022262573242, 'accuracy_10': 72.31695055961609, 'accuracy_20': 93.32998991012573}, 72.18315145801171)
[2026-01-16 23:08:49,054][flwr][DEBUG] - evaluate_round 11: strategy sampled 6 clients (out of 12)
[2026-01-16 23:08:49,267][flwr][DEBUG] - evaluate_round 11 received 6 results and 0 failures
[2026-01-16 23:08:49,267][flwr][DEBUG] - fit_round 12: strategy sampled 6 clients (out of 12)
[2026-01-16 23:08:54,631][flwr][DEBUG] - fit_round 12 received 6 results and 0 failures
[2026-01-16 23:08:54,840][flwr][INFO] - fit progress: (12, 0.05644158329328928, {'rmse': 4018.6904583458527, 'mae': 1564.4066162109375, 'r2': 0.8846956155012755, 'mape': 8.168290138244629, 'accuracy_10': 77.98395156860352, 'accuracy_20': 90.62186479568481}, 77.9691594580072)
[2026-01-16 23:08:54,841][flwr][DEBUG] - evaluate_round 12: strategy sampled 6 clients (out of 12)
[2026-01-16 23:08:55,285][flwr][DEBUG] - evaluate_round 12 received 6 results and 0 failures
[2026-01-16 23:08:55,285][flwr][DEBUG] - fit_round 13: strategy sampled 6 clients (out of 12)
[2026-01-16 23:08:59,926][flwr][DEBUG] - fit_round 13 received 6 results and 0 failures
[2026-01-16 23:09:00,117][flwr][INFO] - fit progress: (13, 0.047737659765043135, {'rmse': 3872.603517015394, 'mae': 1586.955078125, 'r2': 0.8929263034959741, 'mape': 7.902385234832764, 'accuracy_10': 77.48245000839233, 'accuracy_20': 93.58074069023132}, 83.2457675409969)
[2026-01-16 23:09:00,117][flwr][DEBUG] - evaluate_round 13: strategy sampled 6 clients (out of 12)
[2026-01-16 23:09:00,192][flwr][DEBUG] - evaluate_round 13 received 6 results and 0 failures
[2026-01-16 23:09:00,192][flwr][DEBUG] - fit_round 14: strategy sampled 6 clients (out of 12)
[2026-01-16 23:09:05,217][flwr][DEBUG] - fit_round 14 received 6 results and 0 failures
[2026-01-16 23:09:05,402][flwr][INFO] - fit progress: (14, 0.04619381696624736, {'rmse': 3849.6877795478426, 'mae': 1535.900146484375, 'r2': 0.8941897495728676, 'mape': 7.550729274749756, 'accuracy_10': 78.58575582504272, 'accuracy_20': 93.43029260635376}, 88.53129250000347)
[2026-01-16 23:09:05,402][flwr][DEBUG] - evaluate_round 14: strategy sampled 6 clients (out of 12)
[2026-01-16 23:09:05,470][flwr][DEBUG] - evaluate_round 14 received 6 results and 0 failures
[2026-01-16 23:09:05,470][flwr][DEBUG] - fit_round 15: strategy sampled 6 clients (out of 12)
[2026-01-16 23:09:10,268][flwr][DEBUG] - fit_round 15 received 6 results and 0 failures
[2026-01-16 23:09:10,524][flwr][INFO] - fit progress: (15, 0.05102094602205958, {'rmse': 3964.1300432755734, 'mae': 1484.4593505859375, 'r2': 0.8878052609385438, 'mape': 7.586556434631348, 'accuracy_10': 80.69207668304443, 'accuracy_20': 91.57472252845764}, 93.65285045802011)
[2026-01-16 23:09:10,524][flwr][DEBUG] - evaluate_round 15: strategy sampled 6 clients (out of 12)
[2026-01-16 23:09:10,801][flwr][DEBUG] - evaluate_round 15 received 6 results and 0 failures
[2026-01-16 23:09:10,801][flwr][DEBUG] - fit_round 16: strategy sampled 6 clients (out of 12)
[2026-01-16 23:09:15,848][flwr][DEBUG] - fit_round 16 received 6 results and 0 failures
[2026-01-16 23:09:16,052][flwr][INFO] - fit progress: (16, 0.04364834164167449, {'rmse': 3851.8319018358006, 'mae': 1509.2431640625, 'r2': 0.8940718569776929, 'mape': 7.2228851318359375, 'accuracy_10': 79.58876490592957, 'accuracy_20': 93.27983856201172}, 99.18080158301746)
[2026-01-16 23:09:16,052][flwr][DEBUG] - evaluate_round 16: strategy sampled 6 clients (out of 12)
[2026-01-16 23:09:16,133][flwr][DEBUG] - evaluate_round 16 received 6 results and 0 failures
[2026-01-16 23:09:16,133][flwr][DEBUG] - fit_round 17: strategy sampled 6 clients (out of 12)
[2026-01-16 23:09:20,815][flwr][DEBUG] - fit_round 17 received 6 results and 0 failures
[2026-01-16 23:09:21,009][flwr][INFO] - fit progress: (17, 0.04186578631333805, {'rmse': 3914.190720953694, 'mae': 1573.1654052734375, 'r2': 0.8906142681586715, 'mape': 7.170330047607422, 'accuracy_10': 78.38515639305115, 'accuracy_20': 94.63390111923218}, 104.13865979100228)
[2026-01-16 23:09:21,010][flwr][DEBUG] - evaluate_round 17: strategy sampled 6 clients (out of 12)
[2026-01-16 23:09:21,468][flwr][DEBUG] - evaluate_round 17 received 6 results and 0 failures
[2026-01-16 23:09:21,468][flwr][DEBUG] - fit_round 18: strategy sampled 6 clients (out of 12)
[2026-01-16 23:09:26,258][flwr][DEBUG] - fit_round 18 received 6 results and 0 failures
[2026-01-16 23:09:26,459][flwr][INFO] - fit progress: (18, 0.04015258876765623, {'rmse': 3976.712838513739, 'mae': 1563.725830078125, 'r2': 0.8870918776438388, 'mape': 6.950738906860352, 'accuracy_10': 79.03711199760437, 'accuracy_20': 95.08525729179382}, 109.58792099999846)
[2026-01-16 23:09:26,459][flwr][DEBUG] - evaluate_round 18: strategy sampled 6 clients (out of 12)
[2026-01-16 23:09:26,676][flwr][DEBUG] - evaluate_round 18 received 6 results and 0 failures
[2026-01-16 23:09:26,676][flwr][DEBUG] - fit_round 19: strategy sampled 6 clients (out of 12)
[2026-01-16 23:09:31,506][flwr][DEBUG] - fit_round 19 received 6 results and 0 failures
[2026-01-16 23:09:31,718][flwr][INFO] - fit progress: (19, 0.040198342199273845, {'rmse': 3826.624491637506, 'mae': 1437.142333984375, 'r2': 0.8954537602905416, 'mape': 6.763567924499512, 'accuracy_10': 81.74523711204529, 'accuracy_20': 94.03209686279297}, 114.8469387080113)
[2026-01-16 23:09:31,718][flwr][DEBUG] - evaluate_round 19: strategy sampled 6 clients (out of 12)
[2026-01-16 23:09:32,652][flwr][DEBUG] - evaluate_round 19 received 6 results and 0 failures
[2026-01-16 23:09:32,652][flwr][DEBUG] - fit_round 20: strategy sampled 6 clients (out of 12)
[2026-01-16 23:09:37,310][flwr][DEBUG] - fit_round 20 received 6 results and 0 failures
[2026-01-16 23:09:37,529][flwr][INFO] - fit progress: (20, 0.04000943611631003, {'rmse': 3775.4769235157564, 'mae': 1407.1605224609375, 'r2': 0.8982298643524588, 'mape': 6.709540843963623, 'accuracy_10': 82.9488456249237, 'accuracy_20': 93.88164281845093}, 120.6578865830088)
[2026-01-16 23:09:37,529][flwr][DEBUG] - evaluate_round 20: strategy sampled 6 clients (out of 12)
[2026-01-16 23:09:37,622][flwr][DEBUG] - evaluate_round 20 received 6 results and 0 failures
[2026-01-16 23:09:37,622][flwr][DEBUG] - fit_round 21: strategy sampled 6 clients (out of 12)
[2026-01-16 23:09:42,275][flwr][DEBUG] - fit_round 21 received 6 results and 0 failures
[2026-01-16 23:09:42,503][flwr][INFO] - fit progress: (21, 0.03896480335301926, {'rmse': 3743.665449796496, 'mae': 1402.2191162109375, 'r2': 0.8999376313926429, 'mape': 6.6295318603515625, 'accuracy_10': 83.04914832115173, 'accuracy_20': 94.28284764289856}, 125.63176870800089)
[2026-01-16 23:09:42,503][flwr][DEBUG] - evaluate_round 21: strategy sampled 6 clients (out of 12)
[2026-01-16 23:09:42,732][flwr][DEBUG] - evaluate_round 21 received 6 results and 0 failures
[2026-01-16 23:09:42,732][flwr][DEBUG] - fit_round 22: strategy sampled 6 clients (out of 12)
[2026-01-16 23:09:47,474][flwr][DEBUG] - fit_round 22 received 6 results and 0 failures
[2026-01-16 23:09:47,674][flwr][INFO] - fit progress: (22, 0.05532574598698941, {'rmse': 4306.376667222689, 'mae': 1485.2764892578125, 'r2': 0.8675961074339227, 'mape': 7.587182521820068, 'accuracy_10': 82.0962905883789, 'accuracy_20': 91.47442579269409}, 130.80321283300873)
[2026-01-16 23:09:47,674][flwr][DEBUG] - evaluate_round 22: strategy sampled 6 clients (out of 12)
[2026-01-16 23:09:47,752][flwr][DEBUG] - evaluate_round 22 received 6 results and 0 failures
[2026-01-16 23:09:47,752][flwr][DEBUG] - fit_round 23: strategy sampled 6 clients (out of 12)
[2026-01-16 23:09:52,315][flwr][DEBUG] - fit_round 23 received 6 results and 0 failures
[2026-01-16 23:09:52,512][flwr][INFO] - fit progress: (23, 0.03813343951170339, {'rmse': 3831.2148203931347, 'mae': 1451.0635986328125, 'r2': 0.8952027884630953, 'mape': 6.625685214996338, 'accuracy_10': 81.89568519592285, 'accuracy_20': 94.53359842300415}, 135.6413529580168)
[2026-01-16 23:09:52,512][flwr][DEBUG] - evaluate_round 23: strategy sampled 6 clients (out of 12)
[2026-01-16 23:09:53,412][flwr][DEBUG] - evaluate_round 23 received 6 results and 0 failures
[2026-01-16 23:09:53,413][flwr][DEBUG] - fit_round 24: strategy sampled 6 clients (out of 12)
[2026-01-16 23:09:58,305][flwr][DEBUG] - fit_round 24 received 6 results and 0 failures
[2026-01-16 23:09:58,500][flwr][INFO] - fit progress: (24, 0.036146038849889456, {'rmse': 3909.6496006675584, 'mae': 1501.3531494140625, 'r2': 0.8908679311960717, 'mape': 6.449967384338379, 'accuracy_10': 80.49147725105286, 'accuracy_20': 95.68706154823303}, 141.62954683302087)
[2026-01-16 23:09:58,501][flwr][DEBUG] - evaluate_round 24: strategy sampled 6 clients (out of 12)
[2026-01-16 23:09:58,669][flwr][DEBUG] - evaluate_round 24 received 6 results and 0 failures
[2026-01-16 23:09:58,669][flwr][DEBUG] - fit_round 25: strategy sampled 6 clients (out of 12)
[2026-01-16 23:10:03,379][flwr][DEBUG] - fit_round 25 received 6 results and 0 failures
[2026-01-16 23:10:03,571][flwr][INFO] - fit progress: (25, 0.03536389579056737, {'rmse': 3814.2982316541534, 'mae': 1439.814697265625, 'r2': 0.8961262034621602, 'mape': 6.328161716461182, 'accuracy_10': 82.0962905883789, 'accuracy_20': 95.78736424446106}, 146.70076083301683)
[2026-01-16 23:10:03,572][flwr][DEBUG] - evaluate_round 25: strategy sampled 6 clients (out of 12)
[2026-01-16 23:10:04,457][flwr][DEBUG] - evaluate_round 25 received 6 results and 0 failures
[2026-01-16 23:10:04,457][flwr][INFO] - FL finished in 147.58671320800204
[2026-01-16 23:10:04,458][flwr][INFO] - app_fit: losses_distributed [(1, 0.1783028347440822), (2, 0.14983550463098608), (3, 0.07807811851489292), (4, 0.08469393459301462), (5, 0.048952503645059514), (6, 0.07390006851398669), (7, 0.06363268714889928), (8, 0.057049883960508835), (9, 0.03262746230606084), (10, 0.0537739147081994), (11, 0.055548323199722416), (12, 0.035795965626948145), (13, 0.034855617540633106), (14, 0.03247009211024646), (15, 0.06356261710414376), (16, 0.06528991998641835), (17, 0.0656132467625144), (18, 0.04278805433774579), (19, 0.06500101476591104), (20, 0.049850124351299166), (21, 0.033617482270613085), (22, 0.05898406073546456), (23, 0.028225246734633953), (24, 0.046557051166903604), (25, 0.033070014249416545)]
[2026-01-16 23:10:04,458][flwr][INFO] - app_fit: metrics_distributed_fit {}
[2026-01-16 23:10:04,458][flwr][INFO] - app_fit: metrics_distributed {}
[2026-01-16 23:10:04,458][flwr][INFO] - app_fit: losses_centralized [(0, 3.751187844883834), (1, 0.19430198413558086), (2, 0.14122308750329549), (3, 0.08558867596381287), (4, 0.07401695028844185), (5, 0.06491043147936448), (6, 0.07309340110185034), (7, 0.0616691944954418), (8, 0.05531185953770442), (9, 0.06414205728821763), (10, 0.052342244380022), (11, 0.05010983548729625), (12, 0.05644158329328928), (13, 0.047737659765043135), (14, 0.04619381696624736), (15, 0.05102094602205958), (16, 0.04364834164167449), (17, 0.04186578631333805), (18, 0.04015258876765623), (19, 0.040198342199273845), (20, 0.04000943611631003), (21, 0.03896480335301926), (22, 0.05532574598698941), (23, 0.03813343951170339), (24, 0.036146038849889456), (25, 0.03536389579056737)]
[2026-01-16 23:10:04,459][flwr][INFO] - app_fit: metrics_centralized {'rmse': [(0, 15582.423431546198), (1, 5646.28196249532), (2, 5408.628661684957), (3, 4499.023671864819), (4, 4223.298710723645), (5, 4115.816565397443), (6, 4184.704768558948), (7, 3996.209078614381), (8, 4026.7264620284304), (9, 4135.249206517063), (10, 4052.01196938015), (11, 3994.6600606309416), (12, 4018.6904583458527), (13, 3872.603517015394), (14, 3849.6877795478426), (15, 3964.1300432755734), (16, 3851.8319018358006), (17, 3914.190720953694), (18, 3976.712838513739), (19, 3826.624491637506), (20, 3775.4769235157564), (21, 3743.665449796496), (22, 4306.376667222689), (23, 3831.2148203931347), (24, 3909.6496006675584), (25, 3814.2982316541534)], 'mae': [(0, 10182.001953125), (1, 3131.47021484375), (2, 2719.829833984375), (3, 2177.46337890625), (4, 1961.2677001953125), (5, 1816.175537109375), (6, 1842.7265625), (7, 1729.275390625), (8, 1760.126953125), (9, 1694.1739501953125), (10, 1749.267333984375), (11, 1709.5897216796875), (12, 1564.4066162109375), (13, 1586.955078125), (14, 1535.900146484375), (15, 1484.4593505859375), (16, 1509.2431640625), (17, 1573.1654052734375), (18, 1563.725830078125), (19, 1437.142333984375), (20, 1407.1605224609375), (21, 1402.2191162109375), (22, 1485.2764892578125), (23, 1451.0635986328125), (24, 1501.3531494140625), (25, 1439.814697265625)], 'r2': [(0, -0.733591274930137), (1, 0.7723845017750546), (2, 0.7911420298299284), (3, 0.8554848853436031), (4, 0.8726554648193302), (5, 0.8790547661078962), (6, 0.8749722666047801), (7, 0.8859820798562217), (8, 0.8842340106637031), (9, 0.8779099972568725), (10, 0.8827755655266065), (11, 0.8860704498048719), (12, 0.8846956155012755), (13, 0.8929263034959741), (14, 0.8941897495728676), (15, 0.8878052609385438), (16, 0.8940718569776929), (17, 0.8906142681586715), (18, 0.8870918776438388), (19, 0.8954537602905416), (20, 0.8982298643524588), (21, 0.8999376313926429), (22, 0.8675961074339227), (23, 0.8952027884630953), (24, 0.8908679311960717), (25, 0.8961262034621602)], 'mape': [(0, 51.084510803222656), (1, 18.158050537109375), (2, 14.845488548278809), (3, 11.767602920532227), (4, 10.61535358428955), (5, 9.677460670471191), (6, 10.069222450256348), (7, 9.187342643737793), (8, 8.731403350830078), (9, 9.068405151367188), (10, 8.42542839050293), (11, 8.206022262573242), (12, 8.168290138244629), (13, 7.902385234832764), (14, 7.550729274749756), (15, 7.586556434631348), (16, 7.2228851318359375), (17, 7.170330047607422), (18, 6.950738906860352), (19, 6.763567924499512), (20, 6.709540843963623), (21, 6.6295318603515625), (22, 7.587182521820068), (23, 6.625685214996338), (24, 6.449967384338379), (25, 6.328161716461182)], 'accuracy_10': [(0, 6.068204715847969), (1, 30.140420794487), (2, 37.412238121032715), (3, 56.16850256919861), (4, 61.835503578186035), (5, 68.00401210784912), (6, 71.41424417495728), (7, 71.91574573516846), (8, 70.61183452606201), (9, 75.47643184661865), (10, 71.56469225883484), (11, 72.31695055961609), (12, 77.98395156860352), (13, 77.48245000839233), (14, 78.58575582504272), (15, 80.69207668304443), (16, 79.58876490592957), (17, 78.38515639305115), (18, 79.03711199760437), (19, 81.74523711204529), (20, 82.9488456249237), (21, 83.04914832115173), (22, 82.0962905883789), (23, 81.89568519592285), (24, 80.49147725105286), (25, 82.0962905883789)], 'accuracy_20': [(0, 13.03911805152893), (1, 62.18655705451965), (2, 73.62086176872253), (3, 87.11133599281311), (4, 88.31494450569153), (5, 89.4182562828064), (6, 88.31494450569153), (7, 90.07021188735962), (8, 92.0762300491333), (9, 89.66900706291199), (10, 93.02908778190613), (11, 93.32998991012573), (12, 90.62186479568481), (13, 93.58074069023132), (14, 93.43029260635376), (15, 91.57472252845764), (16, 93.27983856201172), (17, 94.63390111923218), (18, 95.08525729179382), (19, 94.03209686279297), (20, 93.88164281845093), (21, 94.28284764289856), (22, 91.47442579269409), (23, 94.53359842300415), (24, 95.68706154823303), (25, 95.78736424446106)]}
[2026-01-16 23:10:04,901][flwr][INFO] - Starting Flower simulation, config: ServerConfig(num_rounds=25, round_timeout=None)
[2026-01-16 23:10:11,395][flwr][INFO] - Flower VCE: Ray initialized with resources: {'CPU': 10.0, 'memory': 12468871168.0, 'node:127.0.0.1': 1.0, 'object_store_memory': 2147483648.0}
[2026-01-16 23:10:11,395][flwr][INFO] - Initializing global parameters
[2026-01-16 23:10:11,396][flwr][INFO] - Using initial parameters provided by strategy
[2026-01-16 23:10:11,396][flwr][INFO] - Evaluating initial parameters
[2026-01-16 23:10:11,584][flwr][INFO] - initial parameters (loss, other metrics): 3.751187844883834, {'rmse': 15582.423431546198, 'mae': 10182.001953125, 'r2': -0.733591274930137, 'mape': 51.084510803222656, 'accuracy_10': 6.068204715847969, 'accuracy_20': 13.03911805152893}
[2026-01-16 23:10:11,584][flwr][INFO] - FL starting
[2026-01-16 23:10:11,584][flwr][DEBUG] - fit_round 1: strategy sampled 6 clients (out of 12)
[2026-01-16 23:10:23,417][flwr][DEBUG] - fit_round 1 received 6 results and 0 failures
[2026-01-16 23:10:23,421][flwr][WARNING] - No fit_metrics_aggregation_fn provided
[2026-01-16 23:10:23,618][flwr][INFO] - fit progress: (1, 0.2141074775124983, {'rmse': 5341.526935249883, 'mae': 3283.02099609375, 'r2': 0.79629224305002, 'mape': 19.76776123046875, 'accuracy_10': 24.122367799282074, 'accuracy_20': 56.06820583343506}, 12.034278457984328)
[2026-01-16 23:10:23,619][flwr][DEBUG] - evaluate_round 1: strategy sampled 6 clients (out of 12)
[2026-01-16 23:10:23,803][flwr][DEBUG] - evaluate_round 1 received 6 results and 0 failures
[2026-01-16 23:10:23,803][flwr][WARNING] - No evaluate_metrics_aggregation_fn provided
[2026-01-16 23:10:23,803][flwr][DEBUG] - fit_round 2: strategy sampled 6 clients (out of 12)
[2026-01-16 23:10:30,716][flwr][DEBUG] - fit_round 2 received 6 results and 0 failures
[2026-01-16 23:10:30,906][flwr][INFO] - fit progress: (2, 0.10321349478181949, {'rmse': 4575.054316617454, 'mae': 2390.173583984375, 'r2': 0.8505591791642448, 'mape': 13.287107467651367, 'accuracy_10': 49.799397587776184, 'accuracy_20': 82.84854292869568}, 19.32198504099506)
[2026-01-16 23:10:30,906][flwr][DEBUG] - evaluate_round 2: strategy sampled 6 clients (out of 12)
[2026-01-16 23:10:31,062][flwr][DEBUG] - evaluate_round 2 received 6 results and 0 failures
[2026-01-16 23:10:31,063][flwr][DEBUG] - fit_round 3: strategy sampled 6 clients (out of 12)
[2026-01-16 23:10:38,083][flwr][DEBUG] - fit_round 3 received 6 results and 0 failures
[2026-01-16 23:10:38,277][flwr][INFO] - fit progress: (3, 0.08623095743036796, {'rmse': 4336.588520945929, 'mae': 2109.9111328125, 'r2': 0.8657318102365824, 'mape': 11.716094970703125, 'accuracy_10': 57.47241973876953, 'accuracy_20': 86.76028251647949}, 26.692740083002718)
[2026-01-16 23:10:38,277][flwr][DEBUG] - evaluate_round 3: strategy sampled 6 clients (out of 12)
[2026-01-16 23:10:38,439][flwr][DEBUG] - evaluate_round 3 received 6 results and 0 failures
[2026-01-16 23:10:38,439][flwr][DEBUG] - fit_round 4: strategy sampled 6 clients (out of 12)
[2026-01-16 23:10:45,530][flwr][DEBUG] - fit_round 4 received 6 results and 0 failures
[2026-01-16 23:10:45,718][flwr][INFO] - fit progress: (4, 0.08171522598937826, {'rmse': 4515.976749275842, 'mae': 1966.6939697265625, 'r2': 0.8543937207017431, 'mape': 10.657723426818848, 'accuracy_10': 68.25476288795471, 'accuracy_20': 87.86358833312988}, 34.13394820797839)
[2026-01-16 23:10:45,718][flwr][DEBUG] - evaluate_round 4: strategy sampled 6 clients (out of 12)
[2026-01-16 23:10:45,854][flwr][DEBUG] - evaluate_round 4 received 6 results and 0 failures
[2026-01-16 23:10:45,855][flwr][DEBUG] - fit_round 5: strategy sampled 6 clients (out of 12)
[2026-01-16 23:10:52,531][flwr][DEBUG] - fit_round 5 received 6 results and 0 failures
[2026-01-16 23:10:52,719][flwr][INFO] - fit progress: (5, 0.0795154375974145, {'rmse': 4632.709142607595, 'mae': 1907.30810546875, 'r2': 0.8467689435955246, 'mape': 10.228702545166016, 'accuracy_10': 70.51153182983398, 'accuracy_20': 88.86659741401672}, 41.13530870797695)
[2026-01-16 23:10:52,720][flwr][DEBUG] - evaluate_round 5: strategy sampled 6 clients (out of 12)
[2026-01-16 23:10:52,843][flwr][DEBUG] - evaluate_round 5 received 6 results and 0 failures
[2026-01-16 23:10:52,843][flwr][DEBUG] - fit_round 6: strategy sampled 6 clients (out of 12)
[2026-01-16 23:10:59,647][flwr][DEBUG] - fit_round 6 received 6 results and 0 failures
[2026-01-16 23:10:59,843][flwr][INFO] - fit progress: (6, 0.0615472859117308, {'rmse': 4201.034634468037, 'mae': 1772.5018310546875, 'r2': 0.8739945727608136, 'mape': 9.123258590698242, 'accuracy_10': 71.91574573516846, 'accuracy_20': 90.82247018814087}, 48.25889579099021)
[2026-01-16 23:10:59,843][flwr][DEBUG] - evaluate_round 6: strategy sampled 6 clients (out of 12)
[2026-01-16 23:10:59,927][flwr][DEBUG] - evaluate_round 6 received 6 results and 0 failures
[2026-01-16 23:10:59,927][flwr][DEBUG] - fit_round 7: strategy sampled 6 clients (out of 12)
[2026-01-16 23:11:06,772][flwr][DEBUG] - fit_round 7 received 6 results and 0 failures
[2026-01-16 23:11:06,961][flwr][INFO] - fit progress: (7, 0.05674587203789439, {'rmse': 4189.471565722818, 'mae': 1713.1669921875, 'r2': 0.8746872623375623, 'mape': 8.546566009521484, 'accuracy_10': 75.32597780227661, 'accuracy_20': 90.92276692390442}, 55.37728225000319)
[2026-01-16 23:11:06,962][flwr][DEBUG] - evaluate_round 7: strategy sampled 6 clients (out of 12)
[2026-01-16 23:11:07,105][flwr][DEBUG] - evaluate_round 7 received 6 results and 0 failures
[2026-01-16 23:11:07,105][flwr][DEBUG] - fit_round 8: strategy sampled 6 clients (out of 12)
[2026-01-16 23:11:13,955][flwr][DEBUG] - fit_round 8 received 6 results and 0 failures
[2026-01-16 23:11:14,156][flwr][INFO] - fit progress: (8, 0.053954785992368054, {'rmse': 4268.3235584946, 'mae': 1828.4522705078125, 'r2': 0.8699257272983901, 'mape': 8.55125904083252, 'accuracy_10': 70.21062970161438, 'accuracy_20': 92.67803430557251}, 62.572141165990615)
[2026-01-16 23:11:14,156][flwr][DEBUG] - evaluate_round 8: strategy sampled 6 clients (out of 12)
[2026-01-16 23:11:14,306][flwr][DEBUG] - evaluate_round 8 received 6 results and 0 failures
[2026-01-16 23:11:14,306][flwr][DEBUG] - fit_round 9: strategy sampled 6 clients (out of 12)
[2026-01-16 23:11:21,280][flwr][DEBUG] - fit_round 9 received 6 results and 0 failures
[2026-01-16 23:11:21,471][flwr][INFO] - fit progress: (9, 0.05131467268498635, {'rmse': 4104.426878383875, 'mae': 1665.4263916015625, 'r2': 0.8797232274620626, 'mape': 8.136393547058105, 'accuracy_10': 76.83049440383911, 'accuracy_20': 91.52457118034363}, 69.88708908300032)
[2026-01-16 23:11:21,471][flwr][DEBUG] - evaluate_round 9: strategy sampled 6 clients (out of 12)
[2026-01-16 23:11:21,609][flwr][DEBUG] - evaluate_round 9 received 6 results and 0 failures
[2026-01-16 23:11:21,609][flwr][DEBUG] - fit_round 10: strategy sampled 6 clients (out of 12)
[2026-01-16 23:11:28,731][flwr][DEBUG] - fit_round 10 received 6 results and 0 failures
[2026-01-16 23:11:28,927][flwr][INFO] - fit progress: (10, 0.07569929790882059, {'rmse': 4929.046560948679, 'mae': 1785.358154296875, 'r2': 0.8265387150570953, 'mape': 9.411897659301758, 'accuracy_10': 77.23169326782227, 'accuracy_20': 88.86659741401672}, 77.34312716597924)
[2026-01-16 23:11:28,927][flwr][DEBUG] - evaluate_round 10: strategy sampled 6 clients (out of 12)
[2026-01-16 23:11:29,080][flwr][DEBUG] - evaluate_round 10 received 6 results and 0 failures
[2026-01-16 23:11:29,081][flwr][DEBUG] - fit_round 11: strategy sampled 6 clients (out of 12)
[2026-01-16 23:11:35,967][flwr][DEBUG] - fit_round 11 received 6 results and 0 failures
[2026-01-16 23:11:36,177][flwr][INFO] - fit progress: (11, 0.05047860189267213, {'rmse': 4105.345539659238, 'mae': 1589.7578125, 'r2': 0.8796693812639929, 'mape': 7.801431655883789, 'accuracy_10': 79.48846817016602, 'accuracy_20': 91.67502522468567}, 84.59264366599382)
[2026-01-16 23:11:36,177][flwr][DEBUG] - evaluate_round 11: strategy sampled 6 clients (out of 12)
[2026-01-16 23:11:36,312][flwr][DEBUG] - evaluate_round 11 received 6 results and 0 failures
[2026-01-16 23:11:36,312][flwr][DEBUG] - fit_round 12: strategy sampled 6 clients (out of 12)
[2026-01-16 23:11:43,220][flwr][DEBUG] - fit_round 12 received 6 results and 0 failures
[2026-01-16 23:11:43,423][flwr][INFO] - fit progress: (12, 0.05811277084863383, {'rmse': 4315.065005304092, 'mae': 1530.9686279296875, 'r2': 0.8670613119517998, 'mape': 7.970473289489746, 'accuracy_10': 81.34403228759766, 'accuracy_20': 90.52156209945679}, 91.83919166598935)
[2026-01-16 23:11:43,423][flwr][DEBUG] - evaluate_round 12: strategy sampled 6 clients (out of 12)
[2026-01-16 23:11:43,575][flwr][DEBUG] - evaluate_round 12 received 6 results and 0 failures
[2026-01-16 23:11:43,575][flwr][DEBUG] - fit_round 13: strategy sampled 6 clients (out of 12)
[2026-01-16 23:11:50,811][flwr][DEBUG] - fit_round 13 received 6 results and 0 failures
[2026-01-16 23:11:51,024][flwr][INFO] - fit progress: (13, 0.0486416826902729, {'rmse': 4079.2062953471723, 'mae': 1538.3018798828125, 'r2': 0.8811968225712703, 'mape': 7.4465179443359375, 'accuracy_10': 81.04313015937805, 'accuracy_20': 91.7753279209137}, 99.43964212498395)
[2026-01-16 23:11:51,024][flwr][DEBUG] - evaluate_round 13: strategy sampled 6 clients (out of 12)
[2026-01-16 23:11:51,180][flwr][DEBUG] - evaluate_round 13 received 6 results and 0 failures
[2026-01-16 23:11:51,180][flwr][DEBUG] - fit_round 14: strategy sampled 6 clients (out of 12)
[2026-01-16 23:11:58,177][flwr][DEBUG] - fit_round 14 received 6 results and 0 failures
[2026-01-16 23:11:58,373][flwr][INFO] - fit progress: (14, 0.045112743467436274, {'rmse': 4204.714496847557, 'mae': 1677.1322021484375, 'r2': 0.8737737322186552, 'mape': 7.427793025970459, 'accuracy_10': 77.28184461593628, 'accuracy_20': 93.58074069023132}, 106.78905070800101)
[2026-01-16 23:11:58,373][flwr][DEBUG] - evaluate_round 14: strategy sampled 6 clients (out of 12)
[2026-01-16 23:11:58,500][flwr][DEBUG] - evaluate_round 14 received 6 results and 0 failures
[2026-01-16 23:11:58,500][flwr][DEBUG] - fit_round 15: strategy sampled 6 clients (out of 12)
[2026-01-16 23:12:05,371][flwr][DEBUG] - fit_round 15 received 6 results and 0 failures
[2026-01-16 23:12:05,568][flwr][INFO] - fit progress: (15, 0.051153193518459615, {'rmse': 4181.1751936507035, 'mae': 1493.095947265625, 'r2': 0.875183090272832, 'mape': 7.492154121398926, 'accuracy_10': 82.99899697303772, 'accuracy_20': 91.57472252845764}, 113.983800624992)
[2026-01-16 23:12:05,568][flwr][DEBUG] - evaluate_round 15: strategy sampled 6 clients (out of 12)
[2026-01-16 23:12:05,653][flwr][DEBUG] - evaluate_round 15 received 6 results and 0 failures
[2026-01-16 23:12:05,654][flwr][DEBUG] - fit_round 16: strategy sampled 6 clients (out of 12)
[2026-01-16 23:12:12,588][flwr][DEBUG] - fit_round 16 received 6 results and 0 failures
[2026-01-16 23:12:12,775][flwr][INFO] - fit progress: (16, 0.04540219321125818, {'rmse': 4099.928048149138, 'mae': 1552.32080078125, 'r2': 0.8799867460476318, 'mape': 7.309517860412598, 'accuracy_10': 80.5917739868164, 'accuracy_20': 92.97893643379211}, 121.1913436249888)
[2026-01-16 23:12:12,776][flwr][DEBUG] - evaluate_round 16: strategy sampled 6 clients (out of 12)
[2026-01-16 23:12:12,914][flwr][DEBUG] - evaluate_round 16 received 6 results and 0 failures
[2026-01-16 23:12:12,915][flwr][DEBUG] - fit_round 17: strategy sampled 6 clients (out of 12)
[2026-01-16 23:12:19,829][flwr][DEBUG] - fit_round 17 received 6 results and 0 failures
[2026-01-16 23:12:20,020][flwr][INFO] - fit progress: (17, 0.04383855249915821, {'rmse': 4093.3526601063827, 'mae': 1574.141357421875, 'r2': 0.8803713910801187, 'mape': 7.20291805267334, 'accuracy_10': 79.88966703414917, 'accuracy_20': 93.07923913002014}, 128.4360428749933)
[2026-01-16 23:12:20,020][flwr][DEBUG] - evaluate_round 17: strategy sampled 6 clients (out of 12)
[2026-01-16 23:12:20,247][flwr][DEBUG] - evaluate_round 17 received 6 results and 0 failures
[2026-01-16 23:12:20,247][flwr][DEBUG] - fit_round 18: strategy sampled 6 clients (out of 12)
[2026-01-16 23:12:26,757][flwr][DEBUG] - fit_round 18 received 6 results and 0 failures
[2026-01-16 23:12:26,947][flwr][INFO] - fit progress: (18, 0.044325875833914535, {'rmse': 4093.978138681251, 'mae': 1580.5181884765625, 'r2': 0.8803348287563307, 'mape': 7.299750328063965, 'accuracy_10': 80.14042377471924, 'accuracy_20': 93.07923913002014}, 135.36264216600102)
[2026-01-16 23:12:26,947][flwr][DEBUG] - evaluate_round 18: strategy sampled 6 clients (out of 12)
[2026-01-16 23:12:27,086][flwr][DEBUG] - evaluate_round 18 received 6 results and 0 failures
[2026-01-16 23:12:27,086][flwr][DEBUG] - fit_round 19: strategy sampled 6 clients (out of 12)
[2026-01-16 23:12:34,051][flwr][DEBUG] - fit_round 19 received 6 results and 0 failures
[2026-01-16 23:12:34,255][flwr][INFO] - fit progress: (19, 0.043592051385248916, {'rmse': 4063.318717501742, 'mae': 1562.6336669921875, 'r2': 0.8821204428942554, 'mape': 7.254572868347168, 'accuracy_10': 81.4944863319397, 'accuracy_20': 93.38014125823975}, 142.67092708300333)
[2026-01-16 23:12:34,255][flwr][DEBUG] - evaluate_round 19: strategy sampled 6 clients (out of 12)
[2026-01-16 23:12:34,503][flwr][DEBUG] - evaluate_round 19 received 6 results and 0 failures
[2026-01-16 23:12:34,504][flwr][DEBUG] - fit_round 20: strategy sampled 6 clients (out of 12)
[2026-01-16 23:12:41,523][flwr][DEBUG] - fit_round 20 received 6 results and 0 failures
[2026-01-16 23:12:41,752][flwr][INFO] - fit progress: (20, 0.042375734398177003, {'rmse': 4063.2835244417784, 'mae': 1502.469970703125, 'r2': 0.882122481467463, 'mape': 6.996509552001953, 'accuracy_10': 83.1995964050293, 'accuracy_20': 93.48044395446777}, 150.16853816597722)
[2026-01-16 23:12:41,753][flwr][DEBUG] - evaluate_round 20: strategy sampled 6 clients (out of 12)
[2026-01-16 23:12:41,838][flwr][DEBUG] - evaluate_round 20 received 6 results and 0 failures
[2026-01-16 23:12:41,838][flwr][DEBUG] - fit_round 21: strategy sampled 6 clients (out of 12)
[2026-01-16 23:12:48,396][flwr][DEBUG] - fit_round 21 received 6 results and 0 failures
[2026-01-16 23:12:48,587][flwr][INFO] - fit progress: (21, 0.04210130565257046, {'rmse': 4114.893680278994, 'mae': 1584.3284912109375, 'r2': 0.879109008287812, 'mape': 7.133015155792236, 'accuracy_10': 81.24372959136963, 'accuracy_20': 94.03209686279297}, 157.00303579098545)
[2026-01-16 23:12:48,587][flwr][DEBUG] - evaluate_round 21: strategy sampled 6 clients (out of 12)
[2026-01-16 23:12:48,658][flwr][DEBUG] - evaluate_round 21 received 6 results and 0 failures
[2026-01-16 23:12:48,658][flwr][DEBUG] - fit_round 22: strategy sampled 6 clients (out of 12)
[2026-01-16 23:12:55,975][flwr][DEBUG] - fit_round 22 received 6 results and 0 failures
[2026-01-16 23:12:56,194][flwr][INFO] - fit progress: (22, 0.04185203384372631, {'rmse': 4258.0671671546, 'mae': 1700.8511962890625, 'r2': 0.8705501026736929, 'mape': 7.187966346740723, 'accuracy_10': 77.53259539604187, 'accuracy_20': 94.78435516357422}, 164.61032820798573)
[2026-01-16 23:12:56,195][flwr][DEBUG] - evaluate_round 22: strategy sampled 6 clients (out of 12)
[2026-01-16 23:12:56,314][flwr][DEBUG] - evaluate_round 22 received 6 results and 0 failures
[2026-01-16 23:12:56,314][flwr][DEBUG] - fit_round 23: strategy sampled 6 clients (out of 12)
[2026-01-16 23:13:03,208][flwr][DEBUG] - fit_round 23 received 6 results and 0 failures
[2026-01-16 23:13:03,415][flwr][INFO] - fit progress: (23, 0.04273958110372903, {'rmse': 4318.425870615357, 'mae': 1752.7900390625, 'r2': 0.8668541401163283, 'mape': 7.37590217590332, 'accuracy_10': 76.52958631515503, 'accuracy_20': 94.78435516357422}, 171.8292723329796)
[2026-01-16 23:13:03,416][flwr][DEBUG] - evaluate_round 23: strategy sampled 6 clients (out of 12)
[2026-01-16 23:13:03,511][flwr][DEBUG] - evaluate_round 23 received 6 results and 0 failures
[2026-01-16 23:13:03,511][flwr][DEBUG] - fit_round 24: strategy sampled 6 clients (out of 12)
[2026-01-16 23:13:10,483][flwr][DEBUG] - fit_round 24 received 6 results and 0 failures
[2026-01-16 23:13:10,678][flwr][INFO] - fit progress: (24, 0.04025197584170814, {'rmse': 4084.746870982338, 'mae': 1494.9654541015625, 'r2': 0.8808738773768003, 'mape': 6.789530277252197, 'accuracy_10': 83.70110392570496, 'accuracy_20': 94.33299899101257}, 179.08968720797566)
[2026-01-16 23:13:10,678][flwr][DEBUG] - evaluate_round 24: strategy sampled 6 clients (out of 12)
[2026-01-16 23:13:11,040][flwr][DEBUG] - evaluate_round 24 received 6 results and 0 failures
[2026-01-16 23:13:11,040][flwr][DEBUG] - fit_round 25: strategy sampled 6 clients (out of 12)
[2026-01-16 23:13:17,728][flwr][DEBUG] - fit_round 25 received 6 results and 0 failures
[2026-01-16 23:13:17,915][flwr][INFO] - fit progress: (25, 0.03949107122658906, {'rmse': 4240.503272018546, 'mae': 1630.2564697265625, 'r2': 0.8716158218154436, 'mape': 6.778763771057129, 'accuracy_10': 80.09027242660522, 'accuracy_20': 94.63390111923218}, 186.3257636659837)
[2026-01-16 23:13:17,916][flwr][DEBUG] - evaluate_round 25: strategy sampled 6 clients (out of 12)
[2026-01-16 23:13:18,092][flwr][DEBUG] - evaluate_round 25 received 6 results and 0 failures
[2026-01-16 23:13:18,093][flwr][INFO] - FL finished in 186.50329887500266
[2026-01-16 23:13:18,093][flwr][INFO] - app_fit: losses_distributed [(1, 0.19725549277425655), (2, 0.10560977486009038), (3, 0.10475475240379115), (4, 0.09773889455177186), (5, 0.0967989166317261), (6, 0.06012430468258089), (7, 0.06603674319332138), (8, 0.06625772481285092), (9, 0.029233300359919667), (10, 0.040006442527032074), (11, 0.10005081639028332), (12, 0.10342273334075945), (13, 0.08873753133145161), (14, 0.050109377710182465), (15, 0.0501324833769513), (16, 0.03569253482488069), (17, 0.04608436433806939), (18, 0.031073150270047686), (19, 0.060548131670290176), (20, 0.07067801740257114), (21, 0.028015500644237187), (22, 0.047021913168762385), (23, 0.04733235074149041), (24, 0.060120398054682396), (25, 0.031026540601507148)]
[2026-01-16 23:13:18,094][flwr][INFO] - app_fit: metrics_distributed_fit {'scaffold_updates': [(1, 6), (2, 6), (3, 6), (4, 6), (5, 6), (6, 6), (7, 6), (8, 6), (9, 6), (10, 6), (11, 6), (12, 6), (13, 6), (14, 6), (15, 6), (16, 6), (17, 6), (18, 6), (19, 6), (20, 6), (21, 6), (22, 6), (23, 6), (24, 6), (25, 6)], 'avg_control_delta_norm': [(1, 2.154949684645217), (2, 1.0566214747887), (3, 0.7171725440037369), (4, 0.5424553443212962), (5, 0.5383973960715568), (6, 0.49961345579597527), (7, 0.39234123410320554), (8, 0.4041106431914474), (9, 0.3700642761453789), (10, 0.42885516626574277), (11, 0.35641812532649003), (12, 0.358713416791591), (13, 0.24581953552039196), (14, 0.3088044023035556), (15, 0.36376617628576313), (16, 0.25791737255720787), (17, 0.2927294806227542), (18, 0.3111911113324813), (19, 0.28985826441262585), (20, 0.22589585393078238), (21, 0.3086713549274449), (22, 0.246535466601258), (23, 0.24356975349101495), (24, 0.24846685215079645), (25, 0.23202250382947162)]}
[2026-01-16 23:13:18,094][flwr][INFO] - app_fit: metrics_distributed {}
[2026-01-16 23:13:18,094][flwr][INFO] - app_fit: losses_centralized [(0, 3.751187844883834), (1, 0.2141074775124983), (2, 0.10321349478181949), (3, 0.08623095743036796), (4, 0.08171522598937826), (5, 0.0795154375974145), (6, 0.0615472859117308), (7, 0.05674587203789439), (8, 0.053954785992368054), (9, 0.05131467268498635), (10, 0.07569929790882059), (11, 0.05047860189267213), (12, 0.05811277084863383), (13, 0.0486416826902729), (14, 0.045112743467436274), (15, 0.051153193518459615), (16, 0.04540219321125818), (17, 0.04383855249915821), (18, 0.044325875833914535), (19, 0.043592051385248916), (20, 0.042375734398177003), (21, 0.04210130565257046), (22, 0.04185203384372631), (23, 0.04273958110372903), (24, 0.04025197584170814), (25, 0.03949107122658906)]
[2026-01-16 23:13:18,094][flwr][INFO] - app_fit: metrics_centralized {'rmse': [(0, 15582.423431546198), (1, 5341.526935249883), (2, 4575.054316617454), (3, 4336.588520945929), (4, 4515.976749275842), (5, 4632.709142607595), (6, 4201.034634468037), (7, 4189.471565722818), (8, 4268.3235584946), (9, 4104.426878383875), (10, 4929.046560948679), (11, 4105.345539659238), (12, 4315.065005304092), (13, 4079.2062953471723), (14, 4204.714496847557), (15, 4181.1751936507035), (16, 4099.928048149138), (17, 4093.3526601063827), (18, 4093.978138681251), (19, 4063.318717501742), (20, 4063.2835244417784), (21, 4114.893680278994), (22, 4258.0671671546), (23, 4318.425870615357), (24, 4084.746870982338), (25, 4240.503272018546)], 'mae': [(0, 10182.001953125), (1, 3283.02099609375), (2, 2390.173583984375), (3, 2109.9111328125), (4, 1966.6939697265625), (5, 1907.30810546875), (6, 1772.5018310546875), (7, 1713.1669921875), (8, 1828.4522705078125), (9, 1665.4263916015625), (10, 1785.358154296875), (11, 1589.7578125), (12, 1530.9686279296875), (13, 1538.3018798828125), (14, 1677.1322021484375), (15, 1493.095947265625), (16, 1552.32080078125), (17, 1574.141357421875), (18, 1580.5181884765625), (19, 1562.6336669921875), (20, 1502.469970703125), (21, 1584.3284912109375), (22, 1700.8511962890625), (23, 1752.7900390625), (24, 1494.9654541015625), (25, 1630.2564697265625)], 'r2': [(0, -0.733591274930137), (1, 0.79629224305002), (2, 0.8505591791642448), (3, 0.8657318102365824), (4, 0.8543937207017431), (5, 0.8467689435955246), (6, 0.8739945727608136), (7, 0.8746872623375623), (8, 0.8699257272983901), (9, 0.8797232274620626), (10, 0.8265387150570953), (11, 0.8796693812639929), (12, 0.8670613119517998), (13, 0.8811968225712703), (14, 0.8737737322186552), (15, 0.875183090272832), (16, 0.8799867460476318), (17, 0.8803713910801187), (18, 0.8803348287563307), (19, 0.8821204428942554), (20, 0.882122481467463), (21, 0.879109008287812), (22, 0.8705501026736929), (23, 0.8668541401163283), (24, 0.8808738773768003), (25, 0.8716158218154436)], 'mape': [(0, 51.084510803222656), (1, 19.76776123046875), (2, 13.287107467651367), (3, 11.716094970703125), (4, 10.657723426818848), (5, 10.228702545166016), (6, 9.123258590698242), (7, 8.546566009521484), (8, 8.55125904083252), (9, 8.136393547058105), (10, 9.411897659301758), (11, 7.801431655883789), (12, 7.970473289489746), (13, 7.4465179443359375), (14, 7.427793025970459), (15, 7.492154121398926), (16, 7.309517860412598), (17, 7.20291805267334), (18, 7.299750328063965), (19, 7.254572868347168), (20, 6.996509552001953), (21, 7.133015155792236), (22, 7.187966346740723), (23, 7.37590217590332), (24, 6.789530277252197), (25, 6.778763771057129)], 'accuracy_10': [(0, 6.068204715847969), (1, 24.122367799282074), (2, 49.799397587776184), (3, 57.47241973876953), (4, 68.25476288795471), (5, 70.51153182983398), (6, 71.91574573516846), (7, 75.32597780227661), (8, 70.21062970161438), (9, 76.83049440383911), (10, 77.23169326782227), (11, 79.48846817016602), (12, 81.34403228759766), (13, 81.04313015937805), (14, 77.28184461593628), (15, 82.99899697303772), (16, 80.5917739868164), (17, 79.88966703414917), (18, 80.14042377471924), (19, 81.4944863319397), (20, 83.1995964050293), (21, 81.24372959136963), (22, 77.53259539604187), (23, 76.52958631515503), (24, 83.70110392570496), (25, 80.09027242660522)], 'accuracy_20': [(0, 13.03911805152893), (1, 56.06820583343506), (2, 82.84854292869568), (3, 86.76028251647949), (4, 87.86358833312988), (5, 88.86659741401672), (6, 90.82247018814087), (7, 90.92276692390442), (8, 92.67803430557251), (9, 91.52457118034363), (10, 88.86659741401672), (11, 91.67502522468567), (12, 90.52156209945679), (13, 91.7753279209137), (14, 93.58074069023132), (15, 91.57472252845764), (16, 92.97893643379211), (17, 93.07923913002014), (18, 93.07923913002014), (19, 93.38014125823975), (20, 93.48044395446777), (21, 94.03209686279297), (22, 94.78435516357422), (23, 94.78435516357422), (24, 94.33299899101257), (25, 94.63390111923218)]}
