[2026-01-11 12:54:43,876][flwr][INFO] - Starting Flower simulation, config: ServerConfig(num_rounds=50, round_timeout=None)
[2026-01-11 12:54:48,854][flwr][INFO] - Flower VCE: Ray initialized with resources: {'memory': 11902485300.0, 'object_store_memory': 2147483648.0, 'CPU': 10.0, 'node:127.0.0.1': 1.0}
[2026-01-11 12:54:48,855][flwr][INFO] - Initializing global parameters
[2026-01-11 12:54:48,855][flwr][INFO] - Using initial parameters provided by strategy
[2026-01-11 12:54:48,855][flwr][INFO] - Evaluating initial parameters
[2026-01-11 12:54:48,882][flwr][INFO] - initial parameters (loss, other metrics): 68.07474291324615, {'accuracy': 0.507}
[2026-01-11 12:54:48,882][flwr][INFO] - FL starting
[2026-01-11 12:54:48,882][flwr][DEBUG] - fit_round 1: strategy sampled 100 clients (out of 100)
[2026-01-11 12:54:54,992][flwr][DEBUG] - fit_round 1 received 100 results and 0 failures
[2026-01-11 12:54:55,037][flwr][WARNING] - No fit_metrics_aggregation_fn provided
[2026-01-11 12:54:55,065][flwr][INFO] - fit progress: (1, 66.02451688051224, {'accuracy': 0.507}, 6.182199957998819)
[2026-01-11 12:54:55,065][flwr][DEBUG] - evaluate_round 1: strategy sampled 100 clients (out of 100)
[2026-01-11 12:54:55,470][flwr][DEBUG] - evaluate_round 1 received 100 results and 0 failures
[2026-01-11 12:54:55,470][flwr][WARNING] - No evaluate_metrics_aggregation_fn provided
[2026-01-11 12:54:55,471][flwr][DEBUG] - fit_round 2: strategy sampled 100 clients (out of 100)
[2026-01-11 12:54:56,075][flwr][DEBUG] - fit_round 2 received 100 results and 0 failures
[2026-01-11 12:54:56,128][flwr][INFO] - fit progress: (2, 65.30094146728516, {'accuracy': 0.507}, 7.245746208005585)
[2026-01-11 12:54:56,128][flwr][DEBUG] - evaluate_round 2: strategy sampled 100 clients (out of 100)
[2026-01-11 12:54:56,537][flwr][DEBUG] - evaluate_round 2 received 100 results and 0 failures
[2026-01-11 12:54:56,537][flwr][DEBUG] - fit_round 3: strategy sampled 100 clients (out of 100)
[2026-01-11 12:54:57,021][flwr][DEBUG] - fit_round 3 received 100 results and 0 failures
[2026-01-11 12:54:57,073][flwr][INFO] - fit progress: (3, 65.24417245388031, {'accuracy': 0.507}, 8.19079700000293)
[2026-01-11 12:54:57,073][flwr][DEBUG] - evaluate_round 3: strategy sampled 100 clients (out of 100)
[2026-01-11 12:54:57,470][flwr][DEBUG] - evaluate_round 3 received 100 results and 0 failures
[2026-01-11 12:54:57,471][flwr][DEBUG] - fit_round 4: strategy sampled 100 clients (out of 100)
[2026-01-11 12:54:58,017][flwr][DEBUG] - fit_round 4 received 100 results and 0 failures
[2026-01-11 12:54:58,070][flwr][INFO] - fit progress: (4, 65.30588114261627, {'accuracy': 0.507}, 9.187141750007868)
[2026-01-11 12:54:58,070][flwr][DEBUG] - evaluate_round 4: strategy sampled 100 clients (out of 100)
[2026-01-11 12:54:58,466][flwr][DEBUG] - evaluate_round 4 received 100 results and 0 failures
[2026-01-11 12:54:58,466][flwr][DEBUG] - fit_round 5: strategy sampled 100 clients (out of 100)
[2026-01-11 12:54:58,942][flwr][DEBUG] - fit_round 5 received 100 results and 0 failures
[2026-01-11 12:54:58,994][flwr][INFO] - fit progress: (5, 65.2543175816536, {'accuracy': 0.507}, 10.111207042005844)
[2026-01-11 12:54:58,994][flwr][DEBUG] - evaluate_round 5: strategy sampled 100 clients (out of 100)
[2026-01-11 12:54:59,386][flwr][DEBUG] - evaluate_round 5 received 100 results and 0 failures
[2026-01-11 12:54:59,386][flwr][DEBUG] - fit_round 6: strategy sampled 100 clients (out of 100)
[2026-01-11 12:54:59,904][flwr][DEBUG] - fit_round 6 received 100 results and 0 failures
[2026-01-11 12:55:00,141][flwr][INFO] - fit progress: (6, 64.9583711028099, {'accuracy': 0.5075}, 11.258274292005808)
[2026-01-11 12:55:00,141][flwr][DEBUG] - evaluate_round 6: strategy sampled 100 clients (out of 100)
[2026-01-11 12:55:01,094][flwr][DEBUG] - evaluate_round 6 received 100 results and 0 failures
[2026-01-11 12:55:01,096][flwr][DEBUG] - fit_round 7: strategy sampled 100 clients (out of 100)
[2026-01-11 12:55:01,704][flwr][DEBUG] - fit_round 7 received 100 results and 0 failures
[2026-01-11 12:55:01,773][flwr][INFO] - fit progress: (7, 64.49387288093567, {'accuracy': 0.5085}, 12.890213417005725)
[2026-01-11 12:55:01,773][flwr][DEBUG] - evaluate_round 7: strategy sampled 100 clients (out of 100)
[2026-01-11 12:55:02,191][flwr][DEBUG] - evaluate_round 7 received 100 results and 0 failures
[2026-01-11 12:55:02,191][flwr][DEBUG] - fit_round 8: strategy sampled 100 clients (out of 100)
[2026-01-11 12:55:02,683][flwr][DEBUG] - fit_round 8 received 100 results and 0 failures
[2026-01-11 12:55:02,736][flwr][INFO] - fit progress: (8, 63.864157259464264, {'accuracy': 0.512}, 13.852906458007055)
[2026-01-11 12:55:02,736][flwr][DEBUG] - evaluate_round 8: strategy sampled 100 clients (out of 100)
[2026-01-11 12:55:03,140][flwr][DEBUG] - evaluate_round 8 received 100 results and 0 failures
[2026-01-11 12:55:03,140][flwr][DEBUG] - fit_round 9: strategy sampled 100 clients (out of 100)
[2026-01-11 12:55:03,622][flwr][DEBUG] - fit_round 9 received 100 results and 0 failures
[2026-01-11 12:55:03,679][flwr][INFO] - fit progress: (9, 63.07646960020065, {'accuracy': 0.5175}, 14.795957000009366)
[2026-01-11 12:55:03,679][flwr][DEBUG] - evaluate_round 9: strategy sampled 100 clients (out of 100)
[2026-01-11 12:55:04,070][flwr][DEBUG] - evaluate_round 9 received 100 results and 0 failures
[2026-01-11 12:55:04,071][flwr][DEBUG] - fit_round 10: strategy sampled 100 clients (out of 100)
[2026-01-11 12:55:04,557][flwr][DEBUG] - fit_round 10 received 100 results and 0 failures
[2026-01-11 12:55:04,610][flwr][INFO] - fit progress: (10, 62.17272222042084, {'accuracy': 0.524}, 15.726876958011417)
[2026-01-11 12:55:04,610][flwr][DEBUG] - evaluate_round 10: strategy sampled 100 clients (out of 100)
[2026-01-11 12:55:04,991][flwr][DEBUG] - evaluate_round 10 received 100 results and 0 failures
[2026-01-11 12:55:04,992][flwr][DEBUG] - fit_round 11: strategy sampled 100 clients (out of 100)
[2026-01-11 12:55:05,472][flwr][DEBUG] - fit_round 11 received 100 results and 0 failures
[2026-01-11 12:55:05,527][flwr][INFO] - fit progress: (11, 61.20158326625824, {'accuracy': 0.5365}, 16.644447875005426)
[2026-01-11 12:55:05,527][flwr][DEBUG] - evaluate_round 11: strategy sampled 100 clients (out of 100)
[2026-01-11 12:55:05,907][flwr][DEBUG] - evaluate_round 11 received 100 results and 0 failures
[2026-01-11 12:55:05,907][flwr][DEBUG] - fit_round 12: strategy sampled 100 clients (out of 100)
[2026-01-11 12:55:06,401][flwr][DEBUG] - fit_round 12 received 100 results and 0 failures
[2026-01-11 12:55:06,453][flwr][INFO] - fit progress: (12, 60.12193548679352, {'accuracy': 0.5515}, 17.570460833012476)
[2026-01-11 12:55:06,453][flwr][DEBUG] - evaluate_round 12: strategy sampled 100 clients (out of 100)
[2026-01-11 12:55:06,946][flwr][DEBUG] - evaluate_round 12 received 100 results and 0 failures
[2026-01-11 12:55:06,947][flwr][DEBUG] - fit_round 13: strategy sampled 100 clients (out of 100)
[2026-01-11 12:55:07,468][flwr][DEBUG] - fit_round 13 received 100 results and 0 failures
[2026-01-11 12:55:07,519][flwr][INFO] - fit progress: (13, 59.07224231958389, {'accuracy': 0.5675}, 18.636405833007302)
[2026-01-11 12:55:07,519][flwr][DEBUG] - evaluate_round 13: strategy sampled 100 clients (out of 100)
[2026-01-11 12:55:08,008][flwr][DEBUG] - evaluate_round 13 received 100 results and 0 failures
[2026-01-11 12:55:08,009][flwr][DEBUG] - fit_round 14: strategy sampled 100 clients (out of 100)
[2026-01-11 12:55:08,559][flwr][DEBUG] - fit_round 14 received 100 results and 0 failures
[2026-01-11 12:55:08,616][flwr][INFO] - fit progress: (14, 58.06751734018326, {'accuracy': 0.5765}, 19.732817583004362)
[2026-01-11 12:55:08,616][flwr][DEBUG] - evaluate_round 14: strategy sampled 100 clients (out of 100)
[2026-01-11 12:55:09,016][flwr][DEBUG] - evaluate_round 14 received 100 results and 0 failures
[2026-01-11 12:55:09,017][flwr][DEBUG] - fit_round 15: strategy sampled 100 clients (out of 100)
[2026-01-11 12:55:09,498][flwr][DEBUG] - fit_round 15 received 100 results and 0 failures
[2026-01-11 12:55:09,548][flwr][INFO] - fit progress: (15, 57.08924728631973, {'accuracy': 0.5785}, 20.665245875003166)
[2026-01-11 12:55:09,548][flwr][DEBUG] - evaluate_round 15: strategy sampled 100 clients (out of 100)
[2026-01-11 12:55:09,941][flwr][DEBUG] - evaluate_round 15 received 100 results and 0 failures
[2026-01-11 12:55:09,942][flwr][DEBUG] - fit_round 16: strategy sampled 100 clients (out of 100)
[2026-01-11 12:55:11,404][flwr][DEBUG] - fit_round 16 received 100 results and 0 failures
[2026-01-11 12:55:11,472][flwr][INFO] - fit progress: (16, 56.2811661362648, {'accuracy': 0.585}, 22.589526708004996)
[2026-01-11 12:55:11,473][flwr][DEBUG] - evaluate_round 16: strategy sampled 100 clients (out of 100)
[2026-01-11 12:55:11,892][flwr][DEBUG] - evaluate_round 16 received 100 results and 0 failures
[2026-01-11 12:55:11,893][flwr][DEBUG] - fit_round 17: strategy sampled 100 clients (out of 100)
[2026-01-11 12:55:12,415][flwr][DEBUG] - fit_round 17 received 100 results and 0 failures
[2026-01-11 12:55:12,467][flwr][INFO] - fit progress: (17, 55.59583342075348, {'accuracy': 0.587}, 23.584212417001254)
[2026-01-11 12:55:12,467][flwr][DEBUG] - evaluate_round 17: strategy sampled 100 clients (out of 100)
[2026-01-11 12:55:12,864][flwr][DEBUG] - evaluate_round 17 received 100 results and 0 failures
[2026-01-11 12:55:12,864][flwr][DEBUG] - fit_round 18: strategy sampled 100 clients (out of 100)
[2026-01-11 12:55:13,326][flwr][DEBUG] - fit_round 18 received 100 results and 0 failures
[2026-01-11 12:55:13,380][flwr][INFO] - fit progress: (18, 55.00058168172836, {'accuracy': 0.59}, 24.4968664580083)
[2026-01-11 12:55:13,380][flwr][DEBUG] - evaluate_round 18: strategy sampled 100 clients (out of 100)
[2026-01-11 12:55:13,776][flwr][DEBUG] - evaluate_round 18 received 100 results and 0 failures
[2026-01-11 12:55:13,776][flwr][DEBUG] - fit_round 19: strategy sampled 100 clients (out of 100)
[2026-01-11 12:55:14,360][flwr][DEBUG] - fit_round 19 received 100 results and 0 failures
[2026-01-11 12:55:14,417][flwr][INFO] - fit progress: (19, 54.48143970966339, {'accuracy': 0.5915}, 25.53417100000661)
[2026-01-11 12:55:14,417][flwr][DEBUG] - evaluate_round 19: strategy sampled 100 clients (out of 100)
[2026-01-11 12:55:14,928][flwr][DEBUG] - evaluate_round 19 received 100 results and 0 failures
[2026-01-11 12:55:14,928][flwr][DEBUG] - fit_round 20: strategy sampled 100 clients (out of 100)
[2026-01-11 12:55:15,435][flwr][DEBUG] - fit_round 20 received 100 results and 0 failures
[2026-01-11 12:55:15,487][flwr][INFO] - fit progress: (20, 54.07871329784393, {'accuracy': 0.592}, 26.604072166999686)
[2026-01-11 12:55:15,487][flwr][DEBUG] - evaluate_round 20: strategy sampled 100 clients (out of 100)
[2026-01-11 12:55:15,955][flwr][DEBUG] - evaluate_round 20 received 100 results and 0 failures
[2026-01-11 12:55:15,956][flwr][DEBUG] - fit_round 21: strategy sampled 100 clients (out of 100)
[2026-01-11 12:55:16,481][flwr][DEBUG] - fit_round 21 received 100 results and 0 failures
[2026-01-11 12:55:16,535][flwr][INFO] - fit progress: (21, 53.80020350217819, {'accuracy': 0.5925}, 27.652160958008608)
[2026-01-11 12:55:16,535][flwr][DEBUG] - evaluate_round 21: strategy sampled 100 clients (out of 100)
[2026-01-11 12:55:17,045][flwr][DEBUG] - evaluate_round 21 received 100 results and 0 failures
[2026-01-11 12:55:17,045][flwr][DEBUG] - fit_round 22: strategy sampled 100 clients (out of 100)
[2026-01-11 12:55:17,557][flwr][DEBUG] - fit_round 22 received 100 results and 0 failures
[2026-01-11 12:55:17,611][flwr][INFO] - fit progress: (22, 53.58444720506668, {'accuracy': 0.592}, 28.727934458001982)
[2026-01-11 12:55:17,611][flwr][DEBUG] - evaluate_round 22: strategy sampled 100 clients (out of 100)
[2026-01-11 12:55:18,008][flwr][DEBUG] - evaluate_round 22 received 100 results and 0 failures
[2026-01-11 12:55:18,008][flwr][DEBUG] - fit_round 23: strategy sampled 100 clients (out of 100)
[2026-01-11 12:55:18,488][flwr][DEBUG] - fit_round 23 received 100 results and 0 failures
[2026-01-11 12:55:18,540][flwr][INFO] - fit progress: (23, 53.44574820995331, {'accuracy': 0.592}, 29.657011041999795)
[2026-01-11 12:55:18,540][flwr][DEBUG] - evaluate_round 23: strategy sampled 100 clients (out of 100)
[2026-01-11 12:55:18,941][flwr][DEBUG] - evaluate_round 23 received 100 results and 0 failures
[2026-01-11 12:55:18,942][flwr][DEBUG] - fit_round 24: strategy sampled 100 clients (out of 100)
[2026-01-11 12:55:19,472][flwr][DEBUG] - fit_round 24 received 100 results and 0 failures
[2026-01-11 12:55:19,526][flwr][INFO] - fit progress: (24, 53.15546613931656, {'accuracy': 0.592}, 30.64282004200504)
[2026-01-11 12:55:19,526][flwr][DEBUG] - evaluate_round 24: strategy sampled 100 clients (out of 100)
[2026-01-11 12:55:19,922][flwr][DEBUG] - evaluate_round 24 received 100 results and 0 failures
[2026-01-11 12:55:19,922][flwr][DEBUG] - fit_round 25: strategy sampled 100 clients (out of 100)
[2026-01-11 12:55:20,400][flwr][DEBUG] - fit_round 25 received 100 results and 0 failures
[2026-01-11 12:55:20,450][flwr][INFO] - fit progress: (25, 53.041084825992584, {'accuracy': 0.593}, 31.56754008300777)
[2026-01-11 12:55:20,451][flwr][DEBUG] - evaluate_round 25: strategy sampled 100 clients (out of 100)
[2026-01-11 12:55:20,846][flwr][DEBUG] - evaluate_round 25 received 100 results and 0 failures
[2026-01-11 12:55:20,846][flwr][DEBUG] - fit_round 26: strategy sampled 100 clients (out of 100)
[2026-01-11 12:55:21,315][flwr][DEBUG] - fit_round 26 received 100 results and 0 failures
[2026-01-11 12:55:21,368][flwr][INFO] - fit progress: (26, 52.985019862651825, {'accuracy': 0.5915}, 32.48475329201028)
[2026-01-11 12:55:21,368][flwr][DEBUG] - evaluate_round 26: strategy sampled 100 clients (out of 100)
[2026-01-11 12:55:21,769][flwr][DEBUG] - evaluate_round 26 received 100 results and 0 failures
[2026-01-11 12:55:21,770][flwr][DEBUG] - fit_round 27: strategy sampled 100 clients (out of 100)
[2026-01-11 12:55:22,243][flwr][DEBUG] - fit_round 27 received 100 results and 0 failures
[2026-01-11 12:55:22,295][flwr][INFO] - fit progress: (27, 52.766285836696625, {'accuracy': 0.592}, 33.41255791700678)
[2026-01-11 12:55:22,296][flwr][DEBUG] - evaluate_round 27: strategy sampled 100 clients (out of 100)
[2026-01-11 12:55:22,685][flwr][DEBUG] - evaluate_round 27 received 100 results and 0 failures
[2026-01-11 12:55:22,685][flwr][DEBUG] - fit_round 28: strategy sampled 100 clients (out of 100)
[2026-01-11 12:55:23,190][flwr][DEBUG] - fit_round 28 received 100 results and 0 failures
[2026-01-11 12:55:23,243][flwr][INFO] - fit progress: (28, 52.65243101119995, {'accuracy': 0.591}, 34.3599623330083)
[2026-01-11 12:55:23,243][flwr][DEBUG] - evaluate_round 28: strategy sampled 100 clients (out of 100)
[2026-01-11 12:55:23,645][flwr][DEBUG] - evaluate_round 28 received 100 results and 0 failures
[2026-01-11 12:55:23,646][flwr][DEBUG] - fit_round 29: strategy sampled 100 clients (out of 100)
[2026-01-11 12:55:24,123][flwr][DEBUG] - fit_round 29 received 100 results and 0 failures
[2026-01-11 12:55:24,176][flwr][INFO] - fit progress: (29, 52.514536917209625, {'accuracy': 0.5905}, 35.29322958301054)
[2026-01-11 12:55:24,176][flwr][DEBUG] - evaluate_round 29: strategy sampled 100 clients (out of 100)
[2026-01-11 12:55:24,571][flwr][DEBUG] - evaluate_round 29 received 100 results and 0 failures
[2026-01-11 12:55:24,571][flwr][DEBUG] - fit_round 30: strategy sampled 100 clients (out of 100)
[2026-01-11 12:55:25,042][flwr][DEBUG] - fit_round 30 received 100 results and 0 failures
[2026-01-11 12:55:25,093][flwr][INFO] - fit progress: (30, 52.53491532802582, {'accuracy': 0.59}, 36.209627083007945)
[2026-01-11 12:55:25,093][flwr][DEBUG] - evaluate_round 30: strategy sampled 100 clients (out of 100)
[2026-01-11 12:55:25,478][flwr][DEBUG] - evaluate_round 30 received 100 results and 0 failures
[2026-01-11 12:55:25,479][flwr][DEBUG] - fit_round 31: strategy sampled 100 clients (out of 100)
[2026-01-11 12:55:25,971][flwr][DEBUG] - fit_round 31 received 100 results and 0 failures
[2026-01-11 12:55:26,024][flwr][INFO] - fit progress: (31, 52.495848178863525, {'accuracy': 0.59}, 37.141150583003764)
[2026-01-11 12:55:26,024][flwr][DEBUG] - evaluate_round 31: strategy sampled 100 clients (out of 100)
[2026-01-11 12:55:26,409][flwr][DEBUG] - evaluate_round 31 received 100 results and 0 failures
[2026-01-11 12:55:26,410][flwr][DEBUG] - fit_round 32: strategy sampled 100 clients (out of 100)
[2026-01-11 12:55:26,911][flwr][DEBUG] - fit_round 32 received 100 results and 0 failures
[2026-01-11 12:55:26,966][flwr][INFO] - fit progress: (32, 52.34349179267883, {'accuracy': 0.5895}, 38.08253975000116)
[2026-01-11 12:55:26,966][flwr][DEBUG] - evaluate_round 32: strategy sampled 100 clients (out of 100)
[2026-01-11 12:55:27,352][flwr][DEBUG] - evaluate_round 32 received 100 results and 0 failures
[2026-01-11 12:55:27,352][flwr][DEBUG] - fit_round 33: strategy sampled 100 clients (out of 100)
[2026-01-11 12:55:27,869][flwr][DEBUG] - fit_round 33 received 100 results and 0 failures
[2026-01-11 12:55:27,927][flwr][INFO] - fit progress: (33, 52.35725784301758, {'accuracy': 0.589}, 39.04432500000985)
[2026-01-11 12:55:27,928][flwr][DEBUG] - evaluate_round 33: strategy sampled 100 clients (out of 100)
[2026-01-11 12:55:28,325][flwr][DEBUG] - evaluate_round 33 received 100 results and 0 failures
[2026-01-11 12:55:28,326][flwr][DEBUG] - fit_round 34: strategy sampled 100 clients (out of 100)
[2026-01-11 12:55:28,805][flwr][DEBUG] - fit_round 34 received 100 results and 0 failures
[2026-01-11 12:55:28,859][flwr][INFO] - fit progress: (34, 52.35332599282265, {'accuracy': 0.5895}, 39.97552187500696)
[2026-01-11 12:55:28,859][flwr][DEBUG] - evaluate_round 34: strategy sampled 100 clients (out of 100)
[2026-01-11 12:55:29,258][flwr][DEBUG] - evaluate_round 34 received 100 results and 0 failures
[2026-01-11 12:55:29,259][flwr][DEBUG] - fit_round 35: strategy sampled 100 clients (out of 100)
[2026-01-11 12:55:29,735][flwr][DEBUG] - fit_round 35 received 100 results and 0 failures
[2026-01-11 12:55:29,788][flwr][INFO] - fit progress: (35, 52.23316887021065, {'accuracy': 0.589}, 40.905188583012205)
[2026-01-11 12:55:29,788][flwr][DEBUG] - evaluate_round 35: strategy sampled 100 clients (out of 100)
[2026-01-11 12:55:30,174][flwr][DEBUG] - evaluate_round 35 received 100 results and 0 failures
[2026-01-11 12:55:30,174][flwr][DEBUG] - fit_round 36: strategy sampled 100 clients (out of 100)
[2026-01-11 12:55:30,694][flwr][DEBUG] - fit_round 36 received 100 results and 0 failures
[2026-01-11 12:55:30,749][flwr][INFO] - fit progress: (36, 52.07120597362518, {'accuracy': 0.589}, 41.865745957999025)
[2026-01-11 12:55:30,749][flwr][DEBUG] - evaluate_round 36: strategy sampled 100 clients (out of 100)
[2026-01-11 12:55:31,141][flwr][DEBUG] - evaluate_round 36 received 100 results and 0 failures
[2026-01-11 12:55:31,141][flwr][DEBUG] - fit_round 37: strategy sampled 100 clients (out of 100)
[2026-01-11 12:55:31,632][flwr][DEBUG] - fit_round 37 received 100 results and 0 failures
[2026-01-11 12:55:31,688][flwr][INFO] - fit progress: (37, 52.22313275933266, {'accuracy': 0.589}, 42.80447191699932)
[2026-01-11 12:55:31,688][flwr][DEBUG] - evaluate_round 37: strategy sampled 100 clients (out of 100)
[2026-01-11 12:55:32,111][flwr][DEBUG] - evaluate_round 37 received 100 results and 0 failures
[2026-01-11 12:55:32,112][flwr][DEBUG] - fit_round 38: strategy sampled 100 clients (out of 100)
[2026-01-11 12:55:32,594][flwr][DEBUG] - fit_round 38 received 100 results and 0 failures
[2026-01-11 12:55:32,650][flwr][INFO] - fit progress: (38, 52.137342393398285, {'accuracy': 0.59}, 43.766929417004576)
[2026-01-11 12:55:32,650][flwr][DEBUG] - evaluate_round 38: strategy sampled 100 clients (out of 100)
[2026-01-11 12:55:33,036][flwr][DEBUG] - evaluate_round 38 received 100 results and 0 failures
[2026-01-11 12:55:33,037][flwr][DEBUG] - fit_round 39: strategy sampled 100 clients (out of 100)
[2026-01-11 12:55:33,536][flwr][DEBUG] - fit_round 39 received 100 results and 0 failures
[2026-01-11 12:55:33,591][flwr][INFO] - fit progress: (39, 52.169196754693985, {'accuracy': 0.5895}, 44.7083043330058)
[2026-01-11 12:55:33,592][flwr][DEBUG] - evaluate_round 39: strategy sampled 100 clients (out of 100)
[2026-01-11 12:55:33,981][flwr][DEBUG] - evaluate_round 39 received 100 results and 0 failures
[2026-01-11 12:55:33,981][flwr][DEBUG] - fit_round 40: strategy sampled 100 clients (out of 100)
[2026-01-11 12:55:34,462][flwr][DEBUG] - fit_round 40 received 100 results and 0 failures
[2026-01-11 12:55:34,515][flwr][INFO] - fit progress: (40, 52.0122466981411, {'accuracy': 0.59}, 45.631832083003246)
[2026-01-11 12:55:34,515][flwr][DEBUG] - evaluate_round 40: strategy sampled 100 clients (out of 100)
[2026-01-11 12:55:34,955][flwr][DEBUG] - evaluate_round 40 received 100 results and 0 failures
[2026-01-11 12:55:34,956][flwr][DEBUG] - fit_round 41: strategy sampled 100 clients (out of 100)
[2026-01-11 12:55:35,435][flwr][DEBUG] - fit_round 41 received 100 results and 0 failures
[2026-01-11 12:55:35,488][flwr][INFO] - fit progress: (41, 51.90967866778374, {'accuracy': 0.5895}, 46.60501466700225)
[2026-01-11 12:55:35,488][flwr][DEBUG] - evaluate_round 41: strategy sampled 100 clients (out of 100)
[2026-01-11 12:55:35,881][flwr][DEBUG] - evaluate_round 41 received 100 results and 0 failures
[2026-01-11 12:55:35,881][flwr][DEBUG] - fit_round 42: strategy sampled 100 clients (out of 100)
[2026-01-11 12:55:36,350][flwr][DEBUG] - fit_round 42 received 100 results and 0 failures
[2026-01-11 12:55:36,401][flwr][INFO] - fit progress: (42, 51.96022546291351, {'accuracy': 0.5905}, 47.51817125000525)
[2026-01-11 12:55:36,401][flwr][DEBUG] - evaluate_round 42: strategy sampled 100 clients (out of 100)
[2026-01-11 12:55:36,798][flwr][DEBUG] - evaluate_round 42 received 100 results and 0 failures
[2026-01-11 12:55:36,798][flwr][DEBUG] - fit_round 43: strategy sampled 100 clients (out of 100)
[2026-01-11 12:55:37,265][flwr][DEBUG] - fit_round 43 received 100 results and 0 failures
[2026-01-11 12:55:37,317][flwr][INFO] - fit progress: (43, 52.01680526137352, {'accuracy': 0.5905}, 48.4338066670025)
[2026-01-11 12:55:37,317][flwr][DEBUG] - evaluate_round 43: strategy sampled 100 clients (out of 100)
[2026-01-11 12:55:37,709][flwr][DEBUG] - evaluate_round 43 received 100 results and 0 failures
[2026-01-11 12:55:37,709][flwr][DEBUG] - fit_round 44: strategy sampled 100 clients (out of 100)
[2026-01-11 12:55:38,182][flwr][DEBUG] - fit_round 44 received 100 results and 0 failures
[2026-01-11 12:55:38,236][flwr][INFO] - fit progress: (44, 51.91631418466568, {'accuracy': 0.59}, 49.35294187501131)
[2026-01-11 12:55:38,236][flwr][DEBUG] - evaluate_round 44: strategy sampled 100 clients (out of 100)
[2026-01-11 12:55:38,673][flwr][DEBUG] - evaluate_round 44 received 100 results and 0 failures
[2026-01-11 12:55:38,674][flwr][DEBUG] - fit_round 45: strategy sampled 100 clients (out of 100)
[2026-01-11 12:55:39,191][flwr][DEBUG] - fit_round 45 received 100 results and 0 failures
[2026-01-11 12:55:39,245][flwr][INFO] - fit progress: (45, 51.760016202926636, {'accuracy': 0.59}, 50.36148716699972)
[2026-01-11 12:55:39,245][flwr][DEBUG] - evaluate_round 45: strategy sampled 100 clients (out of 100)
[2026-01-11 12:55:39,646][flwr][DEBUG] - evaluate_round 45 received 100 results and 0 failures
[2026-01-11 12:55:39,646][flwr][DEBUG] - fit_round 46: strategy sampled 100 clients (out of 100)
[2026-01-11 12:55:40,163][flwr][DEBUG] - fit_round 46 received 100 results and 0 failures
[2026-01-11 12:55:40,217][flwr][INFO] - fit progress: (46, 51.842998057603836, {'accuracy': 0.5895}, 51.33366854200722)
[2026-01-11 12:55:40,217][flwr][DEBUG] - evaluate_round 46: strategy sampled 100 clients (out of 100)
[2026-01-11 12:55:40,602][flwr][DEBUG] - evaluate_round 46 received 100 results and 0 failures
[2026-01-11 12:55:40,603][flwr][DEBUG] - fit_round 47: strategy sampled 100 clients (out of 100)
[2026-01-11 12:55:41,089][flwr][DEBUG] - fit_round 47 received 100 results and 0 failures
[2026-01-11 12:55:41,141][flwr][INFO] - fit progress: (47, 51.6633306145668, {'accuracy': 0.59}, 52.2580643750116)
[2026-01-11 12:55:41,141][flwr][DEBUG] - evaluate_round 47: strategy sampled 100 clients (out of 100)
[2026-01-11 12:55:41,520][flwr][DEBUG] - evaluate_round 47 received 100 results and 0 failures
[2026-01-11 12:55:41,520][flwr][DEBUG] - fit_round 48: strategy sampled 100 clients (out of 100)
[2026-01-11 12:55:42,012][flwr][DEBUG] - fit_round 48 received 100 results and 0 failures
[2026-01-11 12:55:42,122][flwr][INFO] - fit progress: (48, 51.828045040369034, {'accuracy': 0.5885}, 53.23918104200857)
[2026-01-11 12:55:42,123][flwr][DEBUG] - evaluate_round 48: strategy sampled 100 clients (out of 100)
[2026-01-11 12:55:42,515][flwr][DEBUG] - evaluate_round 48 received 100 results and 0 failures
[2026-01-11 12:55:42,516][flwr][DEBUG] - fit_round 49: strategy sampled 100 clients (out of 100)
[2026-01-11 12:55:42,996][flwr][DEBUG] - fit_round 49 received 100 results and 0 failures
[2026-01-11 12:55:43,049][flwr][INFO] - fit progress: (49, 51.64148536324501, {'accuracy': 0.589}, 54.16628450001008)
[2026-01-11 12:55:43,050][flwr][DEBUG] - evaluate_round 49: strategy sampled 100 clients (out of 100)
[2026-01-11 12:55:43,439][flwr][DEBUG] - evaluate_round 49 received 100 results and 0 failures
[2026-01-11 12:55:43,439][flwr][DEBUG] - fit_round 50: strategy sampled 100 clients (out of 100)
[2026-01-11 12:55:43,910][flwr][DEBUG] - fit_round 50 received 100 results and 0 failures
[2026-01-11 12:55:43,961][flwr][INFO] - fit progress: (50, 51.43991073966026, {'accuracy': 0.591}, 55.07795737500419)
[2026-01-11 12:55:43,961][flwr][DEBUG] - evaluate_round 50: strategy sampled 100 clients (out of 100)
[2026-01-11 12:55:44,367][flwr][DEBUG] - evaluate_round 50 received 100 results and 0 failures
[2026-01-11 12:55:44,368][flwr][INFO] - FL finished in 55.48440083301102
[2026-01-11 12:55:44,368][flwr][INFO] - app_fit: losses_distributed [(1, 1.051251398520258), (2, 1.0419345143101728), (3, 1.0425107533343145), (4, 1.044252302561197), (5, 1.043665423192533), (6, 1.0389529532743396), (7, 1.0316273068947732), (8, 1.021552053734711), (9, 1.008959303214824), (10, 0.9944450794735052), (11, 0.9788904341448424), (12, 0.9617341129412288), (13, 0.9450863496876143), (14, 0.9291794207519232), (15, 0.9136196873124278), (16, 0.9007592562658117), (17, 0.8898400641104738), (18, 0.8803395802860781), (19, 0.8720344086182945), (20, 0.8655721882233169), (21, 0.8611302706534817), (22, 0.8576333821328427), (23, 0.8554636451062896), (24, 0.8508036168328189), (25, 0.8490325512027578), (26, 0.8481590239091673), (27, 0.844743200536474), (28, 0.8430339785396578), (29, 0.8408592744085163), (30, 0.8413095174016127), (31, 0.8407889081417361), (32, 0.8384170198264247), (33, 0.8387123438719325), (34, 0.838710065943796), (35, 0.8369461754178025), (36, 0.8344251646557495), (37, 0.8370064731106688), (38, 0.8356839586579081), (39, 0.8363613503581427), (40, 0.8339125495721863), (41, 0.8324180186574641), (42, 0.8332743752192583), (43, 0.8343085787164745), (44, 0.8327945481320426), (45, 0.8302854956450858), (46, 0.8317260779482784), (47, 0.828950294472523), (48, 0.8317235071843531), (49, 0.8287333245807675), (50, 0.8255396566700203)]
[2026-01-11 12:55:44,368][flwr][INFO] - app_fit: metrics_distributed_fit {}
[2026-01-11 12:55:44,368][flwr][INFO] - app_fit: metrics_distributed {}
[2026-01-11 12:55:44,368][flwr][INFO] - app_fit: losses_centralized [(0, 68.07474291324615), (1, 66.02451688051224), (2, 65.30094146728516), (3, 65.24417245388031), (4, 65.30588114261627), (5, 65.2543175816536), (6, 64.9583711028099), (7, 64.49387288093567), (8, 63.864157259464264), (9, 63.07646960020065), (10, 62.17272222042084), (11, 61.20158326625824), (12, 60.12193548679352), (13, 59.07224231958389), (14, 58.06751734018326), (15, 57.08924728631973), (16, 56.2811661362648), (17, 55.59583342075348), (18, 55.00058168172836), (19, 54.48143970966339), (20, 54.07871329784393), (21, 53.80020350217819), (22, 53.58444720506668), (23, 53.44574820995331), (24, 53.15546613931656), (25, 53.041084825992584), (26, 52.985019862651825), (27, 52.766285836696625), (28, 52.65243101119995), (29, 52.514536917209625), (30, 52.53491532802582), (31, 52.495848178863525), (32, 52.34349179267883), (33, 52.35725784301758), (34, 52.35332599282265), (35, 52.23316887021065), (36, 52.07120597362518), (37, 52.22313275933266), (38, 52.137342393398285), (39, 52.169196754693985), (40, 52.0122466981411), (41, 51.90967866778374), (42, 51.96022546291351), (43, 52.01680526137352), (44, 51.91631418466568), (45, 51.760016202926636), (46, 51.842998057603836), (47, 51.6633306145668), (48, 51.828045040369034), (49, 51.64148536324501), (50, 51.43991073966026)]
[2026-01-11 12:55:44,368][flwr][INFO] - app_fit: metrics_centralized {'accuracy': [(0, 0.507), (1, 0.507), (2, 0.507), (3, 0.507), (4, 0.507), (5, 0.507), (6, 0.5075), (7, 0.5085), (8, 0.512), (9, 0.5175), (10, 0.524), (11, 0.5365), (12, 0.5515), (13, 0.5675), (14, 0.5765), (15, 0.5785), (16, 0.585), (17, 0.587), (18, 0.59), (19, 0.5915), (20, 0.592), (21, 0.5925), (22, 0.592), (23, 0.592), (24, 0.592), (25, 0.593), (26, 0.5915), (27, 0.592), (28, 0.591), (29, 0.5905), (30, 0.59), (31, 0.59), (32, 0.5895), (33, 0.589), (34, 0.5895), (35, 0.589), (36, 0.589), (37, 0.589), (38, 0.59), (39, 0.5895), (40, 0.59), (41, 0.5895), (42, 0.5905), (43, 0.5905), (44, 0.59), (45, 0.59), (46, 0.5895), (47, 0.59), (48, 0.5885), (49, 0.589), (50, 0.591)]}
[2026-01-11 12:55:44,402][flwr][INFO] - Starting Flower simulation, config: ServerConfig(num_rounds=50, round_timeout=None)
[2026-01-11 12:55:51,932][flwr][INFO] - Flower VCE: Ray initialized with resources: {'memory': 12389344461.0, 'CPU': 10.0, 'object_store_memory': 2147483648.0, 'node:127.0.0.1': 1.0}
[2026-01-11 12:55:51,933][flwr][INFO] - Initializing global parameters
[2026-01-11 12:55:51,933][flwr][INFO] - Using initial parameters provided by strategy
[2026-01-11 12:55:51,933][flwr][INFO] - Evaluating initial parameters
[2026-01-11 12:55:51,956][flwr][INFO] - initial parameters (loss, other metrics): 67.88411092758179, {'accuracy': 0.3585, 'adaptive_mu': 0.1}
[2026-01-11 12:55:51,956][flwr][INFO] - FL starting
[2026-01-11 12:55:51,957][flwr][DEBUG] - fit_round 1: strategy sampled 100 clients (out of 100)
[2026-01-11 12:55:58,047][flwr][DEBUG] - fit_round 1 received 100 results and 0 failures
[2026-01-11 12:55:58,086][flwr][WARNING] - No fit_metrics_aggregation_fn provided
[2026-01-11 12:55:58,145][flwr][INFO] - fit progress: (1, 65.59690946340561, {'accuracy': 0.5075, 'adaptive_mu': 0.1}, 6.188298832988949)
[2026-01-11 12:55:58,145][flwr][DEBUG] - evaluate_round 1: strategy sampled 100 clients (out of 100)
[2026-01-11 12:55:59,232][flwr][DEBUG] - evaluate_round 1 received 100 results and 0 failures
[2026-01-11 12:55:59,232][flwr][WARNING] - No evaluate_metrics_aggregation_fn provided
[2026-01-11 12:55:59,233][flwr][DEBUG] - fit_round 2: strategy sampled 100 clients (out of 100)
[2026-01-11 12:56:00,506][flwr][DEBUG] - fit_round 2 received 100 results and 0 failures
[2026-01-11 12:56:00,605][flwr][INFO] - fit progress: (2, 64.69784814119339, {'accuracy': 0.5075, 'adaptive_mu': 0.1}, 8.649006041989196)
[2026-01-11 12:56:00,606][flwr][DEBUG] - evaluate_round 2: strategy sampled 100 clients (out of 100)
[2026-01-11 12:56:01,100][flwr][DEBUG] - evaluate_round 2 received 100 results and 0 failures
[2026-01-11 12:56:01,101][flwr][DEBUG] - fit_round 3: strategy sampled 100 clients (out of 100)
[2026-01-11 12:56:01,826][flwr][DEBUG] - fit_round 3 received 100 results and 0 failures
[2026-01-11 12:56:01,914][flwr][INFO] - fit progress: (3, 64.42924720048904, {'accuracy': 0.5075, 'adaptive_mu': 0.1}, 9.957834999993793)
[2026-01-11 12:56:01,914][flwr][DEBUG] - evaluate_round 3: strategy sampled 100 clients (out of 100)
[2026-01-11 12:56:02,320][flwr][DEBUG] - evaluate_round 3 received 100 results and 0 failures
[2026-01-11 12:56:02,321][flwr][DEBUG] - fit_round 4: strategy sampled 100 clients (out of 100)
[2026-01-11 12:56:02,884][flwr][DEBUG] - fit_round 4 received 100 results and 0 failures
[2026-01-11 12:56:02,971][flwr][INFO] - fit progress: (4, 64.40361022949219, {'accuracy': 0.5075, 'adaptive_mu': 0.15428379683485421}, 11.014306416996988)
[2026-01-11 12:56:02,971][flwr][DEBUG] - evaluate_round 4: strategy sampled 100 clients (out of 100)
[2026-01-11 12:56:03,350][flwr][DEBUG] - evaluate_round 4 received 100 results and 0 failures
[2026-01-11 12:56:03,350][flwr][DEBUG] - fit_round 5: strategy sampled 100 clients (out of 100)
[2026-01-11 12:56:03,883][flwr][DEBUG] - fit_round 5 received 100 results and 0 failures
[2026-01-11 12:56:03,966][flwr][INFO] - fit progress: (5, 64.37414437532425, {'accuracy': 0.5075, 'adaptive_mu': 0.19323754647179847}, 12.009802999993553)
[2026-01-11 12:56:03,966][flwr][DEBUG] - evaluate_round 5: strategy sampled 100 clients (out of 100)
[2026-01-11 12:56:04,333][flwr][DEBUG] - evaluate_round 5 received 100 results and 0 failures
[2026-01-11 12:56:04,333][flwr][DEBUG] - fit_round 6: strategy sampled 100 clients (out of 100)
[2026-01-11 12:56:04,853][flwr][DEBUG] - fit_round 6 received 100 results and 0 failures
[2026-01-11 12:56:04,936][flwr][INFO] - fit progress: (6, 64.20511382818222, {'accuracy': 0.508, 'adaptive_mu': 0.22042922910163704}, 12.98012695799116)
[2026-01-11 12:56:04,937][flwr][DEBUG] - evaluate_round 6: strategy sampled 100 clients (out of 100)
[2026-01-11 12:56:05,310][flwr][DEBUG] - evaluate_round 6 received 100 results and 0 failures
[2026-01-11 12:56:05,311][flwr][DEBUG] - fit_round 7: strategy sampled 100 clients (out of 100)
[2026-01-11 12:56:05,898][flwr][DEBUG] - fit_round 7 received 100 results and 0 failures
[2026-01-11 12:56:05,986][flwr][INFO] - fit progress: (7, 63.80690211057663, {'accuracy': 0.51, 'adaptive_mu': 0.24020880884814977}, 14.029794957998092)
[2026-01-11 12:56:05,986][flwr][DEBUG] - evaluate_round 7: strategy sampled 100 clients (out of 100)
[2026-01-11 12:56:06,392][flwr][DEBUG] - evaluate_round 7 received 100 results and 0 failures
[2026-01-11 12:56:06,393][flwr][DEBUG] - fit_round 8: strategy sampled 100 clients (out of 100)
[2026-01-11 12:56:06,936][flwr][DEBUG] - fit_round 8 received 100 results and 0 failures
[2026-01-11 12:56:07,108][flwr][INFO] - fit progress: (8, 63.216227769851685, {'accuracy': 0.515, 'adaptive_mu': 0.2549971248555686}, 15.151629749991116)
[2026-01-11 12:56:07,108][flwr][DEBUG] - evaluate_round 8: strategy sampled 100 clients (out of 100)
[2026-01-11 12:56:07,497][flwr][DEBUG] - evaluate_round 8 received 100 results and 0 failures
[2026-01-11 12:56:07,498][flwr][DEBUG] - fit_round 9: strategy sampled 100 clients (out of 100)
[2026-01-11 12:56:08,058][flwr][DEBUG] - fit_round 9 received 100 results and 0 failures
[2026-01-11 12:56:08,165][flwr][INFO] - fit progress: (9, 62.400668025016785, {'accuracy': 0.52, 'adaptive_mu': 0.26654224288495754}, 16.209064832990407)
[2026-01-11 12:56:08,168][flwr][DEBUG] - evaluate_round 9: strategy sampled 100 clients (out of 100)
[2026-01-11 12:56:08,541][flwr][DEBUG] - evaluate_round 9 received 100 results and 0 failures
[2026-01-11 12:56:08,542][flwr][DEBUG] - fit_round 10: strategy sampled 100 clients (out of 100)
[2026-01-11 12:56:09,795][flwr][DEBUG] - fit_round 10 received 100 results and 0 failures
[2026-01-11 12:56:09,886][flwr][INFO] - fit progress: (10, 61.44505673646927, {'accuracy': 0.531, 'adaptive_mu': 0.27564910808767473}, 17.930035457990016)
[2026-01-11 12:56:09,887][flwr][DEBUG] - evaluate_round 10: strategy sampled 100 clients (out of 100)
[2026-01-11 12:56:10,329][flwr][DEBUG] - evaluate_round 10 received 100 results and 0 failures
[2026-01-11 12:56:10,330][flwr][DEBUG] - fit_round 11: strategy sampled 100 clients (out of 100)
[2026-01-11 12:56:11,240][flwr][DEBUG] - fit_round 11 received 100 results and 0 failures
[2026-01-11 12:56:11,332][flwr][INFO] - fit progress: (11, 60.3951376080513, {'accuracy': 0.5405, 'adaptive_mu': 0.28314922818727584}, 19.375566707996768)
[2026-01-11 12:56:11,332][flwr][DEBUG] - evaluate_round 11: strategy sampled 100 clients (out of 100)
[2026-01-11 12:56:11,850][flwr][DEBUG] - evaluate_round 11 received 100 results and 0 failures
[2026-01-11 12:56:11,850][flwr][DEBUG] - fit_round 12: strategy sampled 100 clients (out of 100)
[2026-01-11 12:56:12,655][flwr][DEBUG] - fit_round 12 received 100 results and 0 failures
[2026-01-11 12:56:12,756][flwr][INFO] - fit progress: (12, 59.29999041557312, {'accuracy': 0.555, 'adaptive_mu': 0.28933208893349427}, 20.799898749988643)
[2026-01-11 12:56:12,757][flwr][DEBUG] - evaluate_round 12: strategy sampled 100 clients (out of 100)
[2026-01-11 12:56:13,182][flwr][DEBUG] - evaluate_round 12 received 100 results and 0 failures
[2026-01-11 12:56:13,182][flwr][DEBUG] - fit_round 13: strategy sampled 100 clients (out of 100)
[2026-01-11 12:56:13,804][flwr][DEBUG] - fit_round 13 received 100 results and 0 failures
[2026-01-11 12:56:13,898][flwr][INFO] - fit progress: (13, 58.21629196405411, {'accuracy': 0.565, 'adaptive_mu': 0.29448690789928644}, 21.941237958002603)
[2026-01-11 12:56:13,898][flwr][DEBUG] - evaluate_round 13: strategy sampled 100 clients (out of 100)
[2026-01-11 12:56:14,384][flwr][DEBUG] - evaluate_round 13 received 100 results and 0 failures
[2026-01-11 12:56:14,384][flwr][DEBUG] - fit_round 14: strategy sampled 100 clients (out of 100)
[2026-01-11 12:56:15,085][flwr][DEBUG] - fit_round 14 received 100 results and 0 failures
[2026-01-11 12:56:15,181][flwr][INFO] - fit progress: (14, 57.19292092323303, {'accuracy': 0.5745, 'adaptive_mu': 0.29873770447839565}, 23.22446591699554)
[2026-01-11 12:56:15,181][flwr][DEBUG] - evaluate_round 14: strategy sampled 100 clients (out of 100)
[2026-01-11 12:56:15,632][flwr][DEBUG] - evaluate_round 14 received 100 results and 0 failures
[2026-01-11 12:56:15,632][flwr][DEBUG] - fit_round 15: strategy sampled 100 clients (out of 100)
[2026-01-11 12:56:16,250][flwr][DEBUG] - fit_round 15 received 100 results and 0 failures
[2026-01-11 12:56:16,342][flwr][INFO] - fit progress: (15, 56.30627745389938, {'accuracy': 0.581, 'adaptive_mu': 0.30232109540340046}, 24.385541208001086)
[2026-01-11 12:56:16,342][flwr][DEBUG] - evaluate_round 15: strategy sampled 100 clients (out of 100)
[2026-01-11 12:56:16,758][flwr][DEBUG] - evaluate_round 15 received 100 results and 0 failures
[2026-01-11 12:56:16,758][flwr][DEBUG] - fit_round 16: strategy sampled 100 clients (out of 100)
[2026-01-11 12:56:17,555][flwr][DEBUG] - fit_round 16 received 100 results and 0 failures
[2026-01-11 12:56:17,640][flwr][INFO] - fit progress: (16, 55.53600984811783, {'accuracy': 0.5855, 'adaptive_mu': 0.30520622594347885}, 25.68387533299392)
[2026-01-11 12:56:17,641][flwr][DEBUG] - evaluate_round 16: strategy sampled 100 clients (out of 100)
[2026-01-11 12:56:18,022][flwr][DEBUG] - evaluate_round 16 received 100 results and 0 failures
[2026-01-11 12:56:18,022][flwr][DEBUG] - fit_round 17: strategy sampled 100 clients (out of 100)
[2026-01-11 12:56:18,534][flwr][DEBUG] - fit_round 17 received 100 results and 0 failures
[2026-01-11 12:56:18,613][flwr][INFO] - fit progress: (17, 54.886835396289825, {'accuracy': 0.5865, 'adaptive_mu': 0.3073581666302225}, 26.65699004199996)
[2026-01-11 12:56:18,614][flwr][DEBUG] - evaluate_round 17: strategy sampled 100 clients (out of 100)
[2026-01-11 12:56:18,995][flwr][DEBUG] - evaluate_round 17 received 100 results and 0 failures
[2026-01-11 12:56:18,995][flwr][DEBUG] - fit_round 18: strategy sampled 100 clients (out of 100)
[2026-01-11 12:56:19,534][flwr][DEBUG] - fit_round 18 received 100 results and 0 failures
[2026-01-11 12:56:19,614][flwr][INFO] - fit progress: (18, 54.35725396871567, {'accuracy': 0.5865, 'adaptive_mu': 0.30894536222229063}, 27.657787167001516)
[2026-01-11 12:56:19,614][flwr][DEBUG] - evaluate_round 18: strategy sampled 100 clients (out of 100)
[2026-01-11 12:56:19,981][flwr][DEBUG] - evaluate_round 18 received 100 results and 0 failures
[2026-01-11 12:56:19,981][flwr][DEBUG] - fit_round 19: strategy sampled 100 clients (out of 100)
[2026-01-11 12:56:20,507][flwr][DEBUG] - fit_round 19 received 100 results and 0 failures
[2026-01-11 12:56:20,587][flwr][INFO] - fit progress: (19, 53.89014691114426, {'accuracy': 0.586, 'adaptive_mu': 0.3100877455684318}, 28.63034816698928)
[2026-01-11 12:56:20,587][flwr][DEBUG] - evaluate_round 19: strategy sampled 100 clients (out of 100)
[2026-01-11 12:56:20,970][flwr][DEBUG] - evaluate_round 19 received 100 results and 0 failures
[2026-01-11 12:56:20,971][flwr][DEBUG] - fit_round 20: strategy sampled 100 clients (out of 100)
[2026-01-11 12:56:21,502][flwr][DEBUG] - fit_round 20 received 100 results and 0 failures
[2026-01-11 12:56:21,590][flwr][INFO] - fit progress: (20, 53.4891003370285, {'accuracy': 0.586, 'adaptive_mu': 0.3108305769889459}, 29.633164083003066)
[2026-01-11 12:56:21,590][flwr][DEBUG] - evaluate_round 20: strategy sampled 100 clients (out of 100)
[2026-01-11 12:56:22,109][flwr][DEBUG] - evaluate_round 20 received 100 results and 0 failures
[2026-01-11 12:56:22,110][flwr][DEBUG] - fit_round 21: strategy sampled 100 clients (out of 100)
[2026-01-11 12:56:22,781][flwr][DEBUG] - fit_round 21 received 100 results and 0 failures
[2026-01-11 12:56:22,890][flwr][INFO] - fit progress: (21, 53.220219790935516, {'accuracy': 0.5865, 'adaptive_mu': 0.31130431142371695}, 30.933452625002246)
[2026-01-11 12:56:22,890][flwr][DEBUG] - evaluate_round 21: strategy sampled 100 clients (out of 100)
[2026-01-11 12:56:23,410][flwr][DEBUG] - evaluate_round 21 received 100 results and 0 failures
[2026-01-11 12:56:23,411][flwr][DEBUG] - fit_round 22: strategy sampled 100 clients (out of 100)
[2026-01-11 12:56:24,038][flwr][DEBUG] - fit_round 22 received 100 results and 0 failures
[2026-01-11 12:56:24,128][flwr][INFO] - fit progress: (22, 52.934111297130585, {'accuracy': 0.588, 'adaptive_mu': 0.3116277376282564}, 32.17179862500052)
[2026-01-11 12:56:24,128][flwr][DEBUG] - evaluate_round 22: strategy sampled 100 clients (out of 100)
[2026-01-11 12:56:24,561][flwr][DEBUG] - evaluate_round 22 received 100 results and 0 failures
[2026-01-11 12:56:24,561][flwr][DEBUG] - fit_round 23: strategy sampled 100 clients (out of 100)
[2026-01-11 12:56:25,182][flwr][DEBUG] - fit_round 23 received 100 results and 0 failures
[2026-01-11 12:56:25,360][flwr][INFO] - fit progress: (23, 52.74073266983032, {'accuracy': 0.588, 'adaptive_mu': 0.3116855096629031}, 33.403737624990754)
[2026-01-11 12:56:25,361][flwr][DEBUG] - evaluate_round 23: strategy sampled 100 clients (out of 100)
[2026-01-11 12:56:25,778][flwr][DEBUG] - evaluate_round 23 received 100 results and 0 failures
[2026-01-11 12:56:25,778][flwr][DEBUG] - fit_round 24: strategy sampled 100 clients (out of 100)
[2026-01-11 12:56:26,553][flwr][DEBUG] - fit_round 24 received 100 results and 0 failures
[2026-01-11 12:56:26,649][flwr][INFO] - fit progress: (24, 52.48705953359604, {'accuracy': 0.5875, 'adaptive_mu': 0.31162525038609307}, 34.69299412499822)
[2026-01-11 12:56:26,650][flwr][DEBUG] - evaluate_round 24: strategy sampled 100 clients (out of 100)
[2026-01-11 12:56:27,110][flwr][DEBUG] - evaluate_round 24 received 100 results and 0 failures
[2026-01-11 12:56:27,111][flwr][DEBUG] - fit_round 25: strategy sampled 100 clients (out of 100)
[2026-01-11 12:56:27,823][flwr][DEBUG] - fit_round 25 received 100 results and 0 failures
[2026-01-11 12:56:27,922][flwr][INFO] - fit progress: (25, 52.31844633817673, {'accuracy': 0.5875, 'adaptive_mu': 0.3115301116758556}, 35.965334416992846)
[2026-01-11 12:56:27,922][flwr][DEBUG] - evaluate_round 25: strategy sampled 100 clients (out of 100)
[2026-01-11 12:56:28,361][flwr][DEBUG] - evaluate_round 25 received 100 results and 0 failures
[2026-01-11 12:56:28,362][flwr][DEBUG] - fit_round 26: strategy sampled 100 clients (out of 100)
[2026-01-11 12:56:29,051][flwr][DEBUG] - fit_round 26 received 100 results and 0 failures
[2026-01-11 12:56:29,139][flwr][INFO] - fit progress: (26, 52.08862233161926, {'accuracy': 0.5895, 'adaptive_mu': 0.3113330552089326}, 37.18301062499813)
[2026-01-11 12:56:29,140][flwr][DEBUG] - evaluate_round 26: strategy sampled 100 clients (out of 100)
[2026-01-11 12:56:29,573][flwr][DEBUG] - evaluate_round 26 received 100 results and 0 failures
[2026-01-11 12:56:29,573][flwr][DEBUG] - fit_round 27: strategy sampled 100 clients (out of 100)
[2026-01-11 12:56:30,116][flwr][DEBUG] - fit_round 27 received 100 results and 0 failures
[2026-01-11 12:56:30,200][flwr][INFO] - fit progress: (27, 52.04142361879349, {'accuracy': 0.589, 'adaptive_mu': 0.3112300053510221}, 38.2432401249971)
[2026-01-11 12:56:30,200][flwr][DEBUG] - evaluate_round 27: strategy sampled 100 clients (out of 100)
[2026-01-11 12:56:30,577][flwr][DEBUG] - evaluate_round 27 received 100 results and 0 failures
[2026-01-11 12:56:30,578][flwr][DEBUG] - fit_round 28: strategy sampled 100 clients (out of 100)
[2026-01-11 12:56:31,154][flwr][DEBUG] - fit_round 28 received 100 results and 0 failures
[2026-01-11 12:56:31,240][flwr][INFO] - fit progress: (28, 51.94059258699417, {'accuracy': 0.59, 'adaptive_mu': 0.31097482793551723}, 39.28377241699491)
[2026-01-11 12:56:31,241][flwr][DEBUG] - evaluate_round 28: strategy sampled 100 clients (out of 100)
[2026-01-11 12:56:31,621][flwr][DEBUG] - evaluate_round 28 received 100 results and 0 failures
[2026-01-11 12:56:31,622][flwr][DEBUG] - fit_round 29: strategy sampled 100 clients (out of 100)
[2026-01-11 12:56:32,358][flwr][DEBUG] - fit_round 29 received 100 results and 0 failures
[2026-01-11 12:56:32,449][flwr][INFO] - fit progress: (29, 51.91845893859863, {'accuracy': 0.5895, 'adaptive_mu': 0.31071209962260876}, 40.49284474999877)
[2026-01-11 12:56:32,450][flwr][DEBUG] - evaluate_round 29: strategy sampled 100 clients (out of 100)
[2026-01-11 12:56:32,850][flwr][DEBUG] - evaluate_round 29 received 100 results and 0 failures
[2026-01-11 12:56:32,851][flwr][DEBUG] - fit_round 30: strategy sampled 100 clients (out of 100)
[2026-01-11 12:56:33,418][flwr][DEBUG] - fit_round 30 received 100 results and 0 failures
[2026-01-11 12:56:33,506][flwr][INFO] - fit progress: (30, 51.798471450805664, {'accuracy': 0.59, 'adaptive_mu': 0.3101563611261027}, 41.54957633299637)
[2026-01-11 12:56:33,506][flwr][DEBUG] - evaluate_round 30: strategy sampled 100 clients (out of 100)
[2026-01-11 12:56:33,987][flwr][DEBUG] - evaluate_round 30 received 100 results and 0 failures
[2026-01-11 12:56:33,987][flwr][DEBUG] - fit_round 31: strategy sampled 100 clients (out of 100)
[2026-01-11 12:56:34,750][flwr][DEBUG] - fit_round 31 received 100 results and 0 failures
[2026-01-11 12:56:34,843][flwr][INFO] - fit progress: (31, 51.71461600065231, {'accuracy': 0.5905, 'adaptive_mu': 0.309684043000621}, 42.88617466700089)
[2026-01-11 12:56:34,843][flwr][DEBUG] - evaluate_round 31: strategy sampled 100 clients (out of 100)
[2026-01-11 12:56:35,256][flwr][DEBUG] - evaluate_round 31 received 100 results and 0 failures
[2026-01-11 12:56:35,257][flwr][DEBUG] - fit_round 32: strategy sampled 100 clients (out of 100)
[2026-01-11 12:56:35,962][flwr][DEBUG] - fit_round 32 received 100 results and 0 failures
[2026-01-11 12:56:36,054][flwr][INFO] - fit progress: (32, 51.64051830768585, {'accuracy': 0.5905, 'adaptive_mu': 0.30919204433454295}, 44.09773416699318)
[2026-01-11 12:56:36,055][flwr][DEBUG] - evaluate_round 32: strategy sampled 100 clients (out of 100)
[2026-01-11 12:56:36,483][flwr][DEBUG] - evaluate_round 32 received 100 results and 0 failures
[2026-01-11 12:56:36,484][flwr][DEBUG] - fit_round 33: strategy sampled 100 clients (out of 100)
[2026-01-11 12:56:37,172][flwr][DEBUG] - fit_round 33 received 100 results and 0 failures
[2026-01-11 12:56:37,258][flwr][INFO] - fit progress: (33, 51.60507106781006, {'accuracy': 0.5905, 'adaptive_mu': 0.3088439331220984}, 45.30139887500263)
[2026-01-11 12:56:37,258][flwr][DEBUG] - evaluate_round 33: strategy sampled 100 clients (out of 100)
[2026-01-11 12:56:37,665][flwr][DEBUG] - evaluate_round 33 received 100 results and 0 failures
[2026-01-11 12:56:37,666][flwr][DEBUG] - fit_round 34: strategy sampled 100 clients (out of 100)
[2026-01-11 12:56:38,516][flwr][DEBUG] - fit_round 34 received 100 results and 0 failures
[2026-01-11 12:56:38,622][flwr][INFO] - fit progress: (34, 51.469467371702194, {'accuracy': 0.59, 'adaptive_mu': 0.308447458912306}, 46.665119416997186)
[2026-01-11 12:56:38,622][flwr][DEBUG] - evaluate_round 34: strategy sampled 100 clients (out of 100)
[2026-01-11 12:56:39,206][flwr][DEBUG] - evaluate_round 34 received 100 results and 0 failures
[2026-01-11 12:56:39,206][flwr][DEBUG] - fit_round 35: strategy sampled 100 clients (out of 100)
[2026-01-11 12:56:40,222][flwr][DEBUG] - fit_round 35 received 100 results and 0 failures
[2026-01-11 12:56:40,326][flwr][INFO] - fit progress: (35, 51.417514115571976, {'accuracy': 0.59, 'adaptive_mu': 0.30792673520708325}, 48.36945983298938)
[2026-01-11 12:56:40,326][flwr][DEBUG] - evaluate_round 35: strategy sampled 100 clients (out of 100)
[2026-01-11 12:56:40,748][flwr][DEBUG] - evaluate_round 35 received 100 results and 0 failures
[2026-01-11 12:56:40,749][flwr][DEBUG] - fit_round 36: strategy sampled 100 clients (out of 100)
[2026-01-11 12:56:41,650][flwr][DEBUG] - fit_round 36 received 100 results and 0 failures
[2026-01-11 12:56:41,744][flwr][INFO] - fit progress: (36, 51.33171632885933, {'accuracy': 0.59, 'adaptive_mu': 0.307432039867728}, 49.787583083001664)
[2026-01-11 12:56:41,744][flwr][DEBUG] - evaluate_round 36: strategy sampled 100 clients (out of 100)
[2026-01-11 12:56:42,172][flwr][DEBUG] - evaluate_round 36 received 100 results and 0 failures
[2026-01-11 12:56:42,173][flwr][DEBUG] - fit_round 37: strategy sampled 100 clients (out of 100)
[2026-01-11 12:56:43,001][flwr][DEBUG] - fit_round 37 received 100 results and 0 failures
[2026-01-11 12:56:43,117][flwr][INFO] - fit progress: (37, 51.14329782128334, {'accuracy': 0.5905, 'adaptive_mu': 0.3069265000502023}, 51.16073583299294)
[2026-01-11 12:56:43,118][flwr][DEBUG] - evaluate_round 37: strategy sampled 100 clients (out of 100)
[2026-01-11 12:56:43,636][flwr][DEBUG] - evaluate_round 37 received 100 results and 0 failures
[2026-01-11 12:56:43,636][flwr][DEBUG] - fit_round 38: strategy sampled 100 clients (out of 100)
[2026-01-11 12:56:45,061][flwr][DEBUG] - fit_round 38 received 100 results and 0 failures
[2026-01-11 12:56:45,208][flwr][INFO] - fit progress: (38, 51.103823482990265, {'accuracy': 0.59, 'adaptive_mu': 0.30660606219954467}, 53.25155366699619)
[2026-01-11 12:56:45,208][flwr][DEBUG] - evaluate_round 38: strategy sampled 100 clients (out of 100)
[2026-01-11 12:56:45,770][flwr][DEBUG] - evaluate_round 38 received 100 results and 0 failures
[2026-01-11 12:56:45,771][flwr][DEBUG] - fit_round 39: strategy sampled 100 clients (out of 100)
[2026-01-11 12:56:46,956][flwr][DEBUG] - fit_round 39 received 100 results and 0 failures
[2026-01-11 12:56:47,055][flwr][INFO] - fit progress: (39, 51.123533725738525, {'accuracy': 0.59, 'adaptive_mu': 0.30606461613099034}, 55.09837029199116)
[2026-01-11 12:56:47,055][flwr][DEBUG] - evaluate_round 39: strategy sampled 100 clients (out of 100)
[2026-01-11 12:56:47,537][flwr][DEBUG] - evaluate_round 39 received 100 results and 0 failures
[2026-01-11 12:56:47,538][flwr][DEBUG] - fit_round 40: strategy sampled 100 clients (out of 100)
[2026-01-11 12:56:48,522][flwr][DEBUG] - fit_round 40 received 100 results and 0 failures
[2026-01-11 12:56:48,612][flwr][INFO] - fit progress: (40, 51.1853112578392, {'accuracy': 0.59, 'adaptive_mu': 0.3055746671221099}, 56.65565483299724)
[2026-01-11 12:56:48,612][flwr][DEBUG] - evaluate_round 40: strategy sampled 100 clients (out of 100)
[2026-01-11 12:56:49,044][flwr][DEBUG] - evaluate_round 40 received 100 results and 0 failures
[2026-01-11 12:56:49,045][flwr][DEBUG] - fit_round 41: strategy sampled 100 clients (out of 100)
[2026-01-11 12:56:49,657][flwr][DEBUG] - fit_round 41 received 100 results and 0 failures
[2026-01-11 12:56:49,892][flwr][INFO] - fit progress: (41, 51.00520846247673, {'accuracy': 0.59, 'adaptive_mu': 0.30483672279694957}, 57.93514712499746)
[2026-01-11 12:56:49,892][flwr][DEBUG] - evaluate_round 41: strategy sampled 100 clients (out of 100)
[2026-01-11 12:56:50,278][flwr][DEBUG] - evaluate_round 41 received 100 results and 0 failures
[2026-01-11 12:56:50,279][flwr][DEBUG] - fit_round 42: strategy sampled 100 clients (out of 100)
[2026-01-11 12:56:50,830][flwr][DEBUG] - fit_round 42 received 100 results and 0 failures
[2026-01-11 12:56:50,926][flwr][INFO] - fit progress: (42, 50.890681475400925, {'accuracy': 0.59, 'adaptive_mu': 0.304084107672711}, 58.96938249999948)
[2026-01-11 12:56:50,926][flwr][DEBUG] - evaluate_round 42: strategy sampled 100 clients (out of 100)
[2026-01-11 12:56:51,424][flwr][DEBUG] - evaluate_round 42 received 100 results and 0 failures
[2026-01-11 12:56:51,425][flwr][DEBUG] - fit_round 43: strategy sampled 100 clients (out of 100)
[2026-01-11 12:56:52,014][flwr][DEBUG] - fit_round 43 received 100 results and 0 failures
[2026-01-11 12:56:52,109][flwr][INFO] - fit progress: (43, 50.959230333566666, {'accuracy': 0.5895, 'adaptive_mu': 0.30364207956926875}, 60.15247112499492)
[2026-01-11 12:56:52,109][flwr][DEBUG] - evaluate_round 43: strategy sampled 100 clients (out of 100)
[2026-01-11 12:56:52,654][flwr][DEBUG] - evaluate_round 43 received 100 results and 0 failures
[2026-01-11 12:56:52,654][flwr][DEBUG] - fit_round 44: strategy sampled 100 clients (out of 100)
[2026-01-11 12:56:53,275][flwr][DEBUG] - fit_round 44 received 100 results and 0 failures
[2026-01-11 12:56:53,359][flwr][INFO] - fit progress: (44, 50.927929162979126, {'accuracy': 0.59, 'adaptive_mu': 0.3030496040343643}, 61.402414500000305)
[2026-01-11 12:56:53,359][flwr][DEBUG] - evaluate_round 44: strategy sampled 100 clients (out of 100)
[2026-01-11 12:56:53,791][flwr][DEBUG] - evaluate_round 44 received 100 results and 0 failures
[2026-01-11 12:56:53,791][flwr][DEBUG] - fit_round 45: strategy sampled 100 clients (out of 100)
[2026-01-11 12:56:54,524][flwr][DEBUG] - fit_round 45 received 100 results and 0 failures
[2026-01-11 12:56:54,612][flwr][INFO] - fit progress: (45, 50.783336848020554, {'accuracy': 0.59, 'adaptive_mu': 0.3024207407232386}, 62.65544395799225)
[2026-01-11 12:56:54,612][flwr][DEBUG] - evaluate_round 45: strategy sampled 100 clients (out of 100)
[2026-01-11 12:56:54,988][flwr][DEBUG] - evaluate_round 45 received 100 results and 0 failures
[2026-01-11 12:56:54,988][flwr][DEBUG] - fit_round 46: strategy sampled 100 clients (out of 100)
[2026-01-11 12:56:55,508][flwr][DEBUG] - fit_round 46 received 100 results and 0 failures
[2026-01-11 12:56:55,587][flwr][INFO] - fit progress: (46, 50.61783427000046, {'accuracy': 0.593, 'adaptive_mu': 0.3017450365833679}, 63.629914916993584)
[2026-01-11 12:56:55,587][flwr][DEBUG] - evaluate_round 46: strategy sampled 100 clients (out of 100)
[2026-01-11 12:56:55,953][flwr][DEBUG] - evaluate_round 46 received 100 results and 0 failures
[2026-01-11 12:56:55,954][flwr][DEBUG] - fit_round 47: strategy sampled 100 clients (out of 100)
[2026-01-11 12:56:56,492][flwr][DEBUG] - fit_round 47 received 100 results and 0 failures
[2026-01-11 12:56:56,571][flwr][INFO] - fit progress: (47, 50.63151380419731, {'accuracy': 0.593, 'adaptive_mu': 0.3012466074124197}, 64.61440216698975)
[2026-01-11 12:56:56,571][flwr][DEBUG] - evaluate_round 47: strategy sampled 100 clients (out of 100)
[2026-01-11 12:56:56,948][flwr][DEBUG] - evaluate_round 47 received 100 results and 0 failures
[2026-01-11 12:56:56,948][flwr][DEBUG] - fit_round 48: strategy sampled 100 clients (out of 100)
[2026-01-11 12:56:57,488][flwr][DEBUG] - fit_round 48 received 100 results and 0 failures
[2026-01-11 12:56:57,568][flwr][INFO] - fit progress: (48, 50.527804255485535, {'accuracy': 0.593, 'adaptive_mu': 0.3006902514565617}, 65.61099054200167)
[2026-01-11 12:56:57,568][flwr][DEBUG] - evaluate_round 48: strategy sampled 100 clients (out of 100)
[2026-01-11 12:56:57,991][flwr][DEBUG] - evaluate_round 48 received 100 results and 0 failures
[2026-01-11 12:56:57,991][flwr][DEBUG] - fit_round 49: strategy sampled 100 clients (out of 100)
[2026-01-11 12:56:58,613][flwr][DEBUG] - fit_round 49 received 100 results and 0 failures
[2026-01-11 12:56:58,711][flwr][INFO] - fit progress: (49, 50.548546731472015, {'accuracy': 0.593, 'adaptive_mu': 0.3001441614658138}, 66.75464354199357)
[2026-01-11 12:56:58,712][flwr][DEBUG] - evaluate_round 49: strategy sampled 100 clients (out of 100)
[2026-01-11 12:56:59,084][flwr][DEBUG] - evaluate_round 49 received 100 results and 0 failures
[2026-01-11 12:56:59,085][flwr][DEBUG] - fit_round 50: strategy sampled 100 clients (out of 100)
[2026-01-11 12:56:59,658][flwr][DEBUG] - fit_round 50 received 100 results and 0 failures
[2026-01-11 12:56:59,739][flwr][INFO] - fit progress: (50, 50.46956077218056, {'accuracy': 0.5925, 'adaptive_mu': 0.2993973972278082}, 67.78218154200295)
[2026-01-11 12:56:59,739][flwr][DEBUG] - evaluate_round 50: strategy sampled 100 clients (out of 100)
[2026-01-11 12:57:00,110][flwr][DEBUG] - evaluate_round 50 received 100 results and 0 failures
[2026-01-11 12:57:00,111][flwr][INFO] - FL finished in 68.1543878329976
[2026-01-11 12:57:00,111][flwr][INFO] - app_fit: losses_distributed [(1, 1.042954244779103), (2, 1.0305842146599524), (3, 1.027743489601235), (4, 1.028423315869799), (5, 1.028749107839847), (6, 1.0266689913807197), (7, 1.0207746163502216), (8, 1.0117218924328193), (9, 0.9990586668286849), (10, 0.9841970464000659), (11, 0.9678760943796583), (12, 0.9509461431746055), (13, 0.934148688399073), (14, 0.9183306688945041), (15, 0.9046094442153004), (16, 0.8926740310942083), (17, 0.8825770068799269), (18, 0.8743593925366494), (19, 0.8670896435489156), (20, 0.8608337758411998), (21, 0.8566982870724421), (22, 0.852221628318332), (23, 0.8492380926497831), (24, 0.8451857754496584), (25, 0.8425534521997721), (26, 0.8389230510887432), (27, 0.8382563944291471), (28, 0.8367209903921283), (29, 0.8364442692851315), (30, 0.8345969966925316), (31, 0.8333449708011776), (32, 0.8323132674272286), (33, 0.8318479571733052), (34, 0.8297454949735374), (35, 0.8291059086720148), (36, 0.8278679061125841), (37, 0.8249120467996164), (38, 0.8244607250743352), (39, 0.824906928157508), (40, 0.8260919695828148), (41, 0.8232797815531188), (42, 0.8214609305945408), (43, 0.8226334134093459), (44, 0.8222425448643605), (45, 0.8199293902811337), (46, 0.8173510101671512), (47, 0.8176914013083071), (48, 0.8159410658380413), (49, 0.8163945961900403), (50, 0.8151309723129858)]
[2026-01-11 12:57:00,112][flwr][INFO] - app_fit: metrics_distributed_fit {'adaptive_mu': [(1, 0.1), (2, 0.1), (3, 0.1), (4, 0.15428379683485421), (5, 0.19323754647179847), (6, 0.22042922910163704), (7, 0.24020880884814977), (8, 0.2549971248555686), (9, 0.26654224288495754), (10, 0.27564910808767473), (11, 0.28314922818727584), (12, 0.28933208893349427), (13, 0.29448690789928644), (14, 0.29873770447839565), (15, 0.30232109540340046), (16, 0.30520622594347885), (17, 0.3073581666302225), (18, 0.30894536222229063), (19, 0.3100877455684318), (20, 0.3108305769889459), (21, 0.31130431142371695), (22, 0.3116277376282564), (23, 0.3116855096629031), (24, 0.31162525038609307), (25, 0.3115301116758556), (26, 0.3113330552089326), (27, 0.3112300053510221), (28, 0.31097482793551723), (29, 0.31071209962260876), (30, 0.3101563611261027), (31, 0.309684043000621), (32, 0.30919204433454295), (33, 0.3088439331220984), (34, 0.308447458912306), (35, 0.30792673520708325), (36, 0.307432039867728), (37, 0.3069265000502023), (38, 0.30660606219954467), (39, 0.30606461613099034), (40, 0.3055746671221099), (41, 0.30483672279694957), (42, 0.304084107672711), (43, 0.30364207956926875), (44, 0.3030496040343643), (45, 0.3024207407232386), (46, 0.3017450365833679), (47, 0.3012466074124197), (48, 0.3006902514565617), (49, 0.3001441614658138), (50, 0.2993973972278082)], 'gradient_divergence': [(1, 0.7714116247929632), (2, 0.7487043592892587), (3, 0.7571205484448), (4, 0.77777198754251), (5, 0.8040056333271787), (6, 0.831571560902521), (7, 0.8635428449651227), (8, 0.8877519382350146), (9, 0.9141870778519661), (10, 0.933395733051002), (11, 0.9556664205808193), (12, 0.9737631698418409), (13, 0.9910232472419739), (14, 1.0059756353870035), (15, 1.0233727846480907), (16, 1.0375029832776637), (17, 1.0471672505605967), (18, 1.0577541673276574), (19, 1.0680728137400002), (20, 1.0745870282035321), (21, 1.0804961050581188), (22, 1.0876445730868727), (23, 1.0874213612545283), (24, 1.0896004616469144), (25, 1.0910626918263733), (26, 1.0882861410081386), (27, 1.0907863852381707), (28, 1.0866500879544765), (29, 1.0874183941073716), (30, 1.0774847128801048), (31, 1.0771391245909034), (32, 1.0704801018256693), (33, 1.0702615123055876), (34, 1.0649269274249673), (35, 1.0564593895711005), (36, 1.0518869489897043), (37, 1.0459705870505422), (38, 1.044765393268317), (39, 1.0342569500394165), (40, 1.031621764730662), (41, 1.0209027418494225), (42, 1.0142500291671603), (43, 1.0145079457480461), (44, 1.004816429214552), (45, 0.9980174352508038), (46, 0.9919103892054408), (47, 0.9882478731032461), (48, 0.9804513496626168), (49, 0.9755053251516074), (50, 0.9667848731018602)], 'avg_label_entropy': [(1, 0.6811522277531927), (2, 0.6811522277531928), (3, 0.6811522277531928), (4, 0.681152227753193), (5, 0.6811522277531928), (6, 0.6811522277531928), (7, 0.6811522277531928), (8, 0.6811522277531927), (9, 0.6811522277531928), (10, 0.6811522277531928), (11, 0.6811522277531927), (12, 0.6811522277531928), (13, 0.6811522277531928), (14, 0.6811522277531928), (15, 0.6811522277531928), (16, 0.6811522277531928), (17, 0.6811522277531928), (18, 0.6811522277531928), (19, 0.6811522277531928), (20, 0.6811522277531928), (21, 0.6811522277531928), (22, 0.681152227753193), (23, 0.6811522277531928), (24, 0.6811522277531927), (25, 0.6811522277531927), (26, 0.6811522277531928), (27, 0.6811522277531928), (28, 0.6811522277531928), (29, 0.6811522277531928), (30, 0.6811522277531927), (31, 0.6811522277531928), (32, 0.6811522277531927), (33, 0.6811522277531928), (34, 0.681152227753193), (35, 0.681152227753193), (36, 0.681152227753193), (37, 0.681152227753193), (38, 0.6811522277531928), (39, 0.681152227753193), (40, 0.6811522277531927), (41, 0.6811522277531927), (42, 0.6811522277531928), (43, 0.681152227753193), (44, 0.6811522277531928), (45, 0.6811522277531928), (46, 0.6811522277531928), (47, 0.6811522277531928), (48, 0.6811522277531928), (49, 0.6811522277531928), (50, 0.6811522277531927)], 'avg_feature_variance': [(1, 0.9265729016065598), (2, 0.9265729010105133), (3, 0.9265728875994682), (4, 0.9265728947520256), (5, 0.9265729001164437), (6, 0.9265728938579559), (7, 0.9265728914737701), (8, 0.9265729087591171), (9, 0.9265728935599327), (10, 0.9265728923678398), (11, 0.9265729022026062), (12, 0.9265729025006294), (13, 0.9265729013085365), (14, 0.9265728837251663), (15, 0.9265729039907455), (16, 0.926572904586792), (17, 0.9265728929638862), (18, 0.9265728867053986), (19, 0.9265728917717934), (20, 0.926572907269001), (21, 0.9265728911757469), (22, 0.9265728890895844), (23, 0.9265728864073753), (24, 0.9265729025006294), (25, 0.9265728941559792), (26, 0.9265728947520256), (27, 0.9265728896856308), (28, 0.9265728941559792), (29, 0.9265729087591171), (30, 0.9265729001164437), (31, 0.9265728858113289), (32, 0.9265729036927223), (33, 0.9265728887915611), (34, 0.9265728944540024), (35, 0.9265728962421417), (36, 0.9265728929638862), (37, 0.9265728810429573), (38, 0.926572896540165), (39, 0.9265728911757469), (40, 0.9265729016065598), (41, 0.9265729030966758), (42, 0.9265729048848153), (43, 0.9265729123353958), (44, 0.9265728867053986), (45, 0.9265729069709778), (46, 0.9265728986263275), (47, 0.9265728911757469), (48, 0.9265729030966758), (49, 0.9265728932619095), (50, 0.9265729025006294)]}
[2026-01-11 12:57:00,112][flwr][INFO] - app_fit: metrics_distributed {}
[2026-01-11 12:57:00,112][flwr][INFO] - app_fit: losses_centralized [(0, 67.88411092758179), (1, 65.59690946340561), (2, 64.69784814119339), (3, 64.42924720048904), (4, 64.40361022949219), (5, 64.37414437532425), (6, 64.20511382818222), (7, 63.80690211057663), (8, 63.216227769851685), (9, 62.400668025016785), (10, 61.44505673646927), (11, 60.3951376080513), (12, 59.29999041557312), (13, 58.21629196405411), (14, 57.19292092323303), (15, 56.30627745389938), (16, 55.53600984811783), (17, 54.886835396289825), (18, 54.35725396871567), (19, 53.89014691114426), (20, 53.4891003370285), (21, 53.220219790935516), (22, 52.934111297130585), (23, 52.74073266983032), (24, 52.48705953359604), (25, 52.31844633817673), (26, 52.08862233161926), (27, 52.04142361879349), (28, 51.94059258699417), (29, 51.91845893859863), (30, 51.798471450805664), (31, 51.71461600065231), (32, 51.64051830768585), (33, 51.60507106781006), (34, 51.469467371702194), (35, 51.417514115571976), (36, 51.33171632885933), (37, 51.14329782128334), (38, 51.103823482990265), (39, 51.123533725738525), (40, 51.1853112578392), (41, 51.00520846247673), (42, 50.890681475400925), (43, 50.959230333566666), (44, 50.927929162979126), (45, 50.783336848020554), (46, 50.61783427000046), (47, 50.63151380419731), (48, 50.527804255485535), (49, 50.548546731472015), (50, 50.46956077218056)]
[2026-01-11 12:57:00,112][flwr][INFO] - app_fit: metrics_centralized {'accuracy': [(0, 0.3585), (1, 0.5075), (2, 0.5075), (3, 0.5075), (4, 0.5075), (5, 0.5075), (6, 0.508), (7, 0.51), (8, 0.515), (9, 0.52), (10, 0.531), (11, 0.5405), (12, 0.555), (13, 0.565), (14, 0.5745), (15, 0.581), (16, 0.5855), (17, 0.5865), (18, 0.5865), (19, 0.586), (20, 0.586), (21, 0.5865), (22, 0.588), (23, 0.588), (24, 0.5875), (25, 0.5875), (26, 0.5895), (27, 0.589), (28, 0.59), (29, 0.5895), (30, 0.59), (31, 0.5905), (32, 0.5905), (33, 0.5905), (34, 0.59), (35, 0.59), (36, 0.59), (37, 0.5905), (38, 0.59), (39, 0.59), (40, 0.59), (41, 0.59), (42, 0.59), (43, 0.5895), (44, 0.59), (45, 0.59), (46, 0.593), (47, 0.593), (48, 0.593), (49, 0.593), (50, 0.5925)], 'adaptive_mu': [(0, 0.1), (1, 0.1), (2, 0.1), (3, 0.1), (4, 0.15428379683485421), (5, 0.19323754647179847), (6, 0.22042922910163704), (7, 0.24020880884814977), (8, 0.2549971248555686), (9, 0.26654224288495754), (10, 0.27564910808767473), (11, 0.28314922818727584), (12, 0.28933208893349427), (13, 0.29448690789928644), (14, 0.29873770447839565), (15, 0.30232109540340046), (16, 0.30520622594347885), (17, 0.3073581666302225), (18, 0.30894536222229063), (19, 0.3100877455684318), (20, 0.3108305769889459), (21, 0.31130431142371695), (22, 0.3116277376282564), (23, 0.3116855096629031), (24, 0.31162525038609307), (25, 0.3115301116758556), (26, 0.3113330552089326), (27, 0.3112300053510221), (28, 0.31097482793551723), (29, 0.31071209962260876), (30, 0.3101563611261027), (31, 0.309684043000621), (32, 0.30919204433454295), (33, 0.3088439331220984), (34, 0.308447458912306), (35, 0.30792673520708325), (36, 0.307432039867728), (37, 0.3069265000502023), (38, 0.30660606219954467), (39, 0.30606461613099034), (40, 0.3055746671221099), (41, 0.30483672279694957), (42, 0.304084107672711), (43, 0.30364207956926875), (44, 0.3030496040343643), (45, 0.3024207407232386), (46, 0.3017450365833679), (47, 0.3012466074124197), (48, 0.3006902514565617), (49, 0.3001441614658138), (50, 0.2993973972278082)]}
[2026-01-11 12:57:00,152][flwr][INFO] - Starting Flower simulation, config: ServerConfig(num_rounds=50, round_timeout=None)
[2026-01-11 12:57:06,811][flwr][INFO] - Flower VCE: Ray initialized with resources: {'node:127.0.0.1': 1.0, 'object_store_memory': 2147483648.0, 'memory': 12211055412.0, 'CPU': 10.0}
[2026-01-11 12:57:06,812][flwr][INFO] - Initializing global parameters
[2026-01-11 12:57:06,812][flwr][INFO] - Using initial parameters provided by strategy
[2026-01-11 12:57:06,812][flwr][INFO] - Evaluating initial parameters
[2026-01-11 12:57:06,835][flwr][INFO] - initial parameters (loss, other metrics): 71.80140054225922, {'accuracy': 0.238}
[2026-01-11 12:57:06,835][flwr][INFO] - FL starting
[2026-01-11 12:57:06,837][flwr][DEBUG] - fit_round 1: strategy sampled 10 clients (out of 100)
[2026-01-11 12:57:11,420][flwr][DEBUG] - fit_round 1 received 10 results and 0 failures
[2026-01-11 12:57:11,452][flwr][INFO] - fit progress: (1, 67.69493234157562, {'accuracy': 0.517}, 4.616291290993104)
[2026-01-11 12:57:11,452][flwr][INFO] - evaluate_round 1: no clients selected, cancel
[2026-01-11 12:57:11,453][flwr][DEBUG] - fit_round 2: strategy sampled 10 clients (out of 100)
[2026-01-11 12:57:11,604][flwr][DEBUG] - fit_round 2 received 10 results and 0 failures
[2026-01-11 12:57:11,630][flwr][INFO] - fit progress: (2, 82.1161128282547, {'accuracy': 0.233}, 4.794876208005007)
[2026-01-11 12:57:11,631][flwr][INFO] - evaluate_round 2: no clients selected, cancel
[2026-01-11 12:57:11,631][flwr][DEBUG] - fit_round 3: strategy sampled 10 clients (out of 100)
[2026-01-11 12:57:11,856][flwr][DEBUG] - fit_round 3 received 10 results and 0 failures
[2026-01-11 12:57:11,881][flwr][INFO] - fit progress: (3, 70.21943306922913, {'accuracy': 0.216}, 5.045146916003432)
[2026-01-11 12:57:11,881][flwr][INFO] - evaluate_round 3: no clients selected, cancel
[2026-01-11 12:57:11,881][flwr][DEBUG] - fit_round 4: strategy sampled 10 clients (out of 100)
[2026-01-11 12:57:12,018][flwr][DEBUG] - fit_round 4 received 10 results and 0 failures
[2026-01-11 12:57:12,042][flwr][INFO] - fit progress: (4, 80.08533978462219, {'accuracy': 0.228}, 5.206178458000068)
[2026-01-11 12:57:12,042][flwr][INFO] - evaluate_round 4: no clients selected, cancel
[2026-01-11 12:57:12,043][flwr][DEBUG] - fit_round 5: strategy sampled 10 clients (out of 100)
[2026-01-11 12:57:12,183][flwr][DEBUG] - fit_round 5 received 10 results and 0 failures
[2026-01-11 12:57:12,207][flwr][INFO] - fit progress: (5, 67.53868091106415, {'accuracy': 0.5065}, 5.371970332998899)
[2026-01-11 12:57:12,208][flwr][INFO] - evaluate_round 5: no clients selected, cancel
[2026-01-11 12:57:12,208][flwr][DEBUG] - fit_round 6: strategy sampled 10 clients (out of 100)
[2026-01-11 12:57:12,356][flwr][DEBUG] - fit_round 6 received 10 results and 0 failures
[2026-01-11 12:57:12,380][flwr][INFO] - fit progress: (6, 73.38230752944946, {'accuracy': 0.224}, 5.5443778750050114)
[2026-01-11 12:57:12,380][flwr][INFO] - evaluate_round 6: no clients selected, cancel
[2026-01-11 12:57:12,381][flwr][DEBUG] - fit_round 7: strategy sampled 10 clients (out of 100)
[2026-01-11 12:57:12,542][flwr][DEBUG] - fit_round 7 received 10 results and 0 failures
[2026-01-11 12:57:12,573][flwr][INFO] - fit progress: (7, 65.85648554563522, {'accuracy': 0.507}, 5.737663749998319)
[2026-01-11 12:57:12,573][flwr][INFO] - evaluate_round 7: no clients selected, cancel
[2026-01-11 12:57:12,574][flwr][DEBUG] - fit_round 8: strategy sampled 10 clients (out of 100)
[2026-01-11 12:57:12,754][flwr][DEBUG] - fit_round 8 received 10 results and 0 failures
[2026-01-11 12:57:12,782][flwr][INFO] - fit progress: (8, 67.70914256572723, {'accuracy': 0.507}, 5.946164665991091)
[2026-01-11 12:57:12,782][flwr][INFO] - evaluate_round 8: no clients selected, cancel
[2026-01-11 12:57:12,782][flwr][DEBUG] - fit_round 9: strategy sampled 10 clients (out of 100)
[2026-01-11 12:57:12,960][flwr][DEBUG] - fit_round 9 received 10 results and 0 failures
[2026-01-11 12:57:12,986][flwr][INFO] - fit progress: (9, 66.12709820270538, {'accuracy': 0.507}, 6.150221125004464)
[2026-01-11 12:57:12,986][flwr][INFO] - evaluate_round 9: no clients selected, cancel
[2026-01-11 12:57:12,986][flwr][DEBUG] - fit_round 10: strategy sampled 10 clients (out of 100)
[2026-01-11 12:57:13,171][flwr][DEBUG] - fit_round 10 received 10 results and 0 failures
[2026-01-11 12:57:13,195][flwr][INFO] - fit progress: (10, 66.28925454616547, {'accuracy': 0.507}, 6.359801124999649)
[2026-01-11 12:57:13,195][flwr][INFO] - evaluate_round 10: no clients selected, cancel
[2026-01-11 12:57:13,196][flwr][DEBUG] - fit_round 11: strategy sampled 10 clients (out of 100)
[2026-01-11 12:57:13,381][flwr][DEBUG] - fit_round 11 received 10 results and 0 failures
[2026-01-11 12:57:13,405][flwr][INFO] - fit progress: (11, 66.00091409683228, {'accuracy': 0.507}, 6.569339875000878)
[2026-01-11 12:57:13,405][flwr][INFO] - evaluate_round 11: no clients selected, cancel
[2026-01-11 12:57:13,405][flwr][DEBUG] - fit_round 12: strategy sampled 10 clients (out of 100)
[2026-01-11 12:57:13,627][flwr][DEBUG] - fit_round 12 received 10 results and 0 failures
[2026-01-11 12:57:13,652][flwr][INFO] - fit progress: (12, 70.83991581201553, {'accuracy': 0.507}, 6.816183957998874)
[2026-01-11 12:57:13,652][flwr][INFO] - evaluate_round 12: no clients selected, cancel
[2026-01-11 12:57:13,652][flwr][DEBUG] - fit_round 13: strategy sampled 10 clients (out of 100)
[2026-01-11 12:57:13,915][flwr][DEBUG] - fit_round 13 received 10 results and 0 failures
[2026-01-11 12:57:13,940][flwr][INFO] - fit progress: (13, 64.42831188440323, {'accuracy': 0.5095}, 7.104985124999075)
[2026-01-11 12:57:13,941][flwr][INFO] - evaluate_round 13: no clients selected, cancel
[2026-01-11 12:57:13,941][flwr][DEBUG] - fit_round 14: strategy sampled 10 clients (out of 100)
[2026-01-11 12:57:14,199][flwr][DEBUG] - fit_round 14 received 10 results and 0 failures
[2026-01-11 12:57:14,223][flwr][INFO] - fit progress: (14, 66.33136641979218, {'accuracy': 0.507}, 7.387904916002299)
[2026-01-11 12:57:14,223][flwr][INFO] - evaluate_round 14: no clients selected, cancel
[2026-01-11 12:57:14,224][flwr][DEBUG] - fit_round 15: strategy sampled 10 clients (out of 100)
[2026-01-11 12:57:14,422][flwr][DEBUG] - fit_round 15 received 10 results and 0 failures
[2026-01-11 12:57:14,446][flwr][INFO] - fit progress: (15, 64.27414262294769, {'accuracy': 0.507}, 7.611006708000787)
[2026-01-11 12:57:14,447][flwr][INFO] - evaluate_round 15: no clients selected, cancel
[2026-01-11 12:57:14,447][flwr][DEBUG] - fit_round 16: strategy sampled 10 clients (out of 100)
[2026-01-11 12:57:14,641][flwr][DEBUG] - fit_round 16 received 10 results and 0 failures
[2026-01-11 12:57:14,665][flwr][INFO] - fit progress: (16, 63.887758016586304, {'accuracy': 0.507}, 7.82974600000307)
[2026-01-11 12:57:14,665][flwr][INFO] - evaluate_round 16: no clients selected, cancel
[2026-01-11 12:57:14,666][flwr][DEBUG] - fit_round 17: strategy sampled 10 clients (out of 100)
[2026-01-11 12:57:14,869][flwr][DEBUG] - fit_round 17 received 10 results and 0 failures
[2026-01-11 12:57:14,894][flwr][INFO] - fit progress: (17, 62.8773432970047, {'accuracy': 0.509}, 8.058226833003573)
[2026-01-11 12:57:14,894][flwr][INFO] - evaluate_round 17: no clients selected, cancel
[2026-01-11 12:57:14,894][flwr][DEBUG] - fit_round 18: strategy sampled 10 clients (out of 100)
[2026-01-11 12:57:15,091][flwr][DEBUG] - fit_round 18 received 10 results and 0 failures
[2026-01-11 12:57:15,115][flwr][INFO] - fit progress: (18, 61.68888247013092, {'accuracy': 0.521}, 8.279729165995377)
[2026-01-11 12:57:15,115][flwr][INFO] - evaluate_round 18: no clients selected, cancel
[2026-01-11 12:57:15,116][flwr][DEBUG] - fit_round 19: strategy sampled 10 clients (out of 100)
[2026-01-11 12:57:15,312][flwr][DEBUG] - fit_round 19 received 10 results and 0 failures
[2026-01-11 12:57:15,335][flwr][INFO] - fit progress: (19, 68.07095724344254, {'accuracy': 0.508}, 8.499433916003909)
[2026-01-11 12:57:15,335][flwr][INFO] - evaluate_round 19: no clients selected, cancel
[2026-01-11 12:57:15,335][flwr][DEBUG] - fit_round 20: strategy sampled 10 clients (out of 100)
[2026-01-11 12:57:15,524][flwr][DEBUG] - fit_round 20 received 10 results and 0 failures
[2026-01-11 12:57:15,547][flwr][INFO] - fit progress: (20, 64.27340120077133, {'accuracy': 0.511}, 8.71182595800201)
[2026-01-11 12:57:15,547][flwr][INFO] - evaluate_round 20: no clients selected, cancel
[2026-01-11 12:57:15,548][flwr][DEBUG] - fit_round 21: strategy sampled 10 clients (out of 100)
[2026-01-11 12:57:15,750][flwr][DEBUG] - fit_round 21 received 10 results and 0 failures
[2026-01-11 12:57:15,774][flwr][INFO] - fit progress: (21, 77.49924176931381, {'accuracy': 0.507}, 8.938638082996476)
[2026-01-11 12:57:15,774][flwr][INFO] - evaluate_round 21: no clients selected, cancel
[2026-01-11 12:57:15,775][flwr][DEBUG] - fit_round 22: strategy sampled 10 clients (out of 100)
[2026-01-11 12:57:15,985][flwr][DEBUG] - fit_round 22 received 10 results and 0 failures
[2026-01-11 12:57:16,012][flwr][INFO] - fit progress: (22, 66.3497194647789, {'accuracy': 0.508}, 9.176683333003893)
[2026-01-11 12:57:16,012][flwr][INFO] - evaluate_round 22: no clients selected, cancel
[2026-01-11 12:57:16,013][flwr][DEBUG] - fit_round 23: strategy sampled 10 clients (out of 100)
[2026-01-11 12:57:16,211][flwr][DEBUG] - fit_round 23 received 10 results and 0 failures
[2026-01-11 12:57:16,236][flwr][INFO] - fit progress: (23, 74.4460096359253, {'accuracy': 0.508}, 9.40004329099611)
[2026-01-11 12:57:16,236][flwr][INFO] - evaluate_round 23: no clients selected, cancel
[2026-01-11 12:57:16,236][flwr][DEBUG] - fit_round 24: strategy sampled 10 clients (out of 100)
[2026-01-11 12:57:16,436][flwr][DEBUG] - fit_round 24 received 10 results and 0 failures
[2026-01-11 12:57:16,461][flwr][INFO] - fit progress: (24, 89.55752581357956, {'accuracy': 0.507}, 9.625542541005416)
[2026-01-11 12:57:16,461][flwr][INFO] - evaluate_round 24: no clients selected, cancel
[2026-01-11 12:57:16,462][flwr][DEBUG] - fit_round 25: strategy sampled 10 clients (out of 100)
[2026-01-11 12:57:16,674][flwr][DEBUG] - fit_round 25 received 10 results and 0 failures
[2026-01-11 12:57:16,698][flwr][INFO] - fit progress: (25, 71.58013409376144, {'accuracy': 0.5135}, 9.86288145800063)
[2026-01-11 12:57:16,699][flwr][INFO] - evaluate_round 25: no clients selected, cancel
[2026-01-11 12:57:16,699][flwr][DEBUG] - fit_round 26: strategy sampled 10 clients (out of 100)
[2026-01-11 12:57:16,915][flwr][DEBUG] - fit_round 26 received 10 results and 0 failures
[2026-01-11 12:57:17,052][flwr][INFO] - fit progress: (26, 75.79848581552505, {'accuracy': 0.509}, 10.216754499997478)
[2026-01-11 12:57:17,052][flwr][INFO] - evaluate_round 26: no clients selected, cancel
[2026-01-11 12:57:17,053][flwr][DEBUG] - fit_round 27: strategy sampled 10 clients (out of 100)
[2026-01-11 12:57:17,258][flwr][DEBUG] - fit_round 27 received 10 results and 0 failures
[2026-01-11 12:57:17,281][flwr][INFO] - fit progress: (27, 66.35281205177307, {'accuracy': 0.514}, 10.445778332999907)
[2026-01-11 12:57:17,281][flwr][INFO] - evaluate_round 27: no clients selected, cancel
[2026-01-11 12:57:17,282][flwr][DEBUG] - fit_round 28: strategy sampled 10 clients (out of 100)
[2026-01-11 12:57:17,494][flwr][DEBUG] - fit_round 28 received 10 results and 0 failures
[2026-01-11 12:57:17,518][flwr][INFO] - fit progress: (28, 62.605407893657684, {'accuracy': 0.515}, 10.68212387499807)
[2026-01-11 12:57:17,518][flwr][INFO] - evaluate_round 28: no clients selected, cancel
[2026-01-11 12:57:17,518][flwr][DEBUG] - fit_round 29: strategy sampled 10 clients (out of 100)
[2026-01-11 12:57:17,726][flwr][DEBUG] - fit_round 29 received 10 results and 0 failures
[2026-01-11 12:57:17,750][flwr][INFO] - fit progress: (29, 61.40311998128891, {'accuracy': 0.515}, 10.914256457996089)
[2026-01-11 12:57:17,750][flwr][INFO] - evaluate_round 29: no clients selected, cancel
[2026-01-11 12:57:17,750][flwr][DEBUG] - fit_round 30: strategy sampled 10 clients (out of 100)
[2026-01-11 12:57:17,963][flwr][DEBUG] - fit_round 30 received 10 results and 0 failures
[2026-01-11 12:57:17,990][flwr][INFO] - fit progress: (30, 59.7383171916008, {'accuracy': 0.5235}, 11.1541690830054)
[2026-01-11 12:57:17,990][flwr][INFO] - evaluate_round 30: no clients selected, cancel
[2026-01-11 12:57:17,990][flwr][DEBUG] - fit_round 31: strategy sampled 10 clients (out of 100)
[2026-01-11 12:57:18,204][flwr][DEBUG] - fit_round 31 received 10 results and 0 failures
[2026-01-11 12:57:18,228][flwr][INFO] - fit progress: (31, 59.348092794418335, {'accuracy': 0.528}, 11.392028832997312)
[2026-01-11 12:57:18,228][flwr][INFO] - evaluate_round 31: no clients selected, cancel
[2026-01-11 12:57:18,228][flwr][DEBUG] - fit_round 32: strategy sampled 10 clients (out of 100)
[2026-01-11 12:57:18,428][flwr][DEBUG] - fit_round 32 received 10 results and 0 failures
[2026-01-11 12:57:18,452][flwr][INFO] - fit progress: (32, 59.81119704246521, {'accuracy': 0.5245}, 11.616882040994824)
[2026-01-11 12:57:18,453][flwr][INFO] - evaluate_round 32: no clients selected, cancel
[2026-01-11 12:57:18,453][flwr][DEBUG] - fit_round 33: strategy sampled 10 clients (out of 100)
[2026-01-11 12:57:18,653][flwr][DEBUG] - fit_round 33 received 10 results and 0 failures
[2026-01-11 12:57:18,679][flwr][INFO] - fit progress: (33, 58.8966361284256, {'accuracy': 0.5605}, 11.843323458000668)
[2026-01-11 12:57:18,679][flwr][INFO] - evaluate_round 33: no clients selected, cancel
[2026-01-11 12:57:18,679][flwr][DEBUG] - fit_round 34: strategy sampled 10 clients (out of 100)
[2026-01-11 12:57:18,894][flwr][DEBUG] - fit_round 34 received 10 results and 0 failures
[2026-01-11 12:57:18,919][flwr][INFO] - fit progress: (34, 57.86668461561203, {'accuracy': 0.5555}, 12.083479583001463)
[2026-01-11 12:57:18,919][flwr][INFO] - evaluate_round 34: no clients selected, cancel
[2026-01-11 12:57:18,920][flwr][DEBUG] - fit_round 35: strategy sampled 10 clients (out of 100)
[2026-01-11 12:57:19,121][flwr][DEBUG] - fit_round 35 received 10 results and 0 failures
[2026-01-11 12:57:19,156][flwr][INFO] - fit progress: (35, 58.153856456279755, {'accuracy': 0.55}, 12.320483250005054)
[2026-01-11 12:57:19,156][flwr][INFO] - evaluate_round 35: no clients selected, cancel
[2026-01-11 12:57:19,157][flwr][DEBUG] - fit_round 36: strategy sampled 10 clients (out of 100)
[2026-01-11 12:57:19,362][flwr][DEBUG] - fit_round 36 received 10 results and 0 failures
[2026-01-11 12:57:19,385][flwr][INFO] - fit progress: (36, 58.66723972558975, {'accuracy': 0.5615}, 12.549680208001519)
[2026-01-11 12:57:19,385][flwr][INFO] - evaluate_round 36: no clients selected, cancel
[2026-01-11 12:57:19,386][flwr][DEBUG] - fit_round 37: strategy sampled 10 clients (out of 100)
[2026-01-11 12:57:19,614][flwr][DEBUG] - fit_round 37 received 10 results and 0 failures
[2026-01-11 12:57:19,638][flwr][INFO] - fit progress: (37, 60.6445996761322, {'accuracy': 0.5845}, 12.802389958000276)
[2026-01-11 12:57:19,638][flwr][INFO] - evaluate_round 37: no clients selected, cancel
[2026-01-11 12:57:19,638][flwr][DEBUG] - fit_round 38: strategy sampled 10 clients (out of 100)
[2026-01-11 12:57:19,840][flwr][DEBUG] - fit_round 38 received 10 results and 0 failures
[2026-01-11 12:57:19,865][flwr][INFO] - fit progress: (38, 60.878296196460724, {'accuracy': 0.5285}, 13.029726666005445)
[2026-01-11 12:57:19,866][flwr][INFO] - evaluate_round 38: no clients selected, cancel
[2026-01-11 12:57:19,866][flwr][DEBUG] - fit_round 39: strategy sampled 10 clients (out of 100)
[2026-01-11 12:57:20,067][flwr][DEBUG] - fit_round 39 received 10 results and 0 failures
[2026-01-11 12:57:20,097][flwr][INFO] - fit progress: (39, 61.291676104068756, {'accuracy': 0.5145}, 13.261733958002878)
[2026-01-11 12:57:20,097][flwr][INFO] - evaluate_round 39: no clients selected, cancel
[2026-01-11 12:57:20,098][flwr][DEBUG] - fit_round 40: strategy sampled 10 clients (out of 100)
[2026-01-11 12:57:20,320][flwr][DEBUG] - fit_round 40 received 10 results and 0 failures
[2026-01-11 12:57:20,344][flwr][INFO] - fit progress: (40, 64.0019541978836, {'accuracy': 0.508}, 13.50875566600007)
[2026-01-11 12:57:20,344][flwr][INFO] - evaluate_round 40: no clients selected, cancel
[2026-01-11 12:57:20,345][flwr][DEBUG] - fit_round 41: strategy sampled 10 clients (out of 100)
[2026-01-11 12:57:20,551][flwr][DEBUG] - fit_round 41 received 10 results and 0 failures
[2026-01-11 12:57:20,575][flwr][INFO] - fit progress: (41, 65.75195717811584, {'accuracy': 0.507}, 13.739043291003327)
[2026-01-11 12:57:20,575][flwr][INFO] - evaluate_round 41: no clients selected, cancel
[2026-01-11 12:57:20,575][flwr][DEBUG] - fit_round 42: strategy sampled 10 clients (out of 100)
[2026-01-11 12:57:20,783][flwr][DEBUG] - fit_round 42 received 10 results and 0 failures
[2026-01-11 12:57:20,810][flwr][INFO] - fit progress: (42, 65.94558620452881, {'accuracy': 0.5075}, 13.974640540996916)
[2026-01-11 12:57:20,810][flwr][INFO] - evaluate_round 42: no clients selected, cancel
[2026-01-11 12:57:20,811][flwr][DEBUG] - fit_round 43: strategy sampled 10 clients (out of 100)
[2026-01-11 12:57:21,029][flwr][DEBUG] - fit_round 43 received 10 results and 0 failures
[2026-01-11 12:57:21,054][flwr][INFO] - fit progress: (43, 73.49069094657898, {'accuracy': 0.508}, 14.218523666000692)
[2026-01-11 12:57:21,054][flwr][INFO] - evaluate_round 43: no clients selected, cancel
[2026-01-11 12:57:21,055][flwr][DEBUG] - fit_round 44: strategy sampled 10 clients (out of 100)
[2026-01-11 12:57:21,263][flwr][DEBUG] - fit_round 44 received 10 results and 0 failures
[2026-01-11 12:57:21,288][flwr][INFO] - fit progress: (44, 91.6263200044632, {'accuracy': 0.507}, 14.452093582993257)
[2026-01-11 12:57:21,288][flwr][INFO] - evaluate_round 44: no clients selected, cancel
[2026-01-11 12:57:21,288][flwr][DEBUG] - fit_round 45: strategy sampled 10 clients (out of 100)
[2026-01-11 12:57:21,610][flwr][DEBUG] - fit_round 45 received 10 results and 0 failures
[2026-01-11 12:57:21,634][flwr][INFO] - fit progress: (45, 80.46944618225098, {'accuracy': 0.508}, 14.798550666004303)
[2026-01-11 12:57:21,634][flwr][INFO] - evaluate_round 45: no clients selected, cancel
[2026-01-11 12:57:21,635][flwr][DEBUG] - fit_round 46: strategy sampled 10 clients (out of 100)
[2026-01-11 12:57:21,838][flwr][DEBUG] - fit_round 46 received 10 results and 0 failures
[2026-01-11 12:57:21,863][flwr][INFO] - fit progress: (46, 99.04146975278854, {'accuracy': 0.507}, 15.027091500000097)
[2026-01-11 12:57:21,863][flwr][INFO] - evaluate_round 46: no clients selected, cancel
[2026-01-11 12:57:21,863][flwr][DEBUG] - fit_round 47: strategy sampled 10 clients (out of 100)
[2026-01-11 12:57:22,071][flwr][DEBUG] - fit_round 47 received 10 results and 0 failures
[2026-01-11 12:57:22,096][flwr][INFO] - fit progress: (47, 89.44069194793701, {'accuracy': 0.509}, 15.260302208000212)
[2026-01-11 12:57:22,096][flwr][INFO] - evaluate_round 47: no clients selected, cancel
[2026-01-11 12:57:22,096][flwr][DEBUG] - fit_round 48: strategy sampled 10 clients (out of 100)
[2026-01-11 12:57:22,411][flwr][DEBUG] - fit_round 48 received 10 results and 0 failures
[2026-01-11 12:57:22,435][flwr][INFO] - fit progress: (48, 109.84319293498993, {'accuracy': 0.5085}, 15.599613165992196)
[2026-01-11 12:57:22,435][flwr][INFO] - evaluate_round 48: no clients selected, cancel
[2026-01-11 12:57:22,436][flwr][DEBUG] - fit_round 49: strategy sampled 10 clients (out of 100)
[2026-01-11 12:57:22,719][flwr][DEBUG] - fit_round 49 received 10 results and 0 failures
[2026-01-11 12:57:22,743][flwr][INFO] - fit progress: (49, 77.701691031456, {'accuracy': 0.51}, 15.907119166004122)
[2026-01-11 12:57:22,743][flwr][INFO] - evaluate_round 49: no clients selected, cancel
[2026-01-11 12:57:22,743][flwr][DEBUG] - fit_round 50: strategy sampled 10 clients (out of 100)
[2026-01-11 12:57:22,975][flwr][DEBUG] - fit_round 50 received 10 results and 0 failures
[2026-01-11 12:57:23,006][flwr][INFO] - fit progress: (50, 85.67566734552383, {'accuracy': 0.508}, 16.170771791003062)
[2026-01-11 12:57:23,007][flwr][INFO] - evaluate_round 50: no clients selected, cancel
[2026-01-11 12:57:23,007][flwr][INFO] - FL finished in 16.17112937499769
[2026-01-11 12:57:23,007][flwr][INFO] - app_fit: losses_distributed []
[2026-01-11 12:57:23,007][flwr][INFO] - app_fit: metrics_distributed_fit {'c_global_norm': [(1, 7.715295668777579), (2, 43.480973917029935), (3, 36.49815478951711), (4, 27.720248090478787), (5, 35.825264413514034), (6, 23.22746422919776), (7, 31.144032819666815), (8, 14.088866152055692), (9, 41.05275432996893), (10, 23.160956106594703), (11, 34.43447217421266), (12, 12.115903925347748), (13, 20.42687853435412), (14, 23.722005648322927), (15, 9.476269570435983), (16, 14.959474734118706), (17, 9.4634464458923), (18, 9.304868045371668), (19, 33.760670861159504), (20, 7.740064891044459), (21, 20.520473447700198), (22, 19.82265118193807), (23, 23.722915263578066), (24, 13.688678982442212), (25, 19.993421623058996), (26, 12.81546306540356), (27, 15.856197284991277), (28, 7.989147293693548), (29, 10.037608805098783), (30, 7.681586776765802), (31, 4.41111672774096), (32, 9.021405760015181), (33, 12.66316936280397), (34, 11.906444547971091), (35, 10.474166049854572), (36, 5.807640078204278), (37, 15.168935217903426), (38, 7.836251210734252), (39, 17.56638807822168), (40, 10.209348689238919), (41, 1.6653095207489252), (42, 6.354896901856582), (43, 18.88385012280867), (44, 22.058615950486605), (45, 17.299592189791912), (46, 15.860704781541742), (47, 13.297065282999922), (48, 21.051013870921846), (49, 31.773372521579052), (50, 8.617352958743862)], 'num_clients': [(1, 10), (2, 10), (3, 10), (4, 10), (5, 10), (6, 10), (7, 10), (8, 10), (9, 10), (10, 10), (11, 10), (12, 10), (13, 10), (14, 10), (15, 10), (16, 10), (17, 10), (18, 10), (19, 10), (20, 10), (21, 10), (22, 10), (23, 10), (24, 10), (25, 10), (26, 10), (27, 10), (28, 10), (29, 10), (30, 10), (31, 10), (32, 10), (33, 10), (34, 10), (35, 10), (36, 10), (37, 10), (38, 10), (39, 10), (40, 10), (41, 10), (42, 10), (43, 10), (44, 10), (45, 10), (46, 10), (47, 10), (48, 10), (49, 10), (50, 10)]}
[2026-01-11 12:57:23,007][flwr][INFO] - app_fit: metrics_distributed {}
[2026-01-11 12:57:23,007][flwr][INFO] - app_fit: losses_centralized [(0, 71.80140054225922), (1, 67.69493234157562), (2, 82.1161128282547), (3, 70.21943306922913), (4, 80.08533978462219), (5, 67.53868091106415), (6, 73.38230752944946), (7, 65.85648554563522), (8, 67.70914256572723), (9, 66.12709820270538), (10, 66.28925454616547), (11, 66.00091409683228), (12, 70.83991581201553), (13, 64.42831188440323), (14, 66.33136641979218), (15, 64.27414262294769), (16, 63.887758016586304), (17, 62.8773432970047), (18, 61.68888247013092), (19, 68.07095724344254), (20, 64.27340120077133), (21, 77.49924176931381), (22, 66.3497194647789), (23, 74.4460096359253), (24, 89.55752581357956), (25, 71.58013409376144), (26, 75.79848581552505), (27, 66.35281205177307), (28, 62.605407893657684), (29, 61.40311998128891), (30, 59.7383171916008), (31, 59.348092794418335), (32, 59.81119704246521), (33, 58.8966361284256), (34, 57.86668461561203), (35, 58.153856456279755), (36, 58.66723972558975), (37, 60.6445996761322), (38, 60.878296196460724), (39, 61.291676104068756), (40, 64.0019541978836), (41, 65.75195717811584), (42, 65.94558620452881), (43, 73.49069094657898), (44, 91.6263200044632), (45, 80.46944618225098), (46, 99.04146975278854), (47, 89.44069194793701), (48, 109.84319293498993), (49, 77.701691031456), (50, 85.67566734552383)]
[2026-01-11 12:57:23,007][flwr][INFO] - app_fit: metrics_centralized {'accuracy': [(0, 0.238), (1, 0.517), (2, 0.233), (3, 0.216), (4, 0.228), (5, 0.5065), (6, 0.224), (7, 0.507), (8, 0.507), (9, 0.507), (10, 0.507), (11, 0.507), (12, 0.507), (13, 0.5095), (14, 0.507), (15, 0.507), (16, 0.507), (17, 0.509), (18, 0.521), (19, 0.508), (20, 0.511), (21, 0.507), (22, 0.508), (23, 0.508), (24, 0.507), (25, 0.5135), (26, 0.509), (27, 0.514), (28, 0.515), (29, 0.515), (30, 0.5235), (31, 0.528), (32, 0.5245), (33, 0.5605), (34, 0.5555), (35, 0.55), (36, 0.5615), (37, 0.5845), (38, 0.5285), (39, 0.5145), (40, 0.508), (41, 0.507), (42, 0.5075), (43, 0.508), (44, 0.507), (45, 0.508), (46, 0.507), (47, 0.509), (48, 0.5085), (49, 0.51), (50, 0.508)]}
