[2026-01-11 12:08:18,507][flwr][INFO] - Starting Flower simulation, config: ServerConfig(num_rounds=50, round_timeout=None)
[2026-01-11 12:08:23,357][flwr][INFO] - Flower VCE: Ray initialized with resources: {'node:127.0.0.1': 1.0, 'memory': 11747877684.0, 'object_store_memory': 2147483648.0, 'CPU': 10.0}
[2026-01-11 12:08:23,358][flwr][INFO] - Initializing global parameters
[2026-01-11 12:08:23,358][flwr][INFO] - Using initial parameters provided by strategy
[2026-01-11 12:08:23,358][flwr][INFO] - Evaluating initial parameters
[2026-01-11 12:08:23,430][flwr][INFO] - initial parameters (loss, other metrics): 68.07474291324615, {'accuracy': 0.507}
[2026-01-11 12:08:23,430][flwr][INFO] - FL starting
[2026-01-11 12:08:23,431][flwr][DEBUG] - fit_round 1: strategy sampled 10 clients (out of 100)
[2026-01-11 12:08:27,809][flwr][DEBUG] - fit_round 1 received 10 results and 0 failures
[2026-01-11 12:08:27,843][flwr][INFO] - fit progress: (1, 68.12149775028229, {'accuracy': 0.507}, 4.412603290998959)
[2026-01-11 12:08:27,843][flwr][INFO] - evaluate_round 1: no clients selected, cancel
[2026-01-11 12:08:27,845][flwr][DEBUG] - fit_round 2: strategy sampled 10 clients (out of 100)
[2026-01-11 12:08:28,054][flwr][DEBUG] - fit_round 2 received 10 results and 0 failures
[2026-01-11 12:08:28,081][flwr][INFO] - fit progress: (2, 591.5656328201294, {'accuracy': 0.6055}, 4.6509337079914985)
[2026-01-11 12:08:28,082][flwr][INFO] - evaluate_round 2: no clients selected, cancel
[2026-01-11 12:08:28,082][flwr][DEBUG] - fit_round 3: strategy sampled 10 clients (out of 100)
[2026-01-11 12:08:28,291][flwr][DEBUG] - fit_round 3 received 10 results and 0 failures
[2026-01-11 12:08:28,318][flwr][INFO] - fit progress: (3, 1399.8711643218994, {'accuracy': 0.63}, 4.88768791599432)
[2026-01-11 12:08:28,318][flwr][INFO] - evaluate_round 3: no clients selected, cancel
[2026-01-11 12:08:28,319][flwr][DEBUG] - fit_round 4: strategy sampled 10 clients (out of 100)
[2026-01-11 12:08:28,513][flwr][DEBUG] - fit_round 4 received 10 results and 0 failures
[2026-01-11 12:08:28,595][flwr][INFO] - fit progress: (4, 678.8903379440308, {'accuracy': 0.61}, 5.1644948329922045)
[2026-01-11 12:08:28,595][flwr][INFO] - evaluate_round 4: no clients selected, cancel
[2026-01-11 12:08:28,596][flwr][DEBUG] - fit_round 5: strategy sampled 10 clients (out of 100)
[2026-01-11 12:08:28,772][flwr][DEBUG] - fit_round 5 received 10 results and 0 failures
[2026-01-11 12:08:28,797][flwr][INFO] - fit progress: (5, 1130.8917608261108, {'accuracy': 0.463}, 5.366721790996962)
[2026-01-11 12:08:28,797][flwr][INFO] - evaluate_round 5: no clients selected, cancel
[2026-01-11 12:08:28,798][flwr][DEBUG] - fit_round 6: strategy sampled 10 clients (out of 100)
[2026-01-11 12:08:28,996][flwr][DEBUG] - fit_round 6 received 10 results and 0 failures
[2026-01-11 12:08:29,022][flwr][INFO] - fit progress: (6, 1079.920563697815, {'accuracy': 0.4655}, 5.591591832999256)
[2026-01-11 12:08:29,022][flwr][INFO] - evaluate_round 6: no clients selected, cancel
[2026-01-11 12:08:29,022][flwr][DEBUG] - fit_round 7: strategy sampled 10 clients (out of 100)
[2026-01-11 12:08:29,269][flwr][DEBUG] - fit_round 7 received 10 results and 0 failures
[2026-01-11 12:08:29,293][flwr][INFO] - fit progress: (7, 1027.0575041770935, {'accuracy': 0.6095}, 5.86296549999679)
[2026-01-11 12:08:29,293][flwr][INFO] - evaluate_round 7: no clients selected, cancel
[2026-01-11 12:08:29,294][flwr][DEBUG] - fit_round 8: strategy sampled 10 clients (out of 100)
[2026-01-11 12:08:29,512][flwr][DEBUG] - fit_round 8 received 10 results and 0 failures
[2026-01-11 12:08:29,538][flwr][INFO] - fit progress: (8, 976.1684942245483, {'accuracy': 0.627}, 6.107677832987974)
[2026-01-11 12:08:29,538][flwr][INFO] - evaluate_round 8: no clients selected, cancel
[2026-01-11 12:08:29,539][flwr][DEBUG] - fit_round 9: strategy sampled 10 clients (out of 100)
[2026-01-11 12:08:29,764][flwr][DEBUG] - fit_round 9 received 10 results and 0 failures
[2026-01-11 12:08:29,788][flwr][INFO] - fit progress: (9, 2067.119336605072, {'accuracy': 0.3805}, 6.357888874990749)
[2026-01-11 12:08:29,788][flwr][INFO] - evaluate_round 9: no clients selected, cancel
[2026-01-11 12:08:29,789][flwr][DEBUG] - fit_round 10: strategy sampled 10 clients (out of 100)
[2026-01-11 12:08:30,019][flwr][DEBUG] - fit_round 10 received 10 results and 0 failures
[2026-01-11 12:08:30,044][flwr][INFO] - fit progress: (10, 8083.673650741577, {'accuracy': 0.507}, 6.613706374992034)
[2026-01-11 12:08:30,044][flwr][INFO] - evaluate_round 10: no clients selected, cancel
[2026-01-11 12:08:30,045][flwr][DEBUG] - fit_round 11: strategy sampled 10 clients (out of 100)
[2026-01-11 12:08:30,269][flwr][DEBUG] - fit_round 11 received 10 results and 0 failures
[2026-01-11 12:08:30,293][flwr][INFO] - fit progress: (11, 651.7204804420471, {'accuracy': 0.5095}, 6.862751124994247)
[2026-01-11 12:08:30,293][flwr][INFO] - evaluate_round 11: no clients selected, cancel
[2026-01-11 12:08:30,294][flwr][DEBUG] - fit_round 12: strategy sampled 10 clients (out of 100)
[2026-01-11 12:08:30,535][flwr][DEBUG] - fit_round 12 received 10 results and 0 failures
[2026-01-11 12:08:30,559][flwr][INFO] - fit progress: (12, 1961.311809539795, {'accuracy': 0.629}, 7.128491165989544)
[2026-01-11 12:08:30,559][flwr][INFO] - evaluate_round 12: no clients selected, cancel
[2026-01-11 12:08:30,559][flwr][DEBUG] - fit_round 13: strategy sampled 10 clients (out of 100)
[2026-01-11 12:08:30,949][flwr][DEBUG] - fit_round 13 received 10 results and 0 failures
[2026-01-11 12:08:30,974][flwr][INFO] - fit progress: (13, 1205.8417081832886, {'accuracy': 0.507}, 7.543249790993286)
[2026-01-11 12:08:30,974][flwr][INFO] - evaluate_round 13: no clients selected, cancel
[2026-01-11 12:08:30,974][flwr][DEBUG] - fit_round 14: strategy sampled 10 clients (out of 100)
[2026-01-11 12:08:31,223][flwr][DEBUG] - fit_round 14 received 10 results and 0 failures
[2026-01-11 12:08:31,249][flwr][INFO] - fit progress: (14, 4387.405633926392, {'accuracy': 0.507}, 7.818885249987943)
[2026-01-11 12:08:31,249][flwr][INFO] - evaluate_round 14: no clients selected, cancel
[2026-01-11 12:08:31,250][flwr][DEBUG] - fit_round 15: strategy sampled 10 clients (out of 100)
[2026-01-11 12:08:31,495][flwr][DEBUG] - fit_round 15 received 10 results and 0 failures
[2026-01-11 12:08:31,519][flwr][INFO] - fit progress: (15, 825.6648025512695, {'accuracy': 0.539}, 8.088406540991855)
[2026-01-11 12:08:31,519][flwr][INFO] - evaluate_round 15: no clients selected, cancel
[2026-01-11 12:08:31,519][flwr][DEBUG] - fit_round 16: strategy sampled 10 clients (out of 100)
[2026-01-11 12:08:31,758][flwr][DEBUG] - fit_round 16 received 10 results and 0 failures
[2026-01-11 12:08:31,783][flwr][INFO] - fit progress: (16, 663.2836241722107, {'accuracy': 0.538}, 8.35280383299687)
[2026-01-11 12:08:31,783][flwr][INFO] - evaluate_round 16: no clients selected, cancel
[2026-01-11 12:08:31,784][flwr][DEBUG] - fit_round 17: strategy sampled 10 clients (out of 100)
[2026-01-11 12:08:32,026][flwr][DEBUG] - fit_round 17 received 10 results and 0 failures
[2026-01-11 12:08:32,050][flwr][INFO] - fit progress: (17, 362.8784327507019, {'accuracy': 0.527}, 8.619960124997306)
[2026-01-11 12:08:32,050][flwr][INFO] - evaluate_round 17: no clients selected, cancel
[2026-01-11 12:08:32,051][flwr][DEBUG] - fit_round 18: strategy sampled 10 clients (out of 100)
[2026-01-11 12:08:32,298][flwr][DEBUG] - fit_round 18 received 10 results and 0 failures
[2026-01-11 12:08:32,322][flwr][INFO] - fit progress: (18, 365.18150305747986, {'accuracy': 0.5325}, 8.892168874997878)
[2026-01-11 12:08:32,323][flwr][INFO] - evaluate_round 18: no clients selected, cancel
[2026-01-11 12:08:32,323][flwr][DEBUG] - fit_round 19: strategy sampled 10 clients (out of 100)
[2026-01-11 12:08:32,581][flwr][DEBUG] - fit_round 19 received 10 results and 0 failures
[2026-01-11 12:08:32,606][flwr][INFO] - fit progress: (19, 154.4064840078354, {'accuracy': 0.5185}, 9.175320374997682)
[2026-01-11 12:08:32,606][flwr][INFO] - evaluate_round 19: no clients selected, cancel
[2026-01-11 12:08:32,606][flwr][DEBUG] - fit_round 20: strategy sampled 10 clients (out of 100)
[2026-01-11 12:08:32,859][flwr][DEBUG] - fit_round 20 received 10 results and 0 failures
[2026-01-11 12:08:32,883][flwr][INFO] - fit progress: (20, 456.50106477737427, {'accuracy': 0.5085}, 9.452506082991022)
[2026-01-11 12:08:32,883][flwr][INFO] - evaluate_round 20: no clients selected, cancel
[2026-01-11 12:08:32,883][flwr][DEBUG] - fit_round 21: strategy sampled 10 clients (out of 100)
[2026-01-11 12:08:33,121][flwr][DEBUG] - fit_round 21 received 10 results and 0 failures
[2026-01-11 12:08:33,145][flwr][INFO] - fit progress: (21, 215.73279666900635, {'accuracy': 0.587}, 9.71473624999635)
[2026-01-11 12:08:33,145][flwr][INFO] - evaluate_round 21: no clients selected, cancel
[2026-01-11 12:08:33,146][flwr][DEBUG] - fit_round 22: strategy sampled 10 clients (out of 100)
[2026-01-11 12:08:33,404][flwr][DEBUG] - fit_round 22 received 10 results and 0 failures
[2026-01-11 12:08:33,432][flwr][INFO] - fit progress: (22, 152.0931055545807, {'accuracy': 0.555}, 10.002111540990882)
[2026-01-11 12:08:33,433][flwr][INFO] - evaluate_round 22: no clients selected, cancel
[2026-01-11 12:08:33,433][flwr][DEBUG] - fit_round 23: strategy sampled 10 clients (out of 100)
[2026-01-11 12:08:33,659][flwr][DEBUG] - fit_round 23 received 10 results and 0 failures
[2026-01-11 12:08:33,683][flwr][INFO] - fit progress: (23, 221.3017122745514, {'accuracy': 0.425}, 10.253022624994628)
[2026-01-11 12:08:33,683][flwr][INFO] - evaluate_round 23: no clients selected, cancel
[2026-01-11 12:08:33,684][flwr][DEBUG] - fit_round 24: strategy sampled 10 clients (out of 100)
[2026-01-11 12:08:33,942][flwr][DEBUG] - fit_round 24 received 10 results and 0 failures
[2026-01-11 12:08:33,967][flwr][INFO] - fit progress: (24, 125.60410368442535, {'accuracy': 0.5385}, 10.536410749991774)
[2026-01-11 12:08:33,967][flwr][INFO] - evaluate_round 24: no clients selected, cancel
[2026-01-11 12:08:33,967][flwr][DEBUG] - fit_round 25: strategy sampled 10 clients (out of 100)
[2026-01-11 12:08:34,216][flwr][DEBUG] - fit_round 25 received 10 results and 0 failures
[2026-01-11 12:08:34,241][flwr][INFO] - fit progress: (25, 129.68120670318604, {'accuracy': 0.576}, 10.811001040987321)
[2026-01-11 12:08:34,241][flwr][INFO] - evaluate_round 25: no clients selected, cancel
[2026-01-11 12:08:34,242][flwr][DEBUG] - fit_round 26: strategy sampled 10 clients (out of 100)
[2026-01-11 12:08:34,498][flwr][DEBUG] - fit_round 26 received 10 results and 0 failures
[2026-01-11 12:08:34,527][flwr][INFO] - fit progress: (26, 206.2620406150818, {'accuracy': 0.487}, 11.096620749987778)
[2026-01-11 12:08:34,527][flwr][INFO] - evaluate_round 26: no clients selected, cancel
[2026-01-11 12:08:34,527][flwr][DEBUG] - fit_round 27: strategy sampled 10 clients (out of 100)
[2026-01-11 12:08:34,790][flwr][DEBUG] - fit_round 27 received 10 results and 0 failures
[2026-01-11 12:08:34,815][flwr][INFO] - fit progress: (27, 176.30627262592316, {'accuracy': 0.511}, 11.385042207999504)
[2026-01-11 12:08:34,815][flwr][INFO] - evaluate_round 27: no clients selected, cancel
[2026-01-11 12:08:34,816][flwr][DEBUG] - fit_round 28: strategy sampled 10 clients (out of 100)
[2026-01-11 12:08:35,069][flwr][DEBUG] - fit_round 28 received 10 results and 0 failures
[2026-01-11 12:08:35,094][flwr][INFO] - fit progress: (28, 119.65581977367401, {'accuracy': 0.589}, 11.66380791598931)
[2026-01-11 12:08:35,094][flwr][INFO] - evaluate_round 28: no clients selected, cancel
[2026-01-11 12:08:35,095][flwr][DEBUG] - fit_round 29: strategy sampled 10 clients (out of 100)
[2026-01-11 12:08:35,347][flwr][DEBUG] - fit_round 29 received 10 results and 0 failures
[2026-01-11 12:08:35,373][flwr][INFO] - fit progress: (29, 188.24498641490936, {'accuracy': 0.331}, 11.942631582991453)
[2026-01-11 12:08:35,373][flwr][INFO] - evaluate_round 29: no clients selected, cancel
[2026-01-11 12:08:35,374][flwr][DEBUG] - fit_round 30: strategy sampled 10 clients (out of 100)
[2026-01-11 12:08:35,619][flwr][DEBUG] - fit_round 30 received 10 results and 0 failures
[2026-01-11 12:08:35,646][flwr][INFO] - fit progress: (30, 251.33633756637573, {'accuracy': 0.512}, 12.215244499995606)
[2026-01-11 12:08:35,646][flwr][INFO] - evaluate_round 30: no clients selected, cancel
[2026-01-11 12:08:35,646][flwr][DEBUG] - fit_round 31: strategy sampled 10 clients (out of 100)
[2026-01-11 12:08:35,908][flwr][DEBUG] - fit_round 31 received 10 results and 0 failures
[2026-01-11 12:08:35,939][flwr][INFO] - fit progress: (31, 154.71340012550354, {'accuracy': 0.5145}, 12.508537749992684)
[2026-01-11 12:08:35,939][flwr][INFO] - evaluate_round 31: no clients selected, cancel
[2026-01-11 12:08:35,939][flwr][DEBUG] - fit_round 32: strategy sampled 10 clients (out of 100)
[2026-01-11 12:08:36,196][flwr][DEBUG] - fit_round 32 received 10 results and 0 failures
[2026-01-11 12:08:36,222][flwr][INFO] - fit progress: (32, 387.267466545105, {'accuracy': 0.53}, 12.791266457992606)
[2026-01-11 12:08:36,222][flwr][INFO] - evaluate_round 32: no clients selected, cancel
[2026-01-11 12:08:36,222][flwr][DEBUG] - fit_round 33: strategy sampled 10 clients (out of 100)
[2026-01-11 12:08:36,490][flwr][DEBUG] - fit_round 33 received 10 results and 0 failures
[2026-01-11 12:08:36,515][flwr][INFO] - fit progress: (33, 923.2034373283386, {'accuracy': 0.5255}, 13.085157124995021)
[2026-01-11 12:08:36,516][flwr][INFO] - evaluate_round 33: no clients selected, cancel
[2026-01-11 12:08:36,516][flwr][DEBUG] - fit_round 34: strategy sampled 10 clients (out of 100)
[2026-01-11 12:08:36,758][flwr][DEBUG] - fit_round 34 received 10 results and 0 failures
[2026-01-11 12:08:36,782][flwr][INFO] - fit progress: (34, 287.04503858089447, {'accuracy': 0.4225}, 13.35158533298818)
[2026-01-11 12:08:36,782][flwr][INFO] - evaluate_round 34: no clients selected, cancel
[2026-01-11 12:08:36,783][flwr][DEBUG] - fit_round 35: strategy sampled 10 clients (out of 100)
[2026-01-11 12:08:37,040][flwr][DEBUG] - fit_round 35 received 10 results and 0 failures
[2026-01-11 12:08:37,064][flwr][INFO] - fit progress: (35, 588.7104630470276, {'accuracy': 0.41}, 13.633869415993104)
[2026-01-11 12:08:37,064][flwr][INFO] - evaluate_round 35: no clients selected, cancel
[2026-01-11 12:08:37,065][flwr][DEBUG] - fit_round 36: strategy sampled 10 clients (out of 100)
[2026-01-11 12:08:37,327][flwr][DEBUG] - fit_round 36 received 10 results and 0 failures
[2026-01-11 12:08:37,467][flwr][INFO] - fit progress: (36, 368.01812267303467, {'accuracy': 0.5575}, 14.036993624991737)
[2026-01-11 12:08:37,467][flwr][INFO] - evaluate_round 36: no clients selected, cancel
[2026-01-11 12:08:37,468][flwr][DEBUG] - fit_round 37: strategy sampled 10 clients (out of 100)
[2026-01-11 12:08:37,723][flwr][DEBUG] - fit_round 37 received 10 results and 0 failures
[2026-01-11 12:08:37,748][flwr][INFO] - fit progress: (37, 1324.6759071350098, {'accuracy': 0.5075}, 14.317502874997444)
[2026-01-11 12:08:37,748][flwr][INFO] - evaluate_round 37: no clients selected, cancel
[2026-01-11 12:08:37,748][flwr][DEBUG] - fit_round 38: strategy sampled 10 clients (out of 100)
[2026-01-11 12:08:37,998][flwr][DEBUG] - fit_round 38 received 10 results and 0 failures
[2026-01-11 12:08:38,022][flwr][INFO] - fit progress: (38, 1261.2388353347778, {'accuracy': 0.507}, 14.591248749988154)
[2026-01-11 12:08:38,022][flwr][INFO] - evaluate_round 38: no clients selected, cancel
[2026-01-11 12:08:38,022][flwr][DEBUG] - fit_round 39: strategy sampled 10 clients (out of 100)
[2026-01-11 12:08:38,279][flwr][DEBUG] - fit_round 39 received 10 results and 0 failures
[2026-01-11 12:08:38,303][flwr][INFO] - fit progress: (39, 270.42910158634186, {'accuracy': 0.5275}, 14.872794082999462)
[2026-01-11 12:08:38,303][flwr][INFO] - evaluate_round 39: no clients selected, cancel
[2026-01-11 12:08:38,304][flwr][DEBUG] - fit_round 40: strategy sampled 10 clients (out of 100)
[2026-01-11 12:08:38,559][flwr][DEBUG] - fit_round 40 received 10 results and 0 failures
[2026-01-11 12:08:38,584][flwr][INFO] - fit progress: (40, 309.18135118484497, {'accuracy': 0.462}, 15.153223499990418)
[2026-01-11 12:08:38,584][flwr][INFO] - evaluate_round 40: no clients selected, cancel
[2026-01-11 12:08:38,584][flwr][DEBUG] - fit_round 41: strategy sampled 10 clients (out of 100)
[2026-01-11 12:08:38,834][flwr][DEBUG] - fit_round 41 received 10 results and 0 failures
[2026-01-11 12:08:38,868][flwr][INFO] - fit progress: (41, 255.06396639347076, {'accuracy': 0.489}, 15.438098915998125)
[2026-01-11 12:08:38,869][flwr][INFO] - evaluate_round 41: no clients selected, cancel
[2026-01-11 12:08:38,869][flwr][DEBUG] - fit_round 42: strategy sampled 10 clients (out of 100)
[2026-01-11 12:08:39,113][flwr][DEBUG] - fit_round 42 received 10 results and 0 failures
[2026-01-11 12:08:39,138][flwr][INFO] - fit progress: (42, 260.85370349884033, {'accuracy': 0.362}, 15.707934040998225)
[2026-01-11 12:08:39,138][flwr][INFO] - evaluate_round 42: no clients selected, cancel
[2026-01-11 12:08:39,139][flwr][DEBUG] - fit_round 43: strategy sampled 10 clients (out of 100)
[2026-01-11 12:08:39,400][flwr][DEBUG] - fit_round 43 received 10 results and 0 failures
[2026-01-11 12:08:39,432][flwr][INFO] - fit progress: (43, 305.4079442024231, {'accuracy': 0.3195}, 16.001538749987958)
[2026-01-11 12:08:39,432][flwr][INFO] - evaluate_round 43: no clients selected, cancel
[2026-01-11 12:08:39,432][flwr][DEBUG] - fit_round 44: strategy sampled 10 clients (out of 100)
[2026-01-11 12:08:39,685][flwr][DEBUG] - fit_round 44 received 10 results and 0 failures
[2026-01-11 12:08:39,710][flwr][INFO] - fit progress: (44, 138.22313046455383, {'accuracy': 0.5135}, 16.279873957988457)
[2026-01-11 12:08:39,710][flwr][INFO] - evaluate_round 44: no clients selected, cancel
[2026-01-11 12:08:39,711][flwr][DEBUG] - fit_round 45: strategy sampled 10 clients (out of 100)
[2026-01-11 12:08:40,079][flwr][DEBUG] - fit_round 45 received 10 results and 0 failures
[2026-01-11 12:08:40,105][flwr][INFO] - fit progress: (45, 264.2708442211151, {'accuracy': 0.5695}, 16.675062790993252)
[2026-01-11 12:08:40,106][flwr][INFO] - evaluate_round 45: no clients selected, cancel
[2026-01-11 12:08:40,106][flwr][DEBUG] - fit_round 46: strategy sampled 10 clients (out of 100)
[2026-01-11 12:08:40,368][flwr][DEBUG] - fit_round 46 received 10 results and 0 failures
[2026-01-11 12:08:40,394][flwr][INFO] - fit progress: (46, 176.43385291099548, {'accuracy': 0.5795}, 16.96366358299565)
[2026-01-11 12:08:40,394][flwr][INFO] - evaluate_round 46: no clients selected, cancel
[2026-01-11 12:08:40,395][flwr][DEBUG] - fit_round 47: strategy sampled 10 clients (out of 100)
[2026-01-11 12:08:40,648][flwr][DEBUG] - fit_round 47 received 10 results and 0 failures
[2026-01-11 12:08:40,672][flwr][INFO] - fit progress: (47, 83.23631447553635, {'accuracy': 0.424}, 17.241878000000725)
[2026-01-11 12:08:40,672][flwr][INFO] - evaluate_round 47: no clients selected, cancel
[2026-01-11 12:08:40,673][flwr][DEBUG] - fit_round 48: strategy sampled 10 clients (out of 100)
[2026-01-11 12:08:40,929][flwr][DEBUG] - fit_round 48 received 10 results and 0 failures
[2026-01-11 12:08:40,953][flwr][INFO] - fit progress: (48, 128.99136972427368, {'accuracy': 0.15}, 17.522795374999987)
[2026-01-11 12:08:40,953][flwr][INFO] - evaluate_round 48: no clients selected, cancel
[2026-01-11 12:08:40,954][flwr][DEBUG] - fit_round 49: strategy sampled 10 clients (out of 100)
[2026-01-11 12:08:41,208][flwr][DEBUG] - fit_round 49 received 10 results and 0 failures
[2026-01-11 12:08:41,236][flwr][INFO] - fit progress: (49, 79.1644178032875, {'accuracy': 0.5155}, 17.805797957989853)
[2026-01-11 12:08:41,236][flwr][INFO] - evaluate_round 49: no clients selected, cancel
[2026-01-11 12:08:41,237][flwr][DEBUG] - fit_round 50: strategy sampled 10 clients (out of 100)
[2026-01-11 12:08:41,492][flwr][DEBUG] - fit_round 50 received 10 results and 0 failures
[2026-01-11 12:08:41,521][flwr][INFO] - fit progress: (50, 107.47217839956284, {'accuracy': 0.407}, 18.090908375001163)
[2026-01-11 12:08:41,521][flwr][INFO] - evaluate_round 50: no clients selected, cancel
[2026-01-11 12:08:41,522][flwr][INFO] - FL finished in 18.09123379099765
[2026-01-11 12:08:41,522][flwr][INFO] - app_fit: losses_distributed []
[2026-01-11 12:08:41,522][flwr][INFO] - app_fit: metrics_distributed_fit {'c_global_norm': [(1, 6.723958383073125), (2, 43.93770817453657), (3, 43.79059219615015), (4, 34.04173672800002), (5, 36.29561297176414), (6, 36.019492329393486), (7, 34.87232545284317), (8, 25.26841281663072), (9, 26.816165068917822), (10, 22.142843152846034), (11, 13.19758101319763), (12, 20.285071296594808), (13, 30.78281084934612), (14, 31.204284554733086), (15, 30.188472755823565), (16, 31.57430712739317), (17, 27.254633098421813), (18, 29.07909977512525), (19, 34.81963577965222), (20, 44.76379113826612), (21, 39.556958043908026), (22, 43.750141775718944), (23, 35.45740484209168), (24, 40.40430929032837), (25, 38.03903998630662), (26, 42.70875799696773), (27, 39.02246385797385), (28, 34.36648331996234), (29, 37.15560396625806), (30, 37.65052933035871), (31, 26.63281432622051), (32, 37.45082644784474), (33, 39.337032844574544), (34, 31.260522428895296), (35, 30.22310372739084), (36, 37.14124022517109), (37, 45.02047293449781), (38, 46.136702544235575), (39, 32.29391375855095), (40, 34.05474731692097), (41, 40.121615020482494), (42, 36.58752763784268), (43, 31.72610298205338), (44, 41.50334719292593), (45, 38.831613991021605), (46, 40.64705634350524), (47, 41.142548686718044), (48, 40.26887652436338), (49, 39.36358385044514), (50, 39.373985059463955)], 'num_clients': [(1, 10), (2, 10), (3, 10), (4, 10), (5, 10), (6, 10), (7, 10), (8, 10), (9, 10), (10, 10), (11, 10), (12, 10), (13, 10), (14, 10), (15, 10), (16, 10), (17, 10), (18, 10), (19, 10), (20, 10), (21, 10), (22, 10), (23, 10), (24, 10), (25, 10), (26, 10), (27, 10), (28, 10), (29, 10), (30, 10), (31, 10), (32, 10), (33, 10), (34, 10), (35, 10), (36, 10), (37, 10), (38, 10), (39, 10), (40, 10), (41, 10), (42, 10), (43, 10), (44, 10), (45, 10), (46, 10), (47, 10), (48, 10), (49, 10), (50, 10)]}
[2026-01-11 12:08:41,522][flwr][INFO] - app_fit: metrics_distributed {}
[2026-01-11 12:08:41,522][flwr][INFO] - app_fit: losses_centralized [(0, 68.07474291324615), (1, 68.12149775028229), (2, 591.5656328201294), (3, 1399.8711643218994), (4, 678.8903379440308), (5, 1130.8917608261108), (6, 1079.920563697815), (7, 1027.0575041770935), (8, 976.1684942245483), (9, 2067.119336605072), (10, 8083.673650741577), (11, 651.7204804420471), (12, 1961.311809539795), (13, 1205.8417081832886), (14, 4387.405633926392), (15, 825.6648025512695), (16, 663.2836241722107), (17, 362.8784327507019), (18, 365.18150305747986), (19, 154.4064840078354), (20, 456.50106477737427), (21, 215.73279666900635), (22, 152.0931055545807), (23, 221.3017122745514), (24, 125.60410368442535), (25, 129.68120670318604), (26, 206.2620406150818), (27, 176.30627262592316), (28, 119.65581977367401), (29, 188.24498641490936), (30, 251.33633756637573), (31, 154.71340012550354), (32, 387.267466545105), (33, 923.2034373283386), (34, 287.04503858089447), (35, 588.7104630470276), (36, 368.01812267303467), (37, 1324.6759071350098), (38, 1261.2388353347778), (39, 270.42910158634186), (40, 309.18135118484497), (41, 255.06396639347076), (42, 260.85370349884033), (43, 305.4079442024231), (44, 138.22313046455383), (45, 264.2708442211151), (46, 176.43385291099548), (47, 83.23631447553635), (48, 128.99136972427368), (49, 79.1644178032875), (50, 107.47217839956284)]
[2026-01-11 12:08:41,523][flwr][INFO] - app_fit: metrics_centralized {'accuracy': [(0, 0.507), (1, 0.507), (2, 0.6055), (3, 0.63), (4, 0.61), (5, 0.463), (6, 0.4655), (7, 0.6095), (8, 0.627), (9, 0.3805), (10, 0.507), (11, 0.5095), (12, 0.629), (13, 0.507), (14, 0.507), (15, 0.539), (16, 0.538), (17, 0.527), (18, 0.5325), (19, 0.5185), (20, 0.5085), (21, 0.587), (22, 0.555), (23, 0.425), (24, 0.5385), (25, 0.576), (26, 0.487), (27, 0.511), (28, 0.589), (29, 0.331), (30, 0.512), (31, 0.5145), (32, 0.53), (33, 0.5255), (34, 0.4225), (35, 0.41), (36, 0.5575), (37, 0.5075), (38, 0.507), (39, 0.5275), (40, 0.462), (41, 0.489), (42, 0.362), (43, 0.3195), (44, 0.5135), (45, 0.5695), (46, 0.5795), (47, 0.424), (48, 0.15), (49, 0.5155), (50, 0.407)]}
