[2026-01-21 00:32:35,958][flwr][INFO] - Starting Flower simulation, config: ServerConfig(num_rounds=30, round_timeout=None)
[2026-01-21 00:32:40,610][flwr][INFO] - Flower VCE: Ray initialized with resources: {'memory': 11698273485.0, 'CPU': 10.0, 'node:127.0.0.1': 1.0, 'object_store_memory': 2147483648.0}
[2026-01-21 00:32:40,610][flwr][INFO] - Initializing global parameters
[2026-01-21 00:32:40,610][flwr][INFO] - Using initial parameters provided by strategy
[2026-01-21 00:32:40,610][flwr][INFO] - Evaluating initial parameters
[2026-01-21 00:32:41,225][flwr][INFO] - initial parameters (loss, other metrics): 1.4340404903996313, {'rmse': 11782.010694274555, 'mae': 9149.193359375, 'r2': 0.00890437044283554, 'mape': 79.91940307617188, 'accuracy_10': 11.735205352306366, 'accuracy_20': 21.46439254283905}
[2026-01-21 00:32:41,225][flwr][INFO] - FL starting
[2026-01-21 00:32:41,226][flwr][DEBUG] - fit_round 1: strategy sampled 9 clients (out of 12)
[2026-01-21 00:32:51,225][flwr][DEBUG] - fit_round 1 received 9 results and 0 failures
[2026-01-21 00:32:51,231][flwr][WARNING] - No fit_metrics_aggregation_fn provided
[2026-01-21 00:32:51,479][flwr][INFO] - fit progress: (1, 0.1650852790119177, {'rmse': 6008.371826044057, 'mae': 3294.655517578125, 'r2': 0.742254947074533, 'mape': 17.66262435913086, 'accuracy_10': 30.341023206710815, 'accuracy_20': 71.71514630317688}, 10.25308979197871)
[2026-01-21 00:32:51,479][flwr][DEBUG] - evaluate_round 1: strategy sampled 8 clients (out of 12)
[2026-01-21 00:32:51,717][flwr][DEBUG] - evaluate_round 1 received 8 results and 0 failures
[2026-01-21 00:32:51,718][flwr][WARNING] - No evaluate_metrics_aggregation_fn provided
[2026-01-21 00:32:51,718][flwr][DEBUG] - fit_round 2: strategy sampled 9 clients (out of 12)
[2026-01-21 00:32:56,673][flwr][DEBUG] - fit_round 2 received 9 results and 0 failures
[2026-01-21 00:32:56,909][flwr][INFO] - fit progress: (2, 0.08657991975814912, {'rmse': 4748.46859524205, 'mae': 2213.439208984375, 'r2': 0.8390155750512899, 'mape': 11.874016761779785, 'accuracy_10': 53.61083149909973, 'accuracy_20': 88.06419372558594}, 15.68342291697627)
[2026-01-21 00:32:56,909][flwr][DEBUG] - evaluate_round 2: strategy sampled 8 clients (out of 12)
[2026-01-21 00:32:57,131][flwr][DEBUG] - evaluate_round 2 received 8 results and 0 failures
[2026-01-21 00:32:57,132][flwr][DEBUG] - fit_round 3: strategy sampled 9 clients (out of 12)
[2026-01-21 00:33:02,084][flwr][DEBUG] - fit_round 3 received 9 results and 0 failures
[2026-01-21 00:33:02,314][flwr][INFO] - fit progress: (3, 0.06574048940559388, {'rmse': 4653.257353725452, 'mae': 1847.775634765625, 'r2': 0.8454066340510598, 'mape': 9.45267391204834, 'accuracy_10': 70.41123509407043, 'accuracy_20': 92.77833700180054}, 21.088584750017617)
[2026-01-21 00:33:02,314][flwr][DEBUG] - evaluate_round 3: strategy sampled 8 clients (out of 12)
[2026-01-21 00:33:02,542][flwr][DEBUG] - evaluate_round 3 received 8 results and 0 failures
[2026-01-21 00:33:02,543][flwr][DEBUG] - fit_round 4: strategy sampled 9 clients (out of 12)
[2026-01-21 00:33:07,503][flwr][DEBUG] - fit_round 4 received 9 results and 0 failures
[2026-01-21 00:33:07,727][flwr][INFO] - fit progress: (4, 0.050878246861286724, {'rmse': 4308.852747541971, 'mae': 1536.1168212890625, 'r2': 0.8674438010831247, 'mape': 7.800403118133545, 'accuracy_10': 78.53560447692871, 'accuracy_20': 94.4333016872406}, 26.50082424998982)
[2026-01-21 00:33:07,727][flwr][DEBUG] - evaluate_round 4: strategy sampled 8 clients (out of 12)
[2026-01-21 00:33:07,944][flwr][DEBUG] - evaluate_round 4 received 8 results and 0 failures
[2026-01-21 00:33:07,945][flwr][DEBUG] - fit_round 5: strategy sampled 9 clients (out of 12)
[2026-01-21 00:33:12,773][flwr][DEBUG] - fit_round 5 received 9 results and 0 failures
[2026-01-21 00:33:13,006][flwr][INFO] - fit progress: (5, 0.04240550903216707, {'rmse': 4114.73231207086, 'mae': 1408.08203125, 'r2': 0.8791184898531266, 'mape': 6.796248435974121, 'accuracy_10': 84.1524600982666, 'accuracy_20': 95.586758852005}, 31.780330958019476)
[2026-01-21 00:33:13,006][flwr][DEBUG] - evaluate_round 5: strategy sampled 8 clients (out of 12)
[2026-01-21 00:33:13,200][flwr][DEBUG] - evaluate_round 5 received 8 results and 0 failures
[2026-01-21 00:33:13,200][flwr][DEBUG] - fit_round 6: strategy sampled 9 clients (out of 12)
[2026-01-21 00:33:18,297][flwr][DEBUG] - fit_round 6 received 9 results and 0 failures
[2026-01-21 00:33:18,585][flwr][INFO] - fit progress: (6, 0.04025777950397167, {'rmse': 4023.910038755837, 'mae': 1357.7464599609375, 'r2': 0.8843959012417756, 'mape': 6.580244064331055, 'accuracy_10': 84.90471243858337, 'accuracy_20': 95.68706154823303}, 37.3587764169788)
[2026-01-21 00:33:18,585][flwr][DEBUG] - evaluate_round 6: strategy sampled 8 clients (out of 12)
[2026-01-21 00:33:18,804][flwr][DEBUG] - evaluate_round 6 received 8 results and 0 failures
[2026-01-21 00:33:18,804][flwr][DEBUG] - fit_round 7: strategy sampled 9 clients (out of 12)
[2026-01-21 00:33:23,830][flwr][DEBUG] - fit_round 7 received 9 results and 0 failures
[2026-01-21 00:33:24,068][flwr][INFO] - fit progress: (7, 0.03805059043797052, {'rmse': 3996.994495868114, 'mae': 1273.927001953125, 'r2': 0.8859372532446459, 'mape': 5.9881110191345215, 'accuracy_10': 88.5155439376831, 'accuracy_20': 95.38615942001343}, 42.84251258301083)
[2026-01-21 00:33:24,069][flwr][DEBUG] - evaluate_round 7: strategy sampled 8 clients (out of 12)
[2026-01-21 00:33:24,270][flwr][DEBUG] - evaluate_round 7 received 8 results and 0 failures
[2026-01-21 00:33:24,271][flwr][DEBUG] - fit_round 8: strategy sampled 9 clients (out of 12)
[2026-01-21 00:33:29,012][flwr][DEBUG] - fit_round 8 received 9 results and 0 failures
[2026-01-21 00:33:29,256][flwr][INFO] - fit progress: (8, 0.03607068179733865, {'rmse': 3968.3297494033936, 'mae': 1263.30712890625, 'r2': 0.8875674078429983, 'mape': 5.812795639038086, 'accuracy_10': 88.06419372558594, 'accuracy_20': 95.63691020011902}, 48.03044212498935)
[2026-01-21 00:33:29,257][flwr][DEBUG] - evaluate_round 8: strategy sampled 8 clients (out of 12)
[2026-01-21 00:33:29,438][flwr][DEBUG] - evaluate_round 8 received 8 results and 0 failures
[2026-01-21 00:33:29,438][flwr][DEBUG] - fit_round 9: strategy sampled 9 clients (out of 12)
[2026-01-21 00:33:34,041][flwr][DEBUG] - fit_round 9 received 9 results and 0 failures
[2026-01-21 00:33:34,278][flwr][INFO] - fit progress: (9, 0.03266003247212204, {'rmse': 4052.6496270958337, 'mae': 1406.5421142578125, 'r2': 0.8827386658849496, 'mape': 5.779000282287598, 'accuracy_10': 86.15847826004028, 'accuracy_20': 96.13841772079468}, 53.05208387499442)
[2026-01-21 00:33:34,278][flwr][DEBUG] - evaluate_round 9: strategy sampled 8 clients (out of 12)
[2026-01-21 00:33:34,470][flwr][DEBUG] - evaluate_round 9 received 8 results and 0 failures
[2026-01-21 00:33:34,470][flwr][DEBUG] - fit_round 10: strategy sampled 9 clients (out of 12)
[2026-01-21 00:33:39,510][flwr][DEBUG] - fit_round 10 received 9 results and 0 failures
[2026-01-21 00:33:39,747][flwr][INFO] - fit progress: (10, 0.03269584593900228, {'rmse': 3961.5608035217633, 'mae': 1296.31884765625, 'r2': 0.8879506449400325, 'mape': 5.610679626464844, 'accuracy_10': 88.66599798202515, 'accuracy_20': 96.08826637268066}, 58.52119687496452)
[2026-01-21 00:33:39,748][flwr][DEBUG] - evaluate_round 10: strategy sampled 8 clients (out of 12)
[2026-01-21 00:33:39,967][flwr][DEBUG] - evaluate_round 10 received 8 results and 0 failures
[2026-01-21 00:33:39,968][flwr][DEBUG] - fit_round 11: strategy sampled 9 clients (out of 12)
[2026-01-21 00:33:45,117][flwr][DEBUG] - fit_round 11 received 9 results and 0 failures
[2026-01-21 00:33:45,379][flwr][INFO] - fit progress: (11, 0.03208696764474408, {'rmse': 3956.887413106418, 'mae': 1303.8497314453125, 'r2': 0.8882148528273338, 'mape': 5.502577304840088, 'accuracy_10': 88.2146418094635, 'accuracy_20': 96.03811502456665}, 64.15359499998158)
[2026-01-21 00:33:45,380][flwr][DEBUG] - evaluate_round 11: strategy sampled 8 clients (out of 12)
[2026-01-21 00:33:45,603][flwr][DEBUG] - evaluate_round 11 received 8 results and 0 failures
[2026-01-21 00:33:45,603][flwr][DEBUG] - fit_round 12: strategy sampled 9 clients (out of 12)
[2026-01-21 00:33:50,354][flwr][DEBUG] - fit_round 12 received 9 results and 0 failures
[2026-01-21 00:33:50,608][flwr][INFO] - fit progress: (12, 0.03232087419296399, {'rmse': 4069.448734165354, 'mae': 1407.9112548828125, 'r2': 0.8817645065456092, 'mape': 5.651954650878906, 'accuracy_10': 86.65997982025146, 'accuracy_20': 96.03811502456665}, 69.38196262501879)
[2026-01-21 00:33:50,610][flwr][DEBUG] - evaluate_round 12: strategy sampled 8 clients (out of 12)
[2026-01-21 00:33:50,817][flwr][DEBUG] - evaluate_round 12 received 8 results and 0 failures
[2026-01-21 00:33:50,817][flwr][DEBUG] - fit_round 13: strategy sampled 9 clients (out of 12)
[2026-01-21 00:33:55,391][flwr][DEBUG] - fit_round 13 received 9 results and 0 failures
[2026-01-21 00:33:55,645][flwr][INFO] - fit progress: (13, 0.03189991919067852, {'rmse': 4004.686629438064, 'mae': 1329.5927734375, 'r2': 0.8854978087244597, 'mape': 5.493903160095215, 'accuracy_10': 87.56268620491028, 'accuracy_20': 95.93781232833862}, 74.4189087919658)
[2026-01-21 00:33:55,645][flwr][DEBUG] - evaluate_round 13: strategy sampled 8 clients (out of 12)
[2026-01-21 00:33:55,859][flwr][DEBUG] - evaluate_round 13 received 8 results and 0 failures
[2026-01-21 00:33:55,859][flwr][DEBUG] - fit_round 14: strategy sampled 9 clients (out of 12)
[2026-01-21 00:34:00,912][flwr][DEBUG] - fit_round 14 received 9 results and 0 failures
[2026-01-21 00:34:01,156][flwr][INFO] - fit progress: (14, 0.0320097444450096, {'rmse': 3981.8847296223935, 'mae': 1273.2781982421875, 'r2': 0.8867980004500701, 'mape': 5.354802131652832, 'accuracy_10': 88.36509585380554, 'accuracy_20': 96.08826637268066}, 79.93007137498353)
[2026-01-21 00:34:01,156][flwr][DEBUG] - evaluate_round 14: strategy sampled 8 clients (out of 12)
[2026-01-21 00:34:01,405][flwr][DEBUG] - evaluate_round 14 received 8 results and 0 failures
[2026-01-21 00:34:01,405][flwr][DEBUG] - fit_round 15: strategy sampled 9 clients (out of 12)
[2026-01-21 00:34:06,718][flwr][DEBUG] - fit_round 15 received 9 results and 0 failures
[2026-01-21 00:34:06,977][flwr][INFO] - fit progress: (15, 0.03877053046533642, {'rmse': 4170.567587271546, 'mae': 1215.9757080078125, 'r2': 0.8758156052749709, 'mape': 5.571425914764404, 'accuracy_10': 89.06720280647278, 'accuracy_20': 94.68405246734619}, 85.75105437496677)
[2026-01-21 00:34:06,977][flwr][DEBUG] - evaluate_round 15: strategy sampled 8 clients (out of 12)
[2026-01-21 00:34:07,090][flwr][DEBUG] - evaluate_round 15 received 8 results and 0 failures
[2026-01-21 00:34:07,091][flwr][DEBUG] - fit_round 16: strategy sampled 9 clients (out of 12)
[2026-01-21 00:34:11,773][flwr][DEBUG] - fit_round 16 received 9 results and 0 failures
[2026-01-21 00:34:12,021][flwr][INFO] - fit progress: (16, 0.03220646302874313, {'rmse': 3921.9839367340605, 'mae': 1298.6126708984375, 'r2': 0.8901782554811514, 'mape': 5.439056873321533, 'accuracy_10': 87.9137396812439, 'accuracy_20': 95.78736424446106}, 90.79485070798546)
[2026-01-21 00:34:12,022][flwr][DEBUG] - evaluate_round 16: strategy sampled 8 clients (out of 12)
[2026-01-21 00:34:12,242][flwr][DEBUG] - evaluate_round 16 received 8 results and 0 failures
[2026-01-21 00:34:12,242][flwr][DEBUG] - fit_round 17: strategy sampled 9 clients (out of 12)
[2026-01-21 00:34:17,021][flwr][DEBUG] - fit_round 17 received 9 results and 0 failures
[2026-01-21 00:34:17,291][flwr][INFO] - fit progress: (17, 0.030681336750701414, {'rmse': 4033.118520450397, 'mae': 1394.11572265625, 'r2': 0.8838661875266774, 'mape': 5.462717533111572, 'accuracy_10': 86.25877499580383, 'accuracy_20': 96.08826637268066}, 96.06459587498102)
[2026-01-21 00:34:17,291][flwr][DEBUG] - evaluate_round 17: strategy sampled 8 clients (out of 12)
[2026-01-21 00:34:17,601][flwr][DEBUG] - evaluate_round 17 received 8 results and 0 failures
[2026-01-21 00:34:17,605][flwr][DEBUG] - fit_round 18: strategy sampled 9 clients (out of 12)
[2026-01-21 00:34:24,197][flwr][DEBUG] - fit_round 18 received 9 results and 0 failures
[2026-01-21 00:34:24,481][flwr][INFO] - fit progress: (18, 0.030374910441435567, {'rmse': 4009.7703176117207, 'mae': 1397.89697265625, 'r2': 0.8852069160605309, 'mape': 5.4954447746276855, 'accuracy_10': 85.95787286758423, 'accuracy_20': 96.23871445655823}, 103.2546760829864)
[2026-01-21 00:34:24,481][flwr][DEBUG] - evaluate_round 18: strategy sampled 8 clients (out of 12)
[2026-01-21 00:34:24,714][flwr][DEBUG] - evaluate_round 18 received 8 results and 0 failures
[2026-01-21 00:34:24,715][flwr][DEBUG] - fit_round 19: strategy sampled 9 clients (out of 12)
[2026-01-21 00:34:30,507][flwr][DEBUG] - fit_round 19 received 9 results and 0 failures
[2026-01-21 00:34:30,761][flwr][INFO] - fit progress: (19, 0.030083131749433285, {'rmse': 4003.5355624747485, 'mae': 1406.674072265625, 'r2': 0.8855636223738778, 'mape': 5.4909586906433105, 'accuracy_10': 85.95787286758423, 'accuracy_20': 96.28886580467224}, 109.5349059170112)
[2026-01-21 00:34:30,761][flwr][DEBUG] - evaluate_round 19: strategy sampled 8 clients (out of 12)
[2026-01-21 00:34:31,024][flwr][DEBUG] - evaluate_round 19 received 8 results and 0 failures
[2026-01-21 00:34:31,025][flwr][DEBUG] - fit_round 20: strategy sampled 9 clients (out of 12)
[2026-01-21 00:34:35,965][flwr][DEBUG] - fit_round 20 received 9 results and 0 failures
[2026-01-21 00:34:36,235][flwr][INFO] - fit progress: (20, 0.030635284906329815, {'rmse': 3916.978810256701, 'mae': 1327.4722900390625, 'r2': 0.8904583759722674, 'mape': 5.49714469909668, 'accuracy_10': 87.6629889011383, 'accuracy_20': 96.18856310844421}, 115.00866658298764)
[2026-01-21 00:34:36,235][flwr][DEBUG] - evaluate_round 20: strategy sampled 8 clients (out of 12)
[2026-01-21 00:34:36,453][flwr][DEBUG] - evaluate_round 20 received 8 results and 0 failures
[2026-01-21 00:34:36,453][flwr][DEBUG] - fit_round 21: strategy sampled 9 clients (out of 12)
[2026-01-21 00:34:41,635][flwr][DEBUG] - fit_round 21 received 9 results and 0 failures
[2026-01-21 00:34:41,901][flwr][INFO] - fit progress: (21, 0.030374060208379565, {'rmse': 3906.685807689172, 'mae': 1286.570068359375, 'r2': 0.8910333269467817, 'mape': 5.333618640899658, 'accuracy_10': 87.86358833312988, 'accuracy_20': 95.73721289634705}, 120.67465070798062)
[2026-01-21 00:34:41,901][flwr][DEBUG] - evaluate_round 21: strategy sampled 8 clients (out of 12)
[2026-01-21 00:34:42,120][flwr][DEBUG] - evaluate_round 21 received 8 results and 0 failures
[2026-01-21 00:34:42,120][flwr][DEBUG] - fit_round 22: strategy sampled 9 clients (out of 12)
[2026-01-21 00:34:47,177][flwr][DEBUG] - fit_round 22 received 9 results and 0 failures
[2026-01-21 00:34:47,447][flwr][INFO] - fit progress: (22, 0.03049383030077788, {'rmse': 3907.906472780535, 'mae': 1295.0416259765625, 'r2': 0.890965225402253, 'mape': 5.405391693115234, 'accuracy_10': 87.9137396812439, 'accuracy_20': 96.18856310844421}, 126.22056899999734)
[2026-01-21 00:34:47,447][flwr][DEBUG] - evaluate_round 22: strategy sampled 8 clients (out of 12)
[2026-01-21 00:34:47,654][flwr][DEBUG] - evaluate_round 22 received 8 results and 0 failures
[2026-01-21 00:34:47,654][flwr][DEBUG] - fit_round 23: strategy sampled 9 clients (out of 12)
[2026-01-21 00:34:52,697][flwr][DEBUG] - fit_round 23 received 9 results and 0 failures
[2026-01-21 00:34:52,944][flwr][INFO] - fit progress: (23, 0.029545354141238163, {'rmse': 3875.3877225382234, 'mae': 1274.56884765625, 'r2': 0.8927722885568403, 'mape': 5.284812927246094, 'accuracy_10': 87.9137396812439, 'accuracy_20': 95.98796367645264}, 131.7178257079795)
[2026-01-21 00:34:52,944][flwr][DEBUG] - evaluate_round 23: strategy sampled 8 clients (out of 12)
[2026-01-21 00:34:53,194][flwr][DEBUG] - evaluate_round 23 received 8 results and 0 failures
[2026-01-21 00:34:53,195][flwr][DEBUG] - fit_round 24: strategy sampled 9 clients (out of 12)
[2026-01-21 00:34:57,883][flwr][DEBUG] - fit_round 24 received 9 results and 0 failures
[2026-01-21 00:34:58,125][flwr][INFO] - fit progress: (24, 0.030120662831091355, {'rmse': 4103.434902615125, 'mae': 1436.240966796875, 'r2': 0.8797813634634649, 'mape': 5.565850734710693, 'accuracy_10': 85.65697073936462, 'accuracy_20': 96.13841772079468}, 136.89828462497098)
[2026-01-21 00:34:58,125][flwr][DEBUG] - evaluate_round 24: strategy sampled 8 clients (out of 12)
[2026-01-21 00:34:58,226][flwr][DEBUG] - evaluate_round 24 received 8 results and 0 failures
[2026-01-21 00:34:58,226][flwr][DEBUG] - fit_round 25: strategy sampled 9 clients (out of 12)
[2026-01-21 00:35:02,815][flwr][DEBUG] - fit_round 25 received 9 results and 0 failures
[2026-01-21 00:35:03,070][flwr][INFO] - fit progress: (25, 0.03062864231392218, {'rmse': 4101.404881257153, 'mae': 1459.702880859375, 'r2': 0.8799002753452434, 'mape': 5.722593307495117, 'accuracy_10': 85.15546917915344, 'accuracy_20': 95.98796367645264}, 141.8441229579621)
[2026-01-21 00:35:03,071][flwr][DEBUG] - evaluate_round 25: strategy sampled 8 clients (out of 12)
[2026-01-21 00:35:03,177][flwr][DEBUG] - evaluate_round 25 received 8 results and 0 failures
[2026-01-21 00:35:03,177][flwr][DEBUG] - fit_round 26: strategy sampled 9 clients (out of 12)
[2026-01-21 00:35:07,889][flwr][DEBUG] - fit_round 26 received 9 results and 0 failures
[2026-01-21 00:35:08,132][flwr][INFO] - fit progress: (26, 0.031774202938058015, {'rmse': 3925.866019109669, 'mae': 1208.0157470703125, 'r2': 0.8899607367867017, 'mape': 5.368766784667969, 'accuracy_10': 89.51855301856995, 'accuracy_20': 95.586758852005}, 146.90604166698176)
[2026-01-21 00:35:08,133][flwr][DEBUG] - evaluate_round 26: strategy sampled 8 clients (out of 12)
[2026-01-21 00:35:08,334][flwr][DEBUG] - evaluate_round 26 received 8 results and 0 failures
[2026-01-21 00:35:08,334][flwr][DEBUG] - fit_round 27: strategy sampled 9 clients (out of 12)
[2026-01-21 00:35:12,878][flwr][DEBUG] - fit_round 27 received 9 results and 0 failures
[2026-01-21 00:35:13,103][flwr][INFO] - fit progress: (27, 0.029492827055746, {'rmse': 3839.717437520631, 'mae': 1297.3770751953125, 'r2': 0.8947371211451021, 'mape': 5.4737372398376465, 'accuracy_10': 87.76329159736633, 'accuracy_20': 95.93781232833862}, 151.87663495796733)
[2026-01-21 00:35:13,103][flwr][DEBUG] - evaluate_round 27: strategy sampled 8 clients (out of 12)
[2026-01-21 00:35:13,188][flwr][DEBUG] - evaluate_round 27 received 8 results and 0 failures
[2026-01-21 00:35:13,188][flwr][DEBUG] - fit_round 28: strategy sampled 9 clients (out of 12)
[2026-01-21 00:35:17,881][flwr][DEBUG] - fit_round 28 received 9 results and 0 failures
[2026-01-21 00:35:18,230][flwr][INFO] - fit progress: (28, 0.031379702642051845, {'rmse': 4119.044792181799, 'mae': 1512.015869140625, 'r2': 0.8788649734756694, 'mape': 5.932711124420166, 'accuracy_10': 84.30290818214417, 'accuracy_20': 96.03811502456665}, 157.00399479200132)
[2026-01-21 00:35:18,231][flwr][DEBUG] - evaluate_round 28: strategy sampled 8 clients (out of 12)
[2026-01-21 00:35:18,361][flwr][DEBUG] - evaluate_round 28 received 8 results and 0 failures
[2026-01-21 00:35:18,361][flwr][DEBUG] - fit_round 29: strategy sampled 9 clients (out of 12)
[2026-01-21 00:35:23,218][flwr][DEBUG] - fit_round 29 received 9 results and 0 failures
[2026-01-21 00:35:23,477][flwr][INFO] - fit progress: (29, 0.029872110531989526, {'rmse': 4054.840810685421, 'mae': 1459.796875, 'r2': 0.8826118270332524, 'mape': 5.727108001708984, 'accuracy_10': 85.80742478370667, 'accuracy_20': 96.13841772079468}, 162.25024729198776)
[2026-01-21 00:35:23,477][flwr][DEBUG] - evaluate_round 29: strategy sampled 8 clients (out of 12)
[2026-01-21 00:35:23,585][flwr][DEBUG] - evaluate_round 29 received 8 results and 0 failures
[2026-01-21 00:35:23,585][flwr][DEBUG] - fit_round 30: strategy sampled 9 clients (out of 12)
[2026-01-21 00:35:28,159][flwr][DEBUG] - fit_round 30 received 9 results and 0 failures
[2026-01-21 00:35:28,413][flwr][INFO] - fit progress: (30, 0.029433151574407443, {'rmse': 3986.3425592891535, 'mae': 1437.095703125, 'r2': 0.886544396076647, 'mape': 5.727513790130615, 'accuracy_10': 85.75727343559265, 'accuracy_20': 96.13841772079468}, 167.1864762919722)
[2026-01-21 00:35:28,413][flwr][DEBUG] - evaluate_round 30: strategy sampled 8 clients (out of 12)
[2026-01-21 00:35:28,508][flwr][DEBUG] - evaluate_round 30 received 8 results and 0 failures
[2026-01-21 00:35:28,508][flwr][INFO] - FL finished in 167.28167112497613
[2026-01-21 00:35:28,509][flwr][INFO] - app_fit: losses_distributed [(1, 0.15335262807255443), (2, 0.07553289524422815), (3, 0.05087465953549496), (4, 0.05640454584626862), (5, 0.05193190491783233), (6, 0.01993582917604661), (7, 0.046078634484937146), (8, 0.05294220421901863), (9, 0.032686170031176624), (10, 0.03947158342988759), (11, 0.03683542061705281), (12, 0.026254154844651004), (13, 0.03137550486424179), (14, 0.02842313019972411), (15, 0.031936575549720965), (16, 0.04373932278476521), (17, 0.03946701796796062), (18, 0.031947383851338766), (19, 0.02988029903801227), (20, 0.020021758109936092), (21, 0.038123790068924135), (22, 0.037565606377017724), (23, 0.03546820925311393), (24, 0.033801531122760874), (25, 0.030362417406010988), (26, 0.05279086928808232), (27, 0.045265696793571175), (28, 0.04042272494890005), (29, 0.03484310922303881), (30, 0.03084518604532983)]
[2026-01-21 00:35:28,509][flwr][INFO] - app_fit: metrics_distributed_fit {}
[2026-01-21 00:35:28,509][flwr][INFO] - app_fit: metrics_distributed {}
[2026-01-21 00:35:28,509][flwr][INFO] - app_fit: losses_centralized [(0, 1.4340404903996313), (1, 0.1650852790119177), (2, 0.08657991975814912), (3, 0.06574048940559388), (4, 0.050878246861286724), (5, 0.04240550903216707), (6, 0.04025777950397167), (7, 0.03805059043797052), (8, 0.03607068179733865), (9, 0.03266003247212204), (10, 0.03269584593900228), (11, 0.03208696764474408), (12, 0.03232087419296399), (13, 0.03189991919067852), (14, 0.0320097444450096), (15, 0.03877053046533642), (16, 0.03220646302874313), (17, 0.030681336750701414), (18, 0.030374910441435567), (19, 0.030083131749433285), (20, 0.030635284906329815), (21, 0.030374060208379565), (22, 0.03049383030077788), (23, 0.029545354141238163), (24, 0.030120662831091355), (25, 0.03062864231392218), (26, 0.031774202938058015), (27, 0.029492827055746), (28, 0.031379702642051845), (29, 0.029872110531989526), (30, 0.029433151574407443)]
[2026-01-21 00:35:28,510][flwr][INFO] - app_fit: metrics_centralized {'rmse': [(0, 11782.010694274555), (1, 6008.371826044057), (2, 4748.46859524205), (3, 4653.257353725452), (4, 4308.852747541971), (5, 4114.73231207086), (6, 4023.910038755837), (7, 3996.994495868114), (8, 3968.3297494033936), (9, 4052.6496270958337), (10, 3961.5608035217633), (11, 3956.887413106418), (12, 4069.448734165354), (13, 4004.686629438064), (14, 3981.8847296223935), (15, 4170.567587271546), (16, 3921.9839367340605), (17, 4033.118520450397), (18, 4009.7703176117207), (19, 4003.5355624747485), (20, 3916.978810256701), (21, 3906.685807689172), (22, 3907.906472780535), (23, 3875.3877225382234), (24, 4103.434902615125), (25, 4101.404881257153), (26, 3925.866019109669), (27, 3839.717437520631), (28, 4119.044792181799), (29, 4054.840810685421), (30, 3986.3425592891535)], 'mae': [(0, 9149.193359375), (1, 3294.655517578125), (2, 2213.439208984375), (3, 1847.775634765625), (4, 1536.1168212890625), (5, 1408.08203125), (6, 1357.7464599609375), (7, 1273.927001953125), (8, 1263.30712890625), (9, 1406.5421142578125), (10, 1296.31884765625), (11, 1303.8497314453125), (12, 1407.9112548828125), (13, 1329.5927734375), (14, 1273.2781982421875), (15, 1215.9757080078125), (16, 1298.6126708984375), (17, 1394.11572265625), (18, 1397.89697265625), (19, 1406.674072265625), (20, 1327.4722900390625), (21, 1286.570068359375), (22, 1295.0416259765625), (23, 1274.56884765625), (24, 1436.240966796875), (25, 1459.702880859375), (26, 1208.0157470703125), (27, 1297.3770751953125), (28, 1512.015869140625), (29, 1459.796875), (30, 1437.095703125)], 'r2': [(0, 0.00890437044283554), (1, 0.742254947074533), (2, 0.8390155750512899), (3, 0.8454066340510598), (4, 0.8674438010831247), (5, 0.8791184898531266), (6, 0.8843959012417756), (7, 0.8859372532446459), (8, 0.8875674078429983), (9, 0.8827386658849496), (10, 0.8879506449400325), (11, 0.8882148528273338), (12, 0.8817645065456092), (13, 0.8854978087244597), (14, 0.8867980004500701), (15, 0.8758156052749709), (16, 0.8901782554811514), (17, 0.8838661875266774), (18, 0.8852069160605309), (19, 0.8855636223738778), (20, 0.8904583759722674), (21, 0.8910333269467817), (22, 0.890965225402253), (23, 0.8927722885568403), (24, 0.8797813634634649), (25, 0.8799002753452434), (26, 0.8899607367867017), (27, 0.8947371211451021), (28, 0.8788649734756694), (29, 0.8826118270332524), (30, 0.886544396076647)], 'mape': [(0, 79.91940307617188), (1, 17.66262435913086), (2, 11.874016761779785), (3, 9.45267391204834), (4, 7.800403118133545), (5, 6.796248435974121), (6, 6.580244064331055), (7, 5.9881110191345215), (8, 5.812795639038086), (9, 5.779000282287598), (10, 5.610679626464844), (11, 5.502577304840088), (12, 5.651954650878906), (13, 5.493903160095215), (14, 5.354802131652832), (15, 5.571425914764404), (16, 5.439056873321533), (17, 5.462717533111572), (18, 5.4954447746276855), (19, 5.4909586906433105), (20, 5.49714469909668), (21, 5.333618640899658), (22, 5.405391693115234), (23, 5.284812927246094), (24, 5.565850734710693), (25, 5.722593307495117), (26, 5.368766784667969), (27, 5.4737372398376465), (28, 5.932711124420166), (29, 5.727108001708984), (30, 5.727513790130615)], 'accuracy_10': [(0, 11.735205352306366), (1, 30.341023206710815), (2, 53.61083149909973), (3, 70.41123509407043), (4, 78.53560447692871), (5, 84.1524600982666), (6, 84.90471243858337), (7, 88.5155439376831), (8, 88.06419372558594), (9, 86.15847826004028), (10, 88.66599798202515), (11, 88.2146418094635), (12, 86.65997982025146), (13, 87.56268620491028), (14, 88.36509585380554), (15, 89.06720280647278), (16, 87.9137396812439), (17, 86.25877499580383), (18, 85.95787286758423), (19, 85.95787286758423), (20, 87.6629889011383), (21, 87.86358833312988), (22, 87.9137396812439), (23, 87.9137396812439), (24, 85.65697073936462), (25, 85.15546917915344), (26, 89.51855301856995), (27, 87.76329159736633), (28, 84.30290818214417), (29, 85.80742478370667), (30, 85.75727343559265)], 'accuracy_20': [(0, 21.46439254283905), (1, 71.71514630317688), (2, 88.06419372558594), (3, 92.77833700180054), (4, 94.4333016872406), (5, 95.586758852005), (6, 95.68706154823303), (7, 95.38615942001343), (8, 95.63691020011902), (9, 96.13841772079468), (10, 96.08826637268066), (11, 96.03811502456665), (12, 96.03811502456665), (13, 95.93781232833862), (14, 96.08826637268066), (15, 94.68405246734619), (16, 95.78736424446106), (17, 96.08826637268066), (18, 96.23871445655823), (19, 96.28886580467224), (20, 96.18856310844421), (21, 95.73721289634705), (22, 96.18856310844421), (23, 95.98796367645264), (24, 96.13841772079468), (25, 95.98796367645264), (26, 95.586758852005), (27, 95.93781232833862), (28, 96.03811502456665), (29, 96.13841772079468), (30, 96.13841772079468)]}
[2026-01-21 00:35:29,041][flwr][INFO] - Starting Flower simulation, config: ServerConfig(num_rounds=30, round_timeout=None)
[2026-01-21 00:35:35,813][flwr][INFO] - Flower VCE: Ray initialized with resources: {'node:127.0.0.1': 1.0, 'object_store_memory': 2147483648.0, 'CPU': 10.0, 'memory': 12582342247.0}
[2026-01-21 00:35:35,813][flwr][INFO] - Initializing global parameters
[2026-01-21 00:35:35,814][flwr][INFO] - Using initial parameters provided by strategy
[2026-01-21 00:35:35,814][flwr][INFO] - Evaluating initial parameters
[2026-01-21 00:35:36,070][flwr][INFO] - initial parameters (loss, other metrics): 1.4340404903996313, {'rmse': 11782.010694274555, 'mae': 9149.193359375, 'r2': 0.00890437044283554, 'mape': 79.91940307617188, 'accuracy_10': 11.735205352306366, 'accuracy_20': 21.46439254283905}
[2026-01-21 00:35:36,071][flwr][INFO] - FL starting
[2026-01-21 00:35:36,071][flwr][DEBUG] - fit_round 1: strategy sampled 9 clients (out of 12)
[2026-01-21 00:35:50,549][flwr][DEBUG] - fit_round 1 received 9 results and 0 failures
[2026-01-21 00:35:50,556][flwr][WARNING] - No fit_metrics_aggregation_fn provided
[2026-01-21 00:35:50,843][flwr][INFO] - fit progress: (1, 0.13742965459823608, {'rmse': 5595.302494056957, 'mae': 2909.21435546875, 'r2': 0.7764761528586135, 'mape': 15.416057586669922, 'accuracy_10': 41.67502522468567, 'accuracy_20': 78.08425426483154}, 14.772575583017897)
[2026-01-21 00:35:50,844][flwr][DEBUG] - evaluate_round 1: strategy sampled 8 clients (out of 12)
[2026-01-21 00:35:51,111][flwr][DEBUG] - evaluate_round 1 received 8 results and 0 failures
[2026-01-21 00:35:51,111][flwr][WARNING] - No evaluate_metrics_aggregation_fn provided
[2026-01-21 00:35:51,111][flwr][DEBUG] - fit_round 2: strategy sampled 9 clients (out of 12)
[2026-01-21 00:35:58,823][flwr][DEBUG] - fit_round 2 received 9 results and 0 failures
[2026-01-21 00:35:59,079][flwr][INFO] - fit progress: (2, 0.09689272215277883, {'rmse': 5133.214587371153, 'mae': 2358.35400390625, 'r2': 0.8118710781664644, 'mape': 12.343088150024414, 'accuracy_10': 56.21865391731262, 'accuracy_20': 87.21163272857666}, 23.008031791017856)
[2026-01-21 00:35:59,079][flwr][DEBUG] - evaluate_round 2: strategy sampled 8 clients (out of 12)
[2026-01-21 00:35:59,293][flwr][DEBUG] - evaluate_round 2 received 8 results and 0 failures
[2026-01-21 00:35:59,293][flwr][DEBUG] - fit_round 3: strategy sampled 9 clients (out of 12)
[2026-01-21 00:36:07,108][flwr][DEBUG] - fit_round 3 received 9 results and 0 failures
[2026-01-21 00:36:07,379][flwr][INFO] - fit progress: (3, 0.06529208565263475, {'rmse': 4528.431516540799, 'mae': 1867.5908203125, 'r2': 0.8535894669063598, 'mape': 9.523934364318848, 'accuracy_10': 67.9037094116211, 'accuracy_20': 92.17652678489685}, 31.30854120803997)
[2026-01-21 00:36:07,380][flwr][DEBUG] - evaluate_round 3: strategy sampled 8 clients (out of 12)
[2026-01-21 00:36:07,607][flwr][DEBUG] - evaluate_round 3 received 8 results and 0 failures
[2026-01-21 00:36:07,607][flwr][DEBUG] - fit_round 4: strategy sampled 9 clients (out of 12)
[2026-01-21 00:36:15,388][flwr][DEBUG] - fit_round 4 received 9 results and 0 failures
[2026-01-21 00:36:15,663][flwr][INFO] - fit progress: (4, 0.05752149399336327, {'rmse': 4491.596152816947, 'mae': 1677.508056640625, 'r2': 0.8559616621522781, 'mape': 8.31060791015625, 'accuracy_10': 78.03410291671753, 'accuracy_20': 93.2296872138977}, 39.5922936660354)
[2026-01-21 00:36:15,664][flwr][DEBUG] - evaluate_round 4: strategy sampled 8 clients (out of 12)
[2026-01-21 00:36:15,915][flwr][DEBUG] - evaluate_round 4 received 8 results and 0 failures
[2026-01-21 00:36:15,915][flwr][DEBUG] - fit_round 5: strategy sampled 9 clients (out of 12)
[2026-01-21 00:36:23,640][flwr][DEBUG] - fit_round 5 received 9 results and 0 failures
[2026-01-21 00:36:23,917][flwr][INFO] - fit progress: (5, 0.04884025862173307, {'rmse': 4311.707318452865, 'mae': 1614.7064208984375, 'r2': 0.8672681171374138, 'mape': 7.700004577636719, 'accuracy_10': 77.43229866027832, 'accuracy_20': 94.23269629478455}, 47.84580608300166)
[2026-01-21 00:36:23,917][flwr][DEBUG] - evaluate_round 5: strategy sampled 8 clients (out of 12)
[2026-01-21 00:36:24,178][flwr][DEBUG] - evaluate_round 5 received 8 results and 0 failures
[2026-01-21 00:36:24,179][flwr][DEBUG] - fit_round 6: strategy sampled 9 clients (out of 12)
[2026-01-21 00:36:32,202][flwr][DEBUG] - fit_round 6 received 9 results and 0 failures
[2026-01-21 00:36:32,472][flwr][INFO] - fit progress: (6, 0.045972336182667835, {'rmse': 4234.893623221249, 'mae': 1498.563720703125, 'r2': 0.8719552662535002, 'mape': 7.154200077056885, 'accuracy_10': 82.79839754104614, 'accuracy_20': 94.63390111923218}, 56.400921916007064)
[2026-01-21 00:36:32,472][flwr][DEBUG] - evaluate_round 6: strategy sampled 8 clients (out of 12)
[2026-01-21 00:36:32,665][flwr][DEBUG] - evaluate_round 6 received 8 results and 0 failures
[2026-01-21 00:36:32,666][flwr][DEBUG] - fit_round 7: strategy sampled 9 clients (out of 12)
[2026-01-21 00:36:40,434][flwr][DEBUG] - fit_round 7 received 9 results and 0 failures
[2026-01-21 00:36:40,702][flwr][INFO] - fit progress: (7, 0.04071632907384915, {'rmse': 4144.012789555553, 'mae': 1482.114013671875, 'r2': 0.8773919723392308, 'mape': 6.671150207519531, 'accuracy_10': 82.59779214859009, 'accuracy_20': 95.23570537567139}, 64.63123162504053)
[2026-01-21 00:36:40,702][flwr][DEBUG] - evaluate_round 7: strategy sampled 8 clients (out of 12)
[2026-01-21 00:36:40,942][flwr][DEBUG] - evaluate_round 7 received 8 results and 0 failures
[2026-01-21 00:36:40,943][flwr][DEBUG] - fit_round 8: strategy sampled 9 clients (out of 12)
[2026-01-21 00:36:51,154][flwr][DEBUG] - fit_round 8 received 9 results and 0 failures
[2026-01-21 00:36:51,413][flwr][INFO] - fit progress: (8, 0.03877620817486238, {'rmse': 4099.106000093191, 'mae': 1472.124267578125, 'r2': 0.8800348725079249, 'mape': 6.505560874938965, 'accuracy_10': 83.35005044937134, 'accuracy_20': 95.63691020011902}, 75.3418604999897)
[2026-01-21 00:36:51,413][flwr][DEBUG] - evaluate_round 8: strategy sampled 8 clients (out of 12)
[2026-01-21 00:36:51,697][flwr][DEBUG] - evaluate_round 8 received 8 results and 0 failures
[2026-01-21 00:36:51,697][flwr][DEBUG] - fit_round 9: strategy sampled 9 clients (out of 12)
[2026-01-21 00:37:01,491][flwr][DEBUG] - fit_round 9 received 9 results and 0 failures
[2026-01-21 00:37:01,749][flwr][INFO] - fit progress: (9, 0.037361963738013836, {'rmse': 4013.0281583861333, 'mae': 1352.4749755859375, 'r2': 0.8850203132820642, 'mape': 6.140251159667969, 'accuracy_10': 86.45938038825989, 'accuracy_20': 95.586758852005}, 85.67555987503147)
[2026-01-21 00:37:01,749][flwr][DEBUG] - evaluate_round 9: strategy sampled 8 clients (out of 12)
[2026-01-21 00:37:02,094][flwr][DEBUG] - evaluate_round 9 received 8 results and 0 failures
[2026-01-21 00:37:02,094][flwr][DEBUG] - fit_round 10: strategy sampled 9 clients (out of 12)
[2026-01-21 00:37:12,137][flwr][DEBUG] - fit_round 10 received 9 results and 0 failures
[2026-01-21 00:37:12,395][flwr][INFO] - fit progress: (10, 0.03585006369216183, {'rmse': 3981.241766082537, 'mae': 1332.6053466796875, 'r2': 0.886834555440861, 'mape': 5.935190677642822, 'accuracy_10': 86.45938038825989, 'accuracy_20': 95.73721289634705}, 96.31850433303043)
[2026-01-21 00:37:12,395][flwr][DEBUG] - evaluate_round 10: strategy sampled 8 clients (out of 12)
[2026-01-21 00:37:13,140][flwr][DEBUG] - evaluate_round 10 received 8 results and 0 failures
[2026-01-21 00:37:13,142][flwr][DEBUG] - fit_round 11: strategy sampled 9 clients (out of 12)
[2026-01-21 00:37:23,324][flwr][DEBUG] - fit_round 11 received 9 results and 0 failures
[2026-01-21 00:37:23,619][flwr][INFO] - fit progress: (11, 0.03512198397461904, {'rmse': 4016.539306417902, 'mae': 1403.66162109375, 'r2': 0.8848190225103066, 'mape': 6.06200647354126, 'accuracy_10': 85.45637130737305, 'accuracy_20': 96.08826637268066}, 107.54155395802809)
[2026-01-21 00:37:23,621][flwr][DEBUG] - evaluate_round 11: strategy sampled 8 clients (out of 12)
[2026-01-21 00:37:23,877][flwr][DEBUG] - evaluate_round 11 received 8 results and 0 failures
[2026-01-21 00:37:23,878][flwr][DEBUG] - fit_round 12: strategy sampled 9 clients (out of 12)
[2026-01-21 00:37:34,117][flwr][DEBUG] - fit_round 12 received 9 results and 0 failures
[2026-01-21 00:37:34,408][flwr][INFO] - fit progress: (12, 0.03414778383177824, {'rmse': 3993.0736281716618, 'mae': 1418.8128662109375, 'r2': 0.8861609243237041, 'mape': 5.983576774597168, 'accuracy_10': 85.305917263031, 'accuracy_20': 96.03811502456665}, 118.32976475002943)
[2026-01-21 00:37:34,409][flwr][DEBUG] - evaluate_round 12: strategy sampled 8 clients (out of 12)
[2026-01-21 00:37:34,641][flwr][DEBUG] - evaluate_round 12 received 8 results and 0 failures
[2026-01-21 00:37:34,641][flwr][DEBUG] - fit_round 13: strategy sampled 9 clients (out of 12)
[2026-01-21 00:37:44,790][flwr][DEBUG] - fit_round 13 received 9 results and 0 failures
[2026-01-21 00:37:45,060][flwr][INFO] - fit progress: (13, 0.0336372629611369, {'rmse': 3944.1343790494766, 'mae': 1307.7149658203125, 'r2': 0.8889342565126988, 'mape': 5.701357364654541, 'accuracy_10': 87.01103329658508, 'accuracy_20': 95.88766098022461}, 128.9811445410014)
[2026-01-21 00:37:45,060][flwr][DEBUG] - evaluate_round 13: strategy sampled 8 clients (out of 12)
[2026-01-21 00:37:45,379][flwr][DEBUG] - evaluate_round 13 received 8 results and 0 failures
[2026-01-21 00:37:45,379][flwr][DEBUG] - fit_round 14: strategy sampled 9 clients (out of 12)
[2026-01-21 00:37:54,862][flwr][DEBUG] - fit_round 14 received 9 results and 0 failures
[2026-01-21 00:37:55,135][flwr][INFO] - fit progress: (14, 0.03336565110948284, {'rmse': 4038.4739692116377, 'mae': 1428.1463623046875, 'r2': 0.8835575636756408, 'mape': 5.881897926330566, 'accuracy_10': 85.50651669502258, 'accuracy_20': 95.586758852005}, 139.05622108303942)
[2026-01-21 00:37:55,136][flwr][DEBUG] - evaluate_round 14: strategy sampled 8 clients (out of 12)
[2026-01-21 00:37:55,457][flwr][DEBUG] - evaluate_round 14 received 8 results and 0 failures
[2026-01-21 00:37:55,457][flwr][DEBUG] - fit_round 15: strategy sampled 9 clients (out of 12)
[2026-01-21 00:38:05,472][flwr][DEBUG] - fit_round 15 received 9 results and 0 failures
[2026-01-21 00:38:05,745][flwr][INFO] - fit progress: (15, 0.03342239353936558, {'rmse': 4001.7306256168717, 'mae': 1410.4566650390625, 'r2': 0.8856667829777788, 'mape': 5.876328468322754, 'accuracy_10': 85.25576591491699, 'accuracy_20': 95.53660750389099}, 149.66598341602366)
[2026-01-21 00:38:05,746][flwr][DEBUG] - evaluate_round 15: strategy sampled 8 clients (out of 12)
[2026-01-21 00:38:05,873][flwr][DEBUG] - evaluate_round 15 received 8 results and 0 failures
[2026-01-21 00:38:05,874][flwr][DEBUG] - fit_round 16: strategy sampled 9 clients (out of 12)
[2026-01-21 00:38:15,390][flwr][DEBUG] - fit_round 16 received 9 results and 0 failures
[2026-01-21 00:38:15,657][flwr][INFO] - fit progress: (16, 0.03314348561698599, {'rmse': 4039.8095252127914, 'mae': 1424.3294677734375, 'r2': 0.8834805305405838, 'mape': 5.84794282913208, 'accuracy_10': 85.15546917915344, 'accuracy_20': 95.53660750389099}, 159.57823375001317)
[2026-01-21 00:38:15,658][flwr][DEBUG] - evaluate_round 16: strategy sampled 8 clients (out of 12)
[2026-01-21 00:38:15,919][flwr][DEBUG] - evaluate_round 16 received 8 results and 0 failures
[2026-01-21 00:38:15,919][flwr][DEBUG] - fit_round 17: strategy sampled 9 clients (out of 12)
[2026-01-21 00:38:25,620][flwr][DEBUG] - fit_round 17 received 9 results and 0 failures
[2026-01-21 00:38:25,901][flwr][INFO] - fit progress: (17, 0.033236212744456956, {'rmse': 3900.1367924727974, 'mae': 1357.3524169921875, 'r2': 0.8913983562118933, 'mape': 5.882577896118164, 'accuracy_10': 86.91073060035706, 'accuracy_20': 95.586758852005}, 169.8213514580275)
[2026-01-21 00:38:25,902][flwr][DEBUG] - evaluate_round 17: strategy sampled 8 clients (out of 12)
[2026-01-21 00:38:26,187][flwr][DEBUG] - evaluate_round 17 received 8 results and 0 failures
[2026-01-21 00:38:26,187][flwr][DEBUG] - fit_round 18: strategy sampled 9 clients (out of 12)
[2026-01-21 00:38:35,958][flwr][DEBUG] - fit_round 18 received 9 results and 0 failures
[2026-01-21 00:38:36,240][flwr][INFO] - fit progress: (18, 0.03618862913732782, {'rmse': 3888.841087007799, 'mae': 1272.138671875, 'r2': 0.8920265154137254, 'mape': 5.866097450256348, 'accuracy_10': 86.55967712402344, 'accuracy_20': 95.03510594367981}, 180.16058741603047)
[2026-01-21 00:38:36,240][flwr][DEBUG] - evaluate_round 18: strategy sampled 8 clients (out of 12)
[2026-01-21 00:38:36,609][flwr][DEBUG] - evaluate_round 18 received 8 results and 0 failures
[2026-01-21 00:38:36,609][flwr][DEBUG] - fit_round 19: strategy sampled 9 clients (out of 12)
[2026-01-21 00:38:45,678][flwr][DEBUG] - fit_round 19 received 9 results and 0 failures
[2026-01-21 00:38:45,944][flwr][INFO] - fit progress: (19, 0.034454970572932196, {'rmse': 4144.619162239155, 'mae': 1499.4688720703125, 'r2': 0.8773560919841776, 'mape': 6.08807897567749, 'accuracy_10': 84.30290818214417, 'accuracy_20': 95.03510594367981}, 189.86421995802084)
[2026-01-21 00:38:45,944][flwr][DEBUG] - evaluate_round 19: strategy sampled 8 clients (out of 12)
[2026-01-21 00:38:46,183][flwr][DEBUG] - evaluate_round 19 received 8 results and 0 failures
[2026-01-21 00:38:46,184][flwr][DEBUG] - fit_round 20: strategy sampled 9 clients (out of 12)
[2026-01-21 00:38:55,466][flwr][DEBUG] - fit_round 20 received 9 results and 0 failures
[2026-01-21 00:38:55,715][flwr][INFO] - fit progress: (20, 0.034403456036849626, {'rmse': 4083.653633696178, 'mae': 1510.1669921875, 'r2': 0.8809376304540193, 'mape': 6.216934680938721, 'accuracy_10': 84.30290818214417, 'accuracy_20': 95.33600807189941}, 199.63591379101854)
[2026-01-21 00:38:55,716][flwr][DEBUG] - evaluate_round 20: strategy sampled 8 clients (out of 12)
[2026-01-21 00:38:55,797][flwr][DEBUG] - evaluate_round 20 received 8 results and 0 failures
[2026-01-21 00:38:55,798][flwr][DEBUG] - fit_round 21: strategy sampled 9 clients (out of 12)
[2026-01-21 00:39:04,791][flwr][DEBUG] - fit_round 21 received 9 results and 0 failures
[2026-01-21 00:39:05,063][flwr][INFO] - fit progress: (21, 0.033737057156733787, {'rmse': 4033.3549310716508, 'mae': 1493.63818359375, 'r2': 0.8838525701509705, 'mape': 6.159529209136963, 'accuracy_10': 84.20260548591614, 'accuracy_20': 95.53660750389099}, 208.98358054104028)
[2026-01-21 00:39:05,063][flwr][DEBUG] - evaluate_round 21: strategy sampled 8 clients (out of 12)
[2026-01-21 00:39:05,167][flwr][DEBUG] - evaluate_round 21 received 8 results and 0 failures
[2026-01-21 00:39:05,167][flwr][DEBUG] - fit_round 22: strategy sampled 9 clients (out of 12)
[2026-01-21 00:39:14,099][flwr][DEBUG] - fit_round 22 received 9 results and 0 failures
[2026-01-21 00:39:14,358][flwr][INFO] - fit progress: (22, 0.03439843826511559, {'rmse': 4118.093490925139, 'mae': 1514.3087158203125, 'r2': 0.8789209169109239, 'mape': 6.192793369293213, 'accuracy_10': 84.10230875015259, 'accuracy_20': 95.33600807189941}, 218.27809712500311)
[2026-01-21 00:39:14,358][flwr][DEBUG] - evaluate_round 22: strategy sampled 8 clients (out of 12)
[2026-01-21 00:39:14,612][flwr][DEBUG] - evaluate_round 22 received 8 results and 0 failures
[2026-01-21 00:39:14,612][flwr][DEBUG] - fit_round 23: strategy sampled 9 clients (out of 12)
[2026-01-21 00:39:23,699][flwr][DEBUG] - fit_round 23 received 9 results and 0 failures
[2026-01-21 00:39:23,977][flwr][INFO] - fit progress: (23, 0.03446594301383259, {'rmse': 4102.054607145058, 'mae': 1509.0911865234375, 'r2': 0.8798622244230339, 'mape': 6.211103439331055, 'accuracy_10': 83.90170335769653, 'accuracy_20': 95.33600807189941}, 227.89752325002337)
[2026-01-21 00:39:23,978][flwr][DEBUG] - evaluate_round 23: strategy sampled 8 clients (out of 12)
[2026-01-21 00:39:24,249][flwr][DEBUG] - evaluate_round 23 received 8 results and 0 failures
[2026-01-21 00:39:24,250][flwr][DEBUG] - fit_round 24: strategy sampled 9 clients (out of 12)
[2026-01-21 00:39:33,899][flwr][DEBUG] - fit_round 24 received 9 results and 0 failures
[2026-01-21 00:39:34,148][flwr][INFO] - fit progress: (24, 0.03376627336615844, {'rmse': 3895.0991001513685, 'mae': 1375.1947021484375, 'r2': 0.8916787333579096, 'mape': 6.016910076141357, 'accuracy_10': 86.00802421569824, 'accuracy_20': 94.9849545955658}, 238.0682882500114)
[2026-01-21 00:39:34,148][flwr][DEBUG] - evaluate_round 24: strategy sampled 8 clients (out of 12)
[2026-01-21 00:39:34,318][flwr][DEBUG] - evaluate_round 24 received 8 results and 0 failures
[2026-01-21 00:39:34,318][flwr][DEBUG] - fit_round 25: strategy sampled 9 clients (out of 12)
[2026-01-21 00:39:44,096][flwr][DEBUG] - fit_round 25 received 9 results and 0 failures
[2026-01-21 00:39:44,365][flwr][INFO] - fit progress: (25, 0.0340781939685823, {'rmse': 3874.3674322397455, 'mae': 1370.1998291015625, 'r2': 0.8928287453018954, 'mape': 6.093743801116943, 'accuracy_10': 86.30892634391785, 'accuracy_20': 95.18555402755737}, 248.28473808302078)
[2026-01-21 00:39:44,365][flwr][DEBUG] - evaluate_round 25: strategy sampled 8 clients (out of 12)
[2026-01-21 00:39:44,503][flwr][DEBUG] - evaluate_round 25 received 8 results and 0 failures
[2026-01-21 00:39:44,503][flwr][DEBUG] - fit_round 26: strategy sampled 9 clients (out of 12)
[2026-01-21 00:39:53,851][flwr][DEBUG] - fit_round 26 received 9 results and 0 failures
[2026-01-21 00:39:54,166][flwr][INFO] - fit progress: (26, 0.03393734520938296, {'rmse': 3922.5035372833, 'mae': 1401.488525390625, 'r2': 0.8901491508154645, 'mape': 6.100205898284912, 'accuracy_10': 85.25576591491699, 'accuracy_20': 94.93480324745178}, 258.0862093330361)
[2026-01-21 00:39:54,166][flwr][DEBUG] - evaluate_round 26: strategy sampled 8 clients (out of 12)
[2026-01-21 00:39:54,387][flwr][DEBUG] - evaluate_round 26 received 8 results and 0 failures
[2026-01-21 00:39:54,387][flwr][DEBUG] - fit_round 27: strategy sampled 9 clients (out of 12)
[2026-01-21 00:40:03,609][flwr][DEBUG] - fit_round 27 received 9 results and 0 failures
[2026-01-21 00:40:03,866][flwr][INFO] - fit progress: (27, 0.03559796098122745, {'rmse': 3876.2932035644567, 'mae': 1266.8560791015625, 'r2': 0.8927221748543197, 'mape': 5.861782073974609, 'accuracy_10': 86.60982847213745, 'accuracy_20': 94.7342038154602}, 267.785934708023)
[2026-01-21 00:40:03,866][flwr][DEBUG] - evaluate_round 27: strategy sampled 8 clients (out of 12)
[2026-01-21 00:40:03,976][flwr][DEBUG] - evaluate_round 27 received 8 results and 0 failures
[2026-01-21 00:40:03,976][flwr][DEBUG] - fit_round 28: strategy sampled 9 clients (out of 12)
[2026-01-21 00:40:13,126][flwr][DEBUG] - fit_round 28 received 9 results and 0 failures
[2026-01-21 00:40:13,386][flwr][INFO] - fit progress: (28, 0.03342182246207773, {'rmse': 3878.887598268349, 'mae': 1382.566162109375, 'r2': 0.8925785287731556, 'mape': 6.068737506866455, 'accuracy_10': 85.70712208747864, 'accuracy_20': 95.03510594367981}, 277.30579358298564)
[2026-01-21 00:40:13,386][flwr][DEBUG] - evaluate_round 28: strategy sampled 8 clients (out of 12)
[2026-01-21 00:40:13,500][flwr][DEBUG] - evaluate_round 28 received 8 results and 0 failures
[2026-01-21 00:40:13,501][flwr][DEBUG] - fit_round 29: strategy sampled 9 clients (out of 12)
[2026-01-21 00:40:22,836][flwr][DEBUG] - fit_round 29 received 9 results and 0 failures
[2026-01-21 00:40:23,103][flwr][INFO] - fit progress: (29, 0.033594314096758934, {'rmse': 3852.7504461098956, 'mae': 1383.97802734375, 'r2': 0.8940213252943348, 'mape': 6.120637893676758, 'accuracy_10': 86.15847826004028, 'accuracy_20': 95.18555402755737}, 287.0224555830355)
[2026-01-21 00:40:23,103][flwr][DEBUG] - evaluate_round 29: strategy sampled 8 clients (out of 12)
[2026-01-21 00:40:23,355][flwr][DEBUG] - evaluate_round 29 received 8 results and 0 failures
[2026-01-21 00:40:23,356][flwr][DEBUG] - fit_round 30: strategy sampled 9 clients (out of 12)
[2026-01-21 00:40:32,764][flwr][DEBUG] - fit_round 30 received 9 results and 0 failures
[2026-01-21 00:40:33,012][flwr][INFO] - fit progress: (30, 0.03352353543065555, {'rmse': 3854.491146701468, 'mae': 1370.20458984375, 'r2': 0.8939255416855663, 'mape': 6.0433669090271, 'accuracy_10': 86.00802421569824, 'accuracy_20': 95.03510594367981}, 296.9314394579851)
[2026-01-21 00:40:33,012][flwr][DEBUG] - evaluate_round 30: strategy sampled 8 clients (out of 12)
[2026-01-21 00:40:33,216][flwr][DEBUG] - evaluate_round 30 received 8 results and 0 failures
[2026-01-21 00:40:33,217][flwr][INFO] - FL finished in 297.13681591599016
[2026-01-21 00:40:33,220][flwr][INFO] - app_fit: losses_distributed [(1, 0.11429678446044189), (2, 0.1214174758945781), (3, 0.05884843953111082), (4, 0.06558449125961795), (5, 0.061281996678841766), (6, 0.059203754099736494), (7, 0.053503726356252196), (8, 0.049265119575560845), (9, 0.03969747219854633), (10, 0.06044338624039557), (11, 0.03207088866673631), (12, 0.044244710531282136), (13, 0.038923257972225796), (14, 0.027054583347444164), (15, 0.03805594850279112), (16, 0.027833391120392067), (17, 0.03372771512859352), (18, 0.051636187069172876), (19, 0.04053087444867014), (20, 0.042831815072831673), (21, 0.03302282791880431), (22, 0.03280063859667712), (23, 0.03587389326891038), (24, 0.02753843661570937), (25, 0.04747051471697418), (26, 0.04106015563249174), (27, 0.04633095544811123), (28, 0.021985747864067904), (29, 0.03446143054169577), (30, 0.03051959441418883)]
[2026-01-21 00:40:33,220][flwr][INFO] - app_fit: metrics_distributed_fit {'scaffold_updates': [(1, 9), (2, 9), (3, 9), (4, 9), (5, 9), (6, 9), (7, 9), (8, 9), (9, 9), (10, 9), (11, 9), (12, 9), (13, 9), (14, 9), (15, 9), (16, 9), (17, 9), (18, 9), (19, 9), (20, 9), (21, 9), (22, 9), (23, 9), (24, 9), (25, 9), (26, 9), (27, 9), (28, 9), (29, 9), (30, 9)], 'avg_control_delta_norm': [(1, 1.0264783380100793), (2, 0.6222034562472724), (3, 0.4483174736479858), (4, 0.41297595858850406), (5, 0.3437753896333637), (6, 0.25429035481401935), (7, 0.27636917534337824), (8, 0.4329879332139445), (9, 0.37352908577791505), (10, 0.3530900785922545), (11, 0.309717805508299), (12, 0.3136130738782287), (13, 0.324072813626935), (14, 0.3240046147689261), (15, 0.22304887738146262), (16, 0.2593629131349842), (17, 0.28961427670694323), (18, 0.2638678002708876), (19, 0.26675570561836454), (20, 0.23429900230789993), (21, 0.22570810884203707), (22, 0.2234869689661591), (23, 0.22176689245642695), (24, 0.19492628527662423), (25, 0.21308575872065816), (26, 0.2000439653655202), (27, 0.2337413250515262), (28, 0.19608938073337512), (29, 0.2147745078404163), (30, 0.16872078880117608)]}
[2026-01-21 00:40:33,220][flwr][INFO] - app_fit: metrics_distributed {}
[2026-01-21 00:40:33,220][flwr][INFO] - app_fit: losses_centralized [(0, 1.4340404903996313), (1, 0.13742965459823608), (2, 0.09689272215277883), (3, 0.06529208565263475), (4, 0.05752149399336327), (5, 0.04884025862173307), (6, 0.045972336182667835), (7, 0.04071632907384915), (8, 0.03877620817486238), (9, 0.037361963738013836), (10, 0.03585006369216183), (11, 0.03512198397461904), (12, 0.03414778383177824), (13, 0.0336372629611369), (14, 0.03336565110948284), (15, 0.03342239353936558), (16, 0.03314348561698599), (17, 0.033236212744456956), (18, 0.03618862913732782), (19, 0.034454970572932196), (20, 0.034403456036849626), (21, 0.033737057156733787), (22, 0.03439843826511559), (23, 0.03446594301383259), (24, 0.03376627336615844), (25, 0.0340781939685823), (26, 0.03393734520938296), (27, 0.03559796098122745), (28, 0.03342182246207773), (29, 0.033594314096758934), (30, 0.03352353543065555)]
[2026-01-21 00:40:33,221][flwr][INFO] - app_fit: metrics_centralized {'rmse': [(0, 11782.010694274555), (1, 5595.302494056957), (2, 5133.214587371153), (3, 4528.431516540799), (4, 4491.596152816947), (5, 4311.707318452865), (6, 4234.893623221249), (7, 4144.012789555553), (8, 4099.106000093191), (9, 4013.0281583861333), (10, 3981.241766082537), (11, 4016.539306417902), (12, 3993.0736281716618), (13, 3944.1343790494766), (14, 4038.4739692116377), (15, 4001.7306256168717), (16, 4039.8095252127914), (17, 3900.1367924727974), (18, 3888.841087007799), (19, 4144.619162239155), (20, 4083.653633696178), (21, 4033.3549310716508), (22, 4118.093490925139), (23, 4102.054607145058), (24, 3895.0991001513685), (25, 3874.3674322397455), (26, 3922.5035372833), (27, 3876.2932035644567), (28, 3878.887598268349), (29, 3852.7504461098956), (30, 3854.491146701468)], 'mae': [(0, 9149.193359375), (1, 2909.21435546875), (2, 2358.35400390625), (3, 1867.5908203125), (4, 1677.508056640625), (5, 1614.7064208984375), (6, 1498.563720703125), (7, 1482.114013671875), (8, 1472.124267578125), (9, 1352.4749755859375), (10, 1332.6053466796875), (11, 1403.66162109375), (12, 1418.8128662109375), (13, 1307.7149658203125), (14, 1428.1463623046875), (15, 1410.4566650390625), (16, 1424.3294677734375), (17, 1357.3524169921875), (18, 1272.138671875), (19, 1499.4688720703125), (20, 1510.1669921875), (21, 1493.63818359375), (22, 1514.3087158203125), (23, 1509.0911865234375), (24, 1375.1947021484375), (25, 1370.1998291015625), (26, 1401.488525390625), (27, 1266.8560791015625), (28, 1382.566162109375), (29, 1383.97802734375), (30, 1370.20458984375)], 'r2': [(0, 0.00890437044283554), (1, 0.7764761528586135), (2, 0.8118710781664644), (3, 0.8535894669063598), (4, 0.8559616621522781), (5, 0.8672681171374138), (6, 0.8719552662535002), (7, 0.8773919723392308), (8, 0.8800348725079249), (9, 0.8850203132820642), (10, 0.886834555440861), (11, 0.8848190225103066), (12, 0.8861609243237041), (13, 0.8889342565126988), (14, 0.8835575636756408), (15, 0.8856667829777788), (16, 0.8834805305405838), (17, 0.8913983562118933), (18, 0.8920265154137254), (19, 0.8773560919841776), (20, 0.8809376304540193), (21, 0.8838525701509705), (22, 0.8789209169109239), (23, 0.8798622244230339), (24, 0.8916787333579096), (25, 0.8928287453018954), (26, 0.8901491508154645), (27, 0.8927221748543197), (28, 0.8925785287731556), (29, 0.8940213252943348), (30, 0.8939255416855663)], 'mape': [(0, 79.91940307617188), (1, 15.416057586669922), (2, 12.343088150024414), (3, 9.523934364318848), (4, 8.31060791015625), (5, 7.700004577636719), (6, 7.154200077056885), (7, 6.671150207519531), (8, 6.505560874938965), (9, 6.140251159667969), (10, 5.935190677642822), (11, 6.06200647354126), (12, 5.983576774597168), (13, 5.701357364654541), (14, 5.881897926330566), (15, 5.876328468322754), (16, 5.84794282913208), (17, 5.882577896118164), (18, 5.866097450256348), (19, 6.08807897567749), (20, 6.216934680938721), (21, 6.159529209136963), (22, 6.192793369293213), (23, 6.211103439331055), (24, 6.016910076141357), (25, 6.093743801116943), (26, 6.100205898284912), (27, 5.861782073974609), (28, 6.068737506866455), (29, 6.120637893676758), (30, 6.0433669090271)], 'accuracy_10': [(0, 11.735205352306366), (1, 41.67502522468567), (2, 56.21865391731262), (3, 67.9037094116211), (4, 78.03410291671753), (5, 77.43229866027832), (6, 82.79839754104614), (7, 82.59779214859009), (8, 83.35005044937134), (9, 86.45938038825989), (10, 86.45938038825989), (11, 85.45637130737305), (12, 85.305917263031), (13, 87.01103329658508), (14, 85.50651669502258), (15, 85.25576591491699), (16, 85.15546917915344), (17, 86.91073060035706), (18, 86.55967712402344), (19, 84.30290818214417), (20, 84.30290818214417), (21, 84.20260548591614), (22, 84.10230875015259), (23, 83.90170335769653), (24, 86.00802421569824), (25, 86.30892634391785), (26, 85.25576591491699), (27, 86.60982847213745), (28, 85.70712208747864), (29, 86.15847826004028), (30, 86.00802421569824)], 'accuracy_20': [(0, 21.46439254283905), (1, 78.08425426483154), (2, 87.21163272857666), (3, 92.17652678489685), (4, 93.2296872138977), (5, 94.23269629478455), (6, 94.63390111923218), (7, 95.23570537567139), (8, 95.63691020011902), (9, 95.586758852005), (10, 95.73721289634705), (11, 96.08826637268066), (12, 96.03811502456665), (13, 95.88766098022461), (14, 95.586758852005), (15, 95.53660750389099), (16, 95.53660750389099), (17, 95.586758852005), (18, 95.03510594367981), (19, 95.03510594367981), (20, 95.33600807189941), (21, 95.53660750389099), (22, 95.33600807189941), (23, 95.33600807189941), (24, 94.9849545955658), (25, 95.18555402755737), (26, 94.93480324745178), (27, 94.7342038154602), (28, 95.03510594367981), (29, 95.18555402755737), (30, 95.03510594367981)]}
