[2026-01-12 23:23:42,245][flwr][INFO] - Starting Flower simulation, config: ServerConfig(num_rounds=50, round_timeout=None)
[2026-01-12 23:23:47,241][flwr][INFO] - Flower VCE: Ray initialized with resources: {'memory': 11927538074.0, 'node:127.0.0.1': 1.0, 'object_store_memory': 2147483648.0, 'CPU': 10.0}
[2026-01-12 23:23:47,242][flwr][INFO] - Initializing global parameters
[2026-01-12 23:23:47,242][flwr][INFO] - Using initial parameters provided by strategy
[2026-01-12 23:23:47,242][flwr][INFO] - Evaluating initial parameters
[2026-01-12 23:23:47,306][flwr][INFO] - initial parameters (loss, other metrics): 68.07474291324615, {'accuracy': 0.507}
[2026-01-12 23:23:47,306][flwr][INFO] - FL starting
[2026-01-12 23:23:47,307][flwr][DEBUG] - fit_round 1: strategy sampled 100 clients (out of 100)
[2026-01-12 23:23:55,164][flwr][DEBUG] - fit_round 1 received 100 results and 0 failures
[2026-01-12 23:23:55,204][flwr][WARNING] - No fit_metrics_aggregation_fn provided
[2026-01-12 23:23:55,258][flwr][INFO] - fit progress: (1, 67.36422121524811, {'accuracy': 0.507}, 7.952061916003004)
[2026-01-12 23:23:55,259][flwr][DEBUG] - evaluate_round 1: strategy sampled 100 clients (out of 100)
[2026-01-12 23:23:55,931][flwr][DEBUG] - evaluate_round 1 received 100 results and 0 failures
[2026-01-12 23:23:55,932][flwr][WARNING] - No evaluate_metrics_aggregation_fn provided
[2026-01-12 23:23:55,932][flwr][DEBUG] - fit_round 2: strategy sampled 100 clients (out of 100)
[2026-01-12 23:23:57,299][flwr][DEBUG] - fit_round 2 received 100 results and 0 failures
[2026-01-12 23:23:57,377][flwr][INFO] - fit progress: (2, 66.75809323787689, {'accuracy': 0.507}, 10.070785749994684)
[2026-01-12 23:23:57,378][flwr][DEBUG] - evaluate_round 2: strategy sampled 100 clients (out of 100)
[2026-01-12 23:23:57,952][flwr][DEBUG] - evaluate_round 2 received 100 results and 0 failures
[2026-01-12 23:23:57,953][flwr][DEBUG] - fit_round 3: strategy sampled 100 clients (out of 100)
[2026-01-12 23:23:58,419][flwr][DEBUG] - fit_round 3 received 100 results and 0 failures
[2026-01-12 23:23:58,474][flwr][INFO] - fit progress: (3, 66.2559819817543, {'accuracy': 0.507}, 11.167345915993792)
[2026-01-12 23:23:58,474][flwr][DEBUG] - evaluate_round 3: strategy sampled 100 clients (out of 100)
[2026-01-12 23:23:58,867][flwr][DEBUG] - evaluate_round 3 received 100 results and 0 failures
[2026-01-12 23:23:58,867][flwr][DEBUG] - fit_round 4: strategy sampled 100 clients (out of 100)
[2026-01-12 23:23:59,286][flwr][DEBUG] - fit_round 4 received 100 results and 0 failures
[2026-01-12 23:23:59,338][flwr][INFO] - fit progress: (4, 65.82567983865738, {'accuracy': 0.507}, 12.03139750000264)
[2026-01-12 23:23:59,338][flwr][DEBUG] - evaluate_round 4: strategy sampled 100 clients (out of 100)
[2026-01-12 23:23:59,741][flwr][DEBUG] - evaluate_round 4 received 100 results and 0 failures
[2026-01-12 23:23:59,741][flwr][DEBUG] - fit_round 5: strategy sampled 100 clients (out of 100)
[2026-01-12 23:24:00,182][flwr][DEBUG] - fit_round 5 received 100 results and 0 failures
[2026-01-12 23:24:00,237][flwr][INFO] - fit progress: (5, 65.46352350711823, {'accuracy': 0.507}, 12.930548082993482)
[2026-01-12 23:24:00,240][flwr][DEBUG] - evaluate_round 5: strategy sampled 100 clients (out of 100)
[2026-01-12 23:24:00,794][flwr][DEBUG] - evaluate_round 5 received 100 results and 0 failures
[2026-01-12 23:24:00,795][flwr][DEBUG] - fit_round 6: strategy sampled 100 clients (out of 100)
[2026-01-12 23:24:01,272][flwr][DEBUG] - fit_round 6 received 100 results and 0 failures
[2026-01-12 23:24:01,328][flwr][INFO] - fit progress: (6, 65.14626258611679, {'accuracy': 0.507}, 14.021162541001104)
[2026-01-12 23:24:01,328][flwr][DEBUG] - evaluate_round 6: strategy sampled 100 clients (out of 100)
[2026-01-12 23:24:01,979][flwr][DEBUG] - evaluate_round 6 received 100 results and 0 failures
[2026-01-12 23:24:01,979][flwr][DEBUG] - fit_round 7: strategy sampled 100 clients (out of 100)
[2026-01-12 23:24:02,453][flwr][DEBUG] - fit_round 7 received 100 results and 0 failures
[2026-01-12 23:24:02,564][flwr][INFO] - fit progress: (7, 64.87367081642151, {'accuracy': 0.507}, 15.257951915991725)
[2026-01-12 23:24:02,565][flwr][DEBUG] - evaluate_round 7: strategy sampled 100 clients (out of 100)
[2026-01-12 23:24:03,058][flwr][DEBUG] - evaluate_round 7 received 100 results and 0 failures
[2026-01-12 23:24:03,059][flwr][DEBUG] - fit_round 8: strategy sampled 100 clients (out of 100)
[2026-01-12 23:24:03,521][flwr][DEBUG] - fit_round 8 received 100 results and 0 failures
[2026-01-12 23:24:03,570][flwr][INFO] - fit progress: (8, 64.62578976154327, {'accuracy': 0.507}, 16.264043165996554)
[2026-01-12 23:24:03,571][flwr][DEBUG] - evaluate_round 8: strategy sampled 100 clients (out of 100)
[2026-01-12 23:24:03,981][flwr][DEBUG] - evaluate_round 8 received 100 results and 0 failures
[2026-01-12 23:24:03,982][flwr][DEBUG] - fit_round 9: strategy sampled 100 clients (out of 100)
[2026-01-12 23:24:04,477][flwr][DEBUG] - fit_round 9 received 100 results and 0 failures
[2026-01-12 23:24:04,538][flwr][INFO] - fit progress: (9, 64.40168166160583, {'accuracy': 0.507}, 17.231825499999104)
[2026-01-12 23:24:04,538][flwr][DEBUG] - evaluate_round 9: strategy sampled 100 clients (out of 100)
[2026-01-12 23:24:04,980][flwr][DEBUG] - evaluate_round 9 received 100 results and 0 failures
[2026-01-12 23:24:04,981][flwr][DEBUG] - fit_round 10: strategy sampled 100 clients (out of 100)
[2026-01-12 23:24:05,421][flwr][DEBUG] - fit_round 10 received 100 results and 0 failures
[2026-01-12 23:24:05,478][flwr][INFO] - fit progress: (10, 64.19852018356323, {'accuracy': 0.507}, 18.17169400000421)
[2026-01-12 23:24:05,478][flwr][DEBUG] - evaluate_round 10: strategy sampled 100 clients (out of 100)
[2026-01-12 23:24:05,893][flwr][DEBUG] - evaluate_round 10 received 100 results and 0 failures
[2026-01-12 23:24:05,893][flwr][DEBUG] - fit_round 11: strategy sampled 100 clients (out of 100)
[2026-01-12 23:24:06,371][flwr][DEBUG] - fit_round 11 received 100 results and 0 failures
[2026-01-12 23:24:06,426][flwr][INFO] - fit progress: (11, 64.00514817237854, {'accuracy': 0.507}, 19.119722000003094)
[2026-01-12 23:24:06,426][flwr][DEBUG] - evaluate_round 11: strategy sampled 100 clients (out of 100)
[2026-01-12 23:24:06,817][flwr][DEBUG] - evaluate_round 11 received 100 results and 0 failures
[2026-01-12 23:24:06,817][flwr][DEBUG] - fit_round 12: strategy sampled 100 clients (out of 100)
[2026-01-12 23:24:07,667][flwr][DEBUG] - fit_round 12 received 100 results and 0 failures
[2026-01-12 23:24:07,727][flwr][INFO] - fit progress: (12, 63.816895484924316, {'accuracy': 0.507}, 20.420949791005114)
[2026-01-12 23:24:07,728][flwr][DEBUG] - evaluate_round 12: strategy sampled 100 clients (out of 100)
[2026-01-12 23:24:08,172][flwr][DEBUG] - evaluate_round 12 received 100 results and 0 failures
[2026-01-12 23:24:08,172][flwr][DEBUG] - fit_round 13: strategy sampled 100 clients (out of 100)
[2026-01-12 23:24:08,685][flwr][DEBUG] - fit_round 13 received 100 results and 0 failures
[2026-01-12 23:24:08,737][flwr][INFO] - fit progress: (13, 63.63428592681885, {'accuracy': 0.5075}, 21.430783540999983)
[2026-01-12 23:24:08,737][flwr][DEBUG] - evaluate_round 13: strategy sampled 100 clients (out of 100)
[2026-01-12 23:24:09,157][flwr][DEBUG] - evaluate_round 13 received 100 results and 0 failures
[2026-01-12 23:24:09,158][flwr][DEBUG] - fit_round 14: strategy sampled 100 clients (out of 100)
[2026-01-12 23:24:09,696][flwr][DEBUG] - fit_round 14 received 100 results and 0 failures
[2026-01-12 23:24:09,755][flwr][INFO] - fit progress: (14, 63.448668003082275, {'accuracy': 0.5075}, 22.448525208004867)
[2026-01-12 23:24:09,755][flwr][DEBUG] - evaluate_round 14: strategy sampled 100 clients (out of 100)
[2026-01-12 23:24:10,219][flwr][DEBUG] - evaluate_round 14 received 100 results and 0 failures
[2026-01-12 23:24:10,220][flwr][DEBUG] - fit_round 15: strategy sampled 100 clients (out of 100)
[2026-01-12 23:24:10,615][flwr][DEBUG] - fit_round 15 received 100 results and 0 failures
[2026-01-12 23:24:10,670][flwr][INFO] - fit progress: (15, 63.26325219869614, {'accuracy': 0.508}, 23.364137333002873)
[2026-01-12 23:24:10,671][flwr][DEBUG] - evaluate_round 15: strategy sampled 100 clients (out of 100)
[2026-01-12 23:24:11,054][flwr][DEBUG] - evaluate_round 15 received 100 results and 0 failures
[2026-01-12 23:24:11,055][flwr][DEBUG] - fit_round 16: strategy sampled 100 clients (out of 100)
[2026-01-12 23:24:11,459][flwr][DEBUG] - fit_round 16 received 100 results and 0 failures
[2026-01-12 23:24:11,509][flwr][INFO] - fit progress: (16, 63.07758367061615, {'accuracy': 0.5085}, 24.202799999999115)
[2026-01-12 23:24:11,509][flwr][DEBUG] - evaluate_round 16: strategy sampled 100 clients (out of 100)
[2026-01-12 23:24:11,879][flwr][DEBUG] - evaluate_round 16 received 100 results and 0 failures
[2026-01-12 23:24:11,880][flwr][DEBUG] - fit_round 17: strategy sampled 100 clients (out of 100)
[2026-01-12 23:24:12,269][flwr][DEBUG] - fit_round 17 received 100 results and 0 failures
[2026-01-12 23:24:12,324][flwr][INFO] - fit progress: (17, 62.880576729774475, {'accuracy': 0.5085}, 25.017542832996696)
[2026-01-12 23:24:12,324][flwr][DEBUG] - evaluate_round 17: strategy sampled 100 clients (out of 100)
[2026-01-12 23:24:12,700][flwr][DEBUG] - evaluate_round 17 received 100 results and 0 failures
[2026-01-12 23:24:12,700][flwr][DEBUG] - fit_round 18: strategy sampled 100 clients (out of 100)
[2026-01-12 23:24:13,135][flwr][DEBUG] - fit_round 18 received 100 results and 0 failures
[2026-01-12 23:24:13,190][flwr][INFO] - fit progress: (18, 62.67541217803955, {'accuracy': 0.5095}, 25.8837835000013)
[2026-01-12 23:24:13,190][flwr][DEBUG] - evaluate_round 18: strategy sampled 100 clients (out of 100)
[2026-01-12 23:24:13,571][flwr][DEBUG] - evaluate_round 18 received 100 results and 0 failures
[2026-01-12 23:24:13,572][flwr][DEBUG] - fit_round 19: strategy sampled 100 clients (out of 100)
[2026-01-12 23:24:13,986][flwr][DEBUG] - fit_round 19 received 100 results and 0 failures
[2026-01-12 23:24:14,037][flwr][INFO] - fit progress: (19, 62.463536858558655, {'accuracy': 0.511}, 26.730357541004196)
[2026-01-12 23:24:14,037][flwr][DEBUG] - evaluate_round 19: strategy sampled 100 clients (out of 100)
[2026-01-12 23:24:14,450][flwr][DEBUG] - evaluate_round 19 received 100 results and 0 failures
[2026-01-12 23:24:14,450][flwr][DEBUG] - fit_round 20: strategy sampled 100 clients (out of 100)
[2026-01-12 23:24:14,854][flwr][DEBUG] - fit_round 20 received 100 results and 0 failures
[2026-01-12 23:24:15,031][flwr][INFO] - fit progress: (20, 62.231210231781006, {'accuracy': 0.514}, 27.724415791002684)
[2026-01-12 23:24:15,031][flwr][DEBUG] - evaluate_round 20: strategy sampled 100 clients (out of 100)
[2026-01-12 23:24:15,405][flwr][DEBUG] - evaluate_round 20 received 100 results and 0 failures
[2026-01-12 23:24:15,405][flwr][DEBUG] - fit_round 21: strategy sampled 100 clients (out of 100)
[2026-01-12 23:24:15,816][flwr][DEBUG] - fit_round 21 received 100 results and 0 failures
[2026-01-12 23:24:15,868][flwr][INFO] - fit progress: (21, 61.97796231508255, {'accuracy': 0.5155}, 28.56162612499611)
[2026-01-12 23:24:15,868][flwr][DEBUG] - evaluate_round 21: strategy sampled 100 clients (out of 100)
[2026-01-12 23:24:16,237][flwr][DEBUG] - evaluate_round 21 received 100 results and 0 failures
[2026-01-12 23:24:16,238][flwr][DEBUG] - fit_round 22: strategy sampled 100 clients (out of 100)
[2026-01-12 23:24:16,659][flwr][DEBUG] - fit_round 22 received 100 results and 0 failures
[2026-01-12 23:24:16,710][flwr][INFO] - fit progress: (22, 61.70698964595795, {'accuracy': 0.5175}, 29.403798250001273)
[2026-01-12 23:24:16,710][flwr][DEBUG] - evaluate_round 22: strategy sampled 100 clients (out of 100)
[2026-01-12 23:24:17,130][flwr][DEBUG] - evaluate_round 22 received 100 results and 0 failures
[2026-01-12 23:24:17,131][flwr][DEBUG] - fit_round 23: strategy sampled 100 clients (out of 100)
[2026-01-12 23:24:17,540][flwr][DEBUG] - fit_round 23 received 100 results and 0 failures
[2026-01-12 23:24:17,593][flwr][INFO] - fit progress: (23, 61.41750794649124, {'accuracy': 0.518}, 30.28689179099456)
[2026-01-12 23:24:17,594][flwr][DEBUG] - evaluate_round 23: strategy sampled 100 clients (out of 100)
[2026-01-12 23:24:17,966][flwr][DEBUG] - evaluate_round 23 received 100 results and 0 failures
[2026-01-12 23:24:17,966][flwr][DEBUG] - fit_round 24: strategy sampled 100 clients (out of 100)
[2026-01-12 23:24:18,379][flwr][DEBUG] - fit_round 24 received 100 results and 0 failures
[2026-01-12 23:24:18,429][flwr][INFO] - fit progress: (24, 61.11188280582428, {'accuracy': 0.5195}, 31.122335874999408)
[2026-01-12 23:24:18,429][flwr][DEBUG] - evaluate_round 24: strategy sampled 100 clients (out of 100)
[2026-01-12 23:24:18,793][flwr][DEBUG] - evaluate_round 24 received 100 results and 0 failures
[2026-01-12 23:24:18,793][flwr][DEBUG] - fit_round 25: strategy sampled 100 clients (out of 100)
[2026-01-12 23:24:19,211][flwr][DEBUG] - fit_round 25 received 100 results and 0 failures
[2026-01-12 23:24:19,260][flwr][INFO] - fit progress: (25, 60.78831321001053, {'accuracy': 0.5215}, 31.95412695799314)
[2026-01-12 23:24:19,261][flwr][DEBUG] - evaluate_round 25: strategy sampled 100 clients (out of 100)
[2026-01-12 23:24:19,665][flwr][DEBUG] - evaluate_round 25 received 100 results and 0 failures
[2026-01-12 23:24:19,666][flwr][DEBUG] - fit_round 26: strategy sampled 100 clients (out of 100)
[2026-01-12 23:24:20,070][flwr][DEBUG] - fit_round 26 received 100 results and 0 failures
[2026-01-12 23:24:20,120][flwr][INFO] - fit progress: (26, 60.4438099861145, {'accuracy': 0.525}, 32.81344108299527)
[2026-01-12 23:24:20,120][flwr][DEBUG] - evaluate_round 26: strategy sampled 100 clients (out of 100)
[2026-01-12 23:24:20,529][flwr][DEBUG] - evaluate_round 26 received 100 results and 0 failures
[2026-01-12 23:24:20,530][flwr][DEBUG] - fit_round 27: strategy sampled 100 clients (out of 100)
[2026-01-12 23:24:21,003][flwr][DEBUG] - fit_round 27 received 100 results and 0 failures
[2026-01-12 23:24:21,056][flwr][INFO] - fit progress: (27, 60.08501422405243, {'accuracy': 0.53}, 33.75005837499339)
[2026-01-12 23:24:21,057][flwr][DEBUG] - evaluate_round 27: strategy sampled 100 clients (out of 100)
[2026-01-12 23:24:21,453][flwr][DEBUG] - evaluate_round 27 received 100 results and 0 failures
[2026-01-12 23:24:21,454][flwr][DEBUG] - fit_round 28: strategy sampled 100 clients (out of 100)
[2026-01-12 23:24:21,853][flwr][DEBUG] - fit_round 28 received 100 results and 0 failures
[2026-01-12 23:24:21,905][flwr][INFO] - fit progress: (28, 59.697101056575775, {'accuracy': 0.535}, 34.59897783299675)
[2026-01-12 23:24:21,906][flwr][DEBUG] - evaluate_round 28: strategy sampled 100 clients (out of 100)
[2026-01-12 23:24:22,279][flwr][DEBUG] - evaluate_round 28 received 100 results and 0 failures
[2026-01-12 23:24:22,279][flwr][DEBUG] - fit_round 29: strategy sampled 100 clients (out of 100)
[2026-01-12 23:24:22,705][flwr][DEBUG] - fit_round 29 received 100 results and 0 failures
[2026-01-12 23:24:22,759][flwr][INFO] - fit progress: (29, 59.308496713638306, {'accuracy': 0.543}, 35.453011999998125)
[2026-01-12 23:24:22,760][flwr][DEBUG] - evaluate_round 29: strategy sampled 100 clients (out of 100)
[2026-01-12 23:24:23,128][flwr][DEBUG] - evaluate_round 29 received 100 results and 0 failures
[2026-01-12 23:24:23,129][flwr][DEBUG] - fit_round 30: strategy sampled 100 clients (out of 100)
[2026-01-12 23:24:23,540][flwr][DEBUG] - fit_round 30 received 100 results and 0 failures
[2026-01-12 23:24:23,592][flwr][INFO] - fit progress: (30, 58.8976354598999, {'accuracy': 0.5475}, 36.28528416599147)
[2026-01-12 23:24:23,592][flwr][DEBUG] - evaluate_round 30: strategy sampled 100 clients (out of 100)
[2026-01-12 23:24:23,955][flwr][DEBUG] - evaluate_round 30 received 100 results and 0 failures
[2026-01-12 23:24:23,956][flwr][DEBUG] - fit_round 31: strategy sampled 100 clients (out of 100)
[2026-01-12 23:24:24,368][flwr][DEBUG] - fit_round 31 received 100 results and 0 failures
[2026-01-12 23:24:24,421][flwr][INFO] - fit progress: (31, 58.48203521966934, {'accuracy': 0.555}, 37.114342957996996)
[2026-01-12 23:24:24,421][flwr][DEBUG] - evaluate_round 31: strategy sampled 100 clients (out of 100)
[2026-01-12 23:24:24,821][flwr][DEBUG] - evaluate_round 31 received 100 results and 0 failures
[2026-01-12 23:24:24,821][flwr][DEBUG] - fit_round 32: strategy sampled 100 clients (out of 100)
[2026-01-12 23:24:25,240][flwr][DEBUG] - fit_round 32 received 100 results and 0 failures
[2026-01-12 23:24:25,293][flwr][INFO] - fit progress: (32, 58.063219130039215, {'accuracy': 0.564}, 37.98673154099379)
[2026-01-12 23:24:25,293][flwr][DEBUG] - evaluate_round 32: strategy sampled 100 clients (out of 100)
[2026-01-12 23:24:25,663][flwr][DEBUG] - evaluate_round 32 received 100 results and 0 failures
[2026-01-12 23:24:25,664][flwr][DEBUG] - fit_round 33: strategy sampled 100 clients (out of 100)
[2026-01-12 23:24:26,056][flwr][DEBUG] - fit_round 33 received 100 results and 0 failures
[2026-01-12 23:24:26,107][flwr][INFO] - fit progress: (33, 57.6300567984581, {'accuracy': 0.5685}, 38.800875290995464)
[2026-01-12 23:24:26,107][flwr][DEBUG] - evaluate_round 33: strategy sampled 100 clients (out of 100)
[2026-01-12 23:24:26,490][flwr][DEBUG] - evaluate_round 33 received 100 results and 0 failures
[2026-01-12 23:24:26,491][flwr][DEBUG] - fit_round 34: strategy sampled 100 clients (out of 100)
[2026-01-12 23:24:26,866][flwr][DEBUG] - fit_round 34 received 100 results and 0 failures
[2026-01-12 23:24:26,917][flwr][INFO] - fit progress: (34, 57.20348137617111, {'accuracy': 0.5745}, 39.610973957998795)
[2026-01-12 23:24:26,918][flwr][DEBUG] - evaluate_round 34: strategy sampled 100 clients (out of 100)
[2026-01-12 23:24:27,291][flwr][DEBUG] - evaluate_round 34 received 100 results and 0 failures
[2026-01-12 23:24:27,291][flwr][DEBUG] - fit_round 35: strategy sampled 100 clients (out of 100)
[2026-01-12 23:24:27,675][flwr][DEBUG] - fit_round 35 received 100 results and 0 failures
[2026-01-12 23:24:27,728][flwr][INFO] - fit progress: (35, 56.78299170732498, {'accuracy': 0.58}, 40.421324333001394)
[2026-01-12 23:24:27,728][flwr][DEBUG] - evaluate_round 35: strategy sampled 100 clients (out of 100)
[2026-01-12 23:24:28,119][flwr][DEBUG] - evaluate_round 35 received 100 results and 0 failures
[2026-01-12 23:24:28,119][flwr][DEBUG] - fit_round 36: strategy sampled 100 clients (out of 100)
[2026-01-12 23:24:28,524][flwr][DEBUG] - fit_round 36 received 100 results and 0 failures
[2026-01-12 23:24:28,574][flwr][INFO] - fit progress: (36, 56.366755962371826, {'accuracy': 0.579}, 41.26800391600409)
[2026-01-12 23:24:28,575][flwr][DEBUG] - evaluate_round 36: strategy sampled 100 clients (out of 100)
[2026-01-12 23:24:28,943][flwr][DEBUG] - evaluate_round 36 received 100 results and 0 failures
[2026-01-12 23:24:28,943][flwr][DEBUG] - fit_round 37: strategy sampled 100 clients (out of 100)
[2026-01-12 23:24:29,355][flwr][DEBUG] - fit_round 37 received 100 results and 0 failures
[2026-01-12 23:24:29,405][flwr][INFO] - fit progress: (37, 55.94147115945816, {'accuracy': 0.5815}, 42.098586708001676)
[2026-01-12 23:24:29,405][flwr][DEBUG] - evaluate_round 37: strategy sampled 100 clients (out of 100)
[2026-01-12 23:24:29,771][flwr][DEBUG] - evaluate_round 37 received 100 results and 0 failures
[2026-01-12 23:24:29,772][flwr][DEBUG] - fit_round 38: strategy sampled 100 clients (out of 100)
[2026-01-12 23:24:30,156][flwr][DEBUG] - fit_round 38 received 100 results and 0 failures
[2026-01-12 23:24:30,210][flwr][INFO] - fit progress: (38, 55.54521316289902, {'accuracy': 0.5855}, 42.903966915997444)
[2026-01-12 23:24:30,211][flwr][DEBUG] - evaluate_round 38: strategy sampled 100 clients (out of 100)
[2026-01-12 23:24:30,582][flwr][DEBUG] - evaluate_round 38 received 100 results and 0 failures
[2026-01-12 23:24:30,583][flwr][DEBUG] - fit_round 39: strategy sampled 100 clients (out of 100)
[2026-01-12 23:24:30,978][flwr][DEBUG] - fit_round 39 received 100 results and 0 failures
[2026-01-12 23:24:31,028][flwr][INFO] - fit progress: (39, 55.16007536649704, {'accuracy': 0.586}, 43.72175270799198)
[2026-01-12 23:24:31,028][flwr][DEBUG] - evaluate_round 39: strategy sampled 100 clients (out of 100)
[2026-01-12 23:24:31,390][flwr][DEBUG] - evaluate_round 39 received 100 results and 0 failures
[2026-01-12 23:24:31,391][flwr][DEBUG] - fit_round 40: strategy sampled 100 clients (out of 100)
[2026-01-12 23:24:31,774][flwr][DEBUG] - fit_round 40 received 100 results and 0 failures
[2026-01-12 23:24:31,832][flwr][INFO] - fit progress: (40, 54.7834837436676, {'accuracy': 0.5885}, 44.52515616599703)
[2026-01-12 23:24:31,832][flwr][DEBUG] - evaluate_round 40: strategy sampled 100 clients (out of 100)
[2026-01-12 23:24:32,214][flwr][DEBUG] - evaluate_round 40 received 100 results and 0 failures
[2026-01-12 23:24:32,214][flwr][DEBUG] - fit_round 41: strategy sampled 100 clients (out of 100)
[2026-01-12 23:24:32,609][flwr][DEBUG] - fit_round 41 received 100 results and 0 failures
[2026-01-12 23:24:32,663][flwr][INFO] - fit progress: (41, 54.414279997348785, {'accuracy': 0.591}, 45.356382083002245)
[2026-01-12 23:24:32,663][flwr][DEBUG] - evaluate_round 41: strategy sampled 100 clients (out of 100)
[2026-01-12 23:24:33,022][flwr][DEBUG] - evaluate_round 41 received 100 results and 0 failures
[2026-01-12 23:24:33,022][flwr][DEBUG] - fit_round 42: strategy sampled 100 clients (out of 100)
[2026-01-12 23:24:33,427][flwr][DEBUG] - fit_round 42 received 100 results and 0 failures
[2026-01-12 23:24:33,476][flwr][INFO] - fit progress: (42, 54.06679040193558, {'accuracy': 0.593}, 46.169764374993974)
[2026-01-12 23:24:33,476][flwr][DEBUG] - evaluate_round 42: strategy sampled 100 clients (out of 100)
[2026-01-12 23:24:33,834][flwr][DEBUG] - evaluate_round 42 received 100 results and 0 failures
[2026-01-12 23:24:33,834][flwr][DEBUG] - fit_round 43: strategy sampled 100 clients (out of 100)
[2026-01-12 23:24:34,227][flwr][DEBUG] - fit_round 43 received 100 results and 0 failures
[2026-01-12 23:24:34,428][flwr][INFO] - fit progress: (43, 53.750903964042664, {'accuracy': 0.593}, 47.12190158299927)
[2026-01-12 23:24:34,429][flwr][DEBUG] - evaluate_round 43: strategy sampled 100 clients (out of 100)
[2026-01-12 23:24:34,796][flwr][DEBUG] - evaluate_round 43 received 100 results and 0 failures
[2026-01-12 23:24:34,797][flwr][DEBUG] - fit_round 44: strategy sampled 100 clients (out of 100)
[2026-01-12 23:24:35,180][flwr][DEBUG] - fit_round 44 received 100 results and 0 failures
[2026-01-12 23:24:35,234][flwr][INFO] - fit progress: (44, 53.4387189745903, {'accuracy': 0.592}, 47.92724820799776)
[2026-01-12 23:24:35,234][flwr][DEBUG] - evaluate_round 44: strategy sampled 100 clients (out of 100)
[2026-01-12 23:24:35,604][flwr][DEBUG] - evaluate_round 44 received 100 results and 0 failures
[2026-01-12 23:24:35,605][flwr][DEBUG] - fit_round 45: strategy sampled 100 clients (out of 100)
[2026-01-12 23:24:36,000][flwr][DEBUG] - fit_round 45 received 100 results and 0 failures
[2026-01-12 23:24:36,050][flwr][INFO] - fit progress: (45, 53.14142549037933, {'accuracy': 0.5915}, 48.7440926249983)
[2026-01-12 23:24:36,051][flwr][DEBUG] - evaluate_round 45: strategy sampled 100 clients (out of 100)
[2026-01-12 23:24:36,415][flwr][DEBUG] - evaluate_round 45 received 100 results and 0 failures
[2026-01-12 23:24:36,415][flwr][DEBUG] - fit_round 46: strategy sampled 100 clients (out of 100)
[2026-01-12 23:24:36,826][flwr][DEBUG] - fit_round 46 received 100 results and 0 failures
[2026-01-12 23:24:36,876][flwr][INFO] - fit progress: (46, 52.8593784570694, {'accuracy': 0.5935}, 49.56961720799154)
[2026-01-12 23:24:36,876][flwr][DEBUG] - evaluate_round 46: strategy sampled 100 clients (out of 100)
[2026-01-12 23:24:37,247][flwr][DEBUG] - evaluate_round 46 received 100 results and 0 failures
[2026-01-12 23:24:37,248][flwr][DEBUG] - fit_round 47: strategy sampled 100 clients (out of 100)
[2026-01-12 23:24:37,644][flwr][DEBUG] - fit_round 47 received 100 results and 0 failures
[2026-01-12 23:24:37,696][flwr][INFO] - fit progress: (47, 52.59977746009827, {'accuracy': 0.5945}, 50.3892689159984)
[2026-01-12 23:24:37,696][flwr][DEBUG] - evaluate_round 47: strategy sampled 100 clients (out of 100)
[2026-01-12 23:24:38,059][flwr][DEBUG] - evaluate_round 47 received 100 results and 0 failures
[2026-01-12 23:24:38,059][flwr][DEBUG] - fit_round 48: strategy sampled 100 clients (out of 100)
[2026-01-12 23:24:38,443][flwr][DEBUG] - fit_round 48 received 100 results and 0 failures
[2026-01-12 23:24:38,492][flwr][INFO] - fit progress: (48, 52.35227990150452, {'accuracy': 0.596}, 51.185751750002964)
[2026-01-12 23:24:38,492][flwr][DEBUG] - evaluate_round 48: strategy sampled 100 clients (out of 100)
[2026-01-12 23:24:38,883][flwr][DEBUG] - evaluate_round 48 received 100 results and 0 failures
[2026-01-12 23:24:38,883][flwr][DEBUG] - fit_round 49: strategy sampled 100 clients (out of 100)
[2026-01-12 23:24:39,303][flwr][DEBUG] - fit_round 49 received 100 results and 0 failures
[2026-01-12 23:24:39,355][flwr][INFO] - fit progress: (49, 52.11789929866791, {'accuracy': 0.5965}, 52.04818704100035)
[2026-01-12 23:24:39,355][flwr][DEBUG] - evaluate_round 49: strategy sampled 100 clients (out of 100)
[2026-01-12 23:24:39,744][flwr][DEBUG] - evaluate_round 49 received 100 results and 0 failures
[2026-01-12 23:24:39,744][flwr][DEBUG] - fit_round 50: strategy sampled 100 clients (out of 100)
[2026-01-12 23:24:40,192][flwr][DEBUG] - fit_round 50 received 100 results and 0 failures
[2026-01-12 23:24:40,260][flwr][INFO] - fit progress: (50, 51.902306258678436, {'accuracy': 0.5975}, 52.9535398750013)
[2026-01-12 23:24:40,260][flwr][DEBUG] - evaluate_round 50: strategy sampled 100 clients (out of 100)
[2026-01-12 23:24:40,625][flwr][DEBUG] - evaluate_round 50 received 100 results and 0 failures
[2026-01-12 23:24:40,625][flwr][INFO] - FL finished in 53.31895741599146
[2026-01-12 23:24:40,626][flwr][INFO] - app_fit: losses_distributed [(1, 1.0685939119967152), (2, 1.0593811574319727), (3, 1.0517997438572857), (4, 1.045364293843916), (5, 1.0400319332129335), (6, 1.035411283714042), (7, 1.031473843576429), (8, 1.0279348548756886), (9, 1.024747223920746), (10, 1.0218837736472148), (11, 1.0191768380604922), (12, 1.0165354875192794), (13, 1.0139947772434312), (14, 1.0113941957349102), (15, 1.008788494452766), (16, 1.0061790655328804), (17, 1.0034062014254805), (18, 1.000507776255477), (19, 0.9975031741201605), (20, 0.9941613526853252), (21, 0.9904744843846043), (22, 0.986498063795915), (23, 0.9822474760960226), (24, 0.977748859690749), (25, 0.9729768369499951), (26, 0.9678804517540758), (27, 0.96259256860573), (28, 0.9568612361539445), (29, 0.9511038701828212), (30, 0.9449889231898468), (31, 0.9387679484132763), (32, 0.9324643399277234), (33, 0.9259325359101709), (34, 0.9194784688350817), (35, 0.9130806384701707), (36, 0.9067201238108552), (37, 0.9001959954562797), (38, 0.8940993981206253), (39, 0.8881605358020356), (40, 0.88231926697166), (41, 0.8765869304605814), (42, 0.8711734514802558), (43, 0.8662581005597223), (44, 0.8613817178767565), (45, 0.8567169443045033), (46, 0.8523003175922724), (47, 0.8482268123662091), (48, 0.8443371211965335), (49, 0.8406339499027762), (50, 0.8372181240622312)]
[2026-01-12 23:24:40,626][flwr][INFO] - app_fit: metrics_distributed_fit {}
[2026-01-12 23:24:40,626][flwr][INFO] - app_fit: metrics_distributed {}
[2026-01-12 23:24:40,626][flwr][INFO] - app_fit: losses_centralized [(0, 68.07474291324615), (1, 67.36422121524811), (2, 66.75809323787689), (3, 66.2559819817543), (4, 65.82567983865738), (5, 65.46352350711823), (6, 65.14626258611679), (7, 64.87367081642151), (8, 64.62578976154327), (9, 64.40168166160583), (10, 64.19852018356323), (11, 64.00514817237854), (12, 63.816895484924316), (13, 63.63428592681885), (14, 63.448668003082275), (15, 63.26325219869614), (16, 63.07758367061615), (17, 62.880576729774475), (18, 62.67541217803955), (19, 62.463536858558655), (20, 62.231210231781006), (21, 61.97796231508255), (22, 61.70698964595795), (23, 61.41750794649124), (24, 61.11188280582428), (25, 60.78831321001053), (26, 60.4438099861145), (27, 60.08501422405243), (28, 59.697101056575775), (29, 59.308496713638306), (30, 58.8976354598999), (31, 58.48203521966934), (32, 58.063219130039215), (33, 57.6300567984581), (34, 57.20348137617111), (35, 56.78299170732498), (36, 56.366755962371826), (37, 55.94147115945816), (38, 55.54521316289902), (39, 55.16007536649704), (40, 54.7834837436676), (41, 54.414279997348785), (42, 54.06679040193558), (43, 53.750903964042664), (44, 53.4387189745903), (45, 53.14142549037933), (46, 52.8593784570694), (47, 52.59977746009827), (48, 52.35227990150452), (49, 52.11789929866791), (50, 51.902306258678436)]
[2026-01-12 23:24:40,626][flwr][INFO] - app_fit: metrics_centralized {'accuracy': [(0, 0.507), (1, 0.507), (2, 0.507), (3, 0.507), (4, 0.507), (5, 0.507), (6, 0.507), (7, 0.507), (8, 0.507), (9, 0.507), (10, 0.507), (11, 0.507), (12, 0.507), (13, 0.5075), (14, 0.5075), (15, 0.508), (16, 0.5085), (17, 0.5085), (18, 0.5095), (19, 0.511), (20, 0.514), (21, 0.5155), (22, 0.5175), (23, 0.518), (24, 0.5195), (25, 0.5215), (26, 0.525), (27, 0.53), (28, 0.535), (29, 0.543), (30, 0.5475), (31, 0.555), (32, 0.564), (33, 0.5685), (34, 0.5745), (35, 0.58), (36, 0.579), (37, 0.5815), (38, 0.5855), (39, 0.586), (40, 0.5885), (41, 0.591), (42, 0.593), (43, 0.593), (44, 0.592), (45, 0.5915), (46, 0.5935), (47, 0.5945), (48, 0.596), (49, 0.5965), (50, 0.5975)]}
[2026-01-12 23:24:40,675][flwr][INFO] - Starting Flower simulation, config: ServerConfig(num_rounds=50, round_timeout=None)
[2026-01-12 23:24:48,324][flwr][INFO] - Flower VCE: Ray initialized with resources: {'node:127.0.0.1': 1.0, 'object_store_memory': 2147483648.0, 'CPU': 10.0, 'memory': 12440998298.0}
[2026-01-12 23:24:48,325][flwr][INFO] - Initializing global parameters
[2026-01-12 23:24:48,326][flwr][INFO] - Using initial parameters provided by strategy
[2026-01-12 23:24:48,326][flwr][INFO] - Evaluating initial parameters
[2026-01-12 23:24:48,351][flwr][INFO] - initial parameters (loss, other metrics): 67.88411092758179, {'accuracy': 0.3585, 'adaptive_mu': 0.1}
[2026-01-12 23:24:48,351][flwr][INFO] - FL starting
[2026-01-12 23:24:48,352][flwr][DEBUG] - fit_round 1: strategy sampled 100 clients (out of 100)
[2026-01-12 23:24:53,817][flwr][DEBUG] - fit_round 1 received 100 results and 0 failures
[2026-01-12 23:24:53,851][flwr][WARNING] - No fit_metrics_aggregation_fn provided
[2026-01-12 23:24:53,910][flwr][INFO] - fit progress: (1, 67.07814347743988, {'accuracy': 0.5055, 'adaptive_mu': 0.1}, 5.558173249999527)
[2026-01-12 23:24:53,910][flwr][DEBUG] - evaluate_round 1: strategy sampled 100 clients (out of 100)
[2026-01-12 23:24:54,320][flwr][DEBUG] - evaluate_round 1 received 100 results and 0 failures
[2026-01-12 23:24:54,320][flwr][WARNING] - No evaluate_metrics_aggregation_fn provided
[2026-01-12 23:24:54,321][flwr][DEBUG] - fit_round 2: strategy sampled 100 clients (out of 100)
[2026-01-12 23:24:54,998][flwr][DEBUG] - fit_round 2 received 100 results and 0 failures
[2026-01-12 23:24:55,083][flwr][INFO] - fit progress: (2, 66.45422410964966, {'accuracy': 0.5075, 'adaptive_mu': 0.1}, 6.731150375009747)
[2026-01-12 23:24:55,083][flwr][DEBUG] - evaluate_round 2: strategy sampled 100 clients (out of 100)
[2026-01-12 23:24:55,518][flwr][DEBUG] - evaluate_round 2 received 100 results and 0 failures
[2026-01-12 23:24:55,519][flwr][DEBUG] - fit_round 3: strategy sampled 100 clients (out of 100)
[2026-01-12 23:24:56,011][flwr][DEBUG] - fit_round 3 received 100 results and 0 failures
[2026-01-12 23:24:56,098][flwr][INFO] - fit progress: (3, 65.96022582054138, {'accuracy': 0.508, 'adaptive_mu': 0.1}, 7.746396416012431)
[2026-01-12 23:24:56,098][flwr][DEBUG] - evaluate_round 3: strategy sampled 100 clients (out of 100)
[2026-01-12 23:24:56,737][flwr][DEBUG] - evaluate_round 3 received 100 results and 0 failures
[2026-01-12 23:24:56,737][flwr][DEBUG] - fit_round 4: strategy sampled 100 clients (out of 100)
[2026-01-12 23:24:57,399][flwr][DEBUG] - fit_round 4 received 100 results and 0 failures
[2026-01-12 23:24:57,500][flwr][INFO] - fit progress: (4, 65.56399840116501, {'accuracy': 0.508, 'adaptive_mu': 0.12087227477243231}, 9.148102750012185)
[2026-01-12 23:24:57,500][flwr][DEBUG] - evaluate_round 4: strategy sampled 100 clients (out of 100)
[2026-01-12 23:24:57,906][flwr][DEBUG] - evaluate_round 4 received 100 results and 0 failures
[2026-01-12 23:24:57,907][flwr][DEBUG] - fit_round 5: strategy sampled 100 clients (out of 100)
[2026-01-12 23:24:58,566][flwr][DEBUG] - fit_round 5 received 100 results and 0 failures
[2026-01-12 23:24:58,651][flwr][INFO] - fit progress: (5, 65.24042630195618, {'accuracy': 0.508, 'adaptive_mu': 0.1354553186683035}, 10.299601625010837)
[2026-01-12 23:24:58,652][flwr][DEBUG] - evaluate_round 5: strategy sampled 100 clients (out of 100)
[2026-01-12 23:24:59,046][flwr][DEBUG] - evaluate_round 5 received 100 results and 0 failures
[2026-01-12 23:24:59,046][flwr][DEBUG] - fit_round 6: strategy sampled 100 clients (out of 100)
[2026-01-12 23:24:59,465][flwr][DEBUG] - fit_round 6 received 100 results and 0 failures
[2026-01-12 23:24:59,545][flwr][INFO] - fit progress: (6, 64.97364228963852, {'accuracy': 0.508, 'adaptive_mu': 0.145485889902594}, 11.193236375009292)
[2026-01-12 23:24:59,545][flwr][DEBUG] - evaluate_round 6: strategy sampled 100 clients (out of 100)
[2026-01-12 23:24:59,913][flwr][DEBUG] - evaluate_round 6 received 100 results and 0 failures
[2026-01-12 23:24:59,914][flwr][DEBUG] - fit_round 7: strategy sampled 100 clients (out of 100)
[2026-01-12 23:25:00,416][flwr][DEBUG] - fit_round 7 received 100 results and 0 failures
[2026-01-12 23:25:00,502][flwr][INFO] - fit progress: (7, 64.74934989213943, {'accuracy': 0.5075, 'adaptive_mu': 0.15242109504558005}, 12.150548541001626)
[2026-01-12 23:25:00,503][flwr][DEBUG] - evaluate_round 7: strategy sampled 100 clients (out of 100)
[2026-01-12 23:25:00,899][flwr][DEBUG] - evaluate_round 7 received 100 results and 0 failures
[2026-01-12 23:25:00,899][flwr][DEBUG] - fit_round 8: strategy sampled 100 clients (out of 100)
[2026-01-12 23:25:01,375][flwr][DEBUG] - fit_round 8 received 100 results and 0 failures
[2026-01-12 23:25:01,461][flwr][INFO] - fit progress: (8, 64.5558887720108, {'accuracy': 0.508, 'adaptive_mu': 0.15716462983511875}, 13.10973570799979)
[2026-01-12 23:25:01,462][flwr][DEBUG] - evaluate_round 8: strategy sampled 100 clients (out of 100)
[2026-01-12 23:25:01,830][flwr][DEBUG] - evaluate_round 8 received 100 results and 0 failures
[2026-01-12 23:25:01,831][flwr][DEBUG] - fit_round 9: strategy sampled 100 clients (out of 100)
[2026-01-12 23:25:02,237][flwr][DEBUG] - fit_round 9 received 100 results and 0 failures
[2026-01-12 23:25:02,316][flwr][INFO] - fit progress: (9, 64.38666129112244, {'accuracy': 0.508, 'adaptive_mu': 0.16046603251144137}, 13.964329791007913)
[2026-01-12 23:25:02,316][flwr][DEBUG] - evaluate_round 9: strategy sampled 100 clients (out of 100)
[2026-01-12 23:25:02,681][flwr][DEBUG] - evaluate_round 9 received 100 results and 0 failures
[2026-01-12 23:25:02,682][flwr][DEBUG] - fit_round 10: strategy sampled 100 clients (out of 100)
[2026-01-12 23:25:03,107][flwr][DEBUG] - fit_round 10 received 100 results and 0 failures
[2026-01-12 23:25:03,186][flwr][INFO] - fit progress: (10, 64.23202204704285, {'accuracy': 0.508, 'adaptive_mu': 0.16273106669948703}, 14.8339031659998)
[2026-01-12 23:25:03,186][flwr][DEBUG] - evaluate_round 10: strategy sampled 100 clients (out of 100)
[2026-01-12 23:25:03,546][flwr][DEBUG] - evaluate_round 10 received 100 results and 0 failures
[2026-01-12 23:25:03,547][flwr][DEBUG] - fit_round 11: strategy sampled 100 clients (out of 100)
[2026-01-12 23:25:03,952][flwr][DEBUG] - fit_round 11 received 100 results and 0 failures
[2026-01-12 23:25:04,031][flwr][INFO] - fit progress: (11, 64.08772450685501, {'accuracy': 0.508, 'adaptive_mu': 0.1642903440899991}, 15.679309375002049)
[2026-01-12 23:25:04,031][flwr][DEBUG] - evaluate_round 11: strategy sampled 100 clients (out of 100)
[2026-01-12 23:25:04,395][flwr][DEBUG] - evaluate_round 11 received 100 results and 0 failures
[2026-01-12 23:25:04,395][flwr][DEBUG] - fit_round 12: strategy sampled 100 clients (out of 100)
[2026-01-12 23:25:04,842][flwr][DEBUG] - fit_round 12 received 100 results and 0 failures
[2026-01-12 23:25:04,922][flwr][INFO] - fit progress: (12, 63.94649785757065, {'accuracy': 0.508, 'adaptive_mu': 0.16543015141221534}, 16.570827791001648)
[2026-01-12 23:25:04,923][flwr][DEBUG] - evaluate_round 12: strategy sampled 100 clients (out of 100)
[2026-01-12 23:25:05,307][flwr][DEBUG] - evaluate_round 12 received 100 results and 0 failures
[2026-01-12 23:25:05,308][flwr][DEBUG] - fit_round 13: strategy sampled 100 clients (out of 100)
[2026-01-12 23:25:05,775][flwr][DEBUG] - fit_round 13 received 100 results and 0 failures
[2026-01-12 23:25:05,856][flwr][INFO] - fit progress: (13, 63.80398732423782, {'accuracy': 0.5085, 'adaptive_mu': 0.16624668919361468}, 17.50465816601354)
[2026-01-12 23:25:05,857][flwr][DEBUG] - evaluate_round 13: strategy sampled 100 clients (out of 100)
[2026-01-12 23:25:06,324][flwr][DEBUG] - evaluate_round 13 received 100 results and 0 failures
[2026-01-12 23:25:06,324][flwr][DEBUG] - fit_round 14: strategy sampled 100 clients (out of 100)
[2026-01-12 23:25:06,773][flwr][DEBUG] - fit_round 14 received 100 results and 0 failures
[2026-01-12 23:25:06,853][flwr][INFO] - fit progress: (14, 63.65579265356064, {'accuracy': 0.51, 'adaptive_mu': 0.16683647569207216}, 18.501358666006126)
[2026-01-12 23:25:06,853][flwr][DEBUG] - evaluate_round 14: strategy sampled 100 clients (out of 100)
[2026-01-12 23:25:07,223][flwr][DEBUG] - evaluate_round 14 received 100 results and 0 failures
[2026-01-12 23:25:07,224][flwr][DEBUG] - fit_round 15: strategy sampled 100 clients (out of 100)
[2026-01-12 23:25:07,684][flwr][DEBUG] - fit_round 15 received 100 results and 0 failures
[2026-01-12 23:25:07,762][flwr][INFO] - fit progress: (15, 63.501098334789276, {'accuracy': 0.51, 'adaptive_mu': 0.167341852053517}, 19.410609833008493)
[2026-01-12 23:25:07,763][flwr][DEBUG] - evaluate_round 15: strategy sampled 100 clients (out of 100)
[2026-01-12 23:25:08,233][flwr][DEBUG] - evaluate_round 15 received 100 results and 0 failures
[2026-01-12 23:25:08,234][flwr][DEBUG] - fit_round 16: strategy sampled 100 clients (out of 100)
[2026-01-12 23:25:08,685][flwr][DEBUG] - fit_round 16 received 100 results and 0 failures
[2026-01-12 23:25:08,764][flwr][INFO] - fit progress: (16, 63.33329749107361, {'accuracy': 0.5105, 'adaptive_mu': 0.16766629893096782}, 20.411910125010763)
[2026-01-12 23:25:08,764][flwr][DEBUG] - evaluate_round 16: strategy sampled 100 clients (out of 100)
[2026-01-12 23:25:09,138][flwr][DEBUG] - evaluate_round 16 received 100 results and 0 failures
[2026-01-12 23:25:09,138][flwr][DEBUG] - fit_round 17: strategy sampled 100 clients (out of 100)
[2026-01-12 23:25:09,596][flwr][DEBUG] - fit_round 17 received 100 results and 0 failures
[2026-01-12 23:25:09,678][flwr][INFO] - fit progress: (17, 63.152473628520966, {'accuracy': 0.5115, 'adaptive_mu': 0.1679728207897419}, 21.326217500012717)
[2026-01-12 23:25:09,678][flwr][DEBUG] - evaluate_round 17: strategy sampled 100 clients (out of 100)
[2026-01-12 23:25:10,076][flwr][DEBUG] - evaluate_round 17 received 100 results and 0 failures
[2026-01-12 23:25:10,077][flwr][DEBUG] - fit_round 18: strategy sampled 100 clients (out of 100)
[2026-01-12 23:25:10,616][flwr][DEBUG] - fit_round 18 received 100 results and 0 failures
[2026-01-12 23:25:10,731][flwr][INFO] - fit progress: (18, 62.95682269334793, {'accuracy': 0.5125, 'adaptive_mu': 0.16829113355226405}, 22.37969516600424)
[2026-01-12 23:25:10,732][flwr][DEBUG] - evaluate_round 18: strategy sampled 100 clients (out of 100)
[2026-01-12 23:25:11,138][flwr][DEBUG] - evaluate_round 18 received 100 results and 0 failures
[2026-01-12 23:25:11,139][flwr][DEBUG] - fit_round 19: strategy sampled 100 clients (out of 100)
[2026-01-12 23:25:11,711][flwr][DEBUG] - fit_round 19 received 100 results and 0 failures
[2026-01-12 23:25:11,878][flwr][INFO] - fit progress: (19, 62.74685901403427, {'accuracy': 0.515, 'adaptive_mu': 0.16860542228475764}, 23.526061583004775)
[2026-01-12 23:25:11,878][flwr][DEBUG] - evaluate_round 19: strategy sampled 100 clients (out of 100)
[2026-01-12 23:25:12,330][flwr][DEBUG] - evaluate_round 19 received 100 results and 0 failures
[2026-01-12 23:25:12,330][flwr][DEBUG] - fit_round 20: strategy sampled 100 clients (out of 100)
[2026-01-12 23:25:13,213][flwr][DEBUG] - fit_round 20 received 100 results and 0 failures
[2026-01-12 23:25:13,302][flwr][INFO] - fit progress: (20, 62.50764214992523, {'accuracy': 0.517, 'adaptive_mu': 0.16883247573439605}, 24.950795791010023)
[2026-01-12 23:25:13,303][flwr][DEBUG] - evaluate_round 20: strategy sampled 100 clients (out of 100)
[2026-01-12 23:25:13,723][flwr][DEBUG] - evaluate_round 20 received 100 results and 0 failures
[2026-01-12 23:25:13,724][flwr][DEBUG] - fit_round 21: strategy sampled 100 clients (out of 100)
[2026-01-12 23:25:14,359][flwr][DEBUG] - fit_round 21 received 100 results and 0 failures
[2026-01-12 23:25:14,443][flwr][INFO] - fit progress: (21, 62.25617188215256, {'accuracy': 0.5185, 'adaptive_mu': 0.1691314456590412}, 26.091233833009028)
[2026-01-12 23:25:14,443][flwr][DEBUG] - evaluate_round 21: strategy sampled 100 clients (out of 100)
[2026-01-12 23:25:14,848][flwr][DEBUG] - evaluate_round 21 received 100 results and 0 failures
[2026-01-12 23:25:14,849][flwr][DEBUG] - fit_round 22: strategy sampled 100 clients (out of 100)
[2026-01-12 23:25:15,264][flwr][DEBUG] - fit_round 22 received 100 results and 0 failures
[2026-01-12 23:25:15,345][flwr][INFO] - fit progress: (22, 61.98431432247162, {'accuracy': 0.5205, 'adaptive_mu': 0.16939919016932936}, 26.99294333301077)
[2026-01-12 23:25:15,345][flwr][DEBUG] - evaluate_round 22: strategy sampled 100 clients (out of 100)
[2026-01-12 23:25:15,723][flwr][DEBUG] - evaluate_round 22 received 100 results and 0 failures
[2026-01-12 23:25:15,724][flwr][DEBUG] - fit_round 23: strategy sampled 100 clients (out of 100)
[2026-01-12 23:25:16,303][flwr][DEBUG] - fit_round 23 received 100 results and 0 failures
[2026-01-12 23:25:16,387][flwr][INFO] - fit progress: (23, 61.683013677597046, {'accuracy': 0.524, 'adaptive_mu': 0.1696904461890582}, 28.035006416001124)
[2026-01-12 23:25:16,387][flwr][DEBUG] - evaluate_round 23: strategy sampled 100 clients (out of 100)
[2026-01-12 23:25:16,780][flwr][DEBUG] - evaluate_round 23 received 100 results and 0 failures
[2026-01-12 23:25:16,781][flwr][DEBUG] - fit_round 24: strategy sampled 100 clients (out of 100)
[2026-01-12 23:25:17,212][flwr][DEBUG] - fit_round 24 received 100 results and 0 failures
[2026-01-12 23:25:17,292][flwr][INFO] - fit progress: (24, 61.36522841453552, {'accuracy': 0.5265, 'adaptive_mu': 0.169975097432993}, 28.940028750002966)
[2026-01-12 23:25:17,292][flwr][DEBUG] - evaluate_round 24: strategy sampled 100 clients (out of 100)
[2026-01-12 23:25:17,660][flwr][DEBUG] - evaluate_round 24 received 100 results and 0 failures
[2026-01-12 23:25:17,660][flwr][DEBUG] - fit_round 25: strategy sampled 100 clients (out of 100)
[2026-01-12 23:25:18,136][flwr][DEBUG] - fit_round 25 received 100 results and 0 failures
[2026-01-12 23:25:18,216][flwr][INFO] - fit progress: (25, 61.020689368247986, {'accuracy': 0.531, 'adaptive_mu': 0.17023621571262385}, 29.864170541011845)
[2026-01-12 23:25:18,216][flwr][DEBUG] - evaluate_round 25: strategy sampled 100 clients (out of 100)
[2026-01-12 23:25:18,648][flwr][DEBUG] - evaluate_round 25 received 100 results and 0 failures
[2026-01-12 23:25:18,648][flwr][DEBUG] - fit_round 26: strategy sampled 100 clients (out of 100)
[2026-01-12 23:25:19,062][flwr][DEBUG] - fit_round 26 received 100 results and 0 failures
[2026-01-12 23:25:19,140][flwr][INFO] - fit progress: (26, 60.661971747875214, {'accuracy': 0.5335, 'adaptive_mu': 0.17058705211228062}, 30.78841416600335)
[2026-01-12 23:25:19,140][flwr][DEBUG] - evaluate_round 26: strategy sampled 100 clients (out of 100)
[2026-01-12 23:25:19,499][flwr][DEBUG] - evaluate_round 26 received 100 results and 0 failures
[2026-01-12 23:25:19,500][flwr][DEBUG] - fit_round 27: strategy sampled 100 clients (out of 100)
[2026-01-12 23:25:19,923][flwr][DEBUG] - fit_round 27 received 100 results and 0 failures
[2026-01-12 23:25:20,007][flwr][INFO] - fit progress: (27, 60.28577369451523, {'accuracy': 0.5385, 'adaptive_mu': 0.17091523092563396}, 31.655082375000347)
[2026-01-12 23:25:20,007][flwr][DEBUG] - evaluate_round 27: strategy sampled 100 clients (out of 100)
[2026-01-12 23:25:20,368][flwr][DEBUG] - evaluate_round 27 received 100 results and 0 failures
[2026-01-12 23:25:20,369][flwr][DEBUG] - fit_round 28: strategy sampled 100 clients (out of 100)
[2026-01-12 23:25:20,814][flwr][DEBUG] - fit_round 28 received 100 results and 0 failures
[2026-01-12 23:25:20,894][flwr][INFO] - fit progress: (28, 59.88939297199249, {'accuracy': 0.5445, 'adaptive_mu': 0.1711790157635504}, 32.54189383301127)
[2026-01-12 23:25:20,894][flwr][DEBUG] - evaluate_round 28: strategy sampled 100 clients (out of 100)
[2026-01-12 23:25:21,270][flwr][DEBUG] - evaluate_round 28 received 100 results and 0 failures
[2026-01-12 23:25:21,270][flwr][DEBUG] - fit_round 29: strategy sampled 100 clients (out of 100)
[2026-01-12 23:25:21,734][flwr][DEBUG] - fit_round 29 received 100 results and 0 failures
[2026-01-12 23:25:21,815][flwr][INFO] - fit progress: (29, 59.4987718462944, {'accuracy': 0.5505, 'adaptive_mu': 0.17151455450314976}, 33.46320837500389)
[2026-01-12 23:25:21,815][flwr][DEBUG] - evaluate_round 29: strategy sampled 100 clients (out of 100)
[2026-01-12 23:25:22,180][flwr][DEBUG] - evaluate_round 29 received 100 results and 0 failures
[2026-01-12 23:25:22,180][flwr][DEBUG] - fit_round 30: strategy sampled 100 clients (out of 100)
[2026-01-12 23:25:22,611][flwr][DEBUG] - fit_round 30 received 100 results and 0 failures
[2026-01-12 23:25:22,698][flwr][INFO] - fit progress: (30, 59.09552192687988, {'accuracy': 0.557, 'adaptive_mu': 0.17176532507146372}, 34.346055291011)
[2026-01-12 23:25:22,698][flwr][DEBUG] - evaluate_round 30: strategy sampled 100 clients (out of 100)
[2026-01-12 23:25:23,056][flwr][DEBUG] - evaluate_round 30 received 100 results and 0 failures
[2026-01-12 23:25:23,057][flwr][DEBUG] - fit_round 31: strategy sampled 100 clients (out of 100)
[2026-01-12 23:25:23,479][flwr][DEBUG] - fit_round 31 received 100 results and 0 failures
[2026-01-12 23:25:23,559][flwr][INFO] - fit progress: (31, 58.689016580581665, {'accuracy': 0.5605, 'adaptive_mu': 0.1720529427291842}, 35.20683579100296)
[2026-01-12 23:25:23,559][flwr][DEBUG] - evaluate_round 31: strategy sampled 100 clients (out of 100)
[2026-01-12 23:25:23,912][flwr][DEBUG] - evaluate_round 31 received 100 results and 0 failures
[2026-01-12 23:25:23,913][flwr][DEBUG] - fit_round 32: strategy sampled 100 clients (out of 100)
[2026-01-12 23:25:24,334][flwr][DEBUG] - fit_round 32 received 100 results and 0 failures
[2026-01-12 23:25:24,417][flwr][INFO] - fit progress: (32, 58.27795457839966, {'accuracy': 0.565, 'adaptive_mu': 0.17224600072173052}, 36.06517862500914)
[2026-01-12 23:25:24,417][flwr][DEBUG] - evaluate_round 32: strategy sampled 100 clients (out of 100)
[2026-01-12 23:25:24,830][flwr][DEBUG] - evaluate_round 32 received 100 results and 0 failures
[2026-01-12 23:25:24,830][flwr][DEBUG] - fit_round 33: strategy sampled 100 clients (out of 100)
[2026-01-12 23:25:25,318][flwr][DEBUG] - fit_round 33 received 100 results and 0 failures
[2026-01-12 23:25:25,405][flwr][INFO] - fit progress: (33, 57.88565719127655, {'accuracy': 0.5715, 'adaptive_mu': 0.17250413269355255}, 37.05365004100895)
[2026-01-12 23:25:25,406][flwr][DEBUG] - evaluate_round 33: strategy sampled 100 clients (out of 100)
[2026-01-12 23:25:25,773][flwr][DEBUG] - evaluate_round 33 received 100 results and 0 failures
[2026-01-12 23:25:25,774][flwr][DEBUG] - fit_round 34: strategy sampled 100 clients (out of 100)
[2026-01-12 23:25:26,262][flwr][DEBUG] - fit_round 34 received 100 results and 0 failures
[2026-01-12 23:25:26,341][flwr][INFO] - fit progress: (34, 57.469553887844086, {'accuracy': 0.574, 'adaptive_mu': 0.17275495172401767}, 37.98924325000553)
[2026-01-12 23:25:26,341][flwr][DEBUG] - evaluate_round 34: strategy sampled 100 clients (out of 100)
[2026-01-12 23:25:26,710][flwr][DEBUG] - evaluate_round 34 received 100 results and 0 failures
[2026-01-12 23:25:26,711][flwr][DEBUG] - fit_round 35: strategy sampled 100 clients (out of 100)
[2026-01-12 23:25:27,139][flwr][DEBUG] - fit_round 35 received 100 results and 0 failures
[2026-01-12 23:25:27,221][flwr][INFO] - fit progress: (35, 57.06756150722504, {'accuracy': 0.5775, 'adaptive_mu': 0.17296597201658684}, 38.8692960000044)
[2026-01-12 23:25:27,221][flwr][DEBUG] - evaluate_round 35: strategy sampled 100 clients (out of 100)
[2026-01-12 23:25:27,596][flwr][DEBUG] - evaluate_round 35 received 100 results and 0 failures
[2026-01-12 23:25:27,597][flwr][DEBUG] - fit_round 36: strategy sampled 100 clients (out of 100)
[2026-01-12 23:25:28,109][flwr][DEBUG] - fit_round 36 received 100 results and 0 failures
[2026-01-12 23:25:28,194][flwr][INFO] - fit progress: (36, 56.68279778957367, {'accuracy': 0.5815, 'adaptive_mu': 0.1731720031784476}, 39.842545000006794)
[2026-01-12 23:25:28,195][flwr][DEBUG] - evaluate_round 36: strategy sampled 100 clients (out of 100)
[2026-01-12 23:25:28,581][flwr][DEBUG] - evaluate_round 36 received 100 results and 0 failures
[2026-01-12 23:25:28,582][flwr][DEBUG] - fit_round 37: strategy sampled 100 clients (out of 100)
[2026-01-12 23:25:29,107][flwr][DEBUG] - fit_round 37 received 100 results and 0 failures
[2026-01-12 23:25:29,189][flwr][INFO] - fit progress: (37, 56.31254559755325, {'accuracy': 0.5835, 'adaptive_mu': 0.17334844795859405}, 40.83769195800414)
[2026-01-12 23:25:29,190][flwr][DEBUG] - evaluate_round 37: strategy sampled 100 clients (out of 100)
[2026-01-12 23:25:29,722][flwr][DEBUG] - evaluate_round 37 received 100 results and 0 failures
[2026-01-12 23:25:29,723][flwr][DEBUG] - fit_round 38: strategy sampled 100 clients (out of 100)
[2026-01-12 23:25:30,188][flwr][DEBUG] - fit_round 38 received 100 results and 0 failures
[2026-01-12 23:25:30,372][flwr][INFO] - fit progress: (38, 55.95762699842453, {'accuracy': 0.5855, 'adaptive_mu': 0.17359100014958972}, 42.019887375005055)
[2026-01-12 23:25:30,372][flwr][DEBUG] - evaluate_round 38: strategy sampled 100 clients (out of 100)
[2026-01-12 23:25:30,738][flwr][DEBUG] - evaluate_round 38 received 100 results and 0 failures
[2026-01-12 23:25:30,738][flwr][DEBUG] - fit_round 39: strategy sampled 100 clients (out of 100)
[2026-01-12 23:25:31,188][flwr][DEBUG] - fit_round 39 received 100 results and 0 failures
[2026-01-12 23:25:31,271][flwr][INFO] - fit progress: (39, 55.62167525291443, {'accuracy': 0.587, 'adaptive_mu': 0.17375111838313628}, 42.91876233300718)
[2026-01-12 23:25:31,271][flwr][DEBUG] - evaluate_round 39: strategy sampled 100 clients (out of 100)
[2026-01-12 23:25:31,651][flwr][DEBUG] - evaluate_round 39 received 100 results and 0 failures
[2026-01-12 23:25:31,652][flwr][DEBUG] - fit_round 40: strategy sampled 100 clients (out of 100)
[2026-01-12 23:25:32,130][flwr][DEBUG] - fit_round 40 received 100 results and 0 failures
[2026-01-12 23:25:32,216][flwr][INFO] - fit progress: (40, 55.30039268732071, {'accuracy': 0.587, 'adaptive_mu': 0.1739256797804395}, 43.864519791008206)
[2026-01-12 23:25:32,217][flwr][DEBUG] - evaluate_round 40: strategy sampled 100 clients (out of 100)
[2026-01-12 23:25:32,613][flwr][DEBUG] - evaluate_round 40 received 100 results and 0 failures
[2026-01-12 23:25:32,613][flwr][DEBUG] - fit_round 41: strategy sampled 100 clients (out of 100)
[2026-01-12 23:25:33,040][flwr][DEBUG] - fit_round 41 received 100 results and 0 failures
[2026-01-12 23:25:33,123][flwr][INFO] - fit progress: (41, 55.00369852781296, {'accuracy': 0.5875, 'adaptive_mu': 0.17405426133180124}, 44.7707655000122)
[2026-01-12 23:25:33,123][flwr][DEBUG] - evaluate_round 41: strategy sampled 100 clients (out of 100)
[2026-01-12 23:25:33,506][flwr][DEBUG] - evaluate_round 41 received 100 results and 0 failures
[2026-01-12 23:25:33,507][flwr][DEBUG] - fit_round 42: strategy sampled 100 clients (out of 100)
[2026-01-12 23:25:33,920][flwr][DEBUG] - fit_round 42 received 100 results and 0 failures
[2026-01-12 23:25:34,005][flwr][INFO] - fit progress: (42, 54.71764254570007, {'accuracy': 0.586, 'adaptive_mu': 0.17414116068724655}, 45.652893375008716)
[2026-01-12 23:25:34,005][flwr][DEBUG] - evaluate_round 42: strategy sampled 100 clients (out of 100)
[2026-01-12 23:25:34,363][flwr][DEBUG] - evaluate_round 42 received 100 results and 0 failures
[2026-01-12 23:25:34,364][flwr][DEBUG] - fit_round 43: strategy sampled 100 clients (out of 100)
[2026-01-12 23:25:34,822][flwr][DEBUG] - fit_round 43 received 100 results and 0 failures
[2026-01-12 23:25:34,902][flwr][INFO] - fit progress: (43, 54.46130532026291, {'accuracy': 0.5855, 'adaptive_mu': 0.1742561559412249}, 46.55030450000777)
[2026-01-12 23:25:34,902][flwr][DEBUG] - evaluate_round 43: strategy sampled 100 clients (out of 100)
[2026-01-12 23:25:35,316][flwr][DEBUG] - evaluate_round 43 received 100 results and 0 failures
[2026-01-12 23:25:35,316][flwr][DEBUG] - fit_round 44: strategy sampled 100 clients (out of 100)
[2026-01-12 23:25:35,730][flwr][DEBUG] - fit_round 44 received 100 results and 0 failures
[2026-01-12 23:25:35,811][flwr][INFO] - fit progress: (44, 54.208520114421844, {'accuracy': 0.586, 'adaptive_mu': 0.1743642917787708}, 47.459319583009346)
[2026-01-12 23:25:35,811][flwr][DEBUG] - evaluate_round 44: strategy sampled 100 clients (out of 100)
[2026-01-12 23:25:36,192][flwr][DEBUG] - evaluate_round 44 received 100 results and 0 failures
[2026-01-12 23:25:36,193][flwr][DEBUG] - fit_round 45: strategy sampled 100 clients (out of 100)
[2026-01-12 23:25:36,629][flwr][DEBUG] - fit_round 45 received 100 results and 0 failures
[2026-01-12 23:25:36,712][flwr][INFO] - fit progress: (45, 53.96775859594345, {'accuracy': 0.588, 'adaptive_mu': 0.17448954643564235}, 48.360306708011194)
[2026-01-12 23:25:36,712][flwr][DEBUG] - evaluate_round 45: strategy sampled 100 clients (out of 100)
[2026-01-12 23:25:37,129][flwr][DEBUG] - evaluate_round 45 received 100 results and 0 failures
[2026-01-12 23:25:37,129][flwr][DEBUG] - fit_round 46: strategy sampled 100 clients (out of 100)
[2026-01-12 23:25:37,551][flwr][DEBUG] - fit_round 46 received 100 results and 0 failures
[2026-01-12 23:25:37,632][flwr][INFO] - fit progress: (46, 53.72561967372894, {'accuracy': 0.589, 'adaptive_mu': 0.17461017769455017}, 49.279854166001314)
[2026-01-12 23:25:37,632][flwr][DEBUG] - evaluate_round 46: strategy sampled 100 clients (out of 100)
[2026-01-12 23:25:37,991][flwr][DEBUG] - evaluate_round 46 received 100 results and 0 failures
[2026-01-12 23:25:37,992][flwr][DEBUG] - fit_round 47: strategy sampled 100 clients (out of 100)
[2026-01-12 23:25:39,098][flwr][DEBUG] - fit_round 47 received 100 results and 0 failures
[2026-01-12 23:25:39,189][flwr][INFO] - fit progress: (47, 53.4986554980278, {'accuracy': 0.59, 'adaptive_mu': 0.1746802770939148}, 50.83686008299992)
[2026-01-12 23:25:39,189][flwr][DEBUG] - evaluate_round 47: strategy sampled 100 clients (out of 100)
[2026-01-12 23:25:39,625][flwr][DEBUG] - evaluate_round 47 received 100 results and 0 failures
[2026-01-12 23:25:39,626][flwr][DEBUG] - fit_round 48: strategy sampled 100 clients (out of 100)
[2026-01-12 23:25:40,153][flwr][DEBUG] - fit_round 48 received 100 results and 0 failures
[2026-01-12 23:25:40,237][flwr][INFO] - fit progress: (48, 53.29404002428055, {'accuracy': 0.591, 'adaptive_mu': 0.17482342510213972}, 51.885442625003634)
[2026-01-12 23:25:40,238][flwr][DEBUG] - evaluate_round 48: strategy sampled 100 clients (out of 100)
[2026-01-12 23:25:40,637][flwr][DEBUG] - evaluate_round 48 received 100 results and 0 failures
[2026-01-12 23:25:40,637][flwr][DEBUG] - fit_round 49: strategy sampled 100 clients (out of 100)
[2026-01-12 23:25:41,369][flwr][DEBUG] - fit_round 49 received 100 results and 0 failures
[2026-01-12 23:25:41,488][flwr][INFO] - fit progress: (49, 53.103821098804474, {'accuracy': 0.591, 'adaptive_mu': 0.17491953156436246}, 53.13667741601239)
[2026-01-12 23:25:41,489][flwr][DEBUG] - evaluate_round 49: strategy sampled 100 clients (out of 100)
[2026-01-12 23:25:42,003][flwr][DEBUG] - evaluate_round 49 received 100 results and 0 failures
[2026-01-12 23:25:42,003][flwr][DEBUG] - fit_round 50: strategy sampled 100 clients (out of 100)
[2026-01-12 23:25:42,572][flwr][DEBUG] - fit_round 50 received 100 results and 0 failures
[2026-01-12 23:25:42,662][flwr][INFO] - fit progress: (50, 52.90602570772171, {'accuracy': 0.594, 'adaptive_mu': 0.17487992345822442}, 54.31054512500123)
[2026-01-12 23:25:42,663][flwr][DEBUG] - evaluate_round 50: strategy sampled 100 clients (out of 100)
[2026-01-12 23:25:43,099][flwr][DEBUG] - evaluate_round 50 received 100 results and 0 failures
[2026-01-12 23:25:43,100][flwr][INFO] - FL finished in 54.74790204101009
[2026-01-12 23:25:43,100][flwr][INFO] - app_fit: losses_distributed [(1, 1.065854410942831), (2, 1.0562289174493045), (3, 1.048652677741497), (4, 1.0426199873016304), (5, 1.0377350965999577), (6, 1.0337485064790672), (7, 1.0304368497914376), (8, 1.0276238905376496), (9, 1.025202602590328), (10, 1.0230218210517), (11, 1.0210038453476613), (12, 1.0190358596713576), (13, 1.0170639805393675), (14, 1.0150114546559716), (15, 1.0128882489247955), (16, 1.0105759889976074), (17, 1.0080771004636537), (18, 1.0053568614400141), (19, 1.0024293967305797), (20, 0.9990618102014337), (21, 0.9955154376351125), (22, 0.9916667294556691), (23, 0.987376137547297), (24, 0.9828291070991999), (25, 0.97788228251074), (26, 0.9727008843530803), (27, 0.9672398437580018), (28, 0.9614502500113287), (29, 0.9557156675754617), (30, 0.9497563793030503), (31, 0.9437020827918292), (32, 0.9375379533596235), (33, 0.9316048729637442), (34, 0.9252786513537032), (35, 0.9191274308178523), (36, 0.9131990781385605), (37, 0.9074758276275304), (38, 0.9019625283199358), (39, 0.8967312879894422), (40, 0.8917184471743836), (41, 0.8870789967987636), (42, 0.8825932631958021), (43, 0.878566248572036), (44, 0.8745838970150033), (45, 0.8707910072925973), (46, 0.866979571237956), (47, 0.8633953829946583), (48, 0.8601620828043924), (49, 0.8571642020113392), (50, 0.8540469190641625)]
[2026-01-12 23:25:43,100][flwr][INFO] - app_fit: metrics_distributed_fit {'adaptive_mu': [(1, 0.1), (2, 0.1), (3, 0.1), (4, 0.12087227477243231), (5, 0.1354553186683035), (6, 0.145485889902594), (7, 0.15242109504558005), (8, 0.15716462983511875), (9, 0.16046603251144137), (10, 0.16273106669948703), (11, 0.1642903440899991), (12, 0.16543015141221534), (13, 0.16624668919361468), (14, 0.16683647569207216), (15, 0.167341852053517), (16, 0.16766629893096782), (17, 0.1679728207897419), (18, 0.16829113355226405), (19, 0.16860542228475764), (20, 0.16883247573439605), (21, 0.1691314456590412), (22, 0.16939919016932936), (23, 0.1696904461890582), (24, 0.169975097432993), (25, 0.17023621571262385), (26, 0.17058705211228062), (27, 0.17091523092563396), (28, 0.1711790157635504), (29, 0.17151455450314976), (30, 0.17176532507146372), (31, 0.1720529427291842), (32, 0.17224600072173052), (33, 0.17250413269355255), (34, 0.17275495172401767), (35, 0.17296597201658684), (36, 0.1731720031784476), (37, 0.17334844795859405), (38, 0.17359100014958972), (39, 0.17375111838313628), (40, 0.1739256797804395), (41, 0.17405426133180124), (42, 0.17414116068724655), (43, 0.1742561559412249), (44, 0.1743642917787708), (45, 0.17448954643564235), (46, 0.17461017769455017), (47, 0.1746802770939148), (48, 0.17482342510213972), (49, 0.17491953156436246), (50, 0.17487992345822442)], 'gradient_divergence': [(1, 0.19518884004559367), (2, 0.18971939074748662), (3, 0.18484108194475993), (4, 0.18382065042591422), (5, 0.18107041613198815), (6, 0.17977001420687885), (7, 0.17998168558406177), (8, 0.17898108119028622), (9, 0.17989044631714932), (10, 0.17977767090313138), (11, 0.179885791715933), (12, 0.18167971696006135), (13, 0.18251926164957694), (14, 0.1831685472058598), (15, 0.18557008477160708), (16, 0.18473024534643628), (17, 0.18656246414990163), (18, 0.18892356751486658), (19, 0.19089429532934446), (20, 0.19065783172030934), (21, 0.19370506013394334), (22, 0.19463148625800386), (23, 0.19667903910274617), (24, 0.1980654333916027), (25, 0.19898515698732808), (26, 0.20251160807558335), (27, 0.20390505002229475), (28, 0.20413629320682958), (29, 0.20731198078719898), (30, 0.2072483811713755), (31, 0.20968187456484885), (32, 0.2091842719723354), (33, 0.2120559080108069), (34, 0.2136992845905479), (35, 0.2144653940293938), (36, 0.21585380275384522), (37, 0.21671055637998507), (38, 0.21985319082043134), (39, 0.22002739205374383), (40, 0.22204736978863365), (41, 0.22266666408395394), (42, 0.22312098623020574), (43, 0.22501235672272743), (44, 0.2263042995519936), (45, 0.22810237279860301), (46, 0.22938199607655407), (47, 0.22933916259324177), (48, 0.23190095012774692), (49, 0.2321409326349385), (50, 0.22990244232816623)], 'avg_label_entropy': [(1, 0.36311975887880005), (2, 0.36311975887879994), (3, 0.36311975887879994), (4, 0.36311975887880005), (5, 0.3631197588787999), (6, 0.36311975887879994), (7, 0.36311975887880005), (8, 0.36311975887880005), (9, 0.36311975887879994), (10, 0.36311975887880005), (11, 0.36311975887880005), (12, 0.36311975887879994), (13, 0.36311975887880005), (14, 0.36311975887879994), (15, 0.36311975887880005), (16, 0.3631197588788001), (17, 0.36311975887880005), (18, 0.3631197588788001), (19, 0.36311975887879994), (20, 0.36311975887879994), (21, 0.36311975887879994), (22, 0.36311975887879994), (23, 0.36311975887880005), (24, 0.36311975887880005), (25, 0.3631197588788001), (26, 0.36311975887879994), (27, 0.36311975887879994), (28, 0.36311975887880005), (29, 0.36311975887880005), (30, 0.36311975887879994), (31, 0.36311975887880005), (32, 0.36311975887880005), (33, 0.36311975887879994), (34, 0.3631197588787999), (35, 0.36311975887879994), (36, 0.36311975887879994), (37, 0.36311975887879994), (38, 0.36311975887880005), (39, 0.36311975887879994), (40, 0.36311975887879994), (41, 0.36311975887880005), (42, 0.36311975887879994), (43, 0.36311975887880005), (44, 0.36311975887880005), (45, 0.3631197588788001), (46, 0.36311975887879994), (47, 0.36311975887879994), (48, 0.36311975887879994), (49, 0.36311975887880005), (50, 0.36311975887879994)], 'avg_feature_variance': [(1, 0.9859667003154755), (2, 0.9859667149186134), (3, 0.9859667021036148), (4, 0.9859666857123375), (5, 0.9859667098522187), (6, 0.9859667107462883), (7, 0.9859666982293129), (8, 0.985966699719429), (9, 0.9859666916728019), (10, 0.985966699719429), (11, 0.9859666875004769), (12, 0.9859667104482651), (13, 0.9859667092561721), (14, 0.98596669703722), (15, 0.9859666886925698), (16, 0.9859667012095451), (17, 0.9859667074680328), (18, 0.985966708958149), (19, 0.9859666973352432), (20, 0.9859667167067527), (21, 0.9859667053818703), (22, 0.9859666940569878), (23, 0.9859666937589645), (24, 0.9859666964411735), (25, 0.9859666976332665), (26, 0.9859666803479195), (27, 0.9859666976332665), (28, 0.9859667074680328), (29, 0.9859666946530342), (30, 0.985966699719429), (31, 0.9859666955471039), (32, 0.9859666982293129), (33, 0.9859666949510575), (34, 0.9859667029976845), (35, 0.9859667107462883), (36, 0.9859666991233825), (37, 0.9859667137265206), (38, 0.9859667003154755), (39, 0.9859666839241982), (40, 0.9859666973352432), (41, 0.9859667074680328), (42, 0.9859667041897774), (43, 0.9859666958451271), (44, 0.9859667044878005), (45, 0.9859666922688484), (46, 0.9859667080640793), (47, 0.9859667024016381), (48, 0.9859666869044303), (49, 0.9859667110443116), (50, 0.9859666955471039)]}
[2026-01-12 23:25:43,101][flwr][INFO] - app_fit: metrics_distributed {}
[2026-01-12 23:25:43,101][flwr][INFO] - app_fit: losses_centralized [(0, 67.88411092758179), (1, 67.07814347743988), (2, 66.45422410964966), (3, 65.96022582054138), (4, 65.56399840116501), (5, 65.24042630195618), (6, 64.97364228963852), (7, 64.74934989213943), (8, 64.5558887720108), (9, 64.38666129112244), (10, 64.23202204704285), (11, 64.08772450685501), (12, 63.94649785757065), (13, 63.80398732423782), (14, 63.65579265356064), (15, 63.501098334789276), (16, 63.33329749107361), (17, 63.152473628520966), (18, 62.95682269334793), (19, 62.74685901403427), (20, 62.50764214992523), (21, 62.25617188215256), (22, 61.98431432247162), (23, 61.683013677597046), (24, 61.36522841453552), (25, 61.020689368247986), (26, 60.661971747875214), (27, 60.28577369451523), (28, 59.88939297199249), (29, 59.4987718462944), (30, 59.09552192687988), (31, 58.689016580581665), (32, 58.27795457839966), (33, 57.88565719127655), (34, 57.469553887844086), (35, 57.06756150722504), (36, 56.68279778957367), (37, 56.31254559755325), (38, 55.95762699842453), (39, 55.62167525291443), (40, 55.30039268732071), (41, 55.00369852781296), (42, 54.71764254570007), (43, 54.46130532026291), (44, 54.208520114421844), (45, 53.96775859594345), (46, 53.72561967372894), (47, 53.4986554980278), (48, 53.29404002428055), (49, 53.103821098804474), (50, 52.90602570772171)]
[2026-01-12 23:25:43,101][flwr][INFO] - app_fit: metrics_centralized {'accuracy': [(0, 0.3585), (1, 0.5055), (2, 0.5075), (3, 0.508), (4, 0.508), (5, 0.508), (6, 0.508), (7, 0.5075), (8, 0.508), (9, 0.508), (10, 0.508), (11, 0.508), (12, 0.508), (13, 0.5085), (14, 0.51), (15, 0.51), (16, 0.5105), (17, 0.5115), (18, 0.5125), (19, 0.515), (20, 0.517), (21, 0.5185), (22, 0.5205), (23, 0.524), (24, 0.5265), (25, 0.531), (26, 0.5335), (27, 0.5385), (28, 0.5445), (29, 0.5505), (30, 0.557), (31, 0.5605), (32, 0.565), (33, 0.5715), (34, 0.574), (35, 0.5775), (36, 0.5815), (37, 0.5835), (38, 0.5855), (39, 0.587), (40, 0.587), (41, 0.5875), (42, 0.586), (43, 0.5855), (44, 0.586), (45, 0.588), (46, 0.589), (47, 0.59), (48, 0.591), (49, 0.591), (50, 0.594)], 'adaptive_mu': [(0, 0.1), (1, 0.1), (2, 0.1), (3, 0.1), (4, 0.12087227477243231), (5, 0.1354553186683035), (6, 0.145485889902594), (7, 0.15242109504558005), (8, 0.15716462983511875), (9, 0.16046603251144137), (10, 0.16273106669948703), (11, 0.1642903440899991), (12, 0.16543015141221534), (13, 0.16624668919361468), (14, 0.16683647569207216), (15, 0.167341852053517), (16, 0.16766629893096782), (17, 0.1679728207897419), (18, 0.16829113355226405), (19, 0.16860542228475764), (20, 0.16883247573439605), (21, 0.1691314456590412), (22, 0.16939919016932936), (23, 0.1696904461890582), (24, 0.169975097432993), (25, 0.17023621571262385), (26, 0.17058705211228062), (27, 0.17091523092563396), (28, 0.1711790157635504), (29, 0.17151455450314976), (30, 0.17176532507146372), (31, 0.1720529427291842), (32, 0.17224600072173052), (33, 0.17250413269355255), (34, 0.17275495172401767), (35, 0.17296597201658684), (36, 0.1731720031784476), (37, 0.17334844795859405), (38, 0.17359100014958972), (39, 0.17375111838313628), (40, 0.1739256797804395), (41, 0.17405426133180124), (42, 0.17414116068724655), (43, 0.1742561559412249), (44, 0.1743642917787708), (45, 0.17448954643564235), (46, 0.17461017769455017), (47, 0.1746802770939148), (48, 0.17482342510213972), (49, 0.17491953156436246), (50, 0.17487992345822442)]}
[2026-01-12 23:25:43,135][flwr][INFO] - Starting Flower simulation, config: ServerConfig(num_rounds=50, round_timeout=None)
[2026-01-12 23:25:50,337][flwr][INFO] - Flower VCE: Ray initialized with resources: {'CPU': 10.0, 'node:127.0.0.1': 1.0, 'object_store_memory': 2147483648.0, 'memory': 12157665280.0}
[2026-01-12 23:25:50,338][flwr][INFO] - Initializing global parameters
[2026-01-12 23:25:50,338][flwr][INFO] - Using initial parameters provided by strategy
[2026-01-12 23:25:50,338][flwr][INFO] - Evaluating initial parameters
[2026-01-12 23:25:50,361][flwr][INFO] - initial parameters (loss, other metrics): 71.80140054225922, {'accuracy': 0.238}
[2026-01-12 23:25:50,362][flwr][INFO] - FL starting
[2026-01-12 23:25:50,363][flwr][DEBUG] - fit_round 1: strategy sampled 10 clients (out of 100)
[2026-01-12 23:25:54,696][flwr][DEBUG] - fit_round 1 received 10 results and 0 failures
[2026-01-12 23:25:54,723][flwr][INFO] - fit progress: (1, 70.06426191329956, {'accuracy': 0.2345}, 4.361574332986493)
[2026-01-12 23:25:54,723][flwr][INFO] - evaluate_round 1: no clients selected, cancel
[2026-01-12 23:25:54,724][flwr][DEBUG] - fit_round 2: strategy sampled 10 clients (out of 100)
[2026-01-12 23:25:54,831][flwr][DEBUG] - fit_round 2 received 10 results and 0 failures
[2026-01-12 23:25:54,856][flwr][INFO] - fit progress: (2, 73.8518797159195, {'accuracy': 0.2385}, 4.494569332993706)
[2026-01-12 23:25:54,856][flwr][INFO] - evaluate_round 2: no clients selected, cancel
[2026-01-12 23:25:54,857][flwr][DEBUG] - fit_round 3: strategy sampled 10 clients (out of 100)
[2026-01-12 23:25:54,955][flwr][DEBUG] - fit_round 3 received 10 results and 0 failures
[2026-01-12 23:25:54,980][flwr][INFO] - fit progress: (3, 70.89688372612, {'accuracy': 0.2385}, 4.6184570829937)
[2026-01-12 23:25:54,980][flwr][INFO] - evaluate_round 3: no clients selected, cancel
[2026-01-12 23:25:54,981][flwr][DEBUG] - fit_round 4: strategy sampled 10 clients (out of 100)
[2026-01-12 23:25:55,101][flwr][DEBUG] - fit_round 4 received 10 results and 0 failures
[2026-01-12 23:25:55,125][flwr][INFO] - fit progress: (4, 74.55313324928284, {'accuracy': 0.238}, 4.7636141249968205)
[2026-01-12 23:25:55,125][flwr][INFO] - evaluate_round 4: no clients selected, cancel
[2026-01-12 23:25:55,126][flwr][DEBUG] - fit_round 5: strategy sampled 10 clients (out of 100)
[2026-01-12 23:25:55,248][flwr][DEBUG] - fit_round 5 received 10 results and 0 failures
[2026-01-12 23:25:55,273][flwr][INFO] - fit progress: (5, 72.84325015544891, {'accuracy': 0.238}, 4.911608290989534)
[2026-01-12 23:25:55,273][flwr][INFO] - evaluate_round 5: no clients selected, cancel
[2026-01-12 23:25:55,274][flwr][DEBUG] - fit_round 6: strategy sampled 10 clients (out of 100)
[2026-01-12 23:25:55,406][flwr][DEBUG] - fit_round 6 received 10 results and 0 failures
[2026-01-12 23:25:55,431][flwr][INFO] - fit progress: (6, 77.20107936859131, {'accuracy': 0.238}, 5.069391290991916)
[2026-01-12 23:25:55,431][flwr][INFO] - evaluate_round 6: no clients selected, cancel
[2026-01-12 23:25:55,432][flwr][DEBUG] - fit_round 7: strategy sampled 10 clients (out of 100)
[2026-01-12 23:25:55,572][flwr][DEBUG] - fit_round 7 received 10 results and 0 failures
[2026-01-12 23:25:55,596][flwr][INFO] - fit progress: (7, 76.23750472068787, {'accuracy': 0.238}, 5.234854624999571)
[2026-01-12 23:25:55,597][flwr][INFO] - evaluate_round 7: no clients selected, cancel
[2026-01-12 23:25:55,597][flwr][DEBUG] - fit_round 8: strategy sampled 10 clients (out of 100)
[2026-01-12 23:25:55,748][flwr][DEBUG] - fit_round 8 received 10 results and 0 failures
[2026-01-12 23:25:55,774][flwr][INFO] - fit progress: (8, 79.90639841556549, {'accuracy': 0.236}, 5.412391040998045)
[2026-01-12 23:25:55,774][flwr][INFO] - evaluate_round 8: no clients selected, cancel
[2026-01-12 23:25:55,775][flwr][DEBUG] - fit_round 9: strategy sampled 10 clients (out of 100)
[2026-01-12 23:25:55,926][flwr][DEBUG] - fit_round 9 received 10 results and 0 failures
[2026-01-12 23:25:55,951][flwr][INFO] - fit progress: (9, 78.68496823310852, {'accuracy': 0.238}, 5.5890166249882895)
[2026-01-12 23:25:55,951][flwr][INFO] - evaluate_round 9: no clients selected, cancel
[2026-01-12 23:25:55,951][flwr][DEBUG] - fit_round 10: strategy sampled 10 clients (out of 100)
[2026-01-12 23:25:56,108][flwr][DEBUG] - fit_round 10 received 10 results and 0 failures
[2026-01-12 23:25:56,133][flwr][INFO] - fit progress: (10, 79.62366783618927, {'accuracy': 0.236}, 5.771108499990078)
[2026-01-12 23:25:56,133][flwr][INFO] - evaluate_round 10: no clients selected, cancel
[2026-01-12 23:25:56,133][flwr][DEBUG] - fit_round 11: strategy sampled 10 clients (out of 100)
[2026-01-12 23:25:56,289][flwr][DEBUG] - fit_round 11 received 10 results and 0 failures
[2026-01-12 23:25:56,314][flwr][INFO] - fit progress: (11, 79.10158801078796, {'accuracy': 0.2385}, 5.951960582999163)
[2026-01-12 23:25:56,314][flwr][INFO] - evaluate_round 11: no clients selected, cancel
[2026-01-12 23:25:56,314][flwr][DEBUG] - fit_round 12: strategy sampled 10 clients (out of 100)
[2026-01-12 23:25:56,485][flwr][DEBUG] - fit_round 12 received 10 results and 0 failures
[2026-01-12 23:25:56,541][flwr][INFO] - fit progress: (12, 79.76564049720764, {'accuracy': 0.236}, 6.179015582994907)
[2026-01-12 23:25:56,541][flwr][INFO] - evaluate_round 12: no clients selected, cancel
[2026-01-12 23:25:56,541][flwr][DEBUG] - fit_round 13: strategy sampled 10 clients (out of 100)
[2026-01-12 23:25:56,814][flwr][DEBUG] - fit_round 13 received 10 results and 0 failures
[2026-01-12 23:25:56,839][flwr][INFO] - fit progress: (13, 78.40345549583435, {'accuracy': 0.241}, 6.4773289159929845)
[2026-01-12 23:25:56,839][flwr][INFO] - evaluate_round 13: no clients selected, cancel
[2026-01-12 23:25:56,840][flwr][DEBUG] - fit_round 14: strategy sampled 10 clients (out of 100)
[2026-01-12 23:25:57,007][flwr][DEBUG] - fit_round 14 received 10 results and 0 failures
[2026-01-12 23:25:57,031][flwr][INFO] - fit progress: (14, 78.29736530780792, {'accuracy': 0.2375}, 6.669845957992948)
[2026-01-12 23:25:57,032][flwr][INFO] - evaluate_round 14: no clients selected, cancel
[2026-01-12 23:25:57,032][flwr][DEBUG] - fit_round 15: strategy sampled 10 clients (out of 100)
[2026-01-12 23:25:57,205][flwr][DEBUG] - fit_round 15 received 10 results and 0 failures
[2026-01-12 23:25:57,230][flwr][INFO] - fit progress: (15, 78.37929260730743, {'accuracy': 0.2405}, 6.868689208000433)
[2026-01-12 23:25:57,230][flwr][INFO] - evaluate_round 15: no clients selected, cancel
[2026-01-12 23:25:57,231][flwr][DEBUG] - fit_round 16: strategy sampled 10 clients (out of 100)
[2026-01-12 23:25:57,410][flwr][DEBUG] - fit_round 16 received 10 results and 0 failures
[2026-01-12 23:25:57,434][flwr][INFO] - fit progress: (16, 80.71874666213989, {'accuracy': 0.236}, 7.072543207992567)
[2026-01-12 23:25:57,434][flwr][INFO] - evaluate_round 16: no clients selected, cancel
[2026-01-12 23:25:57,435][flwr][DEBUG] - fit_round 17: strategy sampled 10 clients (out of 100)
[2026-01-12 23:25:57,591][flwr][DEBUG] - fit_round 17 received 10 results and 0 failures
[2026-01-12 23:25:57,621][flwr][INFO] - fit progress: (17, 81.1559784412384, {'accuracy': 0.2375}, 7.259732915990753)
[2026-01-12 23:25:57,622][flwr][INFO] - evaluate_round 17: no clients selected, cancel
[2026-01-12 23:25:57,622][flwr][DEBUG] - fit_round 18: strategy sampled 10 clients (out of 100)
[2026-01-12 23:25:57,807][flwr][DEBUG] - fit_round 18 received 10 results and 0 failures
[2026-01-12 23:25:57,943][flwr][INFO] - fit progress: (18, 78.85979402065277, {'accuracy': 0.232}, 7.581011374990339)
[2026-01-12 23:25:57,943][flwr][INFO] - evaluate_round 18: no clients selected, cancel
[2026-01-12 23:25:57,943][flwr][DEBUG] - fit_round 19: strategy sampled 10 clients (out of 100)
[2026-01-12 23:25:58,128][flwr][DEBUG] - fit_round 19 received 10 results and 0 failures
[2026-01-12 23:25:58,153][flwr][INFO] - fit progress: (19, 77.51870286464691, {'accuracy': 0.238}, 7.791842624996207)
[2026-01-12 23:25:58,154][flwr][INFO] - evaluate_round 19: no clients selected, cancel
[2026-01-12 23:25:58,154][flwr][DEBUG] - fit_round 20: strategy sampled 10 clients (out of 100)
[2026-01-12 23:25:58,341][flwr][DEBUG] - fit_round 20 received 10 results and 0 failures
[2026-01-12 23:25:58,369][flwr][INFO] - fit progress: (20, 79.21437418460846, {'accuracy': 0.2375}, 8.006959040998481)
[2026-01-12 23:25:58,369][flwr][INFO] - evaluate_round 20: no clients selected, cancel
[2026-01-12 23:25:58,369][flwr][DEBUG] - fit_round 21: strategy sampled 10 clients (out of 100)
[2026-01-12 23:25:58,557][flwr][DEBUG] - fit_round 21 received 10 results and 0 failures
[2026-01-12 23:25:58,584][flwr][INFO] - fit progress: (21, 75.57772314548492, {'accuracy': 0.2385}, 8.22187783299887)
[2026-01-12 23:25:58,584][flwr][INFO] - evaluate_round 21: no clients selected, cancel
[2026-01-12 23:25:58,584][flwr][DEBUG] - fit_round 22: strategy sampled 10 clients (out of 100)
[2026-01-12 23:25:58,769][flwr][DEBUG] - fit_round 22 received 10 results and 0 failures
[2026-01-12 23:25:58,796][flwr][INFO] - fit progress: (22, 75.2563670873642, {'accuracy': 0.2405}, 8.433868332998827)
[2026-01-12 23:25:58,796][flwr][INFO] - evaluate_round 22: no clients selected, cancel
[2026-01-12 23:25:58,796][flwr][DEBUG] - fit_round 23: strategy sampled 10 clients (out of 100)
[2026-01-12 23:25:58,982][flwr][DEBUG] - fit_round 23 received 10 results and 0 failures
[2026-01-12 23:25:59,007][flwr][INFO] - fit progress: (23, 77.05433225631714, {'accuracy': 0.24}, 8.645217665995006)
[2026-01-12 23:25:59,007][flwr][INFO] - evaluate_round 23: no clients selected, cancel
[2026-01-12 23:25:59,007][flwr][DEBUG] - fit_round 24: strategy sampled 10 clients (out of 100)
[2026-01-12 23:25:59,200][flwr][DEBUG] - fit_round 24 received 10 results and 0 failures
[2026-01-12 23:25:59,229][flwr][INFO] - fit progress: (24, 76.77639615535736, {'accuracy': 0.238}, 8.867480249988148)
[2026-01-12 23:25:59,229][flwr][INFO] - evaluate_round 24: no clients selected, cancel
[2026-01-12 23:25:59,230][flwr][DEBUG] - fit_round 25: strategy sampled 10 clients (out of 100)
[2026-01-12 23:25:59,424][flwr][DEBUG] - fit_round 25 received 10 results and 0 failures
[2026-01-12 23:25:59,449][flwr][INFO] - fit progress: (25, 77.64774084091187, {'accuracy': 0.2375}, 9.087416207999922)
[2026-01-12 23:25:59,449][flwr][INFO] - evaluate_round 25: no clients selected, cancel
[2026-01-12 23:25:59,450][flwr][DEBUG] - fit_round 26: strategy sampled 10 clients (out of 100)
[2026-01-12 23:25:59,633][flwr][DEBUG] - fit_round 26 received 10 results and 0 failures
[2026-01-12 23:25:59,660][flwr][INFO] - fit progress: (26, 75.89783096313477, {'accuracy': 0.2385}, 9.298183540988248)
[2026-01-12 23:25:59,660][flwr][INFO] - evaluate_round 26: no clients selected, cancel
[2026-01-12 23:25:59,660][flwr][DEBUG] - fit_round 27: strategy sampled 10 clients (out of 100)
[2026-01-12 23:25:59,851][flwr][DEBUG] - fit_round 27 received 10 results and 0 failures
[2026-01-12 23:25:59,876][flwr][INFO] - fit progress: (27, 77.60415124893188, {'accuracy': 0.24}, 9.514600790993427)
[2026-01-12 23:25:59,876][flwr][INFO] - evaluate_round 27: no clients selected, cancel
[2026-01-12 23:25:59,877][flwr][DEBUG] - fit_round 28: strategy sampled 10 clients (out of 100)
[2026-01-12 23:26:00,063][flwr][DEBUG] - fit_round 28 received 10 results and 0 failures
[2026-01-12 23:26:00,089][flwr][INFO] - fit progress: (28, 77.9768134355545, {'accuracy': 0.241}, 9.727205915987724)
[2026-01-12 23:26:00,089][flwr][INFO] - evaluate_round 28: no clients selected, cancel
[2026-01-12 23:26:00,089][flwr][DEBUG] - fit_round 29: strategy sampled 10 clients (out of 100)
[2026-01-12 23:26:00,346][flwr][DEBUG] - fit_round 29 received 10 results and 0 failures
[2026-01-12 23:26:00,450][flwr][INFO] - fit progress: (29, 78.61544167995453, {'accuracy': 0.236}, 10.088458124999306)
[2026-01-12 23:26:00,451][flwr][INFO] - evaluate_round 29: no clients selected, cancel
[2026-01-12 23:26:00,456][flwr][DEBUG] - fit_round 30: strategy sampled 10 clients (out of 100)
[2026-01-12 23:26:00,776][flwr][DEBUG] - fit_round 30 received 10 results and 0 failures
[2026-01-12 23:26:00,811][flwr][INFO] - fit progress: (30, 79.741739153862, {'accuracy': 0.2375}, 10.449731999993674)
[2026-01-12 23:26:00,812][flwr][INFO] - evaluate_round 30: no clients selected, cancel
[2026-01-12 23:26:00,812][flwr][DEBUG] - fit_round 31: strategy sampled 10 clients (out of 100)
[2026-01-12 23:26:01,009][flwr][DEBUG] - fit_round 31 received 10 results and 0 failures
[2026-01-12 23:26:01,034][flwr][INFO] - fit progress: (31, 80.1083220243454, {'accuracy': 0.2375}, 10.672812957986025)
[2026-01-12 23:26:01,035][flwr][INFO] - evaluate_round 31: no clients selected, cancel
[2026-01-12 23:26:01,035][flwr][DEBUG] - fit_round 32: strategy sampled 10 clients (out of 100)
[2026-01-12 23:26:01,230][flwr][DEBUG] - fit_round 32 received 10 results and 0 failures
[2026-01-12 23:26:01,256][flwr][INFO] - fit progress: (32, 80.16293835639954, {'accuracy': 0.238}, 10.893942290989798)
[2026-01-12 23:26:01,256][flwr][INFO] - evaluate_round 32: no clients selected, cancel
[2026-01-12 23:26:01,256][flwr][DEBUG] - fit_round 33: strategy sampled 10 clients (out of 100)
[2026-01-12 23:26:01,449][flwr][DEBUG] - fit_round 33 received 10 results and 0 failures
[2026-01-12 23:26:01,476][flwr][INFO] - fit progress: (33, 78.8487046957016, {'accuracy': 0.2375}, 11.114789874991402)
[2026-01-12 23:26:01,477][flwr][INFO] - evaluate_round 33: no clients selected, cancel
[2026-01-12 23:26:01,477][flwr][DEBUG] - fit_round 34: strategy sampled 10 clients (out of 100)
[2026-01-12 23:26:01,672][flwr][DEBUG] - fit_round 34 received 10 results and 0 failures
[2026-01-12 23:26:01,699][flwr][INFO] - fit progress: (34, 75.20291709899902, {'accuracy': 0.2365}, 11.336910665995674)
[2026-01-12 23:26:01,699][flwr][INFO] - evaluate_round 34: no clients selected, cancel
[2026-01-12 23:26:01,699][flwr][DEBUG] - fit_round 35: strategy sampled 10 clients (out of 100)
[2026-01-12 23:26:01,892][flwr][DEBUG] - fit_round 35 received 10 results and 0 failures
[2026-01-12 23:26:01,918][flwr][INFO] - fit progress: (35, 78.71862185001373, {'accuracy': 0.2365}, 11.556110374993295)
[2026-01-12 23:26:01,918][flwr][INFO] - evaluate_round 35: no clients selected, cancel
[2026-01-12 23:26:01,918][flwr][DEBUG] - fit_round 36: strategy sampled 10 clients (out of 100)
[2026-01-12 23:26:02,110][flwr][DEBUG] - fit_round 36 received 10 results and 0 failures
[2026-01-12 23:26:02,136][flwr][INFO] - fit progress: (36, 78.34918534755707, {'accuracy': 0.2355}, 11.774035874987021)
[2026-01-12 23:26:02,136][flwr][INFO] - evaluate_round 36: no clients selected, cancel
[2026-01-12 23:26:02,136][flwr][DEBUG] - fit_round 37: strategy sampled 10 clients (out of 100)
[2026-01-12 23:26:02,326][flwr][DEBUG] - fit_round 37 received 10 results and 0 failures
[2026-01-12 23:26:02,350][flwr][INFO] - fit progress: (37, 81.13403689861298, {'accuracy': 0.236}, 11.988448957999935)
[2026-01-12 23:26:02,350][flwr][INFO] - evaluate_round 37: no clients selected, cancel
[2026-01-12 23:26:02,351][flwr][DEBUG] - fit_round 38: strategy sampled 10 clients (out of 100)
[2026-01-12 23:26:02,539][flwr][DEBUG] - fit_round 38 received 10 results and 0 failures
[2026-01-12 23:26:02,565][flwr][INFO] - fit progress: (38, 78.60226738452911, {'accuracy': 0.2365}, 12.202877624993562)
[2026-01-12 23:26:02,565][flwr][INFO] - evaluate_round 38: no clients selected, cancel
[2026-01-12 23:26:02,565][flwr][DEBUG] - fit_round 39: strategy sampled 10 clients (out of 100)
[2026-01-12 23:26:02,765][flwr][DEBUG] - fit_round 39 received 10 results and 0 failures
[2026-01-12 23:26:02,792][flwr][INFO] - fit progress: (39, 78.11203229427338, {'accuracy': 0.236}, 12.430150207990664)
[2026-01-12 23:26:02,792][flwr][INFO] - evaluate_round 39: no clients selected, cancel
[2026-01-12 23:26:02,792][flwr][DEBUG] - fit_round 40: strategy sampled 10 clients (out of 100)
[2026-01-12 23:26:02,988][flwr][DEBUG] - fit_round 40 received 10 results and 0 failures
[2026-01-12 23:26:03,012][flwr][INFO] - fit progress: (40, 78.24927318096161, {'accuracy': 0.236}, 12.65081808299874)
[2026-01-12 23:26:03,013][flwr][INFO] - evaluate_round 40: no clients selected, cancel
[2026-01-12 23:26:03,013][flwr][DEBUG] - fit_round 41: strategy sampled 10 clients (out of 100)
[2026-01-12 23:26:03,207][flwr][DEBUG] - fit_round 41 received 10 results and 0 failures
[2026-01-12 23:26:03,231][flwr][INFO] - fit progress: (41, 77.71744012832642, {'accuracy': 0.2305}, 12.869171124999411)
[2026-01-12 23:26:03,231][flwr][INFO] - evaluate_round 41: no clients selected, cancel
[2026-01-12 23:26:03,231][flwr][DEBUG] - fit_round 42: strategy sampled 10 clients (out of 100)
[2026-01-12 23:26:03,420][flwr][DEBUG] - fit_round 42 received 10 results and 0 failures
[2026-01-12 23:26:03,445][flwr][INFO] - fit progress: (42, 78.06589961051941, {'accuracy': 0.227}, 13.083731415987131)
[2026-01-12 23:26:03,446][flwr][INFO] - evaluate_round 42: no clients selected, cancel
[2026-01-12 23:26:03,446][flwr][DEBUG] - fit_round 43: strategy sampled 10 clients (out of 100)
[2026-01-12 23:26:03,646][flwr][DEBUG] - fit_round 43 received 10 results and 0 failures
[2026-01-12 23:26:03,673][flwr][INFO] - fit progress: (43, 77.46987187862396, {'accuracy': 0.229}, 13.310846249994938)
[2026-01-12 23:26:03,673][flwr][INFO] - evaluate_round 43: no clients selected, cancel
[2026-01-12 23:26:03,673][flwr][DEBUG] - fit_round 44: strategy sampled 10 clients (out of 100)
[2026-01-12 23:26:03,863][flwr][DEBUG] - fit_round 44 received 10 results and 0 failures
[2026-01-12 23:26:03,889][flwr][INFO] - fit progress: (44, 76.08518409729004, {'accuracy': 0.2335}, 13.527635832986562)
[2026-01-12 23:26:03,889][flwr][INFO] - evaluate_round 44: no clients selected, cancel
[2026-01-12 23:26:03,890][flwr][DEBUG] - fit_round 45: strategy sampled 10 clients (out of 100)
[2026-01-12 23:26:04,082][flwr][DEBUG] - fit_round 45 received 10 results and 0 failures
[2026-01-12 23:26:04,106][flwr][INFO] - fit progress: (45, 74.62842011451721, {'accuracy': 0.2315}, 13.744173249986488)
[2026-01-12 23:26:04,106][flwr][INFO] - evaluate_round 45: no clients selected, cancel
[2026-01-12 23:26:04,106][flwr][DEBUG] - fit_round 46: strategy sampled 10 clients (out of 100)
[2026-01-12 23:26:04,399][flwr][DEBUG] - fit_round 46 received 10 results and 0 failures
[2026-01-12 23:26:04,423][flwr][INFO] - fit progress: (46, 74.18044459819794, {'accuracy': 0.235}, 14.061663000000408)
[2026-01-12 23:26:04,423][flwr][INFO] - evaluate_round 46: no clients selected, cancel
[2026-01-12 23:26:04,424][flwr][DEBUG] - fit_round 47: strategy sampled 10 clients (out of 100)
[2026-01-12 23:26:04,617][flwr][DEBUG] - fit_round 47 received 10 results and 0 failures
[2026-01-12 23:26:04,642][flwr][INFO] - fit progress: (47, 73.63512146472931, {'accuracy': 0.235}, 14.280074290989432)
[2026-01-12 23:26:04,642][flwr][INFO] - evaluate_round 47: no clients selected, cancel
[2026-01-12 23:26:04,642][flwr][DEBUG] - fit_round 48: strategy sampled 10 clients (out of 100)
[2026-01-12 23:26:04,839][flwr][DEBUG] - fit_round 48 received 10 results and 0 failures
[2026-01-12 23:26:04,863][flwr][INFO] - fit progress: (48, 74.44530463218689, {'accuracy': 0.2365}, 14.501816832998884)
[2026-01-12 23:26:04,864][flwr][INFO] - evaluate_round 48: no clients selected, cancel
[2026-01-12 23:26:04,864][flwr][DEBUG] - fit_round 49: strategy sampled 10 clients (out of 100)
[2026-01-12 23:26:05,053][flwr][DEBUG] - fit_round 49 received 10 results and 0 failures
[2026-01-12 23:26:05,076][flwr][INFO] - fit progress: (49, 75.46384918689728, {'accuracy': 0.236}, 14.7146180409909)
[2026-01-12 23:26:05,076][flwr][INFO] - evaluate_round 49: no clients selected, cancel
[2026-01-12 23:26:05,077][flwr][DEBUG] - fit_round 50: strategy sampled 10 clients (out of 100)
[2026-01-12 23:26:05,269][flwr][DEBUG] - fit_round 50 received 10 results and 0 failures
[2026-01-12 23:26:05,296][flwr][INFO] - fit progress: (50, 74.69950127601624, {'accuracy': 0.2365}, 14.934462124991114)
[2026-01-12 23:26:05,296][flwr][INFO] - evaluate_round 50: no clients selected, cancel
[2026-01-12 23:26:05,296][flwr][INFO] - FL finished in 14.934702415994252
[2026-01-12 23:26:05,297][flwr][INFO] - app_fit: losses_distributed []
[2026-01-12 23:26:05,297][flwr][INFO] - app_fit: metrics_distributed_fit {'c_global_norm': [(1, 6.445548636416791), (2, 15.754302860018722), (3, 11.769484568293457), (4, 14.145566760181646), (5, 7.560227620177312), (6, 16.156089266340885), (7, 4.181339252165105), (8, 12.174858710616721), (9, 3.995897539277509), (10, 4.648916522356302), (11, 5.310024906095435), (12, 4.874291391407657), (13, 8.537472683802116), (14, 6.679905171779515), (15, 5.8156201911939185), (16, 9.874249328679417), (17, 3.4526322286148017), (18, 10.396209431520138), (19, 8.470129524461408), (20, 5.576661486934887), (21, 11.772632975134124), (22, 6.410223593814309), (23, 5.534265504396833), (24, 2.7763533757926577), (25, 4.131335054339364), (26, 5.577279308602452), (27, 7.553098551432018), (28, 1.7296791326991119), (29, 7.182152864967452), (30, 5.4743970965229), (31, 3.6172439748956875), (32, 2.0059541087451724), (33, 4.003068695390812), (34, 12.196420537353132), (35, 11.992912815414083), (36, 4.7270195263204755), (37, 9.166878691527732), (38, 7.82961557810509), (39, 1.5923206869116238), (40, 2.2504006298589703), (41, 3.5059469977137225), (42, 0.907515704173478), (43, 2.342129492323699), (44, 6.864687009780039), (45, 4.798691671556161), (46, 4.0244624137982274), (47, 3.198612981806884), (48, 2.0061451444639196), (49, 3.8695414127121666), (50, 2.350056430725331)], 'num_clients': [(1, 10), (2, 10), (3, 10), (4, 10), (5, 10), (6, 10), (7, 10), (8, 10), (9, 10), (10, 10), (11, 10), (12, 10), (13, 10), (14, 10), (15, 10), (16, 10), (17, 10), (18, 10), (19, 10), (20, 10), (21, 10), (22, 10), (23, 10), (24, 10), (25, 10), (26, 10), (27, 10), (28, 10), (29, 10), (30, 10), (31, 10), (32, 10), (33, 10), (34, 10), (35, 10), (36, 10), (37, 10), (38, 10), (39, 10), (40, 10), (41, 10), (42, 10), (43, 10), (44, 10), (45, 10), (46, 10), (47, 10), (48, 10), (49, 10), (50, 10)]}
[2026-01-12 23:26:05,297][flwr][INFO] - app_fit: metrics_distributed {}
[2026-01-12 23:26:05,297][flwr][INFO] - app_fit: losses_centralized [(0, 71.80140054225922), (1, 70.06426191329956), (2, 73.8518797159195), (3, 70.89688372612), (4, 74.55313324928284), (5, 72.84325015544891), (6, 77.20107936859131), (7, 76.23750472068787), (8, 79.90639841556549), (9, 78.68496823310852), (10, 79.62366783618927), (11, 79.10158801078796), (12, 79.76564049720764), (13, 78.40345549583435), (14, 78.29736530780792), (15, 78.37929260730743), (16, 80.71874666213989), (17, 81.1559784412384), (18, 78.85979402065277), (19, 77.51870286464691), (20, 79.21437418460846), (21, 75.57772314548492), (22, 75.2563670873642), (23, 77.05433225631714), (24, 76.77639615535736), (25, 77.64774084091187), (26, 75.89783096313477), (27, 77.60415124893188), (28, 77.9768134355545), (29, 78.61544167995453), (30, 79.741739153862), (31, 80.1083220243454), (32, 80.16293835639954), (33, 78.8487046957016), (34, 75.20291709899902), (35, 78.71862185001373), (36, 78.34918534755707), (37, 81.13403689861298), (38, 78.60226738452911), (39, 78.11203229427338), (40, 78.24927318096161), (41, 77.71744012832642), (42, 78.06589961051941), (43, 77.46987187862396), (44, 76.08518409729004), (45, 74.62842011451721), (46, 74.18044459819794), (47, 73.63512146472931), (48, 74.44530463218689), (49, 75.46384918689728), (50, 74.69950127601624)]
[2026-01-12 23:26:05,297][flwr][INFO] - app_fit: metrics_centralized {'accuracy': [(0, 0.238), (1, 0.2345), (2, 0.2385), (3, 0.2385), (4, 0.238), (5, 0.238), (6, 0.238), (7, 0.238), (8, 0.236), (9, 0.238), (10, 0.236), (11, 0.2385), (12, 0.236), (13, 0.241), (14, 0.2375), (15, 0.2405), (16, 0.236), (17, 0.2375), (18, 0.232), (19, 0.238), (20, 0.2375), (21, 0.2385), (22, 0.2405), (23, 0.24), (24, 0.238), (25, 0.2375), (26, 0.2385), (27, 0.24), (28, 0.241), (29, 0.236), (30, 0.2375), (31, 0.2375), (32, 0.238), (33, 0.2375), (34, 0.2365), (35, 0.2365), (36, 0.2355), (37, 0.236), (38, 0.2365), (39, 0.236), (40, 0.236), (41, 0.2305), (42, 0.227), (43, 0.229), (44, 0.2335), (45, 0.2315), (46, 0.235), (47, 0.235), (48, 0.2365), (49, 0.236), (50, 0.2365)]}
