[2026-01-11 11:31:04,193][flwr][INFO] - Starting Flower simulation, config: ServerConfig(num_rounds=50, round_timeout=None)
[2026-01-11 11:31:09,150][flwr][INFO] - Flower VCE: Ray initialized with resources: {'CPU': 10.0, 'node:127.0.0.1': 1.0, 'memory': 11725139968.0, 'object_store_memory': 2147483648.0}
[2026-01-11 11:31:09,151][flwr][INFO] - Initializing global parameters
[2026-01-11 11:31:09,151][flwr][INFO] - Using initial parameters provided by strategy
[2026-01-11 11:31:09,151][flwr][INFO] - Evaluating initial parameters
[2026-01-11 11:31:09,214][flwr][INFO] - initial parameters (loss, other metrics): 68.07474291324615, {'accuracy': 0.507}
[2026-01-11 11:31:09,214][flwr][INFO] - FL starting
[2026-01-11 11:31:09,214][flwr][DEBUG] - fit_round 1: strategy sampled 100 clients (out of 100)
[2026-01-11 11:31:14,235][flwr][DEBUG] - fit_round 1 received 100 results and 0 failures
[2026-01-11 11:31:14,267][flwr][WARNING] - No fit_metrics_aggregation_fn provided
[2026-01-11 11:31:14,297][flwr][INFO] - fit progress: (1, 64.25132620334625, {'accuracy': 0.507}, 5.08281658400665)
[2026-01-11 11:31:14,297][flwr][DEBUG] - evaluate_round 1: strategy sampled 100 clients (out of 100)
[2026-01-11 11:31:14,738][flwr][DEBUG] - evaluate_round 1 received 100 results and 0 failures
[2026-01-11 11:31:14,738][flwr][WARNING] - No evaluate_metrics_aggregation_fn provided
[2026-01-11 11:31:14,738][flwr][DEBUG] - fit_round 2: strategy sampled 100 clients (out of 100)
[2026-01-11 11:31:15,644][flwr][DEBUG] - fit_round 2 received 100 results and 0 failures
[2026-01-11 11:31:15,697][flwr][INFO] - fit progress: (2, 55.63652187585831, {'accuracy': 0.5785}, 6.483018416998675)
[2026-01-11 11:31:15,697][flwr][DEBUG] - evaluate_round 2: strategy sampled 100 clients (out of 100)
[2026-01-11 11:31:16,073][flwr][DEBUG] - evaluate_round 2 received 100 results and 0 failures
[2026-01-11 11:31:16,074][flwr][DEBUG] - fit_round 3: strategy sampled 100 clients (out of 100)
[2026-01-11 11:31:16,917][flwr][DEBUG] - fit_round 3 received 100 results and 0 failures
[2026-01-11 11:31:16,968][flwr][INFO] - fit progress: (3, 50.59732735157013, {'accuracy': 0.6005}, 7.75430608401075)
[2026-01-11 11:31:16,969][flwr][DEBUG] - evaluate_round 3: strategy sampled 100 clients (out of 100)
[2026-01-11 11:31:17,351][flwr][DEBUG] - evaluate_round 3 received 100 results and 0 failures
[2026-01-11 11:31:17,351][flwr][DEBUG] - fit_round 4: strategy sampled 100 clients (out of 100)
[2026-01-11 11:31:18,237][flwr][DEBUG] - fit_round 4 received 100 results and 0 failures
[2026-01-11 11:31:18,291][flwr][INFO] - fit progress: (4, 48.55090582370758, {'accuracy': 0.6045}, 9.077423542010365)
[2026-01-11 11:31:18,292][flwr][DEBUG] - evaluate_round 4: strategy sampled 100 clients (out of 100)
[2026-01-11 11:31:18,665][flwr][DEBUG] - evaluate_round 4 received 100 results and 0 failures
[2026-01-11 11:31:18,665][flwr][DEBUG] - fit_round 5: strategy sampled 100 clients (out of 100)
[2026-01-11 11:31:19,499][flwr][DEBUG] - fit_round 5 received 100 results and 0 failures
[2026-01-11 11:31:19,550][flwr][INFO] - fit progress: (5, 47.06363579630852, {'accuracy': 0.606}, 10.336063624999952)
[2026-01-11 11:31:19,550][flwr][DEBUG] - evaluate_round 5: strategy sampled 100 clients (out of 100)
[2026-01-11 11:31:19,916][flwr][DEBUG] - evaluate_round 5 received 100 results and 0 failures
[2026-01-11 11:31:19,917][flwr][DEBUG] - fit_round 6: strategy sampled 100 clients (out of 100)
[2026-01-11 11:31:20,730][flwr][DEBUG] - fit_round 6 received 100 results and 0 failures
[2026-01-11 11:31:20,781][flwr][INFO] - fit progress: (6, 46.109588116407394, {'accuracy': 0.607}, 11.566821000000346)
[2026-01-11 11:31:20,781][flwr][DEBUG] - evaluate_round 6: strategy sampled 100 clients (out of 100)
[2026-01-11 11:31:21,146][flwr][DEBUG] - evaluate_round 6 received 100 results and 0 failures
[2026-01-11 11:31:21,146][flwr][DEBUG] - fit_round 7: strategy sampled 100 clients (out of 100)
[2026-01-11 11:31:21,962][flwr][DEBUG] - fit_round 7 received 100 results and 0 failures
[2026-01-11 11:31:22,013][flwr][INFO] - fit progress: (7, 45.56810650229454, {'accuracy': 0.606}, 12.798825959005626)
[2026-01-11 11:31:22,013][flwr][DEBUG] - evaluate_round 7: strategy sampled 100 clients (out of 100)
[2026-01-11 11:31:22,379][flwr][DEBUG] - evaluate_round 7 received 100 results and 0 failures
[2026-01-11 11:31:22,380][flwr][DEBUG] - fit_round 8: strategy sampled 100 clients (out of 100)
[2026-01-11 11:31:23,184][flwr][DEBUG] - fit_round 8 received 100 results and 0 failures
[2026-01-11 11:31:23,238][flwr][INFO] - fit progress: (8, 44.98844933509827, {'accuracy': 0.608}, 14.024092084000586)
[2026-01-11 11:31:23,238][flwr][DEBUG] - evaluate_round 8: strategy sampled 100 clients (out of 100)
[2026-01-11 11:31:23,602][flwr][DEBUG] - evaluate_round 8 received 100 results and 0 failures
[2026-01-11 11:31:23,603][flwr][DEBUG] - fit_round 9: strategy sampled 100 clients (out of 100)
[2026-01-11 11:31:24,449][flwr][DEBUG] - fit_round 9 received 100 results and 0 failures
[2026-01-11 11:31:24,499][flwr][INFO] - fit progress: (9, 44.6874905526638, {'accuracy': 0.605}, 15.285420375003014)
[2026-01-11 11:31:24,500][flwr][DEBUG] - evaluate_round 9: strategy sampled 100 clients (out of 100)
[2026-01-11 11:31:24,857][flwr][DEBUG] - evaluate_round 9 received 100 results and 0 failures
[2026-01-11 11:31:24,857][flwr][DEBUG] - fit_round 10: strategy sampled 100 clients (out of 100)
[2026-01-11 11:31:25,673][flwr][DEBUG] - fit_round 10 received 100 results and 0 failures
[2026-01-11 11:31:25,724][flwr][INFO] - fit progress: (10, 44.40881887078285, {'accuracy': 0.6065}, 16.509602584003005)
[2026-01-11 11:31:25,724][flwr][DEBUG] - evaluate_round 10: strategy sampled 100 clients (out of 100)
[2026-01-11 11:31:26,100][flwr][DEBUG] - evaluate_round 10 received 100 results and 0 failures
[2026-01-11 11:31:26,101][flwr][DEBUG] - fit_round 11: strategy sampled 100 clients (out of 100)
[2026-01-11 11:31:26,888][flwr][DEBUG] - fit_round 11 received 100 results and 0 failures
[2026-01-11 11:31:26,939][flwr][INFO] - fit progress: (11, 44.30070459842682, {'accuracy': 0.608}, 17.725237000006018)
[2026-01-11 11:31:26,940][flwr][DEBUG] - evaluate_round 11: strategy sampled 100 clients (out of 100)
[2026-01-11 11:31:27,302][flwr][DEBUG] - evaluate_round 11 received 100 results and 0 failures
[2026-01-11 11:31:27,303][flwr][DEBUG] - fit_round 12: strategy sampled 100 clients (out of 100)
[2026-01-11 11:31:28,176][flwr][DEBUG] - fit_round 12 received 100 results and 0 failures
[2026-01-11 11:31:28,228][flwr][INFO] - fit progress: (12, 44.06276658177376, {'accuracy': 0.6085}, 19.01375054199889)
[2026-01-11 11:31:28,228][flwr][DEBUG] - evaluate_round 12: strategy sampled 100 clients (out of 100)
[2026-01-11 11:31:28,597][flwr][DEBUG] - evaluate_round 12 received 100 results and 0 failures
[2026-01-11 11:31:28,598][flwr][DEBUG] - fit_round 13: strategy sampled 100 clients (out of 100)
[2026-01-11 11:31:29,433][flwr][DEBUG] - fit_round 13 received 100 results and 0 failures
[2026-01-11 11:31:29,486][flwr][INFO] - fit progress: (13, 43.87481537461281, {'accuracy': 0.609}, 20.27189037500648)
[2026-01-11 11:31:29,486][flwr][DEBUG] - evaluate_round 13: strategy sampled 100 clients (out of 100)
[2026-01-11 11:31:29,853][flwr][DEBUG] - evaluate_round 13 received 100 results and 0 failures
[2026-01-11 11:31:29,854][flwr][DEBUG] - fit_round 14: strategy sampled 100 clients (out of 100)
[2026-01-11 11:31:30,764][flwr][DEBUG] - fit_round 14 received 100 results and 0 failures
[2026-01-11 11:31:30,821][flwr][INFO] - fit progress: (14, 43.777976870536804, {'accuracy': 0.6095}, 21.60667025001021)
[2026-01-11 11:31:30,821][flwr][DEBUG] - evaluate_round 14: strategy sampled 100 clients (out of 100)
[2026-01-11 11:31:31,197][flwr][DEBUG] - evaluate_round 14 received 100 results and 0 failures
[2026-01-11 11:31:31,198][flwr][DEBUG] - fit_round 15: strategy sampled 100 clients (out of 100)
[2026-01-11 11:31:32,005][flwr][DEBUG] - fit_round 15 received 100 results and 0 failures
[2026-01-11 11:31:32,058][flwr][INFO] - fit progress: (15, 44.03738486766815, {'accuracy': 0.609}, 22.84424229200522)
[2026-01-11 11:31:32,058][flwr][DEBUG] - evaluate_round 15: strategy sampled 100 clients (out of 100)
[2026-01-11 11:31:32,428][flwr][DEBUG] - evaluate_round 15 received 100 results and 0 failures
[2026-01-11 11:31:32,429][flwr][DEBUG] - fit_round 16: strategy sampled 100 clients (out of 100)
[2026-01-11 11:31:33,241][flwr][DEBUG] - fit_round 16 received 100 results and 0 failures
[2026-01-11 11:31:33,293][flwr][INFO] - fit progress: (16, 43.68531087040901, {'accuracy': 0.6125}, 24.07900066699949)
[2026-01-11 11:31:33,293][flwr][DEBUG] - evaluate_round 16: strategy sampled 100 clients (out of 100)
[2026-01-11 11:31:33,651][flwr][DEBUG] - evaluate_round 16 received 100 results and 0 failures
[2026-01-11 11:31:33,651][flwr][DEBUG] - fit_round 17: strategy sampled 100 clients (out of 100)
[2026-01-11 11:31:34,472][flwr][DEBUG] - fit_round 17 received 100 results and 0 failures
[2026-01-11 11:31:34,524][flwr][INFO] - fit progress: (17, 43.545206159353256, {'accuracy': 0.614}, 25.309858000007807)
[2026-01-11 11:31:34,524][flwr][DEBUG] - evaluate_round 17: strategy sampled 100 clients (out of 100)
[2026-01-11 11:31:34,882][flwr][DEBUG] - evaluate_round 17 received 100 results and 0 failures
[2026-01-11 11:31:34,882][flwr][DEBUG] - fit_round 18: strategy sampled 100 clients (out of 100)
[2026-01-11 11:31:35,683][flwr][DEBUG] - fit_round 18 received 100 results and 0 failures
[2026-01-11 11:31:35,736][flwr][INFO] - fit progress: (18, 43.732694029808044, {'accuracy': 0.6135}, 26.52222250000341)
[2026-01-11 11:31:35,736][flwr][DEBUG] - evaluate_round 18: strategy sampled 100 clients (out of 100)
[2026-01-11 11:31:36,101][flwr][DEBUG] - evaluate_round 18 received 100 results and 0 failures
[2026-01-11 11:31:36,102][flwr][DEBUG] - fit_round 19: strategy sampled 100 clients (out of 100)
[2026-01-11 11:31:36,924][flwr][DEBUG] - fit_round 19 received 100 results and 0 failures
[2026-01-11 11:31:36,976][flwr][INFO] - fit progress: (19, 43.737535893917084, {'accuracy': 0.614}, 27.761939584001084)
[2026-01-11 11:31:36,976][flwr][DEBUG] - evaluate_round 19: strategy sampled 100 clients (out of 100)
[2026-01-11 11:31:37,355][flwr][DEBUG] - evaluate_round 19 received 100 results and 0 failures
[2026-01-11 11:31:37,355][flwr][DEBUG] - fit_round 20: strategy sampled 100 clients (out of 100)
[2026-01-11 11:31:38,183][flwr][DEBUG] - fit_round 20 received 100 results and 0 failures
[2026-01-11 11:31:38,234][flwr][INFO] - fit progress: (20, 43.575513273477554, {'accuracy': 0.6145}, 29.020229250003467)
[2026-01-11 11:31:38,234][flwr][DEBUG] - evaluate_round 20: strategy sampled 100 clients (out of 100)
[2026-01-11 11:31:38,668][flwr][DEBUG] - evaluate_round 20 received 100 results and 0 failures
[2026-01-11 11:31:38,668][flwr][DEBUG] - fit_round 21: strategy sampled 100 clients (out of 100)
[2026-01-11 11:31:39,486][flwr][DEBUG] - fit_round 21 received 100 results and 0 failures
[2026-01-11 11:31:39,536][flwr][INFO] - fit progress: (21, 43.869191855192184, {'accuracy': 0.6165}, 30.32216191700718)
[2026-01-11 11:31:39,536][flwr][DEBUG] - evaluate_round 21: strategy sampled 100 clients (out of 100)
[2026-01-11 11:31:39,898][flwr][DEBUG] - evaluate_round 21 received 100 results and 0 failures
[2026-01-11 11:31:39,898][flwr][DEBUG] - fit_round 22: strategy sampled 100 clients (out of 100)
[2026-01-11 11:31:40,711][flwr][DEBUG] - fit_round 22 received 100 results and 0 failures
[2026-01-11 11:31:40,762][flwr][INFO] - fit progress: (22, 43.574806451797485, {'accuracy': 0.6165}, 31.547610292007448)
[2026-01-11 11:31:40,762][flwr][DEBUG] - evaluate_round 22: strategy sampled 100 clients (out of 100)
[2026-01-11 11:31:41,153][flwr][DEBUG] - evaluate_round 22 received 100 results and 0 failures
[2026-01-11 11:31:41,154][flwr][DEBUG] - fit_round 23: strategy sampled 100 clients (out of 100)
[2026-01-11 11:31:41,963][flwr][DEBUG] - fit_round 23 received 100 results and 0 failures
[2026-01-11 11:31:42,016][flwr][INFO] - fit progress: (23, 43.57025194168091, {'accuracy': 0.6165}, 32.80162208400725)
[2026-01-11 11:31:42,016][flwr][DEBUG] - evaluate_round 23: strategy sampled 100 clients (out of 100)
[2026-01-11 11:31:42,382][flwr][DEBUG] - evaluate_round 23 received 100 results and 0 failures
[2026-01-11 11:31:42,382][flwr][DEBUG] - fit_round 24: strategy sampled 100 clients (out of 100)
[2026-01-11 11:31:43,247][flwr][DEBUG] - fit_round 24 received 100 results and 0 failures
[2026-01-11 11:31:43,406][flwr][INFO] - fit progress: (24, 43.6847825050354, {'accuracy': 0.616}, 34.19193354200979)
[2026-01-11 11:31:43,406][flwr][DEBUG] - evaluate_round 24: strategy sampled 100 clients (out of 100)
[2026-01-11 11:31:43,818][flwr][DEBUG] - evaluate_round 24 received 100 results and 0 failures
[2026-01-11 11:31:43,819][flwr][DEBUG] - fit_round 25: strategy sampled 100 clients (out of 100)
[2026-01-11 11:31:44,661][flwr][DEBUG] - fit_round 25 received 100 results and 0 failures
[2026-01-11 11:31:44,712][flwr][INFO] - fit progress: (25, 43.62606984376907, {'accuracy': 0.616}, 35.49849454200012)
[2026-01-11 11:31:44,713][flwr][DEBUG] - evaluate_round 25: strategy sampled 100 clients (out of 100)
[2026-01-11 11:31:45,071][flwr][DEBUG] - evaluate_round 25 received 100 results and 0 failures
[2026-01-11 11:31:45,072][flwr][DEBUG] - fit_round 26: strategy sampled 100 clients (out of 100)
[2026-01-11 11:31:45,900][flwr][DEBUG] - fit_round 26 received 100 results and 0 failures
[2026-01-11 11:31:45,950][flwr][INFO] - fit progress: (26, 43.649992287158966, {'accuracy': 0.616}, 36.736010084001464)
[2026-01-11 11:31:45,950][flwr][DEBUG] - evaluate_round 26: strategy sampled 100 clients (out of 100)
[2026-01-11 11:31:46,363][flwr][DEBUG] - evaluate_round 26 received 100 results and 0 failures
[2026-01-11 11:31:46,363][flwr][DEBUG] - fit_round 27: strategy sampled 100 clients (out of 100)
[2026-01-11 11:31:47,179][flwr][DEBUG] - fit_round 27 received 100 results and 0 failures
[2026-01-11 11:31:47,229][flwr][INFO] - fit progress: (27, 43.82336902618408, {'accuracy': 0.616}, 38.015423292003106)
[2026-01-11 11:31:47,230][flwr][DEBUG] - evaluate_round 27: strategy sampled 100 clients (out of 100)
[2026-01-11 11:31:47,641][flwr][DEBUG] - evaluate_round 27 received 100 results and 0 failures
[2026-01-11 11:31:47,641][flwr][DEBUG] - fit_round 28: strategy sampled 100 clients (out of 100)
[2026-01-11 11:31:48,499][flwr][DEBUG] - fit_round 28 received 100 results and 0 failures
[2026-01-11 11:31:48,552][flwr][INFO] - fit progress: (28, 43.672150015830994, {'accuracy': 0.617}, 39.338247959007276)
[2026-01-11 11:31:48,552][flwr][DEBUG] - evaluate_round 28: strategy sampled 100 clients (out of 100)
[2026-01-11 11:31:48,934][flwr][DEBUG] - evaluate_round 28 received 100 results and 0 failures
[2026-01-11 11:31:48,934][flwr][DEBUG] - fit_round 29: strategy sampled 100 clients (out of 100)
[2026-01-11 11:31:49,760][flwr][DEBUG] - fit_round 29 received 100 results and 0 failures
[2026-01-11 11:31:49,811][flwr][INFO] - fit progress: (29, 43.835239231586456, {'accuracy': 0.613}, 40.59726083400892)
[2026-01-11 11:31:49,811][flwr][DEBUG] - evaluate_round 29: strategy sampled 100 clients (out of 100)
[2026-01-11 11:31:50,174][flwr][DEBUG] - evaluate_round 29 received 100 results and 0 failures
[2026-01-11 11:31:50,175][flwr][DEBUG] - fit_round 30: strategy sampled 100 clients (out of 100)
[2026-01-11 11:31:50,990][flwr][DEBUG] - fit_round 30 received 100 results and 0 failures
[2026-01-11 11:31:51,042][flwr][INFO] - fit progress: (30, 43.533961713314056, {'accuracy': 0.616}, 41.82827479200205)
[2026-01-11 11:31:51,043][flwr][DEBUG] - evaluate_round 30: strategy sampled 100 clients (out of 100)
[2026-01-11 11:31:51,410][flwr][DEBUG] - evaluate_round 30 received 100 results and 0 failures
[2026-01-11 11:31:51,411][flwr][DEBUG] - fit_round 31: strategy sampled 100 clients (out of 100)
[2026-01-11 11:31:52,227][flwr][DEBUG] - fit_round 31 received 100 results and 0 failures
[2026-01-11 11:31:52,279][flwr][INFO] - fit progress: (31, 43.681485533714294, {'accuracy': 0.611}, 43.065069542004494)
[2026-01-11 11:31:52,279][flwr][DEBUG] - evaluate_round 31: strategy sampled 100 clients (out of 100)
[2026-01-11 11:31:52,653][flwr][DEBUG] - evaluate_round 31 received 100 results and 0 failures
[2026-01-11 11:31:52,654][flwr][DEBUG] - fit_round 32: strategy sampled 100 clients (out of 100)
[2026-01-11 11:31:53,533][flwr][DEBUG] - fit_round 32 received 100 results and 0 failures
[2026-01-11 11:31:53,590][flwr][INFO] - fit progress: (32, 43.791922867298126, {'accuracy': 0.6145}, 44.375665875006234)
[2026-01-11 11:31:53,590][flwr][DEBUG] - evaluate_round 32: strategy sampled 100 clients (out of 100)
[2026-01-11 11:31:53,957][flwr][DEBUG] - evaluate_round 32 received 100 results and 0 failures
[2026-01-11 11:31:53,957][flwr][DEBUG] - fit_round 33: strategy sampled 100 clients (out of 100)
[2026-01-11 11:31:54,776][flwr][DEBUG] - fit_round 33 received 100 results and 0 failures
[2026-01-11 11:31:54,826][flwr][INFO] - fit progress: (33, 43.67907363176346, {'accuracy': 0.616}, 45.61237066700414)
[2026-01-11 11:31:54,827][flwr][DEBUG] - evaluate_round 33: strategy sampled 100 clients (out of 100)
[2026-01-11 11:31:55,195][flwr][DEBUG] - evaluate_round 33 received 100 results and 0 failures
[2026-01-11 11:31:55,196][flwr][DEBUG] - fit_round 34: strategy sampled 100 clients (out of 100)
[2026-01-11 11:31:56,014][flwr][DEBUG] - fit_round 34 received 100 results and 0 failures
[2026-01-11 11:31:56,066][flwr][INFO] - fit progress: (34, 43.66795742511749, {'accuracy': 0.614}, 46.852107334008906)
[2026-01-11 11:31:56,066][flwr][DEBUG] - evaluate_round 34: strategy sampled 100 clients (out of 100)
[2026-01-11 11:31:56,432][flwr][DEBUG] - evaluate_round 34 received 100 results and 0 failures
[2026-01-11 11:31:56,432][flwr][DEBUG] - fit_round 35: strategy sampled 100 clients (out of 100)
[2026-01-11 11:31:57,248][flwr][DEBUG] - fit_round 35 received 100 results and 0 failures
[2026-01-11 11:31:57,299][flwr][INFO] - fit progress: (35, 43.88546085357666, {'accuracy': 0.617}, 48.08471079199808)
[2026-01-11 11:31:57,299][flwr][DEBUG] - evaluate_round 35: strategy sampled 100 clients (out of 100)
[2026-01-11 11:31:57,660][flwr][DEBUG] - evaluate_round 35 received 100 results and 0 failures
[2026-01-11 11:31:57,660][flwr][DEBUG] - fit_round 36: strategy sampled 100 clients (out of 100)
[2026-01-11 11:31:58,623][flwr][DEBUG] - fit_round 36 received 100 results and 0 failures
[2026-01-11 11:31:58,676][flwr][INFO] - fit progress: (36, 43.686813056468964, {'accuracy': 0.6165}, 49.46221520900144)
[2026-01-11 11:31:58,676][flwr][DEBUG] - evaluate_round 36: strategy sampled 100 clients (out of 100)
[2026-01-11 11:31:59,042][flwr][DEBUG] - evaluate_round 36 received 100 results and 0 failures
[2026-01-11 11:31:59,043][flwr][DEBUG] - fit_round 37: strategy sampled 100 clients (out of 100)
[2026-01-11 11:31:59,867][flwr][DEBUG] - fit_round 37 received 100 results and 0 failures
[2026-01-11 11:31:59,917][flwr][INFO] - fit progress: (37, 43.83084923028946, {'accuracy': 0.6065}, 50.70345283400093)
[2026-01-11 11:31:59,918][flwr][DEBUG] - evaluate_round 37: strategy sampled 100 clients (out of 100)
[2026-01-11 11:32:00,284][flwr][DEBUG] - evaluate_round 37 received 100 results and 0 failures
[2026-01-11 11:32:00,284][flwr][DEBUG] - fit_round 38: strategy sampled 100 clients (out of 100)
[2026-01-11 11:32:01,123][flwr][DEBUG] - fit_round 38 received 100 results and 0 failures
[2026-01-11 11:32:01,315][flwr][INFO] - fit progress: (38, 43.83993649482727, {'accuracy': 0.612}, 52.100583792009274)
[2026-01-11 11:32:01,315][flwr][DEBUG] - evaluate_round 38: strategy sampled 100 clients (out of 100)
[2026-01-11 11:32:01,794][flwr][DEBUG] - evaluate_round 38 received 100 results and 0 failures
[2026-01-11 11:32:01,794][flwr][DEBUG] - fit_round 39: strategy sampled 100 clients (out of 100)
[2026-01-11 11:32:02,732][flwr][DEBUG] - fit_round 39 received 100 results and 0 failures
[2026-01-11 11:32:02,786][flwr][INFO] - fit progress: (39, 43.84520614147186, {'accuracy': 0.611}, 53.57237920899934)
[2026-01-11 11:32:02,787][flwr][DEBUG] - evaluate_round 39: strategy sampled 100 clients (out of 100)
[2026-01-11 11:32:03,299][flwr][DEBUG] - evaluate_round 39 received 100 results and 0 failures
[2026-01-11 11:32:03,299][flwr][DEBUG] - fit_round 40: strategy sampled 100 clients (out of 100)
[2026-01-11 11:32:04,354][flwr][DEBUG] - fit_round 40 received 100 results and 0 failures
[2026-01-11 11:32:04,418][flwr][INFO] - fit progress: (40, 43.85783672332764, {'accuracy': 0.604}, 55.20421841699863)
[2026-01-11 11:32:04,418][flwr][DEBUG] - evaluate_round 40: strategy sampled 100 clients (out of 100)
[2026-01-11 11:32:04,915][flwr][DEBUG] - evaluate_round 40 received 100 results and 0 failures
[2026-01-11 11:32:04,916][flwr][DEBUG] - fit_round 41: strategy sampled 100 clients (out of 100)
[2026-01-11 11:32:05,835][flwr][DEBUG] - fit_round 41 received 100 results and 0 failures
[2026-01-11 11:32:05,892][flwr][INFO] - fit progress: (41, 43.7196506857872, {'accuracy': 0.6145}, 56.67845070900512)
[2026-01-11 11:32:05,893][flwr][DEBUG] - evaluate_round 41: strategy sampled 100 clients (out of 100)
[2026-01-11 11:32:06,302][flwr][DEBUG] - evaluate_round 41 received 100 results and 0 failures
[2026-01-11 11:32:06,303][flwr][DEBUG] - fit_round 42: strategy sampled 100 clients (out of 100)
[2026-01-11 11:32:07,173][flwr][DEBUG] - fit_round 42 received 100 results and 0 failures
[2026-01-11 11:32:07,232][flwr][INFO] - fit progress: (42, 43.61207401752472, {'accuracy': 0.6165}, 58.017548750009155)
[2026-01-11 11:32:07,232][flwr][DEBUG] - evaluate_round 42: strategy sampled 100 clients (out of 100)
[2026-01-11 11:32:07,634][flwr][DEBUG] - evaluate_round 42 received 100 results and 0 failures
[2026-01-11 11:32:07,634][flwr][DEBUG] - fit_round 43: strategy sampled 100 clients (out of 100)
[2026-01-11 11:32:08,486][flwr][DEBUG] - fit_round 43 received 100 results and 0 failures
[2026-01-11 11:32:08,541][flwr][INFO] - fit progress: (43, 43.37795847654343, {'accuracy': 0.6145}, 59.32686987500347)
[2026-01-11 11:32:08,541][flwr][DEBUG] - evaluate_round 43: strategy sampled 100 clients (out of 100)
[2026-01-11 11:32:08,915][flwr][DEBUG] - evaluate_round 43 received 100 results and 0 failures
[2026-01-11 11:32:08,915][flwr][DEBUG] - fit_round 44: strategy sampled 100 clients (out of 100)
[2026-01-11 11:32:09,742][flwr][DEBUG] - fit_round 44 received 100 results and 0 failures
[2026-01-11 11:32:09,794][flwr][INFO] - fit progress: (44, 43.81281119585037, {'accuracy': 0.6065}, 60.579937000002246)
[2026-01-11 11:32:09,794][flwr][DEBUG] - evaluate_round 44: strategy sampled 100 clients (out of 100)
[2026-01-11 11:32:10,165][flwr][DEBUG] - evaluate_round 44 received 100 results and 0 failures
[2026-01-11 11:32:10,165][flwr][DEBUG] - fit_round 45: strategy sampled 100 clients (out of 100)
[2026-01-11 11:32:11,048][flwr][DEBUG] - fit_round 45 received 100 results and 0 failures
[2026-01-11 11:32:11,099][flwr][INFO] - fit progress: (45, 43.53124350309372, {'accuracy': 0.613}, 61.88506333400437)
[2026-01-11 11:32:11,099][flwr][DEBUG] - evaluate_round 45: strategy sampled 100 clients (out of 100)
[2026-01-11 11:32:11,485][flwr][DEBUG] - evaluate_round 45 received 100 results and 0 failures
[2026-01-11 11:32:11,486][flwr][DEBUG] - fit_round 46: strategy sampled 100 clients (out of 100)
[2026-01-11 11:32:12,478][flwr][DEBUG] - fit_round 46 received 100 results and 0 failures
[2026-01-11 11:32:12,528][flwr][INFO] - fit progress: (46, 43.74954181909561, {'accuracy': 0.6125}, 63.31429079199734)
[2026-01-11 11:32:12,528][flwr][DEBUG] - evaluate_round 46: strategy sampled 100 clients (out of 100)
[2026-01-11 11:32:12,903][flwr][DEBUG] - evaluate_round 46 received 100 results and 0 failures
[2026-01-11 11:32:12,904][flwr][DEBUG] - fit_round 47: strategy sampled 100 clients (out of 100)
[2026-01-11 11:32:13,809][flwr][DEBUG] - fit_round 47 received 100 results and 0 failures
[2026-01-11 11:32:13,861][flwr][INFO] - fit progress: (47, 43.694812178611755, {'accuracy': 0.6125}, 64.64656808400468)
[2026-01-11 11:32:13,861][flwr][DEBUG] - evaluate_round 47: strategy sampled 100 clients (out of 100)
[2026-01-11 11:32:14,247][flwr][DEBUG] - evaluate_round 47 received 100 results and 0 failures
[2026-01-11 11:32:14,248][flwr][DEBUG] - fit_round 48: strategy sampled 100 clients (out of 100)
[2026-01-11 11:32:15,088][flwr][DEBUG] - fit_round 48 received 100 results and 0 failures
[2026-01-11 11:32:15,141][flwr][INFO] - fit progress: (48, 43.749565839767456, {'accuracy': 0.613}, 65.92734645900782)
[2026-01-11 11:32:15,142][flwr][DEBUG] - evaluate_round 48: strategy sampled 100 clients (out of 100)
[2026-01-11 11:32:15,539][flwr][DEBUG] - evaluate_round 48 received 100 results and 0 failures
[2026-01-11 11:32:15,540][flwr][DEBUG] - fit_round 49: strategy sampled 100 clients (out of 100)
[2026-01-11 11:32:16,410][flwr][DEBUG] - fit_round 49 received 100 results and 0 failures
[2026-01-11 11:32:16,462][flwr][INFO] - fit progress: (49, 43.618444323539734, {'accuracy': 0.6105}, 67.24840620900795)
[2026-01-11 11:32:16,463][flwr][DEBUG] - evaluate_round 49: strategy sampled 100 clients (out of 100)
[2026-01-11 11:32:16,820][flwr][DEBUG] - evaluate_round 49 received 100 results and 0 failures
[2026-01-11 11:32:16,821][flwr][DEBUG] - fit_round 50: strategy sampled 100 clients (out of 100)
[2026-01-11 11:32:17,780][flwr][DEBUG] - fit_round 50 received 100 results and 0 failures
[2026-01-11 11:32:17,832][flwr][INFO] - fit progress: (50, 43.43168115615845, {'accuracy': 0.6085}, 68.61764170900278)
[2026-01-11 11:32:17,832][flwr][DEBUG] - evaluate_round 50: strategy sampled 100 clients (out of 100)
[2026-01-11 11:32:18,312][flwr][DEBUG] - evaluate_round 50 received 100 results and 0 failures
[2026-01-11 11:32:18,313][flwr][INFO] - FL finished in 69.09866141701059
[2026-01-11 11:32:18,313][flwr][INFO] - app_fit: losses_distributed [(1, 1.0274371583781823), (2, 0.8891032359332898), (3, 0.8100006446428809), (4, 0.7776418469159676), (5, 0.7536948628562573), (6, 0.7384092955086147), (7, 0.7298849039245927), (8, 0.7205068656032538), (9, 0.7161849635961519), (10, 0.7118676384493489), (11, 0.7104910019958928), (12, 0.7069024245791875), (13, 0.7039592765500521), (14, 0.7026176751846611), (15, 0.7071675974388307), (16, 0.7013124840183605), (17, 0.6991581983601545), (18, 0.7023332185441452), (19, 0.7025227520246148), (20, 0.6997603794413622), (21, 0.70514098899831), (22, 0.7001750262388462), (23, 0.7003315651240474), (24, 0.702299031839029), (25, 0.7014022948086872), (26, 0.7019977483461877), (27, 0.7051210425819553), (28, 0.70274920025851), (29, 0.7055128632924934), (30, 0.7006366883019945), (31, 0.7029163909819617), (32, 0.7051378321729016), (33, 0.7034636763209504), (34, 0.7031909216013107), (35, 0.7072987877027438), (36, 0.7038769615693304), (37, 0.7061087189579173), (38, 0.7065436881421233), (39, 0.7069152936051187), (40, 0.706823127109036), (41, 0.7050633123981532), (42, 0.7031328457580356), (43, 0.6990220917301916), (44, 0.7061999266431057), (45, 0.7014825323064715), (46, 0.7053436581151342), (47, 0.7044197157177908), (48, 0.7055354856285219), (49, 0.7034219859403148), (50, 0.7001167481534174)]
[2026-01-11 11:32:18,313][flwr][INFO] - app_fit: metrics_distributed_fit {}
[2026-01-11 11:32:18,313][flwr][INFO] - app_fit: metrics_distributed {}
[2026-01-11 11:32:18,313][flwr][INFO] - app_fit: losses_centralized [(0, 68.07474291324615), (1, 64.25132620334625), (2, 55.63652187585831), (3, 50.59732735157013), (4, 48.55090582370758), (5, 47.06363579630852), (6, 46.109588116407394), (7, 45.56810650229454), (8, 44.98844933509827), (9, 44.6874905526638), (10, 44.40881887078285), (11, 44.30070459842682), (12, 44.06276658177376), (13, 43.87481537461281), (14, 43.777976870536804), (15, 44.03738486766815), (16, 43.68531087040901), (17, 43.545206159353256), (18, 43.732694029808044), (19, 43.737535893917084), (20, 43.575513273477554), (21, 43.869191855192184), (22, 43.574806451797485), (23, 43.57025194168091), (24, 43.6847825050354), (25, 43.62606984376907), (26, 43.649992287158966), (27, 43.82336902618408), (28, 43.672150015830994), (29, 43.835239231586456), (30, 43.533961713314056), (31, 43.681485533714294), (32, 43.791922867298126), (33, 43.67907363176346), (34, 43.66795742511749), (35, 43.88546085357666), (36, 43.686813056468964), (37, 43.83084923028946), (38, 43.83993649482727), (39, 43.84520614147186), (40, 43.85783672332764), (41, 43.7196506857872), (42, 43.61207401752472), (43, 43.37795847654343), (44, 43.81281119585037), (45, 43.53124350309372), (46, 43.74954181909561), (47, 43.694812178611755), (48, 43.749565839767456), (49, 43.618444323539734), (50, 43.43168115615845)]
[2026-01-11 11:32:18,313][flwr][INFO] - app_fit: metrics_centralized {'accuracy': [(0, 0.507), (1, 0.507), (2, 0.5785), (3, 0.6005), (4, 0.6045), (5, 0.606), (6, 0.607), (7, 0.606), (8, 0.608), (9, 0.605), (10, 0.6065), (11, 0.608), (12, 0.6085), (13, 0.609), (14, 0.6095), (15, 0.609), (16, 0.6125), (17, 0.614), (18, 0.6135), (19, 0.614), (20, 0.6145), (21, 0.6165), (22, 0.6165), (23, 0.6165), (24, 0.616), (25, 0.616), (26, 0.616), (27, 0.616), (28, 0.617), (29, 0.613), (30, 0.616), (31, 0.611), (32, 0.6145), (33, 0.616), (34, 0.614), (35, 0.617), (36, 0.6165), (37, 0.6065), (38, 0.612), (39, 0.611), (40, 0.604), (41, 0.6145), (42, 0.6165), (43, 0.6145), (44, 0.6065), (45, 0.613), (46, 0.6125), (47, 0.6125), (48, 0.613), (49, 0.6105), (50, 0.6085)]}
[2026-01-11 11:32:18,352][flwr][INFO] - Starting Flower simulation, config: ServerConfig(num_rounds=50, round_timeout=None)
[2026-01-11 11:32:25,661][flwr][INFO] - Flower VCE: Ray initialized with resources: {'object_store_memory': 2147483648.0, 'node:127.0.0.1': 1.0, 'memory': 12452831642.0, 'CPU': 10.0}
[2026-01-11 11:32:25,662][flwr][INFO] - Initializing global parameters
[2026-01-11 11:32:25,662][flwr][INFO] - Using initial parameters provided by strategy
[2026-01-11 11:32:25,662][flwr][INFO] - Evaluating initial parameters
[2026-01-11 11:32:25,686][flwr][INFO] - initial parameters (loss, other metrics): 67.88411092758179, {'accuracy': 0.3585, 'adaptive_mu': 0.001}
[2026-01-11 11:32:25,686][flwr][INFO] - FL starting
[2026-01-11 11:32:25,687][flwr][DEBUG] - fit_round 1: strategy sampled 100 clients (out of 100)
[2026-01-11 11:32:30,859][flwr][DEBUG] - fit_round 1 received 100 results and 0 failures
[2026-01-11 11:32:30,891][flwr][WARNING] - No fit_metrics_aggregation_fn provided
[2026-01-11 11:32:30,943][flwr][INFO] - fit progress: (1, 63.38363724946976, {'accuracy': 0.5105, 'adaptive_mu': 0.001}, 5.256714125003782)
[2026-01-11 11:32:30,943][flwr][DEBUG] - evaluate_round 1: strategy sampled 100 clients (out of 100)
[2026-01-11 11:32:31,334][flwr][DEBUG] - evaluate_round 1 received 100 results and 0 failures
[2026-01-11 11:32:31,334][flwr][WARNING] - No evaluate_metrics_aggregation_fn provided
[2026-01-11 11:32:31,334][flwr][DEBUG] - fit_round 2: strategy sampled 100 clients (out of 100)
[2026-01-11 11:32:32,639][flwr][DEBUG] - fit_round 2 received 100 results and 0 failures
[2026-01-11 11:32:32,723][flwr][INFO] - fit progress: (2, 57.87947589159012, {'accuracy': 0.5655, 'adaptive_mu': 0.001}, 7.036856375008938)
[2026-01-11 11:32:32,723][flwr][DEBUG] - evaluate_round 2: strategy sampled 100 clients (out of 100)
[2026-01-11 11:32:33,124][flwr][DEBUG] - evaluate_round 2 received 100 results and 0 failures
[2026-01-11 11:32:33,124][flwr][DEBUG] - fit_round 3: strategy sampled 100 clients (out of 100)
[2026-01-11 11:32:34,312][flwr][DEBUG] - fit_round 3 received 100 results and 0 failures
[2026-01-11 11:32:34,395][flwr][INFO] - fit progress: (3, 52.62262052297592, {'accuracy': 0.592, 'adaptive_mu': 0.001}, 8.708769042001222)
[2026-01-11 11:32:34,395][flwr][DEBUG] - evaluate_round 3: strategy sampled 100 clients (out of 100)
[2026-01-11 11:32:34,765][flwr][DEBUG] - evaluate_round 3 received 100 results and 0 failures
[2026-01-11 11:32:34,766][flwr][DEBUG] - fit_round 4: strategy sampled 100 clients (out of 100)
[2026-01-11 11:32:35,936][flwr][DEBUG] - fit_round 4 received 100 results and 0 failures
[2026-01-11 11:32:36,019][flwr][INFO] - fit progress: (4, 49.66786140203476, {'accuracy': 0.596, 'adaptive_mu': 0.001893629007935904}, 10.332757249998394)
[2026-01-11 11:32:36,019][flwr][DEBUG] - evaluate_round 4: strategy sampled 100 clients (out of 100)
[2026-01-11 11:32:36,399][flwr][DEBUG] - evaluate_round 4 received 100 results and 0 failures
[2026-01-11 11:32:36,399][flwr][DEBUG] - fit_round 5: strategy sampled 100 clients (out of 100)
[2026-01-11 11:32:37,624][flwr][DEBUG] - fit_round 5 received 100 results and 0 failures
[2026-01-11 11:32:37,711][flwr][INFO] - fit progress: (5, 47.99441188573837, {'accuracy': 0.6015, 'adaptive_mu': 0.002539660439076482}, 12.02524191699922)
[2026-01-11 11:32:37,712][flwr][DEBUG] - evaluate_round 5: strategy sampled 100 clients (out of 100)
[2026-01-11 11:32:38,099][flwr][DEBUG] - evaluate_round 5 received 100 results and 0 failures
[2026-01-11 11:32:38,100][flwr][DEBUG] - fit_round 6: strategy sampled 100 clients (out of 100)
[2026-01-11 11:32:39,404][flwr][DEBUG] - fit_round 6 received 100 results and 0 failures
[2026-01-11 11:32:39,488][flwr][INFO] - fit progress: (6, 47.012222558259964, {'accuracy': 0.6065, 'adaptive_mu': 0.0029768498566118532}, 13.802201708007487)
[2026-01-11 11:32:39,489][flwr][DEBUG] - evaluate_round 6: strategy sampled 100 clients (out of 100)
[2026-01-11 11:32:39,892][flwr][DEBUG] - evaluate_round 6 received 100 results and 0 failures
[2026-01-11 11:32:39,893][flwr][DEBUG] - fit_round 7: strategy sampled 100 clients (out of 100)
[2026-01-11 11:32:41,092][flwr][DEBUG] - fit_round 7 received 100 results and 0 failures
[2026-01-11 11:32:41,182][flwr][INFO] - fit progress: (7, 46.41302940249443, {'accuracy': 0.6055, 'adaptive_mu': 0.003249440090646669}, 15.496100000003935)
[2026-01-11 11:32:41,182][flwr][DEBUG] - evaluate_round 7: strategy sampled 100 clients (out of 100)
[2026-01-11 11:32:41,558][flwr][DEBUG] - evaluate_round 7 received 100 results and 0 failures
[2026-01-11 11:32:41,558][flwr][DEBUG] - fit_round 8: strategy sampled 100 clients (out of 100)
[2026-01-11 11:32:42,763][flwr][DEBUG] - fit_round 8 received 100 results and 0 failures
[2026-01-11 11:32:42,850][flwr][INFO] - fit progress: (8, 45.92694914340973, {'accuracy': 0.606, 'adaptive_mu': 0.003402890451121977}, 17.164030375002767)
[2026-01-11 11:32:42,850][flwr][DEBUG] - evaluate_round 8: strategy sampled 100 clients (out of 100)
[2026-01-11 11:32:43,223][flwr][DEBUG] - evaluate_round 8 received 100 results and 0 failures
[2026-01-11 11:32:43,223][flwr][DEBUG] - fit_round 9: strategy sampled 100 clients (out of 100)
[2026-01-11 11:32:44,466][flwr][DEBUG] - fit_round 9 received 100 results and 0 failures
[2026-01-11 11:32:44,556][flwr][INFO] - fit progress: (9, 45.379987955093384, {'accuracy': 0.604, 'adaptive_mu': 0.0034887906508739913}, 18.869431833009003)
[2026-01-11 11:32:44,556][flwr][DEBUG] - evaluate_round 9: strategy sampled 100 clients (out of 100)
[2026-01-11 11:32:44,936][flwr][DEBUG] - evaluate_round 9 received 100 results and 0 failures
[2026-01-11 11:32:44,936][flwr][DEBUG] - fit_round 10: strategy sampled 100 clients (out of 100)
[2026-01-11 11:32:46,114][flwr][DEBUG] - fit_round 10 received 100 results and 0 failures
[2026-01-11 11:32:46,198][flwr][INFO] - fit progress: (10, 45.127064645290375, {'accuracy': 0.604, 'adaptive_mu': 0.0035376665930884213}, 20.51164766700822)
[2026-01-11 11:32:46,198][flwr][DEBUG] - evaluate_round 10: strategy sampled 100 clients (out of 100)
[2026-01-11 11:32:46,577][flwr][DEBUG] - evaluate_round 10 received 100 results and 0 failures
[2026-01-11 11:32:46,578][flwr][DEBUG] - fit_round 11: strategy sampled 100 clients (out of 100)
[2026-01-11 11:32:47,762][flwr][DEBUG] - fit_round 11 received 100 results and 0 failures
[2026-01-11 11:32:47,845][flwr][INFO] - fit progress: (11, 44.83071491122246, {'accuracy': 0.603, 'adaptive_mu': 0.0035653673707728237}, 22.158867375008413)
[2026-01-11 11:32:47,845][flwr][DEBUG] - evaluate_round 11: strategy sampled 100 clients (out of 100)
[2026-01-11 11:32:48,228][flwr][DEBUG] - evaluate_round 11 received 100 results and 0 failures
[2026-01-11 11:32:48,228][flwr][DEBUG] - fit_round 12: strategy sampled 100 clients (out of 100)
[2026-01-11 11:32:49,404][flwr][DEBUG] - fit_round 12 received 100 results and 0 failures
[2026-01-11 11:32:49,487][flwr][INFO] - fit progress: (12, 44.5483323931694, {'accuracy': 0.604, 'adaptive_mu': 0.0035804125850524126}, 23.801020083003095)
[2026-01-11 11:32:49,487][flwr][DEBUG] - evaluate_round 12: strategy sampled 100 clients (out of 100)
[2026-01-11 11:32:49,868][flwr][DEBUG] - evaluate_round 12 received 100 results and 0 failures
[2026-01-11 11:32:49,868][flwr][DEBUG] - fit_round 13: strategy sampled 100 clients (out of 100)
[2026-01-11 11:32:51,109][flwr][DEBUG] - fit_round 13 received 100 results and 0 failures
[2026-01-11 11:32:51,197][flwr][INFO] - fit progress: (13, 44.543053328990936, {'accuracy': 0.604, 'adaptive_mu': 0.0035871195583352723}, 25.510480791999726)
[2026-01-11 11:32:51,197][flwr][DEBUG] - evaluate_round 13: strategy sampled 100 clients (out of 100)
[2026-01-11 11:32:51,652][flwr][DEBUG] - evaluate_round 13 received 100 results and 0 failures
[2026-01-11 11:32:51,653][flwr][DEBUG] - fit_round 14: strategy sampled 100 clients (out of 100)
[2026-01-11 11:32:52,895][flwr][DEBUG] - fit_round 14 received 100 results and 0 failures
[2026-01-11 11:32:52,976][flwr][INFO] - fit progress: (14, 44.35090374946594, {'accuracy': 0.6035, 'adaptive_mu': 0.003586906810433917}, 27.290114167000866)
[2026-01-11 11:32:52,976][flwr][DEBUG] - evaluate_round 14: strategy sampled 100 clients (out of 100)
[2026-01-11 11:32:53,360][flwr][DEBUG] - evaluate_round 14 received 100 results and 0 failures
[2026-01-11 11:32:53,360][flwr][DEBUG] - fit_round 15: strategy sampled 100 clients (out of 100)
[2026-01-11 11:32:54,670][flwr][DEBUG] - fit_round 15 received 100 results and 0 failures
[2026-01-11 11:32:54,759][flwr][INFO] - fit progress: (15, 44.25362530350685, {'accuracy': 0.6045, 'adaptive_mu': 0.0035839891238047305}, 29.072798542008968)
[2026-01-11 11:32:54,759][flwr][DEBUG] - evaluate_round 15: strategy sampled 100 clients (out of 100)
[2026-01-11 11:32:55,135][flwr][DEBUG] - evaluate_round 15 received 100 results and 0 failures
[2026-01-11 11:32:55,136][flwr][DEBUG] - fit_round 16: strategy sampled 100 clients (out of 100)
[2026-01-11 11:32:56,348][flwr][DEBUG] - fit_round 16 received 100 results and 0 failures
[2026-01-11 11:32:56,438][flwr][INFO] - fit progress: (16, 44.13332408666611, {'accuracy': 0.608, 'adaptive_mu': 0.003578792380214299}, 30.75208800000837)
[2026-01-11 11:32:56,438][flwr][DEBUG] - evaluate_round 16: strategy sampled 100 clients (out of 100)
[2026-01-11 11:32:56,818][flwr][DEBUG] - evaluate_round 16 received 100 results and 0 failures
[2026-01-11 11:32:56,819][flwr][DEBUG] - fit_round 17: strategy sampled 100 clients (out of 100)
[2026-01-11 11:32:58,055][flwr][DEBUG] - fit_round 17 received 100 results and 0 failures
[2026-01-11 11:32:58,147][flwr][INFO] - fit progress: (17, 44.12854140996933, {'accuracy': 0.6085, 'adaptive_mu': 0.0035735489928936355}, 32.4608558750042)
[2026-01-11 11:32:58,147][flwr][DEBUG] - evaluate_round 17: strategy sampled 100 clients (out of 100)
[2026-01-11 11:32:58,525][flwr][DEBUG] - evaluate_round 17 received 100 results and 0 failures
[2026-01-11 11:32:58,526][flwr][DEBUG] - fit_round 18: strategy sampled 100 clients (out of 100)
[2026-01-11 11:32:59,710][flwr][DEBUG] - fit_round 18 received 100 results and 0 failures
[2026-01-11 11:32:59,796][flwr][INFO] - fit progress: (18, 44.124499052762985, {'accuracy': 0.608, 'adaptive_mu': 0.003567772580077357}, 34.10946162500477)
[2026-01-11 11:32:59,796][flwr][DEBUG] - evaluate_round 18: strategy sampled 100 clients (out of 100)
[2026-01-11 11:33:00,220][flwr][DEBUG] - evaluate_round 18 received 100 results and 0 failures
[2026-01-11 11:33:00,221][flwr][DEBUG] - fit_round 19: strategy sampled 100 clients (out of 100)
[2026-01-11 11:33:01,475][flwr][DEBUG] - fit_round 19 received 100 results and 0 failures
[2026-01-11 11:33:01,571][flwr][INFO] - fit progress: (19, 43.98965275287628, {'accuracy': 0.6115, 'adaptive_mu': 0.00356108414516677}, 35.88454945800186)
[2026-01-11 11:33:01,571][flwr][DEBUG] - evaluate_round 19: strategy sampled 100 clients (out of 100)
[2026-01-11 11:33:02,025][flwr][DEBUG] - evaluate_round 19 received 100 results and 0 failures
[2026-01-11 11:33:02,026][flwr][DEBUG] - fit_round 20: strategy sampled 100 clients (out of 100)
[2026-01-11 11:33:03,287][flwr][DEBUG] - fit_round 20 received 100 results and 0 failures
[2026-01-11 11:33:03,374][flwr][INFO] - fit progress: (20, 43.967270106077194, {'accuracy': 0.607, 'adaptive_mu': 0.0035553593736822224}, 37.6874720420019)
[2026-01-11 11:33:03,375][flwr][DEBUG] - evaluate_round 20: strategy sampled 100 clients (out of 100)
[2026-01-11 11:33:03,808][flwr][DEBUG] - evaluate_round 20 received 100 results and 0 failures
[2026-01-11 11:33:03,808][flwr][DEBUG] - fit_round 21: strategy sampled 100 clients (out of 100)
[2026-01-11 11:33:05,065][flwr][DEBUG] - fit_round 21 received 100 results and 0 failures
[2026-01-11 11:33:05,158][flwr][INFO] - fit progress: (21, 43.91514652967453, {'accuracy': 0.6085, 'adaptive_mu': 0.003549823379937988}, 39.472127375003765)
[2026-01-11 11:33:05,159][flwr][DEBUG] - evaluate_round 21: strategy sampled 100 clients (out of 100)
[2026-01-11 11:33:05,532][flwr][DEBUG] - evaluate_round 21 received 100 results and 0 failures
[2026-01-11 11:33:05,532][flwr][DEBUG] - fit_round 22: strategy sampled 100 clients (out of 100)
[2026-01-11 11:33:06,751][flwr][DEBUG] - fit_round 22 received 100 results and 0 failures
[2026-01-11 11:33:06,836][flwr][INFO] - fit progress: (22, 44.17338415980339, {'accuracy': 0.606, 'adaptive_mu': 0.0035455029849787}, 41.14942395800608)
[2026-01-11 11:33:06,836][flwr][DEBUG] - evaluate_round 22: strategy sampled 100 clients (out of 100)
[2026-01-11 11:33:07,290][flwr][DEBUG] - evaluate_round 22 received 100 results and 0 failures
[2026-01-11 11:33:07,290][flwr][DEBUG] - fit_round 23: strategy sampled 100 clients (out of 100)
[2026-01-11 11:33:08,542][flwr][DEBUG] - fit_round 23 received 100 results and 0 failures
[2026-01-11 11:33:08,636][flwr][INFO] - fit progress: (23, 43.914991319179535, {'accuracy': 0.6135, 'adaptive_mu': 0.0035417224723893973}, 42.9501543330116)
[2026-01-11 11:33:08,637][flwr][DEBUG] - evaluate_round 23: strategy sampled 100 clients (out of 100)
[2026-01-11 11:33:09,026][flwr][DEBUG] - evaluate_round 23 received 100 results and 0 failures
[2026-01-11 11:33:09,027][flwr][DEBUG] - fit_round 24: strategy sampled 100 clients (out of 100)
[2026-01-11 11:33:10,253][flwr][DEBUG] - fit_round 24 received 100 results and 0 failures
[2026-01-11 11:33:10,339][flwr][INFO] - fit progress: (24, 44.16876378655434, {'accuracy': 0.6105, 'adaptive_mu': 0.0035383109900682217}, 44.653289125009906)
[2026-01-11 11:33:10,340][flwr][DEBUG] - evaluate_round 24: strategy sampled 100 clients (out of 100)
[2026-01-11 11:33:10,742][flwr][DEBUG] - evaluate_round 24 received 100 results and 0 failures
[2026-01-11 11:33:10,742][flwr][DEBUG] - fit_round 25: strategy sampled 100 clients (out of 100)
[2026-01-11 11:33:11,944][flwr][DEBUG] - fit_round 25 received 100 results and 0 failures
[2026-01-11 11:33:12,026][flwr][INFO] - fit progress: (25, 43.82705315947533, {'accuracy': 0.614, 'adaptive_mu': 0.003535281469828271}, 46.33981908300484)
[2026-01-11 11:33:12,026][flwr][DEBUG] - evaluate_round 25: strategy sampled 100 clients (out of 100)
[2026-01-11 11:33:12,399][flwr][DEBUG] - evaluate_round 25 received 100 results and 0 failures
[2026-01-11 11:33:12,399][flwr][DEBUG] - fit_round 26: strategy sampled 100 clients (out of 100)
[2026-01-11 11:33:13,642][flwr][DEBUG] - fit_round 26 received 100 results and 0 failures
[2026-01-11 11:33:13,727][flwr][INFO] - fit progress: (26, 44.20347657799721, {'accuracy': 0.6125, 'adaptive_mu': 0.0035323813133779653}, 48.04070966700965)
[2026-01-11 11:33:13,727][flwr][DEBUG] - evaluate_round 26: strategy sampled 100 clients (out of 100)
[2026-01-11 11:33:14,160][flwr][DEBUG] - evaluate_round 26 received 100 results and 0 failures
[2026-01-11 11:33:14,161][flwr][DEBUG] - fit_round 27: strategy sampled 100 clients (out of 100)
[2026-01-11 11:33:15,359][flwr][DEBUG] - fit_round 27 received 100 results and 0 failures
[2026-01-11 11:33:15,446][flwr][INFO] - fit progress: (27, 44.02158236503601, {'accuracy': 0.6115, 'adaptive_mu': 0.003530590960381201}, 49.759560167003656)
[2026-01-11 11:33:15,446][flwr][DEBUG] - evaluate_round 27: strategy sampled 100 clients (out of 100)
[2026-01-11 11:33:15,871][flwr][DEBUG] - evaluate_round 27 received 100 results and 0 failures
[2026-01-11 11:33:15,871][flwr][DEBUG] - fit_round 28: strategy sampled 100 clients (out of 100)
[2026-01-11 11:33:17,125][flwr][DEBUG] - fit_round 28 received 100 results and 0 failures
[2026-01-11 11:33:17,216][flwr][INFO] - fit progress: (28, 44.00590607523918, {'accuracy': 0.6145, 'adaptive_mu': 0.00352813379580013}, 51.52988375000132)
[2026-01-11 11:33:17,216][flwr][DEBUG] - evaluate_round 28: strategy sampled 100 clients (out of 100)
[2026-01-11 11:33:17,592][flwr][DEBUG] - evaluate_round 28 received 100 results and 0 failures
[2026-01-11 11:33:17,593][flwr][DEBUG] - fit_round 29: strategy sampled 100 clients (out of 100)
[2026-01-11 11:33:18,824][flwr][DEBUG] - fit_round 29 received 100 results and 0 failures
[2026-01-11 11:33:18,909][flwr][INFO] - fit progress: (29, 44.25452381372452, {'accuracy': 0.6115, 'adaptive_mu': 0.0035249467083767225}, 53.22279370800243)
[2026-01-11 11:33:18,909][flwr][DEBUG] - evaluate_round 29: strategy sampled 100 clients (out of 100)
[2026-01-11 11:33:19,272][flwr][DEBUG] - evaluate_round 29 received 100 results and 0 failures
[2026-01-11 11:33:19,273][flwr][DEBUG] - fit_round 30: strategy sampled 100 clients (out of 100)
[2026-01-11 11:33:20,470][flwr][DEBUG] - fit_round 30 received 100 results and 0 failures
[2026-01-11 11:33:20,557][flwr][INFO] - fit progress: (30, 44.00914806127548, {'accuracy': 0.611, 'adaptive_mu': 0.003523041369236613}, 54.87109862500802)
[2026-01-11 11:33:20,557][flwr][DEBUG] - evaluate_round 30: strategy sampled 100 clients (out of 100)
[2026-01-11 11:33:20,962][flwr][DEBUG] - evaluate_round 30 received 100 results and 0 failures
[2026-01-11 11:33:20,963][flwr][DEBUG] - fit_round 31: strategy sampled 100 clients (out of 100)
[2026-01-11 11:33:22,120][flwr][DEBUG] - fit_round 31 received 100 results and 0 failures
[2026-01-11 11:33:22,203][flwr][INFO] - fit progress: (31, 44.22410982847214, {'accuracy': 0.611, 'adaptive_mu': 0.0035195737032919605}, 56.51673675001075)
[2026-01-11 11:33:22,203][flwr][DEBUG] - evaluate_round 31: strategy sampled 100 clients (out of 100)
[2026-01-11 11:33:22,563][flwr][DEBUG] - evaluate_round 31 received 100 results and 0 failures
[2026-01-11 11:33:22,564][flwr][DEBUG] - fit_round 32: strategy sampled 100 clients (out of 100)
[2026-01-11 11:33:23,709][flwr][DEBUG] - fit_round 32 received 100 results and 0 failures
[2026-01-11 11:33:23,893][flwr][INFO] - fit progress: (32, 44.16027808189392, {'accuracy': 0.6115, 'adaptive_mu': 0.0035170931021962335}, 58.20738025000901)
[2026-01-11 11:33:23,894][flwr][DEBUG] - evaluate_round 32: strategy sampled 100 clients (out of 100)
[2026-01-11 11:33:24,257][flwr][DEBUG] - evaluate_round 32 received 100 results and 0 failures
[2026-01-11 11:33:24,258][flwr][DEBUG] - fit_round 33: strategy sampled 100 clients (out of 100)
[2026-01-11 11:33:25,422][flwr][DEBUG] - fit_round 33 received 100 results and 0 failures
[2026-01-11 11:33:25,510][flwr][INFO] - fit progress: (33, 44.39818459749222, {'accuracy': 0.6105, 'adaptive_mu': 0.0035140035223397968}, 59.82365912500245)
[2026-01-11 11:33:25,510][flwr][DEBUG] - evaluate_round 33: strategy sampled 100 clients (out of 100)
[2026-01-11 11:33:25,884][flwr][DEBUG] - evaluate_round 33 received 100 results and 0 failures
[2026-01-11 11:33:25,884][flwr][DEBUG] - fit_round 34: strategy sampled 100 clients (out of 100)
[2026-01-11 11:33:27,087][flwr][DEBUG] - fit_round 34 received 100 results and 0 failures
[2026-01-11 11:33:27,173][flwr][INFO] - fit progress: (34, 44.2973757982254, {'accuracy': 0.613, 'adaptive_mu': 0.003512377541367068}, 61.4864555420063)
[2026-01-11 11:33:27,173][flwr][DEBUG] - evaluate_round 34: strategy sampled 100 clients (out of 100)
[2026-01-11 11:33:27,549][flwr][DEBUG] - evaluate_round 34 received 100 results and 0 failures
[2026-01-11 11:33:27,550][flwr][DEBUG] - fit_round 35: strategy sampled 100 clients (out of 100)
[2026-01-11 11:33:28,813][flwr][DEBUG] - fit_round 35 received 100 results and 0 failures
[2026-01-11 11:33:28,898][flwr][INFO] - fit progress: (35, 44.28337526321411, {'accuracy': 0.614, 'adaptive_mu': 0.0035098824591563056}, 63.211645750008756)
[2026-01-11 11:33:28,898][flwr][DEBUG] - evaluate_round 35: strategy sampled 100 clients (out of 100)
[2026-01-11 11:33:29,262][flwr][DEBUG] - evaluate_round 35 received 100 results and 0 failures
[2026-01-11 11:33:29,263][flwr][DEBUG] - fit_round 36: strategy sampled 100 clients (out of 100)
[2026-01-11 11:33:30,429][flwr][DEBUG] - fit_round 36 received 100 results and 0 failures
[2026-01-11 11:33:30,512][flwr][INFO] - fit progress: (36, 44.40741801261902, {'accuracy': 0.612, 'adaptive_mu': 0.003507160138353127}, 64.82610237500921)
[2026-01-11 11:33:30,512][flwr][DEBUG] - evaluate_round 36: strategy sampled 100 clients (out of 100)
[2026-01-11 11:33:30,878][flwr][DEBUG] - evaluate_round 36 received 100 results and 0 failures
[2026-01-11 11:33:30,878][flwr][DEBUG] - fit_round 37: strategy sampled 100 clients (out of 100)
[2026-01-11 11:33:32,023][flwr][DEBUG] - fit_round 37 received 100 results and 0 failures
[2026-01-11 11:33:32,109][flwr][INFO] - fit progress: (37, 44.33483815193176, {'accuracy': 0.613, 'adaptive_mu': 0.0035052456740548494}, 66.42302795800788)
[2026-01-11 11:33:32,109][flwr][DEBUG] - evaluate_round 37: strategy sampled 100 clients (out of 100)
[2026-01-11 11:33:32,468][flwr][DEBUG] - evaluate_round 37 received 100 results and 0 failures
[2026-01-11 11:33:32,469][flwr][DEBUG] - fit_round 38: strategy sampled 100 clients (out of 100)
[2026-01-11 11:33:33,639][flwr][DEBUG] - fit_round 38 received 100 results and 0 failures
[2026-01-11 11:33:33,726][flwr][INFO] - fit progress: (38, 44.5898100733757, {'accuracy': 0.611, 'adaptive_mu': 0.0035023889177827486}, 68.04037712499849)
[2026-01-11 11:33:33,727][flwr][DEBUG] - evaluate_round 38: strategy sampled 100 clients (out of 100)
[2026-01-11 11:33:34,099][flwr][DEBUG] - evaluate_round 38 received 100 results and 0 failures
[2026-01-11 11:33:34,099][flwr][DEBUG] - fit_round 39: strategy sampled 100 clients (out of 100)
[2026-01-11 11:33:35,321][flwr][DEBUG] - fit_round 39 received 100 results and 0 failures
[2026-01-11 11:33:35,405][flwr][INFO] - fit progress: (39, 44.54298412799835, {'accuracy': 0.6115, 'adaptive_mu': 0.0035013131016019593}, 69.71878545801155)
[2026-01-11 11:33:35,405][flwr][DEBUG] - evaluate_round 39: strategy sampled 100 clients (out of 100)
[2026-01-11 11:33:35,768][flwr][DEBUG] - evaluate_round 39 received 100 results and 0 failures
[2026-01-11 11:33:35,769][flwr][DEBUG] - fit_round 40: strategy sampled 100 clients (out of 100)
[2026-01-11 11:33:36,910][flwr][DEBUG] - fit_round 40 received 100 results and 0 failures
[2026-01-11 11:33:36,994][flwr][INFO] - fit progress: (40, 44.33677124977112, {'accuracy': 0.6135, 'adaptive_mu': 0.0035001262827160555}, 71.30800187500427)
[2026-01-11 11:33:36,994][flwr][DEBUG] - evaluate_round 40: strategy sampled 100 clients (out of 100)
[2026-01-11 11:33:37,370][flwr][DEBUG] - evaluate_round 40 received 100 results and 0 failures
[2026-01-11 11:33:37,371][flwr][DEBUG] - fit_round 41: strategy sampled 100 clients (out of 100)
[2026-01-11 11:33:38,590][flwr][DEBUG] - fit_round 41 received 100 results and 0 failures
[2026-01-11 11:33:38,679][flwr][INFO] - fit progress: (41, 44.619310438632965, {'accuracy': 0.613, 'adaptive_mu': 0.003498638454524708}, 72.99265516700689)
[2026-01-11 11:33:38,679][flwr][DEBUG] - evaluate_round 41: strategy sampled 100 clients (out of 100)
[2026-01-11 11:33:39,166][flwr][DEBUG] - evaluate_round 41 received 100 results and 0 failures
[2026-01-11 11:33:39,166][flwr][DEBUG] - fit_round 42: strategy sampled 100 clients (out of 100)
[2026-01-11 11:33:40,346][flwr][DEBUG] - fit_round 42 received 100 results and 0 failures
[2026-01-11 11:33:40,427][flwr][INFO] - fit progress: (42, 44.53669488430023, {'accuracy': 0.6105, 'adaptive_mu': 0.003498440320371385}, 74.74139833300433)
[2026-01-11 11:33:40,428][flwr][DEBUG] - evaluate_round 42: strategy sampled 100 clients (out of 100)
[2026-01-11 11:33:40,802][flwr][DEBUG] - evaluate_round 42 received 100 results and 0 failures
[2026-01-11 11:33:40,802][flwr][DEBUG] - fit_round 43: strategy sampled 100 clients (out of 100)
[2026-01-11 11:33:42,028][flwr][DEBUG] - fit_round 43 received 100 results and 0 failures
[2026-01-11 11:33:42,113][flwr][INFO] - fit progress: (43, 44.47049582004547, {'accuracy': 0.614, 'adaptive_mu': 0.003496848621939691}, 76.42685766700015)
[2026-01-11 11:33:42,113][flwr][DEBUG] - evaluate_round 43: strategy sampled 100 clients (out of 100)
[2026-01-11 11:33:42,489][flwr][DEBUG] - evaluate_round 43 received 100 results and 0 failures
[2026-01-11 11:33:42,490][flwr][DEBUG] - fit_round 44: strategy sampled 100 clients (out of 100)
[2026-01-11 11:33:43,653][flwr][DEBUG] - fit_round 44 received 100 results and 0 failures
[2026-01-11 11:33:43,737][flwr][INFO] - fit progress: (44, 44.5765455365181, {'accuracy': 0.6115, 'adaptive_mu': 0.0034952685314118687}, 78.05110024999885)
[2026-01-11 11:33:43,737][flwr][DEBUG] - evaluate_round 44: strategy sampled 100 clients (out of 100)
[2026-01-11 11:33:44,117][flwr][DEBUG] - evaluate_round 44 received 100 results and 0 failures
[2026-01-11 11:33:44,117][flwr][DEBUG] - fit_round 45: strategy sampled 100 clients (out of 100)
[2026-01-11 11:33:45,302][flwr][DEBUG] - fit_round 45 received 100 results and 0 failures
[2026-01-11 11:33:45,387][flwr][INFO] - fit progress: (45, 44.56402599811554, {'accuracy': 0.613, 'adaptive_mu': 0.003493749222164764}, 79.70063662499888)
[2026-01-11 11:33:45,387][flwr][DEBUG] - evaluate_round 45: strategy sampled 100 clients (out of 100)
[2026-01-11 11:33:45,814][flwr][DEBUG] - evaluate_round 45 received 100 results and 0 failures
[2026-01-11 11:33:45,815][flwr][DEBUG] - fit_round 46: strategy sampled 100 clients (out of 100)
[2026-01-11 11:33:47,029][flwr][DEBUG] - fit_round 46 received 100 results and 0 failures
[2026-01-11 11:33:47,111][flwr][INFO] - fit progress: (46, 44.522446393966675, {'accuracy': 0.6115, 'adaptive_mu': 0.0034922799403053996}, 81.42509845799941)
[2026-01-11 11:33:47,111][flwr][DEBUG] - evaluate_round 46: strategy sampled 100 clients (out of 100)
[2026-01-11 11:33:47,489][flwr][DEBUG] - evaluate_round 46 received 100 results and 0 failures
[2026-01-11 11:33:47,490][flwr][DEBUG] - fit_round 47: strategy sampled 100 clients (out of 100)
[2026-01-11 11:33:48,698][flwr][DEBUG] - fit_round 47 received 100 results and 0 failures
[2026-01-11 11:33:48,784][flwr][INFO] - fit progress: (47, 44.40994757413864, {'accuracy': 0.614, 'adaptive_mu': 0.0034891864309261203}, 83.09782220800116)
[2026-01-11 11:33:48,784][flwr][DEBUG] - evaluate_round 47: strategy sampled 100 clients (out of 100)
[2026-01-11 11:33:49,198][flwr][DEBUG] - evaluate_round 47 received 100 results and 0 failures
[2026-01-11 11:33:49,199][flwr][DEBUG] - fit_round 48: strategy sampled 100 clients (out of 100)
[2026-01-11 11:33:50,387][flwr][DEBUG] - fit_round 48 received 100 results and 0 failures
[2026-01-11 11:33:50,471][flwr][INFO] - fit progress: (48, 44.65294015407562, {'accuracy': 0.612, 'adaptive_mu': 0.0034881389699670364}, 84.78516708299867)
[2026-01-11 11:33:50,471][flwr][DEBUG] - evaluate_round 48: strategy sampled 100 clients (out of 100)
[2026-01-11 11:33:50,846][flwr][DEBUG] - evaluate_round 48 received 100 results and 0 failures
[2026-01-11 11:33:50,847][flwr][DEBUG] - fit_round 49: strategy sampled 100 clients (out of 100)
[2026-01-11 11:33:52,037][flwr][DEBUG] - fit_round 49 received 100 results and 0 failures
[2026-01-11 11:33:52,118][flwr][INFO] - fit progress: (49, 44.570145547389984, {'accuracy': 0.6135, 'adaptive_mu': 0.0034869889488124564}, 86.4317168330017)
[2026-01-11 11:33:52,118][flwr][DEBUG] - evaluate_round 49: strategy sampled 100 clients (out of 100)
[2026-01-11 11:33:52,500][flwr][DEBUG] - evaluate_round 49 received 100 results and 0 failures
[2026-01-11 11:33:52,500][flwr][DEBUG] - fit_round 50: strategy sampled 100 clients (out of 100)
[2026-01-11 11:33:53,670][flwr][DEBUG] - fit_round 50 received 100 results and 0 failures
[2026-01-11 11:33:53,753][flwr][INFO] - fit progress: (50, 44.3804104924202, {'accuracy': 0.61, 'adaptive_mu': 0.003485431813696276}, 88.06715300001088)
[2026-01-11 11:33:53,753][flwr][DEBUG] - evaluate_round 50: strategy sampled 100 clients (out of 100)
[2026-01-11 11:33:54,116][flwr][DEBUG] - evaluate_round 50 received 100 results and 0 failures
[2026-01-11 11:33:54,117][flwr][INFO] - FL finished in 88.43064725000295
[2026-01-11 11:33:54,117][flwr][INFO] - app_fit: losses_distributed [(1, 1.014481064843372), (2, 0.9287326231480187), (3, 0.8469278678314949), (4, 0.8004329233717458), (5, 0.7736253175753104), (6, 0.7576056082094081), (7, 0.7480384273299856), (8, 0.7400802172830623), (9, 0.7310868708652034), (10, 0.7271584612110776), (11, 0.7222839117694362), (12, 0.7175592923361016), (13, 0.7175213026139245), (14, 0.7143386745140957), (15, 0.7125903538706903), (16, 0.7108920581037003), (17, 0.7109701206761415), (18, 0.7109833815737931), (19, 0.7091017166773478), (20, 0.7085429584105267), (21, 0.7080820260635143), (22, 0.7125098985853998), (23, 0.7084622319885217), (24, 0.7125709645102591), (25, 0.7071156376661294), (26, 0.713581119330263), (27, 0.7104191689564506), (28, 0.7104428469863496), (29, 0.7141270604624548), (30, 0.7101825796432192), (31, 0.7138548694949373), (32, 0.7128225989105759), (33, 0.7167855874636339), (34, 0.7152319590352365), (35, 0.7149975204393183), (36, 0.7172580598191325), (37, 0.7159530946792053), (38, 0.7200444156941835), (39, 0.719318300400849), (40, 0.7159741895868781), (41, 0.7209277267443849), (42, 0.7194782718592265), (43, 0.71849213159125), (44, 0.7202040110296222), (45, 0.7198410753131048), (46, 0.7190761451733397), (47, 0.7171996686781361), (48, 0.7212404211870775), (49, 0.7198289076758462), (50, 0.7164432655456259)]
[2026-01-11 11:33:54,117][flwr][INFO] - app_fit: metrics_distributed_fit {'adaptive_mu': [(1, 0.001), (2, 0.001), (3, 0.001), (4, 0.001893629007935904), (5, 0.002539660439076482), (6, 0.0029768498566118532), (7, 0.003249440090646669), (8, 0.003402890451121977), (9, 0.0034887906508739913), (10, 0.0035376665930884213), (11, 0.0035653673707728237), (12, 0.0035804125850524126), (13, 0.0035871195583352723), (14, 0.003586906810433917), (15, 0.0035839891238047305), (16, 0.003578792380214299), (17, 0.0035735489928936355), (18, 0.003567772580077357), (19, 0.00356108414516677), (20, 0.0035553593736822224), (21, 0.003549823379937988), (22, 0.0035455029849787), (23, 0.0035417224723893973), (24, 0.0035383109900682217), (25, 0.003535281469828271), (26, 0.0035323813133779653), (27, 0.003530590960381201), (28, 0.00352813379580013), (29, 0.0035249467083767225), (30, 0.003523041369236613), (31, 0.0035195737032919605), (32, 0.0035170931021962335), (33, 0.0035140035223397968), (34, 0.003512377541367068), (35, 0.0035098824591563056), (36, 0.003507160138353127), (37, 0.0035052456740548494), (38, 0.0035023889177827486), (39, 0.0035013131016019593), (40, 0.0035001262827160555), (41, 0.003498638454524708), (42, 0.003498440320371385), (43, 0.003496848621939691), (44, 0.0034952685314118687), (45, 0.003493749222164764), (46, 0.0034922799403053996), (47, 0.0034891864309261203), (48, 0.0034881389699670364), (49, 0.0034869889488124564), (50, 0.003485431813696276)], 'gradient_divergence': [(1, 3.8327174470201135), (2, 3.711153864376247), (3, 3.3235536939650774), (4, 2.9928332466632126), (5, 2.7769466289505362), (6, 2.6402866645157337), (7, 2.5324401322007177), (8, 2.4369126105308534), (9, 2.376426071189344), (10, 2.3184863309562207), (11, 2.2725741986930372), (12, 2.2272948130220174), (13, 2.1863756833598016), (14, 2.152678419649601), (15, 2.1217477006465195), (16, 2.0927274115383625), (17, 2.0780010509118436), (18, 2.0421291937679054), (19, 2.0225362044014035), (20, 2.0074297486618162), (21, 1.9858934005349875), (22, 1.9739661991596222), (23, 1.9577146323025227), (24, 1.947088318578899), (25, 1.9293194448202848), (26, 1.909520857129246), (27, 1.9089661044999957), (28, 1.8959528713300824), (29, 1.8793685268983245), (30, 1.877717340104282), (31, 1.8640451541170477), (32, 1.8620512548461556), (33, 1.8468830528110265), (34, 1.8472034177929162), (35, 1.8292515957169235), (36, 1.8323373388499022), (37, 1.8291526068933308), (38, 1.822085174880922), (39, 1.8158002568781375), (40, 1.8091750194504856), (41, 1.8048605314269661), (42, 1.8096700839325786), (43, 1.799676615614444), (44, 1.7954478401318192), (45, 1.7897313912957906), (46, 1.7983503176271916), (47, 1.778257483355701), (48, 1.78426449932158), (49, 1.77496904540807), (50, 1.7668641163222492)], 'avg_label_entropy': [(1, 0.681152227753193), (2, 0.6811522277531927), (3, 0.681152227753193), (4, 0.681152227753193), (5, 0.6811522277531927), (6, 0.6811522277531927), (7, 0.681152227753193), (8, 0.6811522277531928), (9, 0.6811522277531928), (10, 0.6811522277531928), (11, 0.6811522277531928), (12, 0.6811522277531928), (13, 0.681152227753193), (14, 0.6811522277531928), (15, 0.6811522277531928), (16, 0.6811522277531928), (17, 0.6811522277531928), (18, 0.6811522277531927), (19, 0.6811522277531927), (20, 0.6811522277531928), (21, 0.6811522277531927), (22, 0.6811522277531928), (23, 0.681152227753193), (24, 0.6811522277531928), (25, 0.6811522277531928), (26, 0.6811522277531928), (27, 0.6811522277531928), (28, 0.6811522277531928), (29, 0.681152227753193), (30, 0.6811522277531928), (31, 0.6811522277531928), (32, 0.6811522277531928), (33, 0.6811522277531927), (34, 0.681152227753193), (35, 0.6811522277531928), (36, 0.681152227753193), (37, 0.6811522277531928), (38, 0.6811522277531928), (39, 0.6811522277531928), (40, 0.6811522277531928), (41, 0.6811522277531928), (42, 0.6811522277531928), (43, 0.6811522277531928), (44, 0.681152227753193), (45, 0.681152227753193), (46, 0.6811522277531928), (47, 0.6811522277531928), (48, 0.681152227753193), (49, 0.681152227753193), (50, 0.6811522277531927)], 'avg_feature_variance': [(1, 0.9265728932619095), (2, 0.926572912633419), (3, 0.9265728962421417), (4, 0.9265728932619095), (5, 0.9265729025006294), (6, 0.9265729027986527), (7, 0.9265728959441185), (8, 0.9265728887915611), (9, 0.9265729168057442), (10, 0.9265728908777237), (11, 0.926572901904583), (12, 0.9265728956460952), (13, 0.9265728959441185), (14, 0.9265728899836541), (15, 0.9265728908777237), (16, 0.9265728935599327), (17, 0.9265728968381882), (18, 0.9265728956460952), (19, 0.9265728893876076), (20, 0.926572896540165), (21, 0.9265729013085365), (22, 0.9265728983283043), (23, 0.9265728968381882), (24, 0.9265728977322578), (25, 0.9265728887915611), (26, 0.9265729001164437), (27, 0.9265728986263275), (28, 0.9265728878974915), (29, 0.9265728887915611), (30, 0.9265728956460952), (31, 0.926572907269001), (32, 0.9265728890895844), (33, 0.926572904586792), (34, 0.9265729087591171), (35, 0.9265729030966758), (36, 0.9265728974342347), (37, 0.9265728855133056), (38, 0.9265728837251663), (39, 0.9265728938579559), (40, 0.9265728914737701), (41, 0.9265729036927223), (42, 0.9265729027986527), (43, 0.9265728902816772), (44, 0.926572899222374), (45, 0.9265729001164437), (46, 0.9265729039907455), (47, 0.9265728971362114), (48, 0.9265729016065598), (49, 0.9265728944540024), (50, 0.9265729010105133)]}
[2026-01-11 11:33:54,118][flwr][INFO] - app_fit: metrics_distributed {}
[2026-01-11 11:33:54,118][flwr][INFO] - app_fit: losses_centralized [(0, 67.88411092758179), (1, 63.38363724946976), (2, 57.87947589159012), (3, 52.62262052297592), (4, 49.66786140203476), (5, 47.99441188573837), (6, 47.012222558259964), (7, 46.41302940249443), (8, 45.92694914340973), (9, 45.379987955093384), (10, 45.127064645290375), (11, 44.83071491122246), (12, 44.5483323931694), (13, 44.543053328990936), (14, 44.35090374946594), (15, 44.25362530350685), (16, 44.13332408666611), (17, 44.12854140996933), (18, 44.124499052762985), (19, 43.98965275287628), (20, 43.967270106077194), (21, 43.91514652967453), (22, 44.17338415980339), (23, 43.914991319179535), (24, 44.16876378655434), (25, 43.82705315947533), (26, 44.20347657799721), (27, 44.02158236503601), (28, 44.00590607523918), (29, 44.25452381372452), (30, 44.00914806127548), (31, 44.22410982847214), (32, 44.16027808189392), (33, 44.39818459749222), (34, 44.2973757982254), (35, 44.28337526321411), (36, 44.40741801261902), (37, 44.33483815193176), (38, 44.5898100733757), (39, 44.54298412799835), (40, 44.33677124977112), (41, 44.619310438632965), (42, 44.53669488430023), (43, 44.47049582004547), (44, 44.5765455365181), (45, 44.56402599811554), (46, 44.522446393966675), (47, 44.40994757413864), (48, 44.65294015407562), (49, 44.570145547389984), (50, 44.3804104924202)]
[2026-01-11 11:33:54,118][flwr][INFO] - app_fit: metrics_centralized {'accuracy': [(0, 0.3585), (1, 0.5105), (2, 0.5655), (3, 0.592), (4, 0.596), (5, 0.6015), (6, 0.6065), (7, 0.6055), (8, 0.606), (9, 0.604), (10, 0.604), (11, 0.603), (12, 0.604), (13, 0.604), (14, 0.6035), (15, 0.6045), (16, 0.608), (17, 0.6085), (18, 0.608), (19, 0.6115), (20, 0.607), (21, 0.6085), (22, 0.606), (23, 0.6135), (24, 0.6105), (25, 0.614), (26, 0.6125), (27, 0.6115), (28, 0.6145), (29, 0.6115), (30, 0.611), (31, 0.611), (32, 0.6115), (33, 0.6105), (34, 0.613), (35, 0.614), (36, 0.612), (37, 0.613), (38, 0.611), (39, 0.6115), (40, 0.6135), (41, 0.613), (42, 0.6105), (43, 0.614), (44, 0.6115), (45, 0.613), (46, 0.6115), (47, 0.614), (48, 0.612), (49, 0.6135), (50, 0.61)], 'adaptive_mu': [(0, 0.001), (1, 0.001), (2, 0.001), (3, 0.001), (4, 0.001893629007935904), (5, 0.002539660439076482), (6, 0.0029768498566118532), (7, 0.003249440090646669), (8, 0.003402890451121977), (9, 0.0034887906508739913), (10, 0.0035376665930884213), (11, 0.0035653673707728237), (12, 0.0035804125850524126), (13, 0.0035871195583352723), (14, 0.003586906810433917), (15, 0.0035839891238047305), (16, 0.003578792380214299), (17, 0.0035735489928936355), (18, 0.003567772580077357), (19, 0.00356108414516677), (20, 0.0035553593736822224), (21, 0.003549823379937988), (22, 0.0035455029849787), (23, 0.0035417224723893973), (24, 0.0035383109900682217), (25, 0.003535281469828271), (26, 0.0035323813133779653), (27, 0.003530590960381201), (28, 0.00352813379580013), (29, 0.0035249467083767225), (30, 0.003523041369236613), (31, 0.0035195737032919605), (32, 0.0035170931021962335), (33, 0.0035140035223397968), (34, 0.003512377541367068), (35, 0.0035098824591563056), (36, 0.003507160138353127), (37, 0.0035052456740548494), (38, 0.0035023889177827486), (39, 0.0035013131016019593), (40, 0.0035001262827160555), (41, 0.003498638454524708), (42, 0.003498440320371385), (43, 0.003496848621939691), (44, 0.0034952685314118687), (45, 0.003493749222164764), (46, 0.0034922799403053996), (47, 0.0034891864309261203), (48, 0.0034881389699670364), (49, 0.0034869889488124564), (50, 0.003485431813696276)]}
[2026-01-11 11:33:54,155][flwr][INFO] - Starting Flower simulation, config: ServerConfig(num_rounds=50, round_timeout=None)
[2026-01-11 11:34:01,249][flwr][INFO] - Flower VCE: Ray initialized with resources: {'memory': 12318757274.0, 'object_store_memory': 2147483648.0, 'node:127.0.0.1': 1.0, 'CPU': 10.0}
[2026-01-11 11:34:01,250][flwr][INFO] - Initializing global parameters
[2026-01-11 11:34:01,250][flwr][INFO] - Using initial parameters provided by strategy
[2026-01-11 11:34:01,250][flwr][INFO] - Evaluating initial parameters
[2026-01-11 11:34:01,277][flwr][INFO] - initial parameters (loss, other metrics): 71.80140054225922, {'accuracy': 0.238}
[2026-01-11 11:34:01,277][flwr][INFO] - FL starting
[2026-01-11 11:34:01,279][flwr][DEBUG] - fit_round 1: strategy sampled 10 clients (out of 100)
[2026-01-11 11:34:05,554][flwr][DEBUG] - fit_round 1 received 10 results and 0 failures
[2026-01-11 11:34:05,582][flwr][INFO] - fit progress: (1, 87.03027808666229, {'accuracy': 0.507}, 4.303073458009749)
[2026-01-11 11:34:05,582][flwr][INFO] - evaluate_round 1: no clients selected, cancel
[2026-01-11 11:34:05,583][flwr][DEBUG] - fit_round 2: strategy sampled 10 clients (out of 100)
[2026-01-11 11:34:05,784][flwr][DEBUG] - fit_round 2 received 10 results and 0 failures
[2026-01-11 11:34:05,809][flwr][INFO] - fit progress: (2, 736.6833491325378, {'accuracy': 0.527}, 4.530732250001165)
[2026-01-11 11:34:05,810][flwr][INFO] - evaluate_round 2: no clients selected, cancel
[2026-01-11 11:34:05,810][flwr][DEBUG] - fit_round 3: strategy sampled 10 clients (out of 100)
[2026-01-11 11:34:06,004][flwr][DEBUG] - fit_round 3 received 10 results and 0 failures
[2026-01-11 11:34:06,031][flwr][INFO] - fit progress: (3, 1514.4711656570435, {'accuracy': 0.606}, 4.752125583007)
[2026-01-11 11:34:06,031][flwr][INFO] - evaluate_round 3: no clients selected, cancel
[2026-01-11 11:34:06,032][flwr][DEBUG] - fit_round 4: strategy sampled 10 clients (out of 100)
[2026-01-11 11:34:06,247][flwr][DEBUG] - fit_round 4 received 10 results and 0 failures
[2026-01-11 11:34:06,272][flwr][INFO] - fit progress: (4, 1619.3973598480225, {'accuracy': 0.6235}, 4.9929487080080435)
[2026-01-11 11:34:06,273][flwr][INFO] - evaluate_round 4: no clients selected, cancel
[2026-01-11 11:34:06,273][flwr][DEBUG] - fit_round 5: strategy sampled 10 clients (out of 100)
[2026-01-11 11:34:06,468][flwr][DEBUG] - fit_round 5 received 10 results and 0 failures
[2026-01-11 11:34:06,494][flwr][INFO] - fit progress: (5, 892.2209973335266, {'accuracy': 0.5445}, 5.21425570800784)
[2026-01-11 11:34:06,494][flwr][INFO] - evaluate_round 5: no clients selected, cancel
[2026-01-11 11:34:06,495][flwr][DEBUG] - fit_round 6: strategy sampled 10 clients (out of 100)
[2026-01-11 11:34:06,708][flwr][DEBUG] - fit_round 6 received 10 results and 0 failures
[2026-01-11 11:34:06,733][flwr][INFO] - fit progress: (6, 448.22646832466125, {'accuracy': 0.5565}, 5.45269379101228)
[2026-01-11 11:34:06,733][flwr][INFO] - evaluate_round 6: no clients selected, cancel
[2026-01-11 11:34:06,733][flwr][DEBUG] - fit_round 7: strategy sampled 10 clients (out of 100)
[2026-01-11 11:34:06,943][flwr][DEBUG] - fit_round 7 received 10 results and 0 failures
[2026-01-11 11:34:06,969][flwr][INFO] - fit progress: (7, 1002.8990964889526, {'accuracy': 0.496}, 5.688676165998913)
[2026-01-11 11:34:06,969][flwr][INFO] - evaluate_round 7: no clients selected, cancel
[2026-01-11 11:34:06,970][flwr][DEBUG] - fit_round 8: strategy sampled 10 clients (out of 100)
[2026-01-11 11:34:07,199][flwr][DEBUG] - fit_round 8 received 10 results and 0 failures
[2026-01-11 11:34:07,224][flwr][INFO] - fit progress: (8, 447.4173948764801, {'accuracy': 0.552}, 5.943586791006965)
[2026-01-11 11:34:07,224][flwr][INFO] - evaluate_round 8: no clients selected, cancel
[2026-01-11 11:34:07,225][flwr][DEBUG] - fit_round 9: strategy sampled 10 clients (out of 100)
[2026-01-11 11:34:07,458][flwr][DEBUG] - fit_round 9 received 10 results and 0 failures
[2026-01-11 11:34:07,483][flwr][INFO] - fit progress: (9, 733.0752816200256, {'accuracy': 0.488}, 6.201590291006141)
[2026-01-11 11:34:07,483][flwr][INFO] - evaluate_round 9: no clients selected, cancel
[2026-01-11 11:34:07,483][flwr][DEBUG] - fit_round 10: strategy sampled 10 clients (out of 100)
[2026-01-11 11:34:07,729][flwr][DEBUG] - fit_round 10 received 10 results and 0 failures
[2026-01-11 11:34:07,755][flwr][INFO] - fit progress: (10, 257.24974447488785, {'accuracy': 0.5565}, 6.473441583002568)
[2026-01-11 11:34:07,755][flwr][INFO] - evaluate_round 10: no clients selected, cancel
[2026-01-11 11:34:07,755][flwr][DEBUG] - fit_round 11: strategy sampled 10 clients (out of 100)
[2026-01-11 11:34:08,003][flwr][DEBUG] - fit_round 11 received 10 results and 0 failures
[2026-01-11 11:34:08,030][flwr][INFO] - fit progress: (11, 601.5199484825134, {'accuracy': 0.605}, 6.748569708011928)
[2026-01-11 11:34:08,030][flwr][INFO] - evaluate_round 11: no clients selected, cancel
[2026-01-11 11:34:08,031][flwr][DEBUG] - fit_round 12: strategy sampled 10 clients (out of 100)
[2026-01-11 11:34:08,281][flwr][DEBUG] - fit_round 12 received 10 results and 0 failures
[2026-01-11 11:34:08,413][flwr][INFO] - fit progress: (12, 448.50632095336914, {'accuracy': 0.6075}, 7.130450875003589)
[2026-01-11 11:34:08,413][flwr][INFO] - evaluate_round 12: no clients selected, cancel
[2026-01-11 11:34:08,413][flwr][DEBUG] - fit_round 13: strategy sampled 10 clients (out of 100)
[2026-01-11 11:34:08,751][flwr][DEBUG] - fit_round 13 received 10 results and 0 failures
[2026-01-11 11:34:08,777][flwr][INFO] - fit progress: (13, 250.3206067085266, {'accuracy': 0.606}, 7.4940868750127265)
[2026-01-11 11:34:08,777][flwr][INFO] - evaluate_round 13: no clients selected, cancel
[2026-01-11 11:34:08,777][flwr][DEBUG] - fit_round 14: strategy sampled 10 clients (out of 100)
[2026-01-11 11:34:09,036][flwr][DEBUG] - fit_round 14 received 10 results and 0 failures
[2026-01-11 11:34:09,061][flwr][INFO] - fit progress: (14, 1383.8629777431488, {'accuracy': 0.506}, 7.777788583000074)
[2026-01-11 11:34:09,061][flwr][INFO] - evaluate_round 14: no clients selected, cancel
[2026-01-11 11:34:09,061][flwr][DEBUG] - fit_round 15: strategy sampled 10 clients (out of 100)
[2026-01-11 11:34:09,300][flwr][DEBUG] - fit_round 15 received 10 results and 0 failures
[2026-01-11 11:34:09,325][flwr][INFO] - fit progress: (15, 333.29771614074707, {'accuracy': 0.5345}, 8.041818958008662)
[2026-01-11 11:34:09,325][flwr][INFO] - evaluate_round 15: no clients selected, cancel
[2026-01-11 11:34:09,326][flwr][DEBUG] - fit_round 16: strategy sampled 10 clients (out of 100)
[2026-01-11 11:34:09,571][flwr][DEBUG] - fit_round 16 received 10 results and 0 failures
[2026-01-11 11:34:09,598][flwr][INFO] - fit progress: (16, 349.84026765823364, {'accuracy': 0.589}, 8.3142734580033)
[2026-01-11 11:34:09,598][flwr][INFO] - evaluate_round 16: no clients selected, cancel
[2026-01-11 11:34:09,598][flwr][DEBUG] - fit_round 17: strategy sampled 10 clients (out of 100)
[2026-01-11 11:34:09,847][flwr][DEBUG] - fit_round 17 received 10 results and 0 failures
[2026-01-11 11:34:09,875][flwr][INFO] - fit progress: (17, 282.9371802806854, {'accuracy': 0.573}, 8.590858791008941)
[2026-01-11 11:34:09,875][flwr][INFO] - evaluate_round 17: no clients selected, cancel
[2026-01-11 11:34:09,875][flwr][DEBUG] - fit_round 18: strategy sampled 10 clients (out of 100)
[2026-01-11 11:34:10,139][flwr][DEBUG] - fit_round 18 received 10 results and 0 failures
[2026-01-11 11:34:10,163][flwr][INFO] - fit progress: (18, 430.99086260795593, {'accuracy': 0.4995}, 8.879140500008361)
[2026-01-11 11:34:10,163][flwr][INFO] - evaluate_round 18: no clients selected, cancel
[2026-01-11 11:34:10,164][flwr][DEBUG] - fit_round 19: strategy sampled 10 clients (out of 100)
[2026-01-11 11:34:10,417][flwr][DEBUG] - fit_round 19 received 10 results and 0 failures
[2026-01-11 11:34:10,443][flwr][INFO] - fit progress: (19, 1316.6674737930298, {'accuracy': 0.48}, 9.158811500004958)
[2026-01-11 11:34:10,443][flwr][INFO] - evaluate_round 19: no clients selected, cancel
[2026-01-11 11:34:10,444][flwr][DEBUG] - fit_round 20: strategy sampled 10 clients (out of 100)
[2026-01-11 11:34:10,694][flwr][DEBUG] - fit_round 20 received 10 results and 0 failures
[2026-01-11 11:34:10,719][flwr][INFO] - fit progress: (20, 319.513658285141, {'accuracy': 0.5325}, 9.43470891600009)
[2026-01-11 11:34:10,720][flwr][INFO] - evaluate_round 20: no clients selected, cancel
[2026-01-11 11:34:10,720][flwr][DEBUG] - fit_round 21: strategy sampled 10 clients (out of 100)
[2026-01-11 11:34:10,966][flwr][DEBUG] - fit_round 21 received 10 results and 0 failures
[2026-01-11 11:34:10,992][flwr][INFO] - fit progress: (21, 583.7616519927979, {'accuracy': 0.488}, 9.70670062499994)
[2026-01-11 11:34:10,992][flwr][INFO] - evaluate_round 21: no clients selected, cancel
[2026-01-11 11:34:10,992][flwr][DEBUG] - fit_round 22: strategy sampled 10 clients (out of 100)
[2026-01-11 11:34:11,229][flwr][DEBUG] - fit_round 22 received 10 results and 0 failures
[2026-01-11 11:34:11,255][flwr][INFO] - fit progress: (22, 1031.7118968963623, {'accuracy': 0.484}, 9.969893416011473)
[2026-01-11 11:34:11,255][flwr][INFO] - evaluate_round 22: no clients selected, cancel
[2026-01-11 11:34:11,256][flwr][DEBUG] - fit_round 23: strategy sampled 10 clients (out of 100)
[2026-01-11 11:34:11,505][flwr][DEBUG] - fit_round 23 received 10 results and 0 failures
[2026-01-11 11:34:11,531][flwr][INFO] - fit progress: (23, 3149.8794679641724, {'accuracy': 0.507}, 10.245465958010755)
[2026-01-11 11:34:11,531][flwr][INFO] - evaluate_round 23: no clients selected, cancel
[2026-01-11 11:34:11,531][flwr][DEBUG] - fit_round 24: strategy sampled 10 clients (out of 100)
[2026-01-11 11:34:11,795][flwr][DEBUG] - fit_round 24 received 10 results and 0 failures
[2026-01-11 11:34:11,824][flwr][INFO] - fit progress: (24, 2664.372880935669, {'accuracy': 0.507}, 10.538064083011704)
[2026-01-11 11:34:11,824][flwr][INFO] - evaluate_round 24: no clients selected, cancel
[2026-01-11 11:34:11,824][flwr][DEBUG] - fit_round 25: strategy sampled 10 clients (out of 100)
[2026-01-11 11:34:12,078][flwr][DEBUG] - fit_round 25 received 10 results and 0 failures
[2026-01-11 11:34:12,103][flwr][INFO] - fit progress: (25, 737.0767488479614, {'accuracy': 0.624}, 10.816909790999489)
[2026-01-11 11:34:12,103][flwr][INFO] - evaluate_round 25: no clients selected, cancel
[2026-01-11 11:34:12,103][flwr][DEBUG] - fit_round 26: strategy sampled 10 clients (out of 100)
[2026-01-11 11:34:12,352][flwr][DEBUG] - fit_round 26 received 10 results and 0 failures
[2026-01-11 11:34:12,376][flwr][INFO] - fit progress: (26, 622.8238697052002, {'accuracy': 0.511}, 11.090034749999177)
[2026-01-11 11:34:12,376][flwr][INFO] - evaluate_round 26: no clients selected, cancel
[2026-01-11 11:34:12,377][flwr][DEBUG] - fit_round 27: strategy sampled 10 clients (out of 100)
[2026-01-11 11:34:12,620][flwr][DEBUG] - fit_round 27 received 10 results and 0 failures
[2026-01-11 11:34:12,646][flwr][INFO] - fit progress: (27, 467.11562299728394, {'accuracy': 0.5175}, 11.359160375010106)
[2026-01-11 11:34:12,646][flwr][INFO] - evaluate_round 27: no clients selected, cancel
[2026-01-11 11:34:12,646][flwr][DEBUG] - fit_round 28: strategy sampled 10 clients (out of 100)
[2026-01-11 11:34:12,906][flwr][DEBUG] - fit_round 28 received 10 results and 0 failures
[2026-01-11 11:34:12,933][flwr][INFO] - fit progress: (28, 877.9355697631836, {'accuracy': 0.527}, 11.646058291007648)
[2026-01-11 11:34:12,933][flwr][INFO] - evaluate_round 28: no clients selected, cancel
[2026-01-11 11:34:12,933][flwr][DEBUG] - fit_round 29: strategy sampled 10 clients (out of 100)
[2026-01-11 11:34:13,185][flwr][DEBUG] - fit_round 29 received 10 results and 0 failures
[2026-01-11 11:34:13,210][flwr][INFO] - fit progress: (29, 1377.9034204483032, {'accuracy': 0.4325}, 11.92304145800881)
[2026-01-11 11:34:13,210][flwr][INFO] - evaluate_round 29: no clients selected, cancel
[2026-01-11 11:34:13,211][flwr][DEBUG] - fit_round 30: strategy sampled 10 clients (out of 100)
[2026-01-11 11:34:13,451][flwr][DEBUG] - fit_round 30 received 10 results and 0 failures
[2026-01-11 11:34:13,476][flwr][INFO] - fit progress: (30, 1279.612816810608, {'accuracy': 0.3965}, 12.188431083006435)
[2026-01-11 11:34:13,476][flwr][INFO] - evaluate_round 30: no clients selected, cancel
[2026-01-11 11:34:13,476][flwr][DEBUG] - fit_round 31: strategy sampled 10 clients (out of 100)
[2026-01-11 11:34:13,728][flwr][DEBUG] - fit_round 31 received 10 results and 0 failures
[2026-01-11 11:34:13,753][flwr][INFO] - fit progress: (31, 813.3451080322266, {'accuracy': 0.4045}, 12.46563266600424)
[2026-01-11 11:34:13,753][flwr][INFO] - evaluate_round 31: no clients selected, cancel
[2026-01-11 11:34:13,754][flwr][DEBUG] - fit_round 32: strategy sampled 10 clients (out of 100)
[2026-01-11 11:34:14,019][flwr][DEBUG] - fit_round 32 received 10 results and 0 failures
[2026-01-11 11:34:14,045][flwr][INFO] - fit progress: (32, 661.0434339046478, {'accuracy': 0.43}, 12.757339125004364)
[2026-01-11 11:34:14,045][flwr][INFO] - evaluate_round 32: no clients selected, cancel
[2026-01-11 11:34:14,046][flwr][DEBUG] - fit_round 33: strategy sampled 10 clients (out of 100)
[2026-01-11 11:34:14,321][flwr][DEBUG] - fit_round 33 received 10 results and 0 failures
[2026-01-11 11:34:14,346][flwr][INFO] - fit progress: (33, 397.5717432498932, {'accuracy': 0.6235}, 13.057997458003229)
[2026-01-11 11:34:14,346][flwr][INFO] - evaluate_round 33: no clients selected, cancel
[2026-01-11 11:34:14,346][flwr][DEBUG] - fit_round 34: strategy sampled 10 clients (out of 100)
[2026-01-11 11:34:14,605][flwr][DEBUG] - fit_round 34 received 10 results and 0 failures
[2026-01-11 11:34:14,629][flwr][INFO] - fit progress: (34, 1978.2081565856934, {'accuracy': 0.507}, 13.340698416010127)
[2026-01-11 11:34:14,629][flwr][INFO] - evaluate_round 34: no clients selected, cancel
[2026-01-11 11:34:14,629][flwr][DEBUG] - fit_round 35: strategy sampled 10 clients (out of 100)
[2026-01-11 11:34:14,889][flwr][DEBUG] - fit_round 35 received 10 results and 0 failures
[2026-01-11 11:34:14,915][flwr][INFO] - fit progress: (35, 352.09650206565857, {'accuracy': 0.634}, 13.626496833006968)
[2026-01-11 11:34:14,915][flwr][INFO] - evaluate_round 35: no clients selected, cancel
[2026-01-11 11:34:14,915][flwr][DEBUG] - fit_round 36: strategy sampled 10 clients (out of 100)
[2026-01-11 11:34:15,164][flwr][DEBUG] - fit_round 36 received 10 results and 0 failures
[2026-01-11 11:34:15,190][flwr][INFO] - fit progress: (36, 441.02302646636963, {'accuracy': 0.3985}, 13.901276333010173)
[2026-01-11 11:34:15,190][flwr][INFO] - evaluate_round 36: no clients selected, cancel
[2026-01-11 11:34:15,190][flwr][DEBUG] - fit_round 37: strategy sampled 10 clients (out of 100)
[2026-01-11 11:34:15,447][flwr][DEBUG] - fit_round 37 received 10 results and 0 failures
[2026-01-11 11:34:15,471][flwr][INFO] - fit progress: (37, 653.5311050415039, {'accuracy': 0.511}, 14.182248041004641)
[2026-01-11 11:34:15,471][flwr][INFO] - evaluate_round 37: no clients selected, cancel
[2026-01-11 11:34:15,472][flwr][DEBUG] - fit_round 38: strategy sampled 10 clients (out of 100)
[2026-01-11 11:34:15,717][flwr][DEBUG] - fit_round 38 received 10 results and 0 failures
[2026-01-11 11:34:15,742][flwr][INFO] - fit progress: (38, 662.9426550865173, {'accuracy': 0.477}, 14.453327458002605)
[2026-01-11 11:34:15,742][flwr][INFO] - evaluate_round 38: no clients selected, cancel
[2026-01-11 11:34:15,743][flwr][DEBUG] - fit_round 39: strategy sampled 10 clients (out of 100)
[2026-01-11 11:34:15,993][flwr][DEBUG] - fit_round 39 received 10 results and 0 failures
[2026-01-11 11:34:16,019][flwr][INFO] - fit progress: (39, 776.2511925697327, {'accuracy': 0.479}, 14.729641458005062)
[2026-01-11 11:34:16,019][flwr][INFO] - evaluate_round 39: no clients selected, cancel
[2026-01-11 11:34:16,019][flwr][DEBUG] - fit_round 40: strategy sampled 10 clients (out of 100)
[2026-01-11 11:34:16,275][flwr][DEBUG] - fit_round 40 received 10 results and 0 failures
[2026-01-11 11:34:16,302][flwr][INFO] - fit progress: (40, 329.75302267074585, {'accuracy': 0.4775}, 15.012321166010224)
[2026-01-11 11:34:16,302][flwr][INFO] - evaluate_round 40: no clients selected, cancel
[2026-01-11 11:34:16,302][flwr][DEBUG] - fit_round 41: strategy sampled 10 clients (out of 100)
[2026-01-11 11:34:16,554][flwr][DEBUG] - fit_round 41 received 10 results and 0 failures
[2026-01-11 11:34:16,579][flwr][INFO] - fit progress: (41, 423.0978126525879, {'accuracy': 0.584}, 15.289600666001206)
[2026-01-11 11:34:16,579][flwr][INFO] - evaluate_round 41: no clients selected, cancel
[2026-01-11 11:34:16,580][flwr][DEBUG] - fit_round 42: strategy sampled 10 clients (out of 100)
[2026-01-11 11:34:16,829][flwr][DEBUG] - fit_round 42 received 10 results and 0 failures
[2026-01-11 11:34:16,854][flwr][INFO] - fit progress: (42, 206.06116318702698, {'accuracy': 0.478}, 15.564316125004552)
[2026-01-11 11:34:16,854][flwr][INFO] - evaluate_round 42: no clients selected, cancel
[2026-01-11 11:34:16,855][flwr][DEBUG] - fit_round 43: strategy sampled 10 clients (out of 100)
[2026-01-11 11:34:17,120][flwr][DEBUG] - fit_round 43 received 10 results and 0 failures
[2026-01-11 11:34:17,146][flwr][INFO] - fit progress: (43, 206.2524026632309, {'accuracy': 0.5655}, 15.856073166010901)
[2026-01-11 11:34:17,146][flwr][INFO] - evaluate_round 43: no clients selected, cancel
[2026-01-11 11:34:17,147][flwr][DEBUG] - fit_round 44: strategy sampled 10 clients (out of 100)
[2026-01-11 11:34:17,395][flwr][DEBUG] - fit_round 44 received 10 results and 0 failures
[2026-01-11 11:34:17,420][flwr][INFO] - fit progress: (44, 444.07992458343506, {'accuracy': 0.454}, 16.129812541010324)
[2026-01-11 11:34:17,420][flwr][INFO] - evaluate_round 44: no clients selected, cancel
[2026-01-11 11:34:17,421][flwr][DEBUG] - fit_round 45: strategy sampled 10 clients (out of 100)
[2026-01-11 11:34:17,814][flwr][DEBUG] - fit_round 45 received 10 results and 0 failures
[2026-01-11 11:34:17,840][flwr][INFO] - fit progress: (45, 260.06670331954956, {'accuracy': 0.4915}, 16.550041541006067)
[2026-01-11 11:34:17,841][flwr][INFO] - evaluate_round 45: no clients selected, cancel
[2026-01-11 11:34:17,841][flwr][DEBUG] - fit_round 46: strategy sampled 10 clients (out of 100)
[2026-01-11 11:34:18,101][flwr][DEBUG] - fit_round 46 received 10 results and 0 failures
[2026-01-11 11:34:18,127][flwr][INFO] - fit progress: (46, 173.72169983386993, {'accuracy': 0.568}, 16.836618375004036)
[2026-01-11 11:34:18,127][flwr][INFO] - evaluate_round 46: no clients selected, cancel
[2026-01-11 11:34:18,128][flwr][DEBUG] - fit_round 47: strategy sampled 10 clients (out of 100)
[2026-01-11 11:34:18,383][flwr][DEBUG] - fit_round 47 received 10 results and 0 failures
[2026-01-11 11:34:18,407][flwr][INFO] - fit progress: (47, 375.51132011413574, {'accuracy': 0.601}, 17.116658291008207)
[2026-01-11 11:34:18,408][flwr][INFO] - evaluate_round 47: no clients selected, cancel
[2026-01-11 11:34:18,408][flwr][DEBUG] - fit_round 48: strategy sampled 10 clients (out of 100)
[2026-01-11 11:34:18,656][flwr][DEBUG] - fit_round 48 received 10 results and 0 failures
[2026-01-11 11:34:18,681][flwr][INFO] - fit progress: (48, 441.0320403575897, {'accuracy': 0.398}, 17.389600958005758)
[2026-01-11 11:34:18,681][flwr][INFO] - evaluate_round 48: no clients selected, cancel
[2026-01-11 11:34:18,681][flwr][DEBUG] - fit_round 49: strategy sampled 10 clients (out of 100)
[2026-01-11 11:34:18,941][flwr][DEBUG] - fit_round 49 received 10 results and 0 failures
[2026-01-11 11:34:18,966][flwr][INFO] - fit progress: (49, 136.7623671889305, {'accuracy': 0.5505}, 17.675170416012406)
[2026-01-11 11:34:18,966][flwr][INFO] - evaluate_round 49: no clients selected, cancel
[2026-01-11 11:34:18,967][flwr][DEBUG] - fit_round 50: strategy sampled 10 clients (out of 100)
[2026-01-11 11:34:19,215][flwr][DEBUG] - fit_round 50 received 10 results and 0 failures
[2026-01-11 11:34:19,240][flwr][INFO] - fit progress: (50, 205.38134133815765, {'accuracy': 0.471}, 17.949098000011873)
[2026-01-11 11:34:19,241][flwr][INFO] - evaluate_round 50: no clients selected, cancel
[2026-01-11 11:34:19,241][flwr][INFO] - FL finished in 17.94932158300071
[2026-01-11 11:34:19,241][flwr][INFO] - app_fit: losses_distributed []
[2026-01-11 11:34:19,241][flwr][INFO] - app_fit: metrics_distributed_fit {'c_global_norm': [(1, 10.766813763454127), (2, 41.712853472900704), (3, 47.13343783051824), (4, 44.14313350605089), (5, 35.941213532022246), (6, 42.246018306754756), (7, 32.517122863848996), (8, 38.67773329009492), (9, 32.080491816206276), (10, 32.55320815113921), (11, 34.91852847456286), (12, 30.30292971834193), (13, 33.69203883011215), (14, 41.50798068235973), (15, 34.31814353683514), (16, 30.27079540511974), (17, 28.647530563475343), (18, 27.106750255680375), (19, 28.27460218667448), (20, 27.16646217979124), (21, 25.745743649741136), (22, 29.31983532251739), (23, 25.028207239193787), (24, 25.64327178442239), (25, 24.296430086925778), (26, 20.936318959190846), (27, 15.837539298257944), (28, 15.978481082391651), (29, 16.551721686158874), (30, 16.560291877238342), (31, 17.32799453617443), (32, 16.621592480789637), (33, 15.782485641601063), (34, 16.161936911962204), (35, 14.371210602235738), (36, 21.570853221378904), (37, 19.913596517828513), (38, 19.94805738699923), (39, 23.930845067605098), (40, 27.521512737642624), (41, 33.17509978796088), (42, 37.76840242676969), (43, 32.05831859605803), (44, 31.238645703392457), (45, 34.75303857540652), (46, 35.47328709559255), (47, 34.67881098338016), (48, 30.419023142070927), (49, 25.774014709614097), (50, 29.527435621534256)], 'num_clients': [(1, 10), (2, 10), (3, 10), (4, 10), (5, 10), (6, 10), (7, 10), (8, 10), (9, 10), (10, 10), (11, 10), (12, 10), (13, 10), (14, 10), (15, 10), (16, 10), (17, 10), (18, 10), (19, 10), (20, 10), (21, 10), (22, 10), (23, 10), (24, 10), (25, 10), (26, 10), (27, 10), (28, 10), (29, 10), (30, 10), (31, 10), (32, 10), (33, 10), (34, 10), (35, 10), (36, 10), (37, 10), (38, 10), (39, 10), (40, 10), (41, 10), (42, 10), (43, 10), (44, 10), (45, 10), (46, 10), (47, 10), (48, 10), (49, 10), (50, 10)]}
[2026-01-11 11:34:19,241][flwr][INFO] - app_fit: metrics_distributed {}
[2026-01-11 11:34:19,241][flwr][INFO] - app_fit: losses_centralized [(0, 71.80140054225922), (1, 87.03027808666229), (2, 736.6833491325378), (3, 1514.4711656570435), (4, 1619.3973598480225), (5, 892.2209973335266), (6, 448.22646832466125), (7, 1002.8990964889526), (8, 447.4173948764801), (9, 733.0752816200256), (10, 257.24974447488785), (11, 601.5199484825134), (12, 448.50632095336914), (13, 250.3206067085266), (14, 1383.8629777431488), (15, 333.29771614074707), (16, 349.84026765823364), (17, 282.9371802806854), (18, 430.99086260795593), (19, 1316.6674737930298), (20, 319.513658285141), (21, 583.7616519927979), (22, 1031.7118968963623), (23, 3149.8794679641724), (24, 2664.372880935669), (25, 737.0767488479614), (26, 622.8238697052002), (27, 467.11562299728394), (28, 877.9355697631836), (29, 1377.9034204483032), (30, 1279.612816810608), (31, 813.3451080322266), (32, 661.0434339046478), (33, 397.5717432498932), (34, 1978.2081565856934), (35, 352.09650206565857), (36, 441.02302646636963), (37, 653.5311050415039), (38, 662.9426550865173), (39, 776.2511925697327), (40, 329.75302267074585), (41, 423.0978126525879), (42, 206.06116318702698), (43, 206.2524026632309), (44, 444.07992458343506), (45, 260.06670331954956), (46, 173.72169983386993), (47, 375.51132011413574), (48, 441.0320403575897), (49, 136.7623671889305), (50, 205.38134133815765)]
[2026-01-11 11:34:19,241][flwr][INFO] - app_fit: metrics_centralized {'accuracy': [(0, 0.238), (1, 0.507), (2, 0.527), (3, 0.606), (4, 0.6235), (5, 0.5445), (6, 0.5565), (7, 0.496), (8, 0.552), (9, 0.488), (10, 0.5565), (11, 0.605), (12, 0.6075), (13, 0.606), (14, 0.506), (15, 0.5345), (16, 0.589), (17, 0.573), (18, 0.4995), (19, 0.48), (20, 0.5325), (21, 0.488), (22, 0.484), (23, 0.507), (24, 0.507), (25, 0.624), (26, 0.511), (27, 0.5175), (28, 0.527), (29, 0.4325), (30, 0.3965), (31, 0.4045), (32, 0.43), (33, 0.6235), (34, 0.507), (35, 0.634), (36, 0.3985), (37, 0.511), (38, 0.477), (39, 0.479), (40, 0.4775), (41, 0.584), (42, 0.478), (43, 0.5655), (44, 0.454), (45, 0.4915), (46, 0.568), (47, 0.601), (48, 0.398), (49, 0.5505), (50, 0.471)]}
