[2026-01-11 12:51:38,515][flwr][INFO] - Starting Flower simulation, config: ServerConfig(num_rounds=50, round_timeout=None)
[2026-01-11 12:51:43,192][flwr][INFO] - Flower VCE: Ray initialized with resources: {'memory': 12047755264.0, 'object_store_memory': 2147483648.0, 'CPU': 10.0, 'node:127.0.0.1': 1.0}
[2026-01-11 12:51:43,193][flwr][INFO] - Initializing global parameters
[2026-01-11 12:51:43,193][flwr][INFO] - Using initial parameters provided by strategy
[2026-01-11 12:51:43,193][flwr][INFO] - Evaluating initial parameters
[2026-01-11 12:51:43,220][flwr][INFO] - initial parameters (loss, other metrics): 68.07474291324615, {'accuracy': 0.507}
[2026-01-11 12:51:43,221][flwr][INFO] - FL starting
[2026-01-11 12:51:43,221][flwr][DEBUG] - fit_round 1: strategy sampled 100 clients (out of 100)
[2026-01-11 12:51:47,649][flwr][DEBUG] - fit_round 1 received 100 results and 0 failures
[2026-01-11 12:51:47,682][flwr][WARNING] - No fit_metrics_aggregation_fn provided
[2026-01-11 12:51:47,712][flwr][INFO] - fit progress: (1, 66.02603054046631, {'accuracy': 0.507}, 4.491593500002637)
[2026-01-11 12:51:47,713][flwr][DEBUG] - evaluate_round 1: strategy sampled 100 clients (out of 100)
[2026-01-11 12:51:48,099][flwr][DEBUG] - evaluate_round 1 received 100 results and 0 failures
[2026-01-11 12:51:48,100][flwr][WARNING] - No evaluate_metrics_aggregation_fn provided
[2026-01-11 12:51:48,100][flwr][DEBUG] - fit_round 2: strategy sampled 100 clients (out of 100)
[2026-01-11 12:51:48,588][flwr][DEBUG] - fit_round 2 received 100 results and 0 failures
[2026-01-11 12:51:48,637][flwr][INFO] - fit progress: (2, 65.29290956258774, {'accuracy': 0.507}, 5.416733833000762)
[2026-01-11 12:51:48,638][flwr][DEBUG] - evaluate_round 2: strategy sampled 100 clients (out of 100)
[2026-01-11 12:51:49,034][flwr][DEBUG] - evaluate_round 2 received 100 results and 0 failures
[2026-01-11 12:51:49,035][flwr][DEBUG] - fit_round 3: strategy sampled 100 clients (out of 100)
[2026-01-11 12:51:49,508][flwr][DEBUG] - fit_round 3 received 100 results and 0 failures
[2026-01-11 12:51:49,561][flwr][INFO] - fit progress: (3, 65.21216517686844, {'accuracy': 0.507}, 6.3404835000110324)
[2026-01-11 12:51:49,561][flwr][DEBUG] - evaluate_round 3: strategy sampled 100 clients (out of 100)
[2026-01-11 12:51:49,942][flwr][DEBUG] - evaluate_round 3 received 100 results and 0 failures
[2026-01-11 12:51:49,943][flwr][DEBUG] - fit_round 4: strategy sampled 100 clients (out of 100)
[2026-01-11 12:51:50,382][flwr][DEBUG] - fit_round 4 received 100 results and 0 failures
[2026-01-11 12:51:50,433][flwr][INFO] - fit progress: (4, 65.22422647476196, {'accuracy': 0.507}, 7.212519625012646)
[2026-01-11 12:51:50,433][flwr][DEBUG] - evaluate_round 4: strategy sampled 100 clients (out of 100)
[2026-01-11 12:51:50,809][flwr][DEBUG] - evaluate_round 4 received 100 results and 0 failures
[2026-01-11 12:51:50,809][flwr][DEBUG] - fit_round 5: strategy sampled 100 clients (out of 100)
[2026-01-11 12:51:51,247][flwr][DEBUG] - fit_round 5 received 100 results and 0 failures
[2026-01-11 12:51:51,299][flwr][INFO] - fit progress: (5, 65.02806586027145, {'accuracy': 0.507}, 8.078453000009176)
[2026-01-11 12:51:51,299][flwr][DEBUG] - evaluate_round 5: strategy sampled 100 clients (out of 100)
[2026-01-11 12:51:51,668][flwr][DEBUG] - evaluate_round 5 received 100 results and 0 failures
[2026-01-11 12:51:51,668][flwr][DEBUG] - fit_round 6: strategy sampled 100 clients (out of 100)
[2026-01-11 12:51:52,127][flwr][DEBUG] - fit_round 6 received 100 results and 0 failures
[2026-01-11 12:51:52,177][flwr][INFO] - fit progress: (6, 64.54615843296051, {'accuracy': 0.508}, 8.955958042002749)
[2026-01-11 12:51:52,177][flwr][DEBUG] - evaluate_round 6: strategy sampled 100 clients (out of 100)
[2026-01-11 12:51:52,538][flwr][DEBUG] - evaluate_round 6 received 100 results and 0 failures
[2026-01-11 12:51:52,539][flwr][DEBUG] - fit_round 7: strategy sampled 100 clients (out of 100)
[2026-01-11 12:51:52,990][flwr][DEBUG] - fit_round 7 received 100 results and 0 failures
[2026-01-11 12:51:53,041][flwr][INFO] - fit progress: (7, 63.82493591308594, {'accuracy': 0.5095}, 9.820182208000915)
[2026-01-11 12:51:53,041][flwr][DEBUG] - evaluate_round 7: strategy sampled 100 clients (out of 100)
[2026-01-11 12:51:53,402][flwr][DEBUG] - evaluate_round 7 received 100 results and 0 failures
[2026-01-11 12:51:53,403][flwr][DEBUG] - fit_round 8: strategy sampled 100 clients (out of 100)
[2026-01-11 12:51:53,849][flwr][DEBUG] - fit_round 8 received 100 results and 0 failures
[2026-01-11 12:51:53,901][flwr][INFO] - fit progress: (8, 62.92951154708862, {'accuracy': 0.517}, 10.679863167009898)
[2026-01-11 12:51:53,901][flwr][DEBUG] - evaluate_round 8: strategy sampled 100 clients (out of 100)
[2026-01-11 12:51:54,263][flwr][DEBUG] - evaluate_round 8 received 100 results and 0 failures
[2026-01-11 12:51:54,264][flwr][DEBUG] - fit_round 9: strategy sampled 100 clients (out of 100)
[2026-01-11 12:51:54,690][flwr][DEBUG] - fit_round 9 received 100 results and 0 failures
[2026-01-11 12:51:54,741][flwr][INFO] - fit progress: (9, 61.8238291144371, {'accuracy': 0.5225}, 11.520398874999955)
[2026-01-11 12:51:54,741][flwr][DEBUG] - evaluate_round 9: strategy sampled 100 clients (out of 100)
[2026-01-11 12:51:55,119][flwr][DEBUG] - evaluate_round 9 received 100 results and 0 failures
[2026-01-11 12:51:55,119][flwr][DEBUG] - fit_round 10: strategy sampled 100 clients (out of 100)
[2026-01-11 12:51:55,575][flwr][DEBUG] - fit_round 10 received 100 results and 0 failures
[2026-01-11 12:51:55,627][flwr][INFO] - fit progress: (10, 60.60720509290695, {'accuracy': 0.5395}, 12.406115542005864)
[2026-01-11 12:51:55,627][flwr][DEBUG] - evaluate_round 10: strategy sampled 100 clients (out of 100)
[2026-01-11 12:51:56,009][flwr][DEBUG] - evaluate_round 10 received 100 results and 0 failures
[2026-01-11 12:51:56,010][flwr][DEBUG] - fit_round 11: strategy sampled 100 clients (out of 100)
[2026-01-11 12:51:56,443][flwr][DEBUG] - fit_round 11 received 100 results and 0 failures
[2026-01-11 12:51:56,494][flwr][INFO] - fit progress: (11, 59.20623731613159, {'accuracy': 0.561}, 13.27283037500456)
[2026-01-11 12:51:56,494][flwr][DEBUG] - evaluate_round 11: strategy sampled 100 clients (out of 100)
[2026-01-11 12:51:56,858][flwr][DEBUG] - evaluate_round 11 received 100 results and 0 failures
[2026-01-11 12:51:56,859][flwr][DEBUG] - fit_round 12: strategy sampled 100 clients (out of 100)
[2026-01-11 12:51:57,380][flwr][DEBUG] - fit_round 12 received 100 results and 0 failures
[2026-01-11 12:51:57,444][flwr][INFO] - fit progress: (12, 57.83788466453552, {'accuracy': 0.576}, 14.222919457999524)
[2026-01-11 12:51:57,444][flwr][DEBUG] - evaluate_round 12: strategy sampled 100 clients (out of 100)
[2026-01-11 12:51:57,857][flwr][DEBUG] - evaluate_round 12 received 100 results and 0 failures
[2026-01-11 12:51:57,857][flwr][DEBUG] - fit_round 13: strategy sampled 100 clients (out of 100)
[2026-01-11 12:51:58,348][flwr][DEBUG] - fit_round 13 received 100 results and 0 failures
[2026-01-11 12:51:58,399][flwr][INFO] - fit progress: (13, 56.541305005550385, {'accuracy': 0.58}, 15.178191708007944)
[2026-01-11 12:51:58,399][flwr][DEBUG] - evaluate_round 13: strategy sampled 100 clients (out of 100)
[2026-01-11 12:51:58,800][flwr][DEBUG] - evaluate_round 13 received 100 results and 0 failures
[2026-01-11 12:51:58,801][flwr][DEBUG] - fit_round 14: strategy sampled 100 clients (out of 100)
[2026-01-11 12:51:59,362][flwr][DEBUG] - fit_round 14 received 100 results and 0 failures
[2026-01-11 12:51:59,418][flwr][INFO] - fit progress: (14, 55.32941675186157, {'accuracy': 0.586}, 16.197099292010535)
[2026-01-11 12:51:59,418][flwr][DEBUG] - evaluate_round 14: strategy sampled 100 clients (out of 100)
[2026-01-11 12:51:59,860][flwr][DEBUG] - evaluate_round 14 received 100 results and 0 failures
[2026-01-11 12:51:59,860][flwr][DEBUG] - fit_round 15: strategy sampled 100 clients (out of 100)
[2026-01-11 12:52:00,405][flwr][DEBUG] - fit_round 15 received 100 results and 0 failures
[2026-01-11 12:52:00,458][flwr][INFO] - fit progress: (15, 54.34672439098358, {'accuracy': 0.5915}, 17.23737775000336)
[2026-01-11 12:52:00,458][flwr][DEBUG] - evaluate_round 15: strategy sampled 100 clients (out of 100)
[2026-01-11 12:52:00,958][flwr][DEBUG] - evaluate_round 15 received 100 results and 0 failures
[2026-01-11 12:52:00,958][flwr][DEBUG] - fit_round 16: strategy sampled 100 clients (out of 100)
[2026-01-11 12:52:04,303][flwr][DEBUG] - fit_round 16 received 100 results and 0 failures
[2026-01-11 12:52:04,430][flwr][INFO] - fit progress: (16, 53.421803295612335, {'accuracy': 0.5905}, 21.209469833003823)
[2026-01-11 12:52:04,431][flwr][DEBUG] - evaluate_round 16: strategy sampled 100 clients (out of 100)
[2026-01-11 12:52:05,045][flwr][DEBUG] - evaluate_round 16 received 100 results and 0 failures
[2026-01-11 12:52:05,046][flwr][DEBUG] - fit_round 17: strategy sampled 100 clients (out of 100)
[2026-01-11 12:52:05,764][flwr][DEBUG] - fit_round 17 received 100 results and 0 failures
[2026-01-11 12:52:05,826][flwr][INFO] - fit progress: (17, 52.72282516956329, {'accuracy': 0.5915}, 22.604832333003287)
[2026-01-11 12:52:05,826][flwr][DEBUG] - evaluate_round 17: strategy sampled 100 clients (out of 100)
[2026-01-11 12:52:06,283][flwr][DEBUG] - evaluate_round 17 received 100 results and 0 failures
[2026-01-11 12:52:06,284][flwr][DEBUG] - fit_round 18: strategy sampled 100 clients (out of 100)
[2026-01-11 12:52:06,923][flwr][DEBUG] - fit_round 18 received 100 results and 0 failures
[2026-01-11 12:52:06,984][flwr][INFO] - fit progress: (18, 52.15432095527649, {'accuracy': 0.5925}, 23.763560542007326)
[2026-01-11 12:52:06,985][flwr][DEBUG] - evaluate_round 18: strategy sampled 100 clients (out of 100)
[2026-01-11 12:52:07,526][flwr][DEBUG] - evaluate_round 18 received 100 results and 0 failures
[2026-01-11 12:52:07,527][flwr][DEBUG] - fit_round 19: strategy sampled 100 clients (out of 100)
[2026-01-11 12:52:08,103][flwr][DEBUG] - fit_round 19 received 100 results and 0 failures
[2026-01-11 12:52:08,191][flwr][INFO] - fit progress: (19, 51.67604511976242, {'accuracy': 0.5915}, 24.97069650000776)
[2026-01-11 12:52:08,192][flwr][DEBUG] - evaluate_round 19: strategy sampled 100 clients (out of 100)
[2026-01-11 12:52:08,728][flwr][DEBUG] - evaluate_round 19 received 100 results and 0 failures
[2026-01-11 12:52:08,730][flwr][DEBUG] - fit_round 20: strategy sampled 100 clients (out of 100)
[2026-01-11 12:52:09,645][flwr][DEBUG] - fit_round 20 received 100 results and 0 failures
[2026-01-11 12:52:09,853][flwr][INFO] - fit progress: (20, 51.24256819486618, {'accuracy': 0.5925}, 26.63178979200893)
[2026-01-11 12:52:09,853][flwr][DEBUG] - evaluate_round 20: strategy sampled 100 clients (out of 100)
[2026-01-11 12:52:10,383][flwr][DEBUG] - evaluate_round 20 received 100 results and 0 failures
[2026-01-11 12:52:10,383][flwr][DEBUG] - fit_round 21: strategy sampled 100 clients (out of 100)
[2026-01-11 12:52:10,914][flwr][DEBUG] - fit_round 21 received 100 results and 0 failures
[2026-01-11 12:52:10,970][flwr][INFO] - fit progress: (21, 50.992881655693054, {'accuracy': 0.5925}, 27.748844917005044)
[2026-01-11 12:52:10,970][flwr][DEBUG] - evaluate_round 21: strategy sampled 100 clients (out of 100)
[2026-01-11 12:52:11,433][flwr][DEBUG] - evaluate_round 21 received 100 results and 0 failures
[2026-01-11 12:52:11,433][flwr][DEBUG] - fit_round 22: strategy sampled 100 clients (out of 100)
[2026-01-11 12:52:12,055][flwr][DEBUG] - fit_round 22 received 100 results and 0 failures
[2026-01-11 12:52:12,115][flwr][INFO] - fit progress: (22, 50.69502943754196, {'accuracy': 0.5935}, 28.894223082999815)
[2026-01-11 12:52:12,116][flwr][DEBUG] - evaluate_round 22: strategy sampled 100 clients (out of 100)
[2026-01-11 12:52:12,576][flwr][DEBUG] - evaluate_round 22 received 100 results and 0 failures
[2026-01-11 12:52:12,577][flwr][DEBUG] - fit_round 23: strategy sampled 100 clients (out of 100)
[2026-01-11 12:52:13,200][flwr][DEBUG] - fit_round 23 received 100 results and 0 failures
[2026-01-11 12:52:13,258][flwr][INFO] - fit progress: (23, 50.436865627765656, {'accuracy': 0.595}, 30.036831875011558)
[2026-01-11 12:52:13,258][flwr][DEBUG] - evaluate_round 23: strategy sampled 100 clients (out of 100)
[2026-01-11 12:52:13,785][flwr][DEBUG] - evaluate_round 23 received 100 results and 0 failures
[2026-01-11 12:52:13,785][flwr][DEBUG] - fit_round 24: strategy sampled 100 clients (out of 100)
[2026-01-11 12:52:14,283][flwr][DEBUG] - fit_round 24 received 100 results and 0 failures
[2026-01-11 12:52:14,347][flwr][INFO] - fit progress: (24, 50.25387716293335, {'accuracy': 0.595}, 31.125758167007007)
[2026-01-11 12:52:14,347][flwr][DEBUG] - evaluate_round 24: strategy sampled 100 clients (out of 100)
[2026-01-11 12:52:14,734][flwr][DEBUG] - evaluate_round 24 received 100 results and 0 failures
[2026-01-11 12:52:14,734][flwr][DEBUG] - fit_round 25: strategy sampled 100 clients (out of 100)
[2026-01-11 12:52:15,213][flwr][DEBUG] - fit_round 25 received 100 results and 0 failures
[2026-01-11 12:52:15,264][flwr][INFO] - fit progress: (25, 50.10494750738144, {'accuracy': 0.5935}, 32.043087167010526)
[2026-01-11 12:52:15,264][flwr][DEBUG] - evaluate_round 25: strategy sampled 100 clients (out of 100)
[2026-01-11 12:52:15,663][flwr][DEBUG] - evaluate_round 25 received 100 results and 0 failures
[2026-01-11 12:52:15,663][flwr][DEBUG] - fit_round 26: strategy sampled 100 clients (out of 100)
[2026-01-11 12:52:16,227][flwr][DEBUG] - fit_round 26 received 100 results and 0 failures
[2026-01-11 12:52:16,280][flwr][INFO] - fit progress: (26, 49.89311617612839, {'accuracy': 0.594}, 33.059438542011776)
[2026-01-11 12:52:16,281][flwr][DEBUG] - evaluate_round 26: strategy sampled 100 clients (out of 100)
[2026-01-11 12:52:16,698][flwr][DEBUG] - evaluate_round 26 received 100 results and 0 failures
[2026-01-11 12:52:16,699][flwr][DEBUG] - fit_round 27: strategy sampled 100 clients (out of 100)
[2026-01-11 12:52:17,193][flwr][DEBUG] - fit_round 27 received 100 results and 0 failures
[2026-01-11 12:52:17,246][flwr][INFO] - fit progress: (27, 49.827511340379715, {'accuracy': 0.594}, 34.025599083004636)
[2026-01-11 12:52:17,247][flwr][DEBUG] - evaluate_round 27: strategy sampled 100 clients (out of 100)
[2026-01-11 12:52:17,628][flwr][DEBUG] - evaluate_round 27 received 100 results and 0 failures
[2026-01-11 12:52:17,628][flwr][DEBUG] - fit_round 28: strategy sampled 100 clients (out of 100)
[2026-01-11 12:52:18,106][flwr][DEBUG] - fit_round 28 received 100 results and 0 failures
[2026-01-11 12:52:18,159][flwr][INFO] - fit progress: (28, 49.68009316921234, {'accuracy': 0.5935}, 34.93786825001007)
[2026-01-11 12:52:18,159][flwr][DEBUG] - evaluate_round 28: strategy sampled 100 clients (out of 100)
[2026-01-11 12:52:18,568][flwr][DEBUG] - evaluate_round 28 received 100 results and 0 failures
[2026-01-11 12:52:18,568][flwr][DEBUG] - fit_round 29: strategy sampled 100 clients (out of 100)
[2026-01-11 12:52:19,029][flwr][DEBUG] - fit_round 29 received 100 results and 0 failures
[2026-01-11 12:52:19,081][flwr][INFO] - fit progress: (29, 49.5819291472435, {'accuracy': 0.5935}, 35.860619750004844)
[2026-01-11 12:52:19,082][flwr][DEBUG] - evaluate_round 29: strategy sampled 100 clients (out of 100)
[2026-01-11 12:52:19,484][flwr][DEBUG] - evaluate_round 29 received 100 results and 0 failures
[2026-01-11 12:52:19,484][flwr][DEBUG] - fit_round 30: strategy sampled 100 clients (out of 100)
[2026-01-11 12:52:20,126][flwr][DEBUG] - fit_round 30 received 100 results and 0 failures
[2026-01-11 12:52:20,199][flwr][INFO] - fit progress: (30, 49.43063974380493, {'accuracy': 0.595}, 36.97821766701236)
[2026-01-11 12:52:20,199][flwr][DEBUG] - evaluate_round 30: strategy sampled 100 clients (out of 100)
[2026-01-11 12:52:20,681][flwr][DEBUG] - evaluate_round 30 received 100 results and 0 failures
[2026-01-11 12:52:20,681][flwr][DEBUG] - fit_round 31: strategy sampled 100 clients (out of 100)
[2026-01-11 12:52:21,249][flwr][DEBUG] - fit_round 31 received 100 results and 0 failures
[2026-01-11 12:52:21,311][flwr][INFO] - fit progress: (31, 49.3074235022068, {'accuracy': 0.596}, 38.09066137501213)
[2026-01-11 12:52:21,312][flwr][DEBUG] - evaluate_round 31: strategy sampled 100 clients (out of 100)
[2026-01-11 12:52:21,701][flwr][DEBUG] - evaluate_round 31 received 100 results and 0 failures
[2026-01-11 12:52:21,702][flwr][DEBUG] - fit_round 32: strategy sampled 100 clients (out of 100)
[2026-01-11 12:52:22,343][flwr][DEBUG] - fit_round 32 received 100 results and 0 failures
[2026-01-11 12:52:22,397][flwr][INFO] - fit progress: (32, 49.33614507317543, {'accuracy': 0.5955}, 39.17645470800926)
[2026-01-11 12:52:22,398][flwr][DEBUG] - evaluate_round 32: strategy sampled 100 clients (out of 100)
[2026-01-11 12:52:22,808][flwr][DEBUG] - evaluate_round 32 received 100 results and 0 failures
[2026-01-11 12:52:22,809][flwr][DEBUG] - fit_round 33: strategy sampled 100 clients (out of 100)
[2026-01-11 12:52:23,413][flwr][DEBUG] - fit_round 33 received 100 results and 0 failures
[2026-01-11 12:52:23,468][flwr][INFO] - fit progress: (33, 49.272006034851074, {'accuracy': 0.596}, 40.246965000013006)
[2026-01-11 12:52:23,468][flwr][DEBUG] - evaluate_round 33: strategy sampled 100 clients (out of 100)
[2026-01-11 12:52:23,903][flwr][DEBUG] - evaluate_round 33 received 100 results and 0 failures
[2026-01-11 12:52:23,904][flwr][DEBUG] - fit_round 34: strategy sampled 100 clients (out of 100)
[2026-01-11 12:52:24,527][flwr][DEBUG] - fit_round 34 received 100 results and 0 failures
[2026-01-11 12:52:24,578][flwr][INFO] - fit progress: (34, 49.2278226017952, {'accuracy': 0.596}, 41.35763129200495)
[2026-01-11 12:52:24,579][flwr][DEBUG] - evaluate_round 34: strategy sampled 100 clients (out of 100)
[2026-01-11 12:52:24,956][flwr][DEBUG] - evaluate_round 34 received 100 results and 0 failures
[2026-01-11 12:52:24,956][flwr][DEBUG] - fit_round 35: strategy sampled 100 clients (out of 100)
[2026-01-11 12:52:25,479][flwr][DEBUG] - fit_round 35 received 100 results and 0 failures
[2026-01-11 12:52:25,530][flwr][INFO] - fit progress: (35, 49.10282102227211, {'accuracy': 0.596}, 42.30954175000079)
[2026-01-11 12:52:25,531][flwr][DEBUG] - evaluate_round 35: strategy sampled 100 clients (out of 100)
[2026-01-11 12:52:25,931][flwr][DEBUG] - evaluate_round 35 received 100 results and 0 failures
[2026-01-11 12:52:25,931][flwr][DEBUG] - fit_round 36: strategy sampled 100 clients (out of 100)
[2026-01-11 12:52:26,533][flwr][DEBUG] - fit_round 36 received 100 results and 0 failures
[2026-01-11 12:52:26,590][flwr][INFO] - fit progress: (36, 49.007420033216476, {'accuracy': 0.596}, 43.36917041700508)
[2026-01-11 12:52:26,590][flwr][DEBUG] - evaluate_round 36: strategy sampled 100 clients (out of 100)
[2026-01-11 12:52:27,151][flwr][DEBUG] - evaluate_round 36 received 100 results and 0 failures
[2026-01-11 12:52:27,151][flwr][DEBUG] - fit_round 37: strategy sampled 100 clients (out of 100)
[2026-01-11 12:52:27,942][flwr][DEBUG] - fit_round 37 received 100 results and 0 failures
[2026-01-11 12:52:27,996][flwr][INFO] - fit progress: (37, 48.981833040714264, {'accuracy': 0.596}, 44.77487804200791)
[2026-01-11 12:52:27,996][flwr][DEBUG] - evaluate_round 37: strategy sampled 100 clients (out of 100)
[2026-01-11 12:52:28,467][flwr][DEBUG] - evaluate_round 37 received 100 results and 0 failures
[2026-01-11 12:52:28,468][flwr][DEBUG] - fit_round 38: strategy sampled 100 clients (out of 100)
[2026-01-11 12:52:28,955][flwr][DEBUG] - fit_round 38 received 100 results and 0 failures
[2026-01-11 12:52:29,012][flwr][INFO] - fit progress: (38, 48.778085350990295, {'accuracy': 0.5965}, 45.79128554199997)
[2026-01-11 12:52:29,012][flwr][DEBUG] - evaluate_round 38: strategy sampled 100 clients (out of 100)
[2026-01-11 12:52:29,448][flwr][DEBUG] - evaluate_round 38 received 100 results and 0 failures
[2026-01-11 12:52:29,449][flwr][DEBUG] - fit_round 39: strategy sampled 100 clients (out of 100)
[2026-01-11 12:52:29,914][flwr][DEBUG] - fit_round 39 received 100 results and 0 failures
[2026-01-11 12:52:29,969][flwr][INFO] - fit progress: (39, 48.7971186041832, {'accuracy': 0.597}, 46.7486173750076)
[2026-01-11 12:52:29,970][flwr][DEBUG] - evaluate_round 39: strategy sampled 100 clients (out of 100)
[2026-01-11 12:52:30,469][flwr][DEBUG] - evaluate_round 39 received 100 results and 0 failures
[2026-01-11 12:52:30,469][flwr][DEBUG] - fit_round 40: strategy sampled 100 clients (out of 100)
[2026-01-11 12:52:31,252][flwr][DEBUG] - fit_round 40 received 100 results and 0 failures
[2026-01-11 12:52:31,316][flwr][INFO] - fit progress: (40, 48.73840492963791, {'accuracy': 0.598}, 48.09467737500381)
[2026-01-11 12:52:31,316][flwr][DEBUG] - evaluate_round 40: strategy sampled 100 clients (out of 100)
[2026-01-11 12:52:31,777][flwr][DEBUG] - evaluate_round 40 received 100 results and 0 failures
[2026-01-11 12:52:31,777][flwr][DEBUG] - fit_round 41: strategy sampled 100 clients (out of 100)
[2026-01-11 12:52:32,585][flwr][DEBUG] - fit_round 41 received 100 results and 0 failures
[2026-01-11 12:52:32,640][flwr][INFO] - fit progress: (41, 48.47538635134697, {'accuracy': 0.599}, 49.41912937500456)
[2026-01-11 12:52:32,640][flwr][DEBUG] - evaluate_round 41: strategy sampled 100 clients (out of 100)
[2026-01-11 12:52:33,123][flwr][DEBUG] - evaluate_round 41 received 100 results and 0 failures
[2026-01-11 12:52:33,124][flwr][DEBUG] - fit_round 42: strategy sampled 100 clients (out of 100)
[2026-01-11 12:52:33,738][flwr][DEBUG] - fit_round 42 received 100 results and 0 failures
[2026-01-11 12:52:33,789][flwr][INFO] - fit progress: (42, 48.612891882658005, {'accuracy': 0.598}, 50.567640583001776)
[2026-01-11 12:52:33,789][flwr][DEBUG] - evaluate_round 42: strategy sampled 100 clients (out of 100)
[2026-01-11 12:52:34,174][flwr][DEBUG] - evaluate_round 42 received 100 results and 0 failures
[2026-01-11 12:52:34,175][flwr][DEBUG] - fit_round 43: strategy sampled 100 clients (out of 100)
[2026-01-11 12:52:34,653][flwr][DEBUG] - fit_round 43 received 100 results and 0 failures
[2026-01-11 12:52:34,705][flwr][INFO] - fit progress: (43, 48.501872181892395, {'accuracy': 0.5985}, 51.48452979201102)
[2026-01-11 12:52:34,706][flwr][DEBUG] - evaluate_round 43: strategy sampled 100 clients (out of 100)
[2026-01-11 12:52:35,080][flwr][DEBUG] - evaluate_round 43 received 100 results and 0 failures
[2026-01-11 12:52:35,081][flwr][DEBUG] - fit_round 44: strategy sampled 100 clients (out of 100)
[2026-01-11 12:52:35,570][flwr][DEBUG] - fit_round 44 received 100 results and 0 failures
[2026-01-11 12:52:35,623][flwr][INFO] - fit progress: (44, 48.62691578269005, {'accuracy': 0.598}, 52.40253279200988)
[2026-01-11 12:52:35,624][flwr][DEBUG] - evaluate_round 44: strategy sampled 100 clients (out of 100)
[2026-01-11 12:52:36,011][flwr][DEBUG] - evaluate_round 44 received 100 results and 0 failures
[2026-01-11 12:52:36,011][flwr][DEBUG] - fit_round 45: strategy sampled 100 clients (out of 100)
[2026-01-11 12:52:36,534][flwr][DEBUG] - fit_round 45 received 100 results and 0 failures
[2026-01-11 12:52:36,588][flwr][INFO] - fit progress: (45, 48.27636831998825, {'accuracy': 0.5985}, 53.367417333007324)
[2026-01-11 12:52:36,589][flwr][DEBUG] - evaluate_round 45: strategy sampled 100 clients (out of 100)
[2026-01-11 12:52:37,198][flwr][DEBUG] - evaluate_round 45 received 100 results and 0 failures
[2026-01-11 12:52:37,198][flwr][DEBUG] - fit_round 46: strategy sampled 100 clients (out of 100)
[2026-01-11 12:52:37,693][flwr][DEBUG] - fit_round 46 received 100 results and 0 failures
[2026-01-11 12:52:37,748][flwr][INFO] - fit progress: (46, 48.50173684954643, {'accuracy': 0.5985}, 54.527388625007006)
[2026-01-11 12:52:37,749][flwr][DEBUG] - evaluate_round 46: strategy sampled 100 clients (out of 100)
[2026-01-11 12:52:38,145][flwr][DEBUG] - evaluate_round 46 received 100 results and 0 failures
[2026-01-11 12:52:38,145][flwr][DEBUG] - fit_round 47: strategy sampled 100 clients (out of 100)
[2026-01-11 12:52:38,631][flwr][DEBUG] - fit_round 47 received 100 results and 0 failures
[2026-01-11 12:52:38,683][flwr][INFO] - fit progress: (47, 48.3689042031765, {'accuracy': 0.598}, 55.4621070830035)
[2026-01-11 12:52:38,683][flwr][DEBUG] - evaluate_round 47: strategy sampled 100 clients (out of 100)
[2026-01-11 12:52:39,083][flwr][DEBUG] - evaluate_round 47 received 100 results and 0 failures
[2026-01-11 12:52:39,083][flwr][DEBUG] - fit_round 48: strategy sampled 100 clients (out of 100)
[2026-01-11 12:52:39,595][flwr][DEBUG] - fit_round 48 received 100 results and 0 failures
[2026-01-11 12:52:39,646][flwr][INFO] - fit progress: (48, 48.191478461027145, {'accuracy': 0.598}, 56.42517366701213)
[2026-01-11 12:52:39,646][flwr][DEBUG] - evaluate_round 48: strategy sampled 100 clients (out of 100)
[2026-01-11 12:52:40,030][flwr][DEBUG] - evaluate_round 48 received 100 results and 0 failures
[2026-01-11 12:52:40,030][flwr][DEBUG] - fit_round 49: strategy sampled 100 clients (out of 100)
[2026-01-11 12:52:40,552][flwr][DEBUG] - fit_round 49 received 100 results and 0 failures
[2026-01-11 12:52:40,604][flwr][INFO] - fit progress: (49, 48.11659017205238, {'accuracy': 0.5985}, 57.38334237500385)
[2026-01-11 12:52:40,604][flwr][DEBUG] - evaluate_round 49: strategy sampled 100 clients (out of 100)
[2026-01-11 12:52:41,007][flwr][DEBUG] - evaluate_round 49 received 100 results and 0 failures
[2026-01-11 12:52:41,008][flwr][DEBUG] - fit_round 50: strategy sampled 100 clients (out of 100)
[2026-01-11 12:52:41,488][flwr][DEBUG] - fit_round 50 received 100 results and 0 failures
[2026-01-11 12:52:41,550][flwr][INFO] - fit progress: (50, 48.270449340343475, {'accuracy': 0.5965}, 58.32912245800253)
[2026-01-11 12:52:41,550][flwr][DEBUG] - evaluate_round 50: strategy sampled 100 clients (out of 100)
[2026-01-11 12:52:41,953][flwr][DEBUG] - evaluate_round 50 received 100 results and 0 failures
[2026-01-11 12:52:41,953][flwr][INFO] - FL finished in 58.73208883299958
[2026-01-11 12:52:41,954][flwr][INFO] - app_fit: losses_distributed [(1, 1.0512733744951104), (2, 1.041803962677141), (3, 1.0419892545649623), (4, 1.0429467056052542), (5, 1.0399455322679534), (6, 1.0323202762587484), (7, 1.0207748612446184), (8, 1.0064684170064124), (9, 0.9886658603793796), (10, 0.9691363873640425), (11, 0.9468188643862363), (12, 0.9250583878217161), (13, 0.9044380975427345), (14, 0.885021864045602), (15, 0.8693369958418357), (16, 0.8544327517011466), (17, 0.8431626742237393), (18, 0.8339551422613608), (19, 0.8261663527890142), (20, 0.8192194159289947), (21, 0.815250859478228), (22, 0.8105572653305002), (23, 0.8064848396999166), (24, 0.8035924148335799), (25, 0.8013192777849302), (26, 0.7980341046065329), (27, 0.7970940910779847), (28, 0.7948766604184562), (29, 0.7934478375386866), (30, 0.7911606849223138), (31, 0.7893472268787531), (32, 0.7898970558917292), (33, 0.7890864628132971), (34, 0.7884929418665557), (35, 0.7865646897864965), (36, 0.7850433454782075), (37, 0.7848393748746391), (38, 0.7815728724782649), (39, 0.7820818946189305), (40, 0.7812858948460754), (41, 0.7771155724515958), (42, 0.7794180810451508), (43, 0.7777994454619014), (44, 0.7798860019180962), (45, 0.7742133508770133), (46, 0.7780656729643662), (47, 0.7759083730843558), (48, 0.7730810143841819), (49, 0.771999819659807), (50, 0.7745545823995842)]
[2026-01-11 12:52:41,954][flwr][INFO] - app_fit: metrics_distributed_fit {}
[2026-01-11 12:52:41,954][flwr][INFO] - app_fit: metrics_distributed {}
[2026-01-11 12:52:41,954][flwr][INFO] - app_fit: losses_centralized [(0, 68.07474291324615), (1, 66.02603054046631), (2, 65.29290956258774), (3, 65.21216517686844), (4, 65.22422647476196), (5, 65.02806586027145), (6, 64.54615843296051), (7, 63.82493591308594), (8, 62.92951154708862), (9, 61.8238291144371), (10, 60.60720509290695), (11, 59.20623731613159), (12, 57.83788466453552), (13, 56.541305005550385), (14, 55.32941675186157), (15, 54.34672439098358), (16, 53.421803295612335), (17, 52.72282516956329), (18, 52.15432095527649), (19, 51.67604511976242), (20, 51.24256819486618), (21, 50.992881655693054), (22, 50.69502943754196), (23, 50.436865627765656), (24, 50.25387716293335), (25, 50.10494750738144), (26, 49.89311617612839), (27, 49.827511340379715), (28, 49.68009316921234), (29, 49.5819291472435), (30, 49.43063974380493), (31, 49.3074235022068), (32, 49.33614507317543), (33, 49.272006034851074), (34, 49.2278226017952), (35, 49.10282102227211), (36, 49.007420033216476), (37, 48.981833040714264), (38, 48.778085350990295), (39, 48.7971186041832), (40, 48.73840492963791), (41, 48.47538635134697), (42, 48.612891882658005), (43, 48.501872181892395), (44, 48.62691578269005), (45, 48.27636831998825), (46, 48.50173684954643), (47, 48.3689042031765), (48, 48.191478461027145), (49, 48.11659017205238), (50, 48.270449340343475)]
[2026-01-11 12:52:41,955][flwr][INFO] - app_fit: metrics_centralized {'accuracy': [(0, 0.507), (1, 0.507), (2, 0.507), (3, 0.507), (4, 0.507), (5, 0.507), (6, 0.508), (7, 0.5095), (8, 0.517), (9, 0.5225), (10, 0.5395), (11, 0.561), (12, 0.576), (13, 0.58), (14, 0.586), (15, 0.5915), (16, 0.5905), (17, 0.5915), (18, 0.5925), (19, 0.5915), (20, 0.5925), (21, 0.5925), (22, 0.5935), (23, 0.595), (24, 0.595), (25, 0.5935), (26, 0.594), (27, 0.594), (28, 0.5935), (29, 0.5935), (30, 0.595), (31, 0.596), (32, 0.5955), (33, 0.596), (34, 0.596), (35, 0.596), (36, 0.596), (37, 0.596), (38, 0.5965), (39, 0.597), (40, 0.598), (41, 0.599), (42, 0.598), (43, 0.5985), (44, 0.598), (45, 0.5985), (46, 0.5985), (47, 0.598), (48, 0.598), (49, 0.5985), (50, 0.5965)]}
[2026-01-11 12:52:41,992][flwr][INFO] - Starting Flower simulation, config: ServerConfig(num_rounds=50, round_timeout=None)
[2026-01-11 12:52:49,988][flwr][INFO] - Flower VCE: Ray initialized with resources: {'memory': 12233402368.0, 'node:127.0.0.1': 1.0, 'object_store_memory': 2147483648.0, 'CPU': 10.0}
[2026-01-11 12:52:49,989][flwr][INFO] - Initializing global parameters
[2026-01-11 12:52:49,990][flwr][INFO] - Using initial parameters provided by strategy
[2026-01-11 12:52:49,990][flwr][INFO] - Evaluating initial parameters
[2026-01-11 12:52:50,016][flwr][INFO] - initial parameters (loss, other metrics): 67.88411092758179, {'accuracy': 0.3585, 'adaptive_mu': 0.1}
[2026-01-11 12:52:50,016][flwr][INFO] - FL starting
[2026-01-11 12:52:50,017][flwr][DEBUG] - fit_round 1: strategy sampled 100 clients (out of 100)
[2026-01-11 12:52:55,376][flwr][DEBUG] - fit_round 1 received 100 results and 0 failures
[2026-01-11 12:52:55,417][flwr][WARNING] - No fit_metrics_aggregation_fn provided
[2026-01-11 12:52:55,470][flwr][INFO] - fit progress: (1, 65.5921049118042, {'accuracy': 0.5075, 'adaptive_mu': 0.1}, 5.454032749999897)
[2026-01-11 12:52:55,470][flwr][DEBUG] - evaluate_round 1: strategy sampled 100 clients (out of 100)
[2026-01-11 12:52:55,928][flwr][DEBUG] - evaluate_round 1 received 100 results and 0 failures
[2026-01-11 12:52:55,928][flwr][WARNING] - No evaluate_metrics_aggregation_fn provided
[2026-01-11 12:52:55,932][flwr][DEBUG] - fit_round 2: strategy sampled 100 clients (out of 100)
[2026-01-11 12:52:57,006][flwr][DEBUG] - fit_round 2 received 100 results and 0 failures
[2026-01-11 12:52:57,109][flwr][INFO] - fit progress: (2, 64.69430476427078, {'accuracy': 0.5075, 'adaptive_mu': 0.1}, 7.093251833997783)
[2026-01-11 12:52:57,110][flwr][DEBUG] - evaluate_round 2: strategy sampled 100 clients (out of 100)
[2026-01-11 12:52:57,720][flwr][DEBUG] - evaluate_round 2 received 100 results and 0 failures
[2026-01-11 12:52:57,721][flwr][DEBUG] - fit_round 3: strategy sampled 100 clients (out of 100)
[2026-01-11 12:52:58,584][flwr][DEBUG] - fit_round 3 received 100 results and 0 failures
[2026-01-11 12:52:58,679][flwr][INFO] - fit progress: (3, 64.43646538257599, {'accuracy': 0.5075, 'adaptive_mu': 0.1}, 8.663438584000687)
[2026-01-11 12:52:58,680][flwr][DEBUG] - evaluate_round 3: strategy sampled 100 clients (out of 100)
[2026-01-11 12:52:59,110][flwr][DEBUG] - evaluate_round 3 received 100 results and 0 failures
[2026-01-11 12:52:59,111][flwr][DEBUG] - fit_round 4: strategy sampled 100 clients (out of 100)
[2026-01-11 12:52:59,751][flwr][DEBUG] - fit_round 4 received 100 results and 0 failures
[2026-01-11 12:52:59,841][flwr][INFO] - fit progress: (4, 64.41141599416733, {'accuracy': 0.5075, 'adaptive_mu': 0.154260936993539}, 9.825446333998116)
[2026-01-11 12:52:59,842][flwr][DEBUG] - evaluate_round 4: strategy sampled 100 clients (out of 100)
[2026-01-11 12:53:00,265][flwr][DEBUG] - evaluate_round 4 received 100 results and 0 failures
[2026-01-11 12:53:00,265][flwr][DEBUG] - fit_round 5: strategy sampled 100 clients (out of 100)
[2026-01-11 12:53:00,868][flwr][DEBUG] - fit_round 5 received 100 results and 0 failures
[2026-01-11 12:53:00,953][flwr][INFO] - fit progress: (5, 64.36907410621643, {'accuracy': 0.5075, 'adaptive_mu': 0.19322176592188375}, 10.937450042009004)
[2026-01-11 12:53:00,954][flwr][DEBUG] - evaluate_round 5: strategy sampled 100 clients (out of 100)
[2026-01-11 12:53:01,388][flwr][DEBUG] - evaluate_round 5 received 100 results and 0 failures
[2026-01-11 12:53:01,388][flwr][DEBUG] - fit_round 6: strategy sampled 100 clients (out of 100)
[2026-01-11 12:53:01,971][flwr][DEBUG] - fit_round 6 received 100 results and 0 failures
[2026-01-11 12:53:02,056][flwr][INFO] - fit progress: (6, 64.17542093992233, {'accuracy': 0.508, 'adaptive_mu': 0.22051519614453585}, 12.040308625000762)
[2026-01-11 12:53:02,057][flwr][DEBUG] - evaluate_round 6: strategy sampled 100 clients (out of 100)
[2026-01-11 12:53:02,444][flwr][DEBUG] - evaluate_round 6 received 100 results and 0 failures
[2026-01-11 12:53:02,445][flwr][DEBUG] - fit_round 7: strategy sampled 100 clients (out of 100)
[2026-01-11 12:53:03,016][flwr][DEBUG] - fit_round 7 received 100 results and 0 failures
[2026-01-11 12:53:03,103][flwr][INFO] - fit progress: (7, 63.756935715675354, {'accuracy': 0.5105, 'adaptive_mu': 0.24048437950837176}, 13.087315750002745)
[2026-01-11 12:53:03,104][flwr][DEBUG] - evaluate_round 7: strategy sampled 100 clients (out of 100)
[2026-01-11 12:53:03,488][flwr][DEBUG] - evaluate_round 7 received 100 results and 0 failures
[2026-01-11 12:53:03,488][flwr][DEBUG] - fit_round 8: strategy sampled 100 clients (out of 100)
[2026-01-11 12:53:04,044][flwr][DEBUG] - fit_round 8 received 100 results and 0 failures
[2026-01-11 12:53:04,132][flwr][INFO] - fit progress: (8, 63.07358121871948, {'accuracy': 0.5155, 'adaptive_mu': 0.25579450516416}, 14.116247459009173)
[2026-01-11 12:53:04,133][flwr][DEBUG] - evaluate_round 8: strategy sampled 100 clients (out of 100)
[2026-01-11 12:53:04,555][flwr][DEBUG] - evaluate_round 8 received 100 results and 0 failures
[2026-01-11 12:53:04,556][flwr][DEBUG] - fit_round 9: strategy sampled 100 clients (out of 100)
[2026-01-11 12:53:05,139][flwr][DEBUG] - fit_round 9 received 100 results and 0 failures
[2026-01-11 12:53:05,226][flwr][INFO] - fit progress: (9, 62.09501677751541, {'accuracy': 0.524, 'adaptive_mu': 0.2679944342671823}, 15.209675375008374)
[2026-01-11 12:53:05,226][flwr][DEBUG] - evaluate_round 9: strategy sampled 100 clients (out of 100)
[2026-01-11 12:53:05,619][flwr][DEBUG] - evaluate_round 9 received 100 results and 0 failures
[2026-01-11 12:53:05,620][flwr][DEBUG] - fit_round 10: strategy sampled 100 clients (out of 100)
[2026-01-11 12:53:06,185][flwr][DEBUG] - fit_round 10 received 100 results and 0 failures
[2026-01-11 12:53:06,275][flwr][INFO] - fit progress: (10, 60.91588371992111, {'accuracy': 0.5345, 'adaptive_mu': 0.27829411983591934}, 16.259074084009626)
[2026-01-11 12:53:06,276][flwr][DEBUG] - evaluate_round 10: strategy sampled 100 clients (out of 100)
[2026-01-11 12:53:06,661][flwr][DEBUG] - evaluate_round 10 received 100 results and 0 failures
[2026-01-11 12:53:06,661][flwr][DEBUG] - fit_round 11: strategy sampled 100 clients (out of 100)
[2026-01-11 12:53:07,342][flwr][DEBUG] - fit_round 11 received 100 results and 0 failures
[2026-01-11 12:53:07,431][flwr][INFO] - fit progress: (11, 59.62058615684509, {'accuracy': 0.5505, 'adaptive_mu': 0.28691979113633354}, 17.415168874998926)
[2026-01-11 12:53:07,432][flwr][DEBUG] - evaluate_round 11: strategy sampled 100 clients (out of 100)
[2026-01-11 12:53:09,178][flwr][DEBUG] - evaluate_round 11 received 100 results and 0 failures
[2026-01-11 12:53:09,185][flwr][DEBUG] - fit_round 12: strategy sampled 100 clients (out of 100)
[2026-01-11 12:53:10,562][flwr][DEBUG] - fit_round 12 received 100 results and 0 failures
[2026-01-11 12:53:10,682][flwr][INFO] - fit progress: (12, 58.3141405582428, {'accuracy': 0.566, 'adaptive_mu': 0.29433961144582155}, 20.666199167011655)
[2026-01-11 12:53:10,683][flwr][DEBUG] - evaluate_round 12: strategy sampled 100 clients (out of 100)
[2026-01-11 12:53:11,136][flwr][DEBUG] - evaluate_round 12 received 100 results and 0 failures
[2026-01-11 12:53:11,138][flwr][DEBUG] - fit_round 13: strategy sampled 100 clients (out of 100)
[2026-01-11 12:53:11,982][flwr][DEBUG] - fit_round 13 received 100 results and 0 failures
[2026-01-11 12:53:12,077][flwr][INFO] - fit progress: (13, 57.111184537410736, {'accuracy': 0.577, 'adaptive_mu': 0.30058722395449433}, 22.060458084000857)
[2026-01-11 12:53:12,077][flwr][DEBUG] - evaluate_round 13: strategy sampled 100 clients (out of 100)
[2026-01-11 12:53:12,679][flwr][DEBUG] - evaluate_round 13 received 100 results and 0 failures
[2026-01-11 12:53:12,679][flwr][DEBUG] - fit_round 14: strategy sampled 100 clients (out of 100)
[2026-01-11 12:53:13,671][flwr][DEBUG] - fit_round 14 received 100 results and 0 failures
[2026-01-11 12:53:13,777][flwr][INFO] - fit progress: (14, 55.997852861881256, {'accuracy': 0.5855, 'adaptive_mu': 0.30573623476356}, 23.761048708998715)
[2026-01-11 12:53:13,778][flwr][DEBUG] - evaluate_round 14: strategy sampled 100 clients (out of 100)
[2026-01-11 12:53:14,274][flwr][DEBUG] - evaluate_round 14 received 100 results and 0 failures
[2026-01-11 12:53:14,275][flwr][DEBUG] - fit_round 15: strategy sampled 100 clients (out of 100)
[2026-01-11 12:53:14,994][flwr][DEBUG] - fit_round 15 received 100 results and 0 failures
[2026-01-11 12:53:15,087][flwr][INFO] - fit progress: (15, 55.05904930830002, {'accuracy': 0.5875, 'adaptive_mu': 0.31007944636865}, 25.070591834009974)
[2026-01-11 12:53:15,087][flwr][DEBUG] - evaluate_round 15: strategy sampled 100 clients (out of 100)
[2026-01-11 12:53:15,506][flwr][DEBUG] - evaluate_round 15 received 100 results and 0 failures
[2026-01-11 12:53:15,506][flwr][DEBUG] - fit_round 16: strategy sampled 100 clients (out of 100)
[2026-01-11 12:53:16,181][flwr][DEBUG] - fit_round 16 received 100 results and 0 failures
[2026-01-11 12:53:16,270][flwr][INFO] - fit progress: (16, 54.217539727687836, {'accuracy': 0.586, 'adaptive_mu': 0.3135992072289424}, 26.253571499997634)
[2026-01-11 12:53:16,270][flwr][DEBUG] - evaluate_round 16: strategy sampled 100 clients (out of 100)
[2026-01-11 12:53:16,689][flwr][DEBUG] - evaluate_round 16 received 100 results and 0 failures
[2026-01-11 12:53:16,689][flwr][DEBUG] - fit_round 17: strategy sampled 100 clients (out of 100)
[2026-01-11 12:53:17,395][flwr][DEBUG] - fit_round 17 received 100 results and 0 failures
[2026-01-11 12:53:17,496][flwr][INFO] - fit progress: (17, 53.51167905330658, {'accuracy': 0.589, 'adaptive_mu': 0.3162889501341968}, 27.479382959005306)
[2026-01-11 12:53:17,496][flwr][DEBUG] - evaluate_round 17: strategy sampled 100 clients (out of 100)
[2026-01-11 12:53:17,895][flwr][DEBUG] - evaluate_round 17 received 100 results and 0 failures
[2026-01-11 12:53:17,895][flwr][DEBUG] - fit_round 18: strategy sampled 100 clients (out of 100)
[2026-01-11 12:53:18,487][flwr][DEBUG] - fit_round 18 received 100 results and 0 failures
[2026-01-11 12:53:18,573][flwr][INFO] - fit progress: (18, 52.82980388402939, {'accuracy': 0.59, 'adaptive_mu': 0.3185710288596652}, 28.556497292011045)
[2026-01-11 12:53:18,573][flwr][DEBUG] - evaluate_round 18: strategy sampled 100 clients (out of 100)
[2026-01-11 12:53:19,031][flwr][DEBUG] - evaluate_round 18 received 100 results and 0 failures
[2026-01-11 12:53:19,031][flwr][DEBUG] - fit_round 19: strategy sampled 100 clients (out of 100)
[2026-01-11 12:53:19,622][flwr][DEBUG] - fit_round 19 received 100 results and 0 failures
[2026-01-11 12:53:19,708][flwr][INFO] - fit progress: (19, 52.272280514240265, {'accuracy': 0.591, 'adaptive_mu': 0.32040755982725233}, 29.69140837500163)
[2026-01-11 12:53:19,708][flwr][DEBUG] - evaluate_round 19: strategy sampled 100 clients (out of 100)
[2026-01-11 12:53:20,133][flwr][DEBUG] - evaluate_round 19 received 100 results and 0 failures
[2026-01-11 12:53:20,134][flwr][DEBUG] - fit_round 20: strategy sampled 100 clients (out of 100)
[2026-01-11 12:53:20,807][flwr][DEBUG] - fit_round 20 received 100 results and 0 failures
[2026-01-11 12:53:20,899][flwr][INFO] - fit progress: (20, 51.7943229675293, {'accuracy': 0.5925, 'adaptive_mu': 0.3218941067911998}, 30.882525459004682)
[2026-01-11 12:53:20,899][flwr][DEBUG] - evaluate_round 20: strategy sampled 100 clients (out of 100)
[2026-01-11 12:53:21,302][flwr][DEBUG] - evaluate_round 20 received 100 results and 0 failures
[2026-01-11 12:53:21,302][flwr][DEBUG] - fit_round 21: strategy sampled 100 clients (out of 100)
[2026-01-11 12:53:21,886][flwr][DEBUG] - fit_round 21 received 100 results and 0 failures
[2026-01-11 12:53:21,982][flwr][INFO] - fit progress: (21, 51.346829295158386, {'accuracy': 0.5935, 'adaptive_mu': 0.32296845204335656}, 31.965585833997466)
[2026-01-11 12:53:21,982][flwr][DEBUG] - evaluate_round 21: strategy sampled 100 clients (out of 100)
[2026-01-11 12:53:22,384][flwr][DEBUG] - evaluate_round 21 received 100 results and 0 failures
[2026-01-11 12:53:22,385][flwr][DEBUG] - fit_round 22: strategy sampled 100 clients (out of 100)
[2026-01-11 12:53:23,005][flwr][DEBUG] - fit_round 22 received 100 results and 0 failures
[2026-01-11 12:53:23,097][flwr][INFO] - fit progress: (22, 51.04870116710663, {'accuracy': 0.5935, 'adaptive_mu': 0.3238047285212307}, 33.08063308399869)
[2026-01-11 12:53:23,097][flwr][DEBUG] - evaluate_round 22: strategy sampled 100 clients (out of 100)
[2026-01-11 12:53:23,489][flwr][DEBUG] - evaluate_round 22 received 100 results and 0 failures
[2026-01-11 12:53:23,489][flwr][DEBUG] - fit_round 23: strategy sampled 100 clients (out of 100)
[2026-01-11 12:53:24,312][flwr][DEBUG] - fit_round 23 received 100 results and 0 failures
[2026-01-11 12:53:24,408][flwr][INFO] - fit progress: (23, 50.70572382211685, {'accuracy': 0.594, 'adaptive_mu': 0.32435968410092025}, 34.39156950000324)
[2026-01-11 12:53:24,408][flwr][DEBUG] - evaluate_round 23: strategy sampled 100 clients (out of 100)
[2026-01-11 12:53:24,886][flwr][DEBUG] - evaluate_round 23 received 100 results and 0 failures
[2026-01-11 12:53:24,886][flwr][DEBUG] - fit_round 24: strategy sampled 100 clients (out of 100)
[2026-01-11 12:53:25,582][flwr][DEBUG] - fit_round 24 received 100 results and 0 failures
[2026-01-11 12:53:25,670][flwr][INFO] - fit progress: (24, 50.36026906967163, {'accuracy': 0.595, 'adaptive_mu': 0.32471882595029433}, 35.65375216701068)
[2026-01-11 12:53:25,670][flwr][DEBUG] - evaluate_round 24: strategy sampled 100 clients (out of 100)
[2026-01-11 12:53:26,089][flwr][DEBUG] - evaluate_round 24 received 100 results and 0 failures
[2026-01-11 12:53:26,090][flwr][DEBUG] - fit_round 25: strategy sampled 100 clients (out of 100)
[2026-01-11 12:53:26,752][flwr][DEBUG] - fit_round 25 received 100 results and 0 failures
[2026-01-11 12:53:26,838][flwr][INFO] - fit progress: (25, 50.13355791568756, {'accuracy': 0.5945, 'adaptive_mu': 0.3250128608803272}, 36.822153250002884)
[2026-01-11 12:53:26,839][flwr][DEBUG] - evaluate_round 25: strategy sampled 100 clients (out of 100)
[2026-01-11 12:53:27,278][flwr][DEBUG] - evaluate_round 25 received 100 results and 0 failures
[2026-01-11 12:53:27,279][flwr][DEBUG] - fit_round 26: strategy sampled 100 clients (out of 100)
[2026-01-11 12:53:27,930][flwr][DEBUG] - fit_round 26 received 100 results and 0 failures
[2026-01-11 12:53:28,022][flwr][INFO] - fit progress: (26, 49.987814366817474, {'accuracy': 0.5945, 'adaptive_mu': 0.32511064021981034}, 38.00624116700783)
[2026-01-11 12:53:28,023][flwr][DEBUG] - evaluate_round 26: strategy sampled 100 clients (out of 100)
[2026-01-11 12:53:28,475][flwr][DEBUG] - evaluate_round 26 received 100 results and 0 failures
[2026-01-11 12:53:28,476][flwr][DEBUG] - fit_round 27: strategy sampled 100 clients (out of 100)
[2026-01-11 12:53:29,092][flwr][DEBUG] - fit_round 27 received 100 results and 0 failures
[2026-01-11 12:53:29,179][flwr][INFO] - fit progress: (27, 49.81502491235733, {'accuracy': 0.595, 'adaptive_mu': 0.3250537666197248}, 39.1633005420008)
[2026-01-11 12:53:29,180][flwr][DEBUG] - evaluate_round 27: strategy sampled 100 clients (out of 100)
[2026-01-11 12:53:29,636][flwr][DEBUG] - evaluate_round 27 received 100 results and 0 failures
[2026-01-11 12:53:29,636][flwr][DEBUG] - fit_round 28: strategy sampled 100 clients (out of 100)
[2026-01-11 12:53:30,400][flwr][DEBUG] - fit_round 28 received 100 results and 0 failures
[2026-01-11 12:53:30,513][flwr][INFO] - fit progress: (28, 49.6204075217247, {'accuracy': 0.5945, 'adaptive_mu': 0.3247673932558445}, 40.49710954200418)
[2026-01-11 12:53:30,514][flwr][DEBUG] - evaluate_round 28: strategy sampled 100 clients (out of 100)
[2026-01-11 12:53:30,941][flwr][DEBUG] - evaluate_round 28 received 100 results and 0 failures
[2026-01-11 12:53:30,942][flwr][DEBUG] - fit_round 29: strategy sampled 100 clients (out of 100)
[2026-01-11 12:53:31,810][flwr][DEBUG] - fit_round 29 received 100 results and 0 failures
[2026-01-11 12:53:31,917][flwr][INFO] - fit progress: (29, 49.36229547858238, {'accuracy': 0.594, 'adaptive_mu': 0.3243739246227584}, 41.90073725000548)
[2026-01-11 12:53:31,917][flwr][DEBUG] - evaluate_round 29: strategy sampled 100 clients (out of 100)
[2026-01-11 12:53:32,426][flwr][DEBUG] - evaluate_round 29 received 100 results and 0 failures
[2026-01-11 12:53:32,426][flwr][DEBUG] - fit_round 30: strategy sampled 100 clients (out of 100)
[2026-01-11 12:53:33,738][flwr][DEBUG] - fit_round 30 received 100 results and 0 failures
[2026-01-11 12:53:33,828][flwr][INFO] - fit progress: (30, 49.13719204068184, {'accuracy': 0.595, 'adaptive_mu': 0.3239657692814567}, 43.811436167001375)
[2026-01-11 12:53:33,828][flwr][DEBUG] - evaluate_round 30: strategy sampled 100 clients (out of 100)
[2026-01-11 12:53:34,251][flwr][DEBUG] - evaluate_round 30 received 100 results and 0 failures
[2026-01-11 12:53:34,252][flwr][DEBUG] - fit_round 31: strategy sampled 100 clients (out of 100)
[2026-01-11 12:53:34,895][flwr][DEBUG] - fit_round 31 received 100 results and 0 failures
[2026-01-11 12:53:35,103][flwr][INFO] - fit progress: (31, 49.11311826109886, {'accuracy': 0.5945, 'adaptive_mu': 0.32369450311464004}, 45.0866414589982)
[2026-01-11 12:53:35,103][flwr][DEBUG] - evaluate_round 31: strategy sampled 100 clients (out of 100)
[2026-01-11 12:53:35,498][flwr][DEBUG] - evaluate_round 31 received 100 results and 0 failures
[2026-01-11 12:53:35,498][flwr][DEBUG] - fit_round 32: strategy sampled 100 clients (out of 100)
[2026-01-11 12:53:36,072][flwr][DEBUG] - fit_round 32 received 100 results and 0 failures
[2026-01-11 12:53:36,159][flwr][INFO] - fit progress: (32, 49.01294302940369, {'accuracy': 0.5945, 'adaptive_mu': 0.3232462126740263}, 46.14269616700767)
[2026-01-11 12:53:36,159][flwr][DEBUG] - evaluate_round 32: strategy sampled 100 clients (out of 100)
[2026-01-11 12:53:36,556][flwr][DEBUG] - evaluate_round 32 received 100 results and 0 failures
[2026-01-11 12:53:36,556][flwr][DEBUG] - fit_round 33: strategy sampled 100 clients (out of 100)
[2026-01-11 12:53:37,151][flwr][DEBUG] - fit_round 33 received 100 results and 0 failures
[2026-01-11 12:53:37,232][flwr][INFO] - fit progress: (33, 48.79665598273277, {'accuracy': 0.5955, 'adaptive_mu': 0.32256136499973426}, 47.216204417010886)
[2026-01-11 12:53:37,233][flwr][DEBUG] - evaluate_round 33: strategy sampled 100 clients (out of 100)
[2026-01-11 12:53:37,623][flwr][DEBUG] - evaluate_round 33 received 100 results and 0 failures
[2026-01-11 12:53:37,623][flwr][DEBUG] - fit_round 34: strategy sampled 100 clients (out of 100)
[2026-01-11 12:53:38,225][flwr][DEBUG] - fit_round 34 received 100 results and 0 failures
[2026-01-11 12:53:38,309][flwr][INFO] - fit progress: (34, 48.76076555252075, {'accuracy': 0.595, 'adaptive_mu': 0.32187299808572145}, 48.292723459002445)
[2026-01-11 12:53:38,309][flwr][DEBUG] - evaluate_round 34: strategy sampled 100 clients (out of 100)
[2026-01-11 12:53:38,696][flwr][DEBUG] - evaluate_round 34 received 100 results and 0 failures
[2026-01-11 12:53:38,696][flwr][DEBUG] - fit_round 35: strategy sampled 100 clients (out of 100)
[2026-01-11 12:53:39,302][flwr][DEBUG] - fit_round 35 received 100 results and 0 failures
[2026-01-11 12:53:39,392][flwr][INFO] - fit progress: (35, 48.83629509806633, {'accuracy': 0.5945, 'adaptive_mu': 0.32123959049114315}, 49.37587716701091)
[2026-01-11 12:53:39,392][flwr][DEBUG] - evaluate_round 35: strategy sampled 100 clients (out of 100)
[2026-01-11 12:53:39,794][flwr][DEBUG] - evaluate_round 35 received 100 results and 0 failures
[2026-01-11 12:53:39,795][flwr][DEBUG] - fit_round 36: strategy sampled 100 clients (out of 100)
[2026-01-11 12:53:40,439][flwr][DEBUG] - fit_round 36 received 100 results and 0 failures
[2026-01-11 12:53:40,526][flwr][INFO] - fit progress: (36, 48.51495400071144, {'accuracy': 0.597, 'adaptive_mu': 0.32041231387057467}, 50.51016720900952)
[2026-01-11 12:53:40,527][flwr][DEBUG] - evaluate_round 36: strategy sampled 100 clients (out of 100)
[2026-01-11 12:53:40,915][flwr][DEBUG] - evaluate_round 36 received 100 results and 0 failures
[2026-01-11 12:53:40,915][flwr][DEBUG] - fit_round 37: strategy sampled 100 clients (out of 100)
[2026-01-11 12:53:41,625][flwr][DEBUG] - fit_round 37 received 100 results and 0 failures
[2026-01-11 12:53:41,710][flwr][INFO] - fit progress: (37, 48.487362533807755, {'accuracy': 0.5975, 'adaptive_mu': 0.3198561891664068}, 51.69362329199794)
[2026-01-11 12:53:41,710][flwr][DEBUG] - evaluate_round 37: strategy sampled 100 clients (out of 100)
[2026-01-11 12:53:42,113][flwr][DEBUG] - evaluate_round 37 received 100 results and 0 failures
[2026-01-11 12:53:42,114][flwr][DEBUG] - fit_round 38: strategy sampled 100 clients (out of 100)
[2026-01-11 12:53:42,733][flwr][DEBUG] - fit_round 38 received 100 results and 0 failures
[2026-01-11 12:53:42,819][flwr][INFO] - fit progress: (38, 48.397921442985535, {'accuracy': 0.597, 'adaptive_mu': 0.31905185942352277}, 52.80290758400224)
[2026-01-11 12:53:42,820][flwr][DEBUG] - evaluate_round 38: strategy sampled 100 clients (out of 100)
[2026-01-11 12:53:43,282][flwr][DEBUG] - evaluate_round 38 received 100 results and 0 failures
[2026-01-11 12:53:43,283][flwr][DEBUG] - fit_round 39: strategy sampled 100 clients (out of 100)
[2026-01-11 12:53:43,857][flwr][DEBUG] - fit_round 39 received 100 results and 0 failures
[2026-01-11 12:53:43,942][flwr][INFO] - fit progress: (39, 48.37620002031326, {'accuracy': 0.5975, 'adaptive_mu': 0.3184376849532674}, 53.925486624997575)
[2026-01-11 12:53:43,942][flwr][DEBUG] - evaluate_round 39: strategy sampled 100 clients (out of 100)
[2026-01-11 12:53:44,393][flwr][DEBUG] - evaluate_round 39 received 100 results and 0 failures
[2026-01-11 12:53:44,393][flwr][DEBUG] - fit_round 40: strategy sampled 100 clients (out of 100)
[2026-01-11 12:53:44,968][flwr][DEBUG] - fit_round 40 received 100 results and 0 failures
[2026-01-11 12:53:45,082][flwr][INFO] - fit progress: (40, 48.24084880948067, {'accuracy': 0.597, 'adaptive_mu': 0.3176614632130607}, 55.06588533399918)
[2026-01-11 12:53:45,082][flwr][DEBUG] - evaluate_round 40: strategy sampled 100 clients (out of 100)
[2026-01-11 12:53:45,485][flwr][DEBUG] - evaluate_round 40 received 100 results and 0 failures
[2026-01-11 12:53:45,485][flwr][DEBUG] - fit_round 41: strategy sampled 100 clients (out of 100)
[2026-01-11 12:53:46,099][flwr][DEBUG] - fit_round 41 received 100 results and 0 failures
[2026-01-11 12:53:46,187][flwr][INFO] - fit progress: (41, 48.365157663822174, {'accuracy': 0.5975, 'adaptive_mu': 0.31685132668504934}, 56.17034662500373)
[2026-01-11 12:53:46,187][flwr][DEBUG] - evaluate_round 41: strategy sampled 100 clients (out of 100)
[2026-01-11 12:53:46,584][flwr][DEBUG] - evaluate_round 41 received 100 results and 0 failures
[2026-01-11 12:53:46,585][flwr][DEBUG] - fit_round 42: strategy sampled 100 clients (out of 100)
[2026-01-11 12:53:47,153][flwr][DEBUG] - fit_round 42 received 100 results and 0 failures
[2026-01-11 12:53:47,241][flwr][INFO] - fit progress: (42, 48.108989506959915, {'accuracy': 0.5965, 'adaptive_mu': 0.3158239746958776}, 57.2244533339981)
[2026-01-11 12:53:47,241][flwr][DEBUG] - evaluate_round 42: strategy sampled 100 clients (out of 100)
[2026-01-11 12:53:47,626][flwr][DEBUG] - evaluate_round 42 received 100 results and 0 failures
[2026-01-11 12:53:47,627][flwr][DEBUG] - fit_round 43: strategy sampled 100 clients (out of 100)
[2026-01-11 12:53:48,247][flwr][DEBUG] - fit_round 43 received 100 results and 0 failures
[2026-01-11 12:53:48,333][flwr][INFO] - fit progress: (43, 47.935711205005646, {'accuracy': 0.596, 'adaptive_mu': 0.3150338032389993}, 58.31650924999849)
[2026-01-11 12:53:48,333][flwr][DEBUG] - evaluate_round 43: strategy sampled 100 clients (out of 100)
[2026-01-11 12:53:48,720][flwr][DEBUG] - evaluate_round 43 received 100 results and 0 failures
[2026-01-11 12:53:48,721][flwr][DEBUG] - fit_round 44: strategy sampled 100 clients (out of 100)
[2026-01-11 12:53:49,320][flwr][DEBUG] - fit_round 44 received 100 results and 0 failures
[2026-01-11 12:53:49,414][flwr][INFO] - fit progress: (44, 48.010788947343826, {'accuracy': 0.5965, 'adaptive_mu': 0.3143110693074586}, 59.39757283400104)
[2026-01-11 12:53:49,414][flwr][DEBUG] - evaluate_round 44: strategy sampled 100 clients (out of 100)
[2026-01-11 12:53:49,809][flwr][DEBUG] - evaluate_round 44 received 100 results and 0 failures
[2026-01-11 12:53:49,810][flwr][DEBUG] - fit_round 45: strategy sampled 100 clients (out of 100)
[2026-01-11 12:53:50,413][flwr][DEBUG] - fit_round 45 received 100 results and 0 failures
[2026-01-11 12:53:50,504][flwr][INFO] - fit progress: (45, 47.898807257413864, {'accuracy': 0.5955, 'adaptive_mu': 0.3134855397453624}, 60.48777425001026)
[2026-01-11 12:53:50,504][flwr][DEBUG] - evaluate_round 45: strategy sampled 100 clients (out of 100)
[2026-01-11 12:53:50,887][flwr][DEBUG] - evaluate_round 45 received 100 results and 0 failures
[2026-01-11 12:53:50,888][flwr][DEBUG] - fit_round 46: strategy sampled 100 clients (out of 100)
[2026-01-11 12:53:51,508][flwr][DEBUG] - fit_round 46 received 100 results and 0 failures
[2026-01-11 12:53:51,594][flwr][INFO] - fit progress: (46, 47.80289861559868, {'accuracy': 0.5965, 'adaptive_mu': 0.31283456687539957}, 61.57785287500883)
[2026-01-11 12:53:51,594][flwr][DEBUG] - evaluate_round 46: strategy sampled 100 clients (out of 100)
[2026-01-11 12:53:51,985][flwr][DEBUG] - evaluate_round 46 received 100 results and 0 failures
[2026-01-11 12:53:51,986][flwr][DEBUG] - fit_round 47: strategy sampled 100 clients (out of 100)
[2026-01-11 12:53:52,721][flwr][DEBUG] - fit_round 47 received 100 results and 0 failures
[2026-01-11 12:53:52,810][flwr][INFO] - fit progress: (47, 47.690317034721375, {'accuracy': 0.5955, 'adaptive_mu': 0.312057286998394}, 62.79386341699865)
[2026-01-11 12:53:52,810][flwr][DEBUG] - evaluate_round 47: strategy sampled 100 clients (out of 100)
[2026-01-11 12:53:53,221][flwr][DEBUG] - evaluate_round 47 received 100 results and 0 failures
[2026-01-11 12:53:53,222][flwr][DEBUG] - fit_round 48: strategy sampled 100 clients (out of 100)
[2026-01-11 12:53:53,810][flwr][DEBUG] - fit_round 48 received 100 results and 0 failures
[2026-01-11 12:53:53,896][flwr][INFO] - fit progress: (48, 47.76864171028137, {'accuracy': 0.596, 'adaptive_mu': 0.3111962602895467}, 63.8797451670107)
[2026-01-11 12:53:53,896][flwr][DEBUG] - evaluate_round 48: strategy sampled 100 clients (out of 100)
[2026-01-11 12:53:54,347][flwr][DEBUG] - evaluate_round 48 received 100 results and 0 failures
[2026-01-11 12:53:54,348][flwr][DEBUG] - fit_round 49: strategy sampled 100 clients (out of 100)
[2026-01-11 12:53:54,946][flwr][DEBUG] - fit_round 49 received 100 results and 0 failures
[2026-01-11 12:53:55,032][flwr][INFO] - fit progress: (49, 47.786885887384415, {'accuracy': 0.5965, 'adaptive_mu': 0.31039884887320707}, 65.01538912500837)
[2026-01-11 12:53:55,032][flwr][DEBUG] - evaluate_round 49: strategy sampled 100 clients (out of 100)
[2026-01-11 12:53:55,427][flwr][DEBUG] - evaluate_round 49 received 100 results and 0 failures
[2026-01-11 12:53:55,427][flwr][DEBUG] - fit_round 50: strategy sampled 100 clients (out of 100)
[2026-01-11 12:53:56,023][flwr][DEBUG] - fit_round 50 received 100 results and 0 failures
[2026-01-11 12:53:56,107][flwr][INFO] - fit progress: (50, 47.50242501497269, {'accuracy': 0.596, 'adaptive_mu': 0.3094564906483419}, 66.09109829200315)
[2026-01-11 12:53:56,108][flwr][DEBUG] - evaluate_round 50: strategy sampled 100 clients (out of 100)
[2026-01-11 12:53:56,502][flwr][DEBUG] - evaluate_round 50 received 100 results and 0 failures
[2026-01-11 12:53:56,502][flwr][INFO] - FL finished in 66.48580175000825
[2026-01-11 12:53:56,502][flwr][INFO] - app_fit: losses_distributed [(1, 1.0428812251562958), (2, 1.0305405694470064), (3, 1.0278939168404393), (4, 1.0285641395394713), (5, 1.028681618124416), (6, 1.0262021797373297), (7, 1.020011162154368), (8, 1.0094685637571164), (9, 0.994238209602369), (10, 0.9758491731747833), (11, 0.9556842167121151), (12, 0.9353841696447345), (13, 0.9167462619057559), (14, 0.8994768812353972), (15, 0.8848528124061461), (16, 0.8716001929174918), (17, 0.860444781519854), (18, 0.8495927491523029), (19, 0.8407370980926476), (20, 0.8331713169067251), (21, 0.8260477156091197), (22, 0.8212627206374896), (23, 0.8157736450874493), (24, 0.8101886366923108), (25, 0.8065293734560511), (26, 0.8042324174182813), (27, 0.8015499912770264), (28, 0.7985755178539148), (29, 0.7945604270601706), (30, 0.7909977306040752), (31, 0.790780278365631), (32, 0.7893851167512835), (33, 0.7860787721251193), (34, 0.78561526540332), (35, 0.7870892732148826), (36, 0.7819935763011071), (37, 0.7816341767538937), (38, 0.7803985383933721), (39, 0.7800327008664268), (40, 0.7779318664701861), (41, 0.7800649786802418), (42, 0.7758771745960595), (43, 0.7732293579189172), (44, 0.77448075901255), (45, 0.7727340710888679), (46, 0.771043179876704), (47, 0.7692825974254478), (48, 0.7706878986442727), (49, 0.7710394126970207), (50, 0.7663795857502739)]
[2026-01-11 12:53:56,503][flwr][INFO] - app_fit: metrics_distributed_fit {'adaptive_mu': [(1, 0.1), (2, 0.1), (3, 0.1), (4, 0.154260936993539), (5, 0.19322176592188375), (6, 0.22051519614453585), (7, 0.24048437950837176), (8, 0.25579450516416), (9, 0.2679944342671823), (10, 0.27829411983591934), (11, 0.28691979113633354), (12, 0.29433961144582155), (13, 0.30058722395449433), (14, 0.30573623476356), (15, 0.31007944636865), (16, 0.3135992072289424), (17, 0.3162889501341968), (18, 0.3185710288596652), (19, 0.32040755982725233), (20, 0.3218941067911998), (21, 0.32296845204335656), (22, 0.3238047285212307), (23, 0.32435968410092025), (24, 0.32471882595029433), (25, 0.3250128608803272), (26, 0.32511064021981034), (27, 0.3250537666197248), (28, 0.3247673932558445), (29, 0.3243739246227584), (30, 0.3239657692814567), (31, 0.32369450311464004), (32, 0.3232462126740263), (33, 0.32256136499973426), (34, 0.32187299808572145), (35, 0.32123959049114315), (36, 0.32041231387057467), (37, 0.3198561891664068), (38, 0.31905185942352277), (39, 0.3184376849532674), (40, 0.3176614632130607), (41, 0.31685132668504934), (42, 0.3158239746958776), (43, 0.3150338032389993), (44, 0.3143110693074586), (45, 0.3134855397453624), (46, 0.31283456687539957), (47, 0.312057286998394), (48, 0.3111962602895467), (49, 0.31039884887320707), (50, 0.3094564906483419)], 'gradient_divergence': [(1, 0.7716684455191717), (2, 0.7491539610177278), (3, 0.7553786901663989), (4, 0.7772141625825316), (5, 0.8040813113376498), (6, 0.8343396373931319), (7, 0.8693883395334706), (8, 0.904601280214265), (9, 0.9389376394078135), (10, 0.9790746622253209), (11, 1.0079623699281364), (12, 1.0377041522879153), (13, 1.0610656644776464), (14, 1.0819912506453693), (15, 1.108336355900392), (16, 1.1319312516972422), (17, 1.1496826466359198), (18, 1.176245532091707), (19, 1.1961776964832098), (20, 1.2135671790502967), (21, 1.2239293029345573), (22, 1.2352417968958616), (23, 1.24369495049119), (24, 1.2494062755536288), (25, 1.2557269903551787), (26, 1.2554101689718664), (27, 1.2543511276412755), (28, 1.2496799033693968), (29, 1.2455975548364222), (30, 1.2379956363979727), (31, 1.2355874468758703), (32, 1.226785886734724), (33, 1.2151470120623709), (34, 1.2089156321436167), (35, 1.2045584112778307), (36, 1.1899884034600108), (37, 1.188920169044286), (38, 1.1726407679542898), (39, 1.1688198467623443), (40, 1.1550351952388882), (41, 1.1497003084793687), (42, 1.132884444128722), (43, 1.1278329516015946), (44, 1.117037058332935), (45, 1.1057465006504208), (46, 1.1021149177476763), (47, 1.0947130432818084), (48, 1.0824914770852774), (49, 1.075440049720928), (50, 1.0646747520938515)], 'avg_label_entropy': [(1, 0.6811522277531928), (2, 0.6811522277531928), (3, 0.6811522277531928), (4, 0.6811522277531927), (5, 0.681152227753193), (6, 0.6811522277531928), (7, 0.6811522277531928), (8, 0.6811522277531928), (9, 0.6811522277531927), (10, 0.6811522277531928), (11, 0.681152227753193), (12, 0.6811522277531928), (13, 0.6811522277531928), (14, 0.6811522277531928), (15, 0.6811522277531928), (16, 0.6811522277531928), (17, 0.6811522277531928), (18, 0.6811522277531928), (19, 0.6811522277531927), (20, 0.6811522277531928), (21, 0.6811522277531928), (22, 0.681152227753193), (23, 0.681152227753193), (24, 0.6811522277531927), (25, 0.681152227753193), (26, 0.6811522277531925), (27, 0.6811522277531928), (28, 0.6811522277531928), (29, 0.6811522277531928), (30, 0.681152227753193), (31, 0.6811522277531928), (32, 0.681152227753193), (33, 0.6811522277531928), (34, 0.6811522277531928), (35, 0.6811522277531927), (36, 0.6811522277531928), (37, 0.6811522277531928), (38, 0.6811522277531928), (39, 0.6811522277531928), (40, 0.6811522277531928), (41, 0.681152227753193), (42, 0.6811522277531927), (43, 0.6811522277531928), (44, 0.681152227753193), (45, 0.6811522277531928), (46, 0.6811522277531931), (47, 0.6811522277531928), (48, 0.6811522277531927), (49, 0.6811522277531928), (50, 0.681152227753193)], 'avg_feature_variance': [(1, 0.9265728840231895), (2, 0.9265728902816772), (3, 0.9265728920698166), (4, 0.9265728968381882), (5, 0.9265728935599327), (6, 0.9265728968381882), (7, 0.9265728917717934), (8, 0.9265728890895844), (9, 0.9265728959441185), (10, 0.9265728956460952), (11, 0.9265728917717934), (12, 0.9265728923678398), (13, 0.9265728950500488), (14, 0.9265729036927223), (15, 0.9265729048848153), (16, 0.926572901904583), (17, 0.9265728959441185), (18, 0.9265728968381882), (19, 0.926572899222374), (20, 0.9265728962421417), (21, 0.9265728977322578), (22, 0.9265728938579559), (23, 0.9265729054808617), (24, 0.9265729090571404), (25, 0.9265728989243507), (26, 0.9265728858113289), (27, 0.9265728914737701), (28, 0.9265728938579559), (29, 0.9265729027986527), (30, 0.9265728953480721), (31, 0.9265729096531868), (32, 0.9265728968381882), (33, 0.9265729007124901), (34, 0.9265729087591171), (35, 0.9265729042887688), (36, 0.9265729108452797), (37, 0.9265728884935379), (38, 0.926572907269001), (39, 0.9265728983283043), (40, 0.9265729057788848), (41, 0.9265728959441185), (42, 0.9265729042887688), (43, 0.9265728905797005), (44, 0.9265729063749313), (45, 0.9265728974342347), (46, 0.9265729007124901), (47, 0.9265728971362114), (48, 0.9265728971362114), (49, 0.9265728783607483), (50, 0.9265729016065598)]}
[2026-01-11 12:53:56,503][flwr][INFO] - app_fit: metrics_distributed {}
[2026-01-11 12:53:56,503][flwr][INFO] - app_fit: losses_centralized [(0, 67.88411092758179), (1, 65.5921049118042), (2, 64.69430476427078), (3, 64.43646538257599), (4, 64.41141599416733), (5, 64.36907410621643), (6, 64.17542093992233), (7, 63.756935715675354), (8, 63.07358121871948), (9, 62.09501677751541), (10, 60.91588371992111), (11, 59.62058615684509), (12, 58.3141405582428), (13, 57.111184537410736), (14, 55.997852861881256), (15, 55.05904930830002), (16, 54.217539727687836), (17, 53.51167905330658), (18, 52.82980388402939), (19, 52.272280514240265), (20, 51.7943229675293), (21, 51.346829295158386), (22, 51.04870116710663), (23, 50.70572382211685), (24, 50.36026906967163), (25, 50.13355791568756), (26, 49.987814366817474), (27, 49.81502491235733), (28, 49.6204075217247), (29, 49.36229547858238), (30, 49.13719204068184), (31, 49.11311826109886), (32, 49.01294302940369), (33, 48.79665598273277), (34, 48.76076555252075), (35, 48.83629509806633), (36, 48.51495400071144), (37, 48.487362533807755), (38, 48.397921442985535), (39, 48.37620002031326), (40, 48.24084880948067), (41, 48.365157663822174), (42, 48.108989506959915), (43, 47.935711205005646), (44, 48.010788947343826), (45, 47.898807257413864), (46, 47.80289861559868), (47, 47.690317034721375), (48, 47.76864171028137), (49, 47.786885887384415), (50, 47.50242501497269)]
[2026-01-11 12:53:56,503][flwr][INFO] - app_fit: metrics_centralized {'accuracy': [(0, 0.3585), (1, 0.5075), (2, 0.5075), (3, 0.5075), (4, 0.5075), (5, 0.5075), (6, 0.508), (7, 0.5105), (8, 0.5155), (9, 0.524), (10, 0.5345), (11, 0.5505), (12, 0.566), (13, 0.577), (14, 0.5855), (15, 0.5875), (16, 0.586), (17, 0.589), (18, 0.59), (19, 0.591), (20, 0.5925), (21, 0.5935), (22, 0.5935), (23, 0.594), (24, 0.595), (25, 0.5945), (26, 0.5945), (27, 0.595), (28, 0.5945), (29, 0.594), (30, 0.595), (31, 0.5945), (32, 0.5945), (33, 0.5955), (34, 0.595), (35, 0.5945), (36, 0.597), (37, 0.5975), (38, 0.597), (39, 0.5975), (40, 0.597), (41, 0.5975), (42, 0.5965), (43, 0.596), (44, 0.5965), (45, 0.5955), (46, 0.5965), (47, 0.5955), (48, 0.596), (49, 0.5965), (50, 0.596)], 'adaptive_mu': [(0, 0.1), (1, 0.1), (2, 0.1), (3, 0.1), (4, 0.154260936993539), (5, 0.19322176592188375), (6, 0.22051519614453585), (7, 0.24048437950837176), (8, 0.25579450516416), (9, 0.2679944342671823), (10, 0.27829411983591934), (11, 0.28691979113633354), (12, 0.29433961144582155), (13, 0.30058722395449433), (14, 0.30573623476356), (15, 0.31007944636865), (16, 0.3135992072289424), (17, 0.3162889501341968), (18, 0.3185710288596652), (19, 0.32040755982725233), (20, 0.3218941067911998), (21, 0.32296845204335656), (22, 0.3238047285212307), (23, 0.32435968410092025), (24, 0.32471882595029433), (25, 0.3250128608803272), (26, 0.32511064021981034), (27, 0.3250537666197248), (28, 0.3247673932558445), (29, 0.3243739246227584), (30, 0.3239657692814567), (31, 0.32369450311464004), (32, 0.3232462126740263), (33, 0.32256136499973426), (34, 0.32187299808572145), (35, 0.32123959049114315), (36, 0.32041231387057467), (37, 0.3198561891664068), (38, 0.31905185942352277), (39, 0.3184376849532674), (40, 0.3176614632130607), (41, 0.31685132668504934), (42, 0.3158239746958776), (43, 0.3150338032389993), (44, 0.3143110693074586), (45, 0.3134855397453624), (46, 0.31283456687539957), (47, 0.312057286998394), (48, 0.3111962602895467), (49, 0.31039884887320707), (50, 0.3094564906483419)]}
[2026-01-11 12:53:56,534][flwr][INFO] - Starting Flower simulation, config: ServerConfig(num_rounds=50, round_timeout=None)
[2026-01-11 12:54:04,141][flwr][INFO] - Flower VCE: Ray initialized with resources: {'node:127.0.0.1': 1.0, 'object_store_memory': 2147483648.0, 'CPU': 10.0, 'memory': 12388655104.0}
[2026-01-11 12:54:04,142][flwr][INFO] - Initializing global parameters
[2026-01-11 12:54:04,143][flwr][INFO] - Using initial parameters provided by strategy
[2026-01-11 12:54:04,143][flwr][INFO] - Evaluating initial parameters
[2026-01-11 12:54:04,216][flwr][INFO] - initial parameters (loss, other metrics): 71.80140054225922, {'accuracy': 0.238}
[2026-01-11 12:54:04,216][flwr][INFO] - FL starting
[2026-01-11 12:54:04,217][flwr][DEBUG] - fit_round 1: strategy sampled 10 clients (out of 100)
[2026-01-11 12:54:08,802][flwr][DEBUG] - fit_round 1 received 10 results and 0 failures
[2026-01-11 12:54:08,838][flwr][INFO] - fit progress: (1, 66.78304433822632, {'accuracy': 0.507}, 4.618930792013998)
[2026-01-11 12:54:08,838][flwr][INFO] - evaluate_round 1: no clients selected, cancel
[2026-01-11 12:54:08,839][flwr][DEBUG] - fit_round 2: strategy sampled 10 clients (out of 100)
[2026-01-11 12:54:08,996][flwr][DEBUG] - fit_round 2 received 10 results and 0 failures
[2026-01-11 12:54:09,024][flwr][INFO] - fit progress: (2, 89.44723081588745, {'accuracy': 0.2365}, 4.8046816250134725)
[2026-01-11 12:54:09,024][flwr][INFO] - evaluate_round 2: no clients selected, cancel
[2026-01-11 12:54:09,024][flwr][DEBUG] - fit_round 3: strategy sampled 10 clients (out of 100)
[2026-01-11 12:54:09,177][flwr][DEBUG] - fit_round 3 received 10 results and 0 failures
[2026-01-11 12:54:09,204][flwr][INFO] - fit progress: (3, 64.79071766138077, {'accuracy': 0.507}, 4.985098334000213)
[2026-01-11 12:54:09,204][flwr][INFO] - evaluate_round 3: no clients selected, cancel
[2026-01-11 12:54:09,205][flwr][DEBUG] - fit_round 4: strategy sampled 10 clients (out of 100)
[2026-01-11 12:54:09,356][flwr][DEBUG] - fit_round 4 received 10 results and 0 failures
[2026-01-11 12:54:09,386][flwr][INFO] - fit progress: (4, 67.39095437526703, {'accuracy': 0.507}, 5.1662972920021275)
[2026-01-11 12:54:09,386][flwr][INFO] - evaluate_round 4: no clients selected, cancel
[2026-01-11 12:54:09,386][flwr][DEBUG] - fit_round 5: strategy sampled 10 clients (out of 100)
[2026-01-11 12:54:09,548][flwr][DEBUG] - fit_round 5 received 10 results and 0 failures
[2026-01-11 12:54:09,574][flwr][INFO] - fit progress: (5, 65.64821034669876, {'accuracy': 0.507}, 5.355084250011714)
[2026-01-11 12:54:09,575][flwr][INFO] - evaluate_round 5: no clients selected, cancel
[2026-01-11 12:54:09,575][flwr][DEBUG] - fit_round 6: strategy sampled 10 clients (out of 100)
[2026-01-11 12:54:09,722][flwr][DEBUG] - fit_round 6 received 10 results and 0 failures
[2026-01-11 12:54:09,747][flwr][INFO] - fit progress: (6, 65.46170961856842, {'accuracy': 0.507}, 5.528013000002829)
[2026-01-11 12:54:09,748][flwr][INFO] - evaluate_round 6: no clients selected, cancel
[2026-01-11 12:54:09,748][flwr][DEBUG] - fit_round 7: strategy sampled 10 clients (out of 100)
[2026-01-11 12:54:09,911][flwr][DEBUG] - fit_round 7 received 10 results and 0 failures
[2026-01-11 12:54:09,937][flwr][INFO] - fit progress: (7, 83.55519717931747, {'accuracy': 0.507}, 5.7175897500128485)
[2026-01-11 12:54:09,937][flwr][INFO] - evaluate_round 7: no clients selected, cancel
[2026-01-11 12:54:09,938][flwr][DEBUG] - fit_round 8: strategy sampled 10 clients (out of 100)
[2026-01-11 12:54:10,108][flwr][DEBUG] - fit_round 8 received 10 results and 0 failures
[2026-01-11 12:54:10,136][flwr][INFO] - fit progress: (8, 71.01115298271179, {'accuracy': 0.507}, 5.916359500013641)
[2026-01-11 12:54:10,136][flwr][INFO] - evaluate_round 8: no clients selected, cancel
[2026-01-11 12:54:10,137][flwr][DEBUG] - fit_round 9: strategy sampled 10 clients (out of 100)
[2026-01-11 12:54:10,320][flwr][DEBUG] - fit_round 9 received 10 results and 0 failures
[2026-01-11 12:54:10,352][flwr][INFO] - fit progress: (9, 66.42403620481491, {'accuracy': 0.507}, 6.132487959010177)
[2026-01-11 12:54:10,352][flwr][INFO] - evaluate_round 9: no clients selected, cancel
[2026-01-11 12:54:10,353][flwr][DEBUG] - fit_round 10: strategy sampled 10 clients (out of 100)
[2026-01-11 12:54:10,535][flwr][DEBUG] - fit_round 10 received 10 results and 0 failures
[2026-01-11 12:54:10,562][flwr][INFO] - fit progress: (10, 75.2462517619133, {'accuracy': 0.507}, 6.341814209008589)
[2026-01-11 12:54:10,562][flwr][INFO] - evaluate_round 10: no clients selected, cancel
[2026-01-11 12:54:10,562][flwr][DEBUG] - fit_round 11: strategy sampled 10 clients (out of 100)
[2026-01-11 12:54:10,722][flwr][DEBUG] - fit_round 11 received 10 results and 0 failures
[2026-01-11 12:54:10,748][flwr][INFO] - fit progress: (11, 65.49678075313568, {'accuracy': 0.507}, 6.527693084004568)
[2026-01-11 12:54:10,748][flwr][INFO] - evaluate_round 11: no clients selected, cancel
[2026-01-11 12:54:10,748][flwr][DEBUG] - fit_round 12: strategy sampled 10 clients (out of 100)
[2026-01-11 12:54:10,933][flwr][DEBUG] - fit_round 12 received 10 results and 0 failures
[2026-01-11 12:54:10,961][flwr][INFO] - fit progress: (12, 85.92708104848862, {'accuracy': 0.507}, 6.740540625003632)
[2026-01-11 12:54:10,961][flwr][INFO] - evaluate_round 12: no clients selected, cancel
[2026-01-11 12:54:10,961][flwr][DEBUG] - fit_round 13: strategy sampled 10 clients (out of 100)
[2026-01-11 12:54:11,150][flwr][DEBUG] - fit_round 13 received 10 results and 0 failures
[2026-01-11 12:54:11,176][flwr][INFO] - fit progress: (13, 92.22408068180084, {'accuracy': 0.507}, 6.955562292001559)
[2026-01-11 12:54:11,176][flwr][INFO] - evaluate_round 13: no clients selected, cancel
[2026-01-11 12:54:11,176][flwr][DEBUG] - fit_round 14: strategy sampled 10 clients (out of 100)
[2026-01-11 12:54:11,455][flwr][DEBUG] - fit_round 14 received 10 results and 0 failures
[2026-01-11 12:54:11,480][flwr][INFO] - fit progress: (14, 89.24390089511871, {'accuracy': 0.507}, 7.259993042011047)
[2026-01-11 12:54:11,481][flwr][INFO] - evaluate_round 14: no clients selected, cancel
[2026-01-11 12:54:11,481][flwr][DEBUG] - fit_round 15: strategy sampled 10 clients (out of 100)
[2026-01-11 12:54:11,660][flwr][DEBUG] - fit_round 15 received 10 results and 0 failures
[2026-01-11 12:54:11,686][flwr][INFO] - fit progress: (15, 81.67801344394684, {'accuracy': 0.507}, 7.465703167006723)
[2026-01-11 12:54:11,686][flwr][INFO] - evaluate_round 15: no clients selected, cancel
[2026-01-11 12:54:11,687][flwr][DEBUG] - fit_round 16: strategy sampled 10 clients (out of 100)
[2026-01-11 12:54:11,877][flwr][DEBUG] - fit_round 16 received 10 results and 0 failures
[2026-01-11 12:54:11,903][flwr][INFO] - fit progress: (16, 69.92152208089828, {'accuracy': 0.507}, 7.681867125007557)
[2026-01-11 12:54:11,903][flwr][INFO] - evaluate_round 16: no clients selected, cancel
[2026-01-11 12:54:11,903][flwr][DEBUG] - fit_round 17: strategy sampled 10 clients (out of 100)
[2026-01-11 12:54:12,112][flwr][DEBUG] - fit_round 17 received 10 results and 0 failures
[2026-01-11 12:54:12,137][flwr][INFO] - fit progress: (17, 70.03067803382874, {'accuracy': 0.507}, 7.9160371250036405)
[2026-01-11 12:54:12,137][flwr][INFO] - evaluate_round 17: no clients selected, cancel
[2026-01-11 12:54:12,137][flwr][DEBUG] - fit_round 18: strategy sampled 10 clients (out of 100)
[2026-01-11 12:54:12,336][flwr][DEBUG] - fit_round 18 received 10 results and 0 failures
[2026-01-11 12:54:12,363][flwr][INFO] - fit progress: (18, 68.45539218187332, {'accuracy': 0.507}, 8.142559459010954)
[2026-01-11 12:54:12,364][flwr][INFO] - evaluate_round 18: no clients selected, cancel
[2026-01-11 12:54:12,364][flwr][DEBUG] - fit_round 19: strategy sampled 10 clients (out of 100)
[2026-01-11 12:54:12,570][flwr][DEBUG] - fit_round 19 received 10 results and 0 failures
[2026-01-11 12:54:12,597][flwr][INFO] - fit progress: (19, 81.66478145122528, {'accuracy': 0.507}, 8.37587541701214)
[2026-01-11 12:54:12,597][flwr][INFO] - evaluate_round 19: no clients selected, cancel
[2026-01-11 12:54:12,598][flwr][DEBUG] - fit_round 20: strategy sampled 10 clients (out of 100)
[2026-01-11 12:54:12,804][flwr][DEBUG] - fit_round 20 received 10 results and 0 failures
[2026-01-11 12:54:12,829][flwr][INFO] - fit progress: (20, 85.90762060880661, {'accuracy': 0.507}, 8.608066250002594)
[2026-01-11 12:54:12,829][flwr][INFO] - evaluate_round 20: no clients selected, cancel
[2026-01-11 12:54:12,830][flwr][DEBUG] - fit_round 21: strategy sampled 10 clients (out of 100)
[2026-01-11 12:54:13,040][flwr][DEBUG] - fit_round 21 received 10 results and 0 failures
[2026-01-11 12:54:13,065][flwr][INFO] - fit progress: (21, 98.75465297698975, {'accuracy': 0.507}, 8.84352116700029)
[2026-01-11 12:54:13,065][flwr][INFO] - evaluate_round 21: no clients selected, cancel
[2026-01-11 12:54:13,065][flwr][DEBUG] - fit_round 22: strategy sampled 10 clients (out of 100)
[2026-01-11 12:54:13,266][flwr][DEBUG] - fit_round 22 received 10 results and 0 failures
[2026-01-11 12:54:13,294][flwr][INFO] - fit progress: (22, 85.18014311790466, {'accuracy': 0.507}, 9.072667750006076)
[2026-01-11 12:54:13,294][flwr][INFO] - evaluate_round 22: no clients selected, cancel
[2026-01-11 12:54:13,295][flwr][DEBUG] - fit_round 23: strategy sampled 10 clients (out of 100)
[2026-01-11 12:54:13,515][flwr][DEBUG] - fit_round 23 received 10 results and 0 failures
[2026-01-11 12:54:13,542][flwr][INFO] - fit progress: (23, 96.48739731311798, {'accuracy': 0.507}, 9.320695292000892)
[2026-01-11 12:54:13,542][flwr][INFO] - evaluate_round 23: no clients selected, cancel
[2026-01-11 12:54:13,543][flwr][DEBUG] - fit_round 24: strategy sampled 10 clients (out of 100)
[2026-01-11 12:54:13,860][flwr][DEBUG] - fit_round 24 received 10 results and 0 failures
[2026-01-11 12:54:13,885][flwr][INFO] - fit progress: (24, 130.80948960781097, {'accuracy': 0.507}, 9.663596084006713)
[2026-01-11 12:54:13,885][flwr][INFO] - evaluate_round 24: no clients selected, cancel
[2026-01-11 12:54:13,886][flwr][DEBUG] - fit_round 25: strategy sampled 10 clients (out of 100)
[2026-01-11 12:54:14,078][flwr][DEBUG] - fit_round 25 received 10 results and 0 failures
[2026-01-11 12:54:14,142][flwr][INFO] - fit progress: (25, 185.65291714668274, {'accuracy': 0.507}, 9.920666834004805)
[2026-01-11 12:54:14,143][flwr][INFO] - evaluate_round 25: no clients selected, cancel
[2026-01-11 12:54:14,143][flwr][DEBUG] - fit_round 26: strategy sampled 10 clients (out of 100)
[2026-01-11 12:54:14,371][flwr][DEBUG] - fit_round 26 received 10 results and 0 failures
[2026-01-11 12:54:14,397][flwr][INFO] - fit progress: (26, 218.15427255630493, {'accuracy': 0.507}, 10.174705625002389)
[2026-01-11 12:54:14,397][flwr][INFO] - evaluate_round 26: no clients selected, cancel
[2026-01-11 12:54:14,397][flwr][DEBUG] - fit_round 27: strategy sampled 10 clients (out of 100)
[2026-01-11 12:54:14,690][flwr][DEBUG] - fit_round 27 received 10 results and 0 failures
[2026-01-11 12:54:14,715][flwr][INFO] - fit progress: (27, 210.360675573349, {'accuracy': 0.507}, 10.49309945901041)
[2026-01-11 12:54:14,715][flwr][INFO] - evaluate_round 27: no clients selected, cancel
[2026-01-11 12:54:14,716][flwr][DEBUG] - fit_round 28: strategy sampled 10 clients (out of 100)
[2026-01-11 12:54:14,928][flwr][DEBUG] - fit_round 28 received 10 results and 0 failures
[2026-01-11 12:54:14,954][flwr][INFO] - fit progress: (28, 180.3723828792572, {'accuracy': 0.507}, 10.731952709000325)
[2026-01-11 12:54:14,954][flwr][INFO] - evaluate_round 28: no clients selected, cancel
[2026-01-11 12:54:14,955][flwr][DEBUG] - fit_round 29: strategy sampled 10 clients (out of 100)
[2026-01-11 12:54:15,185][flwr][DEBUG] - fit_round 29 received 10 results and 0 failures
[2026-01-11 12:54:15,211][flwr][INFO] - fit progress: (29, 175.98398637771606, {'accuracy': 0.507}, 10.988415042011184)
[2026-01-11 12:54:15,211][flwr][INFO] - evaluate_round 29: no clients selected, cancel
[2026-01-11 12:54:15,211][flwr][DEBUG] - fit_round 30: strategy sampled 10 clients (out of 100)
[2026-01-11 12:54:15,432][flwr][DEBUG] - fit_round 30 received 10 results and 0 failures
[2026-01-11 12:54:15,457][flwr][INFO] - fit progress: (30, 154.45745420455933, {'accuracy': 0.507}, 11.234826792002423)
[2026-01-11 12:54:15,457][flwr][INFO] - evaluate_round 30: no clients selected, cancel
[2026-01-11 12:54:15,458][flwr][DEBUG] - fit_round 31: strategy sampled 10 clients (out of 100)
[2026-01-11 12:54:15,647][flwr][DEBUG] - fit_round 31 received 10 results and 0 failures
[2026-01-11 12:54:15,674][flwr][INFO] - fit progress: (31, 138.57994306087494, {'accuracy': 0.507}, 11.45198079200054)
[2026-01-11 12:54:15,675][flwr][INFO] - evaluate_round 31: no clients selected, cancel
[2026-01-11 12:54:15,675][flwr][DEBUG] - fit_round 32: strategy sampled 10 clients (out of 100)
[2026-01-11 12:54:15,899][flwr][DEBUG] - fit_round 32 received 10 results and 0 failures
[2026-01-11 12:54:15,926][flwr][INFO] - fit progress: (32, 127.52668380737305, {'accuracy': 0.507}, 11.70316050000838)
[2026-01-11 12:54:15,926][flwr][INFO] - evaluate_round 32: no clients selected, cancel
[2026-01-11 12:54:15,926][flwr][DEBUG] - fit_round 33: strategy sampled 10 clients (out of 100)
[2026-01-11 12:54:16,127][flwr][DEBUG] - fit_round 33 received 10 results and 0 failures
[2026-01-11 12:54:16,153][flwr][INFO] - fit progress: (33, 165.57659602165222, {'accuracy': 0.507}, 11.929944750008872)
[2026-01-11 12:54:16,153][flwr][INFO] - evaluate_round 33: no clients selected, cancel
[2026-01-11 12:54:16,153][flwr][DEBUG] - fit_round 34: strategy sampled 10 clients (out of 100)
[2026-01-11 12:54:16,366][flwr][DEBUG] - fit_round 34 received 10 results and 0 failures
[2026-01-11 12:54:16,392][flwr][INFO] - fit progress: (34, 109.38059425354004, {'accuracy': 0.507}, 12.16909929200483)
[2026-01-11 12:54:16,392][flwr][INFO] - evaluate_round 34: no clients selected, cancel
[2026-01-11 12:54:16,392][flwr][DEBUG] - fit_round 35: strategy sampled 10 clients (out of 100)
[2026-01-11 12:54:16,611][flwr][DEBUG] - fit_round 35 received 10 results and 0 failures
[2026-01-11 12:54:16,637][flwr][INFO] - fit progress: (35, 144.1566858291626, {'accuracy': 0.507}, 12.413895000005141)
[2026-01-11 12:54:16,637][flwr][INFO] - evaluate_round 35: no clients selected, cancel
[2026-01-11 12:54:16,637][flwr][DEBUG] - fit_round 36: strategy sampled 10 clients (out of 100)
[2026-01-11 12:54:16,840][flwr][DEBUG] - fit_round 36 received 10 results and 0 failures
[2026-01-11 12:54:16,864][flwr][INFO] - fit progress: (36, 165.4353688955307, {'accuracy': 0.507}, 12.641143917004229)
[2026-01-11 12:54:16,864][flwr][INFO] - evaluate_round 36: no clients selected, cancel
[2026-01-11 12:54:16,865][flwr][DEBUG] - fit_round 37: strategy sampled 10 clients (out of 100)
[2026-01-11 12:54:17,078][flwr][DEBUG] - fit_round 37 received 10 results and 0 failures
[2026-01-11 12:54:17,102][flwr][INFO] - fit progress: (37, 184.03244400024414, {'accuracy': 0.507}, 12.879500542010646)
[2026-01-11 12:54:17,103][flwr][INFO] - evaluate_round 37: no clients selected, cancel
[2026-01-11 12:54:17,103][flwr][DEBUG] - fit_round 38: strategy sampled 10 clients (out of 100)
[2026-01-11 12:54:17,295][flwr][DEBUG] - fit_round 38 received 10 results and 0 failures
[2026-01-11 12:54:17,345][flwr][INFO] - fit progress: (38, 156.19551873207092, {'accuracy': 0.507}, 13.122171584007447)
[2026-01-11 12:54:17,345][flwr][INFO] - evaluate_round 38: no clients selected, cancel
[2026-01-11 12:54:17,346][flwr][DEBUG] - fit_round 39: strategy sampled 10 clients (out of 100)
[2026-01-11 12:54:17,548][flwr][DEBUG] - fit_round 39 received 10 results and 0 failures
[2026-01-11 12:54:17,572][flwr][INFO] - fit progress: (39, 179.42883729934692, {'accuracy': 0.507}, 13.348902417012141)
[2026-01-11 12:54:17,572][flwr][INFO] - evaluate_round 39: no clients selected, cancel
[2026-01-11 12:54:17,573][flwr][DEBUG] - fit_round 40: strategy sampled 10 clients (out of 100)
[2026-01-11 12:54:17,803][flwr][DEBUG] - fit_round 40 received 10 results and 0 failures
[2026-01-11 12:54:17,829][flwr][INFO] - fit progress: (40, 201.86780762672424, {'accuracy': 0.507}, 13.605765750005958)
[2026-01-11 12:54:17,829][flwr][INFO] - evaluate_round 40: no clients selected, cancel
[2026-01-11 12:54:17,830][flwr][DEBUG] - fit_round 41: strategy sampled 10 clients (out of 100)
[2026-01-11 12:54:18,038][flwr][DEBUG] - fit_round 41 received 10 results and 0 failures
[2026-01-11 12:54:18,068][flwr][INFO] - fit progress: (41, 161.32913088798523, {'accuracy': 0.507}, 13.84446195900091)
[2026-01-11 12:54:18,068][flwr][INFO] - evaluate_round 41: no clients selected, cancel
[2026-01-11 12:54:18,068][flwr][DEBUG] - fit_round 42: strategy sampled 10 clients (out of 100)
[2026-01-11 12:54:18,293][flwr][DEBUG] - fit_round 42 received 10 results and 0 failures
[2026-01-11 12:54:18,320][flwr][INFO] - fit progress: (42, 121.93406522274017, {'accuracy': 0.507}, 14.096343375000288)
[2026-01-11 12:54:18,320][flwr][INFO] - evaluate_round 42: no clients selected, cancel
[2026-01-11 12:54:18,320][flwr][DEBUG] - fit_round 43: strategy sampled 10 clients (out of 100)
[2026-01-11 12:54:18,539][flwr][DEBUG] - fit_round 43 received 10 results and 0 failures
[2026-01-11 12:54:18,565][flwr][INFO] - fit progress: (43, 154.90208613872528, {'accuracy': 0.507}, 14.34151620900957)
[2026-01-11 12:54:18,565][flwr][INFO] - evaluate_round 43: no clients selected, cancel
[2026-01-11 12:54:18,566][flwr][DEBUG] - fit_round 44: strategy sampled 10 clients (out of 100)
[2026-01-11 12:54:18,770][flwr][DEBUG] - fit_round 44 received 10 results and 0 failures
[2026-01-11 12:54:18,795][flwr][INFO] - fit progress: (44, 126.6661845445633, {'accuracy': 0.507}, 14.57174975000089)
[2026-01-11 12:54:18,796][flwr][INFO] - evaluate_round 44: no clients selected, cancel
[2026-01-11 12:54:18,796][flwr][DEBUG] - fit_round 45: strategy sampled 10 clients (out of 100)
[2026-01-11 12:54:19,006][flwr][DEBUG] - fit_round 45 received 10 results and 0 failures
[2026-01-11 12:54:19,033][flwr][INFO] - fit progress: (45, 132.1670696735382, {'accuracy': 0.507}, 14.809204459001194)
[2026-01-11 12:54:19,033][flwr][INFO] - evaluate_round 45: no clients selected, cancel
[2026-01-11 12:54:19,034][flwr][DEBUG] - fit_round 46: strategy sampled 10 clients (out of 100)
[2026-01-11 12:54:19,237][flwr][DEBUG] - fit_round 46 received 10 results and 0 failures
[2026-01-11 12:54:19,267][flwr][INFO] - fit progress: (46, 171.02253580093384, {'accuracy': 0.507}, 15.04326375000528)
[2026-01-11 12:54:19,267][flwr][INFO] - evaluate_round 46: no clients selected, cancel
[2026-01-11 12:54:19,268][flwr][DEBUG] - fit_round 47: strategy sampled 10 clients (out of 100)
[2026-01-11 12:54:19,518][flwr][DEBUG] - fit_round 47 received 10 results and 0 failures
[2026-01-11 12:54:19,543][flwr][INFO] - fit progress: (47, 151.56116676330566, {'accuracy': 0.507}, 15.31870295900444)
[2026-01-11 12:54:19,543][flwr][INFO] - evaluate_round 47: no clients selected, cancel
[2026-01-11 12:54:19,543][flwr][DEBUG] - fit_round 48: strategy sampled 10 clients (out of 100)
[2026-01-11 12:54:19,740][flwr][DEBUG] - fit_round 48 received 10 results and 0 failures
[2026-01-11 12:54:19,767][flwr][INFO] - fit progress: (48, 179.1622281074524, {'accuracy': 0.507}, 15.543152334008482)
[2026-01-11 12:54:19,767][flwr][INFO] - evaluate_round 48: no clients selected, cancel
[2026-01-11 12:54:19,768][flwr][DEBUG] - fit_round 49: strategy sampled 10 clients (out of 100)
[2026-01-11 12:54:19,986][flwr][DEBUG] - fit_round 49 received 10 results and 0 failures
[2026-01-11 12:54:20,013][flwr][INFO] - fit progress: (49, 177.06469869613647, {'accuracy': 0.507}, 15.789133666999987)
[2026-01-11 12:54:20,013][flwr][INFO] - evaluate_round 49: no clients selected, cancel
[2026-01-11 12:54:20,014][flwr][DEBUG] - fit_round 50: strategy sampled 10 clients (out of 100)
[2026-01-11 12:54:20,231][flwr][DEBUG] - fit_round 50 received 10 results and 0 failures
[2026-01-11 12:54:20,264][flwr][INFO] - fit progress: (50, 197.02263879776, {'accuracy': 0.507}, 16.040142167010345)
[2026-01-11 12:54:20,264][flwr][INFO] - evaluate_round 50: no clients selected, cancel
[2026-01-11 12:54:20,264][flwr][INFO] - FL finished in 16.040369375012233
[2026-01-11 12:54:20,265][flwr][INFO] - app_fit: losses_distributed []
[2026-01-11 12:54:20,265][flwr][INFO] - app_fit: metrics_distributed_fit {'c_global_norm': [(1, 11.315850068745602), (2, 59.76125865669158), (3, 80.80110795045145), (4, 33.558396303423926), (5, 28.389359754082907), (6, 20.548967101192133), (7, 52.101306959844884), (8, 27.736688247705583), (9, 16.303621192358378), (10, 30.5306474124475), (11, 27.693844574198813), (12, 34.19351831286893), (13, 16.20321493022686), (14, 28.25597931872083), (15, 32.36078382489375), (16, 42.39687762212278), (17, 21.979340942800736), (18, 13.370840713821487), (19, 39.40824288540487), (20, 25.353177162322694), (21, 15.565198267992164), (22, 21.37781424288871), (23, 26.624266215855517), (24, 19.91489417343697), (25, 29.611270666711448), (26, 12.691195538181436), (27, 26.144037182475653), (28, 16.542838957906802), (29, 12.181530546908437), (30, 16.86924098432058), (31, 14.257663330969997), (32, 20.82610581977913), (33, 27.732861334099894), (34, 42.28146608104315), (35, 20.607359645193846), (36, 11.594439978902503), (37, 7.641768937395469), (38, 25.493732331932176), (39, 3.048606476250561), (40, 18.24515657952053), (41, 30.811979235258438), (42, 41.197107991778886), (43, 25.004758572693447), (44, 23.076014710874674), (45, 5.280715935835339), (46, 27.222800674964017), (47, 25.354616062963803), (48, 9.35105052381486), (49, 2.9257188199542203), (50, 6.882116845488855)], 'num_clients': [(1, 10), (2, 10), (3, 10), (4, 10), (5, 10), (6, 10), (7, 10), (8, 10), (9, 10), (10, 10), (11, 10), (12, 10), (13, 10), (14, 10), (15, 10), (16, 10), (17, 10), (18, 10), (19, 10), (20, 10), (21, 10), (22, 10), (23, 10), (24, 10), (25, 10), (26, 10), (27, 10), (28, 10), (29, 10), (30, 10), (31, 10), (32, 10), (33, 10), (34, 10), (35, 10), (36, 10), (37, 10), (38, 10), (39, 10), (40, 10), (41, 10), (42, 10), (43, 10), (44, 10), (45, 10), (46, 10), (47, 10), (48, 10), (49, 10), (50, 10)]}
[2026-01-11 12:54:20,265][flwr][INFO] - app_fit: metrics_distributed {}
[2026-01-11 12:54:20,265][flwr][INFO] - app_fit: losses_centralized [(0, 71.80140054225922), (1, 66.78304433822632), (2, 89.44723081588745), (3, 64.79071766138077), (4, 67.39095437526703), (5, 65.64821034669876), (6, 65.46170961856842), (7, 83.55519717931747), (8, 71.01115298271179), (9, 66.42403620481491), (10, 75.2462517619133), (11, 65.49678075313568), (12, 85.92708104848862), (13, 92.22408068180084), (14, 89.24390089511871), (15, 81.67801344394684), (16, 69.92152208089828), (17, 70.03067803382874), (18, 68.45539218187332), (19, 81.66478145122528), (20, 85.90762060880661), (21, 98.75465297698975), (22, 85.18014311790466), (23, 96.48739731311798), (24, 130.80948960781097), (25, 185.65291714668274), (26, 218.15427255630493), (27, 210.360675573349), (28, 180.3723828792572), (29, 175.98398637771606), (30, 154.45745420455933), (31, 138.57994306087494), (32, 127.52668380737305), (33, 165.57659602165222), (34, 109.38059425354004), (35, 144.1566858291626), (36, 165.4353688955307), (37, 184.03244400024414), (38, 156.19551873207092), (39, 179.42883729934692), (40, 201.86780762672424), (41, 161.32913088798523), (42, 121.93406522274017), (43, 154.90208613872528), (44, 126.6661845445633), (45, 132.1670696735382), (46, 171.02253580093384), (47, 151.56116676330566), (48, 179.1622281074524), (49, 177.06469869613647), (50, 197.02263879776)]
[2026-01-11 12:54:20,266][flwr][INFO] - app_fit: metrics_centralized {'accuracy': [(0, 0.238), (1, 0.507), (2, 0.2365), (3, 0.507), (4, 0.507), (5, 0.507), (6, 0.507), (7, 0.507), (8, 0.507), (9, 0.507), (10, 0.507), (11, 0.507), (12, 0.507), (13, 0.507), (14, 0.507), (15, 0.507), (16, 0.507), (17, 0.507), (18, 0.507), (19, 0.507), (20, 0.507), (21, 0.507), (22, 0.507), (23, 0.507), (24, 0.507), (25, 0.507), (26, 0.507), (27, 0.507), (28, 0.507), (29, 0.507), (30, 0.507), (31, 0.507), (32, 0.507), (33, 0.507), (34, 0.507), (35, 0.507), (36, 0.507), (37, 0.507), (38, 0.507), (39, 0.507), (40, 0.507), (41, 0.507), (42, 0.507), (43, 0.507), (44, 0.507), (45, 0.507), (46, 0.507), (47, 0.507), (48, 0.507), (49, 0.507), (50, 0.507)]}
