[2026-01-22 00:30:24,019][flwr][INFO] - Starting Flower simulation, config: ServerConfig(num_rounds=30, round_timeout=None)
[2026-01-22 00:30:28,757][flwr][INFO] - Flower VCE: Ray initialized with resources: {'memory': 11604277658.0, 'CPU': 10.0, 'object_store_memory': 2147483648.0, 'node:127.0.0.1': 1.0}
[2026-01-22 00:30:28,758][flwr][INFO] - Initializing global parameters
[2026-01-22 00:30:28,758][flwr][INFO] - Using initial parameters provided by strategy
[2026-01-22 00:30:28,758][flwr][INFO] - Evaluating initial parameters
[2026-01-22 00:30:29,336][flwr][INFO] - initial parameters (loss, other metrics): 1.371425687789917, {'rmse': 10802.69966258435, 'mae': 8696.03125, 'r2': -0.09940019736940098, 'mape': 77.89253234863281, 'accuracy_10': 10.000000149011612, 'accuracy_20': 21.34999930858612}
[2026-01-22 00:30:29,337][flwr][INFO] - FL starting
[2026-01-22 00:30:29,337][flwr][DEBUG] - fit_round 1: strategy sampled 6 clients (out of 10)
[2026-01-22 00:30:39,054][flwr][DEBUG] - fit_round 1 received 6 results and 0 failures
[2026-01-22 00:30:39,059][flwr][WARNING] - No fit_metrics_aggregation_fn provided
[2026-01-22 00:30:39,316][flwr][INFO] - fit progress: (1, 0.06284966540336609, {'rmse': 4187.24993283181, 'mae': 1756.8101806640625, 'r2': 0.834823231522241, 'mape': 9.22928237915039, 'accuracy_10': 66.10000133514404, 'accuracy_20': 93.65000128746033}, 9.979013958014548)
[2026-01-22 00:30:39,316][flwr][DEBUG] - evaluate_round 1: strategy sampled 5 clients (out of 10)
[2026-01-22 00:30:39,503][flwr][DEBUG] - evaluate_round 1 received 5 results and 0 failures
[2026-01-22 00:30:39,503][flwr][WARNING] - No evaluate_metrics_aggregation_fn provided
[2026-01-22 00:30:39,503][flwr][DEBUG] - fit_round 2: strategy sampled 6 clients (out of 10)
[2026-01-22 00:30:44,177][flwr][DEBUG] - fit_round 2 received 6 results and 0 failures
[2026-01-22 00:30:44,425][flwr][INFO] - fit progress: (2, 0.03728090837597847, {'rmse': 3110.2348785903614, 'mae': 1313.6519775390625, 'r2': 0.9088665949857799, 'mape': 6.9730682373046875, 'accuracy_10': 80.65000176429749, 'accuracy_20': 95.49999833106995}, 15.088393624988385)
[2026-01-22 00:30:44,426][flwr][DEBUG] - evaluate_round 2: strategy sampled 5 clients (out of 10)
[2026-01-22 00:30:44,650][flwr][DEBUG] - evaluate_round 2 received 5 results and 0 failures
[2026-01-22 00:30:44,650][flwr][DEBUG] - fit_round 3: strategy sampled 6 clients (out of 10)
[2026-01-22 00:30:49,200][flwr][DEBUG] - fit_round 3 received 6 results and 0 failures
[2026-01-22 00:30:49,438][flwr][INFO] - fit progress: (3, 0.030064671672880648, {'rmse': 3520.0207385752715, 'mae': 1173.797607421875, 'r2': 0.8832702170314806, 'mape': 5.253249168395996, 'accuracy_10': 88.24999928474426, 'accuracy_20': 96.70000076293945}, 20.10129437496653)
[2026-01-22 00:30:49,438][flwr][DEBUG] - evaluate_round 3: strategy sampled 5 clients (out of 10)
[2026-01-22 00:30:49,633][flwr][DEBUG] - evaluate_round 3 received 5 results and 0 failures
[2026-01-22 00:30:49,634][flwr][DEBUG] - fit_round 4: strategy sampled 6 clients (out of 10)
[2026-01-22 00:30:54,117][flwr][DEBUG] - fit_round 4 received 6 results and 0 failures
[2026-01-22 00:30:54,355][flwr][INFO] - fit progress: (4, 0.023162195540964603, {'rmse': 3146.703830995221, 'mae': 1035.9254150390625, 'r2': 0.9067169015550848, 'mape': 4.7177324295043945, 'accuracy_10': 91.04999899864197, 'accuracy_20': 97.64999747276306}, 25.018187500012573)
[2026-01-22 00:30:54,355][flwr][DEBUG] - evaluate_round 4: strategy sampled 5 clients (out of 10)
[2026-01-22 00:30:54,542][flwr][DEBUG] - evaluate_round 4 received 5 results and 0 failures
[2026-01-22 00:30:54,543][flwr][DEBUG] - fit_round 5: strategy sampled 6 clients (out of 10)
[2026-01-22 00:30:58,170][flwr][DEBUG] - fit_round 5 received 6 results and 0 failures
[2026-01-22 00:30:58,397][flwr][INFO] - fit progress: (5, 0.026304108794778586, {'rmse': 3541.693097940588, 'mae': 1096.6134033203125, 'r2': 0.8818284090153996, 'mape': 4.613661289215088, 'accuracy_10': 89.80000019073486, 'accuracy_20': 97.14999794960022}, 29.060361333016772)
[2026-01-22 00:30:58,398][flwr][DEBUG] - evaluate_round 5: strategy sampled 5 clients (out of 10)
[2026-01-22 00:30:58,592][flwr][DEBUG] - evaluate_round 5 received 5 results and 0 failures
[2026-01-22 00:30:58,592][flwr][DEBUG] - fit_round 6: strategy sampled 6 clients (out of 10)
[2026-01-22 00:31:02,961][flwr][DEBUG] - fit_round 6 received 6 results and 0 failures
[2026-01-22 00:31:03,202][flwr][INFO] - fit progress: (6, 0.01819015669822693, {'rmse': 3099.772411000524, 'mae': 906.2341918945312, 'r2': 0.9094786859337605, 'mape': 3.7536277770996094, 'accuracy_10': 92.44999885559082, 'accuracy_20': 98.15000295639038}, 33.86508633301128)
[2026-01-22 00:31:03,202][flwr][DEBUG] - evaluate_round 6: strategy sampled 5 clients (out of 10)
[2026-01-22 00:31:03,380][flwr][DEBUG] - evaluate_round 6 received 5 results and 0 failures
[2026-01-22 00:31:03,380][flwr][DEBUG] - fit_round 7: strategy sampled 6 clients (out of 10)
[2026-01-22 00:31:07,704][flwr][DEBUG] - fit_round 7 received 6 results and 0 failures
[2026-01-22 00:31:07,942][flwr][INFO] - fit progress: (7, 0.01407264824025333, {'rmse': 2798.6728104585573, 'mae': 798.0357666015625, 'r2': 0.9262103471684082, 'mape': 3.3021223545074463, 'accuracy_10': 94.65000033378601, 'accuracy_20': 98.60000014305115}, 38.60523279197514)
[2026-01-22 00:31:07,943][flwr][DEBUG] - evaluate_round 7: strategy sampled 5 clients (out of 10)
[2026-01-22 00:31:08,128][flwr][DEBUG] - evaluate_round 7 received 5 results and 0 failures
[2026-01-22 00:31:08,128][flwr][DEBUG] - fit_round 8: strategy sampled 6 clients (out of 10)
[2026-01-22 00:31:11,691][flwr][DEBUG] - fit_round 8 received 6 results and 0 failures
[2026-01-22 00:31:11,937][flwr][INFO] - fit progress: (8, 0.014216297838836909, {'rmse': 2746.688005580539, 'mae': 783.2843017578125, 'r2': 0.9289261444149144, 'mape': 3.245249032974243, 'accuracy_10': 94.45000290870667, 'accuracy_20': 98.65000247955322}, 42.600218583014794)
[2026-01-22 00:31:11,938][flwr][DEBUG] - evaluate_round 8: strategy sampled 5 clients (out of 10)
[2026-01-22 00:31:12,117][flwr][DEBUG] - evaluate_round 8 received 5 results and 0 failures
[2026-01-22 00:31:12,117][flwr][DEBUG] - fit_round 9: strategy sampled 6 clients (out of 10)
[2026-01-22 00:31:16,612][flwr][DEBUG] - fit_round 9 received 6 results and 0 failures
[2026-01-22 00:31:16,847][flwr][INFO] - fit progress: (9, 0.010266828464344143, {'rmse': 2119.840795908976, 'mae': 640.0252075195312, 'r2': 0.9576651789872821, 'mape': 2.9591245651245117, 'accuracy_10': 95.99999785423279, 'accuracy_20': 99.15000200271606}, 47.50986229197588)
[2026-01-22 00:31:16,847][flwr][DEBUG] - evaluate_round 9: strategy sampled 5 clients (out of 10)
[2026-01-22 00:31:17,036][flwr][DEBUG] - evaluate_round 9 received 5 results and 0 failures
[2026-01-22 00:31:17,036][flwr][DEBUG] - fit_round 10: strategy sampled 6 clients (out of 10)
[2026-01-22 00:31:20,442][flwr][DEBUG] - fit_round 10 received 6 results and 0 failures
[2026-01-22 00:31:20,695][flwr][INFO] - fit progress: (10, 0.01364644736982882, {'rmse': 2788.61739935761, 'mae': 778.5990600585938, 'r2': 0.9267396333022546, 'mape': 3.090050220489502, 'accuracy_10': 94.59999799728394, 'accuracy_20': 98.54999780654907}, 51.35786916699726)
[2026-01-22 00:31:20,695][flwr][DEBUG] - evaluate_round 10: strategy sampled 5 clients (out of 10)
[2026-01-22 00:31:20,921][flwr][DEBUG] - evaluate_round 10 received 5 results and 0 failures
[2026-01-22 00:31:20,921][flwr][DEBUG] - fit_round 11: strategy sampled 6 clients (out of 10)
[2026-01-22 00:31:24,297][flwr][DEBUG] - fit_round 11 received 6 results and 0 failures
[2026-01-22 00:31:24,540][flwr][INFO] - fit progress: (11, 0.012083038497716189, {'rmse': 2441.5395757595247, 'mae': 701.22607421875, 'r2': 0.9438410775779671, 'mape': 3.011528968811035, 'accuracy_10': 95.49999833106995, 'accuracy_20': 98.7500011920929}, 55.203000458015595)
[2026-01-22 00:31:24,540][flwr][DEBUG] - evaluate_round 11: strategy sampled 5 clients (out of 10)
[2026-01-22 00:31:24,754][flwr][DEBUG] - evaluate_round 11 received 5 results and 0 failures
[2026-01-22 00:31:24,754][flwr][DEBUG] - fit_round 12: strategy sampled 6 clients (out of 10)
[2026-01-22 00:31:28,097][flwr][DEBUG] - fit_round 12 received 6 results and 0 failures
[2026-01-22 00:31:28,324][flwr][INFO] - fit progress: (12, 0.011784107696264982, {'rmse': 2543.7851717470166, 'mae': 708.3366088867188, 'r2': 0.9390390012941611, 'mape': 2.985069990158081, 'accuracy_10': 95.6499993801117, 'accuracy_20': 98.7999975681305}, 58.98649504198693)
[2026-01-22 00:31:28,324][flwr][DEBUG] - evaluate_round 12: strategy sampled 5 clients (out of 10)
[2026-01-22 00:31:28,398][flwr][DEBUG] - evaluate_round 12 received 5 results and 0 failures
[2026-01-22 00:31:28,398][flwr][DEBUG] - fit_round 13: strategy sampled 6 clients (out of 10)
[2026-01-22 00:31:32,717][flwr][DEBUG] - fit_round 13 received 6 results and 0 failures
[2026-01-22 00:31:32,957][flwr][INFO] - fit progress: (13, 0.010190015403553843, {'rmse': 2444.776779176373, 'mae': 663.5400390625, 'r2': 0.9436920607475449, 'mape': 2.7064273357391357, 'accuracy_10': 96.29999995231628, 'accuracy_20': 98.90000224113464}, 63.620168791967444)
[2026-01-22 00:31:32,958][flwr][DEBUG] - evaluate_round 13: strategy sampled 5 clients (out of 10)
[2026-01-22 00:31:33,041][flwr][DEBUG] - evaluate_round 13 received 5 results and 0 failures
[2026-01-22 00:31:33,041][flwr][DEBUG] - fit_round 14: strategy sampled 6 clients (out of 10)
[2026-01-22 00:31:36,830][flwr][DEBUG] - fit_round 14 received 6 results and 0 failures
[2026-01-22 00:31:37,145][flwr][INFO] - fit progress: (14, 0.016213564958423375, {'rmse': 3236.3406804599545, 'mae': 850.8517456054688, 'r2': 0.9013266925869322, 'mape': 3.0229246616363525, 'accuracy_10': 93.84999871253967, 'accuracy_20': 98.25000166893005}, 67.80777554196538)
[2026-01-22 00:31:37,145][flwr][DEBUG] - evaluate_round 14: strategy sampled 5 clients (out of 10)
[2026-01-22 00:31:37,257][flwr][DEBUG] - evaluate_round 14 received 5 results and 0 failures
[2026-01-22 00:31:37,257][flwr][DEBUG] - fit_round 15: strategy sampled 6 clients (out of 10)
[2026-01-22 00:31:43,055][flwr][DEBUG] - fit_round 15 received 6 results and 0 failures
[2026-01-22 00:31:43,302][flwr][INFO] - fit progress: (15, 0.009927973898127674, {'rmse': 2477.236262450556, 'mae': 657.3391723632812, 'r2': 0.9421869251608479, 'mape': 2.61930775642395, 'accuracy_10': 96.10000252723694, 'accuracy_20': 98.94999861717224}, 73.9651141249924)
[2026-01-22 00:31:43,303][flwr][DEBUG] - evaluate_round 15: strategy sampled 5 clients (out of 10)
[2026-01-22 00:31:43,556][flwr][DEBUG] - evaluate_round 15 received 5 results and 0 failures
[2026-01-22 00:31:43,556][flwr][DEBUG] - fit_round 16: strategy sampled 6 clients (out of 10)
[2026-01-22 00:31:48,336][flwr][DEBUG] - fit_round 16 received 6 results and 0 failures
[2026-01-22 00:31:48,586][flwr][INFO] - fit progress: (16, 0.011720042986795307, {'rmse': 2711.863381514637, 'mae': 738.7081298828125, 'r2': 0.9307169751808017, 'mape': 2.791114091873169, 'accuracy_10': 95.3499972820282, 'accuracy_20': 98.54999780654907}, 79.24905720801326)
[2026-01-22 00:31:48,587][flwr][DEBUG] - evaluate_round 16: strategy sampled 5 clients (out of 10)
[2026-01-22 00:31:48,677][flwr][DEBUG] - evaluate_round 16 received 5 results and 0 failures
[2026-01-22 00:31:48,677][flwr][DEBUG] - fit_round 17: strategy sampled 6 clients (out of 10)
[2026-01-22 00:31:52,930][flwr][DEBUG] - fit_round 17 received 6 results and 0 failures
[2026-01-22 00:31:53,158][flwr][INFO] - fit progress: (17, 0.011359576489776374, {'rmse': 2760.409661626332, 'mae': 720.914306640625, 'r2': 0.9282142410350078, 'mape': 2.6580440998077393, 'accuracy_10': 95.3000009059906, 'accuracy_20': 98.65000247955322}, 83.82056600000942)
[2026-01-22 00:31:53,158][flwr][DEBUG] - evaluate_round 17: strategy sampled 5 clients (out of 10)
[2026-01-22 00:31:53,236][flwr][DEBUG] - evaluate_round 17 received 5 results and 0 failures
[2026-01-22 00:31:53,236][flwr][DEBUG] - fit_round 18: strategy sampled 6 clients (out of 10)
[2026-01-22 00:31:57,735][flwr][DEBUG] - fit_round 18 received 6 results and 0 failures
[2026-01-22 00:31:57,976][flwr][INFO] - fit progress: (18, 0.008917106062173843, {'rmse': 2395.8421275200917, 'mae': 630.9180297851562, 'r2': 0.9459236184122637, 'mape': 2.4830658435821533, 'accuracy_10': 96.60000205039978, 'accuracy_20': 99.04999732971191}, 88.63901941699442)
[2026-01-22 00:31:57,977][flwr][DEBUG] - evaluate_round 18: strategy sampled 5 clients (out of 10)
[2026-01-22 00:31:58,210][flwr][DEBUG] - evaluate_round 18 received 5 results and 0 failures
[2026-01-22 00:31:58,210][flwr][DEBUG] - fit_round 19: strategy sampled 6 clients (out of 10)
[2026-01-22 00:32:01,902][flwr][DEBUG] - fit_round 19 received 6 results and 0 failures
[2026-01-22 00:32:02,207][flwr][INFO] - fit progress: (19, 0.010354545779526233, {'rmse': 2601.0660314571023, 'mae': 678.4633178710938, 'r2': 0.9362626548059805, 'mape': 2.5995163917541504, 'accuracy_10': 95.74999809265137, 'accuracy_20': 98.90000224113464}, 92.86948250001296)
[2026-01-22 00:32:02,207][flwr][DEBUG] - evaluate_round 19: strategy sampled 5 clients (out of 10)
[2026-01-22 00:32:02,341][flwr][DEBUG] - evaluate_round 19 received 5 results and 0 failures
[2026-01-22 00:32:02,341][flwr][DEBUG] - fit_round 20: strategy sampled 6 clients (out of 10)
[2026-01-22 00:32:06,051][flwr][DEBUG] - fit_round 20 received 6 results and 0 failures
[2026-01-22 00:32:06,306][flwr][INFO] - fit progress: (20, 0.011822980754077434, {'rmse': 2826.7167350125483, 'mae': 725.932861328125, 'r2': 0.9247241293006506, 'mape': 2.624069929122925, 'accuracy_10': 94.9500024318695, 'accuracy_20': 98.54999780654907}, 96.96826204197714)
[2026-01-22 00:32:06,306][flwr][DEBUG] - evaluate_round 20: strategy sampled 5 clients (out of 10)
[2026-01-22 00:32:06,514][flwr][DEBUG] - evaluate_round 20 received 5 results and 0 failures
[2026-01-22 00:32:06,514][flwr][DEBUG] - fit_round 21: strategy sampled 6 clients (out of 10)
[2026-01-22 00:32:10,925][flwr][DEBUG] - fit_round 21 received 6 results and 0 failures
[2026-01-22 00:32:11,187][flwr][INFO] - fit progress: (21, 0.007252150781452656, {'rmse': 2131.0810636857527, 'mae': 567.9979858398438, 'r2': 0.9572150366403706, 'mape': 2.3181254863739014, 'accuracy_10': 97.14999794960022, 'accuracy_20': 99.25000071525574}, 101.84943320800085)
[2026-01-22 00:32:11,187][flwr][DEBUG] - evaluate_round 21: strategy sampled 5 clients (out of 10)
[2026-01-22 00:32:11,290][flwr][DEBUG] - evaluate_round 21 received 5 results and 0 failures
[2026-01-22 00:32:11,290][flwr][DEBUG] - fit_round 22: strategy sampled 6 clients (out of 10)
[2026-01-22 00:32:14,815][flwr][DEBUG] - fit_round 22 received 6 results and 0 failures
[2026-01-22 00:32:15,084][flwr][INFO] - fit progress: (22, 0.007818029116839171, {'rmse': 2135.5454806676444, 'mae': 591.6752319335938, 'r2': 0.9570355884257594, 'mape': 2.4842867851257324, 'accuracy_10': 96.95000052452087, 'accuracy_20': 99.09999966621399}, 105.74632916698465)
[2026-01-22 00:32:15,084][flwr][DEBUG] - evaluate_round 22: strategy sampled 5 clients (out of 10)
[2026-01-22 00:32:15,260][flwr][DEBUG] - evaluate_round 22 received 5 results and 0 failures
[2026-01-22 00:32:15,260][flwr][DEBUG] - fit_round 23: strategy sampled 6 clients (out of 10)
[2026-01-22 00:32:18,700][flwr][DEBUG] - fit_round 23 received 6 results and 0 failures
[2026-01-22 00:32:18,986][flwr][INFO] - fit progress: (23, 0.007478896468877792, {'rmse': 2088.8061183365007, 'mae': 573.7888793945312, 'r2': 0.9588956796521902, 'mape': 2.37398362159729, 'accuracy_10': 97.14999794960022, 'accuracy_20': 99.15000200271606}, 109.64844700001413)
[2026-01-22 00:32:18,986][flwr][DEBUG] - evaluate_round 23: strategy sampled 5 clients (out of 10)
[2026-01-22 00:32:19,060][flwr][DEBUG] - evaluate_round 23 received 5 results and 0 failures
[2026-01-22 00:32:19,060][flwr][DEBUG] - fit_round 24: strategy sampled 6 clients (out of 10)
[2026-01-22 00:32:23,655][flwr][DEBUG] - fit_round 24 received 6 results and 0 failures
[2026-01-22 00:32:23,930][flwr][INFO] - fit progress: (24, 0.005269991999492049, {'rmse': 1352.6992459523292, 'mae': 465.9014892578125, 'r2': 0.9827617290532713, 'mape': 2.2395894527435303, 'accuracy_10': 97.89999723434448, 'accuracy_20': 99.44999814033508}, 114.5925842919969)
[2026-01-22 00:32:23,931][flwr][DEBUG] - evaluate_round 24: strategy sampled 5 clients (out of 10)
[2026-01-22 00:32:24,066][flwr][DEBUG] - evaluate_round 24 received 5 results and 0 failures
[2026-01-22 00:32:24,066][flwr][DEBUG] - fit_round 25: strategy sampled 6 clients (out of 10)
[2026-01-22 00:32:28,945][flwr][DEBUG] - fit_round 25 received 6 results and 0 failures
[2026-01-22 00:32:29,229][flwr][INFO] - fit progress: (25, 0.005266688536852598, {'rmse': 1662.5422551021072, 'mae': 465.5900573730469, 'r2': 0.9739602615225598, 'mape': 2.0627987384796143, 'accuracy_10': 98.04999828338623, 'accuracy_20': 99.50000047683716}, 119.89109774999088)
[2026-01-22 00:32:29,229][flwr][DEBUG] - evaluate_round 25: strategy sampled 5 clients (out of 10)
[2026-01-22 00:32:29,414][flwr][DEBUG] - evaluate_round 25 received 5 results and 0 failures
[2026-01-22 00:32:29,414][flwr][DEBUG] - fit_round 26: strategy sampled 6 clients (out of 10)
[2026-01-22 00:32:33,764][flwr][DEBUG] - fit_round 26 received 6 results and 0 failures
[2026-01-22 00:32:34,074][flwr][INFO] - fit progress: (26, 0.005878731226548552, {'rmse': 1767.8052070293265, 'mae': 495.72833251953125, 'r2': 0.970558491966269, 'mape': 2.201939582824707, 'accuracy_10': 97.94999957084656, 'accuracy_20': 99.50000047683716}, 124.73616504197707)
[2026-01-22 00:32:34,074][flwr][DEBUG] - evaluate_round 26: strategy sampled 5 clients (out of 10)
[2026-01-22 00:32:34,384][flwr][DEBUG] - evaluate_round 26 received 5 results and 0 failures
[2026-01-22 00:32:34,384][flwr][DEBUG] - fit_round 27: strategy sampled 6 clients (out of 10)
[2026-01-22 00:32:39,970][flwr][DEBUG] - fit_round 27 received 6 results and 0 failures
[2026-01-22 00:32:40,227][flwr][INFO] - fit progress: (27, 0.004251097664237023, {'rmse': 1330.0007048870314, 'mae': 407.8870544433594, 'r2': 0.9833353973037398, 'mape': 1.928072214126587, 'accuracy_10': 98.4000027179718, 'accuracy_20': 99.6999979019165}, 130.88935212499928)
[2026-01-22 00:32:40,227][flwr][DEBUG] - evaluate_round 27: strategy sampled 5 clients (out of 10)
[2026-01-22 00:32:40,393][flwr][DEBUG] - evaluate_round 27 received 5 results and 0 failures
[2026-01-22 00:32:40,393][flwr][DEBUG] - fit_round 28: strategy sampled 6 clients (out of 10)
[2026-01-22 00:32:43,800][flwr][DEBUG] - fit_round 28 received 6 results and 0 failures
[2026-01-22 00:32:44,032][flwr][INFO] - fit progress: (28, 0.005811186672188342, {'rmse': 1651.0149908465398, 'mae': 485.2851257324219, 'r2': 0.9743201033553801, 'mape': 2.1442553997039795, 'accuracy_10': 98.04999828338623, 'accuracy_20': 99.44999814033508}, 134.69467258296208)
[2026-01-22 00:32:44,033][flwr][DEBUG] - evaluate_round 28: strategy sampled 5 clients (out of 10)
[2026-01-22 00:32:44,126][flwr][DEBUG] - evaluate_round 28 received 5 results and 0 failures
[2026-01-22 00:32:44,127][flwr][DEBUG] - fit_round 29: strategy sampled 6 clients (out of 10)
[2026-01-22 00:32:48,671][flwr][DEBUG] - fit_round 29 received 6 results and 0 failures
[2026-01-22 00:32:48,919][flwr][INFO] - fit progress: (29, 0.004381287869066, {'rmse': 1283.7527507273353, 'mae': 412.8060302734375, 'r2': 0.9844741998489824, 'mape': 1.9839608669281006, 'accuracy_10': 98.50000143051147, 'accuracy_20': 99.6999979019165}, 139.58139320800547)
[2026-01-22 00:32:48,920][flwr][DEBUG] - evaluate_round 29: strategy sampled 5 clients (out of 10)
[2026-01-22 00:32:49,046][flwr][DEBUG] - evaluate_round 29 received 5 results and 0 failures
[2026-01-22 00:32:49,046][flwr][DEBUG] - fit_round 30: strategy sampled 6 clients (out of 10)
[2026-01-22 00:32:53,470][flwr][DEBUG] - fit_round 30 received 6 results and 0 failures
[2026-01-22 00:32:53,694][flwr][INFO] - fit progress: (30, 0.006082311345264315, {'rmse': 1746.712698184793, 'mae': 521.0791015625, 'r2': 0.9712568630513044, 'mape': 2.2543375492095947, 'accuracy_10': 97.45000004768372, 'accuracy_20': 99.44999814033508}, 144.35640749998856)
[2026-01-22 00:32:53,694][flwr][DEBUG] - evaluate_round 30: strategy sampled 5 clients (out of 10)
[2026-01-22 00:32:53,788][flwr][DEBUG] - evaluate_round 30 received 5 results and 0 failures
[2026-01-22 00:32:53,788][flwr][INFO] - FL finished in 144.4501346250181
[2026-01-22 00:32:53,789][flwr][INFO] - app_fit: losses_distributed [(1, 0.06978207462585034), (2, 0.04162154865792088), (3, 0.04514041748194699), (4, 0.026380774061647454), (5, 0.04976721094770731), (6, 0.009811467140153069), (7, 0.034072178353987445), (8, 0.019019692257246645), (9, 0.011791215674564346), (10, 0.020892782173310552), (11, 0.028041160613674336), (12, 0.006888027811528469), (13, 0.02283745431089616), (14, 0.02898039482071737), (15, 0.002914140507588551), (16, 0.01693527013013497), (17, 0.021552325166053155), (18, 0.016343226587597393), (19, 0.0028959602199767126), (20, 0.03242088998774833), (21, 0.015856701289008263), (22, 0.013314604704553092), (23, 0.011391403885053684), (24, 0.011685270817289256), (25, 0.0025784309760208952), (26, 0.007898784050185079), (27, 0.006494798024523536), (28, 0.00766747871240767), (29, 0.005794427589143294), (30, 0.012622538361574873)]
[2026-01-22 00:32:53,789][flwr][INFO] - app_fit: metrics_distributed_fit {}
[2026-01-22 00:32:53,789][flwr][INFO] - app_fit: metrics_distributed {}
[2026-01-22 00:32:53,789][flwr][INFO] - app_fit: losses_centralized [(0, 1.371425687789917), (1, 0.06284966540336609), (2, 0.03728090837597847), (3, 0.030064671672880648), (4, 0.023162195540964603), (5, 0.026304108794778586), (6, 0.01819015669822693), (7, 0.01407264824025333), (8, 0.014216297838836909), (9, 0.010266828464344143), (10, 0.01364644736982882), (11, 0.012083038497716189), (12, 0.011784107696264982), (13, 0.010190015403553843), (14, 0.016213564958423375), (15, 0.009927973898127674), (16, 0.011720042986795307), (17, 0.011359576489776374), (18, 0.008917106062173843), (19, 0.010354545779526233), (20, 0.011822980754077434), (21, 0.007252150781452656), (22, 0.007818029116839171), (23, 0.007478896468877792), (24, 0.005269991999492049), (25, 0.005266688536852598), (26, 0.005878731226548552), (27, 0.004251097664237023), (28, 0.005811186672188342), (29, 0.004381287869066), (30, 0.006082311345264315)]
[2026-01-22 00:32:53,789][flwr][INFO] - app_fit: metrics_centralized {'rmse': [(0, 10802.69966258435), (1, 4187.24993283181), (2, 3110.2348785903614), (3, 3520.0207385752715), (4, 3146.703830995221), (5, 3541.693097940588), (6, 3099.772411000524), (7, 2798.6728104585573), (8, 2746.688005580539), (9, 2119.840795908976), (10, 2788.61739935761), (11, 2441.5395757595247), (12, 2543.7851717470166), (13, 2444.776779176373), (14, 3236.3406804599545), (15, 2477.236262450556), (16, 2711.863381514637), (17, 2760.409661626332), (18, 2395.8421275200917), (19, 2601.0660314571023), (20, 2826.7167350125483), (21, 2131.0810636857527), (22, 2135.5454806676444), (23, 2088.8061183365007), (24, 1352.6992459523292), (25, 1662.5422551021072), (26, 1767.8052070293265), (27, 1330.0007048870314), (28, 1651.0149908465398), (29, 1283.7527507273353), (30, 1746.712698184793)], 'mae': [(0, 8696.03125), (1, 1756.8101806640625), (2, 1313.6519775390625), (3, 1173.797607421875), (4, 1035.9254150390625), (5, 1096.6134033203125), (6, 906.2341918945312), (7, 798.0357666015625), (8, 783.2843017578125), (9, 640.0252075195312), (10, 778.5990600585938), (11, 701.22607421875), (12, 708.3366088867188), (13, 663.5400390625), (14, 850.8517456054688), (15, 657.3391723632812), (16, 738.7081298828125), (17, 720.914306640625), (18, 630.9180297851562), (19, 678.4633178710938), (20, 725.932861328125), (21, 567.9979858398438), (22, 591.6752319335938), (23, 573.7888793945312), (24, 465.9014892578125), (25, 465.5900573730469), (26, 495.72833251953125), (27, 407.8870544433594), (28, 485.2851257324219), (29, 412.8060302734375), (30, 521.0791015625)], 'r2': [(0, -0.09940019736940098), (1, 0.834823231522241), (2, 0.9088665949857799), (3, 0.8832702170314806), (4, 0.9067169015550848), (5, 0.8818284090153996), (6, 0.9094786859337605), (7, 0.9262103471684082), (8, 0.9289261444149144), (9, 0.9576651789872821), (10, 0.9267396333022546), (11, 0.9438410775779671), (12, 0.9390390012941611), (13, 0.9436920607475449), (14, 0.9013266925869322), (15, 0.9421869251608479), (16, 0.9307169751808017), (17, 0.9282142410350078), (18, 0.9459236184122637), (19, 0.9362626548059805), (20, 0.9247241293006506), (21, 0.9572150366403706), (22, 0.9570355884257594), (23, 0.9588956796521902), (24, 0.9827617290532713), (25, 0.9739602615225598), (26, 0.970558491966269), (27, 0.9833353973037398), (28, 0.9743201033553801), (29, 0.9844741998489824), (30, 0.9712568630513044)], 'mape': [(0, 77.89253234863281), (1, 9.22928237915039), (2, 6.9730682373046875), (3, 5.253249168395996), (4, 4.7177324295043945), (5, 4.613661289215088), (6, 3.7536277770996094), (7, 3.3021223545074463), (8, 3.245249032974243), (9, 2.9591245651245117), (10, 3.090050220489502), (11, 3.011528968811035), (12, 2.985069990158081), (13, 2.7064273357391357), (14, 3.0229246616363525), (15, 2.61930775642395), (16, 2.791114091873169), (17, 2.6580440998077393), (18, 2.4830658435821533), (19, 2.5995163917541504), (20, 2.624069929122925), (21, 2.3181254863739014), (22, 2.4842867851257324), (23, 2.37398362159729), (24, 2.2395894527435303), (25, 2.0627987384796143), (26, 2.201939582824707), (27, 1.928072214126587), (28, 2.1442553997039795), (29, 1.9839608669281006), (30, 2.2543375492095947)], 'accuracy_10': [(0, 10.000000149011612), (1, 66.10000133514404), (2, 80.65000176429749), (3, 88.24999928474426), (4, 91.04999899864197), (5, 89.80000019073486), (6, 92.44999885559082), (7, 94.65000033378601), (8, 94.45000290870667), (9, 95.99999785423279), (10, 94.59999799728394), (11, 95.49999833106995), (12, 95.6499993801117), (13, 96.29999995231628), (14, 93.84999871253967), (15, 96.10000252723694), (16, 95.3499972820282), (17, 95.3000009059906), (18, 96.60000205039978), (19, 95.74999809265137), (20, 94.9500024318695), (21, 97.14999794960022), (22, 96.95000052452087), (23, 97.14999794960022), (24, 97.89999723434448), (25, 98.04999828338623), (26, 97.94999957084656), (27, 98.4000027179718), (28, 98.04999828338623), (29, 98.50000143051147), (30, 97.45000004768372)], 'accuracy_20': [(0, 21.34999930858612), (1, 93.65000128746033), (2, 95.49999833106995), (3, 96.70000076293945), (4, 97.64999747276306), (5, 97.14999794960022), (6, 98.15000295639038), (7, 98.60000014305115), (8, 98.65000247955322), (9, 99.15000200271606), (10, 98.54999780654907), (11, 98.7500011920929), (12, 98.7999975681305), (13, 98.90000224113464), (14, 98.25000166893005), (15, 98.94999861717224), (16, 98.54999780654907), (17, 98.65000247955322), (18, 99.04999732971191), (19, 98.90000224113464), (20, 98.54999780654907), (21, 99.25000071525574), (22, 99.09999966621399), (23, 99.15000200271606), (24, 99.44999814033508), (25, 99.50000047683716), (26, 99.50000047683716), (27, 99.6999979019165), (28, 99.44999814033508), (29, 99.6999979019165), (30, 99.44999814033508)]}
[2026-01-22 00:32:54,902][flwr][INFO] - Starting Flower simulation, config: ServerConfig(num_rounds=30, round_timeout=None)
[2026-01-22 00:33:02,572][flwr][INFO] - Flower VCE: Ray initialized with resources: {'memory': 12393440052.0, 'CPU': 10.0, 'object_store_memory': 2147483648.0, 'node:127.0.0.1': 1.0}
[2026-01-22 00:33:02,573][flwr][INFO] - Initializing global parameters
[2026-01-22 00:33:02,573][flwr][INFO] - Using initial parameters provided by strategy
[2026-01-22 00:33:02,573][flwr][INFO] - Evaluating initial parameters
[2026-01-22 00:33:02,853][flwr][INFO] - initial parameters (loss, other metrics): 1.371425687789917, {'rmse': 10802.69966258435, 'mae': 8696.03125, 'r2': -0.09940019736940098, 'mape': 77.89253234863281, 'accuracy_10': 10.000000149011612, 'accuracy_20': 21.34999930858612}
[2026-01-22 00:33:02,853][flwr][INFO] - FL starting
[2026-01-22 00:33:02,853][flwr][DEBUG] - fit_round 1: strategy sampled 6 clients (out of 10)
[2026-01-22 00:33:16,520][flwr][DEBUG] - fit_round 1 received 6 results and 0 failures
[2026-01-22 00:33:16,526][flwr][WARNING] - No fit_metrics_aggregation_fn provided
[2026-01-22 00:33:16,759][flwr][INFO] - fit progress: (1, 0.07694511091709137, {'rmse': 3892.3659899860395, 'mae': 1930.287353515625, 'r2': 0.8572689169278875, 'mape': 11.024779319763184, 'accuracy_10': 53.850001096725464, 'accuracy_20': 88.7499988079071}, 13.906090750009753)
[2026-01-22 00:33:16,760][flwr][DEBUG] - evaluate_round 1: strategy sampled 5 clients (out of 10)
[2026-01-22 00:33:16,995][flwr][DEBUG] - evaluate_round 1 received 5 results and 0 failures
[2026-01-22 00:33:16,995][flwr][WARNING] - No evaluate_metrics_aggregation_fn provided
[2026-01-22 00:33:16,995][flwr][DEBUG] - fit_round 2: strategy sampled 6 clients (out of 10)
[2026-01-22 00:33:25,199][flwr][DEBUG] - fit_round 2 received 6 results and 0 failures
[2026-01-22 00:33:25,467][flwr][INFO] - fit progress: (2, 0.047351265773177144, {'rmse': 3577.7016365258855, 'mae': 1515.015625, 'r2': 0.8794132887010224, 'mape': 7.981547832489014, 'accuracy_10': 74.25000071525574, 'accuracy_20': 95.3000009059906}, 22.61349545797566)
[2026-01-22 00:33:25,467][flwr][DEBUG] - evaluate_round 2: strategy sampled 5 clients (out of 10)
[2026-01-22 00:33:25,772][flwr][DEBUG] - evaluate_round 2 received 5 results and 0 failures
[2026-01-22 00:33:25,772][flwr][DEBUG] - fit_round 3: strategy sampled 6 clients (out of 10)
[2026-01-22 00:33:32,993][flwr][DEBUG] - fit_round 3 received 6 results and 0 failures
[2026-01-22 00:33:33,245][flwr][INFO] - fit progress: (3, 0.035135762691497804, {'rmse': 3349.4175613082343, 'mae': 1276.3350830078125, 'r2': 0.8943109971893344, 'mape': 6.451088905334473, 'accuracy_10': 82.89999961853027, 'accuracy_20': 96.29999995231628}, 30.391980000014883)
[2026-01-22 00:33:33,246][flwr][DEBUG] - evaluate_round 3: strategy sampled 5 clients (out of 10)
[2026-01-22 00:33:33,443][flwr][DEBUG] - evaluate_round 3 received 5 results and 0 failures
[2026-01-22 00:33:33,443][flwr][DEBUG] - fit_round 4: strategy sampled 6 clients (out of 10)
[2026-01-22 00:33:38,929][flwr][DEBUG] - fit_round 4 received 6 results and 0 failures
[2026-01-22 00:33:39,173][flwr][INFO] - fit progress: (4, 0.04364543852955103, {'rmse': 4168.0681376388275, 'mae': 1457.580322265625, 'r2': 0.8363330989504167, 'mape': 6.5122833251953125, 'accuracy_10': 83.64999890327454, 'accuracy_20': 95.05000114440918}, 36.319970041979104)
[2026-01-22 00:33:39,174][flwr][DEBUG] - evaluate_round 4: strategy sampled 5 clients (out of 10)
[2026-01-22 00:33:39,432][flwr][DEBUG] - evaluate_round 4 received 5 results and 0 failures
[2026-01-22 00:33:39,432][flwr][DEBUG] - fit_round 5: strategy sampled 6 clients (out of 10)
[2026-01-22 00:33:45,099][flwr][DEBUG] - fit_round 5 received 6 results and 0 failures
[2026-01-22 00:33:45,394][flwr][INFO] - fit progress: (5, 0.03064755753427744, {'rmse': 3286.404266063443, 'mae': 1197.118896484375, 'r2': 0.8982502913965417, 'mape': 5.992249488830566, 'accuracy_10': 86.54999732971191, 'accuracy_20': 96.64999842643738}, 42.54047979199095)
[2026-01-22 00:33:45,395][flwr][DEBUG] - evaluate_round 5: strategy sampled 5 clients (out of 10)
[2026-01-22 00:33:45,650][flwr][DEBUG] - evaluate_round 5 received 5 results and 0 failures
[2026-01-22 00:33:45,650][flwr][DEBUG] - fit_round 6: strategy sampled 6 clients (out of 10)
[2026-01-22 00:33:51,318][flwr][DEBUG] - fit_round 6 received 6 results and 0 failures
[2026-01-22 00:33:51,567][flwr][INFO] - fit progress: (6, 0.02836738396435976, {'rmse': 3468.0547861877844, 'mae': 1137.695068359375, 'r2': 0.8866913335971203, 'mape': 5.162228107452393, 'accuracy_10': 89.24999833106995, 'accuracy_20': 97.10000157356262}, 48.713101667002775)
[2026-01-22 00:33:51,567][flwr][DEBUG] - evaluate_round 6: strategy sampled 5 clients (out of 10)
[2026-01-22 00:33:51,738][flwr][DEBUG] - evaluate_round 6 received 5 results and 0 failures
[2026-01-22 00:33:51,738][flwr][DEBUG] - fit_round 7: strategy sampled 6 clients (out of 10)
[2026-01-22 00:33:58,613][flwr][DEBUG] - fit_round 7 received 6 results and 0 failures
[2026-01-22 00:33:58,879][flwr][INFO] - fit progress: (7, 0.020310643039643764, {'rmse': 2726.557903291254, 'mae': 950.4381713867188, 'r2': 0.9299641059194691, 'mape': 4.593973636627197, 'accuracy_10': 90.9500002861023, 'accuracy_20': 98.00000190734863}, 56.02524416701635)
[2026-01-22 00:33:58,879][flwr][DEBUG] - evaluate_round 7: strategy sampled 5 clients (out of 10)
[2026-01-22 00:33:59,372][flwr][DEBUG] - evaluate_round 7 received 5 results and 0 failures
[2026-01-22 00:33:59,373][flwr][DEBUG] - fit_round 8: strategy sampled 6 clients (out of 10)
[2026-01-22 00:34:05,319][flwr][DEBUG] - fit_round 8 received 6 results and 0 failures
[2026-01-22 00:34:05,576][flwr][INFO] - fit progress: (8, 0.027474370967596768, {'rmse': 3529.9097722179813, 'mae': 1129.9554443359375, 'r2': 0.882613421999071, 'mape': 4.808053970336914, 'accuracy_10': 89.34999704360962, 'accuracy_20': 96.8999981880188}, 62.72274212498451)
[2026-01-22 00:34:05,577][flwr][DEBUG] - evaluate_round 8: strategy sampled 5 clients (out of 10)
[2026-01-22 00:34:05,754][flwr][DEBUG] - evaluate_round 8 received 5 results and 0 failures
[2026-01-22 00:34:05,754][flwr][DEBUG] - fit_round 9: strategy sampled 6 clients (out of 10)
[2026-01-22 00:34:11,315][flwr][DEBUG] - fit_round 9 received 6 results and 0 failures
[2026-01-22 00:34:11,573][flwr][INFO] - fit progress: (9, 0.029681529473513366, {'rmse': 3841.419919769251, 'mae': 1172.4552001953125, 'r2': 0.8609808029818261, 'mape': 4.744836807250977, 'accuracy_10': 89.0999972820282, 'accuracy_20': 96.64999842643738}, 68.71941825002432)
[2026-01-22 00:34:11,573][flwr][DEBUG] - evaluate_round 9: strategy sampled 5 clients (out of 10)
[2026-01-22 00:34:11,785][flwr][DEBUG] - evaluate_round 9 received 5 results and 0 failures
[2026-01-22 00:34:11,785][flwr][DEBUG] - fit_round 10: strategy sampled 6 clients (out of 10)
[2026-01-22 00:34:19,178][flwr][DEBUG] - fit_round 10 received 6 results and 0 failures
[2026-01-22 00:34:19,454][flwr][INFO] - fit progress: (10, 0.01787451171502471, {'rmse': 2915.878255346063, 'mae': 887.8572387695312, 'r2': 0.919900463085694, 'mape': 3.970445394515991, 'accuracy_10': 92.79999732971191, 'accuracy_20': 98.25000166893005}, 76.60082237498136)
[2026-01-22 00:34:19,455][flwr][DEBUG] - evaluate_round 10: strategy sampled 5 clients (out of 10)
[2026-01-22 00:34:19,768][flwr][DEBUG] - evaluate_round 10 received 5 results and 0 failures
[2026-01-22 00:34:19,769][flwr][DEBUG] - fit_round 11: strategy sampled 6 clients (out of 10)
[2026-01-22 00:34:27,108][flwr][DEBUG] - fit_round 11 received 6 results and 0 failures
[2026-01-22 00:34:27,376][flwr][INFO] - fit progress: (11, 0.017224293544888497, {'rmse': 2939.0299420046745, 'mae': 898.3890380859375, 'r2': 0.9186234591754274, 'mape': 3.8739771842956543, 'accuracy_10': 93.04999709129333, 'accuracy_20': 98.29999804496765}, 84.52211691701086)
[2026-01-22 00:34:27,376][flwr][DEBUG] - evaluate_round 11: strategy sampled 5 clients (out of 10)
[2026-01-22 00:34:27,653][flwr][DEBUG] - evaluate_round 11 received 5 results and 0 failures
[2026-01-22 00:34:27,654][flwr][DEBUG] - fit_round 12: strategy sampled 6 clients (out of 10)
[2026-01-22 00:34:34,654][flwr][DEBUG] - fit_round 12 received 6 results and 0 failures
[2026-01-22 00:34:34,929][flwr][INFO] - fit progress: (12, 0.015404910072684288, {'rmse': 2749.5181396019193, 'mae': 840.7457885742188, 'r2': 0.9287796020337059, 'mape': 3.694554328918457, 'accuracy_10': 93.99999976158142, 'accuracy_20': 98.60000014305115}, 92.07552529202076)
[2026-01-22 00:34:34,930][flwr][DEBUG] - evaluate_round 12: strategy sampled 5 clients (out of 10)
[2026-01-22 00:34:35,042][flwr][DEBUG] - evaluate_round 12 received 5 results and 0 failures
[2026-01-22 00:34:35,043][flwr][DEBUG] - fit_round 13: strategy sampled 6 clients (out of 10)
[2026-01-22 00:34:42,172][flwr][DEBUG] - fit_round 13 received 6 results and 0 failures
[2026-01-22 00:34:42,427][flwr][INFO] - fit progress: (13, 0.012744995698332786, {'rmse': 2417.8701371248208, 'mae': 757.160400390625, 'r2': 0.9449246644531103, 'mape': 3.484351634979248, 'accuracy_10': 94.30000185966492, 'accuracy_20': 98.7999975681305}, 99.57298841699958)
[2026-01-22 00:34:42,427][flwr][DEBUG] - evaluate_round 13: strategy sampled 5 clients (out of 10)
[2026-01-22 00:34:42,578][flwr][DEBUG] - evaluate_round 13 received 5 results and 0 failures
[2026-01-22 00:34:42,579][flwr][DEBUG] - fit_round 14: strategy sampled 6 clients (out of 10)
[2026-01-22 00:34:50,143][flwr][DEBUG] - fit_round 14 received 6 results and 0 failures
[2026-01-22 00:34:50,415][flwr][INFO] - fit progress: (14, 0.012716034710407257, {'rmse': 2381.1201145679315, 'mae': 765.09375, 'r2': 0.9465861582185787, 'mape': 3.484912157058716, 'accuracy_10': 95.20000219345093, 'accuracy_20': 99.00000095367432}, 107.56128429202363)
[2026-01-22 00:34:50,416][flwr][DEBUG] - evaluate_round 14: strategy sampled 5 clients (out of 10)
[2026-01-22 00:34:50,818][flwr][DEBUG] - evaluate_round 14 received 5 results and 0 failures
[2026-01-22 00:34:50,820][flwr][DEBUG] - fit_round 15: strategy sampled 6 clients (out of 10)
[2026-01-22 00:34:56,948][flwr][DEBUG] - fit_round 15 received 6 results and 0 failures
[2026-01-22 00:34:57,253][flwr][INFO] - fit progress: (15, 0.013324794422835112, {'rmse': 2593.198314822837, 'mae': 772.12451171875, 'r2': 0.9366476559508835, 'mape': 3.3859264850616455, 'accuracy_10': 95.09999752044678, 'accuracy_20': 98.84999990463257}, 114.39885320799658)
[2026-01-22 00:34:57,253][flwr][DEBUG] - evaluate_round 15: strategy sampled 5 clients (out of 10)
[2026-01-22 00:34:57,554][flwr][DEBUG] - evaluate_round 15 received 5 results and 0 failures
[2026-01-22 00:34:57,555][flwr][DEBUG] - fit_round 16: strategy sampled 6 clients (out of 10)
[2026-01-22 00:35:05,167][flwr][DEBUG] - fit_round 16 received 6 results and 0 failures
[2026-01-22 00:35:05,421][flwr][INFO] - fit progress: (16, 0.011127064842730761, {'rmse': 2117.5374849102436, 'mae': 676.486572265625, 'r2': 0.9577571291341824, 'mape': 3.226856231689453, 'accuracy_10': 95.74999809265137, 'accuracy_20': 98.94999861717224}, 122.56684433302144)
[2026-01-22 00:35:05,421][flwr][DEBUG] - evaluate_round 16: strategy sampled 5 clients (out of 10)
[2026-01-22 00:35:05,752][flwr][DEBUG] - evaluate_round 16 received 5 results and 0 failures
[2026-01-22 00:35:05,752][flwr][DEBUG] - fit_round 17: strategy sampled 6 clients (out of 10)
[2026-01-22 00:35:11,322][flwr][DEBUG] - fit_round 17 received 6 results and 0 failures
[2026-01-22 00:35:11,571][flwr][INFO] - fit progress: (17, 0.011898775808513165, {'rmse': 2246.9549394680794, 'mae': 709.85693359375, 'r2': 0.952435828511968, 'mape': 3.258009910583496, 'accuracy_10': 95.24999856948853, 'accuracy_20': 98.94999861717224}, 128.71669562498573)
[2026-01-22 00:35:11,571][flwr][DEBUG] - evaluate_round 17: strategy sampled 5 clients (out of 10)
[2026-01-22 00:35:11,677][flwr][DEBUG] - evaluate_round 17 received 5 results and 0 failures
[2026-01-22 00:35:11,678][flwr][DEBUG] - fit_round 18: strategy sampled 6 clients (out of 10)
[2026-01-22 00:35:17,534][flwr][DEBUG] - fit_round 18 received 6 results and 0 failures
[2026-01-22 00:35:17,790][flwr][INFO] - fit progress: (18, 0.012568038351833821, {'rmse': 2440.0350407319975, 'mae': 746.3277587890625, 'r2': 0.9439102705096821, 'mape': 3.2768774032592773, 'accuracy_10': 95.20000219345093, 'accuracy_20': 98.84999990463257}, 134.93609087500954)
[2026-01-22 00:35:17,790][flwr][DEBUG] - evaluate_round 18: strategy sampled 5 clients (out of 10)
[2026-01-22 00:35:17,977][flwr][DEBUG] - evaluate_round 18 received 5 results and 0 failures
[2026-01-22 00:35:17,977][flwr][DEBUG] - fit_round 19: strategy sampled 6 clients (out of 10)
[2026-01-22 00:35:24,892][flwr][DEBUG] - fit_round 19 received 6 results and 0 failures
[2026-01-22 00:35:25,150][flwr][INFO] - fit progress: (19, 0.01185094479098916, {'rmse': 2456.580448509676, 'mae': 721.077880859375, 'r2': 0.943147025926208, 'mape': 3.1303558349609375, 'accuracy_10': 95.70000171661377, 'accuracy_20': 98.90000224113464}, 142.29557650000788)
[2026-01-22 00:35:25,150][flwr][DEBUG] - evaluate_round 19: strategy sampled 5 clients (out of 10)
[2026-01-22 00:35:25,260][flwr][DEBUG] - evaluate_round 19 received 5 results and 0 failures
[2026-01-22 00:35:25,260][flwr][DEBUG] - fit_round 20: strategy sampled 6 clients (out of 10)
[2026-01-22 00:35:32,253][flwr][DEBUG] - fit_round 20 received 6 results and 0 failures
