[2026-01-11 12:13:19,717][flwr][INFO] - Starting Flower simulation, config: ServerConfig(num_rounds=50, round_timeout=None)
[2026-01-11 12:13:24,596][flwr][INFO] - Flower VCE: Ray initialized with resources: {'memory': 11716852941.0, 'node:127.0.0.1': 1.0, 'object_store_memory': 2147483648.0, 'CPU': 10.0}
[2026-01-11 12:13:24,597][flwr][INFO] - Initializing global parameters
[2026-01-11 12:13:24,597][flwr][INFO] - Using initial parameters provided by strategy
[2026-01-11 12:13:24,597][flwr][INFO] - Evaluating initial parameters
[2026-01-11 12:13:24,658][flwr][INFO] - initial parameters (loss, other metrics): 68.07474291324615, {'accuracy': 0.507}
[2026-01-11 12:13:24,658][flwr][INFO] - FL starting
[2026-01-11 12:13:24,659][flwr][DEBUG] - fit_round 1: strategy sampled 10 clients (out of 100)
[2026-01-11 12:13:29,174][flwr][DEBUG] - fit_round 1 received 10 results and 0 failures
[2026-01-11 12:13:29,203][flwr][INFO] - fit progress: (1, 68.64237415790558, {'accuracy': 0.507}, 4.544452707996243)
[2026-01-11 12:13:29,203][flwr][INFO] - evaluate_round 1: no clients selected, cancel
[2026-01-11 12:13:29,207][flwr][DEBUG] - fit_round 2: strategy sampled 10 clients (out of 100)
[2026-01-11 12:13:29,403][flwr][DEBUG] - fit_round 2 received 10 results and 0 failures
[2026-01-11 12:13:29,428][flwr][INFO] - fit progress: (2, 92.3787727355957, {'accuracy': 0.245}, 4.769458082999336)
[2026-01-11 12:13:29,428][flwr][INFO] - evaluate_round 2: no clients selected, cancel
[2026-01-11 12:13:29,428][flwr][DEBUG] - fit_round 3: strategy sampled 10 clients (out of 100)
[2026-01-11 12:13:29,614][flwr][DEBUG] - fit_round 3 received 10 results and 0 failures
[2026-01-11 12:13:29,638][flwr][INFO] - fit progress: (3, 67.28733652830124, {'accuracy': 0.507}, 4.979562332999194)
[2026-01-11 12:13:29,638][flwr][INFO] - evaluate_round 3: no clients selected, cancel
[2026-01-11 12:13:29,638][flwr][DEBUG] - fit_round 4: strategy sampled 10 clients (out of 100)
[2026-01-11 12:13:29,851][flwr][DEBUG] - fit_round 4 received 10 results and 0 failures
[2026-01-11 12:13:29,876][flwr][INFO] - fit progress: (4, 93.12213826179504, {'accuracy': 0.244}, 5.2176342500024475)
[2026-01-11 12:13:29,876][flwr][INFO] - evaluate_round 4: no clients selected, cancel
[2026-01-11 12:13:29,876][flwr][DEBUG] - fit_round 5: strategy sampled 10 clients (out of 100)
[2026-01-11 12:13:30,093][flwr][DEBUG] - fit_round 5 received 10 results and 0 failures
[2026-01-11 12:13:30,121][flwr][INFO] - fit progress: (5, 68.89663934707642, {'accuracy': 0.248}, 5.462903915991774)
[2026-01-11 12:13:30,121][flwr][INFO] - evaluate_round 5: no clients selected, cancel
[2026-01-11 12:13:30,122][flwr][DEBUG] - fit_round 6: strategy sampled 10 clients (out of 100)
[2026-01-11 12:13:30,337][flwr][DEBUG] - fit_round 6 received 10 results and 0 failures
[2026-01-11 12:13:30,362][flwr][INFO] - fit progress: (6, 112.38508927822113, {'accuracy': 0.2415}, 5.704094040993368)
[2026-01-11 12:13:30,362][flwr][INFO] - evaluate_round 6: no clients selected, cancel
[2026-01-11 12:13:30,363][flwr][DEBUG] - fit_round 7: strategy sampled 10 clients (out of 100)
[2026-01-11 12:13:30,581][flwr][DEBUG] - fit_round 7 received 10 results and 0 failures
[2026-01-11 12:13:30,607][flwr][INFO] - fit progress: (7, 99.43608462810516, {'accuracy': 0.244}, 5.948821457990562)
[2026-01-11 12:13:30,607][flwr][INFO] - evaluate_round 7: no clients selected, cancel
[2026-01-11 12:13:30,608][flwr][DEBUG] - fit_round 8: strategy sampled 10 clients (out of 100)
[2026-01-11 12:13:30,820][flwr][DEBUG] - fit_round 8 received 10 results and 0 failures
[2026-01-11 12:13:30,848][flwr][INFO] - fit progress: (8, 126.37415206432343, {'accuracy': 0.2245}, 6.189480082990485)
[2026-01-11 12:13:30,848][flwr][INFO] - evaluate_round 8: no clients selected, cancel
[2026-01-11 12:13:30,848][flwr][DEBUG] - fit_round 9: strategy sampled 10 clients (out of 100)
[2026-01-11 12:13:31,085][flwr][DEBUG] - fit_round 9 received 10 results and 0 failures
[2026-01-11 12:13:31,110][flwr][INFO] - fit progress: (9, 83.79939198493958, {'accuracy': 0.245}, 6.451540915993974)
[2026-01-11 12:13:31,110][flwr][INFO] - evaluate_round 9: no clients selected, cancel
[2026-01-11 12:13:31,110][flwr][DEBUG] - fit_round 10: strategy sampled 10 clients (out of 100)
[2026-01-11 12:13:31,342][flwr][DEBUG] - fit_round 10 received 10 results and 0 failures
[2026-01-11 12:13:31,369][flwr][INFO] - fit progress: (10, 118.29363358020782, {'accuracy': 0.239}, 6.71065870799066)
[2026-01-11 12:13:31,369][flwr][INFO] - evaluate_round 10: no clients selected, cancel
[2026-01-11 12:13:31,369][flwr][DEBUG] - fit_round 11: strategy sampled 10 clients (out of 100)
[2026-01-11 12:13:31,596][flwr][DEBUG] - fit_round 11 received 10 results and 0 failures
[2026-01-11 12:13:31,621][flwr][INFO] - fit progress: (11, 87.78674948215485, {'accuracy': 0.245}, 6.963321457995335)
[2026-01-11 12:13:31,622][flwr][INFO] - evaluate_round 11: no clients selected, cancel
[2026-01-11 12:13:31,622][flwr][DEBUG] - fit_round 12: strategy sampled 10 clients (out of 100)
[2026-01-11 12:13:31,869][flwr][DEBUG] - fit_round 12 received 10 results and 0 failures
[2026-01-11 12:13:31,894][flwr][INFO] - fit progress: (12, 111.46828424930573, {'accuracy': 0.229}, 7.236328125)
[2026-01-11 12:13:31,895][flwr][INFO] - evaluate_round 12: no clients selected, cancel
[2026-01-11 12:13:31,895][flwr][DEBUG] - fit_round 13: strategy sampled 10 clients (out of 100)
[2026-01-11 12:13:32,140][flwr][DEBUG] - fit_round 13 received 10 results and 0 failures
[2026-01-11 12:13:32,165][flwr][INFO] - fit progress: (13, 105.43244528770447, {'accuracy': 0.241}, 7.506667749999906)
[2026-01-11 12:13:32,165][flwr][INFO] - evaluate_round 13: no clients selected, cancel
[2026-01-11 12:13:32,165][flwr][DEBUG] - fit_round 14: strategy sampled 10 clients (out of 100)
[2026-01-11 12:13:32,423][flwr][DEBUG] - fit_round 14 received 10 results and 0 failures
[2026-01-11 12:13:32,448][flwr][INFO] - fit progress: (14, 102.78612351417542, {'accuracy': 0.2085}, 7.789700416004052)
[2026-01-11 12:13:32,448][flwr][INFO] - evaluate_round 14: no clients selected, cancel
[2026-01-11 12:13:32,449][flwr][DEBUG] - fit_round 15: strategy sampled 10 clients (out of 100)
[2026-01-11 12:13:32,689][flwr][DEBUG] - fit_round 15 received 10 results and 0 failures
[2026-01-11 12:13:32,714][flwr][INFO] - fit progress: (15, 98.07062149047852, {'accuracy': 0.245}, 8.055798999994295)
[2026-01-11 12:13:32,714][flwr][INFO] - evaluate_round 15: no clients selected, cancel
[2026-01-11 12:13:32,715][flwr][DEBUG] - fit_round 16: strategy sampled 10 clients (out of 100)
[2026-01-11 12:13:32,963][flwr][DEBUG] - fit_round 16 received 10 results and 0 failures
[2026-01-11 12:13:32,988][flwr][INFO] - fit progress: (16, 112.8463922739029, {'accuracy': 0.224}, 8.329686790995765)
[2026-01-11 12:13:32,988][flwr][INFO] - evaluate_round 16: no clients selected, cancel
[2026-01-11 12:13:32,988][flwr][DEBUG] - fit_round 17: strategy sampled 10 clients (out of 100)
[2026-01-11 12:13:33,233][flwr][DEBUG] - fit_round 17 received 10 results and 0 failures
[2026-01-11 12:13:33,257][flwr][INFO] - fit progress: (17, 144.04369735717773, {'accuracy': 0.244}, 8.599276416003704)
[2026-01-11 12:13:33,258][flwr][INFO] - evaluate_round 17: no clients selected, cancel
[2026-01-11 12:13:33,258][flwr][DEBUG] - fit_round 18: strategy sampled 10 clients (out of 100)
[2026-01-11 12:13:33,499][flwr][DEBUG] - fit_round 18 received 10 results and 0 failures
[2026-01-11 12:13:33,523][flwr][INFO] - fit progress: (18, 130.66726207733154, {'accuracy': 0.183}, 8.865223540997249)
[2026-01-11 12:13:33,524][flwr][INFO] - evaluate_round 18: no clients selected, cancel
[2026-01-11 12:13:33,524][flwr][DEBUG] - fit_round 19: strategy sampled 10 clients (out of 100)
[2026-01-11 12:13:33,771][flwr][DEBUG] - fit_round 19 received 10 results and 0 failures
[2026-01-11 12:13:33,798][flwr][INFO] - fit progress: (19, 144.5645980834961, {'accuracy': 0.217}, 9.139936291001504)
[2026-01-11 12:13:33,798][flwr][INFO] - evaluate_round 19: no clients selected, cancel
[2026-01-11 12:13:33,799][flwr][DEBUG] - fit_round 20: strategy sampled 10 clients (out of 100)
[2026-01-11 12:13:34,055][flwr][DEBUG] - fit_round 20 received 10 results and 0 failures
[2026-01-11 12:13:34,083][flwr][INFO] - fit progress: (20, 151.66934478282928, {'accuracy': 0.1645}, 9.42504299999564)
[2026-01-11 12:13:34,083][flwr][INFO] - evaluate_round 20: no clients selected, cancel
[2026-01-11 12:13:34,084][flwr][DEBUG] - fit_round 21: strategy sampled 10 clients (out of 100)
[2026-01-11 12:13:34,328][flwr][DEBUG] - fit_round 21 received 10 results and 0 failures
[2026-01-11 12:13:34,353][flwr][INFO] - fit progress: (21, 191.82663989067078, {'accuracy': 0.1715}, 9.695116540999152)
[2026-01-11 12:13:34,353][flwr][INFO] - evaluate_round 21: no clients selected, cancel
[2026-01-11 12:13:34,354][flwr][DEBUG] - fit_round 22: strategy sampled 10 clients (out of 100)
[2026-01-11 12:13:34,611][flwr][DEBUG] - fit_round 22 received 10 results and 0 failures
[2026-01-11 12:13:34,636][flwr][INFO] - fit progress: (22, 204.01418161392212, {'accuracy': 0.136}, 9.977829166004085)
[2026-01-11 12:13:34,636][flwr][INFO] - evaluate_round 22: no clients selected, cancel
[2026-01-11 12:13:34,637][flwr][DEBUG] - fit_round 23: strategy sampled 10 clients (out of 100)
[2026-01-11 12:13:34,891][flwr][DEBUG] - fit_round 23 received 10 results and 0 failures
[2026-01-11 12:13:34,918][flwr][INFO] - fit progress: (23, 191.1431040763855, {'accuracy': 0.1725}, 10.260146040993277)
[2026-01-11 12:13:34,918][flwr][INFO] - evaluate_round 23: no clients selected, cancel
[2026-01-11 12:13:34,919][flwr][DEBUG] - fit_round 24: strategy sampled 10 clients (out of 100)
[2026-01-11 12:13:35,169][flwr][DEBUG] - fit_round 24 received 10 results and 0 failures
[2026-01-11 12:13:35,194][flwr][INFO] - fit progress: (24, 180.06403064727783, {'accuracy': 0.244}, 10.535515124996891)
[2026-01-11 12:13:35,194][flwr][INFO] - evaluate_round 24: no clients selected, cancel
[2026-01-11 12:13:35,194][flwr][DEBUG] - fit_round 25: strategy sampled 10 clients (out of 100)
[2026-01-11 12:13:35,414][flwr][DEBUG] - fit_round 25 received 10 results and 0 failures
[2026-01-11 12:13:35,439][flwr][INFO] - fit progress: (25, 177.81520533561707, {'accuracy': 0.245}, 10.780451040991466)
[2026-01-11 12:13:35,439][flwr][INFO] - evaluate_round 25: no clients selected, cancel
[2026-01-11 12:13:35,439][flwr][DEBUG] - fit_round 26: strategy sampled 10 clients (out of 100)
[2026-01-11 12:13:35,684][flwr][DEBUG] - fit_round 26 received 10 results and 0 failures
[2026-01-11 12:13:35,710][flwr][INFO] - fit progress: (26, 127.23481225967407, {'accuracy': 0.2275}, 11.05171674999292)
[2026-01-11 12:13:35,710][flwr][INFO] - evaluate_round 26: no clients selected, cancel
[2026-01-11 12:13:35,710][flwr][DEBUG] - fit_round 27: strategy sampled 10 clients (out of 100)
[2026-01-11 12:13:35,963][flwr][DEBUG] - fit_round 27 received 10 results and 0 failures
[2026-01-11 12:13:35,988][flwr][INFO] - fit progress: (27, 105.41858804225922, {'accuracy': 0.274}, 11.32978387500043)
[2026-01-11 12:13:35,988][flwr][INFO] - evaluate_round 27: no clients selected, cancel
[2026-01-11 12:13:35,989][flwr][DEBUG] - fit_round 28: strategy sampled 10 clients (out of 100)
[2026-01-11 12:13:36,453][flwr][DEBUG] - fit_round 28 received 10 results and 0 failures
[2026-01-11 12:13:36,479][flwr][INFO] - fit progress: (28, 118.10785913467407, {'accuracy': 0.2745}, 11.820743207994383)
[2026-01-11 12:13:36,479][flwr][INFO] - evaluate_round 28: no clients selected, cancel
[2026-01-11 12:13:36,480][flwr][DEBUG] - fit_round 29: strategy sampled 10 clients (out of 100)
[2026-01-11 12:13:36,744][flwr][DEBUG] - fit_round 29 received 10 results and 0 failures
[2026-01-11 12:13:36,770][flwr][INFO] - fit progress: (29, 114.12194240093231, {'accuracy': 0.4405}, 12.111387124998146)
[2026-01-11 12:13:36,770][flwr][INFO] - evaluate_round 29: no clients selected, cancel
[2026-01-11 12:13:36,770][flwr][DEBUG] - fit_round 30: strategy sampled 10 clients (out of 100)
[2026-01-11 12:13:37,023][flwr][DEBUG] - fit_round 30 received 10 results and 0 failures
[2026-01-11 12:13:37,049][flwr][INFO] - fit progress: (30, 98.01584911346436, {'accuracy': 0.4245}, 12.390488999997615)
[2026-01-11 12:13:37,049][flwr][INFO] - evaluate_round 30: no clients selected, cancel
[2026-01-11 12:13:37,049][flwr][DEBUG] - fit_round 31: strategy sampled 10 clients (out of 100)
[2026-01-11 12:13:37,327][flwr][DEBUG] - fit_round 31 received 10 results and 0 failures
[2026-01-11 12:13:37,352][flwr][INFO] - fit progress: (31, 101.10935580730438, {'accuracy': 0.446}, 12.693518665997544)
[2026-01-11 12:13:37,352][flwr][INFO] - evaluate_round 31: no clients selected, cancel
[2026-01-11 12:13:37,352][flwr][DEBUG] - fit_round 32: strategy sampled 10 clients (out of 100)
[2026-01-11 12:13:37,591][flwr][DEBUG] - fit_round 32 received 10 results and 0 failures
[2026-01-11 12:13:37,616][flwr][INFO] - fit progress: (32, 81.35341656208038, {'accuracy': 0.3825}, 12.95776016599848)
[2026-01-11 12:13:37,616][flwr][INFO] - evaluate_round 32: no clients selected, cancel
[2026-01-11 12:13:37,616][flwr][DEBUG] - fit_round 33: strategy sampled 10 clients (out of 100)
[2026-01-11 12:13:37,944][flwr][DEBUG] - fit_round 33 received 10 results and 0 failures
[2026-01-11 12:13:37,968][flwr][INFO] - fit progress: (33, 139.0984383225441, {'accuracy': 0.4755}, 13.310074499997427)
[2026-01-11 12:13:37,968][flwr][INFO] - evaluate_round 33: no clients selected, cancel
[2026-01-11 12:13:37,969][flwr][DEBUG] - fit_round 34: strategy sampled 10 clients (out of 100)
[2026-01-11 12:13:38,218][flwr][DEBUG] - fit_round 34 received 10 results and 0 failures
[2026-01-11 12:13:38,243][flwr][INFO] - fit progress: (34, 131.62326174974442, {'accuracy': 0.507}, 13.58476620799047)
[2026-01-11 12:13:38,243][flwr][INFO] - evaluate_round 34: no clients selected, cancel
[2026-01-11 12:13:38,243][flwr][DEBUG] - fit_round 35: strategy sampled 10 clients (out of 100)
[2026-01-11 12:13:38,496][flwr][DEBUG] - fit_round 35 received 10 results and 0 failures
[2026-01-11 12:13:38,521][flwr][INFO] - fit progress: (35, 219.1127542257309, {'accuracy': 0.507}, 13.862979999990785)
[2026-01-11 12:13:38,521][flwr][INFO] - evaluate_round 35: no clients selected, cancel
[2026-01-11 12:13:38,522][flwr][DEBUG] - fit_round 36: strategy sampled 10 clients (out of 100)
[2026-01-11 12:13:38,772][flwr][DEBUG] - fit_round 36 received 10 results and 0 failures
[2026-01-11 12:13:38,798][flwr][INFO] - fit progress: (36, 197.4484326839447, {'accuracy': 0.507}, 14.139996290992713)
[2026-01-11 12:13:38,798][flwr][INFO] - evaluate_round 36: no clients selected, cancel
[2026-01-11 12:13:38,799][flwr][DEBUG] - fit_round 37: strategy sampled 10 clients (out of 100)
[2026-01-11 12:13:39,051][flwr][DEBUG] - fit_round 37 received 10 results and 0 failures
[2026-01-11 12:13:39,075][flwr][INFO] - fit progress: (37, 140.22273123264313, {'accuracy': 0.507}, 14.417138666001847)
[2026-01-11 12:13:39,075][flwr][INFO] - evaluate_round 37: no clients selected, cancel
[2026-01-11 12:13:39,076][flwr][DEBUG] - fit_round 38: strategy sampled 10 clients (out of 100)
[2026-01-11 12:13:39,328][flwr][DEBUG] - fit_round 38 received 10 results and 0 failures
[2026-01-11 12:13:39,353][flwr][INFO] - fit progress: (38, 85.27764046192169, {'accuracy': 0.507}, 14.694402458000695)
[2026-01-11 12:13:39,353][flwr][INFO] - evaluate_round 38: no clients selected, cancel
[2026-01-11 12:13:39,353][flwr][DEBUG] - fit_round 39: strategy sampled 10 clients (out of 100)
[2026-01-11 12:13:39,598][flwr][DEBUG] - fit_round 39 received 10 results and 0 failures
[2026-01-11 12:13:39,622][flwr][INFO] - fit progress: (39, 101.98934710025787, {'accuracy': 0.507}, 14.964035290991887)
[2026-01-11 12:13:39,622][flwr][INFO] - evaluate_round 39: no clients selected, cancel
[2026-01-11 12:13:39,623][flwr][DEBUG] - fit_round 40: strategy sampled 10 clients (out of 100)
[2026-01-11 12:13:39,883][flwr][DEBUG] - fit_round 40 received 10 results and 0 failures
[2026-01-11 12:13:39,907][flwr][INFO] - fit progress: (40, 119.8588775396347, {'accuracy': 0.507}, 15.249172374999034)
[2026-01-11 12:13:39,907][flwr][INFO] - evaluate_round 40: no clients selected, cancel
[2026-01-11 12:13:39,908][flwr][DEBUG] - fit_round 41: strategy sampled 10 clients (out of 100)
[2026-01-11 12:13:40,158][flwr][DEBUG] - fit_round 41 received 10 results and 0 failures
[2026-01-11 12:13:40,183][flwr][INFO] - fit progress: (41, 84.97370517253876, {'accuracy': 0.507}, 15.52483083299012)
[2026-01-11 12:13:40,183][flwr][INFO] - evaluate_round 41: no clients selected, cancel
[2026-01-11 12:13:40,184][flwr][DEBUG] - fit_round 42: strategy sampled 10 clients (out of 100)
[2026-01-11 12:13:40,433][flwr][DEBUG] - fit_round 42 received 10 results and 0 failures
[2026-01-11 12:13:40,458][flwr][INFO] - fit progress: (42, 66.45639485120773, {'accuracy': 0.507}, 15.79957808299514)
[2026-01-11 12:13:40,458][flwr][INFO] - evaluate_round 42: no clients selected, cancel
[2026-01-11 12:13:40,458][flwr][DEBUG] - fit_round 43: strategy sampled 10 clients (out of 100)
[2026-01-11 12:13:40,703][flwr][DEBUG] - fit_round 43 received 10 results and 0 failures
[2026-01-11 12:13:40,730][flwr][INFO] - fit progress: (43, 61.44231307506561, {'accuracy': 0.507}, 16.07196975000261)
[2026-01-11 12:13:40,730][flwr][INFO] - evaluate_round 43: no clients selected, cancel
[2026-01-11 12:13:40,731][flwr][DEBUG] - fit_round 44: strategy sampled 10 clients (out of 100)
[2026-01-11 12:13:40,981][flwr][DEBUG] - fit_round 44 received 10 results and 0 failures
[2026-01-11 12:13:41,008][flwr][INFO] - fit progress: (44, 55.737864911556244, {'accuracy': 0.628}, 16.34988374999375)
[2026-01-11 12:13:41,008][flwr][INFO] - evaluate_round 44: no clients selected, cancel
[2026-01-11 12:13:41,009][flwr][DEBUG] - fit_round 45: strategy sampled 10 clients (out of 100)
[2026-01-11 12:13:41,260][flwr][DEBUG] - fit_round 45 received 10 results and 0 failures
[2026-01-11 12:13:41,286][flwr][INFO] - fit progress: (45, 55.73333793878555, {'accuracy': 0.6055}, 16.627492999992683)
[2026-01-11 12:13:41,286][flwr][INFO] - evaluate_round 45: no clients selected, cancel
[2026-01-11 12:13:41,286][flwr][DEBUG] - fit_round 46: strategy sampled 10 clients (out of 100)
[2026-01-11 12:13:41,533][flwr][DEBUG] - fit_round 46 received 10 results and 0 failures
[2026-01-11 12:13:41,557][flwr][INFO] - fit progress: (46, 59.43720841407776, {'accuracy': 0.5515}, 16.89932399999816)
[2026-01-11 12:13:41,558][flwr][INFO] - evaluate_round 46: no clients selected, cancel
[2026-01-11 12:13:41,558][flwr][DEBUG] - fit_round 47: strategy sampled 10 clients (out of 100)
[2026-01-11 12:13:41,818][flwr][DEBUG] - fit_round 47 received 10 results and 0 failures
[2026-01-11 12:13:41,844][flwr][INFO] - fit progress: (47, 62.526639223098755, {'accuracy': 0.54}, 17.185423916002037)
[2026-01-11 12:13:41,844][flwr][INFO] - evaluate_round 47: no clients selected, cancel
[2026-01-11 12:13:41,844][flwr][DEBUG] - fit_round 48: strategy sampled 10 clients (out of 100)
[2026-01-11 12:13:42,109][flwr][DEBUG] - fit_round 48 received 10 results and 0 failures
[2026-01-11 12:13:42,132][flwr][INFO] - fit progress: (48, 60.80517786741257, {'accuracy': 0.5515}, 17.47426262499357)
[2026-01-11 12:13:42,133][flwr][INFO] - evaluate_round 48: no clients selected, cancel
[2026-01-11 12:13:42,133][flwr][DEBUG] - fit_round 49: strategy sampled 10 clients (out of 100)
[2026-01-11 12:13:42,364][flwr][DEBUG] - fit_round 49 received 10 results and 0 failures
[2026-01-11 12:13:42,389][flwr][INFO] - fit progress: (49, 74.95672619342804, {'accuracy': 0.522}, 17.730496749994927)
[2026-01-11 12:13:42,389][flwr][INFO] - evaluate_round 49: no clients selected, cancel
[2026-01-11 12:13:42,389][flwr][DEBUG] - fit_round 50: strategy sampled 10 clients (out of 100)
[2026-01-11 12:13:42,636][flwr][DEBUG] - fit_round 50 received 10 results and 0 failures
[2026-01-11 12:13:42,661][flwr][INFO] - fit progress: (50, 55.757298827171326, {'accuracy': 0.5805}, 18.00243841599149)
[2026-01-11 12:13:42,661][flwr][INFO] - evaluate_round 50: no clients selected, cancel
[2026-01-11 12:13:42,661][flwr][INFO] - FL finished in 18.002661249993253
[2026-01-11 12:13:42,661][flwr][INFO] - app_fit: losses_distributed []
[2026-01-11 12:13:42,661][flwr][INFO] - app_fit: metrics_distributed_fit {'c_global_norm': [(1, 6.841324206465037), (2, 42.847199126570025), (3, 39.78113744679341), (4, 50.55194049434839), (5, 32.39880659354466), (6, 54.969981584745376), (7, 10.317750094331009), (8, 27.982461715886082), (9, 40.767866255067716), (10, 32.68901577821238), (11, 26.82009429798432), (12, 31.36688206430137), (13, 12.065003481183457), (14, 12.57135047681273), (15, 29.286034289881254), (16, 32.70540555902268), (17, 9.179980051776305), (18, 13.393795078858576), (19, 5.2449495730539155), (20, 4.015683577718857), (21, 27.780888687032718), (22, 3.3887073023040775), (23, 5.694272170006634), (24, 9.752880199822856), (25, 15.95712766956722), (26, 20.625847041914223), (27, 15.820704144940061), (28, 7.512539839539755), (29, 13.504213781499235), (30, 4.862165358263925), (31, 9.142980630673458), (32, 19.031449703678355), (33, 15.697544977774037), (34, 12.627002222094042), (35, 2.865975475874941), (36, 29.160766652407034), (37, 13.609129884879708), (38, 22.346124461526035), (39, 7.941357647643416), (40, 21.289205730551366), (41, 9.670925229326386), (42, 13.49058758251311), (43, 5.119364229636168), (44, 9.658453711488292), (45, 9.143901420325118), (46, 9.43481096269363), (47, 2.4325969669170866), (48, 8.615088295114312), (49, 16.531121507660885), (50, 13.973979077896642)], 'num_clients': [(1, 10), (2, 10), (3, 10), (4, 10), (5, 10), (6, 10), (7, 10), (8, 10), (9, 10), (10, 10), (11, 10), (12, 10), (13, 10), (14, 10), (15, 10), (16, 10), (17, 10), (18, 10), (19, 10), (20, 10), (21, 10), (22, 10), (23, 10), (24, 10), (25, 10), (26, 10), (27, 10), (28, 10), (29, 10), (30, 10), (31, 10), (32, 10), (33, 10), (34, 10), (35, 10), (36, 10), (37, 10), (38, 10), (39, 10), (40, 10), (41, 10), (42, 10), (43, 10), (44, 10), (45, 10), (46, 10), (47, 10), (48, 10), (49, 10), (50, 10)]}
[2026-01-11 12:13:42,662][flwr][INFO] - app_fit: metrics_distributed {}
[2026-01-11 12:13:42,662][flwr][INFO] - app_fit: losses_centralized [(0, 68.07474291324615), (1, 68.64237415790558), (2, 92.3787727355957), (3, 67.28733652830124), (4, 93.12213826179504), (5, 68.89663934707642), (6, 112.38508927822113), (7, 99.43608462810516), (8, 126.37415206432343), (9, 83.79939198493958), (10, 118.29363358020782), (11, 87.78674948215485), (12, 111.46828424930573), (13, 105.43244528770447), (14, 102.78612351417542), (15, 98.07062149047852), (16, 112.8463922739029), (17, 144.04369735717773), (18, 130.66726207733154), (19, 144.5645980834961), (20, 151.66934478282928), (21, 191.82663989067078), (22, 204.01418161392212), (23, 191.1431040763855), (24, 180.06403064727783), (25, 177.81520533561707), (26, 127.23481225967407), (27, 105.41858804225922), (28, 118.10785913467407), (29, 114.12194240093231), (30, 98.01584911346436), (31, 101.10935580730438), (32, 81.35341656208038), (33, 139.0984383225441), (34, 131.62326174974442), (35, 219.1127542257309), (36, 197.4484326839447), (37, 140.22273123264313), (38, 85.27764046192169), (39, 101.98934710025787), (40, 119.8588775396347), (41, 84.97370517253876), (42, 66.45639485120773), (43, 61.44231307506561), (44, 55.737864911556244), (45, 55.73333793878555), (46, 59.43720841407776), (47, 62.526639223098755), (48, 60.80517786741257), (49, 74.95672619342804), (50, 55.757298827171326)]
[2026-01-11 12:13:42,662][flwr][INFO] - app_fit: metrics_centralized {'accuracy': [(0, 0.507), (1, 0.507), (2, 0.245), (3, 0.507), (4, 0.244), (5, 0.248), (6, 0.2415), (7, 0.244), (8, 0.2245), (9, 0.245), (10, 0.239), (11, 0.245), (12, 0.229), (13, 0.241), (14, 0.2085), (15, 0.245), (16, 0.224), (17, 0.244), (18, 0.183), (19, 0.217), (20, 0.1645), (21, 0.1715), (22, 0.136), (23, 0.1725), (24, 0.244), (25, 0.245), (26, 0.2275), (27, 0.274), (28, 0.2745), (29, 0.4405), (30, 0.4245), (31, 0.446), (32, 0.3825), (33, 0.4755), (34, 0.507), (35, 0.507), (36, 0.507), (37, 0.507), (38, 0.507), (39, 0.507), (40, 0.507), (41, 0.507), (42, 0.507), (43, 0.507), (44, 0.628), (45, 0.6055), (46, 0.5515), (47, 0.54), (48, 0.5515), (49, 0.522), (50, 0.5805)]}
