[2026-01-23 01:04:04,969][flwr][INFO] - Starting Flower simulation, config: ServerConfig(num_rounds=20, round_timeout=None)
[2026-01-23 01:04:10,931][flwr][INFO] - Flower VCE: Ray initialized with resources: {'object_store_memory': 2147483648.0, 'memory': 12075115725.0, 'node:127.0.0.1': 1.0, 'CPU': 10.0}
[2026-01-23 01:04:10,931][flwr][INFO] - Initializing global parameters
[2026-01-23 01:04:10,931][flwr][INFO] - Requesting initial parameters from one random client
[2026-01-23 01:04:14,775][flwr][INFO] - Received initial parameters from one random client
[2026-01-23 01:04:14,776][flwr][INFO] - Evaluating initial parameters
[2026-01-23 01:04:16,673][flwr][INFO] - initial parameters (loss, other metrics): 799620352.0, {'rmse': 28277.55915916365, 'mae': 17685.306640625, 'r2': -5.365138053894043}
[2026-01-23 01:04:16,674][flwr][INFO] - FL starting
[2026-01-23 01:04:16,677][flwr][DEBUG] - fit_round 1: strategy sampled 6 clients (out of 12)
[2026-01-23 01:04:38,146][flwr][DEBUG] - fit_round 1 received 6 results and 0 failures
[2026-01-23 01:04:38,158][flwr][WARNING] - No fit_metrics_aggregation_fn provided
[2026-01-23 01:04:38,708][flwr][INFO] - fit progress: (1, 159119216.0, {'rmse': 12614.246549041287, 'mae': 7735.69677734375, 'r2': -0.2666208744049072}, 22.033508500026073)
[2026-01-23 01:04:38,709][flwr][DEBUG] - evaluate_round 1: strategy sampled 6 clients (out of 12)
[2026-01-23 01:04:39,406][flwr][DEBUG] - evaluate_round 1 received 6 results and 0 failures
[2026-01-23 01:04:39,406][flwr][WARNING] - No evaluate_metrics_aggregation_fn provided
[2026-01-23 01:04:39,409][flwr][DEBUG] - fit_round 2: strategy sampled 6 clients (out of 12)
[2026-01-23 01:04:54,158][flwr][DEBUG] - fit_round 2 received 6 results and 0 failures
[2026-01-23 01:04:54,703][flwr][INFO] - fit progress: (2, 90255648.0, {'rmse': 9500.297258507231, 'mae': 6315.68408203125, 'r2': 0.281546950340271}, 38.02857716602739)
[2026-01-23 01:04:54,704][flwr][DEBUG] - evaluate_round 2: strategy sampled 6 clients (out of 12)
[2026-01-23 01:04:55,032][flwr][DEBUG] - evaluate_round 2 received 6 results and 0 failures
[2026-01-23 01:04:55,033][flwr][DEBUG] - fit_round 3: strategy sampled 6 clients (out of 12)
[2026-01-23 01:05:08,362][flwr][DEBUG] - fit_round 3 received 6 results and 0 failures
[2026-01-23 01:05:08,868][flwr][INFO] - fit progress: (3, 66139736.0, {'rmse': 8132.63401365142, 'mae': 5507.77490234375, 'r2': 0.4735144376754761}, 52.1930217500194)
[2026-01-23 01:05:08,868][flwr][DEBUG] - evaluate_round 3: strategy sampled 6 clients (out of 12)
[2026-01-23 01:05:09,246][flwr][DEBUG] - evaluate_round 3 received 6 results and 0 failures
[2026-01-23 01:05:09,247][flwr][DEBUG] - fit_round 4: strategy sampled 6 clients (out of 12)
[2026-01-23 01:05:22,792][flwr][DEBUG] - fit_round 4 received 6 results and 0 failures
[2026-01-23 01:05:23,336][flwr][INFO] - fit progress: (4, 45921844.0, {'rmse': 6776.565796921033, 'mae': 4783.162109375, 'r2': 0.6344529390335083}, 66.66082812502282)
[2026-01-23 01:05:23,336][flwr][DEBUG] - evaluate_round 4: strategy sampled 6 clients (out of 12)
[2026-01-23 01:05:23,728][flwr][DEBUG] - evaluate_round 4 received 6 results and 0 failures
[2026-01-23 01:05:23,729][flwr][DEBUG] - fit_round 5: strategy sampled 6 clients (out of 12)
[2026-01-23 01:05:37,538][flwr][DEBUG] - fit_round 5 received 6 results and 0 failures
[2026-01-23 01:05:38,088][flwr][INFO] - fit progress: (5, 44912220.0, {'rmse': 6701.6580038077145, 'mae': 4656.498046875, 'r2': 0.6424897313117981}, 81.41294812498381)
[2026-01-23 01:05:38,088][flwr][DEBUG] - evaluate_round 5: strategy sampled 6 clients (out of 12)
[2026-01-23 01:05:38,445][flwr][DEBUG] - evaluate_round 5 received 6 results and 0 failures
[2026-01-23 01:05:38,446][flwr][DEBUG] - fit_round 6: strategy sampled 6 clients (out of 12)
[2026-01-23 01:05:51,604][flwr][DEBUG] - fit_round 6 received 6 results and 0 failures
[2026-01-23 01:05:52,089][flwr][INFO] - fit progress: (6, 40092444.0, {'rmse': 6331.859442533449, 'mae': 4341.044921875, 'r2': 0.6808561086654663}, 95.41354204103118)
[2026-01-23 01:05:52,089][flwr][DEBUG] - evaluate_round 6: strategy sampled 6 clients (out of 12)
[2026-01-23 01:05:52,258][flwr][DEBUG] - evaluate_round 6 received 6 results and 0 failures
[2026-01-23 01:05:52,258][flwr][DEBUG] - fit_round 7: strategy sampled 6 clients (out of 12)
[2026-01-23 01:06:05,651][flwr][DEBUG] - fit_round 7 received 6 results and 0 failures
[2026-01-23 01:06:06,195][flwr][INFO] - fit progress: (7, 40709080.0, {'rmse': 6380.366760618076, 'mae': 4396.4208984375, 'r2': 0.6759475469589233}, 109.52042916597566)
[2026-01-23 01:06:06,196][flwr][DEBUG] - evaluate_round 7: strategy sampled 6 clients (out of 12)
[2026-01-23 01:06:06,575][flwr][DEBUG] - evaluate_round 7 received 6 results and 0 failures
[2026-01-23 01:06:06,577][flwr][DEBUG] - fit_round 8: strategy sampled 6 clients (out of 12)
[2026-01-23 01:06:21,127][flwr][DEBUG] - fit_round 8 received 6 results and 0 failures
[2026-01-23 01:06:21,746][flwr][INFO] - fit progress: (8, 41852784.0, {'rmse': 6469.372767123564, 'mae': 4365.4638671875, 'r2': 0.6668434143066406}, 125.07086287502898)
[2026-01-23 01:06:21,748][flwr][DEBUG] - evaluate_round 8: strategy sampled 6 clients (out of 12)
[2026-01-23 01:06:22,239][flwr][DEBUG] - evaluate_round 8 received 6 results and 0 failures
[2026-01-23 01:06:22,240][flwr][DEBUG] - fit_round 9: strategy sampled 6 clients (out of 12)
[2026-01-23 01:06:35,489][flwr][DEBUG] - fit_round 9 received 6 results and 0 failures
[2026-01-23 01:06:36,002][flwr][INFO] - fit progress: (9, 39373052.0, {'rmse': 6274.794976730315, 'mae': 4183.34912109375, 'r2': 0.6865825653076172}, 139.32695941597922)
[2026-01-23 01:06:36,002][flwr][DEBUG] - evaluate_round 9: strategy sampled 6 clients (out of 12)
[2026-01-23 01:06:36,393][flwr][DEBUG] - evaluate_round 9 received 6 results and 0 failures
[2026-01-23 01:06:36,395][flwr][DEBUG] - fit_round 10: strategy sampled 6 clients (out of 12)
[2026-01-23 01:06:50,382][flwr][DEBUG] - fit_round 10 received 6 results and 0 failures
[2026-01-23 01:06:50,872][flwr][INFO] - fit progress: (10, 34199884.0, {'rmse': 5848.066689086231, 'mae': 3975.676025390625, 'r2': 0.7277620434761047}, 154.19667370797833)
[2026-01-23 01:06:50,872][flwr][DEBUG] - evaluate_round 10: strategy sampled 6 clients (out of 12)
[2026-01-23 01:06:51,238][flwr][DEBUG] - evaluate_round 10 received 6 results and 0 failures
[2026-01-23 01:06:51,239][flwr][DEBUG] - fit_round 11: strategy sampled 6 clients (out of 12)
[2026-01-23 01:07:05,797][flwr][DEBUG] - fit_round 11 received 6 results and 0 failures
[2026-01-23 01:07:08,705][flwr][INFO] - fit progress: (11, 39343048.0, {'rmse': 6272.403685988331, 'mae': 4156.6181640625, 'r2': 0.686821460723877}, 172.02944779099198)
[2026-01-23 01:07:08,709][flwr][DEBUG] - evaluate_round 11: strategy sampled 6 clients (out of 12)
[2026-01-23 01:07:09,543][flwr][DEBUG] - evaluate_round 11 received 6 results and 0 failures
[2026-01-23 01:07:09,546][flwr][DEBUG] - fit_round 12: strategy sampled 6 clients (out of 12)
[2026-01-23 01:07:27,684][flwr][DEBUG] - fit_round 12 received 6 results and 0 failures
[2026-01-23 01:07:28,238][flwr][INFO] - fit progress: (12, 34566604.0, {'rmse': 5879.337037455839, 'mae': 3972.361572265625, 'r2': 0.72484290599823}, 191.56258016597712)
[2026-01-23 01:07:28,238][flwr][DEBUG] - evaluate_round 12: strategy sampled 6 clients (out of 12)
[2026-01-23 01:07:28,501][flwr][DEBUG] - evaluate_round 12 received 6 results and 0 failures
[2026-01-23 01:07:28,503][flwr][DEBUG] - fit_round 13: strategy sampled 6 clients (out of 12)
[2026-01-23 01:07:42,155][flwr][DEBUG] - fit_round 13 received 6 results and 0 failures
[2026-01-23 01:07:42,671][flwr][INFO] - fit progress: (13, 33666420.0, {'rmse': 5802.277139192853, 'mae': 3952.08154296875, 'r2': 0.7320085763931274}, 205.9952669159975)
[2026-01-23 01:07:42,671][flwr][DEBUG] - evaluate_round 13: strategy sampled 6 clients (out of 12)
[2026-01-23 01:07:42,996][flwr][DEBUG] - evaluate_round 13 received 6 results and 0 failures
[2026-01-23 01:07:42,997][flwr][DEBUG] - fit_round 14: strategy sampled 6 clients (out of 12)
[2026-01-23 01:07:56,913][flwr][DEBUG] - fit_round 14 received 6 results and 0 failures
[2026-01-23 01:07:57,443][flwr][INFO] - fit progress: (14, 32231686.0, {'rmse': 5677.295659026399, 'mae': 3916.16064453125, 'r2': 0.7434293031692505}, 220.76712870801566)
[2026-01-23 01:07:57,443][flwr][DEBUG] - evaluate_round 14: strategy sampled 6 clients (out of 12)
[2026-01-23 01:07:57,676][flwr][DEBUG] - evaluate_round 14 received 6 results and 0 failures
[2026-01-23 01:07:57,677][flwr][DEBUG] - fit_round 15: strategy sampled 6 clients (out of 12)
[2026-01-23 01:08:11,085][flwr][DEBUG] - fit_round 15 received 6 results and 0 failures
[2026-01-23 01:08:11,632][flwr][INFO] - fit progress: (15, 35274972.0, {'rmse': 5939.273692969537, 'mae': 4002.7373046875, 'r2': 0.7192041277885437}, 234.9558822499821)
[2026-01-23 01:08:11,632][flwr][DEBUG] - evaluate_round 15: strategy sampled 6 clients (out of 12)
[2026-01-23 01:08:11,894][flwr][DEBUG] - evaluate_round 15 received 6 results and 0 failures
[2026-01-23 01:08:11,895][flwr][DEBUG] - fit_round 16: strategy sampled 6 clients (out of 12)
[2026-01-23 01:08:25,310][flwr][DEBUG] - fit_round 16 received 6 results and 0 failures
[2026-01-23 01:08:25,787][flwr][INFO] - fit progress: (16, 31373090.0, {'rmse': 5601.168628063255, 'mae': 3863.725341796875, 'r2': 0.7502639293670654}, 249.11106895800913)
[2026-01-23 01:08:25,787][flwr][DEBUG] - evaluate_round 16: strategy sampled 6 clients (out of 12)
[2026-01-23 01:08:26,023][flwr][DEBUG] - evaluate_round 16 received 6 results and 0 failures
[2026-01-23 01:08:26,025][flwr][DEBUG] - fit_round 17: strategy sampled 6 clients (out of 12)
[2026-01-23 01:08:39,357][flwr][DEBUG] - fit_round 17 received 6 results and 0 failures
[2026-01-23 01:08:39,889][flwr][INFO] - fit progress: (17, 34493752.0, {'rmse': 5873.138173072382, 'mae': 3906.39892578125, 'r2': 0.7254228591918945}, 263.21275558299385)
[2026-01-23 01:08:39,889][flwr][DEBUG] - evaluate_round 17: strategy sampled 6 clients (out of 12)
[2026-01-23 01:08:40,145][flwr][DEBUG] - evaluate_round 17 received 6 results and 0 failures
[2026-01-23 01:08:40,147][flwr][DEBUG] - fit_round 18: strategy sampled 6 clients (out of 12)
[2026-01-23 01:08:52,907][flwr][DEBUG] - fit_round 18 received 6 results and 0 failures
[2026-01-23 01:08:53,372][flwr][INFO] - fit progress: (18, 35533708.0, {'rmse': 5961.015685267067, 'mae': 3928.863037109375, 'r2': 0.7171445488929749}, 276.6963334159809)
[2026-01-23 01:08:53,372][flwr][DEBUG] - evaluate_round 18: strategy sampled 6 clients (out of 12)
[2026-01-23 01:08:53,501][flwr][DEBUG] - evaluate_round 18 received 6 results and 0 failures
[2026-01-23 01:08:53,502][flwr][DEBUG] - fit_round 19: strategy sampled 6 clients (out of 12)
[2026-01-23 01:09:06,414][flwr][DEBUG] - fit_round 19 received 6 results and 0 failures
[2026-01-23 01:09:06,957][flwr][INFO] - fit progress: (19, 33546712.0, {'rmse': 5791.952347870276, 'mae': 3847.301025390625, 'r2': 0.7329614162445068}, 290.2807268750039)
[2026-01-23 01:09:06,957][flwr][DEBUG] - evaluate_round 19: strategy sampled 6 clients (out of 12)
[2026-01-23 01:09:07,148][flwr][DEBUG] - evaluate_round 19 received 6 results and 0 failures
[2026-01-23 01:09:07,152][flwr][DEBUG] - fit_round 20: strategy sampled 6 clients (out of 12)
[2026-01-23 01:09:19,791][flwr][DEBUG] - fit_round 20 received 6 results and 0 failures
[2026-01-23 01:09:20,293][flwr][INFO] - fit progress: (20, 37309748.0, {'rmse': 6108.170593557453, 'mae': 3960.16748046875, 'r2': 0.7030069231987}, 303.61749937501736)
[2026-01-23 01:09:20,294][flwr][DEBUG] - evaluate_round 20: strategy sampled 6 clients (out of 12)
[2026-01-23 01:09:20,476][flwr][DEBUG] - evaluate_round 20 received 6 results and 0 failures
[2026-01-23 01:09:20,476][flwr][INFO] - FL finished in 303.7998894160264
[2026-01-23 01:09:20,481][flwr][INFO] - app_fit: losses_distributed [(1, 142525624.0), (2, 125693951.78494623), (3, 71704742.16829745), (4, 82194760.59011628), (5, 63629305.05790646), (6, 58322319.44300518), (7, 45362024.04695838), (8, 56513525.40762463), (9, 42131733.56298774), (10, 43571501.308807135), (11, 39164531.098185696), (12, 49001904.79375697), (13, 42884813.81959911), (14, 44874827.19955407), (15, 40476509.85942492), (16, 30825582.553816047), (17, 49597805.17036173), (18, 59599288.35233161), (19, 51459427.99017199), (20, 49472550.18918919)]
[2026-01-23 01:09:20,481][flwr][INFO] - app_fit: metrics_distributed_fit {}
[2026-01-23 01:09:20,481][flwr][INFO] - app_fit: metrics_distributed {}
[2026-01-23 01:09:20,481][flwr][INFO] - app_fit: losses_centralized [(0, 799620352.0), (1, 159119216.0), (2, 90255648.0), (3, 66139736.0), (4, 45921844.0), (5, 44912220.0), (6, 40092444.0), (7, 40709080.0), (8, 41852784.0), (9, 39373052.0), (10, 34199884.0), (11, 39343048.0), (12, 34566604.0), (13, 33666420.0), (14, 32231686.0), (15, 35274972.0), (16, 31373090.0), (17, 34493752.0), (18, 35533708.0), (19, 33546712.0), (20, 37309748.0)]
[2026-01-23 01:09:20,481][flwr][INFO] - app_fit: metrics_centralized {'rmse': [(0, 28277.55915916365), (1, 12614.246549041287), (2, 9500.297258507231), (3, 8132.63401365142), (4, 6776.565796921033), (5, 6701.6580038077145), (6, 6331.859442533449), (7, 6380.366760618076), (8, 6469.372767123564), (9, 6274.794976730315), (10, 5848.066689086231), (11, 6272.403685988331), (12, 5879.337037455839), (13, 5802.277139192853), (14, 5677.295659026399), (15, 5939.273692969537), (16, 5601.168628063255), (17, 5873.138173072382), (18, 5961.015685267067), (19, 5791.952347870276), (20, 6108.170593557453)], 'mae': [(0, 17685.306640625), (1, 7735.69677734375), (2, 6315.68408203125), (3, 5507.77490234375), (4, 4783.162109375), (5, 4656.498046875), (6, 4341.044921875), (7, 4396.4208984375), (8, 4365.4638671875), (9, 4183.34912109375), (10, 3975.676025390625), (11, 4156.6181640625), (12, 3972.361572265625), (13, 3952.08154296875), (14, 3916.16064453125), (15, 4002.7373046875), (16, 3863.725341796875), (17, 3906.39892578125), (18, 3928.863037109375), (19, 3847.301025390625), (20, 3960.16748046875)], 'r2': [(0, -5.365138053894043), (1, -0.2666208744049072), (2, 0.281546950340271), (3, 0.4735144376754761), (4, 0.6344529390335083), (5, 0.6424897313117981), (6, 0.6808561086654663), (7, 0.6759475469589233), (8, 0.6668434143066406), (9, 0.6865825653076172), (10, 0.7277620434761047), (11, 0.686821460723877), (12, 0.72484290599823), (13, 0.7320085763931274), (14, 0.7434293031692505), (15, 0.7192041277885437), (16, 0.7502639293670654), (17, 0.7254228591918945), (18, 0.7171445488929749), (19, 0.7329614162445068), (20, 0.7030069231987)]}
[2026-01-23 01:09:20,488][flwr][INFO] - Starting Flower simulation, config: ServerConfig(num_rounds=20, round_timeout=None)
[2026-01-23 01:09:28,397][flwr][INFO] - Flower VCE: Ray initialized with resources: {'object_store_memory': 2147483648.0, 'memory': 12197544756.0, 'CPU': 10.0, 'node:127.0.0.1': 1.0}
[2026-01-23 01:09:28,397][flwr][INFO] - Initializing global parameters
[2026-01-23 01:09:28,397][flwr][INFO] - Requesting initial parameters from one random client
[2026-01-23 01:09:32,585][flwr][INFO] - Received initial parameters from one random client
[2026-01-23 01:09:32,585][flwr][INFO] - Evaluating initial parameters
[2026-01-23 01:09:33,033][flwr][INFO] - initial parameters (loss, other metrics): 424474496.0, {'rmse': 20602.778841699972, 'mae': 18008.26953125, 'r2': -2.3789021968841553}
[2026-01-23 01:09:33,033][flwr][INFO] - FL starting
[2026-01-23 01:09:33,033][flwr][DEBUG] - fit_round 1: strategy sampled 6 clients (out of 12)
[2026-01-23 01:09:51,782][flwr][DEBUG] - fit_round 1 received 6 results and 0 failures
[2026-01-23 01:09:51,794][flwr][WARNING] - No fit_metrics_aggregation_fn provided
[2026-01-23 01:09:52,300][flwr][INFO] - fit progress: (1, 149957280.0, {'rmse': 12245.704553025931, 'mae': 7608.79931640625, 'r2': -0.19369006156921387}, 19.26718212501146)
[2026-01-23 01:09:52,301][flwr][DEBUG] - evaluate_round 1: strategy sampled 6 clients (out of 12)
[2026-01-23 01:09:52,646][flwr][DEBUG] - evaluate_round 1 received 6 results and 0 failures
[2026-01-23 01:09:52,646][flwr][WARNING] - No evaluate_metrics_aggregation_fn provided
[2026-01-23 01:09:52,648][flwr][DEBUG] - fit_round 2: strategy sampled 6 clients (out of 12)
[2026-01-23 01:10:06,268][flwr][DEBUG] - fit_round 2 received 6 results and 0 failures
[2026-01-23 01:10:06,813][flwr][INFO] - fit progress: (2, 95199080.0, {'rmse': 9757.001588602925, 'mae': 6358.26416015625, 'r2': 0.24219626188278198}, 33.7801010410185)
[2026-01-23 01:10:06,814][flwr][DEBUG] - evaluate_round 2: strategy sampled 6 clients (out of 12)
[2026-01-23 01:10:07,264][flwr][DEBUG] - evaluate_round 2 received 6 results and 0 failures
[2026-01-23 01:10:07,265][flwr][DEBUG] - fit_round 3: strategy sampled 6 clients (out of 12)
[2026-01-23 01:10:20,418][flwr][DEBUG] - fit_round 3 received 6 results and 0 failures
[2026-01-23 01:10:20,874][flwr][INFO] - fit progress: (3, 71812480.0, {'rmse': 8474.224448290239, 'mae': 5597.7158203125, 'r2': 0.428358256816864}, 47.840639500005636)
[2026-01-23 01:10:20,874][flwr][DEBUG] - evaluate_round 3: strategy sampled 6 clients (out of 12)
[2026-01-23 01:10:21,212][flwr][DEBUG] - evaluate_round 3 received 6 results and 0 failures
[2026-01-23 01:10:21,213][flwr][DEBUG] - fit_round 4: strategy sampled 6 clients (out of 12)
[2026-01-23 01:10:34,299][flwr][DEBUG] - fit_round 4 received 6 results and 0 failures
[2026-01-23 01:10:34,760][flwr][INFO] - fit progress: (4, 57664012.0, {'rmse': 7593.682374184477, 'mae': 4977.517578125, 'r2': 0.5409829020500183}, 61.726900707988534)
[2026-01-23 01:10:34,761][flwr][DEBUG] - evaluate_round 4: strategy sampled 6 clients (out of 12)
[2026-01-23 01:10:35,010][flwr][DEBUG] - evaluate_round 4 received 6 results and 0 failures
[2026-01-23 01:10:35,010][flwr][DEBUG] - fit_round 5: strategy sampled 6 clients (out of 12)
[2026-01-23 01:10:47,853][flwr][DEBUG] - fit_round 5 received 6 results and 0 failures
[2026-01-23 01:10:48,293][flwr][INFO] - fit progress: (5, 49752924.0, {'rmse': 7053.57526365176, 'mae': 4685.80322265625, 'r2': 0.6039567589759827}, 75.25999416597188)
[2026-01-23 01:10:48,294][flwr][DEBUG] - evaluate_round 5: strategy sampled 6 clients (out of 12)
[2026-01-23 01:10:48,545][flwr][DEBUG] - evaluate_round 5 received 6 results and 0 failures
[2026-01-23 01:10:48,546][flwr][DEBUG] - fit_round 6: strategy sampled 6 clients (out of 12)
[2026-01-23 01:11:01,542][flwr][DEBUG] - fit_round 6 received 6 results and 0 failures
[2026-01-23 01:11:02,048][flwr][INFO] - fit progress: (6, 45419848.0, {'rmse': 6739.424901280524, 'mae': 4468.833984375, 'r2': 0.6384488940238953}, 89.01495141600026)
[2026-01-23 01:11:02,049][flwr][DEBUG] - evaluate_round 6: strategy sampled 6 clients (out of 12)
[2026-01-23 01:11:02,366][flwr][DEBUG] - evaluate_round 6 received 6 results and 0 failures
[2026-01-23 01:11:02,367][flwr][DEBUG] - fit_round 7: strategy sampled 6 clients (out of 12)
[2026-01-23 01:11:16,438][flwr][DEBUG] - fit_round 7 received 6 results and 0 failures
[2026-01-23 01:11:17,012][flwr][INFO] - fit progress: (7, 41113020.0, {'rmse': 6411.943543107659, 'mae': 4269.96337890625, 'r2': 0.6727321147918701}, 103.97793895797804)
[2026-01-23 01:11:17,012][flwr][DEBUG] - evaluate_round 7: strategy sampled 6 clients (out of 12)
[2026-01-23 01:11:17,332][flwr][DEBUG] - evaluate_round 7 received 6 results and 0 failures
[2026-01-23 01:11:17,333][flwr][DEBUG] - fit_round 8: strategy sampled 6 clients (out of 12)
[2026-01-23 01:11:31,141][flwr][DEBUG] - fit_round 8 received 6 results and 0 failures
[2026-01-23 01:11:31,594][flwr][INFO] - fit progress: (8, 41059980.0, {'rmse': 6407.80617684399, 'mae': 4309.3916015625, 'r2': 0.673154354095459}, 118.56031395797618)
[2026-01-23 01:11:31,594][flwr][DEBUG] - evaluate_round 8: strategy sampled 6 clients (out of 12)
[2026-01-23 01:11:31,900][flwr][DEBUG] - evaluate_round 8 received 6 results and 0 failures
[2026-01-23 01:11:31,903][flwr][DEBUG] - fit_round 9: strategy sampled 6 clients (out of 12)
[2026-01-23 01:11:45,157][flwr][DEBUG] - fit_round 9 received 6 results and 0 failures
[2026-01-23 01:11:45,688][flwr][INFO] - fit progress: (9, 39296272.0, {'rmse': 6268.673862947409, 'mae': 4189.3828125, 'r2': 0.6871938109397888}, 132.65429262496764)
[2026-01-23 01:11:45,688][flwr][DEBUG] - evaluate_round 9: strategy sampled 6 clients (out of 12)
[2026-01-23 01:11:46,041][flwr][DEBUG] - evaluate_round 9 received 6 results and 0 failures
[2026-01-23 01:11:46,042][flwr][DEBUG] - fit_round 10: strategy sampled 6 clients (out of 12)
[2026-01-23 01:11:59,838][flwr][DEBUG] - fit_round 10 received 6 results and 0 failures
[2026-01-23 01:12:00,311][flwr][INFO] - fit progress: (10, 34402372.0, {'rmse': 5865.353527282051, 'mae': 3931.2802734375, 'r2': 0.7261502146720886}, 147.27759145799791)
[2026-01-23 01:12:00,312][flwr][DEBUG] - evaluate_round 10: strategy sampled 6 clients (out of 12)
[2026-01-23 01:12:00,554][flwr][DEBUG] - evaluate_round 10 received 6 results and 0 failures
[2026-01-23 01:12:00,555][flwr][DEBUG] - fit_round 11: strategy sampled 6 clients (out of 12)
[2026-01-23 01:12:09,025][flwr][DEBUG] - fit_round 11 received 6 results and 0 failures
[2026-01-23 01:12:09,548][flwr][INFO] - fit progress: (11, 38322240.0, {'rmse': 6190.495941360434, 'mae': 4156.62939453125, 'r2': 0.6949472427368164}, 156.5144332079799)
[2026-01-23 01:12:09,548][flwr][DEBUG] - evaluate_round 11: strategy sampled 6 clients (out of 12)
[2026-01-23 01:12:09,708][flwr][DEBUG] - evaluate_round 11 received 6 results and 0 failures
[2026-01-23 01:12:09,708][flwr][DEBUG] - fit_round 12: strategy sampled 6 clients (out of 12)
[2026-01-23 01:12:22,791][flwr][DEBUG] - fit_round 12 received 6 results and 0 failures
[2026-01-23 01:12:23,329][flwr][INFO] - fit progress: (12, 35727336.0, {'rmse': 5977.234812185314, 'mae': 3941.70361328125, 'r2': 0.715603232383728}, 170.29525158298202)
[2026-01-23 01:12:23,329][flwr][DEBUG] - evaluate_round 12: strategy sampled 6 clients (out of 12)
[2026-01-23 01:12:23,466][flwr][DEBUG] - evaluate_round 12 received 6 results and 0 failures
[2026-01-23 01:12:23,467][flwr][DEBUG] - fit_round 13: strategy sampled 6 clients (out of 12)
[2026-01-23 01:12:36,687][flwr][DEBUG] - fit_round 13 received 6 results and 0 failures
[2026-01-23 01:12:37,161][flwr][INFO] - fit progress: (13, 32777602.0, {'rmse': 5725.172661151802, 'mae': 3803.778076171875, 'r2': 0.7390837073326111}, 184.12743112497265)
[2026-01-23 01:12:37,162][flwr][DEBUG] - evaluate_round 13: strategy sampled 6 clients (out of 12)
[2026-01-23 01:12:37,524][flwr][DEBUG] - evaluate_round 13 received 6 results and 0 failures
[2026-01-23 01:12:37,525][flwr][DEBUG] - fit_round 14: strategy sampled 6 clients (out of 12)
[2026-01-23 01:12:50,700][flwr][DEBUG] - fit_round 14 received 6 results and 0 failures
[2026-01-23 01:12:51,185][flwr][INFO] - fit progress: (14, 29844054.0, {'rmse': 5462.971169610911, 'mae': 3659.51611328125, 'r2': 0.7624353170394897}, 198.15093583299313)
[2026-01-23 01:12:51,185][flwr][DEBUG] - evaluate_round 14: strategy sampled 6 clients (out of 12)
[2026-01-23 01:12:51,457][flwr][DEBUG] - evaluate_round 14 received 6 results and 0 failures
[2026-01-23 01:12:51,458][flwr][DEBUG] - fit_round 15: strategy sampled 6 clients (out of 12)
[2026-01-23 01:12:59,768][flwr][DEBUG] - fit_round 15 received 6 results and 0 failures
[2026-01-23 01:13:00,271][flwr][INFO] - fit progress: (15, 35154256.0, {'rmse': 5929.102461587251, 'mae': 3926.599609375, 'r2': 0.7201650738716125}, 207.23684462497476)
[2026-01-23 01:13:00,271][flwr][DEBUG] - evaluate_round 15: strategy sampled 6 clients (out of 12)
[2026-01-23 01:13:00,418][flwr][DEBUG] - evaluate_round 15 received 6 results and 0 failures
[2026-01-23 01:13:00,419][flwr][DEBUG] - fit_round 16: strategy sampled 6 clients (out of 12)
[2026-01-23 01:13:14,254][flwr][DEBUG] - fit_round 16 received 6 results and 0 failures
[2026-01-23 01:13:14,797][flwr][INFO] - fit progress: (16, 27137038.0, {'rmse': 5209.32222078842, 'mae': 3461.68994140625, 'r2': 0.7839837074279785}, 221.76295866596047)
[2026-01-23 01:13:14,797][flwr][DEBUG] - evaluate_round 16: strategy sampled 6 clients (out of 12)
[2026-01-23 01:13:14,993][flwr][DEBUG] - evaluate_round 16 received 6 results and 0 failures
[2026-01-23 01:13:14,994][flwr][DEBUG] - fit_round 17: strategy sampled 6 clients (out of 12)
[2026-01-23 01:13:28,163][flwr][DEBUG] - fit_round 17 received 6 results and 0 failures
[2026-01-23 01:13:28,653][flwr][INFO] - fit progress: (17, 30229314.0, {'rmse': 5498.119132939918, 'mae': 3644.096435546875, 'r2': 0.7593685984611511}, 235.61868395796046)
[2026-01-23 01:13:28,653][flwr][DEBUG] - evaluate_round 17: strategy sampled 6 clients (out of 12)
[2026-01-23 01:13:28,965][flwr][DEBUG] - evaluate_round 17 received 6 results and 0 failures
[2026-01-23 01:13:28,966][flwr][DEBUG] - fit_round 18: strategy sampled 6 clients (out of 12)
[2026-01-23 01:13:42,554][flwr][DEBUG] - fit_round 18 received 6 results and 0 failures
[2026-01-23 01:13:43,038][flwr][INFO] - fit progress: (18, 26226024.0, {'rmse': 5121.135030440029, 'mae': 3399.8583984375, 'r2': 0.7912355661392212}, 250.0039824579726)
[2026-01-23 01:13:43,039][flwr][DEBUG] - evaluate_round 18: strategy sampled 6 clients (out of 12)
[2026-01-23 01:13:43,211][flwr][DEBUG] - evaluate_round 18 received 6 results and 0 failures
[2026-01-23 01:13:43,212][flwr][DEBUG] - fit_round 19: strategy sampled 6 clients (out of 12)
[2026-01-23 01:13:56,588][flwr][DEBUG] - fit_round 19 received 6 results and 0 failures
[2026-01-23 01:13:57,061][flwr][INFO] - fit progress: (19, 28163676.0, {'rmse': 5306.946014422984, 'mae': 3494.766357421875, 'r2': 0.775811493396759}, 264.0263916659751)
[2026-01-23 01:13:57,061][flwr][DEBUG] - evaluate_round 19: strategy sampled 6 clients (out of 12)
[2026-01-23 01:13:57,186][flwr][DEBUG] - evaluate_round 19 received 6 results and 0 failures
[2026-01-23 01:13:57,186][flwr][DEBUG] - fit_round 20: strategy sampled 6 clients (out of 12)
[2026-01-23 01:14:10,762][flwr][DEBUG] - fit_round 20 received 6 results and 0 failures
[2026-01-23 01:14:11,298][flwr][INFO] - fit progress: (20, 25360120.0, {'rmse': 5035.883239313636, 'mae': 3352.823486328125, 'r2': 0.7981283664703369}, 278.2632739999681)
[2026-01-23 01:14:11,298][flwr][DEBUG] - evaluate_round 20: strategy sampled 6 clients (out of 12)
[2026-01-23 01:14:11,554][flwr][DEBUG] - evaluate_round 20 received 6 results and 0 failures
[2026-01-23 01:14:11,555][flwr][INFO] - FL finished in 278.52019454096444
[2026-01-23 01:14:11,555][flwr][INFO] - app_fit: losses_distributed [(1, 192313459.99554068), (2, 115265926.48510638), (3, 63526290.53694581), (4, 76286747.60655738), (5, 67551913.69710468), (6, 53399744.948090106), (7, 47063692.5077951), (8, 48791874.20725389), (9, 40424960.618395306), (10, 41763097.01381509), (11, 61288261.49358226), (12, 46358689.57933972), (13, 32137661.261984393), (14, 39001619.00816803), (15, 40909869.38206388), (16, 31229884.89955357), (17, 35725714.21380846), (18, 39815460.130813956), (19, 33072182.972160358), (20, 33266925.954545453)]
[2026-01-23 01:14:11,558][flwr][INFO] - app_fit: metrics_distributed_fit {}
[2026-01-23 01:14:11,558][flwr][INFO] - app_fit: metrics_distributed {}
[2026-01-23 01:14:11,558][flwr][INFO] - app_fit: losses_centralized [(0, 424474496.0), (1, 149957280.0), (2, 95199080.0), (3, 71812480.0), (4, 57664012.0), (5, 49752924.0), (6, 45419848.0), (7, 41113020.0), (8, 41059980.0), (9, 39296272.0), (10, 34402372.0), (11, 38322240.0), (12, 35727336.0), (13, 32777602.0), (14, 29844054.0), (15, 35154256.0), (16, 27137038.0), (17, 30229314.0), (18, 26226024.0), (19, 28163676.0), (20, 25360120.0)]
[2026-01-23 01:14:11,559][flwr][INFO] - app_fit: metrics_centralized {'rmse': [(0, 20602.778841699972), (1, 12245.704553025931), (2, 9757.001588602925), (3, 8474.224448290239), (4, 7593.682374184477), (5, 7053.57526365176), (6, 6739.424901280524), (7, 6411.943543107659), (8, 6407.80617684399), (9, 6268.673862947409), (10, 5865.353527282051), (11, 6190.495941360434), (12, 5977.234812185314), (13, 5725.172661151802), (14, 5462.971169610911), (15, 5929.102461587251), (16, 5209.32222078842), (17, 5498.119132939918), (18, 5121.135030440029), (19, 5306.946014422984), (20, 5035.883239313636)], 'mae': [(0, 18008.26953125), (1, 7608.79931640625), (2, 6358.26416015625), (3, 5597.7158203125), (4, 4977.517578125), (5, 4685.80322265625), (6, 4468.833984375), (7, 4269.96337890625), (8, 4309.3916015625), (9, 4189.3828125), (10, 3931.2802734375), (11, 4156.62939453125), (12, 3941.70361328125), (13, 3803.778076171875), (14, 3659.51611328125), (15, 3926.599609375), (16, 3461.68994140625), (17, 3644.096435546875), (18, 3399.8583984375), (19, 3494.766357421875), (20, 3352.823486328125)], 'r2': [(0, -2.3789021968841553), (1, -0.19369006156921387), (2, 0.24219626188278198), (3, 0.428358256816864), (4, 0.5409829020500183), (5, 0.6039567589759827), (6, 0.6384488940238953), (7, 0.6727321147918701), (8, 0.673154354095459), (9, 0.6871938109397888), (10, 0.7261502146720886), (11, 0.6949472427368164), (12, 0.715603232383728), (13, 0.7390837073326111), (14, 0.7624353170394897), (15, 0.7201650738716125), (16, 0.7839837074279785), (17, 0.7593685984611511), (18, 0.7912355661392212), (19, 0.775811493396759), (20, 0.7981283664703369)]}
[2026-01-23 01:14:11,562][flwr][INFO] - Starting Flower simulation, config: ServerConfig(num_rounds=20, round_timeout=None)
[2026-01-23 01:14:19,847][flwr][INFO] - Flower VCE: Ray initialized with resources: {'object_store_memory': 2147483648.0, 'CPU': 10.0, 'node:127.0.0.1': 1.0, 'memory': 12271110554.0}
[2026-01-23 01:14:19,847][flwr][INFO] - Initializing global parameters
[2026-01-23 01:14:19,847][flwr][INFO] - Requesting initial parameters from one random client
[2026-01-23 01:14:23,910][flwr][INFO] - Received initial parameters from one random client
[2026-01-23 01:14:23,910][flwr][INFO] - Evaluating initial parameters
[2026-01-23 01:14:24,402][flwr][INFO] - initial parameters (loss, other metrics): 291121952.0, {'rmse': 17062.29621123722, 'mae': 10895.072265625, 'r2': -1.3173892498016357}
[2026-01-23 01:14:24,402][flwr][INFO] - FL starting
[2026-01-23 01:14:24,403][flwr][DEBUG] - fit_round 1: strategy sampled 6 clients (out of 12)
[2026-01-23 01:14:44,768][flwr][DEBUG] - fit_round 1 received 6 results and 0 failures
[2026-01-23 01:14:44,778][flwr][WARNING] - No fit_metrics_aggregation_fn provided
[2026-01-23 01:14:45,341][flwr][INFO] - fit progress: (1, 80371952.0, {'rmse': 8965.040546478303, 'mae': 5790.92578125, 'r2': 0.3602231740951538}, 20.938435458985623)
[2026-01-23 01:14:45,341][flwr][DEBUG] - evaluate_round 1: strategy sampled 6 clients (out of 12)
[2026-01-23 01:14:45,742][flwr][DEBUG] - evaluate_round 1 received 6 results and 0 failures
[2026-01-23 01:14:45,742][flwr][WARNING] - No evaluate_metrics_aggregation_fn provided
[2026-01-23 01:14:45,743][flwr][DEBUG] - fit_round 2: strategy sampled 6 clients (out of 12)
[2026-01-23 01:15:00,818][flwr][DEBUG] - fit_round 2 received 6 results and 0 failures
[2026-01-23 01:15:01,286][flwr][INFO] - fit progress: (2, 56667156.0, {'rmse': 7527.759029086943, 'mae': 4852.4453125, 'r2': 0.5489180684089661}, 36.88329366699327)
[2026-01-23 01:15:01,286][flwr][DEBUG] - evaluate_round 2: strategy sampled 6 clients (out of 12)
[2026-01-23 01:15:01,585][flwr][DEBUG] - evaluate_round 2 received 6 results and 0 failures
[2026-01-23 01:15:01,586][flwr][DEBUG] - fit_round 3: strategy sampled 6 clients (out of 12)
[2026-01-23 01:15:17,465][flwr][DEBUG] - fit_round 3 received 6 results and 0 failures
[2026-01-23 01:15:17,944][flwr][INFO] - fit progress: (3, 44057196.0, {'rmse': 6637.559491258817, 'mae': 4479.5322265625, 'r2': 0.6492959260940552}, 53.54170191701269)
[2026-01-23 01:15:17,944][flwr][DEBUG] - evaluate_round 3: strategy sampled 6 clients (out of 12)
[2026-01-23 01:15:18,402][flwr][DEBUG] - evaluate_round 3 received 6 results and 0 failures
[2026-01-23 01:15:18,403][flwr][DEBUG] - fit_round 4: strategy sampled 6 clients (out of 12)
[2026-01-23 01:15:33,362][flwr][DEBUG] - fit_round 4 received 6 results and 0 failures
[2026-01-23 01:15:33,815][flwr][INFO] - fit progress: (4, 33719664.0, {'rmse': 5806.863525174326, 'mae': 3923.162841796875, 'r2': 0.7315846681594849}, 69.41267487499863)
[2026-01-23 01:15:33,815][flwr][DEBUG] - evaluate_round 4: strategy sampled 6 clients (out of 12)
[2026-01-23 01:15:34,236][flwr][DEBUG] - evaluate_round 4 received 6 results and 0 failures
[2026-01-23 01:15:34,237][flwr][DEBUG] - fit_round 5: strategy sampled 6 clients (out of 12)
[2026-01-23 01:15:47,851][flwr][DEBUG] - fit_round 5 received 6 results and 0 failures
[2026-01-23 01:15:48,334][flwr][INFO] - fit progress: (5, 34711836.0, {'rmse': 5891.675143793996, 'mae': 3977.424072265625, 'r2': 0.7236868143081665}, 83.93107041699113)
[2026-01-23 01:15:48,334][flwr][DEBUG] - evaluate_round 5: strategy sampled 6 clients (out of 12)
[2026-01-23 01:15:48,624][flwr][DEBUG] - evaluate_round 5 received 6 results and 0 failures
[2026-01-23 01:15:48,625][flwr][DEBUG] - fit_round 6: strategy sampled 6 clients (out of 12)
[2026-01-23 01:16:02,885][flwr][DEBUG] - fit_round 6 received 6 results and 0 failures
[2026-01-23 01:16:03,364][flwr][INFO] - fit progress: (6, 33565892.0, {'rmse': 5793.607856940268, 'mae': 3831.52490234375, 'r2': 0.7328087687492371}, 98.96131262497511)
[2026-01-23 01:16:03,364][flwr][DEBUG] - evaluate_round 6: strategy sampled 6 clients (out of 12)
[2026-01-23 01:16:03,702][flwr][DEBUG] - evaluate_round 6 received 6 results and 0 failures
[2026-01-23 01:16:03,702][flwr][DEBUG] - fit_round 7: strategy sampled 6 clients (out of 12)
[2026-01-23 01:16:18,884][flwr][DEBUG] - fit_round 7 received 6 results and 0 failures
[2026-01-23 01:16:19,453][flwr][INFO] - fit progress: (7, 32601186.0, {'rmse': 5709.744827923574, 'mae': 3736.910888671875, 'r2': 0.7404880523681641}, 115.05061808397295)
[2026-01-23 01:16:19,455][flwr][DEBUG] - evaluate_round 7: strategy sampled 6 clients (out of 12)
[2026-01-23 01:16:19,785][flwr][DEBUG] - evaluate_round 7 received 6 results and 0 failures
[2026-01-23 01:16:19,786][flwr][DEBUG] - fit_round 8: strategy sampled 6 clients (out of 12)
[2026-01-23 01:16:33,641][flwr][DEBUG] - fit_round 8 received 6 results and 0 failures
[2026-01-23 01:16:34,123][flwr][INFO] - fit progress: (8, 28233762.0, {'rmse': 5313.545144251623, 'mae': 3533.923095703125, 'r2': 0.7752535939216614}, 129.7200501249754)
[2026-01-23 01:16:34,123][flwr][DEBUG] - evaluate_round 8: strategy sampled 6 clients (out of 12)
[2026-01-23 01:16:34,438][flwr][DEBUG] - evaluate_round 8 received 6 results and 0 failures
[2026-01-23 01:16:34,439][flwr][DEBUG] - fit_round 9: strategy sampled 6 clients (out of 12)
[2026-01-23 01:16:42,821][flwr][DEBUG] - fit_round 9 received 6 results and 0 failures
[2026-01-23 01:16:43,340][flwr][INFO] - fit progress: (9, 28535884.0, {'rmse': 5341.8989133078885, 'mae': 3500.156982421875, 'r2': 0.7728486061096191}, 138.93624541698955)
[2026-01-23 01:16:43,340][flwr][DEBUG] - evaluate_round 9: strategy sampled 6 clients (out of 12)
[2026-01-23 01:16:43,452][flwr][DEBUG] - evaluate_round 9 received 6 results and 0 failures
[2026-01-23 01:16:43,453][flwr][DEBUG] - fit_round 10: strategy sampled 6 clients (out of 12)
[2026-01-23 01:16:56,509][flwr][DEBUG] - fit_round 10 received 6 results and 0 failures
[2026-01-23 01:16:57,037][flwr][INFO] - fit progress: (10, 28834350.0, {'rmse': 5369.7625645832795, 'mae': 3493.05322265625, 'r2': 0.7704727649688721}, 152.63056708400836)
[2026-01-23 01:16:57,037][flwr][DEBUG] - evaluate_round 10: strategy sampled 6 clients (out of 12)
[2026-01-23 01:16:57,208][flwr][DEBUG] - evaluate_round 10 received 6 results and 0 failures
[2026-01-23 01:16:57,209][flwr][DEBUG] - fit_round 11: strategy sampled 6 clients (out of 12)
[2026-01-23 01:17:10,519][flwr][DEBUG] - fit_round 11 received 6 results and 0 failures
[2026-01-23 01:17:10,975][flwr][INFO] - fit progress: (11, 28564870.0, {'rmse': 5344.611304856509, 'mae': 3504.097900390625, 'r2': 0.7726179361343384}, 166.56673345901072)
[2026-01-23 01:17:10,975][flwr][DEBUG] - evaluate_round 11: strategy sampled 6 clients (out of 12)
[2026-01-23 01:17:11,367][flwr][DEBUG] - evaluate_round 11 received 6 results and 0 failures
[2026-01-23 01:17:11,369][flwr][DEBUG] - fit_round 12: strategy sampled 6 clients (out of 12)
[2026-01-23 01:17:26,342][flwr][DEBUG] - fit_round 12 received 6 results and 0 failures
[2026-01-23 01:17:26,863][flwr][INFO] - fit progress: (12, 26787480.0, {'rmse': 5175.662276462791, 'mae': 3421.611572265625, 'r2': 0.7867662906646729}, 182.45441154198488)
[2026-01-23 01:17:26,864][flwr][DEBUG] - evaluate_round 12: strategy sampled 6 clients (out of 12)
[2026-01-23 01:17:27,217][flwr][DEBUG] - evaluate_round 12 received 6 results and 0 failures
[2026-01-23 01:17:27,218][flwr][DEBUG] - fit_round 13: strategy sampled 6 clients (out of 12)
[2026-01-23 01:17:40,533][flwr][DEBUG] - fit_round 13 received 6 results and 0 failures
[2026-01-23 01:17:41,045][flwr][INFO] - fit progress: (13, 24355942.0, {'rmse': 4935.173958433482, 'mae': 3305.68896484375, 'r2': 0.806121826171875}, 196.63654920901172)
[2026-01-23 01:17:41,046][flwr][DEBUG] - evaluate_round 13: strategy sampled 6 clients (out of 12)
[2026-01-23 01:17:41,318][flwr][DEBUG] - evaluate_round 13 received 6 results and 0 failures
[2026-01-23 01:17:41,318][flwr][DEBUG] - fit_round 14: strategy sampled 6 clients (out of 12)
[2026-01-23 01:17:54,669][flwr][DEBUG] - fit_round 14 received 6 results and 0 failures
[2026-01-23 01:17:55,154][flwr][INFO] - fit progress: (14, 25013920.0, {'rmse': 5001.3918062875255, 'mae': 3318.666748046875, 'r2': 0.8008841872215271}, 210.74542875000043)
[2026-01-23 01:17:55,155][flwr][DEBUG] - evaluate_round 14: strategy sampled 6 clients (out of 12)
[2026-01-23 01:17:55,450][flwr][DEBUG] - evaluate_round 14 received 6 results and 0 failures
[2026-01-23 01:17:55,451][flwr][DEBUG] - fit_round 15: strategy sampled 6 clients (out of 12)
[2026-01-23 01:18:08,803][flwr][DEBUG] - fit_round 15 received 6 results and 0 failures
[2026-01-23 01:18:09,316][flwr][INFO] - fit progress: (15, 34592372.0, {'rmse': 5881.528032747952, 'mae': 3746.7470703125, 'r2': 0.7246377468109131}, 224.9069972920115)
[2026-01-23 01:18:09,316][flwr][DEBUG] - evaluate_round 15: strategy sampled 6 clients (out of 12)
[2026-01-23 01:18:09,581][flwr][DEBUG] - evaluate_round 15 received 6 results and 0 failures
[2026-01-23 01:18:09,581][flwr][DEBUG] - fit_round 16: strategy sampled 6 clients (out of 12)
[2026-01-23 01:18:23,030][flwr][DEBUG] - fit_round 16 received 6 results and 0 failures
[2026-01-23 01:18:23,525][flwr][INFO] - fit progress: (16, 26483906.0, {'rmse': 5146.251645615476, 'mae': 3337.700439453125, 'r2': 0.7891827821731567}, 239.11631241702707)
[2026-01-23 01:18:23,526][flwr][DEBUG] - evaluate_round 16: strategy sampled 6 clients (out of 12)
[2026-01-23 01:18:23,746][flwr][DEBUG] - evaluate_round 16 received 6 results and 0 failures
[2026-01-23 01:18:23,747][flwr][DEBUG] - fit_round 17: strategy sampled 6 clients (out of 12)
[2026-01-23 01:18:37,141][flwr][DEBUG] - fit_round 17 received 6 results and 0 failures
[2026-01-23 01:18:37,645][flwr][INFO] - fit progress: (17, 27646238.0, {'rmse': 5257.96899952824, 'mae': 3353.9921875, 'r2': 0.7799304127693176}, 253.23619354201946)
[2026-01-23 01:18:37,647][flwr][DEBUG] - evaluate_round 17: strategy sampled 6 clients (out of 12)
[2026-01-23 01:18:37,887][flwr][DEBUG] - evaluate_round 17 received 6 results and 0 failures
[2026-01-23 01:18:37,888][flwr][DEBUG] - fit_round 18: strategy sampled 6 clients (out of 12)
[2026-01-23 01:18:51,283][flwr][DEBUG] - fit_round 18 received 6 results and 0 failures
[2026-01-23 01:18:51,753][flwr][INFO] - fit progress: (18, 26346692.0, {'rmse': 5132.902882385366, 'mae': 3312.919189453125, 'r2': 0.7902750372886658}, 267.3435371670057)
[2026-01-23 01:18:51,753][flwr][DEBUG] - evaluate_round 18: strategy sampled 6 clients (out of 12)
[2026-01-23 01:18:51,857][flwr][DEBUG] - evaluate_round 18 received 6 results and 0 failures
[2026-01-23 01:18:51,857][flwr][DEBUG] - fit_round 19: strategy sampled 6 clients (out of 12)
[2026-01-23 01:19:04,538][flwr][DEBUG] - fit_round 19 received 6 results and 0 failures
[2026-01-23 01:19:05,002][flwr][INFO] - fit progress: (19, 32570520.0, {'rmse': 5707.058787151224, 'mae': 3554.7236328125, 'r2': 0.7407321333885193}, 280.5928829589975)
[2026-01-23 01:19:05,003][flwr][DEBUG] - evaluate_round 19: strategy sampled 6 clients (out of 12)
[2026-01-23 01:19:05,179][flwr][DEBUG] - evaluate_round 19 received 6 results and 0 failures
[2026-01-23 01:19:05,180][flwr][DEBUG] - fit_round 20: strategy sampled 6 clients (out of 12)
[2026-01-23 01:19:18,246][flwr][DEBUG] - fit_round 20 received 6 results and 0 failures
[2026-01-23 01:19:18,737][flwr][INFO] - fit progress: (20, 23777040.0, {'rmse': 4876.170628679845, 'mae': 3142.232666015625, 'r2': 0.81072998046875}, 294.3270787500078)
[2026-01-23 01:19:18,737][flwr][DEBUG] - evaluate_round 20: strategy sampled 6 clients (out of 12)
[2026-01-23 01:19:18,919][flwr][DEBUG] - evaluate_round 20 received 6 results and 0 failures
[2026-01-23 01:19:18,919][flwr][INFO] - FL finished in 294.50940099998843
[2026-01-23 01:19:18,919][flwr][INFO] - app_fit: losses_distributed [(1, 78567188.30136986), (2, 86612222.80607477), (3, 59355675.51527495), (4, 30434641.964252118), (5, 51093219.625), (6, 38422366.0554371), (7, 43104636.02672606), (8, 35887323.51785714), (9, 28670061.617929563), (10, 31571847.34598214), (11, 43879907.64683053), (12, 32463522.389305815), (13, 36457442.04906542), (14, 32578156.966360856), (15, 43412821.646279305), (16, 35013686.37922987), (17, 50537721.044117644), (18, 33589800.81584822), (19, 33656735.01003344), (20, 40254526.19386503)]
[2026-01-23 01:19:18,919][flwr][INFO] - app_fit: metrics_distributed_fit {}
[2026-01-23 01:19:18,919][flwr][INFO] - app_fit: metrics_distributed {}
[2026-01-23 01:19:18,919][flwr][INFO] - app_fit: losses_centralized [(0, 291121952.0), (1, 80371952.0), (2, 56667156.0), (3, 44057196.0), (4, 33719664.0), (5, 34711836.0), (6, 33565892.0), (7, 32601186.0), (8, 28233762.0), (9, 28535884.0), (10, 28834350.0), (11, 28564870.0), (12, 26787480.0), (13, 24355942.0), (14, 25013920.0), (15, 34592372.0), (16, 26483906.0), (17, 27646238.0), (18, 26346692.0), (19, 32570520.0), (20, 23777040.0)]
[2026-01-23 01:19:18,919][flwr][INFO] - app_fit: metrics_centralized {'rmse': [(0, 17062.29621123722), (1, 8965.040546478303), (2, 7527.759029086943), (3, 6637.559491258817), (4, 5806.863525174326), (5, 5891.675143793996), (6, 5793.607856940268), (7, 5709.744827923574), (8, 5313.545144251623), (9, 5341.8989133078885), (10, 5369.7625645832795), (11, 5344.611304856509), (12, 5175.662276462791), (13, 4935.173958433482), (14, 5001.3918062875255), (15, 5881.528032747952), (16, 5146.251645615476), (17, 5257.96899952824), (18, 5132.902882385366), (19, 5707.058787151224), (20, 4876.170628679845)], 'mae': [(0, 10895.072265625), (1, 5790.92578125), (2, 4852.4453125), (3, 4479.5322265625), (4, 3923.162841796875), (5, 3977.424072265625), (6, 3831.52490234375), (7, 3736.910888671875), (8, 3533.923095703125), (9, 3500.156982421875), (10, 3493.05322265625), (11, 3504.097900390625), (12, 3421.611572265625), (13, 3305.68896484375), (14, 3318.666748046875), (15, 3746.7470703125), (16, 3337.700439453125), (17, 3353.9921875), (18, 3312.919189453125), (19, 3554.7236328125), (20, 3142.232666015625)], 'r2': [(0, -1.3173892498016357), (1, 0.3602231740951538), (2, 0.5489180684089661), (3, 0.6492959260940552), (4, 0.7315846681594849), (5, 0.7236868143081665), (6, 0.7328087687492371), (7, 0.7404880523681641), (8, 0.7752535939216614), (9, 0.7728486061096191), (10, 0.7704727649688721), (11, 0.7726179361343384), (12, 0.7867662906646729), (13, 0.806121826171875), (14, 0.8008841872215271), (15, 0.7246377468109131), (16, 0.7891827821731567), (17, 0.7799304127693176), (18, 0.7902750372886658), (19, 0.7407321333885193), (20, 0.81072998046875)]}
