[2025-12-31 16:34:17,464][flwr][INFO] - Starting Flower simulation, config: ServerConfig(num_rounds=10, round_timeout=None)
[2025-12-31 16:34:22,382][flwr][INFO] - Flower VCE: Ray initialized with resources: {'CPU': 10.0, 'object_store_memory': 2147483648.0, 'memory': 11990693479.0, 'node:127.0.0.1': 1.0}
[2025-12-31 16:34:22,383][flwr][INFO] - Initializing global parameters
[2025-12-31 16:34:22,383][flwr][INFO] - Requesting initial parameters from one random client
[2025-12-31 16:34:25,605][flwr][INFO] - Received initial parameters from one random client
[2025-12-31 16:34:25,605][flwr][INFO] - Evaluating initial parameters
[2025-12-31 16:34:25,683][flwr][INFO] - initial parameters (loss, other metrics): 68.04383897781372, {'accuracy': 0.4865}
[2025-12-31 16:34:25,683][flwr][INFO] - FL starting
[2025-12-31 16:34:25,683][flwr][DEBUG] - fit_round 1: strategy sampled 5 clients (out of 10)
[2025-12-31 16:34:29,286][flwr][DEBUG] - fit_round 1 received 5 results and 0 failures
[2025-12-31 16:34:29,292][flwr][WARNING] - No fit_metrics_aggregation_fn provided
[2025-12-31 16:34:29,328][flwr][INFO] - fit progress: (1, 54.935032069683075, {'accuracy': 0.525}, 3.6449986250372604)
[2025-12-31 16:34:29,328][flwr][DEBUG] - evaluate_round 1: strategy sampled 10 clients (out of 10)
[2025-12-31 16:34:29,800][flwr][DEBUG] - evaluate_round 1 received 10 results and 0 failures
[2025-12-31 16:34:29,800][flwr][WARNING] - No evaluate_metrics_aggregation_fn provided
[2025-12-31 16:34:29,801][flwr][DEBUG] - fit_round 2: strategy sampled 5 clients (out of 10)
[2025-12-31 16:34:30,362][flwr][DEBUG] - fit_round 2 received 5 results and 0 failures
[2025-12-31 16:34:30,400][flwr][INFO] - fit progress: (2, 55.52986812591553, {'accuracy': 0.425}, 4.717346625053324)
[2025-12-31 16:34:30,401][flwr][DEBUG] - evaluate_round 2: strategy sampled 10 clients (out of 10)
[2025-12-31 16:34:30,866][flwr][DEBUG] - evaluate_round 2 received 10 results and 0 failures
[2025-12-31 16:34:30,867][flwr][DEBUG] - fit_round 3: strategy sampled 5 clients (out of 10)
[2025-12-31 16:34:31,496][flwr][DEBUG] - fit_round 3 received 5 results and 0 failures
[2025-12-31 16:34:31,533][flwr][INFO] - fit progress: (3, 54.34215188026428, {'accuracy': 0.586}, 5.849766291095875)
[2025-12-31 16:34:31,533][flwr][DEBUG] - evaluate_round 3: strategy sampled 10 clients (out of 10)
[2025-12-31 16:34:31,977][flwr][DEBUG] - evaluate_round 3 received 10 results and 0 failures
[2025-12-31 16:34:31,977][flwr][DEBUG] - fit_round 4: strategy sampled 5 clients (out of 10)
[2025-12-31 16:34:32,625][flwr][DEBUG] - fit_round 4 received 5 results and 0 failures
[2025-12-31 16:34:32,663][flwr][INFO] - fit progress: (4, 49.16012746095657, {'accuracy': 0.5825}, 6.979587582987733)
[2025-12-31 16:34:32,663][flwr][DEBUG] - evaluate_round 4: strategy sampled 10 clients (out of 10)
[2025-12-31 16:34:33,111][flwr][DEBUG] - evaluate_round 4 received 10 results and 0 failures
[2025-12-31 16:34:33,111][flwr][DEBUG] - fit_round 5: strategy sampled 5 clients (out of 10)
[2025-12-31 16:34:33,746][flwr][DEBUG] - fit_round 5 received 5 results and 0 failures
[2025-12-31 16:34:33,782][flwr][INFO] - fit progress: (5, 51.83943301439285, {'accuracy': 0.445}, 8.099093791097403)
[2025-12-31 16:34:33,782][flwr][DEBUG] - evaluate_round 5: strategy sampled 10 clients (out of 10)
[2025-12-31 16:34:34,233][flwr][DEBUG] - evaluate_round 5 received 10 results and 0 failures
[2025-12-31 16:34:34,233][flwr][DEBUG] - fit_round 6: strategy sampled 5 clients (out of 10)
[2025-12-31 16:34:34,716][flwr][DEBUG] - fit_round 6 received 5 results and 0 failures
[2025-12-31 16:34:34,755][flwr][INFO] - fit progress: (6, 51.655429780483246, {'accuracy': 0.576}, 9.071466000052169)
[2025-12-31 16:34:34,755][flwr][DEBUG] - evaluate_round 6: strategy sampled 10 clients (out of 10)
[2025-12-31 16:34:35,207][flwr][DEBUG] - evaluate_round 6 received 10 results and 0 failures
[2025-12-31 16:34:35,207][flwr][DEBUG] - fit_round 7: strategy sampled 5 clients (out of 10)
[2025-12-31 16:34:35,705][flwr][DEBUG] - fit_round 7 received 5 results and 0 failures
[2025-12-31 16:34:35,740][flwr][INFO] - fit progress: (7, 51.790400087833405, {'accuracy': 0.5775}, 10.056618083035573)
[2025-12-31 16:34:35,740][flwr][DEBUG] - evaluate_round 7: strategy sampled 10 clients (out of 10)
[2025-12-31 16:34:36,191][flwr][DEBUG] - evaluate_round 7 received 10 results and 0 failures
[2025-12-31 16:34:36,192][flwr][DEBUG] - fit_round 8: strategy sampled 5 clients (out of 10)
[2025-12-31 16:34:36,823][flwr][DEBUG] - fit_round 8 received 5 results and 0 failures
[2025-12-31 16:34:36,861][flwr][INFO] - fit progress: (8, 50.79082506895065, {'accuracy': 0.5675}, 11.178005875088274)
[2025-12-31 16:34:36,861][flwr][DEBUG] - evaluate_round 8: strategy sampled 10 clients (out of 10)
[2025-12-31 16:34:37,316][flwr][DEBUG] - evaluate_round 8 received 10 results and 0 failures
[2025-12-31 16:34:37,317][flwr][DEBUG] - fit_round 9: strategy sampled 5 clients (out of 10)
[2025-12-31 16:34:37,938][flwr][DEBUG] - fit_round 9 received 5 results and 0 failures
[2025-12-31 16:34:37,974][flwr][INFO] - fit progress: (9, 47.45681047439575, {'accuracy': 0.584}, 12.290813875035383)
[2025-12-31 16:34:37,974][flwr][DEBUG] - evaluate_round 9: strategy sampled 10 clients (out of 10)
[2025-12-31 16:34:38,429][flwr][DEBUG] - evaluate_round 9 received 10 results and 0 failures
[2025-12-31 16:34:38,430][flwr][DEBUG] - fit_round 10: strategy sampled 5 clients (out of 10)
[2025-12-31 16:34:39,079][flwr][DEBUG] - fit_round 10 received 5 results and 0 failures
[2025-12-31 16:34:39,117][flwr][INFO] - fit progress: (10, 46.87916785478592, {'accuracy': 0.585}, 13.43406674999278)
[2025-12-31 16:34:39,117][flwr][DEBUG] - evaluate_round 10: strategy sampled 10 clients (out of 10)
[2025-12-31 16:34:39,571][flwr][DEBUG] - evaluate_round 10 received 10 results and 0 failures
[2025-12-31 16:34:39,571][flwr][INFO] - FL finished in 13.88829416607041
[2025-12-31 16:34:39,572][flwr][INFO] - app_fit: losses_distributed [(1, 9.671285146408426), (2, 9.329103393275759), (3, 10.039603515322161), (4, 8.639214086300152), (5, 8.822748746579736), (6, 9.367497491072811), (7, 9.352907552161257), (8, 8.753791188230753), (9, 8.23684323176036), (10, 8.170468289307564)]
[2025-12-31 16:34:39,572][flwr][INFO] - app_fit: metrics_distributed_fit {}
[2025-12-31 16:34:39,572][flwr][INFO] - app_fit: metrics_distributed {}
[2025-12-31 16:34:39,572][flwr][INFO] - app_fit: losses_centralized [(0, 68.04383897781372), (1, 54.935032069683075), (2, 55.52986812591553), (3, 54.34215188026428), (4, 49.16012746095657), (5, 51.83943301439285), (6, 51.655429780483246), (7, 51.790400087833405), (8, 50.79082506895065), (9, 47.45681047439575), (10, 46.87916785478592)]
[2025-12-31 16:34:39,572][flwr][INFO] - app_fit: metrics_centralized {'accuracy': [(0, 0.4865), (1, 0.525), (2, 0.425), (3, 0.586), (4, 0.5825), (5, 0.445), (6, 0.576), (7, 0.5775), (8, 0.5675), (9, 0.584), (10, 0.585)]}
