[2025-12-09 00:23:18,389][flwr][INFO] - Starting Flower simulation, config: ServerConfig(num_rounds=20, round_timeout=None)
[2025-12-09 00:23:23,149][flwr][INFO] - Flower VCE: Ray initialized with resources: {'CPU': 10.0, 'object_store_memory': 2147483648.0, 'memory': 11848837120.0, 'node:127.0.0.1': 1.0}
[2025-12-09 00:23:23,150][flwr][INFO] - Initializing global parameters
[2025-12-09 00:23:23,150][flwr][INFO] - Requesting initial parameters from one random client
[2025-12-09 00:23:25,426][flwr][INFO] - Received initial parameters from one random client
[2025-12-09 00:23:25,427][flwr][INFO] - Evaluating initial parameters
[2025-12-09 00:23:26,802][flwr][INFO] - initial parameters (loss, other metrics): 182.05412364006042, {'accuracy': 0.097}
[2025-12-09 00:23:26,802][flwr][INFO] - FL starting
[2025-12-09 00:23:26,803][flwr][DEBUG] - fit_round 1: strategy sampled 5 clients (out of 10)
[2025-12-09 00:23:45,675][flwr][DEBUG] - fit_round 1 received 5 results and 0 failures
[2025-12-09 00:23:45,680][flwr][WARNING] - No fit_metrics_aggregation_fn provided
[2025-12-09 00:23:47,076][flwr][INFO] - fit progress: (1, 101.63703143596649, {'accuracy': 0.6591}, 20.255839374964125)
[2025-12-09 00:23:47,076][flwr][DEBUG] - evaluate_round 1: strategy sampled 10 clients (out of 10)
[2025-12-09 00:23:48,639][flwr][DEBUG] - evaluate_round 1 received 10 results and 0 failures
[2025-12-09 00:23:48,641][flwr][WARNING] - No evaluate_metrics_aggregation_fn provided
[2025-12-09 00:23:48,642][flwr][DEBUG] - fit_round 2: strategy sampled 5 clients (out of 10)
[2025-12-09 00:24:05,706][flwr][DEBUG] - fit_round 2 received 5 results and 0 failures
[2025-12-09 00:24:07,126][flwr][INFO] - fit progress: (2, 37.960591703653336, {'accuracy': 0.8577}, 40.29830054094782)
[2025-12-09 00:24:07,127][flwr][DEBUG] - evaluate_round 2: strategy sampled 10 clients (out of 10)
[2025-12-09 00:24:07,777][flwr][DEBUG] - evaluate_round 2 received 10 results and 0 failures
[2025-12-09 00:24:07,778][flwr][DEBUG] - fit_round 3: strategy sampled 5 clients (out of 10)
[2025-12-09 00:24:24,029][flwr][DEBUG] - fit_round 3 received 5 results and 0 failures
[2025-12-09 00:24:25,466][flwr][INFO] - fit progress: (3, 17.285473899915814, {'accuracy': 0.9295}, 58.63578004098963)
[2025-12-09 00:24:25,466][flwr][DEBUG] - evaluate_round 3: strategy sampled 10 clients (out of 10)
[2025-12-09 00:24:26,343][flwr][DEBUG] - evaluate_round 3 received 10 results and 0 failures
[2025-12-09 00:24:26,343][flwr][DEBUG] - fit_round 4: strategy sampled 5 clients (out of 10)
[2025-12-09 00:24:42,290][flwr][DEBUG] - fit_round 4 received 5 results and 0 failures
[2025-12-09 00:24:43,601][flwr][INFO] - fit progress: (4, 31.294026594609022, {'accuracy': 0.8719}, 76.76980304095196)
[2025-12-09 00:24:43,601][flwr][DEBUG] - evaluate_round 4: strategy sampled 10 clients (out of 10)
[2025-12-09 00:24:44,196][flwr][DEBUG] - evaluate_round 4 received 10 results and 0 failures
[2025-12-09 00:24:44,197][flwr][DEBUG] - fit_round 5: strategy sampled 5 clients (out of 10)
[2025-12-09 00:25:01,023][flwr][DEBUG] - fit_round 5 received 5 results and 0 failures
[2025-12-09 00:25:02,363][flwr][INFO] - fit progress: (5, 12.764029625803232, {'accuracy': 0.951}, 95.53172229096526)
[2025-12-09 00:25:02,363][flwr][DEBUG] - evaluate_round 5: strategy sampled 10 clients (out of 10)
[2025-12-09 00:25:02,952][flwr][DEBUG] - evaluate_round 5 received 10 results and 0 failures
[2025-12-09 00:25:02,952][flwr][DEBUG] - fit_round 6: strategy sampled 5 clients (out of 10)
[2025-12-09 00:25:19,403][flwr][DEBUG] - fit_round 6 received 5 results and 0 failures
[2025-12-09 00:25:20,750][flwr][INFO] - fit progress: (6, 13.532241911627352, {'accuracy': 0.9496}, 113.91774395795073)
[2025-12-09 00:25:20,750][flwr][DEBUG] - evaluate_round 6: strategy sampled 10 clients (out of 10)
[2025-12-09 00:25:21,742][flwr][DEBUG] - evaluate_round 6 received 10 results and 0 failures
[2025-12-09 00:25:21,743][flwr][DEBUG] - fit_round 7: strategy sampled 5 clients (out of 10)
[2025-12-09 00:25:37,677][flwr][DEBUG] - fit_round 7 received 5 results and 0 failures
[2025-12-09 00:25:39,106][flwr][INFO] - fit progress: (7, 28.24076710641384, {'accuracy': 0.8855}, 132.27382554096403)
[2025-12-09 00:25:39,106][flwr][DEBUG] - evaluate_round 7: strategy sampled 10 clients (out of 10)
[2025-12-09 00:25:39,996][flwr][DEBUG] - evaluate_round 7 received 10 results and 0 failures
[2025-12-09 00:25:39,997][flwr][DEBUG] - fit_round 8: strategy sampled 5 clients (out of 10)
[2025-12-09 00:25:56,154][flwr][DEBUG] - fit_round 8 received 5 results and 0 failures
[2025-12-09 00:25:57,437][flwr][INFO] - fit progress: (8, 15.343510517966934, {'accuracy': 0.9534}, 150.6046697080019)
[2025-12-09 00:25:57,437][flwr][DEBUG] - evaluate_round 8: strategy sampled 10 clients (out of 10)
[2025-12-09 00:25:58,218][flwr][DEBUG] - evaluate_round 8 received 10 results and 0 failures
[2025-12-09 00:25:58,220][flwr][DEBUG] - fit_round 9: strategy sampled 5 clients (out of 10)
[2025-12-09 00:26:14,295][flwr][DEBUG] - fit_round 9 received 5 results and 0 failures
[2025-12-09 00:26:15,681][flwr][INFO] - fit progress: (9, 12.536120816133916, {'accuracy': 0.9535}, 168.8476347909891)
[2025-12-09 00:26:15,681][flwr][DEBUG] - evaluate_round 9: strategy sampled 10 clients (out of 10)
[2025-12-09 00:26:16,652][flwr][DEBUG] - evaluate_round 9 received 10 results and 0 failures
[2025-12-09 00:26:16,652][flwr][DEBUG] - fit_round 10: strategy sampled 5 clients (out of 10)
[2025-12-09 00:26:32,511][flwr][DEBUG] - fit_round 10 received 5 results and 0 failures
[2025-12-09 00:26:33,987][flwr][INFO] - fit progress: (10, 12.90814626275096, {'accuracy': 0.9568}, 187.1540260829497)
[2025-12-09 00:26:33,988][flwr][DEBUG] - evaluate_round 10: strategy sampled 10 clients (out of 10)
[2025-12-09 00:26:35,000][flwr][DEBUG] - evaluate_round 10 received 10 results and 0 failures
[2025-12-09 00:26:35,001][flwr][DEBUG] - fit_round 11: strategy sampled 5 clients (out of 10)
[2025-12-09 00:26:51,566][flwr][DEBUG] - fit_round 11 received 5 results and 0 failures
[2025-12-09 00:26:52,906][flwr][INFO] - fit progress: (11, 7.006982017133851, {'accuracy': 0.9772}, 206.07265945797553)
[2025-12-09 00:26:52,907][flwr][DEBUG] - evaluate_round 11: strategy sampled 10 clients (out of 10)
[2025-12-09 00:26:53,894][flwr][DEBUG] - evaluate_round 11 received 10 results and 0 failures
[2025-12-09 00:26:53,895][flwr][DEBUG] - fit_round 12: strategy sampled 5 clients (out of 10)
[2025-12-09 00:27:09,357][flwr][DEBUG] - fit_round 12 received 5 results and 0 failures
[2025-12-09 00:27:10,836][flwr][INFO] - fit progress: (12, 13.970763084478676, {'accuracy': 0.9459}, 224.00176587497117)
[2025-12-09 00:27:10,836][flwr][DEBUG] - evaluate_round 12: strategy sampled 10 clients (out of 10)
[2025-12-09 00:27:11,418][flwr][DEBUG] - evaluate_round 12 received 10 results and 0 failures
[2025-12-09 00:27:11,419][flwr][DEBUG] - fit_round 13: strategy sampled 5 clients (out of 10)
[2025-12-09 00:27:27,808][flwr][DEBUG] - fit_round 13 received 5 results and 0 failures
[2025-12-09 00:27:29,089][flwr][INFO] - fit progress: (13, 14.195876563200727, {'accuracy': 0.9529}, 242.25456516596023)
[2025-12-09 00:27:29,089][flwr][DEBUG] - evaluate_round 13: strategy sampled 10 clients (out of 10)
[2025-12-09 00:27:30,000][flwr][DEBUG] - evaluate_round 13 received 10 results and 0 failures
[2025-12-09 00:27:30,001][flwr][DEBUG] - fit_round 14: strategy sampled 5 clients (out of 10)
[2025-12-09 00:27:46,003][flwr][DEBUG] - fit_round 14 received 5 results and 0 failures
[2025-12-09 00:27:47,560][flwr][INFO] - fit progress: (14, 5.0774812893942, {'accuracy': 0.9824}, 260.72574037499726)
[2025-12-09 00:27:47,561][flwr][DEBUG] - evaluate_round 14: strategy sampled 10 clients (out of 10)
[2025-12-09 00:27:48,394][flwr][DEBUG] - evaluate_round 14 received 10 results and 0 failures
[2025-12-09 00:27:48,395][flwr][DEBUG] - fit_round 15: strategy sampled 5 clients (out of 10)
[2025-12-09 00:28:04,605][flwr][DEBUG] - fit_round 15 received 5 results and 0 failures
[2025-12-09 00:28:06,033][flwr][INFO] - fit progress: (15, 9.152350251679309, {'accuracy': 0.9738}, 279.19774954096647)
[2025-12-09 00:28:06,033][flwr][DEBUG] - evaluate_round 15: strategy sampled 10 clients (out of 10)
[2025-12-09 00:28:06,992][flwr][DEBUG] - evaluate_round 15 received 10 results and 0 failures
[2025-12-09 00:28:06,993][flwr][DEBUG] - fit_round 16: strategy sampled 5 clients (out of 10)
[2025-12-09 00:28:23,647][flwr][DEBUG] - fit_round 16 received 5 results and 0 failures
[2025-12-09 00:28:24,950][flwr][INFO] - fit progress: (16, 6.829611590412242, {'accuracy': 0.9795}, 298.1147843329818)
[2025-12-09 00:28:24,950][flwr][DEBUG] - evaluate_round 16: strategy sampled 10 clients (out of 10)
[2025-12-09 00:28:25,655][flwr][DEBUG] - evaluate_round 16 received 10 results and 0 failures
[2025-12-09 00:28:25,655][flwr][DEBUG] - fit_round 17: strategy sampled 5 clients (out of 10)
[2025-12-09 00:28:42,355][flwr][DEBUG] - fit_round 17 received 5 results and 0 failures
[2025-12-09 00:28:43,775][flwr][INFO] - fit progress: (17, 4.149033526111452, {'accuracy': 0.9868}, 316.93881629098905)
[2025-12-09 00:28:43,775][flwr][DEBUG] - evaluate_round 17: strategy sampled 10 clients (out of 10)
[2025-12-09 00:28:44,324][flwr][DEBUG] - evaluate_round 17 received 10 results and 0 failures
[2025-12-09 00:28:44,326][flwr][DEBUG] - fit_round 18: strategy sampled 5 clients (out of 10)
[2025-12-09 00:28:59,671][flwr][DEBUG] - fit_round 18 received 5 results and 0 failures
[2025-12-09 00:29:01,100][flwr][INFO] - fit progress: (18, 8.505145718634594, {'accuracy': 0.9713}, 334.2635379579733)
[2025-12-09 00:29:01,100][flwr][DEBUG] - evaluate_round 18: strategy sampled 10 clients (out of 10)
[2025-12-09 00:29:01,887][flwr][DEBUG] - evaluate_round 18 received 10 results and 0 failures
[2025-12-09 00:29:01,888][flwr][DEBUG] - fit_round 19: strategy sampled 5 clients (out of 10)
[2025-12-09 00:29:18,452][flwr][DEBUG] - fit_round 19 received 5 results and 0 failures
[2025-12-09 00:29:19,864][flwr][INFO] - fit progress: (19, 9.079233046504669, {'accuracy': 0.9711}, 353.02769166597864)
[2025-12-09 00:29:19,864][flwr][DEBUG] - evaluate_round 19: strategy sampled 10 clients (out of 10)
[2025-12-09 00:29:20,550][flwr][DEBUG] - evaluate_round 19 received 10 results and 0 failures
[2025-12-09 00:29:20,551][flwr][DEBUG] - fit_round 20: strategy sampled 5 clients (out of 10)
[2025-12-09 00:29:32,737][flwr][DEBUG] - fit_round 20 received 5 results and 0 failures
[2025-12-09 00:29:34,155][flwr][INFO] - fit progress: (20, 8.059701661375584, {'accuracy': 0.97}, 367.3186031659716)
[2025-12-09 00:29:34,156][flwr][DEBUG] - evaluate_round 20: strategy sampled 10 clients (out of 10)
[2025-12-09 00:29:34,785][flwr][DEBUG] - evaluate_round 20 received 10 results and 0 failures
[2025-12-09 00:29:34,786][flwr][INFO] - FL finished in 367.94883491599467
[2025-12-09 00:29:34,786][flwr][INFO] - app_fit: losses_distributed [(1, 41.93169506771702), (2, 14.321581852173134), (3, 7.280335693207605), (4, 13.747824000474255), (5, 5.9291627092084545), (6, 5.801994488390241), (7, 12.992416198919146), (8, 5.209710232085612), (9, 6.33206811510162), (10, 6.552543354789837), (11, 2.931046647421784), (12, 6.802824776202606), (13, 5.441776143841436), (14, 2.366663408442591), (15, 3.073401795567189), (16, 3.0332073635366372), (17, 1.9215487155086097), (18, 4.324179724025663), (19, 3.18713549259038), (20, 4.04067126465322)]
[2025-12-09 00:29:34,786][flwr][INFO] - app_fit: metrics_distributed_fit {}
[2025-12-09 00:29:34,786][flwr][INFO] - app_fit: metrics_distributed {}
[2025-12-09 00:29:34,786][flwr][INFO] - app_fit: losses_centralized [(0, 182.05412364006042), (1, 101.63703143596649), (2, 37.960591703653336), (3, 17.285473899915814), (4, 31.294026594609022), (5, 12.764029625803232), (6, 13.532241911627352), (7, 28.24076710641384), (8, 15.343510517966934), (9, 12.536120816133916), (10, 12.90814626275096), (11, 7.006982017133851), (12, 13.970763084478676), (13, 14.195876563200727), (14, 5.0774812893942), (15, 9.152350251679309), (16, 6.829611590412242), (17, 4.149033526111452), (18, 8.505145718634594), (19, 9.079233046504669), (20, 8.059701661375584)]
[2025-12-09 00:29:34,786][flwr][INFO] - app_fit: metrics_centralized {'accuracy': [(0, 0.097), (1, 0.6591), (2, 0.8577), (3, 0.9295), (4, 0.8719), (5, 0.951), (6, 0.9496), (7, 0.8855), (8, 0.9534), (9, 0.9535), (10, 0.9568), (11, 0.9772), (12, 0.9459), (13, 0.9529), (14, 0.9824), (15, 0.9738), (16, 0.9795), (17, 0.9868), (18, 0.9713), (19, 0.9711), (20, 0.97)]}
