[2026-01-23 11:40:07,263][flwr][INFO] - Starting Flower simulation, config: ServerConfig(num_rounds=20, round_timeout=None)
[2026-01-23 11:40:12,993][flwr][INFO] - Flower VCE: Ray initialized with resources: {'node:127.0.0.1': 1.0, 'memory': 11773597696.0, 'object_store_memory': 2147483648.0, 'CPU': 10.0}
[2026-01-23 11:40:12,994][flwr][INFO] - Initializing global parameters
[2026-01-23 11:40:12,994][flwr][INFO] - Requesting initial parameters from one random client
[2026-01-23 11:40:16,319][flwr][INFO] - Received initial parameters from one random client
[2026-01-23 11:40:16,319][flwr][INFO] - Evaluating initial parameters
[2026-01-23 11:40:17,245][flwr][INFO] - initial parameters (loss, other metrics): 1128233088.0, {'rmse': 33589.181115353196, 'mae': 23019.056640625, 'r2': -7.980960845947266}
[2026-01-23 11:40:17,246][flwr][INFO] - FL starting
[2026-01-23 11:40:17,246][flwr][DEBUG] - fit_round 1: strategy sampled 8 clients (out of 14)
[2026-01-23 11:40:27,233][flwr][DEBUG] - fit_round 1 received 8 results and 0 failures
[2026-01-23 11:40:27,244][flwr][WARNING] - No fit_metrics_aggregation_fn provided
[2026-01-23 11:40:27,683][flwr][INFO] - fit progress: (1, 100003896.0, {'rmse': 10000.194798102684, 'mae': 6992.76708984375, 'r2': 0.20394891500473022}, 10.437178707972635)
[2026-01-23 11:40:27,684][flwr][DEBUG] - evaluate_round 1: strategy sampled 8 clients (out of 14)
[2026-01-23 11:40:28,010][flwr][DEBUG] - evaluate_round 1 received 8 results and 0 failures
[2026-01-23 11:40:28,010][flwr][WARNING] - No evaluate_metrics_aggregation_fn provided
[2026-01-23 11:40:28,011][flwr][DEBUG] - fit_round 2: strategy sampled 8 clients (out of 14)
[2026-01-23 11:40:32,864][flwr][DEBUG] - fit_round 2 received 8 results and 0 failures
[2026-01-23 11:40:33,304][flwr][INFO] - fit progress: (2, 75612352.0, {'rmse': 8695.536326184832, 'mae': 6281.59912109375, 'r2': 0.398110568523407}, 16.05790362501284)
[2026-01-23 11:40:33,304][flwr][DEBUG] - evaluate_round 2: strategy sampled 8 clients (out of 14)
[2026-01-23 11:40:33,590][flwr][DEBUG] - evaluate_round 2 received 8 results and 0 failures
[2026-01-23 11:40:33,591][flwr][DEBUG] - fit_round 3: strategy sampled 8 clients (out of 14)
[2026-01-23 11:40:38,114][flwr][DEBUG] - fit_round 3 received 8 results and 0 failures
[2026-01-23 11:40:38,758][flwr][INFO] - fit progress: (3, 63956868.0, {'rmse': 7997.303795655133, 'mae': 5908.97412109375, 'r2': 0.4908905029296875}, 21.512281416973565)
[2026-01-23 11:40:38,758][flwr][DEBUG] - evaluate_round 3: strategy sampled 8 clients (out of 14)
[2026-01-23 11:40:39,052][flwr][DEBUG] - evaluate_round 3 received 8 results and 0 failures
[2026-01-23 11:40:39,053][flwr][DEBUG] - fit_round 4: strategy sampled 8 clients (out of 14)
[2026-01-23 11:40:43,791][flwr][DEBUG] - fit_round 4 received 8 results and 0 failures
[2026-01-23 11:40:44,217][flwr][INFO] - fit progress: (4, 53291380.0, {'rmse': 7300.094519936026, 'mae': 5388.994140625, 'r2': 0.5757899284362793}, 26.971456750005018)
[2026-01-23 11:40:44,218][flwr][DEBUG] - evaluate_round 4: strategy sampled 8 clients (out of 14)
[2026-01-23 11:40:44,509][flwr][DEBUG] - evaluate_round 4 received 8 results and 0 failures
[2026-01-23 11:40:44,510][flwr][DEBUG] - fit_round 5: strategy sampled 8 clients (out of 14)
[2026-01-23 11:40:49,229][flwr][DEBUG] - fit_round 5 received 8 results and 0 failures
[2026-01-23 11:40:49,629][flwr][INFO] - fit progress: (5, 46373600.0, {'rmse': 6809.816443928573, 'mae': 5042.07080078125, 'r2': 0.6308568716049194}, 32.38276200002292)
[2026-01-23 11:40:49,629][flwr][DEBUG] - evaluate_round 5: strategy sampled 8 clients (out of 14)
[2026-01-23 11:40:49,888][flwr][DEBUG] - evaluate_round 5 received 8 results and 0 failures
[2026-01-23 11:40:49,889][flwr][DEBUG] - fit_round 6: strategy sampled 8 clients (out of 14)
[2026-01-23 11:40:54,499][flwr][DEBUG] - fit_round 6 received 8 results and 0 failures
[2026-01-23 11:40:54,890][flwr][INFO] - fit progress: (6, 40627192.0, {'rmse': 6373.946344298797, 'mae': 4724.7607421875, 'r2': 0.676599383354187}, 37.643633666972164)
[2026-01-23 11:40:54,890][flwr][DEBUG] - evaluate_round 6: strategy sampled 8 clients (out of 14)
[2026-01-23 11:40:55,005][flwr][DEBUG] - evaluate_round 6 received 8 results and 0 failures
[2026-01-23 11:40:55,006][flwr][DEBUG] - fit_round 7: strategy sampled 8 clients (out of 14)
[2026-01-23 11:40:59,355][flwr][DEBUG] - fit_round 7 received 8 results and 0 failures
[2026-01-23 11:40:59,777][flwr][INFO] - fit progress: (7, 37010796.0, {'rmse': 6083.649891307027, 'mae': 4565.80322265625, 'r2': 0.7053866386413574}, 42.530902082973626)
[2026-01-23 11:40:59,777][flwr][DEBUG] - evaluate_round 7: strategy sampled 8 clients (out of 14)
[2026-01-23 11:40:59,997][flwr][DEBUG] - evaluate_round 7 received 8 results and 0 failures
[2026-01-23 11:40:59,998][flwr][DEBUG] - fit_round 8: strategy sampled 8 clients (out of 14)
[2026-01-23 11:41:04,248][flwr][DEBUG] - fit_round 8 received 8 results and 0 failures
[2026-01-23 11:41:04,630][flwr][INFO] - fit progress: (8, 39573600.0, {'rmse': 6290.755121605037, 'mae': 4650.31103515625, 'r2': 0.6849862337112427}, 47.384532457974274)
[2026-01-23 11:41:04,631][flwr][DEBUG] - evaluate_round 8: strategy sampled 8 clients (out of 14)
[2026-01-23 11:41:04,810][flwr][DEBUG] - evaluate_round 8 received 8 results and 0 failures
[2026-01-23 11:41:04,810][flwr][DEBUG] - fit_round 9: strategy sampled 8 clients (out of 14)
[2026-01-23 11:41:09,241][flwr][DEBUG] - fit_round 9 received 8 results and 0 failures
[2026-01-23 11:41:09,679][flwr][INFO] - fit progress: (9, 38170984.0, {'rmse': 6178.267070951207, 'mae': 4556.57421875, 'r2': 0.6961513161659241}, 52.4328992079827)
[2026-01-23 11:41:09,679][flwr][DEBUG] - evaluate_round 9: strategy sampled 8 clients (out of 14)
[2026-01-23 11:41:09,788][flwr][DEBUG] - evaluate_round 9 received 8 results and 0 failures
[2026-01-23 11:41:09,789][flwr][DEBUG] - fit_round 10: strategy sampled 8 clients (out of 14)
[2026-01-23 11:41:14,220][flwr][DEBUG] - fit_round 10 received 8 results and 0 failures
[2026-01-23 11:41:14,664][flwr][INFO] - fit progress: (10, 38186072.0, {'rmse': 6179.488004681294, 'mae': 4479.48095703125, 'r2': 0.6960312128067017}, 57.41837895801291)
[2026-01-23 11:41:14,665][flwr][DEBUG] - evaluate_round 10: strategy sampled 8 clients (out of 14)
[2026-01-23 11:41:14,827][flwr][DEBUG] - evaluate_round 10 received 8 results and 0 failures
[2026-01-23 11:41:14,828][flwr][DEBUG] - fit_round 11: strategy sampled 8 clients (out of 14)
[2026-01-23 11:41:19,635][flwr][DEBUG] - fit_round 11 received 8 results and 0 failures
[2026-01-23 11:41:20,018][flwr][INFO] - fit progress: (11, 35623812.0, {'rmse': 5968.568672638357, 'mae': 4362.8095703125, 'r2': 0.7164273262023926}, 62.76885074999882)
[2026-01-23 11:41:20,018][flwr][DEBUG] - evaluate_round 11: strategy sampled 8 clients (out of 14)
[2026-01-23 11:41:20,129][flwr][DEBUG] - evaluate_round 11 received 8 results and 0 failures
[2026-01-23 11:41:20,130][flwr][DEBUG] - fit_round 12: strategy sampled 8 clients (out of 14)
[2026-01-23 11:41:24,502][flwr][DEBUG] - fit_round 12 received 8 results and 0 failures
[2026-01-23 11:41:24,914][flwr][INFO] - fit progress: (12, 32741774.0, {'rmse': 5722.042817036587, 'mae': 4205.7900390625, 'r2': 0.7393689155578613}, 67.66087629197864)
[2026-01-23 11:41:24,914][flwr][DEBUG] - evaluate_round 12: strategy sampled 8 clients (out of 14)
[2026-01-23 11:41:25,042][flwr][DEBUG] - evaluate_round 12 received 8 results and 0 failures
[2026-01-23 11:41:25,043][flwr][DEBUG] - fit_round 13: strategy sampled 8 clients (out of 14)
[2026-01-23 11:41:29,791][flwr][DEBUG] - fit_round 13 received 8 results and 0 failures
[2026-01-23 11:41:30,218][flwr][INFO] - fit progress: (13, 31392674.0, {'rmse': 5602.916561934508, 'mae': 4091.9423828125, 'r2': 0.750108003616333}, 72.96201454201946)
[2026-01-23 11:41:30,218][flwr][DEBUG] - evaluate_round 13: strategy sampled 8 clients (out of 14)
[2026-01-23 11:41:30,336][flwr][DEBUG] - evaluate_round 13 received 8 results and 0 failures
[2026-01-23 11:41:30,336][flwr][DEBUG] - fit_round 14: strategy sampled 8 clients (out of 14)
[2026-01-23 11:41:34,589][flwr][DEBUG] - fit_round 14 received 8 results and 0 failures
[2026-01-23 11:41:34,981][flwr][INFO] - fit progress: (14, 32333386.0, {'rmse': 5686.245334137457, 'mae': 4164.3642578125, 'r2': 0.7426197528839111}, 77.72373579198029)
[2026-01-23 11:41:34,982][flwr][DEBUG] - evaluate_round 14: strategy sampled 8 clients (out of 14)
[2026-01-23 11:41:35,112][flwr][DEBUG] - evaluate_round 14 received 8 results and 0 failures
[2026-01-23 11:41:35,113][flwr][DEBUG] - fit_round 15: strategy sampled 8 clients (out of 14)
[2026-01-23 11:41:39,379][flwr][DEBUG] - fit_round 15 received 8 results and 0 failures
[2026-01-23 11:41:39,793][flwr][INFO] - fit progress: (15, 31312596.0, {'rmse': 5595.765899320664, 'mae': 4069.810546875, 'r2': 0.750745415687561}, 82.53416279196972)
[2026-01-23 11:41:39,794][flwr][DEBUG] - evaluate_round 15: strategy sampled 8 clients (out of 14)
[2026-01-23 11:41:39,893][flwr][DEBUG] - evaluate_round 15 received 8 results and 0 failures
[2026-01-23 11:41:39,894][flwr][DEBUG] - fit_round 16: strategy sampled 8 clients (out of 14)
[2026-01-23 11:41:44,184][flwr][DEBUG] - fit_round 16 received 8 results and 0 failures
[2026-01-23 11:41:44,588][flwr][INFO] - fit progress: (16, 29965358.0, {'rmse': 5474.062294128557, 'mae': 3940.943115234375, 'r2': 0.7614697217941284}, 87.32743370800745)
[2026-01-23 11:41:44,588][flwr][DEBUG] - evaluate_round 16: strategy sampled 8 clients (out of 14)
[2026-01-23 11:41:44,681][flwr][DEBUG] - evaluate_round 16 received 8 results and 0 failures
[2026-01-23 11:41:44,681][flwr][DEBUG] - fit_round 17: strategy sampled 8 clients (out of 14)
[2026-01-23 11:41:49,324][flwr][DEBUG] - fit_round 17 received 8 results and 0 failures
[2026-01-23 11:41:49,752][flwr][INFO] - fit progress: (17, 31834914.0, {'rmse': 5642.243702641707, 'mae': 4015.5205078125, 'r2': 0.7465876936912537}, 92.49086204200285)
[2026-01-23 11:41:49,752][flwr][DEBUG] - evaluate_round 17: strategy sampled 8 clients (out of 14)
[2026-01-23 11:41:49,874][flwr][DEBUG] - evaluate_round 17 received 8 results and 0 failures
[2026-01-23 11:41:49,875][flwr][DEBUG] - fit_round 18: strategy sampled 8 clients (out of 14)
[2026-01-23 11:41:54,123][flwr][DEBUG] - fit_round 18 received 8 results and 0 failures
[2026-01-23 11:41:54,534][flwr][INFO] - fit progress: (18, 31049558.0, {'rmse': 5572.21302536075, 'mae': 3982.001220703125, 'r2': 0.7528393268585205}, 97.2721939579933)
[2026-01-23 11:41:54,534][flwr][DEBUG] - evaluate_round 18: strategy sampled 8 clients (out of 14)
[2026-01-23 11:41:54,656][flwr][DEBUG] - evaluate_round 18 received 8 results and 0 failures
[2026-01-23 11:41:54,656][flwr][DEBUG] - fit_round 19: strategy sampled 8 clients (out of 14)
[2026-01-23 11:41:58,880][flwr][DEBUG] - fit_round 19 received 8 results and 0 failures
[2026-01-23 11:41:59,265][flwr][INFO] - fit progress: (19, 26753444.0, {'rmse': 5172.373149725376, 'mae': 3726.839599609375, 'r2': 0.7870372533798218}, 102.00312299997313)
[2026-01-23 11:41:59,265][flwr][DEBUG] - evaluate_round 19: strategy sampled 8 clients (out of 14)
[2026-01-23 11:41:59,381][flwr][DEBUG] - evaluate_round 19 received 8 results and 0 failures
[2026-01-23 11:41:59,382][flwr][DEBUG] - fit_round 20: strategy sampled 8 clients (out of 14)
[2026-01-23 11:42:03,635][flwr][DEBUG] - fit_round 20 received 8 results and 0 failures
[2026-01-23 11:42:04,032][flwr][INFO] - fit progress: (20, 26055684.0, {'rmse': 5104.476858601673, 'mae': 3683.0, 'r2': 0.7925915122032166}, 106.77002920798259)
[2026-01-23 11:42:04,033][flwr][DEBUG] - evaluate_round 20: strategy sampled 8 clients (out of 14)
[2026-01-23 11:42:04,160][flwr][DEBUG] - evaluate_round 20 received 8 results and 0 failures
[2026-01-23 11:42:04,160][flwr][INFO] - FL finished in 106.89750741701573
[2026-01-23 11:42:04,161][flwr][INFO] - app_fit: losses_distributed [(1, 94308054.79681274), (2, 68276780.79310344), (3, 57445082.56680162), (4, 52826396.085020244), (5, 44492139.988372095), (6, 38401202.1752988), (7, 34980716.434944235), (8, 37868570.69847328), (9, 35268023.518518515), (10, 37542209.43724696), (11, 33456465.04048583), (12, 28058742.19494585), (13, 31483758.888446216), (14, 34986247.118644066), (15, 28692701.596899226), (16, 29516437.825581394), (17, 36147021.30508474), (18, 32001990.442231074), (19, 28574326.63362069), (20, 25401538.79527559)]
[2026-01-23 11:42:04,161][flwr][INFO] - app_fit: metrics_distributed_fit {}
[2026-01-23 11:42:04,161][flwr][INFO] - app_fit: metrics_distributed {}
[2026-01-23 11:42:04,161][flwr][INFO] - app_fit: losses_centralized [(0, 1128233088.0), (1, 100003896.0), (2, 75612352.0), (3, 63956868.0), (4, 53291380.0), (5, 46373600.0), (6, 40627192.0), (7, 37010796.0), (8, 39573600.0), (9, 38170984.0), (10, 38186072.0), (11, 35623812.0), (12, 32741774.0), (13, 31392674.0), (14, 32333386.0), (15, 31312596.0), (16, 29965358.0), (17, 31834914.0), (18, 31049558.0), (19, 26753444.0), (20, 26055684.0)]
[2026-01-23 11:42:04,161][flwr][INFO] - app_fit: metrics_centralized {'rmse': [(0, 33589.181115353196), (1, 10000.194798102684), (2, 8695.536326184832), (3, 7997.303795655133), (4, 7300.094519936026), (5, 6809.816443928573), (6, 6373.946344298797), (7, 6083.649891307027), (8, 6290.755121605037), (9, 6178.267070951207), (10, 6179.488004681294), (11, 5968.568672638357), (12, 5722.042817036587), (13, 5602.916561934508), (14, 5686.245334137457), (15, 5595.765899320664), (16, 5474.062294128557), (17, 5642.243702641707), (18, 5572.21302536075), (19, 5172.373149725376), (20, 5104.476858601673)], 'mae': [(0, 23019.056640625), (1, 6992.76708984375), (2, 6281.59912109375), (3, 5908.97412109375), (4, 5388.994140625), (5, 5042.07080078125), (6, 4724.7607421875), (7, 4565.80322265625), (8, 4650.31103515625), (9, 4556.57421875), (10, 4479.48095703125), (11, 4362.8095703125), (12, 4205.7900390625), (13, 4091.9423828125), (14, 4164.3642578125), (15, 4069.810546875), (16, 3940.943115234375), (17, 4015.5205078125), (18, 3982.001220703125), (19, 3726.839599609375), (20, 3683.0)], 'r2': [(0, -7.980960845947266), (1, 0.20394891500473022), (2, 0.398110568523407), (3, 0.4908905029296875), (4, 0.5757899284362793), (5, 0.6308568716049194), (6, 0.676599383354187), (7, 0.7053866386413574), (8, 0.6849862337112427), (9, 0.6961513161659241), (10, 0.6960312128067017), (11, 0.7164273262023926), (12, 0.7393689155578613), (13, 0.750108003616333), (14, 0.7426197528839111), (15, 0.750745415687561), (16, 0.7614697217941284), (17, 0.7465876936912537), (18, 0.7528393268585205), (19, 0.7870372533798218), (20, 0.7925915122032166)]}
[2026-01-23 11:42:04,165][flwr][INFO] - Starting Flower simulation, config: ServerConfig(num_rounds=20, round_timeout=None)
[2026-01-23 11:42:11,642][flwr][INFO] - Flower VCE: Ray initialized with resources: {'object_store_memory': 2147483648.0, 'memory': 12503353754.0, 'node:127.0.0.1': 1.0, 'CPU': 10.0}
[2026-01-23 11:42:11,643][flwr][INFO] - Initializing global parameters
[2026-01-23 11:42:11,643][flwr][INFO] - Requesting initial parameters from one random client
[2026-01-23 11:42:15,188][flwr][INFO] - Received initial parameters from one random client
[2026-01-23 11:42:15,189][flwr][INFO] - Evaluating initial parameters
[2026-01-23 11:42:15,579][flwr][INFO] - initial parameters (loss, other metrics): 832719552.0, {'rmse': 28856.88049668571, 'mae': 20693.6875, 'r2': -5.62861442565918}
[2026-01-23 11:42:15,579][flwr][INFO] - FL starting
[2026-01-23 11:42:15,581][flwr][DEBUG] - fit_round 1: strategy sampled 8 clients (out of 14)
[2026-01-23 11:42:25,003][flwr][DEBUG] - fit_round 1 received 8 results and 0 failures
[2026-01-23 11:42:25,012][flwr][WARNING] - No fit_metrics_aggregation_fn provided
[2026-01-23 11:42:25,441][flwr][INFO] - fit progress: (1, 141058240.0, {'rmse': 11876.794180249146, 'mae': 9165.2587890625, 'r2': -0.12285196781158447}, 9.861513459007256)
[2026-01-23 11:42:25,442][flwr][DEBUG] - evaluate_round 1: strategy sampled 8 clients (out of 14)
[2026-01-23 11:42:25,802][flwr][DEBUG] - evaluate_round 1 received 8 results and 0 failures
[2026-01-23 11:42:25,802][flwr][WARNING] - No evaluate_metrics_aggregation_fn provided
[2026-01-23 11:42:25,803][flwr][DEBUG] - fit_round 2: strategy sampled 8 clients (out of 14)
[2026-01-23 11:42:30,922][flwr][DEBUG] - fit_round 2 received 8 results and 0 failures
[2026-01-23 11:42:31,308][flwr][INFO] - fit progress: (2, 103432408.0, {'rmse': 10170.172466580889, 'mae': 7461.5029296875, 'r2': 0.1766573190689087}, 15.72819208400324)
[2026-01-23 11:42:31,308][flwr][DEBUG] - evaluate_round 2: strategy sampled 8 clients (out of 14)
[2026-01-23 11:42:31,540][flwr][DEBUG] - evaluate_round 2 received 8 results and 0 failures
[2026-01-23 11:42:31,541][flwr][DEBUG] - fit_round 3: strategy sampled 8 clients (out of 14)
[2026-01-23 11:42:36,086][flwr][DEBUG] - fit_round 3 received 8 results and 0 failures
[2026-01-23 11:42:36,480][flwr][INFO] - fit progress: (3, 83135752.0, {'rmse': 9117.880894155176, 'mae': 6455.23828125, 'r2': 0.3382227420806885}, 20.89986804203363)
[2026-01-23 11:42:36,480][flwr][DEBUG] - evaluate_round 3: strategy sampled 8 clients (out of 14)
[2026-01-23 11:42:36,757][flwr][DEBUG] - evaluate_round 3 received 8 results and 0 failures
[2026-01-23 11:42:36,759][flwr][DEBUG] - fit_round 4: strategy sampled 8 clients (out of 14)
[2026-01-23 11:42:41,143][flwr][DEBUG] - fit_round 4 received 8 results and 0 failures
[2026-01-23 11:42:41,528][flwr][INFO] - fit progress: (4, 70502728.0, {'rmse': 8396.590260337824, 'mae': 5742.84521484375, 'r2': 0.438784122467041}, 25.948708417010494)
[2026-01-23 11:42:41,529][flwr][DEBUG] - evaluate_round 4: strategy sampled 8 clients (out of 14)
[2026-01-23 11:42:41,748][flwr][DEBUG] - evaluate_round 4 received 8 results and 0 failures
[2026-01-23 11:42:41,748][flwr][DEBUG] - fit_round 5: strategy sampled 8 clients (out of 14)
[2026-01-23 11:42:46,921][flwr][DEBUG] - fit_round 5 received 8 results and 0 failures
[2026-01-23 11:42:47,319][flwr][INFO] - fit progress: (5, 57476512.0, {'rmse': 7581.326533001992, 'mae': 5124.361328125, 'r2': 0.5424754619598389}, 31.739506542042363)
[2026-01-23 11:42:47,320][flwr][DEBUG] - evaluate_round 5: strategy sampled 8 clients (out of 14)
[2026-01-23 11:42:47,555][flwr][DEBUG] - evaluate_round 5 received 8 results and 0 failures
[2026-01-23 11:42:47,557][flwr][DEBUG] - fit_round 6: strategy sampled 8 clients (out of 14)
[2026-01-23 11:42:51,766][flwr][DEBUG] - fit_round 6 received 8 results and 0 failures
[2026-01-23 11:42:52,136][flwr][INFO] - fit progress: (6, 54434888.0, {'rmse': 7378.000271076167, 'mae': 4945.4638671875, 'r2': 0.5666873455047607}, 36.556242167018354)
[2026-01-23 11:42:52,136][flwr][DEBUG] - evaluate_round 6: strategy sampled 8 clients (out of 14)
[2026-01-23 11:42:52,341][flwr][DEBUG] - evaluate_round 6 received 8 results and 0 failures
[2026-01-23 11:42:52,342][flwr][DEBUG] - fit_round 7: strategy sampled 8 clients (out of 14)
[2026-01-23 11:42:56,553][flwr][DEBUG] - fit_round 7 received 8 results and 0 failures
[2026-01-23 11:42:56,947][flwr][INFO] - fit progress: (7, 47018280.0, {'rmse': 6856.987676815527, 'mae': 4625.79296875, 'r2': 0.6257250308990479}, 41.36665050004376)
[2026-01-23 11:42:56,947][flwr][DEBUG] - evaluate_round 7: strategy sampled 8 clients (out of 14)
[2026-01-23 11:42:57,149][flwr][DEBUG] - evaluate_round 7 received 8 results and 0 failures
[2026-01-23 11:42:57,150][flwr][DEBUG] - fit_round 8: strategy sampled 8 clients (out of 14)
[2026-01-23 11:43:01,352][flwr][DEBUG] - fit_round 8 received 8 results and 0 failures
[2026-01-23 11:43:01,742][flwr][INFO] - fit progress: (8, 43143716.0, {'rmse': 6568.387625589708, 'mae': 4462.76220703125, 'r2': 0.6565673351287842}, 46.16239466704428)
[2026-01-23 11:43:01,743][flwr][DEBUG] - evaluate_round 8: strategy sampled 8 clients (out of 14)
[2026-01-23 11:43:01,842][flwr][DEBUG] - evaluate_round 8 received 8 results and 0 failures
[2026-01-23 11:43:01,843][flwr][DEBUG] - fit_round 9: strategy sampled 8 clients (out of 14)
[2026-01-23 11:43:06,055][flwr][DEBUG] - fit_round 9 received 8 results and 0 failures
[2026-01-23 11:43:06,440][flwr][INFO] - fit progress: (9, 44114872.0, {'rmse': 6641.902739426407, 'mae': 4462.44580078125, 'r2': 0.6488367915153503}, 50.85952266701497)
[2026-01-23 11:43:06,440][flwr][DEBUG] - evaluate_round 9: strategy sampled 8 clients (out of 14)
[2026-01-23 11:43:06,667][flwr][DEBUG] - evaluate_round 9 received 8 results and 0 failures
[2026-01-23 11:43:06,669][flwr][DEBUG] - fit_round 10: strategy sampled 8 clients (out of 14)
[2026-01-23 11:43:11,294][flwr][DEBUG] - fit_round 10 received 8 results and 0 failures
[2026-01-23 11:43:11,727][flwr][INFO] - fit progress: (10, 42874848.0, {'rmse': 6547.888820070176, 'mae': 4390.02685546875, 'r2': 0.6587076187133789}, 56.1471767090261)
[2026-01-23 11:43:11,728][flwr][DEBUG] - evaluate_round 10: strategy sampled 8 clients (out of 14)
[2026-01-23 11:43:11,885][flwr][DEBUG] - evaluate_round 10 received 8 results and 0 failures
[2026-01-23 11:43:11,885][flwr][DEBUG] - fit_round 11: strategy sampled 8 clients (out of 14)
[2026-01-23 11:43:16,977][flwr][DEBUG] - fit_round 11 received 8 results and 0 failures
[2026-01-23 11:43:17,389][flwr][INFO] - fit progress: (11, 37677680.0, {'rmse': 6138.214724168583, 'mae': 4203.720703125, 'r2': 0.7000781297683716}, 61.80850779201137)
[2026-01-23 11:43:17,389][flwr][DEBUG] - evaluate_round 11: strategy sampled 8 clients (out of 14)
[2026-01-23 11:43:17,684][flwr][DEBUG] - evaluate_round 11 received 8 results and 0 failures
[2026-01-23 11:43:17,686][flwr][DEBUG] - fit_round 12: strategy sampled 8 clients (out of 14)
[2026-01-23 11:43:22,264][flwr][DEBUG] - fit_round 12 received 8 results and 0 failures
[2026-01-23 11:43:22,655][flwr][INFO] - fit progress: (12, 38248456.0, {'rmse': 6184.533612165108, 'mae': 4201.8798828125, 'r2': 0.6955345869064331}, 67.07512175000738)
[2026-01-23 11:43:22,656][flwr][DEBUG] - evaluate_round 12: strategy sampled 8 clients (out of 14)
[2026-01-23 11:43:22,783][flwr][DEBUG] - evaluate_round 12 received 8 results and 0 failures
[2026-01-23 11:43:22,783][flwr][DEBUG] - fit_round 13: strategy sampled 8 clients (out of 14)
[2026-01-23 11:43:27,053][flwr][DEBUG] - fit_round 13 received 8 results and 0 failures
[2026-01-23 11:43:27,434][flwr][INFO] - fit progress: (13, 37087680.0, {'rmse': 6089.965517143754, 'mae': 4144.47119140625, 'r2': 0.7047746181488037}, 71.85420583403902)
[2026-01-23 11:43:27,435][flwr][DEBUG] - evaluate_round 13: strategy sampled 8 clients (out of 14)
[2026-01-23 11:43:27,656][flwr][DEBUG] - evaluate_round 13 received 8 results and 0 failures
[2026-01-23 11:43:27,657][flwr][DEBUG] - fit_round 14: strategy sampled 8 clients (out of 14)
[2026-01-23 11:43:31,922][flwr][DEBUG] - fit_round 14 received 8 results and 0 failures
[2026-01-23 11:43:32,318][flwr][INFO] - fit progress: (14, 38701512.0, {'rmse': 6221.053930002536, 'mae': 4202.83984375, 'r2': 0.6919282078742981}, 76.73773570900084)
[2026-01-23 11:43:32,318][flwr][DEBUG] - evaluate_round 14: strategy sampled 8 clients (out of 14)
[2026-01-23 11:43:32,528][flwr][DEBUG] - evaluate_round 14 received 8 results and 0 failures
[2026-01-23 11:43:32,529][flwr][DEBUG] - fit_round 15: strategy sampled 8 clients (out of 14)
[2026-01-23 11:43:36,779][flwr][DEBUG] - fit_round 15 received 8 results and 0 failures
[2026-01-23 11:43:37,165][flwr][INFO] - fit progress: (15, 34785348.0, {'rmse': 5897.910477448771, 'mae': 4030.158447265625, 'r2': 0.7231016159057617}, 81.58512887504185)
[2026-01-23 11:43:37,166][flwr][DEBUG] - evaluate_round 15: strategy sampled 8 clients (out of 14)
[2026-01-23 11:43:37,256][flwr][DEBUG] - evaluate_round 15 received 8 results and 0 failures
[2026-01-23 11:43:37,257][flwr][DEBUG] - fit_round 16: strategy sampled 8 clients (out of 14)
[2026-01-23 11:43:41,510][flwr][DEBUG] - fit_round 16 received 8 results and 0 failures
[2026-01-23 11:43:42,146][flwr][INFO] - fit progress: (16, 33384112.0, {'rmse': 5777.8985799337115, 'mae': 3965.80859375, 'r2': 0.7342557907104492}, 86.56609829200897)
[2026-01-23 11:43:42,147][flwr][DEBUG] - evaluate_round 16: strategy sampled 8 clients (out of 14)
[2026-01-23 11:43:42,314][flwr][DEBUG] - evaluate_round 16 received 8 results and 0 failures
[2026-01-23 11:43:42,315][flwr][DEBUG] - fit_round 17: strategy sampled 8 clients (out of 14)
[2026-01-23 11:43:46,653][flwr][DEBUG] - fit_round 17 received 8 results and 0 failures
[2026-01-23 11:43:47,080][flwr][INFO] - fit progress: (17, 32993336.0, {'rmse': 5743.982590502865, 'mae': 3933.2919921875, 'r2': 0.7373664379119873}, 91.499432584038)
[2026-01-23 11:43:47,080][flwr][DEBUG] - evaluate_round 17: strategy sampled 8 clients (out of 14)
[2026-01-23 11:43:47,188][flwr][DEBUG] - evaluate_round 17 received 8 results and 0 failures
[2026-01-23 11:43:47,189][flwr][DEBUG] - fit_round 18: strategy sampled 8 clients (out of 14)
[2026-01-23 11:43:51,723][flwr][DEBUG] - fit_round 18 received 8 results and 0 failures
[2026-01-23 11:43:52,140][flwr][INFO] - fit progress: (18, 33952664.0, {'rmse': 5826.891452567141, 'mae': 3974.93603515625, 'r2': 0.7297300100326538}, 96.55944829201326)
[2026-01-23 11:43:52,140][flwr][DEBUG] - evaluate_round 18: strategy sampled 8 clients (out of 14)
[2026-01-23 11:43:52,265][flwr][DEBUG] - evaluate_round 18 received 8 results and 0 failures
[2026-01-23 11:43:52,266][flwr][DEBUG] - fit_round 19: strategy sampled 8 clients (out of 14)
[2026-01-23 11:43:56,524][flwr][DEBUG] - fit_round 19 received 8 results and 0 failures
[2026-01-23 11:43:56,917][flwr][INFO] - fit progress: (19, 32098396.0, {'rmse': 5665.544634013574, 'mae': 3880.468017578125, 'r2': 0.7444903254508972}, 101.33650566701544)
[2026-01-23 11:43:56,917][flwr][DEBUG] - evaluate_round 19: strategy sampled 8 clients (out of 14)
[2026-01-23 11:43:57,013][flwr][DEBUG] - evaluate_round 19 received 8 results and 0 failures
[2026-01-23 11:43:57,014][flwr][DEBUG] - fit_round 20: strategy sampled 8 clients (out of 14)
[2026-01-23 11:44:01,237][flwr][DEBUG] - fit_round 20 received 8 results and 0 failures
[2026-01-23 11:44:01,639][flwr][INFO] - fit progress: (20, 32784648.0, {'rmse': 5725.787980706236, 'mae': 3906.410888671875, 'r2': 0.7390276193618774}, 106.0587949170149)
[2026-01-23 11:44:01,640][flwr][DEBUG] - evaluate_round 20: strategy sampled 8 clients (out of 14)
[2026-01-23 11:44:01,754][flwr][DEBUG] - evaluate_round 20 received 8 results and 0 failures
[2026-01-23 11:44:01,754][flwr][INFO] - FL finished in 106.1735722500016
[2026-01-23 11:44:01,754][flwr][INFO] - app_fit: losses_distributed [(1, 120040508.88549618), (2, 93228332.30534351), (3, 68030051.61832061), (4, 56850734.08396947), (5, 50952583.14885496), (6, 53737409.683206104), (7, 43838169.55343512), (8, 43009705.46564885), (9, 43649188.622137405), (10, 39274368.22137404), (11, 32858128.916030534), (12, 36361893.391221374), (13, 36401236.05725191), (14, 33869716.28625954), (15, 34657169.21374046), (16, 34761604.28244275), (17, 31793666.713740457), (18, 30625718.64503817), (19, 32527062.89312977), (20, 28974252.339694656)]
[2026-01-23 11:44:01,754][flwr][INFO] - app_fit: metrics_distributed_fit {}
[2026-01-23 11:44:01,754][flwr][INFO] - app_fit: metrics_distributed {}
[2026-01-23 11:44:01,754][flwr][INFO] - app_fit: losses_centralized [(0, 832719552.0), (1, 141058240.0), (2, 103432408.0), (3, 83135752.0), (4, 70502728.0), (5, 57476512.0), (6, 54434888.0), (7, 47018280.0), (8, 43143716.0), (9, 44114872.0), (10, 42874848.0), (11, 37677680.0), (12, 38248456.0), (13, 37087680.0), (14, 38701512.0), (15, 34785348.0), (16, 33384112.0), (17, 32993336.0), (18, 33952664.0), (19, 32098396.0), (20, 32784648.0)]
[2026-01-23 11:44:01,754][flwr][INFO] - app_fit: metrics_centralized {'rmse': [(0, 28856.88049668571), (1, 11876.794180249146), (2, 10170.172466580889), (3, 9117.880894155176), (4, 8396.590260337824), (5, 7581.326533001992), (6, 7378.000271076167), (7, 6856.987676815527), (8, 6568.387625589708), (9, 6641.902739426407), (10, 6547.888820070176), (11, 6138.214724168583), (12, 6184.533612165108), (13, 6089.965517143754), (14, 6221.053930002536), (15, 5897.910477448771), (16, 5777.8985799337115), (17, 5743.982590502865), (18, 5826.891452567141), (19, 5665.544634013574), (20, 5725.787980706236)], 'mae': [(0, 20693.6875), (1, 9165.2587890625), (2, 7461.5029296875), (3, 6455.23828125), (4, 5742.84521484375), (5, 5124.361328125), (6, 4945.4638671875), (7, 4625.79296875), (8, 4462.76220703125), (9, 4462.44580078125), (10, 4390.02685546875), (11, 4203.720703125), (12, 4201.8798828125), (13, 4144.47119140625), (14, 4202.83984375), (15, 4030.158447265625), (16, 3965.80859375), (17, 3933.2919921875), (18, 3974.93603515625), (19, 3880.468017578125), (20, 3906.410888671875)], 'r2': [(0, -5.62861442565918), (1, -0.12285196781158447), (2, 0.1766573190689087), (3, 0.3382227420806885), (4, 0.438784122467041), (5, 0.5424754619598389), (6, 0.5666873455047607), (7, 0.6257250308990479), (8, 0.6565673351287842), (9, 0.6488367915153503), (10, 0.6587076187133789), (11, 0.7000781297683716), (12, 0.6955345869064331), (13, 0.7047746181488037), (14, 0.6919282078742981), (15, 0.7231016159057617), (16, 0.7342557907104492), (17, 0.7373664379119873), (18, 0.7297300100326538), (19, 0.7444903254508972), (20, 0.7390276193618774)]}
