[2026-01-15 22:51:13,881][flwr][INFO] - Starting Flower simulation, config: ServerConfig(num_rounds=50, round_timeout=None)
[2026-01-15 22:51:18,851][flwr][INFO] - Flower VCE: Ray initialized with resources: {'CPU': 10.0, 'memory': 11809846068.0, 'node:127.0.0.1': 1.0, 'object_store_memory': 2147483648.0}
[2026-01-15 22:51:18,851][flwr][INFO] - Initializing global parameters
[2026-01-15 22:51:18,851][flwr][INFO] - Using initial parameters provided by strategy
[2026-01-15 22:51:18,852][flwr][INFO] - Evaluating initial parameters
[2026-01-15 22:51:19,267][flwr][INFO] - initial parameters (loss, other metrics): 1.4145967275411397, {'rmse': 13963.591515079492, 'mae': 10300.927734375, 'r2': -0.5562232211899847, 'mape': 303.5270080566406, 'accuracy_10': 6.056056171655655, 'accuracy_20': 11.411411315202713}
[2026-01-15 22:51:19,267][flwr][INFO] - FL starting
[2026-01-15 22:51:19,268][flwr][DEBUG] - fit_round 1: strategy sampled 3 clients (out of 3)
[2026-01-15 22:51:28,549][flwr][DEBUG] - fit_round 1 received 3 results and 0 failures
[2026-01-15 22:51:28,551][flwr][WARNING] - No fit_metrics_aggregation_fn provided
[2026-01-15 22:51:28,693][flwr][INFO] - fit progress: (1, 0.6254834567343032, {'rmse': 9285.145987005266, 'mae': 5559.5263671875, 'r2': 0.3118943812481163, 'mape': 88.21085357666016, 'accuracy_10': 7.457457482814789, 'accuracy_20': 15.715715289115906}, 9.42530716699548)
[2026-01-15 22:51:28,693][flwr][DEBUG] - evaluate_round 1: strategy sampled 3 clients (out of 3)
[2026-01-15 22:51:28,821][flwr][DEBUG] - evaluate_round 1 received 3 results and 0 failures
[2026-01-15 22:51:28,821][flwr][WARNING] - No evaluate_metrics_aggregation_fn provided
[2026-01-15 22:51:28,821][flwr][DEBUG] - fit_round 2: strategy sampled 3 clients (out of 3)
[2026-01-15 22:51:34,220][flwr][DEBUG] - fit_round 2 received 3 results and 0 failures
[2026-01-15 22:51:34,349][flwr][INFO] - fit progress: (2, 0.25430242119131385, {'rmse': 5920.468224726825, 'mae': 3922.986083984375, 'r2': 0.7202373437449379, 'mape': 92.15522003173828, 'accuracy_10': 13.863864541053772, 'accuracy_20': 29.579579830169678}, 15.082047417003196)
[2026-01-15 22:51:34,350][flwr][DEBUG] - evaluate_round 2: strategy sampled 3 clients (out of 3)
[2026-01-15 22:51:34,434][flwr][DEBUG] - evaluate_round 2 received 3 results and 0 failures
[2026-01-15 22:51:34,434][flwr][DEBUG] - fit_round 3: strategy sampled 3 clients (out of 3)
[2026-01-15 22:51:39,798][flwr][DEBUG] - fit_round 3 received 3 results and 0 failures
[2026-01-15 22:51:39,925][flwr][INFO] - fit progress: (3, 0.2638718682426113, {'rmse': 6030.833773202508, 'mae': 3927.4267578125, 'r2': 0.709709829207928, 'mape': 88.95063781738281, 'accuracy_10': 14.914914965629578, 'accuracy_20': 28.828829526901245}, 20.65732274999027)
[2026-01-15 22:51:39,925][flwr][DEBUG] - evaluate_round 3: strategy sampled 3 clients (out of 3)
[2026-01-15 22:51:40,055][flwr][DEBUG] - evaluate_round 3 received 3 results and 0 failures
[2026-01-15 22:51:40,055][flwr][DEBUG] - fit_round 4: strategy sampled 3 clients (out of 3)
[2026-01-15 22:51:45,427][flwr][DEBUG] - fit_round 4 received 3 results and 0 failures
[2026-01-15 22:51:45,555][flwr][INFO] - fit progress: (4, 0.2894773664506706, {'rmse': 6316.669058926548, 'mae': 3955.39404296875, 'r2': 0.6815407381518748, 'mape': 88.0578384399414, 'accuracy_10': 15.615615248680115, 'accuracy_20': 31.33133053779602}, 26.287532999995165)
[2026-01-15 22:51:45,555][flwr][DEBUG] - evaluate_round 4: strategy sampled 3 clients (out of 3)
[2026-01-15 22:51:45,637][flwr][DEBUG] - evaluate_round 4 received 3 results and 0 failures
[2026-01-15 22:51:45,637][flwr][DEBUG] - fit_round 5: strategy sampled 3 clients (out of 3)
[2026-01-15 22:51:51,402][flwr][DEBUG] - fit_round 5 received 3 results and 0 failures
[2026-01-15 22:51:51,526][flwr][INFO] - fit progress: (5, 0.3064556825566698, {'rmse': 6499.271036047043, 'mae': 3969.9619140625, 'r2': 0.6628626153168002, 'mape': 86.7309799194336, 'accuracy_10': 16.516517102718353, 'accuracy_20': 32.88288414478302}, 32.25876983400667)
[2026-01-15 22:51:51,526][flwr][DEBUG] - evaluate_round 5: strategy sampled 3 clients (out of 3)
[2026-01-15 22:51:51,607][flwr][DEBUG] - evaluate_round 5 received 3 results and 0 failures
[2026-01-15 22:51:51,607][flwr][DEBUG] - fit_round 6: strategy sampled 3 clients (out of 3)
[2026-01-15 22:51:57,174][flwr][DEBUG] - fit_round 6 received 3 results and 0 failures
[2026-01-15 22:51:57,322][flwr][INFO] - fit progress: (6, 0.3230216043728131, {'rmse': 6672.622872604145, 'mae': 4013.847900390625, 'r2': 0.6446381512529693, 'mape': 85.26264190673828, 'accuracy_10': 18.2182177901268, 'accuracy_20': 34.484484791755676}, 38.05473516701022)
[2026-01-15 22:51:57,322][flwr][DEBUG] - evaluate_round 6: strategy sampled 3 clients (out of 3)
[2026-01-15 22:51:57,429][flwr][DEBUG] - evaluate_round 6 received 3 results and 0 failures
[2026-01-15 22:51:57,429][flwr][DEBUG] - fit_round 7: strategy sampled 3 clients (out of 3)
[2026-01-15 22:52:02,937][flwr][DEBUG] - fit_round 7 received 3 results and 0 failures
[2026-01-15 22:52:03,065][flwr][INFO] - fit progress: (7, 0.3557410663491613, {'rmse': 7002.414726364042, 'mae': 4092.578369140625, 'r2': 0.608642849172121, 'mape': 84.54242706298828, 'accuracy_10': 17.267267405986786, 'accuracy_20': 33.933934569358826}, 43.797245374997146)
[2026-01-15 22:52:03,065][flwr][DEBUG] - evaluate_round 7: strategy sampled 3 clients (out of 3)
[2026-01-15 22:52:03,188][flwr][DEBUG] - evaluate_round 7 received 3 results and 0 failures
[2026-01-15 22:52:03,189][flwr][DEBUG] - fit_round 8: strategy sampled 3 clients (out of 3)
[2026-01-15 22:52:08,636][flwr][DEBUG] - fit_round 8 received 3 results and 0 failures
[2026-01-15 22:52:08,785][flwr][INFO] - fit progress: (8, 0.39632784144895095, {'rmse': 7391.083276489313, 'mae': 4180.29638671875, 'r2': 0.5639926553289607, 'mape': 84.45142364501953, 'accuracy_10': 19.21921968460083, 'accuracy_20': 35.58558523654938}, 49.517497916996945)
[2026-01-15 22:52:08,785][flwr][DEBUG] - evaluate_round 8: strategy sampled 3 clients (out of 3)
[2026-01-15 22:52:08,867][flwr][DEBUG] - evaluate_round 8 received 3 results and 0 failures
[2026-01-15 22:52:08,867][flwr][DEBUG] - fit_round 9: strategy sampled 3 clients (out of 3)
[2026-01-15 22:52:14,320][flwr][DEBUG] - fit_round 9 received 3 results and 0 failures
[2026-01-15 22:52:14,459][flwr][INFO] - fit progress: (9, 0.4360495868387881, {'rmse': 7752.62484581835, 'mae': 4269.8994140625, 'r2': 0.5202939897330374, 'mape': 84.48382568359375, 'accuracy_10': 19.5695698261261, 'accuracy_20': 37.78778910636902}, 55.19139779199031)
[2026-01-15 22:52:14,459][flwr][DEBUG] - evaluate_round 9: strategy sampled 3 clients (out of 3)
[2026-01-15 22:52:14,536][flwr][DEBUG] - evaluate_round 9 received 3 results and 0 failures
[2026-01-15 22:52:14,536][flwr][DEBUG] - fit_round 10: strategy sampled 3 clients (out of 3)
[2026-01-15 22:52:19,969][flwr][DEBUG] - fit_round 10 received 3 results and 0 failures
[2026-01-15 22:52:20,102][flwr][INFO] - fit progress: (10, 0.4789172365023448, {'rmse': 8124.769781353808, 'mae': 4421.82177734375, 'r2': 0.4731345193321206, 'mape': 83.11317443847656, 'accuracy_10': 18.618617951869965, 'accuracy_20': 36.08608543872833}, 60.8342939169961)
[2026-01-15 22:52:20,102][flwr][DEBUG] - evaluate_round 10: strategy sampled 3 clients (out of 3)
[2026-01-15 22:52:20,179][flwr][DEBUG] - evaluate_round 10 received 3 results and 0 failures
[2026-01-15 22:52:20,179][flwr][DEBUG] - fit_round 11: strategy sampled 3 clients (out of 3)
[2026-01-15 22:52:25,607][flwr][DEBUG] - fit_round 11 received 3 results and 0 failures
[2026-01-15 22:52:25,739][flwr][INFO] - fit progress: (11, 0.542831593954766, {'rmse': 8649.945202138566, 'mae': 4544.56689453125, 'r2': 0.4028212385476767, 'mape': 83.88864135742188, 'accuracy_10': 19.469469785690308, 'accuracy_20': 37.937939167022705}, 66.47194550000131)
[2026-01-15 22:52:25,740][flwr][DEBUG] - evaluate_round 11: strategy sampled 3 clients (out of 3)
[2026-01-15 22:52:25,819][flwr][DEBUG] - evaluate_round 11 received 3 results and 0 failures
[2026-01-15 22:52:25,819][flwr][DEBUG] - fit_round 12: strategy sampled 3 clients (out of 3)
[2026-01-15 22:52:31,295][flwr][DEBUG] - fit_round 12 received 3 results and 0 failures
[2026-01-15 22:52:31,444][flwr][INFO] - fit progress: (12, 0.5913206524736769, {'rmse': 9028.016393427739, 'mae': 4601.08154296875, 'r2': 0.34947753811496163, 'mape': 83.23291778564453, 'accuracy_10': 20.520520210266113, 'accuracy_20': 39.53953981399536}, 72.17640054199728)
[2026-01-15 22:52:31,444][flwr][DEBUG] - evaluate_round 12: strategy sampled 3 clients (out of 3)
[2026-01-15 22:52:31,532][flwr][DEBUG] - evaluate_round 12 received 3 results and 0 failures
[2026-01-15 22:52:31,532][flwr][DEBUG] - fit_round 13: strategy sampled 3 clients (out of 3)
[2026-01-15 22:52:36,953][flwr][DEBUG] - fit_round 13 received 3 results and 0 failures
[2026-01-15 22:52:37,083][flwr][INFO] - fit progress: (13, 0.6469098467965264, {'rmse': 9442.841521491293, 'mae': 4681.32373046875, 'r2': 0.2883228435173395, 'mape': 82.50900268554688, 'accuracy_10': 22.072072327136993, 'accuracy_20': 41.09109044075012}, 77.81578045900096)
[2026-01-15 22:52:37,084][flwr][DEBUG] - evaluate_round 13: strategy sampled 3 clients (out of 3)
[2026-01-15 22:52:37,166][flwr][DEBUG] - evaluate_round 13 received 3 results and 0 failures
[2026-01-15 22:52:37,166][flwr][DEBUG] - fit_round 14: strategy sampled 3 clients (out of 3)
[2026-01-15 22:52:42,721][flwr][DEBUG] - fit_round 14 received 3 results and 0 failures
[2026-01-15 22:52:42,857][flwr][INFO] - fit progress: (14, 0.6773580069000179, {'rmse': 9662.510646824665, 'mae': 4712.529296875, 'r2': 0.25482618255454104, 'mape': 78.79440307617188, 'accuracy_10': 21.621622145175934, 'accuracy_20': 40.69069027900696}, 83.58967383400886)
[2026-01-15 22:52:42,858][flwr][DEBUG] - evaluate_round 14: strategy sampled 3 clients (out of 3)
[2026-01-15 22:52:42,938][flwr][DEBUG] - evaluate_round 14 received 3 results and 0 failures
[2026-01-15 22:52:42,938][flwr][DEBUG] - fit_round 15: strategy sampled 3 clients (out of 3)
[2026-01-15 22:52:48,478][flwr][DEBUG] - fit_round 15 received 3 results and 0 failures
[2026-01-15 22:52:48,608][flwr][INFO] - fit progress: (15, 0.7043099344910325, {'rmse': 9852.869632751668, 'mae': 4708.51171875, 'r2': 0.22517595107828636, 'mape': 76.37946319580078, 'accuracy_10': 22.472472488880157, 'accuracy_20': 41.99199080467224}, 89.3409549589851)
[2026-01-15 22:52:48,608][flwr][DEBUG] - evaluate_round 15: strategy sampled 3 clients (out of 3)
[2026-01-15 22:52:48,686][flwr][DEBUG] - evaluate_round 15 received 3 results and 0 failures
[2026-01-15 22:52:48,686][flwr][DEBUG] - fit_round 16: strategy sampled 3 clients (out of 3)
[2026-01-15 22:52:54,165][flwr][DEBUG] - fit_round 16 received 3 results and 0 failures
[2026-01-15 22:52:54,298][flwr][INFO] - fit progress: (16, 0.7307869618958062, {'rmse': 10036.359100789488, 'mae': 4664.05029296875, 'r2': 0.19604819784928507, 'mape': 75.1046371459961, 'accuracy_10': 24.22422468662262, 'accuracy_20': 43.69369447231293}, 95.03026545900502)
[2026-01-15 22:52:54,298][flwr][DEBUG] - evaluate_round 16: strategy sampled 3 clients (out of 3)
[2026-01-15 22:52:54,384][flwr][DEBUG] - evaluate_round 16 received 3 results and 0 failures
[2026-01-15 22:52:54,385][flwr][DEBUG] - fit_round 17: strategy sampled 3 clients (out of 3)
[2026-01-15 22:52:59,809][flwr][DEBUG] - fit_round 17 received 3 results and 0 failures
[2026-01-15 22:52:59,939][flwr][INFO] - fit progress: (17, 0.7367078167003196, {'rmse': 10076.935248377851, 'mae': 4688.69580078125, 'r2': 0.1895344655331579, 'mape': 72.06285095214844, 'accuracy_10': 23.173172771930695, 'accuracy_20': 43.943944573402405}, 100.67154579199268)
[2026-01-15 22:52:59,939][flwr][DEBUG] - evaluate_round 17: strategy sampled 3 clients (out of 3)
[2026-01-15 22:53:00,023][flwr][DEBUG] - evaluate_round 17 received 3 results and 0 failures
[2026-01-15 22:53:00,023][flwr][DEBUG] - fit_round 18: strategy sampled 3 clients (out of 3)
[2026-01-15 22:53:05,419][flwr][DEBUG] - fit_round 18 received 3 results and 0 failures
[2026-01-15 22:53:05,561][flwr][INFO] - fit progress: (18, 0.7552889634419728, {'rmse': 10203.223020202979, 'mae': 4672.7109375, 'r2': 0.16909308496800046, 'mape': 70.49984741210938, 'accuracy_10': 24.12412464618683, 'accuracy_20': 45.69569528102875}, 106.29385175000061)
[2026-01-15 22:53:05,561][flwr][DEBUG] - evaluate_round 18: strategy sampled 3 clients (out of 3)
[2026-01-15 22:53:05,642][flwr][DEBUG] - evaluate_round 18 received 3 results and 0 failures
[2026-01-15 22:53:05,642][flwr][DEBUG] - fit_round 19: strategy sampled 3 clients (out of 3)
[2026-01-15 22:53:11,186][flwr][DEBUG] - fit_round 19 received 3 results and 0 failures
[2026-01-15 22:53:11,316][flwr][INFO] - fit progress: (19, 0.7603787340678729, {'rmse': 10237.544236778662, 'mae': 4620.857421875, 'r2': 0.16349373867121142, 'mape': 69.29080200195312, 'accuracy_10': 24.924924969673157, 'accuracy_20': 46.79679572582245}, 112.04902333399514)
[2026-01-15 22:53:11,316][flwr][DEBUG] - evaluate_round 19: strategy sampled 3 clients (out of 3)
[2026-01-15 22:53:11,405][flwr][DEBUG] - evaluate_round 19 received 3 results and 0 failures
[2026-01-15 22:53:11,406][flwr][DEBUG] - fit_round 20: strategy sampled 3 clients (out of 3)
[2026-01-15 22:53:16,749][flwr][DEBUG] - fit_round 20 received 3 results and 0 failures
[2026-01-15 22:53:16,878][flwr][INFO] - fit progress: (20, 0.7670400043328603, {'rmse': 10282.28962828805, 'mae': 4587.50244140625, 'r2': 0.15616549529569956, 'mape': 68.8567886352539, 'accuracy_10': 26.176175475120544, 'accuracy_20': 47.297295928001404}, 117.6105537500116)
[2026-01-15 22:53:16,878][flwr][DEBUG] - evaluate_round 20: strategy sampled 3 clients (out of 3)
[2026-01-15 22:53:16,955][flwr][DEBUG] - evaluate_round 20 received 3 results and 0 failures
[2026-01-15 22:53:16,955][flwr][DEBUG] - fit_round 21: strategy sampled 3 clients (out of 3)
[2026-01-15 22:53:22,291][flwr][DEBUG] - fit_round 21 received 3 results and 0 failures
[2026-01-15 22:53:22,420][flwr][INFO] - fit progress: (21, 0.7584624406513389, {'rmse': 10224.635739232963, 'mae': 4515.38525390625, 'r2': 0.16560184644323084, 'mape': 67.35096740722656, 'accuracy_10': 27.277275919914246, 'accuracy_20': 48.54854941368103}, 123.15301787501085)
[2026-01-15 22:53:22,420][flwr][DEBUG] - evaluate_round 21: strategy sampled 3 clients (out of 3)
[2026-01-15 22:53:22,506][flwr][DEBUG] - evaluate_round 21 received 3 results and 0 failures
[2026-01-15 22:53:22,506][flwr][DEBUG] - fit_round 22: strategy sampled 3 clients (out of 3)
[2026-01-15 22:53:27,837][flwr][DEBUG] - fit_round 22 received 3 results and 0 failures
[2026-01-15 22:53:28,060][flwr][INFO] - fit progress: (22, 0.7623058304533705, {'rmse': 10250.508670305098, 'mae': 4497.08837890625, 'r2': 0.1613737192067205, 'mape': 66.79627227783203, 'accuracy_10': 27.627629041671753, 'accuracy_20': 48.99899959564209}, 128.79325783401146)
[2026-01-15 22:53:28,061][flwr][DEBUG] - evaluate_round 22: strategy sampled 3 clients (out of 3)
[2026-01-15 22:53:28,170][flwr][DEBUG] - evaluate_round 22 received 3 results and 0 failures
[2026-01-15 22:53:28,170][flwr][DEBUG] - fit_round 23: strategy sampled 3 clients (out of 3)
[2026-01-15 22:53:33,555][flwr][DEBUG] - fit_round 23 received 3 results and 0 failures
[2026-01-15 22:53:33,697][flwr][INFO] - fit progress: (23, 0.7682354048983352, {'rmse': 10290.298343585573, 'mae': 4466.16845703125, 'r2': 0.15485043135707233, 'mape': 66.3280258178711, 'accuracy_10': 27.627629041671753, 'accuracy_20': 49.84984993934631}, 134.42966745898593)
[2026-01-15 22:53:33,698][flwr][DEBUG] - evaluate_round 23: strategy sampled 3 clients (out of 3)
[2026-01-15 22:53:33,778][flwr][DEBUG] - evaluate_round 23 received 3 results and 0 failures
[2026-01-15 22:53:33,778][flwr][DEBUG] - fit_round 24: strategy sampled 3 clients (out of 3)
[2026-01-15 22:53:39,148][flwr][DEBUG] - fit_round 24 received 3 results and 0 failures
[2026-01-15 22:53:39,370][flwr][INFO] - fit progress: (24, 0.744678589361566, {'rmse': 10131.301199747246, 'mae': 4374.67041015625, 'r2': 0.18076575820376917, 'mape': 65.20433044433594, 'accuracy_10': 28.2282292842865, 'accuracy_20': 50.600600242614746}, 140.1024930840067)
[2026-01-15 22:53:39,371][flwr][DEBUG] - evaluate_round 24: strategy sampled 3 clients (out of 3)
[2026-01-15 22:53:39,454][flwr][DEBUG] - evaluate_round 24 received 3 results and 0 failures
[2026-01-15 22:53:39,454][flwr][DEBUG] - fit_round 25: strategy sampled 3 clients (out of 3)
[2026-01-15 22:53:44,875][flwr][DEBUG] - fit_round 25 received 3 results and 0 failures
[2026-01-15 22:53:45,009][flwr][INFO] - fit progress: (25, 0.7581728825101385, {'rmse': 10222.684187629, 'mae': 4424.6044921875, 'r2': 0.1659203860435543, 'mape': 64.70746612548828, 'accuracy_10': 27.427425980567932, 'accuracy_20': 50.050050020217896}, 145.74152937499457)
[2026-01-15 22:53:45,009][flwr][DEBUG] - evaluate_round 25: strategy sampled 3 clients (out of 3)
[2026-01-15 22:53:45,085][flwr][DEBUG] - evaluate_round 25 received 3 results and 0 failures
[2026-01-15 22:53:45,085][flwr][DEBUG] - fit_round 26: strategy sampled 3 clients (out of 3)
[2026-01-15 22:53:50,416][flwr][DEBUG] - fit_round 26 received 3 results and 0 failures
[2026-01-15 22:53:50,549][flwr][INFO] - fit progress: (26, 0.756207596969318, {'rmse': 10209.425840859025, 'mae': 4391.82177734375, 'r2': 0.1680824891248538, 'mape': 64.84466552734375, 'accuracy_10': 27.477476000785828, 'accuracy_20': 49.79979991912842}, 151.28203704199404)
[2026-01-15 22:53:50,549][flwr][DEBUG] - evaluate_round 26: strategy sampled 3 clients (out of 3)
[2026-01-15 22:53:50,632][flwr][DEBUG] - evaluate_round 26 received 3 results and 0 failures
[2026-01-15 22:53:50,633][flwr][DEBUG] - fit_round 27: strategy sampled 3 clients (out of 3)
[2026-01-15 22:53:55,971][flwr][DEBUG] - fit_round 27 received 3 results and 0 failures
[2026-01-15 22:53:56,105][flwr][INFO] - fit progress: (27, 0.7604308370444868, {'rmse': 10237.895096161124, 'mae': 4349.76953125, 'r2': 0.1634363400212251, 'mape': 64.45295715332031, 'accuracy_10': 28.2282292842865, 'accuracy_20': 50.20020008087158}, 156.8374482920044)
[2026-01-15 22:53:56,105][flwr][DEBUG] - evaluate_round 27: strategy sampled 3 clients (out of 3)
[2026-01-15 22:53:56,185][flwr][DEBUG] - evaluate_round 27 received 3 results and 0 failures
[2026-01-15 22:53:56,185][flwr][DEBUG] - fit_round 28: strategy sampled 3 clients (out of 3)
[2026-01-15 22:54:01,584][flwr][DEBUG] - fit_round 28 received 3 results and 0 failures
[2026-01-15 22:54:01,725][flwr][INFO] - fit progress: (28, 0.7550384383629989, {'rmse': 10201.530865512294, 'mae': 4366.0888671875, 'r2': 0.16936862466747893, 'mape': 64.26504516601562, 'accuracy_10': 27.477476000785828, 'accuracy_20': 49.599599838256836}, 162.4573789999995)
[2026-01-15 22:54:01,725][flwr][DEBUG] - evaluate_round 28: strategy sampled 3 clients (out of 3)
[2026-01-15 22:54:01,808][flwr][DEBUG] - evaluate_round 28 received 3 results and 0 failures
[2026-01-15 22:54:01,808][flwr][DEBUG] - fit_round 29: strategy sampled 3 clients (out of 3)
[2026-01-15 22:54:07,175][flwr][DEBUG] - fit_round 29 received 3 results and 0 failures
[2026-01-15 22:54:07,305][flwr][INFO] - fit progress: (29, 0.7591382830708593, {'rmse': 10229.190388295645, 'mae': 4337.96875, 'r2': 0.16485834739665706, 'mape': 64.67221069335938, 'accuracy_10': 28.078079223632812, 'accuracy_20': 49.499499797821045}, 168.0379794590117)
[2026-01-15 22:54:07,305][flwr][DEBUG] - evaluate_round 29: strategy sampled 3 clients (out of 3)
[2026-01-15 22:54:07,385][flwr][DEBUG] - evaluate_round 29 received 3 results and 0 failures
[2026-01-15 22:54:07,385][flwr][DEBUG] - fit_round 30: strategy sampled 3 clients (out of 3)
[2026-01-15 22:54:12,734][flwr][DEBUG] - fit_round 30 received 3 results and 0 failures
[2026-01-15 22:54:12,868][flwr][INFO] - fit progress: (30, 0.7417291344942393, {'rmse': 10111.2179286177, 'mae': 4338.7978515625, 'r2': 0.18401051632278198, 'mape': 64.08443450927734, 'accuracy_10': 27.22722589969635, 'accuracy_20': 49.09909963607788}, 173.600728874997)
[2026-01-15 22:54:12,868][flwr][DEBUG] - evaluate_round 30: strategy sampled 3 clients (out of 3)
[2026-01-15 22:54:12,946][flwr][DEBUG] - evaluate_round 30 received 3 results and 0 failures
[2026-01-15 22:54:12,946][flwr][DEBUG] - fit_round 31: strategy sampled 3 clients (out of 3)
[2026-01-15 22:54:18,267][flwr][DEBUG] - fit_round 31 received 3 results and 0 failures
[2026-01-15 22:54:18,397][flwr][INFO] - fit progress: (31, 0.7485281163239265, {'rmse': 10157.454011709824, 'mae': 4317.52099609375, 'r2': 0.17653082428584654, 'mape': 64.9391860961914, 'accuracy_10': 28.32832932472229, 'accuracy_20': 48.598599433898926}, 179.12939824999194)
[2026-01-15 22:54:18,397][flwr][DEBUG] - evaluate_round 31: strategy sampled 3 clients (out of 3)
[2026-01-15 22:54:18,479][flwr][DEBUG] - evaluate_round 31 received 3 results and 0 failures
[2026-01-15 22:54:18,479][flwr][DEBUG] - fit_round 32: strategy sampled 3 clients (out of 3)
[2026-01-15 22:54:23,803][flwr][DEBUG] - fit_round 32 received 3 results and 0 failures
[2026-01-15 22:54:23,935][flwr][INFO] - fit progress: (32, 0.7440103291868567, {'rmse': 10126.754662773263, 'mae': 4393.2431640625, 'r2': 0.18150087979629692, 'mape': 64.39310455322266, 'accuracy_10': 26.276275515556335, 'accuracy_20': 46.74674570560455}, 184.66824137500953)
[2026-01-15 22:54:23,936][flwr][DEBUG] - evaluate_round 32: strategy sampled 3 clients (out of 3)
[2026-01-15 22:54:24,014][flwr][DEBUG] - evaluate_round 32 received 3 results and 0 failures
[2026-01-15 22:54:24,014][flwr][DEBUG] - fit_round 33: strategy sampled 3 clients (out of 3)
[2026-01-15 22:54:29,383][flwr][DEBUG] - fit_round 33 received 3 results and 0 failures
[2026-01-15 22:54:29,512][flwr][INFO] - fit progress: (33, 0.750083910646262, {'rmse': 10168.004327300418, 'mae': 4312.0205078125, 'r2': 0.1748192711549531, 'mape': 65.70387268066406, 'accuracy_10': 28.278279304504395, 'accuracy_20': 48.99899959564209}, 190.24492937501054)
[2026-01-15 22:54:29,512][flwr][DEBUG] - evaluate_round 33: strategy sampled 3 clients (out of 3)
[2026-01-15 22:54:29,594][flwr][DEBUG] - evaluate_round 33 received 3 results and 0 failures
[2026-01-15 22:54:29,594][flwr][DEBUG] - fit_round 34: strategy sampled 3 clients (out of 3)
[2026-01-15 22:54:34,918][flwr][DEBUG] - fit_round 34 received 3 results and 0 failures
[2026-01-15 22:54:35,052][flwr][INFO] - fit progress: (34, 0.7457029743864013, {'rmse': 10138.26770212742, 'mae': 4305.318359375, 'r2': 0.17963872883915644, 'mape': 65.93632507324219, 'accuracy_10': 28.42842936515808, 'accuracy_20': 48.44844937324524}, 195.784736333997)
[2026-01-15 22:54:35,052][flwr][DEBUG] - evaluate_round 34: strategy sampled 3 clients (out of 3)
[2026-01-15 22:54:35,131][flwr][DEBUG] - evaluate_round 34 received 3 results and 0 failures
[2026-01-15 22:54:35,132][flwr][DEBUG] - fit_round 35: strategy sampled 3 clients (out of 3)
[2026-01-15 22:54:40,573][flwr][DEBUG] - fit_round 35 received 3 results and 0 failures
[2026-01-15 22:54:40,706][flwr][INFO] - fit progress: (35, 0.7418771072163118, {'rmse': 10112.226658852143, 'mae': 4295.1513671875, 'r2': 0.18384767955976478, 'mape': 66.70848846435547, 'accuracy_10': 28.628629446029663, 'accuracy_20': 48.398399353027344}, 201.43920141700073)
[2026-01-15 22:54:40,707][flwr][DEBUG] - evaluate_round 35: strategy sampled 3 clients (out of 3)
[2026-01-15 22:54:40,788][flwr][DEBUG] - evaluate_round 35 received 3 results and 0 failures
[2026-01-15 22:54:40,788][flwr][DEBUG] - fit_round 36: strategy sampled 3 clients (out of 3)
[2026-01-15 22:54:46,168][flwr][DEBUG] - fit_round 36 received 3 results and 0 failures
[2026-01-15 22:54:46,295][flwr][INFO] - fit progress: (36, 0.7418484700483842, {'rmse': 10112.031645520103, 'mae': 4288.13525390625, 'r2': 0.1838791604612966, 'mape': 67.17792510986328, 'accuracy_10': 29.3293297290802, 'accuracy_20': 48.54854941368103}, 207.02813854199485)
[2026-01-15 22:54:46,295][flwr][DEBUG] - evaluate_round 36: strategy sampled 3 clients (out of 3)
[2026-01-15 22:54:46,377][flwr][DEBUG] - evaluate_round 36 received 3 results and 0 failures
[2026-01-15 22:54:46,378][flwr][DEBUG] - fit_round 37: strategy sampled 3 clients (out of 3)
[2026-01-15 22:54:51,712][flwr][DEBUG] - fit_round 37 received 3 results and 0 failures
[2026-01-15 22:54:51,846][flwr][INFO] - fit progress: (37, 0.7330714654218446, {'rmse': 10052.035017845888, 'mae': 4325.33154296875, 'r2': 0.1935348307377952, 'mape': 67.87610626220703, 'accuracy_10': 28.178179264068604, 'accuracy_20': 47.19719588756561}, 212.57845304199145)
[2026-01-15 22:54:51,846][flwr][DEBUG] - evaluate_round 37: strategy sampled 3 clients (out of 3)
[2026-01-15 22:54:51,926][flwr][DEBUG] - evaluate_round 37 received 3 results and 0 failures
[2026-01-15 22:54:51,926][flwr][DEBUG] - fit_round 38: strategy sampled 3 clients (out of 3)
[2026-01-15 22:54:57,250][flwr][DEBUG] - fit_round 38 received 3 results and 0 failures
[2026-01-15 22:54:57,382][flwr][INFO] - fit progress: (38, 0.7270341532097923, {'rmse': 10010.556428091297, 'mae': 4306.677734375, 'r2': 0.20017664647242095, 'mape': 68.84510803222656, 'accuracy_10': 28.2282292842865, 'accuracy_20': 47.297295928001404}, 218.11491083400324)
[2026-01-15 22:54:57,382][flwr][DEBUG] - evaluate_round 38: strategy sampled 3 clients (out of 3)
[2026-01-15 22:54:57,461][flwr][DEBUG] - evaluate_round 38 received 3 results and 0 failures
[2026-01-15 22:54:57,461][flwr][DEBUG] - fit_round 39: strategy sampled 3 clients (out of 3)
[2026-01-15 22:55:02,781][flwr][DEBUG] - fit_round 39 received 3 results and 0 failures
[2026-01-15 22:55:02,915][flwr][INFO] - fit progress: (39, 0.7248817420936562, {'rmse': 9995.727087110772, 'mae': 4397.2578125, 'r2': 0.20254458621758276, 'mape': 69.79324340820312, 'accuracy_10': 26.026025414466858, 'accuracy_20': 45.44544517993927}, 223.64820558400243)
[2026-01-15 22:55:02,915][flwr][DEBUG] - evaluate_round 39: strategy sampled 3 clients (out of 3)
[2026-01-15 22:55:02,994][flwr][DEBUG] - evaluate_round 39 received 3 results and 0 failures
[2026-01-15 22:55:02,995][flwr][DEBUG] - fit_round 40: strategy sampled 3 clients (out of 3)
[2026-01-15 22:55:08,371][flwr][DEBUG] - fit_round 40 received 3 results and 0 failures
[2026-01-15 22:55:08,508][flwr][INFO] - fit progress: (40, 0.7261069830920961, {'rmse': 10004.170730250458, 'mae': 4339.22265625, 'r2': 0.20119673240022895, 'mape': 70.13030242919922, 'accuracy_10': 27.727729082107544, 'accuracy_20': 46.2462455034256}, 229.24077299999772)
[2026-01-15 22:55:08,508][flwr][DEBUG] - evaluate_round 40: strategy sampled 3 clients (out of 3)
[2026-01-15 22:55:08,591][flwr][DEBUG] - evaluate_round 40 received 3 results and 0 failures
[2026-01-15 22:55:08,591][flwr][DEBUG] - fit_round 41: strategy sampled 3 clients (out of 3)
[2026-01-15 22:55:13,936][flwr][DEBUG] - fit_round 41 received 3 results and 0 failures
[2026-01-15 22:55:14,079][flwr][INFO] - fit progress: (41, 0.726494012696965, {'rmse': 10006.837262592013, 'mae': 4316.33740234375, 'r2': 0.20077085666994243, 'mape': 70.91749572753906, 'accuracy_10': 28.628629446029663, 'accuracy_20': 47.7977991104126}, 234.81188895899686)
[2026-01-15 22:55:14,079][flwr][DEBUG] - evaluate_round 41: strategy sampled 3 clients (out of 3)
[2026-01-15 22:55:14,157][flwr][DEBUG] - evaluate_round 41 received 3 results and 0 failures
[2026-01-15 22:55:14,157][flwr][DEBUG] - fit_round 42: strategy sampled 3 clients (out of 3)
[2026-01-15 22:55:19,489][flwr][DEBUG] - fit_round 42 received 3 results and 0 failures
[2026-01-15 22:55:19,623][flwr][INFO] - fit progress: (42, 0.7231479562647469, {'rmse': 9983.766423549781, 'mae': 4327.326171875, 'r2': 0.2044518968879394, 'mape': 71.54508972167969, 'accuracy_10': 28.528529405593872, 'accuracy_20': 47.19719588756561}, 240.3559393339965)
[2026-01-15 22:55:19,623][flwr][DEBUG] - evaluate_round 42: strategy sampled 3 clients (out of 3)
[2026-01-15 22:55:19,706][flwr][DEBUG] - evaluate_round 42 received 3 results and 0 failures
[2026-01-15 22:55:19,706][flwr][DEBUG] - fit_round 43: strategy sampled 3 clients (out of 3)
[2026-01-15 22:55:25,078][flwr][DEBUG] - fit_round 43 received 3 results and 0 failures
[2026-01-15 22:55:25,211][flwr][INFO] - fit progress: (43, 0.72423947592815, {'rmse': 9991.298213945973, 'mae': 4331.87353515625, 'r2': 0.20325110665840707, 'mape': 72.23236846923828, 'accuracy_10': 28.078079223632812, 'accuracy_20': 46.846845746040344}, 245.9442602499912)
[2026-01-15 22:55:25,211][flwr][DEBUG] - evaluate_round 43: strategy sampled 3 clients (out of 3)
[2026-01-15 22:55:25,291][flwr][DEBUG] - evaluate_round 43 received 3 results and 0 failures
[2026-01-15 22:55:25,291][flwr][DEBUG] - fit_round 44: strategy sampled 3 clients (out of 3)
[2026-01-15 22:55:30,655][flwr][DEBUG] - fit_round 44 received 3 results and 0 failures
[2026-01-15 22:55:30,785][flwr][INFO] - fit progress: (44, 0.7193171736953018, {'rmse': 9957.286779037751, 'mae': 4374.587890625, 'r2': 0.20866627986390562, 'mape': 73.5594482421875, 'accuracy_10': 26.926925778388977, 'accuracy_20': 45.495495200157166}, 251.5183933340013)
[2026-01-15 22:55:30,786][flwr][DEBUG] - evaluate_round 44: strategy sampled 3 clients (out of 3)
[2026-01-15 22:55:30,865][flwr][DEBUG] - evaluate_round 44 received 3 results and 0 failures
[2026-01-15 22:55:30,865][flwr][DEBUG] - fit_round 45: strategy sampled 3 clients (out of 3)
[2026-01-15 22:55:36,236][flwr][DEBUG] - fit_round 45 received 3 results and 0 failures
[2026-01-15 22:55:36,374][flwr][INFO] - fit progress: (45, 0.7241292727870626, {'rmse': 9990.538323834207, 'mae': 4364.3935546875, 'r2': 0.20337231794663369, 'mape': 74.0792465209961, 'accuracy_10': 26.726725697517395, 'accuracy_20': 45.89589536190033}, 257.1073957920016)
[2026-01-15 22:55:36,375][flwr][DEBUG] - evaluate_round 45: strategy sampled 3 clients (out of 3)
[2026-01-15 22:55:36,455][flwr][DEBUG] - evaluate_round 45 received 3 results and 0 failures
[2026-01-15 22:55:36,456][flwr][DEBUG] - fit_round 46: strategy sampled 3 clients (out of 3)
[2026-01-15 22:55:41,919][flwr][DEBUG] - fit_round 46 received 3 results and 0 failures
[2026-01-15 22:55:42,059][flwr][INFO] - fit progress: (46, 0.7216025262593746, {'rmse': 9973.09259959016, 'mae': 4398.46435546875, 'r2': 0.20615206191723923, 'mape': 74.77606201171875, 'accuracy_10': 25.475475192070007, 'accuracy_20': 44.79479491710663}, 262.79168424999807)
[2026-01-15 22:55:42,059][flwr][DEBUG] - evaluate_round 46: strategy sampled 3 clients (out of 3)
[2026-01-15 22:55:42,154][flwr][DEBUG] - evaluate_round 46 received 3 results and 0 failures
[2026-01-15 22:55:42,155][flwr][DEBUG] - fit_round 47: strategy sampled 3 clients (out of 3)
[2026-01-15 22:55:47,510][flwr][DEBUG] - fit_round 47 received 3 results and 0 failures
[2026-01-15 22:55:47,640][flwr][INFO] - fit progress: (47, 0.7297562820327891, {'rmse': 10029.27953544022, 'mae': 4339.81103515625, 'r2': 0.1971819684464502, 'mape': 74.98037719726562, 'accuracy_10': 28.128129243850708, 'accuracy_20': 46.89689576625824}, 268.3728795420029)
[2026-01-15 22:55:47,640][flwr][DEBUG] - evaluate_round 47: strategy sampled 3 clients (out of 3)
[2026-01-15 22:55:47,720][flwr][DEBUG] - evaluate_round 47 received 3 results and 0 failures
[2026-01-15 22:55:47,720][flwr][DEBUG] - fit_round 48: strategy sampled 3 clients (out of 3)
[2026-01-15 22:55:53,059][flwr][DEBUG] - fit_round 48 received 3 results and 0 failures
[2026-01-15 22:55:53,197][flwr][INFO] - fit progress: (48, 0.7232584155745454, {'rmse': 9984.528431528452, 'mae': 4381.76220703125, 'r2': 0.2043304238042739, 'mape': 75.69600677490234, 'accuracy_10': 26.726725697517395, 'accuracy_20': 45.34534513950348}, 273.9297825419926)
[2026-01-15 22:55:53,197][flwr][DEBUG] - evaluate_round 48: strategy sampled 3 clients (out of 3)
[2026-01-15 22:55:53,275][flwr][DEBUG] - evaluate_round 48 received 3 results and 0 failures
[2026-01-15 22:55:53,275][flwr][DEBUG] - fit_round 49: strategy sampled 3 clients (out of 3)
[2026-01-15 22:55:58,604][flwr][DEBUG] - fit_round 49 received 3 results and 0 failures
[2026-01-15 22:55:58,734][flwr][INFO] - fit progress: (49, 0.7230446188299505, {'rmse': 9983.052439008823, 'mae': 4352.38525390625, 'r2': 0.20456564700615643, 'mape': 75.8203125, 'accuracy_10': 27.827829122543335, 'accuracy_20': 46.44644558429718}, 279.4682672499912)
[2026-01-15 22:55:58,734][flwr][DEBUG] - evaluate_round 49: strategy sampled 3 clients (out of 3)
[2026-01-15 22:55:58,812][flwr][DEBUG] - evaluate_round 49 received 3 results and 0 failures
[2026-01-15 22:55:58,813][flwr][DEBUG] - fit_round 50: strategy sampled 3 clients (out of 3)
[2026-01-15 22:56:04,140][flwr][DEBUG] - fit_round 50 received 3 results and 0 failures
[2026-01-15 22:56:04,279][flwr][INFO] - fit progress: (50, 0.7185081516777551, {'rmse': 9951.686088296798, 'mae': 4420.6171875, 'r2': 0.2095562534585632, 'mape': 76.72455596923828, 'accuracy_10': 25.525525212287903, 'accuracy_20': 44.89489495754242}, 285.01549591700314)
[2026-01-15 22:56:04,279][flwr][DEBUG] - evaluate_round 50: strategy sampled 3 clients (out of 3)
[2026-01-15 22:56:04,356][flwr][DEBUG] - evaluate_round 50 received 3 results and 0 failures
[2026-01-15 22:56:04,356][flwr][INFO] - FL finished in 285.0930174170062
[2026-01-15 22:56:04,357][flwr][INFO] - app_fit: losses_distributed [(1, 0.6360901781275512), (2, 0.19931503408497875), (3, 0.20159469858400023), (4, 0.2058496783141165), (5, 0.2150403428439666), (6, 0.2311009547324761), (7, 0.24531397456846812), (8, 0.2664188560452509), (9, 0.29339097766386857), (10, 0.33065496745409073), (11, 0.366673775021403), (12, 0.39873137317593726), (13, 0.43127023352060534), (14, 0.4550386661204979), (15, 0.4695703671161104), (16, 0.47600324392699744), (17, 0.49259729806816266), (18, 0.5019726105171022), (19, 0.5033302219867243), (20, 0.5062108611011916), (21, 0.4958716011406847), (22, 0.4978446678619307), (23, 0.4983544110498076), (24, 0.4802974595410284), (25, 0.4957145086803855), (26, 0.4920615847779023), (27, 0.48834407778085104), (28, 0.4900788182041723), (29, 0.4868655188662466), (30, 0.4799526834559149), (31, 0.48021638556991836), (32, 0.49326550166612865), (33, 0.4798182972011598), (34, 0.4773960159537592), (35, 0.4730949764154963), (36, 0.47130392307934327), (37, 0.4749557498993643), (38, 0.46815484294615034), (39, 0.4783202035724288), (40, 0.4675595639868867), (41, 0.4639795070981038), (42, 0.46289207716744235), (43, 0.46023507222011395), (44, 0.46440545637667874), (45, 0.46171805892903783), (46, 0.4643688620031377), (47, 0.457494329431277), (48, 0.46007911573107735), (49, 0.4549265450872005), (50, 0.4614620648237518)]
[2026-01-15 22:56:04,357][flwr][INFO] - app_fit: metrics_distributed_fit {}
[2026-01-15 22:56:04,357][flwr][INFO] - app_fit: metrics_distributed {}
[2026-01-15 22:56:04,357][flwr][INFO] - app_fit: losses_centralized [(0, 1.4145967275411397), (1, 0.6254834567343032), (2, 0.25430242119131385), (3, 0.2638718682426113), (4, 0.2894773664506706), (5, 0.3064556825566698), (6, 0.3230216043728131), (7, 0.3557410663491613), (8, 0.39632784144895095), (9, 0.4360495868387881), (10, 0.4789172365023448), (11, 0.542831593954766), (12, 0.5913206524736769), (13, 0.6469098467965264), (14, 0.6773580069000179), (15, 0.7043099344910325), (16, 0.7307869618958062), (17, 0.7367078167003196), (18, 0.7552889634419728), (19, 0.7603787340678729), (20, 0.7670400043328603), (21, 0.7584624406513389), (22, 0.7623058304533705), (23, 0.7682354048983352), (24, 0.744678589361566), (25, 0.7581728825101385), (26, 0.756207596969318), (27, 0.7604308370444868), (28, 0.7550384383629989), (29, 0.7591382830708593), (30, 0.7417291344942393), (31, 0.7485281163239265), (32, 0.7440103291868567), (33, 0.750083910646262), (34, 0.7457029743864013), (35, 0.7418771072163118), (36, 0.7418484700483842), (37, 0.7330714654218446), (38, 0.7270341532097923), (39, 0.7248817420936562), (40, 0.7261069830920961), (41, 0.726494012696965), (42, 0.7231479562647469), (43, 0.72423947592815), (44, 0.7193171736953018), (45, 0.7241292727870626), (46, 0.7216025262593746), (47, 0.7297562820327891), (48, 0.7232584155745454), (49, 0.7230446188299505), (50, 0.7185081516777551)]
[2026-01-15 22:56:04,358][flwr][INFO] - app_fit: metrics_centralized {'rmse': [(0, 13963.591515079492), (1, 9285.145987005266), (2, 5920.468224726825), (3, 6030.833773202508), (4, 6316.669058926548), (5, 6499.271036047043), (6, 6672.622872604145), (7, 7002.414726364042), (8, 7391.083276489313), (9, 7752.62484581835), (10, 8124.769781353808), (11, 8649.945202138566), (12, 9028.016393427739), (13, 9442.841521491293), (14, 9662.510646824665), (15, 9852.869632751668), (16, 10036.359100789488), (17, 10076.935248377851), (18, 10203.223020202979), (19, 10237.544236778662), (20, 10282.28962828805), (21, 10224.635739232963), (22, 10250.508670305098), (23, 10290.298343585573), (24, 10131.301199747246), (25, 10222.684187629), (26, 10209.425840859025), (27, 10237.895096161124), (28, 10201.530865512294), (29, 10229.190388295645), (30, 10111.2179286177), (31, 10157.454011709824), (32, 10126.754662773263), (33, 10168.004327300418), (34, 10138.26770212742), (35, 10112.226658852143), (36, 10112.031645520103), (37, 10052.035017845888), (38, 10010.556428091297), (39, 9995.727087110772), (40, 10004.170730250458), (41, 10006.837262592013), (42, 9983.766423549781), (43, 9991.298213945973), (44, 9957.286779037751), (45, 9990.538323834207), (46, 9973.09259959016), (47, 10029.27953544022), (48, 9984.528431528452), (49, 9983.052439008823), (50, 9951.686088296798)], 'mae': [(0, 10300.927734375), (1, 5559.5263671875), (2, 3922.986083984375), (3, 3927.4267578125), (4, 3955.39404296875), (5, 3969.9619140625), (6, 4013.847900390625), (7, 4092.578369140625), (8, 4180.29638671875), (9, 4269.8994140625), (10, 4421.82177734375), (11, 4544.56689453125), (12, 4601.08154296875), (13, 4681.32373046875), (14, 4712.529296875), (15, 4708.51171875), (16, 4664.05029296875), (17, 4688.69580078125), (18, 4672.7109375), (19, 4620.857421875), (20, 4587.50244140625), (21, 4515.38525390625), (22, 4497.08837890625), (23, 4466.16845703125), (24, 4374.67041015625), (25, 4424.6044921875), (26, 4391.82177734375), (27, 4349.76953125), (28, 4366.0888671875), (29, 4337.96875), (30, 4338.7978515625), (31, 4317.52099609375), (32, 4393.2431640625), (33, 4312.0205078125), (34, 4305.318359375), (35, 4295.1513671875), (36, 4288.13525390625), (37, 4325.33154296875), (38, 4306.677734375), (39, 4397.2578125), (40, 4339.22265625), (41, 4316.33740234375), (42, 4327.326171875), (43, 4331.87353515625), (44, 4374.587890625), (45, 4364.3935546875), (46, 4398.46435546875), (47, 4339.81103515625), (48, 4381.76220703125), (49, 4352.38525390625), (50, 4420.6171875)], 'r2': [(0, -0.5562232211899847), (1, 0.3118943812481163), (2, 0.7202373437449379), (3, 0.709709829207928), (4, 0.6815407381518748), (5, 0.6628626153168002), (6, 0.6446381512529693), (7, 0.608642849172121), (8, 0.5639926553289607), (9, 0.5202939897330374), (10, 0.4731345193321206), (11, 0.4028212385476767), (12, 0.34947753811496163), (13, 0.2883228435173395), (14, 0.25482618255454104), (15, 0.22517595107828636), (16, 0.19604819784928507), (17, 0.1895344655331579), (18, 0.16909308496800046), (19, 0.16349373867121142), (20, 0.15616549529569956), (21, 0.16560184644323084), (22, 0.1613737192067205), (23, 0.15485043135707233), (24, 0.18076575820376917), (25, 0.1659203860435543), (26, 0.1680824891248538), (27, 0.1634363400212251), (28, 0.16936862466747893), (29, 0.16485834739665706), (30, 0.18401051632278198), (31, 0.17653082428584654), (32, 0.18150087979629692), (33, 0.1748192711549531), (34, 0.17963872883915644), (35, 0.18384767955976478), (36, 0.1838791604612966), (37, 0.1935348307377952), (38, 0.20017664647242095), (39, 0.20254458621758276), (40, 0.20119673240022895), (41, 0.20077085666994243), (42, 0.2044518968879394), (43, 0.20325110665840707), (44, 0.20866627986390562), (45, 0.20337231794663369), (46, 0.20615206191723923), (47, 0.1971819684464502), (48, 0.2043304238042739), (49, 0.20456564700615643), (50, 0.2095562534585632)], 'mape': [(0, 303.5270080566406), (1, 88.21085357666016), (2, 92.15522003173828), (3, 88.95063781738281), (4, 88.0578384399414), (5, 86.7309799194336), (6, 85.26264190673828), (7, 84.54242706298828), (8, 84.45142364501953), (9, 84.48382568359375), (10, 83.11317443847656), (11, 83.88864135742188), (12, 83.23291778564453), (13, 82.50900268554688), (14, 78.79440307617188), (15, 76.37946319580078), (16, 75.1046371459961), (17, 72.06285095214844), (18, 70.49984741210938), (19, 69.29080200195312), (20, 68.8567886352539), (21, 67.35096740722656), (22, 66.79627227783203), (23, 66.3280258178711), (24, 65.20433044433594), (25, 64.70746612548828), (26, 64.84466552734375), (27, 64.45295715332031), (28, 64.26504516601562), (29, 64.67221069335938), (30, 64.08443450927734), (31, 64.9391860961914), (32, 64.39310455322266), (33, 65.70387268066406), (34, 65.93632507324219), (35, 66.70848846435547), (36, 67.17792510986328), (37, 67.87610626220703), (38, 68.84510803222656), (39, 69.79324340820312), (40, 70.13030242919922), (41, 70.91749572753906), (42, 71.54508972167969), (43, 72.23236846923828), (44, 73.5594482421875), (45, 74.0792465209961), (46, 74.77606201171875), (47, 74.98037719726562), (48, 75.69600677490234), (49, 75.8203125), (50, 76.72455596923828)], 'accuracy_10': [(0, 6.056056171655655), (1, 7.457457482814789), (2, 13.863864541053772), (3, 14.914914965629578), (4, 15.615615248680115), (5, 16.516517102718353), (6, 18.2182177901268), (7, 17.267267405986786), (8, 19.21921968460083), (9, 19.5695698261261), (10, 18.618617951869965), (11, 19.469469785690308), (12, 20.520520210266113), (13, 22.072072327136993), (14, 21.621622145175934), (15, 22.472472488880157), (16, 24.22422468662262), (17, 23.173172771930695), (18, 24.12412464618683), (19, 24.924924969673157), (20, 26.176175475120544), (21, 27.277275919914246), (22, 27.627629041671753), (23, 27.627629041671753), (24, 28.2282292842865), (25, 27.427425980567932), (26, 27.477476000785828), (27, 28.2282292842865), (28, 27.477476000785828), (29, 28.078079223632812), (30, 27.22722589969635), (31, 28.32832932472229), (32, 26.276275515556335), (33, 28.278279304504395), (34, 28.42842936515808), (35, 28.628629446029663), (36, 29.3293297290802), (37, 28.178179264068604), (38, 28.2282292842865), (39, 26.026025414466858), (40, 27.727729082107544), (41, 28.628629446029663), (42, 28.528529405593872), (43, 28.078079223632812), (44, 26.926925778388977), (45, 26.726725697517395), (46, 25.475475192070007), (47, 28.128129243850708), (48, 26.726725697517395), (49, 27.827829122543335), (50, 25.525525212287903)], 'accuracy_20': [(0, 11.411411315202713), (1, 15.715715289115906), (2, 29.579579830169678), (3, 28.828829526901245), (4, 31.33133053779602), (5, 32.88288414478302), (6, 34.484484791755676), (7, 33.933934569358826), (8, 35.58558523654938), (9, 37.78778910636902), (10, 36.08608543872833), (11, 37.937939167022705), (12, 39.53953981399536), (13, 41.09109044075012), (14, 40.69069027900696), (15, 41.99199080467224), (16, 43.69369447231293), (17, 43.943944573402405), (18, 45.69569528102875), (19, 46.79679572582245), (20, 47.297295928001404), (21, 48.54854941368103), (22, 48.99899959564209), (23, 49.84984993934631), (24, 50.600600242614746), (25, 50.050050020217896), (26, 49.79979991912842), (27, 50.20020008087158), (28, 49.599599838256836), (29, 49.499499797821045), (30, 49.09909963607788), (31, 48.598599433898926), (32, 46.74674570560455), (33, 48.99899959564209), (34, 48.44844937324524), (35, 48.398399353027344), (36, 48.54854941368103), (37, 47.19719588756561), (38, 47.297295928001404), (39, 45.44544517993927), (40, 46.2462455034256), (41, 47.7977991104126), (42, 47.19719588756561), (43, 46.846845746040344), (44, 45.495495200157166), (45, 45.89589536190033), (46, 44.79479491710663), (47, 46.89689576625824), (48, 45.34534513950348), (49, 46.44644558429718), (50, 44.89489495754242)]}
[2026-01-15 22:56:04,664][flwr][INFO] - Starting Flower simulation, config: ServerConfig(num_rounds=50, round_timeout=None)
[2026-01-15 22:56:11,596][flwr][INFO] - Flower VCE: Ray initialized with resources: {'node:127.0.0.1': 1.0, 'CPU': 10.0, 'memory': 12180852736.0, 'object_store_memory': 2147483648.0}
[2026-01-15 22:56:11,597][flwr][INFO] - Initializing global parameters
[2026-01-15 22:56:11,597][flwr][INFO] - Using initial parameters provided by strategy
[2026-01-15 22:56:11,597][flwr][INFO] - Evaluating initial parameters
[2026-01-15 22:56:11,726][flwr][INFO] - initial parameters (loss, other metrics): 1.4145967275411397, {'rmse': 13963.591515079492, 'mae': 10300.927734375, 'r2': -0.5562232211899847, 'mape': 303.5270080566406, 'accuracy_10': 6.056056171655655, 'accuracy_20': 11.411411315202713}
[2026-01-15 22:56:11,726][flwr][INFO] - FL starting
[2026-01-15 22:56:11,726][flwr][DEBUG] - fit_round 1: strategy sampled 3 clients (out of 3)
[2026-01-15 22:56:33,234][flwr][DEBUG] - fit_round 1 received 3 results and 0 failures
[2026-01-15 22:56:33,236][flwr][WARNING] - No fit_metrics_aggregation_fn provided
[2026-01-15 22:56:33,372][flwr][INFO] - fit progress: (1, 0.29305635149533804, {'rmse': 6355.597532883907, 'mae': 3807.636474609375, 'r2': 0.6776034329235907, 'mape': 76.6982421875, 'accuracy_10': 17.517517507076263, 'accuracy_20': 34.53453481197357}, 21.649208500020904)
[2026-01-15 22:56:33,372][flwr][DEBUG] - evaluate_round 1: strategy sampled 3 clients (out of 3)
[2026-01-15 22:56:33,554][flwr][DEBUG] - evaluate_round 1 received 3 results and 0 failures
[2026-01-15 22:56:33,555][flwr][WARNING] - No evaluate_metrics_aggregation_fn provided
[2026-01-15 22:56:33,555][flwr][DEBUG] - fit_round 2: strategy sampled 3 clients (out of 3)
[2026-01-15 22:56:50,668][flwr][DEBUG] - fit_round 2 received 3 results and 0 failures
[2026-01-15 22:56:50,799][flwr][INFO] - fit progress: (2, 0.6066741970804957, {'rmse': 9144.470679049717, 'mae': 4695.7197265625, 'r2': 0.3325868236392119, 'mape': 91.38849639892578, 'accuracy_10': 19.919919967651367, 'accuracy_20': 38.838839530944824}, 39.07668766702409)
[2026-01-15 22:56:50,799][flwr][DEBUG] - evaluate_round 2: strategy sampled 3 clients (out of 3)
[2026-01-15 22:56:50,929][flwr][DEBUG] - evaluate_round 2 received 3 results and 0 failures
[2026-01-15 22:56:50,929][flwr][DEBUG] - fit_round 3: strategy sampled 3 clients (out of 3)
[2026-01-15 22:57:07,824][flwr][DEBUG] - fit_round 3 received 3 results and 0 failures
[2026-01-15 22:57:07,951][flwr][INFO] - fit progress: (3, 0.8760113314286366, {'rmse': 10988.430643181036, 'mae': 5300.43310546875, 'r2': 0.03628419334771249, 'mape': 97.806396484375, 'accuracy_10': 19.969969987869263, 'accuracy_20': 39.68968987464905}, 56.2290916670172)
[2026-01-15 22:57:07,951][flwr][DEBUG] - evaluate_round 3: strategy sampled 3 clients (out of 3)
[2026-01-15 22:57:08,034][flwr][DEBUG] - evaluate_round 3 received 3 results and 0 failures
[2026-01-15 22:57:08,035][flwr][DEBUG] - fit_round 4: strategy sampled 3 clients (out of 3)
[2026-01-15 22:57:25,432][flwr][DEBUG] - fit_round 4 received 3 results and 0 failures
[2026-01-15 22:57:25,604][flwr][INFO] - fit progress: (4, 0.9783723801821917, {'rmse': 11612.692366544461, 'mae': 5457.37548828125, 'r2': -0.07632508579527397, 'mape': 96.4704818725586, 'accuracy_10': 23.073072731494904, 'accuracy_20': 40.74074029922485}, 73.88200904201949)
[2026-01-15 22:57:25,604][flwr][DEBUG] - evaluate_round 4: strategy sampled 3 clients (out of 3)
[2026-01-15 22:57:25,714][flwr][DEBUG] - evaluate_round 4 received 3 results and 0 failures
[2026-01-15 22:57:25,714][flwr][DEBUG] - fit_round 5: strategy sampled 3 clients (out of 3)
[2026-01-15 22:57:42,779][flwr][DEBUG] - fit_round 5 received 3 results and 0 failures
[2026-01-15 22:57:42,930][flwr][INFO] - fit progress: (5, 1.033225136670145, {'rmse': 11933.78732842177, 'mae': 5535.13525390625, 'r2': -0.13666958895825387, 'mape': 89.17658233642578, 'accuracy_10': 21.22122049331665, 'accuracy_20': 40.79079031944275}, 91.20798325000214)
[2026-01-15 22:57:42,930][flwr][DEBUG] - evaluate_round 5: strategy sampled 3 clients (out of 3)
[2026-01-15 22:57:43,129][flwr][DEBUG] - evaluate_round 5 received 3 results and 0 failures
[2026-01-15 22:57:43,130][flwr][DEBUG] - fit_round 6: strategy sampled 3 clients (out of 3)
[2026-01-15 22:57:59,507][flwr][DEBUG] - fit_round 6 received 3 results and 0 failures
[2026-01-15 22:57:59,652][flwr][INFO] - fit progress: (6, 0.9796081653109064, {'rmse': 11620.024096360557, 'mae': 5375.03125, 'r2': -0.0776845895096605, 'mape': 82.89717864990234, 'accuracy_10': 20.820820331573486, 'accuracy_20': 42.292290925979614}, 107.93033216701588)
[2026-01-15 22:57:59,652][flwr][DEBUG] - evaluate_round 6: strategy sampled 3 clients (out of 3)
[2026-01-15 22:57:59,751][flwr][DEBUG] - evaluate_round 6 received 3 results and 0 failures
[2026-01-15 22:57:59,751][flwr][DEBUG] - fit_round 7: strategy sampled 3 clients (out of 3)
[2026-01-15 22:58:16,768][flwr][DEBUG] - fit_round 7 received 3 results and 0 failures
[2026-01-15 22:58:16,917][flwr][INFO] - fit progress: (7, 0.9784979154397776, {'rmse': 11613.43704507843, 'mae': 5413.064453125, 'r2': -0.07646318288931186, 'mape': 77.91777801513672, 'accuracy_10': 19.76976990699768, 'accuracy_20': 41.04104042053223}, 125.19519100000616)
[2026-01-15 22:58:16,917][flwr][DEBUG] - evaluate_round 7: strategy sampled 3 clients (out of 3)
[2026-01-15 22:58:17,026][flwr][DEBUG] - evaluate_round 7 received 3 results and 0 failures
[2026-01-15 22:58:17,026][flwr][DEBUG] - fit_round 8: strategy sampled 3 clients (out of 3)
[2026-01-15 22:58:33,704][flwr][DEBUG] - fit_round 8 received 3 results and 0 failures
[2026-01-15 22:58:33,859][flwr][INFO] - fit progress: (8, 0.9992214772138033, {'rmse': 11735.772322263243, 'mae': 5331.05419921875, 'r2': -0.09926137689347647, 'mape': 79.51727294921875, 'accuracy_10': 24.22422468662262, 'accuracy_20': 43.29329431056976}, 142.13777062500594)
[2026-01-15 22:58:33,860][flwr][DEBUG] - evaluate_round 8: strategy sampled 3 clients (out of 3)
[2026-01-15 22:58:34,012][flwr][DEBUG] - evaluate_round 8 received 3 results and 0 failures
[2026-01-15 22:58:34,012][flwr][DEBUG] - fit_round 9: strategy sampled 3 clients (out of 3)
[2026-01-15 22:58:50,088][flwr][DEBUG] - fit_round 9 received 3 results and 0 failures
[2026-01-15 22:58:50,214][flwr][INFO] - fit progress: (9, 0.9880725516750289, {'rmse': 11670.117051683757, 'mae': 5197.93359375, 'r2': -0.08699626057939902, 'mape': 78.2692642211914, 'accuracy_10': 27.277275919914246, 'accuracy_20': 45.34534513950348}, 158.49304600001778)
[2026-01-15 22:58:50,215][flwr][DEBUG] - evaluate_round 9: strategy sampled 3 clients (out of 3)
[2026-01-15 22:58:50,317][flwr][DEBUG] - evaluate_round 9 received 3 results and 0 failures
[2026-01-15 22:58:50,317][flwr][DEBUG] - fit_round 10: strategy sampled 3 clients (out of 3)
[2026-01-15 22:59:06,188][flwr][DEBUG] - fit_round 10 received 3 results and 0 failures
[2026-01-15 22:59:06,314][flwr][INFO] - fit progress: (10, 0.9902642251731636, {'rmse': 11683.053025643596, 'mae': 5218.74072265625, 'r2': -0.08940739657198504, 'mape': 76.77237701416016, 'accuracy_10': 26.626625657081604, 'accuracy_20': 43.493494391441345}, 174.59256654200726)
[2026-01-15 22:59:06,314][flwr][DEBUG] - evaluate_round 10: strategy sampled 3 clients (out of 3)
[2026-01-15 22:59:06,396][flwr][DEBUG] - evaluate_round 10 received 3 results and 0 failures
[2026-01-15 22:59:06,396][flwr][DEBUG] - fit_round 11: strategy sampled 3 clients (out of 3)
[2026-01-15 22:59:22,447][flwr][DEBUG] - fit_round 11 received 3 results and 0 failures
[2026-01-15 22:59:22,576][flwr][INFO] - fit progress: (11, 0.9516213100414734, {'rmse': 11452.831964191215, 'mae': 5114.1181640625, 'r2': -0.046895678771760485, 'mape': 74.43457794189453, 'accuracy_10': 24.87487494945526, 'accuracy_20': 43.19319427013397}, 190.8545932499983)
[2026-01-15 22:59:22,576][flwr][DEBUG] - evaluate_round 11: strategy sampled 3 clients (out of 3)
[2026-01-15 22:59:22,656][flwr][DEBUG] - evaluate_round 11 received 3 results and 0 failures
[2026-01-15 22:59:22,656][flwr][DEBUG] - fit_round 12: strategy sampled 3 clients (out of 3)
[2026-01-15 22:59:38,518][flwr][DEBUG] - fit_round 12 received 3 results and 0 failures
[2026-01-15 22:59:38,652][flwr][INFO] - fit progress: (12, 0.9622825226327917, {'rmse': 11516.807543759685, 'mae': 5112.97314453125, 'r2': -0.058624245333741776, 'mape': 74.63235473632812, 'accuracy_10': 25.12512505054474, 'accuracy_20': 42.54254400730133}, 206.93130487500457)
[2026-01-15 22:59:38,653][flwr][DEBUG] - evaluate_round 12: strategy sampled 3 clients (out of 3)
[2026-01-15 22:59:38,730][flwr][DEBUG] - evaluate_round 12 received 3 results and 0 failures
[2026-01-15 22:59:38,731][flwr][DEBUG] - fit_round 13: strategy sampled 3 clients (out of 3)
[2026-01-15 22:59:54,743][flwr][DEBUG] - fit_round 13 received 3 results and 0 failures
[2026-01-15 22:59:54,866][flwr][INFO] - fit progress: (13, 0.9386468429166872, {'rmse': 11374.490406167653, 'mae': 5105.26123046875, 'r2': -0.032622395094477064, 'mape': 75.65510559082031, 'accuracy_10': 23.22322279214859, 'accuracy_20': 40.040040016174316}, 223.14510091699776)
[2026-01-15 22:59:54,866][flwr][DEBUG] - evaluate_round 13: strategy sampled 3 clients (out of 3)
[2026-01-15 22:59:54,949][flwr][DEBUG] - evaluate_round 13 received 3 results and 0 failures
[2026-01-15 22:59:54,949][flwr][DEBUG] - fit_round 14: strategy sampled 3 clients (out of 3)
[2026-01-15 23:00:10,747][flwr][DEBUG] - fit_round 14 received 3 results and 0 failures
[2026-01-15 23:00:10,869][flwr][INFO] - fit progress: (14, 0.9196932897851751, {'rmse': 11259.06497005857, 'mae': 5100.7216796875, 'r2': -0.011771108320808077, 'mape': 75.55020904541016, 'accuracy_10': 21.921922266483307, 'accuracy_20': 39.289289712905884}, 239.148180417018)
[2026-01-15 23:00:10,869][flwr][DEBUG] - evaluate_round 14: strategy sampled 3 clients (out of 3)
[2026-01-15 23:00:10,951][flwr][DEBUG] - evaluate_round 14 received 3 results and 0 failures
[2026-01-15 23:00:10,951][flwr][DEBUG] - fit_round 15: strategy sampled 3 clients (out of 3)
[2026-01-15 23:00:26,813][flwr][DEBUG] - fit_round 15 received 3 results and 0 failures
[2026-01-15 23:00:26,939][flwr][INFO] - fit progress: (15, 0.9080739848248593, {'rmse': 11187.715763282513, 'mae': 5072.419921875, 'r2': 0.0010115121271828675, 'mape': 74.62881469726562, 'accuracy_10': 21.471472084522247, 'accuracy_20': 37.937939167022705}, 255.2179954170133)
[2026-01-15 23:00:26,939][flwr][DEBUG] - evaluate_round 15: strategy sampled 3 clients (out of 3)
[2026-01-15 23:00:27,023][flwr][DEBUG] - evaluate_round 15 received 3 results and 0 failures
[2026-01-15 23:00:27,023][flwr][DEBUG] - fit_round 16: strategy sampled 3 clients (out of 3)
[2026-01-15 23:00:42,956][flwr][DEBUG] - fit_round 16 received 3 results and 0 failures
[2026-01-15 23:00:43,081][flwr][INFO] - fit progress: (16, 0.931948901117743, {'rmse': 11333.834302653273, 'mae': 4993.85546875, 'r2': -0.025253704323649817, 'mape': 75.25172424316406, 'accuracy_10': 24.024024605751038, 'accuracy_20': 39.73973989486694}, 271.35992725001415)
[2026-01-15 23:00:43,081][flwr][DEBUG] - evaluate_round 16: strategy sampled 3 clients (out of 3)
[2026-01-15 23:00:43,164][flwr][DEBUG] - evaluate_round 16 received 3 results and 0 failures
[2026-01-15 23:00:43,164][flwr][DEBUG] - fit_round 17: strategy sampled 3 clients (out of 3)
[2026-01-15 23:00:59,044][flwr][DEBUG] - fit_round 17 received 3 results and 0 failures
[2026-01-15 23:00:59,168][flwr][INFO] - fit progress: (17, 0.897599731658672, {'rmse': 11123.005349274988, 'mae': 4984.71044921875, 'r2': 0.012534503820740839, 'mape': 74.82254028320312, 'accuracy_10': 22.022022306919098, 'accuracy_20': 38.68868947029114}, 287.4471102080133)
[2026-01-15 23:00:59,168][flwr][DEBUG] - evaluate_round 17: strategy sampled 3 clients (out of 3)
[2026-01-15 23:00:59,253][flwr][DEBUG] - evaluate_round 17 received 3 results and 0 failures
[2026-01-15 23:00:59,253][flwr][DEBUG] - fit_round 18: strategy sampled 3 clients (out of 3)
[2026-01-15 23:01:15,043][flwr][DEBUG] - fit_round 18 received 3 results and 0 failures
[2026-01-15 23:01:15,183][flwr][INFO] - fit progress: (18, 0.8935850123027423, {'rmse': 11098.102540524664, 'mae': 4920.583984375, 'r2': 0.01695118922214356, 'mape': 73.73402404785156, 'accuracy_10': 23.67367297410965, 'accuracy_20': 40.69069027900696}, 303.4624902920041)
[2026-01-15 23:01:15,183][flwr][DEBUG] - evaluate_round 18: strategy sampled 3 clients (out of 3)
[2026-01-15 23:01:15,267][flwr][DEBUG] - evaluate_round 18 received 3 results and 0 failures
[2026-01-15 23:01:15,267][flwr][DEBUG] - fit_round 19: strategy sampled 3 clients (out of 3)
[2026-01-15 23:01:31,076][flwr][DEBUG] - fit_round 19 received 3 results and 0 failures
[2026-01-15 23:01:31,201][flwr][INFO] - fit progress: (19, 0.8695720072026487, {'rmse': 10947.969674784454, 'mae': 4859.60693359375, 'r2': 0.04336824702755826, 'mape': 73.27969360351562, 'accuracy_10': 22.77277261018753, 'accuracy_20': 40.59059023857117}, 319.48051458300324)
[2026-01-15 23:01:31,201][flwr][DEBUG] - evaluate_round 19: strategy sampled 3 clients (out of 3)
[2026-01-15 23:01:31,283][flwr][DEBUG] - evaluate_round 19 received 3 results and 0 failures
[2026-01-15 23:01:31,283][flwr][DEBUG] - fit_round 20: strategy sampled 3 clients (out of 3)
[2026-01-15 23:01:47,284][flwr][DEBUG] - fit_round 20 received 3 results and 0 failures
[2026-01-15 23:01:47,410][flwr][INFO] - fit progress: (20, 0.8537520217048274, {'rmse': 10847.92551596848, 'mae': 4855.62451171875, 'r2': 0.060772015114759714, 'mape': 73.10682678222656, 'accuracy_10': 21.921922266483307, 'accuracy_20': 38.98898959159851}, 335.68965033302084)
[2026-01-15 23:01:47,411][flwr][DEBUG] - evaluate_round 20: strategy sampled 3 clients (out of 3)
[2026-01-15 23:01:47,492][flwr][DEBUG] - evaluate_round 20 received 3 results and 0 failures
[2026-01-15 23:01:47,492][flwr][DEBUG] - fit_round 21: strategy sampled 3 clients (out of 3)
[2026-01-15 23:02:03,253][flwr][DEBUG] - fit_round 21 received 3 results and 0 failures
[2026-01-15 23:02:03,388][flwr][INFO] - fit progress: (21, 0.862277426041879, {'rmse': 10901.953219492367, 'mae': 4854.2646484375, 'r2': 0.051393128066074545, 'mape': 73.46013641357422, 'accuracy_10': 22.22222238779068, 'accuracy_20': 39.1391396522522}, 351.667397000012)
[2026-01-15 23:02:03,388][flwr][DEBUG] - evaluate_round 21: strategy sampled 3 clients (out of 3)
[2026-01-15 23:02:03,469][flwr][DEBUG] - evaluate_round 21 received 3 results and 0 failures
[2026-01-15 23:02:03,469][flwr][DEBUG] - fit_round 22: strategy sampled 3 clients (out of 3)
[2026-01-15 23:02:19,500][flwr][DEBUG] - fit_round 22 received 3 results and 0 failures
[2026-01-15 23:02:19,642][flwr][INFO] - fit progress: (22, 0.8626055895566225, {'rmse': 10904.028246478454, 'mae': 4835.34912109375, 'r2': 0.05103198125806452, 'mape': 74.15773010253906, 'accuracy_10': 22.12212234735489, 'accuracy_20': 39.1391396522522}, 367.9213622920215)
[2026-01-15 23:02:19,642][flwr][DEBUG] - evaluate_round 22: strategy sampled 3 clients (out of 3)
[2026-01-15 23:02:19,719][flwr][DEBUG] - evaluate_round 22 received 3 results and 0 failures
[2026-01-15 23:02:19,719][flwr][DEBUG] - fit_round 23: strategy sampled 3 clients (out of 3)
[2026-01-15 23:02:35,758][flwr][DEBUG] - fit_round 23 received 3 results and 0 failures
[2026-01-15 23:02:35,890][flwr][INFO] - fit progress: (23, 0.852013545649665, {'rmse': 10836.874826258721, 'mae': 4888.23046875, 'r2': 0.0626846271427548, 'mape': 73.52754211425781, 'accuracy_10': 20.920920372009277, 'accuracy_20': 37.287285923957825}, 384.1696440830128)
[2026-01-15 23:02:35,890][flwr][DEBUG] - evaluate_round 23: strategy sampled 3 clients (out of 3)
[2026-01-15 23:02:35,977][flwr][DEBUG] - evaluate_round 23 received 3 results and 0 failures
[2026-01-15 23:02:35,977][flwr][DEBUG] - fit_round 24: strategy sampled 3 clients (out of 3)
[2026-01-15 23:02:51,874][flwr][DEBUG] - fit_round 24 received 3 results and 0 failures
[2026-01-15 23:02:52,014][flwr][INFO] - fit progress: (24, 0.8373265882154127, {'rmse': 10743.066228968339, 'mae': 4828.2880859375, 'r2': 0.07884198714518942, 'mape': 74.33544158935547, 'accuracy_10': 20.870870351791382, 'accuracy_20': 37.287285923957825}, 400.2934630420059)
[2026-01-15 23:02:52,015][flwr][DEBUG] - evaluate_round 24: strategy sampled 3 clients (out of 3)
[2026-01-15 23:02:52,102][flwr][DEBUG] - evaluate_round 24 received 3 results and 0 failures
[2026-01-15 23:02:52,102][flwr][DEBUG] - fit_round 25: strategy sampled 3 clients (out of 3)
[2026-01-15 23:03:08,964][flwr][DEBUG] - fit_round 25 received 3 results and 0 failures
[2026-01-15 23:03:09,101][flwr][INFO] - fit progress: (25, 0.8331986416627217, {'rmse': 10716.552430702703, 'mae': 4751.07373046875, 'r2': 0.08338322172666524, 'mape': 73.90904235839844, 'accuracy_10': 21.971972286701202, 'accuracy_20': 39.23923969268799}, 417.38053208301426)
[2026-01-15 23:03:09,101][flwr][DEBUG] - evaluate_round 25: strategy sampled 3 clients (out of 3)
[2026-01-15 23:03:09,199][flwr][DEBUG] - evaluate_round 25 received 3 results and 0 failures
[2026-01-15 23:03:09,199][flwr][DEBUG] - fit_round 26: strategy sampled 3 clients (out of 3)
[2026-01-15 23:03:25,664][flwr][DEBUG] - fit_round 26 received 3 results and 0 failures
[2026-01-15 23:03:25,796][flwr][INFO] - fit progress: (26, 0.8297741309002236, {'rmse': 10694.506627236247, 'mae': 4727.4716796875, 'r2': 0.08715058899065098, 'mape': 73.67588806152344, 'accuracy_10': 22.472472488880157, 'accuracy_20': 39.63963985443115}, 434.07560391700827)
[2026-01-15 23:03:25,796][flwr][DEBUG] - evaluate_round 26: strategy sampled 3 clients (out of 3)
[2026-01-15 23:03:25,884][flwr][DEBUG] - evaluate_round 26 received 3 results and 0 failures
[2026-01-15 23:03:25,885][flwr][DEBUG] - fit_round 27: strategy sampled 3 clients (out of 3)
[2026-01-15 23:03:42,638][flwr][DEBUG] - fit_round 27 received 3 results and 0 failures
[2026-01-15 23:03:42,763][flwr][INFO] - fit progress: (27, 0.8325239839078905, {'rmse': 10712.212843292464, 'mae': 4744.69921875, 'r2': 0.08412541179604438, 'mape': 73.1927490234375, 'accuracy_10': 22.722722589969635, 'accuracy_20': 39.73973989486694}, 451.0430937920173)
[2026-01-15 23:03:42,764][flwr][DEBUG] - evaluate_round 27: strategy sampled 3 clients (out of 3)
[2026-01-15 23:03:42,859][flwr][DEBUG] - evaluate_round 27 received 3 results and 0 failures
[2026-01-15 23:03:42,860][flwr][DEBUG] - fit_round 28: strategy sampled 3 clients (out of 3)
[2026-01-15 23:03:58,971][flwr][DEBUG] - fit_round 28 received 3 results and 0 failures
[2026-01-15 23:03:59,105][flwr][INFO] - fit progress: (28, 0.8368504402098116, {'rmse': 10740.011173178546, 'mae': 4687.64208984375, 'r2': 0.07936583981849721, 'mape': 73.52365112304688, 'accuracy_10': 23.1231227517128, 'accuracy_20': 39.68968987464905}, 467.38513337500626)
[2026-01-15 23:03:59,106][flwr][DEBUG] - evaluate_round 28: strategy sampled 3 clients (out of 3)
[2026-01-15 23:03:59,191][flwr][DEBUG] - evaluate_round 28 received 3 results and 0 failures
[2026-01-15 23:03:59,191][flwr][DEBUG] - fit_round 29: strategy sampled 3 clients (out of 3)
[2026-01-15 23:04:15,385][flwr][DEBUG] - fit_round 29 received 3 results and 0 failures
[2026-01-15 23:04:15,509][flwr][INFO] - fit progress: (29, 0.8226589883889284, {'rmse': 10648.555958438685, 'mae': 4746.32763671875, 'r2': 0.09497814171707042, 'mape': 73.21126556396484, 'accuracy_10': 22.272272408008575, 'accuracy_20': 38.88888955116272}, 483.78881108300993)
[2026-01-15 23:04:15,509][flwr][DEBUG] - evaluate_round 29: strategy sampled 3 clients (out of 3)
[2026-01-15 23:04:15,596][flwr][DEBUG] - evaluate_round 29 received 3 results and 0 failures
[2026-01-15 23:04:15,596][flwr][DEBUG] - fit_round 30: strategy sampled 3 clients (out of 3)
[2026-01-15 23:04:32,148][flwr][DEBUG] - fit_round 30 received 3 results and 0 failures
[2026-01-15 23:04:32,286][flwr][INFO] - fit progress: (30, 0.8224582909284769, {'rmse': 10647.257675101133, 'mae': 4707.837890625, 'r2': 0.09519883527209216, 'mape': 73.29492950439453, 'accuracy_10': 22.67267256975174, 'accuracy_20': 39.98998999595642}, 500.56564195800456)
[2026-01-15 23:04:32,286][flwr][DEBUG] - evaluate_round 30: strategy sampled 3 clients (out of 3)
[2026-01-15 23:04:32,373][flwr][DEBUG] - evaluate_round 30 received 3 results and 0 failures
[2026-01-15 23:04:32,374][flwr][DEBUG] - fit_round 31: strategy sampled 3 clients (out of 3)
[2026-01-15 23:04:48,691][flwr][DEBUG] - fit_round 31 received 3 results and 0 failures
[2026-01-15 23:04:48,817][flwr][INFO] - fit progress: (31, 0.8197683958081273, {'rmse': 10629.832359919887, 'mae': 4703.83837890625, 'r2': 0.09815797456722763, 'mape': 73.03147888183594, 'accuracy_10': 22.422422468662262, 'accuracy_20': 39.43943977355957}, 517.0968128330132)
[2026-01-15 23:04:48,817][flwr][DEBUG] - evaluate_round 31: strategy sampled 3 clients (out of 3)
[2026-01-15 23:04:48,900][flwr][DEBUG] - evaluate_round 31 received 3 results and 0 failures
[2026-01-15 23:04:48,900][flwr][DEBUG] - fit_round 32: strategy sampled 3 clients (out of 3)
[2026-01-15 23:05:05,048][flwr][DEBUG] - fit_round 32 received 3 results and 0 failures
[2026-01-15 23:05:05,179][flwr][INFO] - fit progress: (32, 0.8069595831769842, {'rmse': 10546.45950070449, 'mae': 4688.640625, 'r2': 0.11224931041445163, 'mape': 72.0151138305664, 'accuracy_10': 22.32232242822647, 'accuracy_20': 39.23923969268799}, 533.4591275420098)
[2026-01-15 23:05:05,179][flwr][DEBUG] - evaluate_round 32: strategy sampled 3 clients (out of 3)
[2026-01-15 23:05:05,267][flwr][DEBUG] - evaluate_round 32 received 3 results and 0 failures
[2026-01-15 23:05:05,267][flwr][DEBUG] - fit_round 33: strategy sampled 3 clients (out of 3)
[2026-01-15 23:05:21,709][flwr][DEBUG] - fit_round 33 received 3 results and 0 failures
[2026-01-15 23:05:21,833][flwr][INFO] - fit progress: (33, 0.8083719228421365, {'rmse': 10555.684724355877, 'mae': 4675.16064453125, 'r2': 0.11069555448437585, 'mape': 72.70926666259766, 'accuracy_10': 22.67267256975174, 'accuracy_20': 38.838839530944824}, 550.113509583025)
[2026-01-15 23:05:21,834][flwr][DEBUG] - evaluate_round 33: strategy sampled 3 clients (out of 3)
[2026-01-15 23:05:21,913][flwr][DEBUG] - evaluate_round 33 received 3 results and 0 failures
[2026-01-15 23:05:21,913][flwr][DEBUG] - fit_round 34: strategy sampled 3 clients (out of 3)
[2026-01-15 23:05:37,934][flwr][DEBUG] - fit_round 34 received 3 results and 0 failures
[2026-01-15 23:05:38,060][flwr][INFO] - fit progress: (34, 0.8068430281437196, {'rmse': 10545.698269910818, 'mae': 4662.615234375, 'r2': 0.11237745928180998, 'mape': 72.80095672607422, 'accuracy_10': 22.87287265062332, 'accuracy_20': 39.489489793777466}, 566.3405713330139)
[2026-01-15 23:05:38,061][flwr][DEBUG] - evaluate_round 34: strategy sampled 3 clients (out of 3)
[2026-01-15 23:05:38,139][flwr][DEBUG] - evaluate_round 34 received 3 results and 0 failures
[2026-01-15 23:05:38,139][flwr][DEBUG] - fit_round 35: strategy sampled 3 clients (out of 3)
[2026-01-15 23:05:54,173][flwr][DEBUG] - fit_round 35 received 3 results and 0 failures
[2026-01-15 23:05:54,304][flwr][INFO] - fit progress: (35, 0.7931018010811047, {'rmse': 10455.511082677882, 'mae': 4595.44921875, 'r2': 0.12749450965877906, 'mape': 71.56520080566406, 'accuracy_10': 23.923924565315247, 'accuracy_20': 41.04104042053223}, 582.5840137920168)
[2026-01-15 23:05:54,304][flwr][DEBUG] - evaluate_round 35: strategy sampled 3 clients (out of 3)
[2026-01-15 23:05:54,391][flwr][DEBUG] - evaluate_round 35 received 3 results and 0 failures
[2026-01-15 23:05:54,392][flwr][DEBUG] - fit_round 36: strategy sampled 3 clients (out of 3)
[2026-01-15 23:06:10,669][flwr][DEBUG] - fit_round 36 received 3 results and 0 failures
[2026-01-15 23:06:10,794][flwr][INFO] - fit progress: (36, 0.8035843838621546, {'rmse': 10524.38121696473, 'mae': 4650.23828125, 'r2': 0.11596235512485842, 'mape': 72.5788345336914, 'accuracy_10': 22.87287265062332, 'accuracy_20': 39.289289712905884}, 599.074494792003)
[2026-01-15 23:06:10,794][flwr][DEBUG] - evaluate_round 36: strategy sampled 3 clients (out of 3)
[2026-01-15 23:06:10,880][flwr][DEBUG] - evaluate_round 36 received 3 results and 0 failures
[2026-01-15 23:06:10,881][flwr][DEBUG] - fit_round 37: strategy sampled 3 clients (out of 3)
[2026-01-15 23:06:26,962][flwr][DEBUG] - fit_round 37 received 3 results and 0 failures
[2026-01-15 23:06:27,088][flwr][INFO] - fit progress: (37, 0.7991320403727206, {'rmse': 10495.184800659777, 'mae': 4615.1220703125, 'r2': 0.12086048233846158, 'mape': 72.14065551757812, 'accuracy_10': 23.32332283258438, 'accuracy_20': 39.78978991508484}, 615.3684612500074)
[2026-01-15 23:06:27,088][flwr][DEBUG] - evaluate_round 37: strategy sampled 3 clients (out of 3)
[2026-01-15 23:06:27,171][flwr][DEBUG] - evaluate_round 37 received 3 results and 0 failures
[2026-01-15 23:06:27,172][flwr][DEBUG] - fit_round 38: strategy sampled 3 clients (out of 3)
[2026-01-15 23:06:43,402][flwr][DEBUG] - fit_round 38 received 3 results and 0 failures
[2026-01-15 23:06:43,531][flwr][INFO] - fit progress: (38, 0.7802172077967001, {'rmse': 10370.23432714999, 'mae': 4622.28857421875, 'r2': 0.14166903100672457, 'mape': 72.02365112304688, 'accuracy_10': 22.422422468662262, 'accuracy_20': 39.18918967247009}, 631.8111157079984)
[2026-01-15 23:06:43,531][flwr][DEBUG] - evaluate_round 38: strategy sampled 3 clients (out of 3)
[2026-01-15 23:06:43,629][flwr][DEBUG] - evaluate_round 38 received 3 results and 0 failures
[2026-01-15 23:06:43,629][flwr][DEBUG] - fit_round 39: strategy sampled 3 clients (out of 3)
[2026-01-15 23:06:59,775][flwr][DEBUG] - fit_round 39 received 3 results and 0 failures
[2026-01-15 23:06:59,899][flwr][INFO] - fit progress: (39, 0.804544726828555, {'rmse': 10530.668354857635, 'mae': 4642.83984375, 'r2': 0.11490581418217882, 'mape': 73.28694915771484, 'accuracy_10': 23.32332283258438, 'accuracy_20': 39.43943977355957}, 648.1793653330242)
[2026-01-15 23:06:59,899][flwr][DEBUG] - evaluate_round 39: strategy sampled 3 clients (out of 3)
[2026-01-15 23:06:59,982][flwr][DEBUG] - evaluate_round 39 received 3 results and 0 failures
[2026-01-15 23:06:59,982][flwr][DEBUG] - fit_round 40: strategy sampled 3 clients (out of 3)
[2026-01-15 23:07:16,004][flwr][DEBUG] - fit_round 40 received 3 results and 0 failures
[2026-01-15 23:07:16,128][flwr][INFO] - fit progress: (40, 0.8090476248715375, {'rmse': 10560.095832898487, 'mae': 4640.06494140625, 'r2': 0.10995218633552162, 'mape': 72.53907012939453, 'accuracy_10': 23.32332283258438, 'accuracy_20': 39.53953981399536}, 664.4083476250235)
[2026-01-15 23:07:16,128][flwr][DEBUG] - evaluate_round 40: strategy sampled 3 clients (out of 3)
[2026-01-15 23:07:16,211][flwr][DEBUG] - evaluate_round 40 received 3 results and 0 failures
[2026-01-15 23:07:16,211][flwr][DEBUG] - fit_round 41: strategy sampled 3 clients (out of 3)
[2026-01-15 23:07:32,185][flwr][DEBUG] - fit_round 41 received 3 results and 0 failures
[2026-01-15 23:07:32,311][flwr][INFO] - fit progress: (41, 0.794014681775768, {'rmse': 10461.526848409843, 'mae': 4607.2470703125, 'r2': 0.12649019690616692, 'mape': 71.8503189086914, 'accuracy_10': 23.373372852802277, 'accuracy_20': 39.389389753341675}, 680.5911558330117)
[2026-01-15 23:07:32,311][flwr][DEBUG] - evaluate_round 41: strategy sampled 3 clients (out of 3)
[2026-01-15 23:07:32,397][flwr][DEBUG] - evaluate_round 41 received 3 results and 0 failures
[2026-01-15 23:07:32,397][flwr][DEBUG] - fit_round 42: strategy sampled 3 clients (out of 3)
[2026-01-15 23:07:48,835][flwr][DEBUG] - fit_round 42 received 3 results and 0 failures
[2026-01-15 23:07:48,986][flwr][INFO] - fit progress: (42, 0.7920720014008913, {'rmse': 10448.721261475013, 'mae': 4606.70947265625, 'r2': 0.128627363971908, 'mape': 71.76419830322266, 'accuracy_10': 22.972972691059113, 'accuracy_20': 39.1391396522522}, 697.2670861250081)
[2026-01-15 23:07:48,987][flwr][DEBUG] - evaluate_round 42: strategy sampled 3 clients (out of 3)
[2026-01-15 23:07:49,084][flwr][DEBUG] - evaluate_round 42 received 3 results and 0 failures
[2026-01-15 23:07:49,085][flwr][DEBUG] - fit_round 43: strategy sampled 3 clients (out of 3)
[2026-01-15 23:08:06,922][flwr][DEBUG] - fit_round 43 received 3 results and 0 failures
[2026-01-15 23:08:07,071][flwr][INFO] - fit progress: (43, 0.7796722015699705, {'rmse': 10366.611789779725, 'mae': 4581.72802734375, 'r2': 0.14226860801074404, 'mape': 71.12580871582031, 'accuracy_10': 22.77277261018753, 'accuracy_20': 39.88988995552063}, 715.3513322920189)
[2026-01-15 23:08:07,071][flwr][DEBUG] - evaluate_round 43: strategy sampled 3 clients (out of 3)
[2026-01-15 23:08:07,161][flwr][DEBUG] - evaluate_round 43 received 3 results and 0 failures
[2026-01-15 23:08:07,162][flwr][DEBUG] - fit_round 44: strategy sampled 3 clients (out of 3)
[2026-01-15 23:08:26,825][flwr][DEBUG] - fit_round 44 received 3 results and 0 failures
[2026-01-15 23:08:26,978][flwr][INFO] - fit progress: (44, 0.7880861022629896, {'rmse': 10422.397804728047, 'mae': 4555.6435546875, 'r2': 0.13301230667634, 'mape': 71.7260513305664, 'accuracy_10': 23.423422873020172, 'accuracy_20': 40.040040016174316}, 735.2586646249983)
[2026-01-15 23:08:26,978][flwr][DEBUG] - evaluate_round 44: strategy sampled 3 clients (out of 3)
[2026-01-15 23:08:27,256][flwr][DEBUG] - evaluate_round 44 received 3 results and 0 failures
[2026-01-15 23:08:27,257][flwr][DEBUG] - fit_round 45: strategy sampled 3 clients (out of 3)
[2026-01-15 23:08:44,116][flwr][DEBUG] - fit_round 45 received 3 results and 0 failures
[2026-01-15 23:08:44,244][flwr][INFO] - fit progress: (45, 0.7800478006566728, {'rmse': 10369.108737013032, 'mae': 4585.544921875, 'r2': 0.1418553639103861, 'mape': 72.01236724853516, 'accuracy_10': 22.822822630405426, 'accuracy_20': 39.389389753341675}, 752.5252218750247)
[2026-01-15 23:08:44,245][flwr][DEBUG] - evaluate_round 45: strategy sampled 3 clients (out of 3)
[2026-01-15 23:08:44,327][flwr][DEBUG] - evaluate_round 45 received 3 results and 0 failures
[2026-01-15 23:08:44,328][flwr][DEBUG] - fit_round 46: strategy sampled 3 clients (out of 3)
[2026-01-15 23:09:00,999][flwr][DEBUG] - fit_round 46 received 3 results and 0 failures
[2026-01-15 23:09:01,152][flwr][INFO] - fit progress: (46, 0.7763824375780733, {'rmse': 10344.717685853007, 'mae': 4572.46630859375, 'r2': 0.1458877990562929, 'mape': 71.29875183105469, 'accuracy_10': 23.023022711277008, 'accuracy_20': 39.53953981399536}, 769.4332268750004)
[2026-01-15 23:09:01,154][flwr][DEBUG] - evaluate_round 46: strategy sampled 3 clients (out of 3)
[2026-01-15 23:09:01,245][flwr][DEBUG] - evaluate_round 46 received 3 results and 0 failures
[2026-01-15 23:09:01,246][flwr][DEBUG] - fit_round 47: strategy sampled 3 clients (out of 3)
[2026-01-15 23:09:17,841][flwr][DEBUG] - fit_round 47 received 3 results and 0 failures
[2026-01-15 23:09:17,967][flwr][INFO] - fit progress: (47, 0.7672798466813695, {'rmse': 10283.896926749121, 'mae': 4532.49609375, 'r2': 0.15590160549325371, 'mape': 71.01026916503906, 'accuracy_10': 22.922922670841217, 'accuracy_20': 40.54054021835327}, 786.2476354170067)
[2026-01-15 23:09:17,967][flwr][DEBUG] - evaluate_round 47: strategy sampled 3 clients (out of 3)
[2026-01-15 23:09:18,051][flwr][DEBUG] - evaluate_round 47 received 3 results and 0 failures
[2026-01-15 23:09:18,051][flwr][DEBUG] - fit_round 48: strategy sampled 3 clients (out of 3)
[2026-01-15 23:09:34,409][flwr][DEBUG] - fit_round 48 received 3 results and 0 failures
[2026-01-15 23:09:34,543][flwr][INFO] - fit progress: (48, 0.7705845928884245, {'rmse': 10306.019988336913, 'mae': 4536.73583984375, 'r2': 0.15226605223277145, 'mape': 71.29509735107422, 'accuracy_10': 23.523522913455963, 'accuracy_20': 39.839839935302734}, 802.8236553750176)
[2026-01-15 23:09:34,543][flwr][DEBUG] - evaluate_round 48: strategy sampled 3 clients (out of 3)
[2026-01-15 23:09:34,628][flwr][DEBUG] - evaluate_round 48 received 3 results and 0 failures
[2026-01-15 23:09:34,628][flwr][DEBUG] - fit_round 49: strategy sampled 3 clients (out of 3)
[2026-01-15 23:09:51,049][flwr][DEBUG] - fit_round 49 received 3 results and 0 failures
[2026-01-15 23:09:51,195][flwr][INFO] - fit progress: (49, 0.7741680749961445, {'rmse': 10329.955663021987, 'mae': 4582.56103515625, 'r2': 0.1483237401667179, 'mape': 71.2475814819336, 'accuracy_10': 22.172172367572784, 'accuracy_20': 39.63963985443115}, 819.4758881250164)
[2026-01-15 23:09:51,196][flwr][DEBUG] - evaluate_round 49: strategy sampled 3 clients (out of 3)
[2026-01-15 23:09:51,297][flwr][DEBUG] - evaluate_round 49 received 3 results and 0 failures
[2026-01-15 23:09:51,297][flwr][DEBUG] - fit_round 50: strategy sampled 3 clients (out of 3)
[2026-01-15 23:10:07,408][flwr][DEBUG] - fit_round 50 received 3 results and 0 failures
[2026-01-15 23:10:07,545][flwr][INFO] - fit progress: (50, 0.7702504796487791, {'rmse': 10303.784935643795, 'mae': 4558.501953125, 'r2': 0.1526336784778951, 'mape': 70.90117645263672, 'accuracy_10': 22.722722589969635, 'accuracy_20': 39.58958983421326}, 835.8258463329985)
[2026-01-15 23:10:07,545][flwr][DEBUG] - evaluate_round 50: strategy sampled 3 clients (out of 3)
[2026-01-15 23:10:07,640][flwr][DEBUG] - evaluate_round 50 received 3 results and 0 failures
[2026-01-15 23:10:07,640][flwr][INFO] - FL finished in 835.9214490420127
[2026-01-15 23:10:07,640][flwr][INFO] - app_fit: losses_distributed [(1, 0.2285676561440939), (2, 0.4100662444869865), (3, 0.5757423652011928), (4, 0.6485076053497724), (5, 0.6971622937052961), (6, 0.6672382651724174), (7, 0.6916851039112376), (8, 0.6915780761263117), (9, 0.6741072484739891), (10, 0.6798072693669643), (11, 0.6564503885420446), (12, 0.6617785109172867), (13, 0.6549430175116487), (14, 0.6501381182468488), (15, 0.6410358615836679), (16, 0.634629724865128), (17, 0.6241272979971434), (18, 0.6188184861932415), (19, 0.6036054838848419), (20, 0.598940284646273), (21, 0.6009896209317489), (22, 0.5959890873159482), (23, 0.6066130288297299), (24, 0.5865882773815824), (25, 0.5736405991883394), (26, 0.572304709076782), (27, 0.575407838708762), (28, 0.5629833344330782), (29, 0.5740457559133848), (30, 0.5651401143817188), (31, 0.561846903967917), (32, 0.559520483592638), (33, 0.5566543440700505), (34, 0.5533624945406187), (35, 0.5406877776072581), (36, 0.5509137490214474), (37, 0.5442929843263602), (38, 0.541134506782901), (39, 0.5478880367075621), (40, 0.5505172233446696), (41, 0.5407668153955713), (42, 0.5409447757062348), (43, 0.5366056224019611), (44, 0.5298480569007596), (45, 0.5337945813724172), (46, 0.5326230870668526), (47, 0.5213834247849529), (48, 0.521949889702622), (49, 0.531401378614595), (50, 0.5265379103481471)]
[2026-01-15 23:10:07,641][flwr][INFO] - app_fit: metrics_distributed_fit {}
[2026-01-15 23:10:07,641][flwr][INFO] - app_fit: metrics_distributed {}
[2026-01-15 23:10:07,641][flwr][INFO] - app_fit: losses_centralized [(0, 1.4145967275411397), (1, 0.29305635149533804), (2, 0.6066741970804957), (3, 0.8760113314286366), (4, 0.9783723801821917), (5, 1.033225136670145), (6, 0.9796081653109064), (7, 0.9784979154397776), (8, 0.9992214772138033), (9, 0.9880725516750289), (10, 0.9902642251731636), (11, 0.9516213100414734), (12, 0.9622825226327917), (13, 0.9386468429166872), (14, 0.9196932897851751), (15, 0.9080739848248593), (16, 0.931948901117743), (17, 0.897599731658672), (18, 0.8935850123027423), (19, 0.8695720072026487), (20, 0.8537520217048274), (21, 0.862277426041879), (22, 0.8626055895566225), (23, 0.852013545649665), (24, 0.8373265882154127), (25, 0.8331986416627217), (26, 0.8297741309002236), (27, 0.8325239839078905), (28, 0.8368504402098116), (29, 0.8226589883889284), (30, 0.8224582909284769), (31, 0.8197683958081273), (32, 0.8069595831769842), (33, 0.8083719228421365), (34, 0.8068430281437196), (35, 0.7931018010811047), (36, 0.8035843838621546), (37, 0.7991320403727206), (38, 0.7802172077967001), (39, 0.804544726828555), (40, 0.8090476248715375), (41, 0.794014681775768), (42, 0.7920720014008913), (43, 0.7796722015699705), (44, 0.7880861022629896), (45, 0.7800478006566728), (46, 0.7763824375780733), (47, 0.7672798466813695), (48, 0.7705845928884245), (49, 0.7741680749961445), (50, 0.7702504796487791)]
[2026-01-15 23:10:07,641][flwr][INFO] - app_fit: metrics_centralized {'rmse': [(0, 13963.591515079492), (1, 6355.597532883907), (2, 9144.470679049717), (3, 10988.430643181036), (4, 11612.692366544461), (5, 11933.78732842177), (6, 11620.024096360557), (7, 11613.43704507843), (8, 11735.772322263243), (9, 11670.117051683757), (10, 11683.053025643596), (11, 11452.831964191215), (12, 11516.807543759685), (13, 11374.490406167653), (14, 11259.06497005857), (15, 11187.715763282513), (16, 11333.834302653273), (17, 11123.005349274988), (18, 11098.102540524664), (19, 10947.969674784454), (20, 10847.92551596848), (21, 10901.953219492367), (22, 10904.028246478454), (23, 10836.874826258721), (24, 10743.066228968339), (25, 10716.552430702703), (26, 10694.506627236247), (27, 10712.212843292464), (28, 10740.011173178546), (29, 10648.555958438685), (30, 10647.257675101133), (31, 10629.832359919887), (32, 10546.45950070449), (33, 10555.684724355877), (34, 10545.698269910818), (35, 10455.511082677882), (36, 10524.38121696473), (37, 10495.184800659777), (38, 10370.23432714999), (39, 10530.668354857635), (40, 10560.095832898487), (41, 10461.526848409843), (42, 10448.721261475013), (43, 10366.611789779725), (44, 10422.397804728047), (45, 10369.108737013032), (46, 10344.717685853007), (47, 10283.896926749121), (48, 10306.019988336913), (49, 10329.955663021987), (50, 10303.784935643795)], 'mae': [(0, 10300.927734375), (1, 3807.636474609375), (2, 4695.7197265625), (3, 5300.43310546875), (4, 5457.37548828125), (5, 5535.13525390625), (6, 5375.03125), (7, 5413.064453125), (8, 5331.05419921875), (9, 5197.93359375), (10, 5218.74072265625), (11, 5114.1181640625), (12, 5112.97314453125), (13, 5105.26123046875), (14, 5100.7216796875), (15, 5072.419921875), (16, 4993.85546875), (17, 4984.71044921875), (18, 4920.583984375), (19, 4859.60693359375), (20, 4855.62451171875), (21, 4854.2646484375), (22, 4835.34912109375), (23, 4888.23046875), (24, 4828.2880859375), (25, 4751.07373046875), (26, 4727.4716796875), (27, 4744.69921875), (28, 4687.64208984375), (29, 4746.32763671875), (30, 4707.837890625), (31, 4703.83837890625), (32, 4688.640625), (33, 4675.16064453125), (34, 4662.615234375), (35, 4595.44921875), (36, 4650.23828125), (37, 4615.1220703125), (38, 4622.28857421875), (39, 4642.83984375), (40, 4640.06494140625), (41, 4607.2470703125), (42, 4606.70947265625), (43, 4581.72802734375), (44, 4555.6435546875), (45, 4585.544921875), (46, 4572.46630859375), (47, 4532.49609375), (48, 4536.73583984375), (49, 4582.56103515625), (50, 4558.501953125)], 'r2': [(0, -0.5562232211899847), (1, 0.6776034329235907), (2, 0.3325868236392119), (3, 0.03628419334771249), (4, -0.07632508579527397), (5, -0.13666958895825387), (6, -0.0776845895096605), (7, -0.07646318288931186), (8, -0.09926137689347647), (9, -0.08699626057939902), (10, -0.08940739657198504), (11, -0.046895678771760485), (12, -0.058624245333741776), (13, -0.032622395094477064), (14, -0.011771108320808077), (15, 0.0010115121271828675), (16, -0.025253704323649817), (17, 0.012534503820740839), (18, 0.01695118922214356), (19, 0.04336824702755826), (20, 0.060772015114759714), (21, 0.051393128066074545), (22, 0.05103198125806452), (23, 0.0626846271427548), (24, 0.07884198714518942), (25, 0.08338322172666524), (26, 0.08715058899065098), (27, 0.08412541179604438), (28, 0.07936583981849721), (29, 0.09497814171707042), (30, 0.09519883527209216), (31, 0.09815797456722763), (32, 0.11224931041445163), (33, 0.11069555448437585), (34, 0.11237745928180998), (35, 0.12749450965877906), (36, 0.11596235512485842), (37, 0.12086048233846158), (38, 0.14166903100672457), (39, 0.11490581418217882), (40, 0.10995218633552162), (41, 0.12649019690616692), (42, 0.128627363971908), (43, 0.14226860801074404), (44, 0.13301230667634), (45, 0.1418553639103861), (46, 0.1458877990562929), (47, 0.15590160549325371), (48, 0.15226605223277145), (49, 0.1483237401667179), (50, 0.1526336784778951)], 'mape': [(0, 303.5270080566406), (1, 76.6982421875), (2, 91.38849639892578), (3, 97.806396484375), (4, 96.4704818725586), (5, 89.17658233642578), (6, 82.89717864990234), (7, 77.91777801513672), (8, 79.51727294921875), (9, 78.2692642211914), (10, 76.77237701416016), (11, 74.43457794189453), (12, 74.63235473632812), (13, 75.65510559082031), (14, 75.55020904541016), (15, 74.62881469726562), (16, 75.25172424316406), (17, 74.82254028320312), (18, 73.73402404785156), (19, 73.27969360351562), (20, 73.10682678222656), (21, 73.46013641357422), (22, 74.15773010253906), (23, 73.52754211425781), (24, 74.33544158935547), (25, 73.90904235839844), (26, 73.67588806152344), (27, 73.1927490234375), (28, 73.52365112304688), (29, 73.21126556396484), (30, 73.29492950439453), (31, 73.03147888183594), (32, 72.0151138305664), (33, 72.70926666259766), (34, 72.80095672607422), (35, 71.56520080566406), (36, 72.5788345336914), (37, 72.14065551757812), (38, 72.02365112304688), (39, 73.28694915771484), (40, 72.53907012939453), (41, 71.8503189086914), (42, 71.76419830322266), (43, 71.12580871582031), (44, 71.7260513305664), (45, 72.01236724853516), (46, 71.29875183105469), (47, 71.01026916503906), (48, 71.29509735107422), (49, 71.2475814819336), (50, 70.90117645263672)], 'accuracy_10': [(0, 6.056056171655655), (1, 17.517517507076263), (2, 19.919919967651367), (3, 19.969969987869263), (4, 23.073072731494904), (5, 21.22122049331665), (6, 20.820820331573486), (7, 19.76976990699768), (8, 24.22422468662262), (9, 27.277275919914246), (10, 26.626625657081604), (11, 24.87487494945526), (12, 25.12512505054474), (13, 23.22322279214859), (14, 21.921922266483307), (15, 21.471472084522247), (16, 24.024024605751038), (17, 22.022022306919098), (18, 23.67367297410965), (19, 22.77277261018753), (20, 21.921922266483307), (21, 22.22222238779068), (22, 22.12212234735489), (23, 20.920920372009277), (24, 20.870870351791382), (25, 21.971972286701202), (26, 22.472472488880157), (27, 22.722722589969635), (28, 23.1231227517128), (29, 22.272272408008575), (30, 22.67267256975174), (31, 22.422422468662262), (32, 22.32232242822647), (33, 22.67267256975174), (34, 22.87287265062332), (35, 23.923924565315247), (36, 22.87287265062332), (37, 23.32332283258438), (38, 22.422422468662262), (39, 23.32332283258438), (40, 23.32332283258438), (41, 23.373372852802277), (42, 22.972972691059113), (43, 22.77277261018753), (44, 23.423422873020172), (45, 22.822822630405426), (46, 23.023022711277008), (47, 22.922922670841217), (48, 23.523522913455963), (49, 22.172172367572784), (50, 22.722722589969635)], 'accuracy_20': [(0, 11.411411315202713), (1, 34.53453481197357), (2, 38.838839530944824), (3, 39.68968987464905), (4, 40.74074029922485), (5, 40.79079031944275), (6, 42.292290925979614), (7, 41.04104042053223), (8, 43.29329431056976), (9, 45.34534513950348), (10, 43.493494391441345), (11, 43.19319427013397), (12, 42.54254400730133), (13, 40.040040016174316), (14, 39.289289712905884), (15, 37.937939167022705), (16, 39.73973989486694), (17, 38.68868947029114), (18, 40.69069027900696), (19, 40.59059023857117), (20, 38.98898959159851), (21, 39.1391396522522), (22, 39.1391396522522), (23, 37.287285923957825), (24, 37.287285923957825), (25, 39.23923969268799), (26, 39.63963985443115), (27, 39.73973989486694), (28, 39.68968987464905), (29, 38.88888955116272), (30, 39.98998999595642), (31, 39.43943977355957), (32, 39.23923969268799), (33, 38.838839530944824), (34, 39.489489793777466), (35, 41.04104042053223), (36, 39.289289712905884), (37, 39.78978991508484), (38, 39.18918967247009), (39, 39.43943977355957), (40, 39.53953981399536), (41, 39.389389753341675), (42, 39.1391396522522), (43, 39.88988995552063), (44, 40.040040016174316), (45, 39.389389753341675), (46, 39.53953981399536), (47, 40.54054021835327), (48, 39.839839935302734), (49, 39.63963985443115), (50, 39.58958983421326)]}
