[2026-01-21 03:38:21,952][flwr][INFO] - Starting Flower simulation, config: ServerConfig(num_rounds=30, round_timeout=None)
[2026-01-21 03:38:26,970][flwr][INFO] - Flower VCE: Ray initialized with resources: {'CPU': 10.0, 'memory': 11660760679.0, 'object_store_memory': 2147483648.0, 'node:127.0.0.1': 1.0}
[2026-01-21 03:38:26,971][flwr][INFO] - Initializing global parameters
[2026-01-21 03:38:26,971][flwr][INFO] - Using initial parameters provided by strategy
[2026-01-21 03:38:26,971][flwr][INFO] - Evaluating initial parameters
[2026-01-21 03:38:27,714][flwr][INFO] - initial parameters (loss, other metrics): 1.4340404903996313, {'rmse': 11782.010694274555, 'mae': 9149.193359375, 'r2': 0.00890437044283554, 'mape': 79.91940307617188, 'accuracy_10': 11.735205352306366, 'accuracy_20': 21.46439254283905}
[2026-01-21 03:38:27,714][flwr][INFO] - FL starting
[2026-01-21 03:38:27,715][flwr][DEBUG] - fit_round 1: strategy sampled 7 clients (out of 12)
[2026-01-21 03:38:38,929][flwr][DEBUG] - fit_round 1 received 7 results and 0 failures
[2026-01-21 03:38:38,936][flwr][WARNING] - No fit_metrics_aggregation_fn provided
[2026-01-21 03:38:39,257][flwr][INFO] - fit progress: (1, 0.18711117894922122, {'rmse': 6980.465600516917, 'mae': 3674.895751953125, 'r2': 0.6521071572633396, 'mape': 18.90558433532715, 'accuracy_10': 31.444332003593445, 'accuracy_20': 71.31394147872925}, 11.54277749999892)
[2026-01-21 03:38:39,257][flwr][DEBUG] - evaluate_round 1: strategy sampled 6 clients (out of 12)
[2026-01-21 03:38:39,518][flwr][DEBUG] - evaluate_round 1 received 6 results and 0 failures
[2026-01-21 03:38:39,518][flwr][WARNING] - No evaluate_metrics_aggregation_fn provided
[2026-01-21 03:38:39,518][flwr][DEBUG] - fit_round 2: strategy sampled 7 clients (out of 12)
[2026-01-21 03:38:44,989][flwr][DEBUG] - fit_round 2 received 7 results and 0 failures
[2026-01-21 03:38:45,294][flwr][INFO] - fit progress: (2, 0.09021848559364631, {'rmse': 5087.8596678760705, 'mae': 2206.7001953125, 'r2': 0.8151808557619407, 'mape': 11.748127937316895, 'accuracy_10': 58.07422399520874, 'accuracy_20': 89.36810493469238}, 17.57973029196728)
[2026-01-21 03:38:45,294][flwr][DEBUG] - evaluate_round 2: strategy sampled 6 clients (out of 12)
[2026-01-21 03:38:45,529][flwr][DEBUG] - evaluate_round 2 received 6 results and 0 failures
[2026-01-21 03:38:45,530][flwr][DEBUG] - fit_round 3: strategy sampled 7 clients (out of 12)
[2026-01-21 03:38:51,478][flwr][DEBUG] - fit_round 3 received 7 results and 0 failures
[2026-01-21 03:38:51,835][flwr][INFO] - fit progress: (3, 0.05810019622744624, {'rmse': 4460.998318762293, 'mae': 1780.9310302734375, 'r2': 0.8579174164900685, 'mape': 8.77019214630127, 'accuracy_10': 70.81243991851807, 'accuracy_20': 93.32998991012573}, 24.120994124969002)
[2026-01-21 03:38:51,836][flwr][DEBUG] - evaluate_round 3: strategy sampled 6 clients (out of 12)
[2026-01-21 03:38:52,212][flwr][DEBUG] - evaluate_round 3 received 6 results and 0 failures
[2026-01-21 03:38:52,213][flwr][DEBUG] - fit_round 4: strategy sampled 7 clients (out of 12)
[2026-01-21 03:38:58,046][flwr][DEBUG] - fit_round 4 received 7 results and 0 failures
[2026-01-21 03:38:58,354][flwr][INFO] - fit progress: (4, 0.044647410814627, {'rmse': 4174.704300905634, 'mae': 1506.0728759765625, 'r2': 0.8755691285747774, 'mape': 7.249246597290039, 'accuracy_10': 81.29388093948364, 'accuracy_20': 95.18555402755737}, 30.639159957994707)
[2026-01-21 03:38:58,354][flwr][DEBUG] - evaluate_round 4: strategy sampled 6 clients (out of 12)
[2026-01-21 03:38:58,602][flwr][DEBUG] - evaluate_round 4 received 6 results and 0 failures
[2026-01-21 03:38:58,603][flwr][DEBUG] - fit_round 5: strategy sampled 7 clients (out of 12)
[2026-01-21 03:39:03,845][flwr][DEBUG] - fit_round 5 received 7 results and 0 failures
[2026-01-21 03:39:04,124][flwr][INFO] - fit progress: (5, 0.04202257873118671, {'rmse': 4180.588236121802, 'mae': 1397.6331787109375, 'r2': 0.875218127333213, 'mape': 6.54213285446167, 'accuracy_10': 86.10832691192627, 'accuracy_20': 95.08525729179382}, 36.4091107500135)
[2026-01-21 03:39:04,124][flwr][DEBUG] - evaluate_round 5: strategy sampled 6 clients (out of 12)
[2026-01-21 03:39:04,387][flwr][DEBUG] - evaluate_round 5 received 6 results and 0 failures
[2026-01-21 03:39:04,388][flwr][DEBUG] - fit_round 6: strategy sampled 7 clients (out of 12)
[2026-01-21 03:39:10,540][flwr][DEBUG] - fit_round 6 received 7 results and 0 failures
[2026-01-21 03:39:10,853][flwr][INFO] - fit progress: (6, 0.036946156901964095, {'rmse': 4076.4939592743176, 'mae': 1410.7821044921875, 'r2': 0.8813547606638791, 'mape': 6.254939556121826, 'accuracy_10': 85.45637130737305, 'accuracy_20': 96.13841772079468}, 43.1386140420218)
[2026-01-21 03:39:10,853][flwr][DEBUG] - evaluate_round 6: strategy sampled 6 clients (out of 12)
[2026-01-21 03:39:11,070][flwr][DEBUG] - evaluate_round 6 received 6 results and 0 failures
[2026-01-21 03:39:11,071][flwr][DEBUG] - fit_round 7: strategy sampled 7 clients (out of 12)
[2026-01-21 03:39:16,368][flwr][DEBUG] - fit_round 7 received 7 results and 0 failures
[2026-01-21 03:39:16,644][flwr][INFO] - fit progress: (7, 0.03830931548854951, {'rmse': 4021.729105745438, 'mae': 1343.2581787109375, 'r2': 0.8845211781650799, 'mape': 6.211334705352783, 'accuracy_10': 86.60982847213745, 'accuracy_20': 95.43631076812744}, 48.92994695797097)
[2026-01-21 03:39:16,645][flwr][DEBUG] - evaluate_round 7: strategy sampled 6 clients (out of 12)
[2026-01-21 03:39:16,827][flwr][DEBUG] - evaluate_round 7 received 6 results and 0 failures
[2026-01-21 03:39:16,827][flwr][DEBUG] - fit_round 8: strategy sampled 7 clients (out of 12)
[2026-01-21 03:39:22,096][flwr][DEBUG] - fit_round 8 received 7 results and 0 failures
[2026-01-21 03:39:22,355][flwr][INFO] - fit progress: (8, 0.0349173792296929, {'rmse': 3942.846560544805, 'mae': 1340.1715087890625, 'r2': 0.8890067725215115, 'mape': 5.974646091461182, 'accuracy_10': 85.40621995925903, 'accuracy_20': 95.93781232833862}, 54.640397707989905)
[2026-01-21 03:39:22,355][flwr][DEBUG] - evaluate_round 8: strategy sampled 6 clients (out of 12)
[2026-01-21 03:39:22,458][flwr][DEBUG] - evaluate_round 8 received 6 results and 0 failures
[2026-01-21 03:39:22,458][flwr][DEBUG] - fit_round 9: strategy sampled 7 clients (out of 12)
[2026-01-21 03:39:27,164][flwr][DEBUG] - fit_round 9 received 7 results and 0 failures
[2026-01-21 03:39:27,407][flwr][INFO] - fit progress: (9, 0.03424353543164558, {'rmse': 4034.0759784614866, 'mae': 1407.00390625, 'r2': 0.8838110433881122, 'mape': 5.844439506530762, 'accuracy_10': 85.305917263031, 'accuracy_20': 96.08826637268066}, 59.692350666970015)
[2026-01-21 03:39:27,407][flwr][DEBUG] - evaluate_round 9: strategy sampled 6 clients (out of 12)
[2026-01-21 03:39:27,674][flwr][DEBUG] - evaluate_round 9 received 6 results and 0 failures
[2026-01-21 03:39:27,675][flwr][DEBUG] - fit_round 10: strategy sampled 7 clients (out of 12)
[2026-01-21 03:39:32,870][flwr][DEBUG] - fit_round 10 received 7 results and 0 failures
[2026-01-21 03:39:33,234][flwr][INFO] - fit progress: (10, 0.032854415523028424, {'rmse': 3955.689573260268, 'mae': 1366.142822265625, 'r2': 0.8882825217250306, 'mape': 5.728640556335449, 'accuracy_10': 85.95787286758423, 'accuracy_20': 95.8375096321106}, 65.51905541698216)
[2026-01-21 03:39:33,234][flwr][DEBUG] - evaluate_round 10: strategy sampled 6 clients (out of 12)
[2026-01-21 03:39:33,430][flwr][DEBUG] - evaluate_round 10 received 6 results and 0 failures
[2026-01-21 03:39:33,430][flwr][DEBUG] - fit_round 11: strategy sampled 7 clients (out of 12)
[2026-01-21 03:39:38,502][flwr][DEBUG] - fit_round 11 received 7 results and 0 failures
[2026-01-21 03:39:38,793][flwr][INFO] - fit progress: (11, 0.03130100393591219, {'rmse': 3917.9549512468875, 'mae': 1326.25732421875, 'r2': 0.8904037744754912, 'mape': 5.506058216094971, 'accuracy_10': 86.30892634391785, 'accuracy_20': 95.88766098022461}, 71.078410874994)
[2026-01-21 03:39:38,793][flwr][DEBUG] - evaluate_round 11: strategy sampled 6 clients (out of 12)
[2026-01-21 03:39:38,989][flwr][DEBUG] - evaluate_round 11 received 6 results and 0 failures
[2026-01-21 03:39:38,990][flwr][DEBUG] - fit_round 12: strategy sampled 7 clients (out of 12)
[2026-01-21 03:39:44,014][flwr][DEBUG] - fit_round 12 received 7 results and 0 failures
[2026-01-21 03:39:44,260][flwr][INFO] - fit progress: (12, 0.03384558066124155, {'rmse': 3815.934878899272, 'mae': 1247.9974365234375, 'r2': 0.8960370415498178, 'mape': 5.5773162841796875, 'accuracy_10': 87.51253485679626, 'accuracy_20': 95.38615942001343}, 76.54528808296891)
[2026-01-21 03:39:44,260][flwr][DEBUG] - evaluate_round 12: strategy sampled 6 clients (out of 12)
[2026-01-21 03:39:44,461][flwr][DEBUG] - evaluate_round 12 received 6 results and 0 failures
[2026-01-21 03:39:44,462][flwr][DEBUG] - fit_round 13: strategy sampled 7 clients (out of 12)
[2026-01-21 03:39:50,031][flwr][DEBUG] - fit_round 13 received 7 results and 0 failures
[2026-01-21 03:39:50,297][flwr][INFO] - fit progress: (13, 0.03198854075772772, {'rmse': 3865.774437289377, 'mae': 1313.1668701171875, 'r2': 0.8933036081983143, 'mape': 5.552844047546387, 'accuracy_10': 86.25877499580383, 'accuracy_20': 95.586758852005}, 82.58286779199261)
[2026-01-21 03:39:50,298][flwr][DEBUG] - evaluate_round 13: strategy sampled 6 clients (out of 12)
[2026-01-21 03:39:50,512][flwr][DEBUG] - evaluate_round 13 received 6 results and 0 failures
[2026-01-21 03:39:50,512][flwr][DEBUG] - fit_round 14: strategy sampled 7 clients (out of 12)
[2026-01-21 03:39:55,784][flwr][DEBUG] - fit_round 14 received 7 results and 0 failures
[2026-01-21 03:39:56,025][flwr][INFO] - fit progress: (14, 0.03342801717706884, {'rmse': 3821.027741328241, 'mae': 1265.359619140625, 'r2': 0.8957593556137554, 'mape': 5.550596237182617, 'accuracy_10': 87.9137396812439, 'accuracy_20': 95.43631076812744}, 88.3108900829684)
[2026-01-21 03:39:56,026][flwr][DEBUG] - evaluate_round 14: strategy sampled 6 clients (out of 12)
[2026-01-21 03:39:56,123][flwr][DEBUG] - evaluate_round 14 received 6 results and 0 failures
[2026-01-21 03:39:56,123][flwr][DEBUG] - fit_round 15: strategy sampled 7 clients (out of 12)
[2026-01-21 03:40:01,431][flwr][DEBUG] - fit_round 15 received 7 results and 0 failures
[2026-01-21 03:40:01,707][flwr][INFO] - fit progress: (15, 0.03738619418442997, {'rmse': 3925.75610551649, 'mae': 1232.0765380859375, 'r2': 0.8899669038373046, 'mape': 5.785811901092529, 'accuracy_10': 87.96389102935791, 'accuracy_20': 94.63390111923218}, 93.99245004198747)
[2026-01-21 03:40:01,708][flwr][DEBUG] - evaluate_round 15: strategy sampled 6 clients (out of 12)
[2026-01-21 03:40:02,039][flwr][DEBUG] - evaluate_round 15 received 6 results and 0 failures
[2026-01-21 03:40:02,039][flwr][DEBUG] - fit_round 16: strategy sampled 7 clients (out of 12)
[2026-01-21 03:40:07,053][flwr][DEBUG] - fit_round 16 received 7 results and 0 failures
[2026-01-21 03:40:07,344][flwr][INFO] - fit progress: (16, 0.03602462428189448, {'rmse': 4322.13604598467, 'mae': 1575.1641845703125, 'r2': 0.866625262609294, 'mape': 5.963844299316406, 'accuracy_10': 82.99899697303772, 'accuracy_20': 95.08525729179382}, 99.62972120800987)
[2026-01-21 03:40:07,345][flwr][DEBUG] - evaluate_round 16: strategy sampled 6 clients (out of 12)
[2026-01-21 03:40:07,489][flwr][DEBUG] - evaluate_round 16 received 6 results and 0 failures
[2026-01-21 03:40:07,490][flwr][DEBUG] - fit_round 17: strategy sampled 7 clients (out of 12)
[2026-01-21 03:40:12,705][flwr][DEBUG] - fit_round 17 received 7 results and 0 failures
[2026-01-21 03:40:12,974][flwr][INFO] - fit progress: (17, 0.03133898768891602, {'rmse': 3773.1355660776358, 'mae': 1253.2862548828125, 'r2': 0.8983560505674097, 'mape': 5.490834712982178, 'accuracy_10': 88.36509585380554, 'accuracy_20': 95.63691020011902}, 105.25888670800487)
[2026-01-21 03:40:12,974][flwr][DEBUG] - evaluate_round 17: strategy sampled 6 clients (out of 12)
[2026-01-21 03:40:13,203][flwr][DEBUG] - evaluate_round 17 received 6 results and 0 failures
[2026-01-21 03:40:13,204][flwr][DEBUG] - fit_round 18: strategy sampled 7 clients (out of 12)
[2026-01-21 03:40:18,151][flwr][DEBUG] - fit_round 18 received 7 results and 0 failures
[2026-01-21 03:40:18,411][flwr][INFO] - fit progress: (18, 0.031198140769942834, {'rmse': 3963.8398050375345, 'mae': 1408.573974609375, 'r2': 0.887821686852159, 'mape': 5.683925151824951, 'accuracy_10': 85.60681939125061, 'accuracy_20': 95.93781232833862}, 110.69641983299516)
[2026-01-21 03:40:18,412][flwr][DEBUG] - evaluate_round 18: strategy sampled 6 clients (out of 12)
[2026-01-21 03:40:18,613][flwr][DEBUG] - evaluate_round 18 received 6 results and 0 failures
[2026-01-21 03:40:18,613][flwr][DEBUG] - fit_round 19: strategy sampled 7 clients (out of 12)
[2026-01-21 03:40:23,330][flwr][DEBUG] - fit_round 19 received 7 results and 0 failures
[2026-01-21 03:40:23,584][flwr][INFO] - fit progress: (19, 0.03424033798359581, {'rmse': 4340.6584753928755, 'mae': 1543.8160400390625, 'r2': 0.8654796577965951, 'mape': 5.858386039733887, 'accuracy_10': 83.70110392570496, 'accuracy_20': 95.33600807189941}, 115.86911058297846)
[2026-01-21 03:40:23,585][flwr][DEBUG] - evaluate_round 19: strategy sampled 6 clients (out of 12)
[2026-01-21 03:40:23,851][flwr][DEBUG] - evaluate_round 19 received 6 results and 0 failures
[2026-01-21 03:40:23,851][flwr][DEBUG] - fit_round 20: strategy sampled 7 clients (out of 12)
[2026-01-21 03:40:28,559][flwr][DEBUG] - fit_round 20 received 7 results and 0 failures
[2026-01-21 03:40:28,809][flwr][INFO] - fit progress: (20, 0.029254475655174302, {'rmse': 3858.687730304177, 'mae': 1348.40478515625, 'r2': 0.8936944349473983, 'mape': 5.5022687911987305, 'accuracy_10': 86.60982847213745, 'accuracy_20': 96.4894711971283}, 121.0946892920183)
[2026-01-21 03:40:28,810][flwr][DEBUG] - evaluate_round 20: strategy sampled 6 clients (out of 12)
[2026-01-21 03:40:29,014][flwr][DEBUG] - evaluate_round 20 received 6 results and 0 failures
[2026-01-21 03:40:29,015][flwr][DEBUG] - fit_round 21: strategy sampled 7 clients (out of 12)
[2026-01-21 03:40:34,133][flwr][DEBUG] - fit_round 21 received 7 results and 0 failures
[2026-01-21 03:40:34,392][flwr][INFO] - fit progress: (21, 0.030266714131939734, {'rmse': 3921.331151535152, 'mae': 1352.2091064453125, 'r2': 0.8902148104719423, 'mape': 5.557050704956055, 'accuracy_10': 85.8575701713562, 'accuracy_20': 95.98796367645264}, 126.6772746249917)
[2026-01-21 03:40:34,392][flwr][DEBUG] - evaluate_round 21: strategy sampled 6 clients (out of 12)
[2026-01-21 03:40:34,477][flwr][DEBUG] - evaluate_round 21 received 6 results and 0 failures
[2026-01-21 03:40:34,478][flwr][DEBUG] - fit_round 22: strategy sampled 7 clients (out of 12)
[2026-01-21 03:40:39,271][flwr][DEBUG] - fit_round 22 received 7 results and 0 failures
[2026-01-21 03:40:39,533][flwr][INFO] - fit progress: (22, 0.030082525336066843, {'rmse': 3866.9769846742042, 'mae': 1338.3360595703125, 'r2': 0.8932372152421215, 'mape': 5.6035895347595215, 'accuracy_10': 86.25877499580383, 'accuracy_20': 95.8375096321106}, 131.81776666699443)
[2026-01-21 03:40:39,533][flwr][DEBUG] - evaluate_round 22: strategy sampled 6 clients (out of 12)
[2026-01-21 03:40:39,721][flwr][DEBUG] - evaluate_round 22 received 6 results and 0 failures
[2026-01-21 03:40:39,722][flwr][DEBUG] - fit_round 23: strategy sampled 7 clients (out of 12)
[2026-01-21 03:40:44,461][flwr][DEBUG] - fit_round 23 received 7 results and 0 failures
[2026-01-21 03:40:44,699][flwr][INFO] - fit progress: (23, 0.03727158452239385, {'rmse': 4034.8483242868, 'mae': 1209.693603515625, 'r2': 0.8837665467614082, 'mape': 5.721237659454346, 'accuracy_10': 88.61584663391113, 'accuracy_20': 94.93480324745178}, 136.98421091696946)
[2026-01-21 03:40:44,699][flwr][DEBUG] - evaluate_round 23: strategy sampled 6 clients (out of 12)
[2026-01-21 03:40:44,922][flwr][DEBUG] - evaluate_round 23 received 6 results and 0 failures
[2026-01-21 03:40:44,923][flwr][DEBUG] - fit_round 24: strategy sampled 7 clients (out of 12)
[2026-01-21 03:40:49,897][flwr][DEBUG] - fit_round 24 received 7 results and 0 failures
[2026-01-21 03:40:50,147][flwr][INFO] - fit progress: (24, 0.032800037798695, {'rmse': 3910.004219946572, 'mae': 1267.4117431640625, 'r2': 0.8908481321037677, 'mape': 5.723389625549316, 'accuracy_10': 88.06419372558594, 'accuracy_20': 95.68706154823303}, 142.43205254198983)
[2026-01-21 03:40:50,147][flwr][DEBUG] - evaluate_round 24: strategy sampled 6 clients (out of 12)
[2026-01-21 03:40:50,230][flwr][DEBUG] - evaluate_round 24 received 6 results and 0 failures
[2026-01-21 03:40:50,230][flwr][DEBUG] - fit_round 25: strategy sampled 7 clients (out of 12)
[2026-01-21 03:40:55,277][flwr][DEBUG] - fit_round 25 received 7 results and 0 failures
[2026-01-21 03:40:55,538][flwr][INFO] - fit progress: (25, 0.030808357006254623, {'rmse': 3935.293635804068, 'mae': 1402.88330078125, 'r2': 0.8894316023783784, 'mape': 5.850228786468506, 'accuracy_10': 85.60681939125061, 'accuracy_20': 95.98796367645264}, 147.8229907079949)
[2026-01-21 03:40:55,538][flwr][DEBUG] - evaluate_round 25: strategy sampled 6 clients (out of 12)
[2026-01-21 03:40:55,747][flwr][DEBUG] - evaluate_round 25 received 6 results and 0 failures
[2026-01-21 03:40:55,747][flwr][DEBUG] - fit_round 26: strategy sampled 7 clients (out of 12)
[2026-01-21 03:41:00,450][flwr][DEBUG] - fit_round 26 received 7 results and 0 failures
[2026-01-21 03:41:00,703][flwr][INFO] - fit progress: (26, 0.034903490786985264, {'rmse': 4335.626367665923, 'mae': 1601.797119140625, 'r2': 0.8657913835054261, 'mape': 6.209964752197266, 'accuracy_10': 82.39719271659851, 'accuracy_20': 95.43631076812744}, 152.98860708298162)
[2026-01-21 03:41:00,704][flwr][DEBUG] - evaluate_round 26: strategy sampled 6 clients (out of 12)
[2026-01-21 03:41:00,909][flwr][DEBUG] - evaluate_round 26 received 6 results and 0 failures
[2026-01-21 03:41:00,910][flwr][DEBUG] - fit_round 27: strategy sampled 7 clients (out of 12)
[2026-01-21 03:41:05,803][flwr][DEBUG] - fit_round 27 received 7 results and 0 failures
[2026-01-21 03:41:06,065][flwr][INFO] - fit progress: (27, 0.02976099765087023, {'rmse': 3926.274570123694, 'mae': 1396.214111328125, 'r2': 0.8899378358366035, 'mape': 5.767889976501465, 'accuracy_10': 86.00802421569824, 'accuracy_20': 95.8375096321106}, 158.3504449580214)
[2026-01-21 03:41:06,066][flwr][DEBUG] - evaluate_round 27: strategy sampled 6 clients (out of 12)
[2026-01-21 03:41:06,150][flwr][DEBUG] - evaluate_round 27 received 6 results and 0 failures
[2026-01-21 03:41:06,150][flwr][DEBUG] - fit_round 28: strategy sampled 7 clients (out of 12)
[2026-01-21 03:41:11,044][flwr][DEBUG] - fit_round 28 received 7 results and 0 failures
[2026-01-21 03:41:11,295][flwr][INFO] - fit progress: (28, 0.03050724639012707, {'rmse': 3775.994306139775, 'mae': 1247.521728515625, 'r2': 0.8982019696313016, 'mape': 5.522521495819092, 'accuracy_10': 88.01404237747192, 'accuracy_20': 95.68706154823303}, 163.5801835419843)
[2026-01-21 03:41:11,295][flwr][DEBUG] - evaluate_round 28: strategy sampled 6 clients (out of 12)
[2026-01-21 03:41:11,380][flwr][DEBUG] - evaluate_round 28 received 6 results and 0 failures
[2026-01-21 03:41:11,380][flwr][DEBUG] - fit_round 29: strategy sampled 7 clients (out of 12)
[2026-01-21 03:41:16,021][flwr][DEBUG] - fit_round 29 received 7 results and 0 failures
[2026-01-21 03:41:16,262][flwr][INFO] - fit progress: (29, 0.03675419649337171, {'rmse': 3948.6944677956535, 'mae': 1188.824462890625, 'r2': 0.8886772862935841, 'mape': 5.810275554656982, 'accuracy_10': 87.81344294548035, 'accuracy_20': 95.08525729179382}, 168.54672683298122)
[2026-01-21 03:41:16,262][flwr][DEBUG] - evaluate_round 29: strategy sampled 6 clients (out of 12)
[2026-01-21 03:41:16,347][flwr][DEBUG] - evaluate_round 29 received 6 results and 0 failures
[2026-01-21 03:41:16,348][flwr][DEBUG] - fit_round 30: strategy sampled 7 clients (out of 12)
[2026-01-21 03:41:21,032][flwr][DEBUG] - fit_round 30 received 7 results and 0 failures
[2026-01-21 03:41:21,328][flwr][INFO] - fit progress: (30, 0.03137524909860153, {'rmse': 4002.068340246078, 'mae': 1466.0516357421875, 'r2': 0.8856474825292809, 'mape': 5.986390590667725, 'accuracy_10': 84.75426435470581, 'accuracy_20': 95.73721289634705}, 173.61324245797005)
[2026-01-21 03:41:21,329][flwr][DEBUG] - evaluate_round 30: strategy sampled 6 clients (out of 12)
[2026-01-21 03:41:21,476][flwr][DEBUG] - evaluate_round 30 received 6 results and 0 failures
[2026-01-21 03:41:21,476][flwr][INFO] - FL finished in 173.7614075000165
[2026-01-21 03:41:21,479][flwr][INFO] - app_fit: losses_distributed [(1, 0.1566739321529384), (2, 0.12158294799575461), (3, 0.06286065166816115), (4, 0.036615035078733565), (5, 0.03397231222073915), (6, 0.05196241702375808), (7, 0.04933618408437643), (8, 0.03698155435788128), (9, 0.04961485530552057), (10, 0.05975463552431188), (11, 0.030498154222770454), (12, 0.06239503676783303), (13, 0.028135692515220804), (14, 0.04335271206249145), (15, 0.05262233404511655), (16, 0.03160029016245608), (17, 0.03092069919422147), (18, 0.04697531617845978), (19, 0.03620852643723057), (20, 0.044599384032282745), (21, 0.047302917861124845), (22, 0.044122978477495904), (23, 0.04038217994296215), (24, 0.034896862830029164), (25, 0.033286250528934885), (26, 0.031738564536088074), (27, 0.031061194217756997), (28, 0.038493311118545585), (29, 0.08692211327538853), (30, 0.05783066446386311)]
[2026-01-21 03:41:21,479][flwr][INFO] - app_fit: metrics_distributed_fit {'scaffold_updates': [(1, 7), (2, 7), (3, 7), (4, 7), (5, 7), (6, 7), (7, 7), (8, 7), (9, 7), (10, 7), (11, 7), (12, 7), (13, 7), (14, 7), (15, 7), (16, 7), (17, 7), (18, 7), (19, 7), (20, 7), (21, 7), (22, 7), (23, 7), (24, 7), (25, 7), (26, 7), (27, 7), (28, 7), (29, 7), (30, 7)], 'avg_control_delta_norm': [(1, 0.0019104247462226553), (2, 0.0011373285083907704), (3, 0.0009947473324354312), (4, 0.0008136130242216668), (5, 0.000849569432747274), (6, 0.0007351140147995039), (7, 0.0006473460924412411), (8, 0.0005792036556688244), (9, 0.000645820844724131), (10, 0.0005795826136812337), (11, 0.0005372254068803322), (12, 0.0005909163160192728), (13, 0.0004901184806469797), (14, 0.0005371282287047246), (15, 0.000535955376221283), (16, 0.0006056374536529565), (17, 0.0005767774104021278), (18, 0.0005396020263387727), (19, 0.0004939188973095769), (20, 0.0004843685473557159), (21, 0.0004272842944230753), (22, 0.00043029778777079196), (23, 0.0005448778994803249), (24, 0.0005171071191690066), (25, 0.000460391915209682), (26, 0.0005088768795497672), (27, 0.0004054378329627788), (28, 0.0003868998994461949), (29, 0.0005828296941030527), (30, 0.0005057767873023629)]}
[2026-01-21 03:41:21,479][flwr][INFO] - app_fit: metrics_distributed {}
[2026-01-21 03:41:21,479][flwr][INFO] - app_fit: losses_centralized [(0, 1.4340404903996313), (1, 0.18711117894922122), (2, 0.09021848559364631), (3, 0.05810019622744624), (4, 0.044647410814627), (5, 0.04202257873118671), (6, 0.036946156901964095), (7, 0.03830931548854951), (8, 0.0349173792296929), (9, 0.03424353543164558), (10, 0.032854415523028424), (11, 0.03130100393591219), (12, 0.03384558066124155), (13, 0.03198854075772772), (14, 0.03342801717706884), (15, 0.03738619418442997), (16, 0.03602462428189448), (17, 0.03133898768891602), (18, 0.031198140769942834), (19, 0.03424033798359581), (20, 0.029254475655174302), (21, 0.030266714131939734), (22, 0.030082525336066843), (23, 0.03727158452239385), (24, 0.032800037798695), (25, 0.030808357006254623), (26, 0.034903490786985264), (27, 0.02976099765087023), (28, 0.03050724639012707), (29, 0.03675419649337171), (30, 0.03137524909860153)]
[2026-01-21 03:41:21,480][flwr][INFO] - app_fit: metrics_centralized {'rmse': [(0, 11782.010694274555), (1, 6980.465600516917), (2, 5087.8596678760705), (3, 4460.998318762293), (4, 4174.704300905634), (5, 4180.588236121802), (6, 4076.4939592743176), (7, 4021.729105745438), (8, 3942.846560544805), (9, 4034.0759784614866), (10, 3955.689573260268), (11, 3917.9549512468875), (12, 3815.934878899272), (13, 3865.774437289377), (14, 3821.027741328241), (15, 3925.75610551649), (16, 4322.13604598467), (17, 3773.1355660776358), (18, 3963.8398050375345), (19, 4340.6584753928755), (20, 3858.687730304177), (21, 3921.331151535152), (22, 3866.9769846742042), (23, 4034.8483242868), (24, 3910.004219946572), (25, 3935.293635804068), (26, 4335.626367665923), (27, 3926.274570123694), (28, 3775.994306139775), (29, 3948.6944677956535), (30, 4002.068340246078)], 'mae': [(0, 9149.193359375), (1, 3674.895751953125), (2, 2206.7001953125), (3, 1780.9310302734375), (4, 1506.0728759765625), (5, 1397.6331787109375), (6, 1410.7821044921875), (7, 1343.2581787109375), (8, 1340.1715087890625), (9, 1407.00390625), (10, 1366.142822265625), (11, 1326.25732421875), (12, 1247.9974365234375), (13, 1313.1668701171875), (14, 1265.359619140625), (15, 1232.0765380859375), (16, 1575.1641845703125), (17, 1253.2862548828125), (18, 1408.573974609375), (19, 1543.8160400390625), (20, 1348.40478515625), (21, 1352.2091064453125), (22, 1338.3360595703125), (23, 1209.693603515625), (24, 1267.4117431640625), (25, 1402.88330078125), (26, 1601.797119140625), (27, 1396.214111328125), (28, 1247.521728515625), (29, 1188.824462890625), (30, 1466.0516357421875)], 'r2': [(0, 0.00890437044283554), (1, 0.6521071572633396), (2, 0.8151808557619407), (3, 0.8579174164900685), (4, 0.8755691285747774), (5, 0.875218127333213), (6, 0.8813547606638791), (7, 0.8845211781650799), (8, 0.8890067725215115), (9, 0.8838110433881122), (10, 0.8882825217250306), (11, 0.8904037744754912), (12, 0.8960370415498178), (13, 0.8933036081983143), (14, 0.8957593556137554), (15, 0.8899669038373046), (16, 0.866625262609294), (17, 0.8983560505674097), (18, 0.887821686852159), (19, 0.8654796577965951), (20, 0.8936944349473983), (21, 0.8902148104719423), (22, 0.8932372152421215), (23, 0.8837665467614082), (24, 0.8908481321037677), (25, 0.8894316023783784), (26, 0.8657913835054261), (27, 0.8899378358366035), (28, 0.8982019696313016), (29, 0.8886772862935841), (30, 0.8856474825292809)], 'mape': [(0, 79.91940307617188), (1, 18.90558433532715), (2, 11.748127937316895), (3, 8.77019214630127), (4, 7.249246597290039), (5, 6.54213285446167), (6, 6.254939556121826), (7, 6.211334705352783), (8, 5.974646091461182), (9, 5.844439506530762), (10, 5.728640556335449), (11, 5.506058216094971), (12, 5.5773162841796875), (13, 5.552844047546387), (14, 5.550596237182617), (15, 5.785811901092529), (16, 5.963844299316406), (17, 5.490834712982178), (18, 5.683925151824951), (19, 5.858386039733887), (20, 5.5022687911987305), (21, 5.557050704956055), (22, 5.6035895347595215), (23, 5.721237659454346), (24, 5.723389625549316), (25, 5.850228786468506), (26, 6.209964752197266), (27, 5.767889976501465), (28, 5.522521495819092), (29, 5.810275554656982), (30, 5.986390590667725)], 'accuracy_10': [(0, 11.735205352306366), (1, 31.444332003593445), (2, 58.07422399520874), (3, 70.81243991851807), (4, 81.29388093948364), (5, 86.10832691192627), (6, 85.45637130737305), (7, 86.60982847213745), (8, 85.40621995925903), (9, 85.305917263031), (10, 85.95787286758423), (11, 86.30892634391785), (12, 87.51253485679626), (13, 86.25877499580383), (14, 87.9137396812439), (15, 87.96389102935791), (16, 82.99899697303772), (17, 88.36509585380554), (18, 85.60681939125061), (19, 83.70110392570496), (20, 86.60982847213745), (21, 85.8575701713562), (22, 86.25877499580383), (23, 88.61584663391113), (24, 88.06419372558594), (25, 85.60681939125061), (26, 82.39719271659851), (27, 86.00802421569824), (28, 88.01404237747192), (29, 87.81344294548035), (30, 84.75426435470581)], 'accuracy_20': [(0, 21.46439254283905), (1, 71.31394147872925), (2, 89.36810493469238), (3, 93.32998991012573), (4, 95.18555402755737), (5, 95.08525729179382), (6, 96.13841772079468), (7, 95.43631076812744), (8, 95.93781232833862), (9, 96.08826637268066), (10, 95.8375096321106), (11, 95.88766098022461), (12, 95.38615942001343), (13, 95.586758852005), (14, 95.43631076812744), (15, 94.63390111923218), (16, 95.08525729179382), (17, 95.63691020011902), (18, 95.93781232833862), (19, 95.33600807189941), (20, 96.4894711971283), (21, 95.98796367645264), (22, 95.8375096321106), (23, 94.93480324745178), (24, 95.68706154823303), (25, 95.98796367645264), (26, 95.43631076812744), (27, 95.8375096321106), (28, 95.68706154823303), (29, 95.08525729179382), (30, 95.73721289634705)]}
[2026-01-21 03:41:22,028][flwr][INFO] - Starting Flower simulation, config: ServerConfig(num_rounds=30, round_timeout=None)
[2026-01-21 03:41:29,138][flwr][INFO] - Flower VCE: Ray initialized with resources: {'node:127.0.0.1': 1.0, 'object_store_memory': 2147483648.0, 'memory': 12522430874.0, 'CPU': 10.0}
[2026-01-21 03:41:29,139][flwr][INFO] - Initializing global parameters
[2026-01-21 03:41:29,139][flwr][INFO] - Using initial parameters provided by strategy
[2026-01-21 03:41:29,139][flwr][INFO] - Evaluating initial parameters
[2026-01-21 03:41:29,493][flwr][INFO] - initial parameters (loss, other metrics): 1.4340404903996313, {'rmse': 11782.010694274555, 'mae': 9149.193359375, 'r2': 0.00890437044283554, 'mape': 79.91940307617188, 'accuracy_10': 11.735205352306366, 'accuracy_20': 21.46439254283905}
[2026-01-21 03:41:29,493][flwr][INFO] - FL starting
[2026-01-21 03:41:29,494][flwr][DEBUG] - fit_round 1: strategy sampled 7 clients (out of 12)
[2026-01-21 03:41:43,333][flwr][DEBUG] - fit_round 1 received 7 results and 0 failures
[2026-01-21 03:41:43,339][flwr][WARNING] - No fit_metrics_aggregation_fn provided
[2026-01-21 03:41:43,585][flwr][INFO] - fit progress: (1, 0.13759135705238598, {'rmse': 5521.888263990861, 'mae': 2890.73876953125, 'r2': 0.7823032457135992, 'mape': 15.746561050415039, 'accuracy_10': 36.559680104255676, 'accuracy_20': 77.0812451839447}, 14.091671000001952)
[2026-01-21 03:41:43,585][flwr][DEBUG] - evaluate_round 1: strategy sampled 6 clients (out of 12)
[2026-01-21 03:41:43,784][flwr][DEBUG] - evaluate_round 1 received 6 results and 0 failures
[2026-01-21 03:41:43,784][flwr][WARNING] - No evaluate_metrics_aggregation_fn provided
[2026-01-21 03:41:43,785][flwr][DEBUG] - fit_round 2: strategy sampled 7 clients (out of 12)
[2026-01-21 03:41:51,532][flwr][DEBUG] - fit_round 2 received 7 results and 0 failures
[2026-01-21 03:41:51,779][flwr][INFO] - fit progress: (2, 0.0943759633125429, {'rmse': 5226.840537073998, 'mae': 2257.8818359375, 'r2': 0.8049458396563324, 'mape': 11.9262056350708, 'accuracy_10': 59.52858328819275, 'accuracy_20': 88.61584663391113}, 22.285134957986884)
[2026-01-21 03:41:51,779][flwr][DEBUG] - evaluate_round 2: strategy sampled 6 clients (out of 12)
[2026-01-21 03:41:51,969][flwr][DEBUG] - evaluate_round 2 received 6 results and 0 failures
[2026-01-21 03:41:51,969][flwr][DEBUG] - fit_round 3: strategy sampled 7 clients (out of 12)
[2026-01-21 03:41:59,523][flwr][DEBUG] - fit_round 3 received 7 results and 0 failures
[2026-01-21 03:41:59,766][flwr][INFO] - fit progress: (3, 0.06609851497047045, {'rmse': 4714.313099487559, 'mae': 1792.6873779296875, 'r2': 0.8413231519263256, 'mape': 9.260387420654297, 'accuracy_10': 70.561683177948, 'accuracy_20': 93.68104338645935}, 30.272859917022288)
[2026-01-21 03:41:59,766][flwr][DEBUG] - evaluate_round 3: strategy sampled 6 clients (out of 12)
[2026-01-21 03:41:59,996][flwr][DEBUG] - evaluate_round 3 received 6 results and 0 failures
[2026-01-21 03:41:59,997][flwr][DEBUG] - fit_round 4: strategy sampled 7 clients (out of 12)
[2026-01-21 03:42:07,765][flwr][DEBUG] - fit_round 4 received 7 results and 0 failures
[2026-01-21 03:42:08,039][flwr][INFO] - fit progress: (4, 0.052907720499615014, {'rmse': 4366.955003203033, 'mae': 1722.441162109375, 'r2': 0.8638448247460613, 'mape': 8.33800220489502, 'accuracy_10': 71.7652976512909, 'accuracy_20': 93.78134608268738}, 38.545167208008934)
[2026-01-21 03:42:08,039][flwr][DEBUG] - evaluate_round 4: strategy sampled 6 clients (out of 12)
[2026-01-21 03:42:08,275][flwr][DEBUG] - evaluate_round 4 received 6 results and 0 failures
[2026-01-21 03:42:08,276][flwr][DEBUG] - fit_round 5: strategy sampled 7 clients (out of 12)
[2026-01-21 03:42:15,744][flwr][DEBUG] - fit_round 5 received 7 results and 0 failures
[2026-01-21 03:42:15,993][flwr][INFO] - fit progress: (5, 0.04360305060564336, {'rmse': 4380.306610272847, 'mae': 1634.1558837890625, 'r2': 0.8630109896401763, 'mape': 7.019181728363037, 'accuracy_10': 80.44132590293884, 'accuracy_20': 94.53359842300415}, 46.49957495799754)
[2026-01-21 03:42:15,993][flwr][DEBUG] - evaluate_round 5: strategy sampled 6 clients (out of 12)
[2026-01-21 03:42:16,186][flwr][DEBUG] - evaluate_round 5 received 6 results and 0 failures
[2026-01-21 03:42:16,187][flwr][DEBUG] - fit_round 6: strategy sampled 7 clients (out of 12)
[2026-01-21 03:42:23,912][flwr][DEBUG] - fit_round 6 received 7 results and 0 failures
[2026-01-21 03:42:24,198][flwr][INFO] - fit progress: (6, 0.038549649522620195, {'rmse': 4004.893756393545, 'mae': 1458.361083984375, 'r2': 0.885485965934063, 'mape': 6.655323505401611, 'accuracy_10': 82.49749541282654, 'accuracy_20': 95.88766098022461}, 54.70446741703199)
[2026-01-21 03:42:24,199][flwr][DEBUG] - evaluate_round 6: strategy sampled 6 clients (out of 12)
[2026-01-21 03:42:24,429][flwr][DEBUG] - evaluate_round 6 received 6 results and 0 failures
[2026-01-21 03:42:24,430][flwr][DEBUG] - fit_round 7: strategy sampled 7 clients (out of 12)
[2026-01-21 03:42:32,055][flwr][DEBUG] - fit_round 7 received 7 results and 0 failures
[2026-01-21 03:42:32,313][flwr][INFO] - fit progress: (7, 0.0389968281333431, {'rmse': 3982.8916631010693, 'mae': 1331.564208984375, 'r2': 0.8867407444083257, 'mape': 6.248733997344971, 'accuracy_10': 86.50952577590942, 'accuracy_20': 95.53660750389099}, 62.818896332988515)
[2026-01-21 03:42:32,313][flwr][DEBUG] - evaluate_round 7: strategy sampled 6 clients (out of 12)
[2026-01-21 03:42:32,525][flwr][DEBUG] - evaluate_round 7 received 6 results and 0 failures
[2026-01-21 03:42:32,526][flwr][DEBUG] - fit_round 8: strategy sampled 7 clients (out of 12)
[2026-01-21 03:42:40,211][flwr][DEBUG] - fit_round 8 received 7 results and 0 failures
[2026-01-21 03:42:40,479][flwr][INFO] - fit progress: (8, 0.03741010762900562, {'rmse': 3962.7307503790867, 'mae': 1335.4364013671875, 'r2': 0.8878844499747628, 'mape': 6.1512532234191895, 'accuracy_10': 86.25877499580383, 'accuracy_20': 95.8375096321106}, 70.9848105830024)
[2026-01-21 03:42:40,479][flwr][DEBUG] - evaluate_round 8: strategy sampled 6 clients (out of 12)
[2026-01-21 03:42:40,687][flwr][DEBUG] - evaluate_round 8 received 6 results and 0 failures
[2026-01-21 03:42:40,688][flwr][DEBUG] - fit_round 9: strategy sampled 7 clients (out of 12)
[2026-01-21 03:42:48,302][flwr][DEBUG] - fit_round 9 received 7 results and 0 failures
[2026-01-21 03:42:48,560][flwr][INFO] - fit progress: (9, 0.036554143221352024, {'rmse': 3916.913580869509, 'mae': 1336.5274658203125, 'r2': 0.890462027804848, 'mape': 6.104743957519531, 'accuracy_10': 85.5566680431366, 'accuracy_20': 95.93781232833862}, 79.0657932080212)
[2026-01-21 03:42:48,560][flwr][DEBUG] - evaluate_round 9: strategy sampled 6 clients (out of 12)
[2026-01-21 03:42:48,745][flwr][DEBUG] - evaluate_round 9 received 6 results and 0 failures
[2026-01-21 03:42:48,745][flwr][DEBUG] - fit_round 10: strategy sampled 7 clients (out of 12)
[2026-01-21 03:42:56,148][flwr][DEBUG] - fit_round 10 received 7 results and 0 failures
[2026-01-21 03:42:56,426][flwr][INFO] - fit progress: (10, 0.03581962557630978, {'rmse': 3938.8912145424883, 'mae': 1304.369873046875, 'r2': 0.8892293509839944, 'mape': 5.87673807144165, 'accuracy_10': 86.91073060035706, 'accuracy_20': 95.88766098022461}, 86.93153141700896)
[2026-01-21 03:42:56,426][flwr][DEBUG] - evaluate_round 10: strategy sampled 6 clients (out of 12)
[2026-01-21 03:42:56,634][flwr][DEBUG] - evaluate_round 10 received 6 results and 0 failures
[2026-01-21 03:42:56,634][flwr][DEBUG] - fit_round 11: strategy sampled 7 clients (out of 12)
[2026-01-21 03:43:03,963][flwr][DEBUG] - fit_round 11 received 7 results and 0 failures
[2026-01-21 03:43:04,231][flwr][INFO] - fit progress: (11, 0.03509779260825429, {'rmse': 3893.6521416274463, 'mae': 1277.6583251953125, 'r2': 0.8917591910026355, 'mape': 5.763707637786865, 'accuracy_10': 87.46238946914673, 'accuracy_20': 95.586758852005}, 94.73653233301593)
[2026-01-21 03:43:04,231][flwr][DEBUG] - evaluate_round 11: strategy sampled 6 clients (out of 12)
[2026-01-21 03:43:04,463][flwr][DEBUG] - evaluate_round 11 received 6 results and 0 failures
[2026-01-21 03:43:04,463][flwr][DEBUG] - fit_round 12: strategy sampled 7 clients (out of 12)
[2026-01-21 03:43:11,910][flwr][DEBUG] - fit_round 12 received 7 results and 0 failures
[2026-01-21 03:43:12,181][flwr][INFO] - fit progress: (12, 0.03339443163182157, {'rmse': 3884.797034595244, 'mae': 1337.91552734375, 'r2': 0.8922509637904814, 'mape': 5.778422832489014, 'accuracy_10': 86.86057925224304, 'accuracy_20': 95.88766098022461}, 102.6865563330357)
[2026-01-21 03:43:12,181][flwr][DEBUG] - evaluate_round 12: strategy sampled 6 clients (out of 12)
[2026-01-21 03:43:12,287][flwr][DEBUG] - evaluate_round 12 received 6 results and 0 failures
[2026-01-21 03:43:12,287][flwr][DEBUG] - fit_round 13: strategy sampled 7 clients (out of 12)
[2026-01-21 03:43:19,755][flwr][DEBUG] - fit_round 13 received 7 results and 0 failures
[2026-01-21 03:43:20,100][flwr][INFO] - fit progress: (13, 0.03406176160191491, {'rmse': 3886.5556730863896, 'mae': 1309.2467041015625, 'r2': 0.8921533909304084, 'mape': 5.777244567871094, 'accuracy_10': 87.56268620491028, 'accuracy_20': 95.78736424446106}, 110.60633079201216)
[2026-01-21 03:43:20,102][flwr][DEBUG] - evaluate_round 13: strategy sampled 6 clients (out of 12)
[2026-01-21 03:43:20,296][flwr][DEBUG] - evaluate_round 13 received 6 results and 0 failures
[2026-01-21 03:43:20,298][flwr][DEBUG] - fit_round 14: strategy sampled 7 clients (out of 12)
[2026-01-21 03:43:27,904][flwr][DEBUG] - fit_round 14 received 7 results and 0 failures
[2026-01-21 03:43:28,175][flwr][INFO] - fit progress: (14, 0.0330295398506292, {'rmse': 3822.690544629528, 'mae': 1287.7705078125, 'r2': 0.8956686097740287, 'mape': 5.652136325836182, 'accuracy_10': 87.56268620491028, 'accuracy_20': 95.586758852005}, 118.68057175003923)
[2026-01-21 03:43:28,175][flwr][DEBUG] - evaluate_round 14: strategy sampled 6 clients (out of 12)
[2026-01-21 03:43:28,347][flwr][DEBUG] - evaluate_round 14 received 6 results and 0 failures
[2026-01-21 03:43:28,348][flwr][DEBUG] - fit_round 15: strategy sampled 7 clients (out of 12)
[2026-01-21 03:43:35,895][flwr][DEBUG] - fit_round 15 received 7 results and 0 failures
[2026-01-21 03:43:36,148][flwr][INFO] - fit progress: (15, 0.031996318713622685, {'rmse': 3968.5034962816903, 'mae': 1412.7716064453125, 'r2': 0.8875575596278263, 'mape': 5.706850528717041, 'accuracy_10': 85.0050151348114, 'accuracy_20': 95.98796367645264}, 126.65380875003757)
[2026-01-21 03:43:36,148][flwr][DEBUG] - evaluate_round 15: strategy sampled 6 clients (out of 12)
[2026-01-21 03:43:36,241][flwr][DEBUG] - evaluate_round 15 received 6 results and 0 failures
[2026-01-21 03:43:36,241][flwr][DEBUG] - fit_round 16: strategy sampled 7 clients (out of 12)
[2026-01-21 03:43:43,555][flwr][DEBUG] - fit_round 16 received 7 results and 0 failures
[2026-01-21 03:43:43,825][flwr][INFO] - fit progress: (16, 0.03262583753551798, {'rmse': 3871.285187118097, 'mae': 1320.0692138671875, 'r2': 0.8929991934876415, 'mape': 5.656183242797852, 'accuracy_10': 87.01103329658508, 'accuracy_20': 95.78736424446106}, 134.33043212501798)
[2026-01-21 03:43:43,825][flwr][DEBUG] - evaluate_round 16: strategy sampled 6 clients (out of 12)
[2026-01-21 03:43:43,927][flwr][DEBUG] - evaluate_round 16 received 6 results and 0 failures
[2026-01-21 03:43:43,927][flwr][DEBUG] - fit_round 17: strategy sampled 7 clients (out of 12)
[2026-01-21 03:43:51,410][flwr][DEBUG] - fit_round 17 received 7 results and 0 failures
[2026-01-21 03:43:51,661][flwr][INFO] - fit progress: (17, 0.03237397117501007, {'rmse': 3832.990086081622, 'mae': 1275.3900146484375, 'r2': 0.8951056482498541, 'mape': 5.572124004364014, 'accuracy_10': 87.86358833312988, 'accuracy_20': 95.43631076812744}, 142.1663440419943)
[2026-01-21 03:43:51,661][flwr][DEBUG] - evaluate_round 17: strategy sampled 6 clients (out of 12)
[2026-01-21 03:43:51,860][flwr][DEBUG] - evaluate_round 17 received 6 results and 0 failures
[2026-01-21 03:43:51,861][flwr][DEBUG] - fit_round 18: strategy sampled 7 clients (out of 12)
[2026-01-21 03:43:59,524][flwr][DEBUG] - fit_round 18 received 7 results and 0 failures
[2026-01-21 03:43:59,793][flwr][INFO] - fit progress: (18, 0.032123260703517, {'rmse': 3819.7642597416925, 'mae': 1261.978515625, 'r2': 0.8958282784539648, 'mape': 5.48633337020874, 'accuracy_10': 87.61283755302429, 'accuracy_20': 95.2858567237854}, 150.2991452080314)
[2026-01-21 03:43:59,794][flwr][DEBUG] - evaluate_round 18: strategy sampled 6 clients (out of 12)
[2026-01-21 03:43:59,996][flwr][DEBUG] - evaluate_round 18 received 6 results and 0 failures
[2026-01-21 03:43:59,997][flwr][DEBUG] - fit_round 19: strategy sampled 7 clients (out of 12)
[2026-01-21 03:44:07,697][flwr][DEBUG] - fit_round 19 received 7 results and 0 failures
[2026-01-21 03:44:07,950][flwr][INFO] - fit progress: (19, 0.03224701693873767, {'rmse': 3807.0277120084115, 'mae': 1277.9490966796875, 'r2': 0.896521818658383, 'mape': 5.573209285736084, 'accuracy_10': 87.56268620491028, 'accuracy_20': 95.33600807189941}, 158.4558220829931)
[2026-01-21 03:44:07,950][flwr][DEBUG] - evaluate_round 19: strategy sampled 6 clients (out of 12)
[2026-01-21 03:44:08,199][flwr][DEBUG] - evaluate_round 19 received 6 results and 0 failures
[2026-01-21 03:44:08,200][flwr][DEBUG] - fit_round 20: strategy sampled 7 clients (out of 12)
[2026-01-21 03:44:15,433][flwr][DEBUG] - fit_round 20 received 7 results and 0 failures
[2026-01-21 03:44:15,694][flwr][INFO] - fit progress: (20, 0.03139947622887409, {'rmse': 3919.082418117792, 'mae': 1411.638916015625, 'r2': 0.8903406887010129, 'mape': 5.7693376541137695, 'accuracy_10': 85.45637130737305, 'accuracy_20': 96.18856310844421}, 166.19976537500042)
[2026-01-21 03:44:15,694][flwr][DEBUG] - evaluate_round 20: strategy sampled 6 clients (out of 12)
[2026-01-21 03:44:15,940][flwr][DEBUG] - evaluate_round 20 received 6 results and 0 failures
[2026-01-21 03:44:15,940][flwr][DEBUG] - fit_round 21: strategy sampled 7 clients (out of 12)
[2026-01-21 03:44:23,460][flwr][DEBUG] - fit_round 21 received 7 results and 0 failures
[2026-01-21 03:44:23,732][flwr][INFO] - fit progress: (21, 0.03353805572108376, {'rmse': 4195.886557093745, 'mae': 1526.14208984375, 'r2': 0.8743032039448474, 'mape': 5.973912239074707, 'accuracy_10': 83.90170335769653, 'accuracy_20': 95.2858567237854}, 174.23815904202638)
[2026-01-21 03:44:23,733][flwr][DEBUG] - evaluate_round 21: strategy sampled 6 clients (out of 12)
[2026-01-21 03:44:23,944][flwr][DEBUG] - evaluate_round 21 received 6 results and 0 failures
[2026-01-21 03:44:23,945][flwr][DEBUG] - fit_round 22: strategy sampled 7 clients (out of 12)
[2026-01-21 03:44:31,211][flwr][DEBUG] - fit_round 22 received 7 results and 0 failures
[2026-01-21 03:44:31,486][flwr][INFO] - fit progress: (22, 0.030937345709685336, {'rmse': 3809.8853001107527, 'mae': 1312.0350341796875, 'r2': 0.8963664177827879, 'mape': 5.661700248718262, 'accuracy_10': 87.86358833312988, 'accuracy_20': 96.08826637268066}, 181.9916005420382)
[2026-01-21 03:44:31,486][flwr][DEBUG] - evaluate_round 22: strategy sampled 6 clients (out of 12)
[2026-01-21 03:44:31,581][flwr][DEBUG] - evaluate_round 22 received 6 results and 0 failures
[2026-01-21 03:44:31,582][flwr][DEBUG] - fit_round 23: strategy sampled 7 clients (out of 12)
[2026-01-21 03:44:38,800][flwr][DEBUG] - fit_round 23 received 7 results and 0 failures
[2026-01-21 03:44:39,048][flwr][INFO] - fit progress: (23, 0.03150027773904436, {'rmse': 3823.234494508544, 'mae': 1259.8404541015625, 'r2': 0.8956389111355727, 'mape': 5.565954208374023, 'accuracy_10': 87.96389102935791, 'accuracy_20': 95.68706154823303}, 189.55405874998542)
[2026-01-21 03:44:39,049][flwr][DEBUG] - evaluate_round 23: strategy sampled 6 clients (out of 12)
[2026-01-21 03:44:39,157][flwr][DEBUG] - evaluate_round 23 received 6 results and 0 failures
[2026-01-21 03:44:39,157][flwr][DEBUG] - fit_round 24: strategy sampled 7 clients (out of 12)
[2026-01-21 03:44:46,330][flwr][DEBUG] - fit_round 24 received 7 results and 0 failures
[2026-01-21 03:44:46,574][flwr][INFO] - fit progress: (24, 0.03425612495679674, {'rmse': 4240.15518583931, 'mae': 1573.472900390625, 'r2': 0.8716368968492516, 'mape': 6.129705905914307, 'accuracy_10': 83.24974775314331, 'accuracy_20': 95.18555402755737}, 197.08007770800032)
[2026-01-21 03:44:46,575][flwr][DEBUG] - evaluate_round 24: strategy sampled 6 clients (out of 12)
[2026-01-21 03:44:46,653][flwr][DEBUG] - evaluate_round 24 received 6 results and 0 failures
[2026-01-21 03:44:46,653][flwr][DEBUG] - fit_round 25: strategy sampled 7 clients (out of 12)
[2026-01-21 03:44:53,968][flwr][DEBUG] - fit_round 25 received 7 results and 0 failures
[2026-01-21 03:44:54,216][flwr][INFO] - fit progress: (25, 0.030491687256540195, {'rmse': 3940.533593309414, 'mae': 1442.0072021484375, 'r2': 0.8891369625529061, 'mape': 5.811738014221191, 'accuracy_10': 84.90471243858337, 'accuracy_20': 96.03811502456665}, 204.72137770801783)
[2026-01-21 03:44:54,216][flwr][DEBUG] - evaluate_round 25: strategy sampled 6 clients (out of 12)
[2026-01-21 03:44:54,300][flwr][DEBUG] - evaluate_round 25 received 6 results and 0 failures
[2026-01-21 03:44:54,301][flwr][DEBUG] - fit_round 26: strategy sampled 7 clients (out of 12)
[2026-01-21 03:45:01,796][flwr][DEBUG] - fit_round 26 received 7 results and 0 failures
[2026-01-21 03:45:02,057][flwr][INFO] - fit progress: (26, 0.03099826919129763, {'rmse': 3760.2551775112283, 'mae': 1237.0374755859375, 'r2': 0.8990488281401243, 'mape': 5.511410236358643, 'accuracy_10': 88.56569528579712, 'accuracy_20': 95.48646211624146}, 212.56229100003839)
[2026-01-21 03:45:02,057][flwr][DEBUG] - evaluate_round 26: strategy sampled 6 clients (out of 12)
[2026-01-21 03:45:02,154][flwr][DEBUG] - evaluate_round 26 received 6 results and 0 failures
[2026-01-21 03:45:02,154][flwr][DEBUG] - fit_round 27: strategy sampled 7 clients (out of 12)
[2026-01-21 03:45:10,257][flwr][DEBUG] - fit_round 27 received 7 results and 0 failures
[2026-01-21 03:45:10,540][flwr][INFO] - fit progress: (27, 0.03057661244445812, {'rmse': 3740.8585912862304, 'mae': 1258.9752197265625, 'r2': 0.9000876205163415, 'mape': 5.53286600112915, 'accuracy_10': 88.11434507369995, 'accuracy_20': 95.78736424446106}, 221.04584604199044)
[2026-01-21 03:45:10,541][flwr][DEBUG] - evaluate_round 27: strategy sampled 6 clients (out of 12)
[2026-01-21 03:45:10,679][flwr][DEBUG] - evaluate_round 27 received 6 results and 0 failures
[2026-01-21 03:45:10,680][flwr][DEBUG] - fit_round 28: strategy sampled 7 clients (out of 12)
[2026-01-21 03:45:18,163][flwr][DEBUG] - fit_round 28 received 7 results and 0 failures
[2026-01-21 03:45:18,408][flwr][INFO] - fit progress: (28, 0.03010947238411026, {'rmse': 3882.013781531436, 'mae': 1419.8751220703125, 'r2': 0.8924053013814898, 'mape': 5.846769332885742, 'accuracy_10': 85.50651669502258, 'accuracy_20': 96.13841772079468}, 228.91327716701198)
[2026-01-21 03:45:18,408][flwr][DEBUG] - evaluate_round 28: strategy sampled 6 clients (out of 12)
[2026-01-21 03:45:18,599][flwr][DEBUG] - evaluate_round 28 received 6 results and 0 failures
[2026-01-21 03:45:18,600][flwr][DEBUG] - fit_round 29: strategy sampled 7 clients (out of 12)
[2026-01-21 03:45:25,789][flwr][DEBUG] - fit_round 29 received 7 results and 0 failures
[2026-01-21 03:45:26,070][flwr][INFO] - fit progress: (29, 0.03050423208754902, {'rmse': 3885.443990073721, 'mae': 1443.54345703125, 'r2': 0.892215076102431, 'mape': 5.962310314178467, 'accuracy_10': 85.25576591491699, 'accuracy_20': 96.18856310844421}, 236.5757595000323)
[2026-01-21 03:45:26,071][flwr][DEBUG] - evaluate_round 29: strategy sampled 6 clients (out of 12)
[2026-01-21 03:45:26,186][flwr][DEBUG] - evaluate_round 29 received 6 results and 0 failures
[2026-01-21 03:45:26,187][flwr][DEBUG] - fit_round 30: strategy sampled 7 clients (out of 12)
[2026-01-21 03:45:33,566][flwr][DEBUG] - fit_round 30 received 7 results and 0 failures
[2026-01-21 03:45:33,808][flwr][INFO] - fit progress: (30, 0.034297691050958014, {'rmse': 3831.7399442028945, 'mae': 1191.1480712890625, 'r2': 0.895174057780263, 'mape': 5.604438304901123, 'accuracy_10': 87.9137396812439, 'accuracy_20': 95.13540863990784}, 244.3135251670028)
[2026-01-21 03:45:33,809][flwr][DEBUG] - evaluate_round 30: strategy sampled 6 clients (out of 12)
[2026-01-21 03:45:33,888][flwr][DEBUG] - evaluate_round 30 received 6 results and 0 failures
[2026-01-21 03:45:33,888][flwr][INFO] - FL finished in 244.3933070829953
[2026-01-21 03:45:33,889][flwr][INFO] - app_fit: losses_distributed [(1, 0.19113790120796434), (2, 0.10065246537327767), (3, 0.06741624281686895), (4, 0.06477803229501179), (5, 0.05088065547533461), (6, 0.04790322119213138), (7, 0.040566888912721075), (8, 0.046438735812418024), (9, 0.048698776551884496), (10, 0.03047480361903718), (11, 0.02060294960555838), (12, 0.03319010920629344), (13, 0.05504311863504321), (14, 0.035711158526804156), (15, 0.04837354589282587), (16, 0.04603350877910111), (17, 0.0644947011556298), (18, 0.010968020263908664), (19, 0.04247501471100339), (20, 0.02612687421389122), (21, 0.042111585658342235), (22, 0.03695737370180966), (23, 0.03360699685684099), (24, 0.03498526107723231), (25, 0.03274069507001436), (26, 0.02633554595564995), (27, 0.01605468324628047), (28, 0.019766182714049233), (29, 0.030407887137483464), (30, 0.040808480196250864)]
[2026-01-21 03:45:33,890][flwr][INFO] - app_fit: metrics_distributed_fit {'scaffold_updates': [(1, 7), (2, 7), (3, 7), (4, 7), (5, 7), (6, 7), (7, 7), (8, 7), (9, 7), (10, 7), (11, 7), (12, 7), (13, 7), (14, 7), (15, 7), (16, 7), (17, 7), (18, 7), (19, 7), (20, 7), (21, 7), (22, 7), (23, 7), (24, 7), (25, 7), (26, 7), (27, 7), (28, 7), (29, 7), (30, 7)], 'avg_control_delta_norm': [(1, 0.0016417907495554125), (2, 0.0009740674963821764), (3, 0.0007472206441098618), (4, 0.0006760250864077093), (5, 0.0006102460440987536), (6, 0.00045300918461021024), (7, 0.0004673896662086875), (8, 0.00041592820821100414), (9, 0.0003886994687486445), (10, 0.00043350825080495844), (11, 0.00033587379018343316), (12, 0.00037756927347513345), (13, 0.0003500684676032008), (14, 0.000302800042125275), (15, 0.00031706518930144616), (16, 0.0003158619208275372), (17, 0.00030453832097926853), (18, 0.00024403742752590637), (19, 0.00024762364308378006), (20, 0.00027053659741645716), (21, 0.000261008755665349), (22, 0.00029753700411038007), (23, 0.0002676361185474433), (24, 0.0002600556623647147), (25, 0.00026476762205999657), (26, 0.00016975420140842823), (27, 0.00023582613803049138), (28, 0.00021123417746788756), (29, 0.00019421116332699206), (30, 0.00023807015632770442)]}
[2026-01-21 03:45:33,890][flwr][INFO] - app_fit: metrics_distributed {}
[2026-01-21 03:45:33,890][flwr][INFO] - app_fit: losses_centralized [(0, 1.4340404903996313), (1, 0.13759135705238598), (2, 0.0943759633125429), (3, 0.06609851497047045), (4, 0.052907720499615014), (5, 0.04360305060564336), (6, 0.038549649522620195), (7, 0.0389968281333431), (8, 0.03741010762900562), (9, 0.036554143221352024), (10, 0.03581962557630978), (11, 0.03509779260825429), (12, 0.03339443163182157), (13, 0.03406176160191491), (14, 0.0330295398506292), (15, 0.031996318713622685), (16, 0.03262583753551798), (17, 0.03237397117501007), (18, 0.032123260703517), (19, 0.03224701693873767), (20, 0.03139947622887409), (21, 0.03353805572108376), (22, 0.030937345709685336), (23, 0.03150027773904436), (24, 0.03425612495679674), (25, 0.030491687256540195), (26, 0.03099826919129763), (27, 0.03057661244445812), (28, 0.03010947238411026), (29, 0.03050423208754902), (30, 0.034297691050958014)]
[2026-01-21 03:45:33,890][flwr][INFO] - app_fit: metrics_centralized {'rmse': [(0, 11782.010694274555), (1, 5521.888263990861), (2, 5226.840537073998), (3, 4714.313099487559), (4, 4366.955003203033), (5, 4380.306610272847), (6, 4004.893756393545), (7, 3982.8916631010693), (8, 3962.7307503790867), (9, 3916.913580869509), (10, 3938.8912145424883), (11, 3893.6521416274463), (12, 3884.797034595244), (13, 3886.5556730863896), (14, 3822.690544629528), (15, 3968.5034962816903), (16, 3871.285187118097), (17, 3832.990086081622), (18, 3819.7642597416925), (19, 3807.0277120084115), (20, 3919.082418117792), (21, 4195.886557093745), (22, 3809.8853001107527), (23, 3823.234494508544), (24, 4240.15518583931), (25, 3940.533593309414), (26, 3760.2551775112283), (27, 3740.8585912862304), (28, 3882.013781531436), (29, 3885.443990073721), (30, 3831.7399442028945)], 'mae': [(0, 9149.193359375), (1, 2890.73876953125), (2, 2257.8818359375), (3, 1792.6873779296875), (4, 1722.441162109375), (5, 1634.1558837890625), (6, 1458.361083984375), (7, 1331.564208984375), (8, 1335.4364013671875), (9, 1336.5274658203125), (10, 1304.369873046875), (11, 1277.6583251953125), (12, 1337.91552734375), (13, 1309.2467041015625), (14, 1287.7705078125), (15, 1412.7716064453125), (16, 1320.0692138671875), (17, 1275.3900146484375), (18, 1261.978515625), (19, 1277.9490966796875), (20, 1411.638916015625), (21, 1526.14208984375), (22, 1312.0350341796875), (23, 1259.8404541015625), (24, 1573.472900390625), (25, 1442.0072021484375), (26, 1237.0374755859375), (27, 1258.9752197265625), (28, 1419.8751220703125), (29, 1443.54345703125), (30, 1191.1480712890625)], 'r2': [(0, 0.00890437044283554), (1, 0.7823032457135992), (2, 0.8049458396563324), (3, 0.8413231519263256), (4, 0.8638448247460613), (5, 0.8630109896401763), (6, 0.885485965934063), (7, 0.8867407444083257), (8, 0.8878844499747628), (9, 0.890462027804848), (10, 0.8892293509839944), (11, 0.8917591910026355), (12, 0.8922509637904814), (13, 0.8921533909304084), (14, 0.8956686097740287), (15, 0.8875575596278263), (16, 0.8929991934876415), (17, 0.8951056482498541), (18, 0.8958282784539648), (19, 0.896521818658383), (20, 0.8903406887010129), (21, 0.8743032039448474), (22, 0.8963664177827879), (23, 0.8956389111355727), (24, 0.8716368968492516), (25, 0.8891369625529061), (26, 0.8990488281401243), (27, 0.9000876205163415), (28, 0.8924053013814898), (29, 0.892215076102431), (30, 0.895174057780263)], 'mape': [(0, 79.91940307617188), (1, 15.746561050415039), (2, 11.9262056350708), (3, 9.260387420654297), (4, 8.33800220489502), (5, 7.019181728363037), (6, 6.655323505401611), (7, 6.248733997344971), (8, 6.1512532234191895), (9, 6.104743957519531), (10, 5.87673807144165), (11, 5.763707637786865), (12, 5.778422832489014), (13, 5.777244567871094), (14, 5.652136325836182), (15, 5.706850528717041), (16, 5.656183242797852), (17, 5.572124004364014), (18, 5.48633337020874), (19, 5.573209285736084), (20, 5.7693376541137695), (21, 5.973912239074707), (22, 5.661700248718262), (23, 5.565954208374023), (24, 6.129705905914307), (25, 5.811738014221191), (26, 5.511410236358643), (27, 5.53286600112915), (28, 5.846769332885742), (29, 5.962310314178467), (30, 5.604438304901123)], 'accuracy_10': [(0, 11.735205352306366), (1, 36.559680104255676), (2, 59.52858328819275), (3, 70.561683177948), (4, 71.7652976512909), (5, 80.44132590293884), (6, 82.49749541282654), (7, 86.50952577590942), (8, 86.25877499580383), (9, 85.5566680431366), (10, 86.91073060035706), (11, 87.46238946914673), (12, 86.86057925224304), (13, 87.56268620491028), (14, 87.56268620491028), (15, 85.0050151348114), (16, 87.01103329658508), (17, 87.86358833312988), (18, 87.61283755302429), (19, 87.56268620491028), (20, 85.45637130737305), (21, 83.90170335769653), (22, 87.86358833312988), (23, 87.96389102935791), (24, 83.24974775314331), (25, 84.90471243858337), (26, 88.56569528579712), (27, 88.11434507369995), (28, 85.50651669502258), (29, 85.25576591491699), (30, 87.9137396812439)], 'accuracy_20': [(0, 21.46439254283905), (1, 77.0812451839447), (2, 88.61584663391113), (3, 93.68104338645935), (4, 93.78134608268738), (5, 94.53359842300415), (6, 95.88766098022461), (7, 95.53660750389099), (8, 95.8375096321106), (9, 95.93781232833862), (10, 95.88766098022461), (11, 95.586758852005), (12, 95.88766098022461), (13, 95.78736424446106), (14, 95.586758852005), (15, 95.98796367645264), (16, 95.78736424446106), (17, 95.43631076812744), (18, 95.2858567237854), (19, 95.33600807189941), (20, 96.18856310844421), (21, 95.2858567237854), (22, 96.08826637268066), (23, 95.68706154823303), (24, 95.18555402755737), (25, 96.03811502456665), (26, 95.48646211624146), (27, 95.78736424446106), (28, 96.13841772079468), (29, 96.18856310844421), (30, 95.13540863990784)]}
