[2026-01-12 00:27:43,316][flwr][INFO] - Starting Flower simulation, config: ServerConfig(num_rounds=50, round_timeout=None)
[2026-01-12 00:27:48,874][flwr][INFO] - Flower VCE: Ray initialized with resources: {'CPU': 10.0, 'memory': 11933067674.0, 'node:127.0.0.1': 1.0, 'object_store_memory': 2147483648.0}
[2026-01-12 00:27:48,875][flwr][INFO] - Initializing global parameters
[2026-01-12 00:27:48,875][flwr][INFO] - Using initial parameters provided by strategy
[2026-01-12 00:27:48,876][flwr][INFO] - Evaluating initial parameters
[2026-01-12 00:27:48,945][flwr][INFO] - initial parameters (loss, other metrics): 68.07474291324615, {'accuracy': 0.507}
[2026-01-12 00:27:48,945][flwr][INFO] - FL starting
[2026-01-12 00:27:48,946][flwr][DEBUG] - fit_round 1: strategy sampled 100 clients (out of 100)
[2026-01-12 00:27:54,853][flwr][DEBUG] - fit_round 1 received 100 results and 0 failures
[2026-01-12 00:27:54,900][flwr][WARNING] - No fit_metrics_aggregation_fn provided
[2026-01-12 00:27:54,935][flwr][INFO] - fit progress: (1, 66.07495051622391, {'accuracy': 0.507}, 5.989836875000037)
[2026-01-12 00:27:54,936][flwr][DEBUG] - evaluate_round 1: strategy sampled 100 clients (out of 100)
[2026-01-12 00:27:55,455][flwr][DEBUG] - evaluate_round 1 received 100 results and 0 failures
[2026-01-12 00:27:55,456][flwr][WARNING] - No evaluate_metrics_aggregation_fn provided
[2026-01-12 00:27:55,456][flwr][DEBUG] - fit_round 2: strategy sampled 100 clients (out of 100)
[2026-01-12 00:27:56,048][flwr][DEBUG] - fit_round 2 received 100 results and 0 failures
[2026-01-12 00:27:56,112][flwr][INFO] - fit progress: (2, 65.50061738491058, {'accuracy': 0.507}, 7.166716457999428)
[2026-01-12 00:27:56,112][flwr][DEBUG] - evaluate_round 2: strategy sampled 100 clients (out of 100)
[2026-01-12 00:27:56,568][flwr][DEBUG] - evaluate_round 2 received 100 results and 0 failures
[2026-01-12 00:27:56,569][flwr][DEBUG] - fit_round 3: strategy sampled 100 clients (out of 100)
[2026-01-12 00:27:57,117][flwr][DEBUG] - fit_round 3 received 100 results and 0 failures
[2026-01-12 00:27:57,182][flwr][INFO] - fit progress: (3, 65.75007343292236, {'accuracy': 0.507}, 8.236331499996595)
[2026-01-12 00:27:57,182][flwr][DEBUG] - evaluate_round 3: strategy sampled 100 clients (out of 100)
[2026-01-12 00:27:57,626][flwr][DEBUG] - evaluate_round 3 received 100 results and 0 failures
[2026-01-12 00:27:57,627][flwr][DEBUG] - fit_round 4: strategy sampled 100 clients (out of 100)
[2026-01-12 00:27:58,160][flwr][DEBUG] - fit_round 4 received 100 results and 0 failures
[2026-01-12 00:27:58,224][flwr][INFO] - fit progress: (4, 66.35628682374954, {'accuracy': 0.507}, 9.27920170800644)
[2026-01-12 00:27:58,225][flwr][DEBUG] - evaluate_round 4: strategy sampled 100 clients (out of 100)
[2026-01-12 00:27:58,677][flwr][DEBUG] - evaluate_round 4 received 100 results and 0 failures
[2026-01-12 00:27:58,677][flwr][DEBUG] - fit_round 5: strategy sampled 100 clients (out of 100)
[2026-01-12 00:27:59,206][flwr][DEBUG] - fit_round 5 received 100 results and 0 failures
[2026-01-12 00:27:59,272][flwr][INFO] - fit progress: (5, 67.01955264806747, {'accuracy': 0.507}, 10.326396292002755)
[2026-01-12 00:27:59,272][flwr][DEBUG] - evaluate_round 5: strategy sampled 100 clients (out of 100)
[2026-01-12 00:27:59,706][flwr][DEBUG] - evaluate_round 5 received 100 results and 0 failures
[2026-01-12 00:27:59,707][flwr][DEBUG] - fit_round 6: strategy sampled 100 clients (out of 100)
[2026-01-12 00:28:00,228][flwr][DEBUG] - fit_round 6 received 100 results and 0 failures
[2026-01-12 00:28:00,294][flwr][INFO] - fit progress: (6, 67.5322373509407, {'accuracy': 0.507}, 11.348296083000605)
[2026-01-12 00:28:00,294][flwr][DEBUG] - evaluate_round 6: strategy sampled 100 clients (out of 100)
[2026-01-12 00:28:00,733][flwr][DEBUG] - evaluate_round 6 received 100 results and 0 failures
[2026-01-12 00:28:00,734][flwr][DEBUG] - fit_round 7: strategy sampled 100 clients (out of 100)
[2026-01-12 00:28:01,251][flwr][DEBUG] - fit_round 7 received 100 results and 0 failures
[2026-01-12 00:28:01,316][flwr][INFO] - fit progress: (7, 67.85362190008163, {'accuracy': 0.507}, 12.370397958002286)
[2026-01-12 00:28:01,316][flwr][DEBUG] - evaluate_round 7: strategy sampled 100 clients (out of 100)
[2026-01-12 00:28:01,788][flwr][DEBUG] - evaluate_round 7 received 100 results and 0 failures
[2026-01-12 00:28:01,789][flwr][DEBUG] - fit_round 8: strategy sampled 100 clients (out of 100)
[2026-01-12 00:28:02,526][flwr][DEBUG] - fit_round 8 received 100 results and 0 failures
[2026-01-12 00:28:02,598][flwr][INFO] - fit progress: (8, 67.94960182905197, {'accuracy': 0.507}, 13.652627542003756)
[2026-01-12 00:28:02,598][flwr][DEBUG] - evaluate_round 8: strategy sampled 100 clients (out of 100)
[2026-01-12 00:28:03,107][flwr][DEBUG] - evaluate_round 8 received 100 results and 0 failures
[2026-01-12 00:28:03,108][flwr][DEBUG] - fit_round 9: strategy sampled 100 clients (out of 100)
[2026-01-12 00:28:03,672][flwr][DEBUG] - fit_round 9 received 100 results and 0 failures
[2026-01-12 00:28:03,750][flwr][INFO] - fit progress: (9, 67.89626449346542, {'accuracy': 0.5075}, 14.804533375005121)
[2026-01-12 00:28:03,750][flwr][DEBUG] - evaluate_round 9: strategy sampled 100 clients (out of 100)
[2026-01-12 00:28:04,218][flwr][DEBUG] - evaluate_round 9 received 100 results and 0 failures
[2026-01-12 00:28:04,219][flwr][DEBUG] - fit_round 10: strategy sampled 100 clients (out of 100)
[2026-01-12 00:28:04,805][flwr][DEBUG] - fit_round 10 received 100 results and 0 failures
[2026-01-12 00:28:04,870][flwr][INFO] - fit progress: (10, 67.67986047267914, {'accuracy': 0.508}, 15.925192624999909)
[2026-01-12 00:28:04,871][flwr][DEBUG] - evaluate_round 10: strategy sampled 100 clients (out of 100)
[2026-01-12 00:28:05,323][flwr][DEBUG] - evaluate_round 10 received 100 results and 0 failures
[2026-01-12 00:28:05,324][flwr][DEBUG] - fit_round 11: strategy sampled 100 clients (out of 100)
[2026-01-12 00:28:05,898][flwr][DEBUG] - fit_round 11 received 100 results and 0 failures
[2026-01-12 00:28:05,963][flwr][INFO] - fit progress: (11, 67.37053853273392, {'accuracy': 0.5095}, 17.018185332999565)
[2026-01-12 00:28:05,964][flwr][DEBUG] - evaluate_round 11: strategy sampled 100 clients (out of 100)
[2026-01-12 00:28:06,407][flwr][DEBUG] - evaluate_round 11 received 100 results and 0 failures
[2026-01-12 00:28:06,408][flwr][DEBUG] - fit_round 12: strategy sampled 100 clients (out of 100)
[2026-01-12 00:28:07,052][flwr][DEBUG] - fit_round 12 received 100 results and 0 failures
[2026-01-12 00:28:07,117][flwr][INFO] - fit progress: (12, 66.91422939300537, {'accuracy': 0.513}, 18.171656500009703)
[2026-01-12 00:28:07,117][flwr][DEBUG] - evaluate_round 12: strategy sampled 100 clients (out of 100)
[2026-01-12 00:28:07,640][flwr][DEBUG] - evaluate_round 12 received 100 results and 0 failures
[2026-01-12 00:28:07,641][flwr][DEBUG] - fit_round 13: strategy sampled 100 clients (out of 100)
[2026-01-12 00:28:08,323][flwr][DEBUG] - fit_round 13 received 100 results and 0 failures
[2026-01-12 00:28:08,395][flwr][INFO] - fit progress: (13, 66.42865973711014, {'accuracy': 0.5175}, 19.450098583009094)
[2026-01-12 00:28:08,396][flwr][DEBUG] - evaluate_round 13: strategy sampled 100 clients (out of 100)
[2026-01-12 00:28:08,862][flwr][DEBUG] - evaluate_round 13 received 100 results and 0 failures
[2026-01-12 00:28:08,863][flwr][DEBUG] - fit_round 14: strategy sampled 100 clients (out of 100)
[2026-01-12 00:28:09,512][flwr][DEBUG] - fit_round 14 received 100 results and 0 failures
[2026-01-12 00:28:09,578][flwr][INFO] - fit progress: (14, 65.83604073524475, {'accuracy': 0.5195}, 20.632824416999938)
[2026-01-12 00:28:09,578][flwr][DEBUG] - evaluate_round 14: strategy sampled 100 clients (out of 100)
[2026-01-12 00:28:10,139][flwr][DEBUG] - evaluate_round 14 received 100 results and 0 failures
[2026-01-12 00:28:10,140][flwr][DEBUG] - fit_round 15: strategy sampled 100 clients (out of 100)
[2026-01-12 00:28:10,642][flwr][DEBUG] - fit_round 15 received 100 results and 0 failures
[2026-01-12 00:28:10,710][flwr][INFO] - fit progress: (15, 65.21258878707886, {'accuracy': 0.526}, 21.76448016699578)
[2026-01-12 00:28:10,710][flwr][DEBUG] - evaluate_round 15: strategy sampled 100 clients (out of 100)
[2026-01-12 00:28:11,173][flwr][DEBUG] - evaluate_round 15 received 100 results and 0 failures
[2026-01-12 00:28:11,173][flwr][DEBUG] - fit_round 16: strategy sampled 100 clients (out of 100)
[2026-01-12 00:28:11,705][flwr][DEBUG] - fit_round 16 received 100 results and 0 failures
[2026-01-12 00:28:11,772][flwr][INFO] - fit progress: (16, 64.62879717350006, {'accuracy': 0.5325}, 22.827164917005575)
[2026-01-12 00:28:11,773][flwr][DEBUG] - evaluate_round 16: strategy sampled 100 clients (out of 100)
[2026-01-12 00:28:12,200][flwr][DEBUG] - evaluate_round 16 received 100 results and 0 failures
[2026-01-12 00:28:12,201][flwr][DEBUG] - fit_round 17: strategy sampled 100 clients (out of 100)
[2026-01-12 00:28:12,753][flwr][DEBUG] - fit_round 17 received 100 results and 0 failures
[2026-01-12 00:28:12,816][flwr][INFO] - fit progress: (17, 63.88998621702194, {'accuracy': 0.544}, 23.87112183299905)
[2026-01-12 00:28:12,817][flwr][DEBUG] - evaluate_round 17: strategy sampled 100 clients (out of 100)
[2026-01-12 00:28:13,269][flwr][DEBUG] - evaluate_round 17 received 100 results and 0 failures
[2026-01-12 00:28:13,269][flwr][DEBUG] - fit_round 18: strategy sampled 100 clients (out of 100)
[2026-01-12 00:28:13,891][flwr][DEBUG] - fit_round 18 received 100 results and 0 failures
[2026-01-12 00:28:13,955][flwr][INFO] - fit progress: (18, 63.283697068691254, {'accuracy': 0.5545}, 25.00986683300289)
[2026-01-12 00:28:13,955][flwr][DEBUG] - evaluate_round 18: strategy sampled 100 clients (out of 100)
[2026-01-12 00:28:14,388][flwr][DEBUG] - evaluate_round 18 received 100 results and 0 failures
[2026-01-12 00:28:14,388][flwr][DEBUG] - fit_round 19: strategy sampled 100 clients (out of 100)
[2026-01-12 00:28:14,937][flwr][DEBUG] - fit_round 19 received 100 results and 0 failures
[2026-01-12 00:28:15,000][flwr][INFO] - fit progress: (19, 62.721829295158386, {'accuracy': 0.563}, 26.054396916995756)
[2026-01-12 00:28:15,000][flwr][DEBUG] - evaluate_round 19: strategy sampled 100 clients (out of 100)
[2026-01-12 00:28:15,431][flwr][DEBUG] - evaluate_round 19 received 100 results and 0 failures
[2026-01-12 00:28:15,432][flwr][DEBUG] - fit_round 20: strategy sampled 100 clients (out of 100)
[2026-01-12 00:28:16,125][flwr][DEBUG] - fit_round 20 received 100 results and 0 failures
[2026-01-12 00:28:16,187][flwr][INFO] - fit progress: (20, 62.15181428194046, {'accuracy': 0.5695}, 27.241768667008728)
[2026-01-12 00:28:16,187][flwr][DEBUG] - evaluate_round 20: strategy sampled 100 clients (out of 100)
[2026-01-12 00:28:16,653][flwr][DEBUG] - evaluate_round 20 received 100 results and 0 failures
[2026-01-12 00:28:16,654][flwr][DEBUG] - fit_round 21: strategy sampled 100 clients (out of 100)
[2026-01-12 00:28:17,345][flwr][DEBUG] - fit_round 21 received 100 results and 0 failures
[2026-01-12 00:28:17,408][flwr][INFO] - fit progress: (21, 61.58469557762146, {'accuracy': 0.5735}, 28.462356375006493)
[2026-01-12 00:28:17,408][flwr][DEBUG] - evaluate_round 21: strategy sampled 100 clients (out of 100)
[2026-01-12 00:28:17,856][flwr][DEBUG] - evaluate_round 21 received 100 results and 0 failures
[2026-01-12 00:28:17,856][flwr][DEBUG] - fit_round 22: strategy sampled 100 clients (out of 100)
[2026-01-12 00:28:18,455][flwr][DEBUG] - fit_round 22 received 100 results and 0 failures
[2026-01-12 00:28:18,522][flwr][INFO] - fit progress: (22, 61.14454501867294, {'accuracy': 0.5775}, 29.57642612500058)
[2026-01-12 00:28:18,522][flwr][DEBUG] - evaluate_round 22: strategy sampled 100 clients (out of 100)
[2026-01-12 00:28:19,034][flwr][DEBUG] - evaluate_round 22 received 100 results and 0 failures
[2026-01-12 00:28:19,035][flwr][DEBUG] - fit_round 23: strategy sampled 100 clients (out of 100)
[2026-01-12 00:28:19,626][flwr][DEBUG] - fit_round 23 received 100 results and 0 failures
[2026-01-12 00:28:19,693][flwr][INFO] - fit progress: (23, 60.663707196712494, {'accuracy': 0.5795}, 30.748272666998673)
[2026-01-12 00:28:19,694][flwr][DEBUG] - evaluate_round 23: strategy sampled 100 clients (out of 100)
[2026-01-12 00:28:20,157][flwr][DEBUG] - evaluate_round 23 received 100 results and 0 failures
[2026-01-12 00:28:20,158][flwr][DEBUG] - fit_round 24: strategy sampled 100 clients (out of 100)
[2026-01-12 00:28:20,737][flwr][DEBUG] - fit_round 24 received 100 results and 0 failures
[2026-01-12 00:28:20,806][flwr][INFO] - fit progress: (24, 60.307483434677124, {'accuracy': 0.58}, 31.860572792007588)
[2026-01-12 00:28:20,806][flwr][DEBUG] - evaluate_round 24: strategy sampled 100 clients (out of 100)
[2026-01-12 00:28:21,297][flwr][DEBUG] - evaluate_round 24 received 100 results and 0 failures
[2026-01-12 00:28:21,297][flwr][DEBUG] - fit_round 25: strategy sampled 100 clients (out of 100)
[2026-01-12 00:28:21,860][flwr][DEBUG] - fit_round 25 received 100 results and 0 failures
[2026-01-12 00:28:21,942][flwr][INFO] - fit progress: (25, 60.02810090780258, {'accuracy': 0.579}, 32.99678962500184)
[2026-01-12 00:28:21,942][flwr][DEBUG] - evaluate_round 25: strategy sampled 100 clients (out of 100)
[2026-01-12 00:28:22,409][flwr][DEBUG] - evaluate_round 25 received 100 results and 0 failures
[2026-01-12 00:28:22,409][flwr][DEBUG] - fit_round 26: strategy sampled 100 clients (out of 100)
[2026-01-12 00:28:23,184][flwr][DEBUG] - fit_round 26 received 100 results and 0 failures
[2026-01-12 00:28:23,284][flwr][INFO] - fit progress: (26, 59.65531277656555, {'accuracy': 0.579}, 34.338968167008716)
[2026-01-12 00:28:23,284][flwr][DEBUG] - evaluate_round 26: strategy sampled 100 clients (out of 100)
[2026-01-12 00:28:23,867][flwr][DEBUG] - evaluate_round 26 received 100 results and 0 failures
[2026-01-12 00:28:23,867][flwr][DEBUG] - fit_round 27: strategy sampled 100 clients (out of 100)
[2026-01-12 00:28:24,464][flwr][DEBUG] - fit_round 27 received 100 results and 0 failures
[2026-01-12 00:28:24,531][flwr][INFO] - fit progress: (27, 59.43586218357086, {'accuracy': 0.579}, 35.585313917006715)
[2026-01-12 00:28:24,531][flwr][DEBUG] - evaluate_round 27: strategy sampled 100 clients (out of 100)
[2026-01-12 00:28:24,973][flwr][DEBUG] - evaluate_round 27 received 100 results and 0 failures
[2026-01-12 00:28:24,974][flwr][DEBUG] - fit_round 28: strategy sampled 100 clients (out of 100)
[2026-01-12 00:28:25,567][flwr][DEBUG] - fit_round 28 received 100 results and 0 failures
[2026-01-12 00:28:25,638][flwr][INFO] - fit progress: (28, 59.24227350950241, {'accuracy': 0.5805}, 36.69319162500324)
[2026-01-12 00:28:25,639][flwr][DEBUG] - evaluate_round 28: strategy sampled 100 clients (out of 100)
[2026-01-12 00:28:26,128][flwr][DEBUG] - evaluate_round 28 received 100 results and 0 failures
[2026-01-12 00:28:26,131][flwr][DEBUG] - fit_round 29: strategy sampled 100 clients (out of 100)
[2026-01-12 00:28:26,789][flwr][DEBUG] - fit_round 29 received 100 results and 0 failures
[2026-01-12 00:28:26,857][flwr][INFO] - fit progress: (29, 59.10269069671631, {'accuracy': 0.5805}, 37.91191166700446)
[2026-01-12 00:28:26,858][flwr][DEBUG] - evaluate_round 29: strategy sampled 100 clients (out of 100)
[2026-01-12 00:28:27,296][flwr][DEBUG] - evaluate_round 29 received 100 results and 0 failures
[2026-01-12 00:28:27,297][flwr][DEBUG] - fit_round 30: strategy sampled 100 clients (out of 100)
[2026-01-12 00:28:27,958][flwr][DEBUG] - fit_round 30 received 100 results and 0 failures
[2026-01-12 00:28:28,024][flwr][INFO] - fit progress: (30, 58.947283923625946, {'accuracy': 0.581}, 39.079291957998066)
[2026-01-12 00:28:28,025][flwr][DEBUG] - evaluate_round 30: strategy sampled 100 clients (out of 100)
[2026-01-12 00:28:28,520][flwr][DEBUG] - evaluate_round 30 received 100 results and 0 failures
[2026-01-12 00:28:28,520][flwr][DEBUG] - fit_round 31: strategy sampled 100 clients (out of 100)
[2026-01-12 00:28:29,127][flwr][DEBUG] - fit_round 31 received 100 results and 0 failures
[2026-01-12 00:28:29,202][flwr][INFO] - fit progress: (31, 58.84461349248886, {'accuracy': 0.581}, 40.256495458001154)
[2026-01-12 00:28:29,202][flwr][DEBUG] - evaluate_round 31: strategy sampled 100 clients (out of 100)
[2026-01-12 00:28:29,652][flwr][DEBUG] - evaluate_round 31 received 100 results and 0 failures
[2026-01-12 00:28:29,653][flwr][DEBUG] - fit_round 32: strategy sampled 100 clients (out of 100)
[2026-01-12 00:28:30,307][flwr][DEBUG] - fit_round 32 received 100 results and 0 failures
[2026-01-12 00:28:30,378][flwr][INFO] - fit progress: (32, 58.740177631378174, {'accuracy': 0.581}, 41.43260891700629)
[2026-01-12 00:28:30,378][flwr][DEBUG] - evaluate_round 32: strategy sampled 100 clients (out of 100)
[2026-01-12 00:28:30,843][flwr][DEBUG] - evaluate_round 32 received 100 results and 0 failures
[2026-01-12 00:28:30,848][flwr][DEBUG] - fit_round 33: strategy sampled 100 clients (out of 100)
[2026-01-12 00:28:31,449][flwr][DEBUG] - fit_round 33 received 100 results and 0 failures
[2026-01-12 00:28:31,516][flwr][INFO] - fit progress: (33, 58.59932100772858, {'accuracy': 0.5805}, 42.57108733300993)
[2026-01-12 00:28:31,517][flwr][DEBUG] - evaluate_round 33: strategy sampled 100 clients (out of 100)
[2026-01-12 00:28:31,983][flwr][DEBUG] - evaluate_round 33 received 100 results and 0 failures
[2026-01-12 00:28:31,983][flwr][DEBUG] - fit_round 34: strategy sampled 100 clients (out of 100)
[2026-01-12 00:28:32,591][flwr][DEBUG] - fit_round 34 received 100 results and 0 failures
[2026-01-12 00:28:32,662][flwr][INFO] - fit progress: (34, 58.61533349752426, {'accuracy': 0.5805}, 43.71720283300965)
[2026-01-12 00:28:32,663][flwr][DEBUG] - evaluate_round 34: strategy sampled 100 clients (out of 100)
[2026-01-12 00:28:33,115][flwr][DEBUG] - evaluate_round 34 received 100 results and 0 failures
[2026-01-12 00:28:33,116][flwr][DEBUG] - fit_round 35: strategy sampled 100 clients (out of 100)
[2026-01-12 00:28:33,660][flwr][DEBUG] - fit_round 35 received 100 results and 0 failures
[2026-01-12 00:28:33,728][flwr][INFO] - fit progress: (35, 58.602154314517975, {'accuracy': 0.581}, 44.783036749999155)
[2026-01-12 00:28:33,728][flwr][DEBUG] - evaluate_round 35: strategy sampled 100 clients (out of 100)
[2026-01-12 00:28:34,164][flwr][DEBUG] - evaluate_round 35 received 100 results and 0 failures
[2026-01-12 00:28:34,165][flwr][DEBUG] - fit_round 36: strategy sampled 100 clients (out of 100)
[2026-01-12 00:28:34,737][flwr][DEBUG] - fit_round 36 received 100 results and 0 failures
[2026-01-12 00:28:34,802][flwr][INFO] - fit progress: (36, 58.47701096534729, {'accuracy': 0.5815}, 45.857288750004955)
[2026-01-12 00:28:34,803][flwr][DEBUG] - evaluate_round 36: strategy sampled 100 clients (out of 100)
[2026-01-12 00:28:35,267][flwr][DEBUG] - evaluate_round 36 received 100 results and 0 failures
[2026-01-12 00:28:35,267][flwr][DEBUG] - fit_round 37: strategy sampled 100 clients (out of 100)
[2026-01-12 00:28:35,860][flwr][DEBUG] - fit_round 37 received 100 results and 0 failures
[2026-01-12 00:28:35,932][flwr][INFO] - fit progress: (37, 58.41762274503708, {'accuracy': 0.581}, 46.98645483300788)
[2026-01-12 00:28:35,932][flwr][DEBUG] - evaluate_round 37: strategy sampled 100 clients (out of 100)
[2026-01-12 00:28:36,394][flwr][DEBUG] - evaluate_round 37 received 100 results and 0 failures
[2026-01-12 00:28:36,394][flwr][DEBUG] - fit_round 38: strategy sampled 100 clients (out of 100)
[2026-01-12 00:28:36,968][flwr][DEBUG] - fit_round 38 received 100 results and 0 failures
[2026-01-12 00:28:37,037][flwr][INFO] - fit progress: (38, 58.44796270132065, {'accuracy': 0.5815}, 48.091824041999644)
[2026-01-12 00:28:37,037][flwr][DEBUG] - evaluate_round 38: strategy sampled 100 clients (out of 100)
[2026-01-12 00:28:37,569][flwr][DEBUG] - evaluate_round 38 received 100 results and 0 failures
[2026-01-12 00:28:37,569][flwr][DEBUG] - fit_round 39: strategy sampled 100 clients (out of 100)
[2026-01-12 00:28:38,190][flwr][DEBUG] - fit_round 39 received 100 results and 0 failures
[2026-01-12 00:28:38,256][flwr][INFO] - fit progress: (39, 58.37122642993927, {'accuracy': 0.5815}, 49.310783916997025)
[2026-01-12 00:28:38,256][flwr][DEBUG] - evaluate_round 39: strategy sampled 100 clients (out of 100)
[2026-01-12 00:28:38,703][flwr][DEBUG] - evaluate_round 39 received 100 results and 0 failures
[2026-01-12 00:28:38,704][flwr][DEBUG] - fit_round 40: strategy sampled 100 clients (out of 100)
[2026-01-12 00:28:39,276][flwr][DEBUG] - fit_round 40 received 100 results and 0 failures
[2026-01-12 00:28:39,348][flwr][INFO] - fit progress: (40, 58.30479097366333, {'accuracy': 0.581}, 50.40303891700751)
[2026-01-12 00:28:39,348][flwr][DEBUG] - evaluate_round 40: strategy sampled 100 clients (out of 100)
[2026-01-12 00:28:39,806][flwr][DEBUG] - evaluate_round 40 received 100 results and 0 failures
[2026-01-12 00:28:39,807][flwr][DEBUG] - fit_round 41: strategy sampled 100 clients (out of 100)
[2026-01-12 00:28:40,477][flwr][DEBUG] - fit_round 41 received 100 results and 0 failures
[2026-01-12 00:28:40,540][flwr][INFO] - fit progress: (41, 58.239552557468414, {'accuracy': 0.581}, 51.59527700000035)
[2026-01-12 00:28:40,541][flwr][DEBUG] - evaluate_round 41: strategy sampled 100 clients (out of 100)
[2026-01-12 00:28:41,051][flwr][DEBUG] - evaluate_round 41 received 100 results and 0 failures
[2026-01-12 00:28:41,052][flwr][DEBUG] - fit_round 42: strategy sampled 100 clients (out of 100)
[2026-01-12 00:28:41,597][flwr][DEBUG] - fit_round 42 received 100 results and 0 failures
[2026-01-12 00:28:41,666][flwr][INFO] - fit progress: (42, 58.3290793299675, {'accuracy': 0.581}, 52.720654500008095)
[2026-01-12 00:28:41,666][flwr][DEBUG] - evaluate_round 42: strategy sampled 100 clients (out of 100)
[2026-01-12 00:28:42,163][flwr][DEBUG] - evaluate_round 42 received 100 results and 0 failures
[2026-01-12 00:28:42,164][flwr][DEBUG] - fit_round 43: strategy sampled 100 clients (out of 100)
[2026-01-12 00:28:42,705][flwr][DEBUG] - fit_round 43 received 100 results and 0 failures
[2026-01-12 00:28:42,775][flwr][INFO] - fit progress: (43, 58.296634554862976, {'accuracy': 0.5805}, 53.829760667009396)
[2026-01-12 00:28:42,775][flwr][DEBUG] - evaluate_round 43: strategy sampled 100 clients (out of 100)
[2026-01-12 00:28:43,308][flwr][DEBUG] - evaluate_round 43 received 100 results and 0 failures
[2026-01-12 00:28:43,309][flwr][DEBUG] - fit_round 44: strategy sampled 100 clients (out of 100)
[2026-01-12 00:28:43,959][flwr][DEBUG] - fit_round 44 received 100 results and 0 failures
[2026-01-12 00:28:44,032][flwr][INFO] - fit progress: (44, 58.1275999546051, {'accuracy': 0.581}, 55.086497791999136)
[2026-01-12 00:28:44,032][flwr][DEBUG] - evaluate_round 44: strategy sampled 100 clients (out of 100)
[2026-01-12 00:28:44,480][flwr][DEBUG] - evaluate_round 44 received 100 results and 0 failures
[2026-01-12 00:28:44,481][flwr][DEBUG] - fit_round 45: strategy sampled 100 clients (out of 100)
[2026-01-12 00:28:45,301][flwr][DEBUG] - fit_round 45 received 100 results and 0 failures
[2026-01-12 00:28:45,370][flwr][INFO] - fit progress: (45, 58.090795397758484, {'accuracy': 0.581}, 56.424546042006114)
[2026-01-12 00:28:45,370][flwr][DEBUG] - evaluate_round 45: strategy sampled 100 clients (out of 100)
[2026-01-12 00:28:45,867][flwr][DEBUG] - evaluate_round 45 received 100 results and 0 failures
[2026-01-12 00:28:45,868][flwr][DEBUG] - fit_round 46: strategy sampled 100 clients (out of 100)
[2026-01-12 00:28:46,617][flwr][DEBUG] - fit_round 46 received 100 results and 0 failures
[2026-01-12 00:28:46,689][flwr][INFO] - fit progress: (46, 58.1824294924736, {'accuracy': 0.58}, 57.743647208000766)
[2026-01-12 00:28:46,689][flwr][DEBUG] - evaluate_round 46: strategy sampled 100 clients (out of 100)
[2026-01-12 00:28:47,140][flwr][DEBUG] - evaluate_round 46 received 100 results and 0 failures
[2026-01-12 00:28:47,140][flwr][DEBUG] - fit_round 47: strategy sampled 100 clients (out of 100)
[2026-01-12 00:28:47,689][flwr][DEBUG] - fit_round 47 received 100 results and 0 failures
[2026-01-12 00:28:47,765][flwr][INFO] - fit progress: (47, 58.194171607494354, {'accuracy': 0.5795}, 58.8198922080046)
[2026-01-12 00:28:47,765][flwr][DEBUG] - evaluate_round 47: strategy sampled 100 clients (out of 100)
[2026-01-12 00:28:48,248][flwr][DEBUG] - evaluate_round 47 received 100 results and 0 failures
[2026-01-12 00:28:48,249][flwr][DEBUG] - fit_round 48: strategy sampled 100 clients (out of 100)
[2026-01-12 00:28:48,811][flwr][DEBUG] - fit_round 48 received 100 results and 0 failures
[2026-01-12 00:28:48,880][flwr][INFO] - fit progress: (48, 58.24492800235748, {'accuracy': 0.579}, 59.93443170799583)
[2026-01-12 00:28:48,880][flwr][DEBUG] - evaluate_round 48: strategy sampled 100 clients (out of 100)
[2026-01-12 00:28:49,344][flwr][DEBUG] - evaluate_round 48 received 100 results and 0 failures
[2026-01-12 00:28:49,345][flwr][DEBUG] - fit_round 49: strategy sampled 100 clients (out of 100)
[2026-01-12 00:28:49,967][flwr][DEBUG] - fit_round 49 received 100 results and 0 failures
[2026-01-12 00:28:50,036][flwr][INFO] - fit progress: (49, 58.27785873413086, {'accuracy': 0.578}, 61.0904867920035)
[2026-01-12 00:28:50,036][flwr][DEBUG] - evaluate_round 49: strategy sampled 100 clients (out of 100)
[2026-01-12 00:28:50,650][flwr][DEBUG] - evaluate_round 49 received 100 results and 0 failures
[2026-01-12 00:28:50,650][flwr][DEBUG] - fit_round 50: strategy sampled 100 clients (out of 100)
[2026-01-12 00:28:51,204][flwr][DEBUG] - fit_round 50 received 100 results and 0 failures
[2026-01-12 00:28:51,269][flwr][INFO] - fit progress: (50, 58.171235740184784, {'accuracy': 0.5795}, 62.323908332997235)
[2026-01-12 00:28:51,269][flwr][DEBUG] - evaluate_round 50: strategy sampled 100 clients (out of 100)
[2026-01-12 00:28:51,730][flwr][DEBUG] - evaluate_round 50 received 100 results and 0 failures
[2026-01-12 00:28:51,730][flwr][INFO] - FL finished in 62.785348792007426
[2026-01-12 00:28:51,731][flwr][INFO] - app_fit: losses_distributed [(1, 1.0520785952048362), (2, 1.045216191988078), (3, 1.0509414557914278), (4, 1.0617477713794838), (5, 1.0730484436193017), (6, 1.0815747962402131), (7, 1.0867439715765985), (8, 1.0883528249798102), (9, 1.0876014829190517), (10, 1.0841292314256825), (11, 1.0791998116534725), (12, 1.0719101489844718), (13, 1.0641365864984818), (14, 1.054598676602317), (15, 1.044612016490702), (16, 1.0353903293914761), (17, 1.0236737767278945), (18, 1.0140948446639162), (19, 1.0052314177918353), (20, 0.9962547992581801), (21, 0.9872207920977144), (22, 0.9801771972197043), (23, 0.9725156904317955), (24, 0.9668307366597639), (25, 0.9623530991248304), (26, 0.9563788950138125), (27, 0.9528816431014883), (28, 0.9497826813091869), (29, 0.9475758622768118), (30, 0.9451176028135015), (31, 0.9434481595766829), (32, 0.9417899939251706), (33, 0.9395622113153796), (34, 0.939831923502704), (35, 0.9396483232272499), (36, 0.9376755777547249), (37, 0.9367496428229296), (38, 0.9372998819145055), (39, 0.9360915735889485), (40, 0.9350509366721966), (41, 0.9340779275651406), (42, 0.9356217629978681), (43, 0.9351383920110533), (44, 0.9325157472433626), (45, 0.9319612279246149), (46, 0.9334751720009403), (47, 0.9337446849636386), (48, 0.9346641837804662), (49, 0.9352404849860178), (50, 0.9337147454285106)]
[2026-01-12 00:28:51,732][flwr][INFO] - app_fit: metrics_distributed_fit {}
[2026-01-12 00:28:51,732][flwr][INFO] - app_fit: metrics_distributed {}
[2026-01-12 00:28:51,732][flwr][INFO] - app_fit: losses_centralized [(0, 68.07474291324615), (1, 66.07495051622391), (2, 65.50061738491058), (3, 65.75007343292236), (4, 66.35628682374954), (5, 67.01955264806747), (6, 67.5322373509407), (7, 67.85362190008163), (8, 67.94960182905197), (9, 67.89626449346542), (10, 67.67986047267914), (11, 67.37053853273392), (12, 66.91422939300537), (13, 66.42865973711014), (14, 65.83604073524475), (15, 65.21258878707886), (16, 64.62879717350006), (17, 63.88998621702194), (18, 63.283697068691254), (19, 62.721829295158386), (20, 62.15181428194046), (21, 61.58469557762146), (22, 61.14454501867294), (23, 60.663707196712494), (24, 60.307483434677124), (25, 60.02810090780258), (26, 59.65531277656555), (27, 59.43586218357086), (28, 59.24227350950241), (29, 59.10269069671631), (30, 58.947283923625946), (31, 58.84461349248886), (32, 58.740177631378174), (33, 58.59932100772858), (34, 58.61533349752426), (35, 58.602154314517975), (36, 58.47701096534729), (37, 58.41762274503708), (38, 58.44796270132065), (39, 58.37122642993927), (40, 58.30479097366333), (41, 58.239552557468414), (42, 58.3290793299675), (43, 58.296634554862976), (44, 58.1275999546051), (45, 58.090795397758484), (46, 58.1824294924736), (47, 58.194171607494354), (48, 58.24492800235748), (49, 58.27785873413086), (50, 58.171235740184784)]
[2026-01-12 00:28:51,732][flwr][INFO] - app_fit: metrics_centralized {'accuracy': [(0, 0.507), (1, 0.507), (2, 0.507), (3, 0.507), (4, 0.507), (5, 0.507), (6, 0.507), (7, 0.507), (8, 0.507), (9, 0.5075), (10, 0.508), (11, 0.5095), (12, 0.513), (13, 0.5175), (14, 0.5195), (15, 0.526), (16, 0.5325), (17, 0.544), (18, 0.5545), (19, 0.563), (20, 0.5695), (21, 0.5735), (22, 0.5775), (23, 0.5795), (24, 0.58), (25, 0.579), (26, 0.579), (27, 0.579), (28, 0.5805), (29, 0.5805), (30, 0.581), (31, 0.581), (32, 0.581), (33, 0.5805), (34, 0.5805), (35, 0.581), (36, 0.5815), (37, 0.581), (38, 0.5815), (39, 0.5815), (40, 0.581), (41, 0.581), (42, 0.581), (43, 0.5805), (44, 0.581), (45, 0.581), (46, 0.58), (47, 0.5795), (48, 0.579), (49, 0.578), (50, 0.5795)]}
[2026-01-12 00:28:51,788][flwr][INFO] - Starting Flower simulation, config: ServerConfig(num_rounds=50, round_timeout=None)
[2026-01-12 00:28:59,789][flwr][INFO] - Flower VCE: Ray initialized with resources: {'memory': 12371550208.0, 'node:127.0.0.1': 1.0, 'CPU': 10.0, 'object_store_memory': 2147483648.0}
[2026-01-12 00:28:59,790][flwr][INFO] - Initializing global parameters
[2026-01-12 00:28:59,790][flwr][INFO] - Using initial parameters provided by strategy
[2026-01-12 00:28:59,790][flwr][INFO] - Evaluating initial parameters
[2026-01-12 00:28:59,819][flwr][INFO] - initial parameters (loss, other metrics): 67.88411092758179, {'accuracy': 0.3585, 'adaptive_mu': 0.1}
[2026-01-12 00:28:59,819][flwr][INFO] - FL starting
[2026-01-12 00:28:59,820][flwr][DEBUG] - fit_round 1: strategy sampled 100 clients (out of 100)
[2026-01-12 00:29:05,559][flwr][DEBUG] - fit_round 1 received 100 results and 0 failures
[2026-01-12 00:29:05,605][flwr][WARNING] - No fit_metrics_aggregation_fn provided
[2026-01-12 00:29:05,677][flwr][INFO] - fit progress: (1, 65.59572404623032, {'accuracy': 0.5075, 'adaptive_mu': 0.1}, 5.857511374997557)
[2026-01-12 00:29:05,677][flwr][DEBUG] - evaluate_round 1: strategy sampled 100 clients (out of 100)
[2026-01-12 00:29:06,147][flwr][DEBUG] - evaluate_round 1 received 100 results and 0 failures
[2026-01-12 00:29:06,147][flwr][WARNING] - No evaluate_metrics_aggregation_fn provided
[2026-01-12 00:29:06,148][flwr][DEBUG] - fit_round 2: strategy sampled 100 clients (out of 100)
[2026-01-12 00:29:06,868][flwr][DEBUG] - fit_round 2 received 100 results and 0 failures
[2026-01-12 00:29:06,971][flwr][INFO] - fit progress: (2, 64.72487306594849, {'accuracy': 0.5075, 'adaptive_mu': 0.1}, 7.151881375000812)
[2026-01-12 00:29:06,971][flwr][DEBUG] - evaluate_round 2: strategy sampled 100 clients (out of 100)
[2026-01-12 00:29:07,426][flwr][DEBUG] - evaluate_round 2 received 100 results and 0 failures
[2026-01-12 00:29:07,427][flwr][DEBUG] - fit_round 3: strategy sampled 100 clients (out of 100)
[2026-01-12 00:29:08,082][flwr][DEBUG] - fit_round 3 received 100 results and 0 failures
[2026-01-12 00:29:08,185][flwr][INFO] - fit progress: (3, 64.51334184408188, {'accuracy': 0.5075, 'adaptive_mu': 0.1}, 8.36553762499534)
[2026-01-12 00:29:08,185][flwr][DEBUG] - evaluate_round 3: strategy sampled 100 clients (out of 100)
[2026-01-12 00:29:08,627][flwr][DEBUG] - evaluate_round 3 received 100 results and 0 failures
[2026-01-12 00:29:08,628][flwr][DEBUG] - fit_round 4: strategy sampled 100 clients (out of 100)
[2026-01-12 00:29:09,283][flwr][DEBUG] - fit_round 4 received 100 results and 0 failures
[2026-01-12 00:29:09,393][flwr][INFO] - fit progress: (4, 64.62715816497803, {'accuracy': 0.507, 'adaptive_mu': 0.15214114995553774}, 9.573596540998551)
[2026-01-12 00:29:09,393][flwr][DEBUG] - evaluate_round 4: strategy sampled 100 clients (out of 100)
[2026-01-12 00:29:09,837][flwr][DEBUG] - evaluate_round 4 received 100 results and 0 failures
[2026-01-12 00:29:09,838][flwr][DEBUG] - fit_round 5: strategy sampled 100 clients (out of 100)
[2026-01-12 00:29:10,492][flwr][DEBUG] - fit_round 5 received 100 results and 0 failures
[2026-01-12 00:29:10,596][flwr][INFO] - fit progress: (5, 64.84669655561447, {'accuracy': 0.5075, 'adaptive_mu': 0.18863774075335665}, 10.777295749998302)
[2026-01-12 00:29:10,597][flwr][DEBUG] - evaluate_round 5: strategy sampled 100 clients (out of 100)
[2026-01-12 00:29:11,035][flwr][DEBUG] - evaluate_round 5 received 100 results and 0 failures
[2026-01-12 00:29:11,035][flwr][DEBUG] - fit_round 6: strategy sampled 100 clients (out of 100)
[2026-01-12 00:29:11,674][flwr][DEBUG] - fit_round 6 received 100 results and 0 failures
[2026-01-12 00:29:11,782][flwr][INFO] - fit progress: (6, 65.06451779603958, {'accuracy': 0.5075, 'adaptive_mu': 0.21323756725218995}, 11.962808500000392)
[2026-01-12 00:29:11,782][flwr][DEBUG] - evaluate_round 6: strategy sampled 100 clients (out of 100)
[2026-01-12 00:29:12,228][flwr][DEBUG] - evaluate_round 6 received 100 results and 0 failures
[2026-01-12 00:29:12,229][flwr][DEBUG] - fit_round 7: strategy sampled 100 clients (out of 100)
[2026-01-12 00:29:12,908][flwr][DEBUG] - fit_round 7 received 100 results and 0 failures
[2026-01-12 00:29:13,015][flwr][INFO] - fit progress: (7, 65.21002233028412, {'accuracy': 0.508, 'adaptive_mu': 0.23040114308610538}, 13.195736583002144)
[2026-01-12 00:29:13,015][flwr][DEBUG] - evaluate_round 7: strategy sampled 100 clients (out of 100)
[2026-01-12 00:29:13,459][flwr][DEBUG] - evaluate_round 7 received 100 results and 0 failures
[2026-01-12 00:29:13,459][flwr][DEBUG] - fit_round 8: strategy sampled 100 clients (out of 100)
[2026-01-12 00:29:14,109][flwr][DEBUG] - fit_round 8 received 100 results and 0 failures
[2026-01-12 00:29:14,216][flwr][INFO] - fit progress: (8, 65.22345000505447, {'accuracy': 0.508, 'adaptive_mu': 0.24269035561638425}, 14.397047207996366)
[2026-01-12 00:29:14,216][flwr][DEBUG] - evaluate_round 8: strategy sampled 100 clients (out of 100)
[2026-01-12 00:29:14,655][flwr][DEBUG] - evaluate_round 8 received 100 results and 0 failures
[2026-01-12 00:29:14,655][flwr][DEBUG] - fit_round 9: strategy sampled 100 clients (out of 100)
[2026-01-12 00:29:15,311][flwr][DEBUG] - fit_round 9 received 100 results and 0 failures
[2026-01-12 00:29:15,416][flwr][INFO] - fit progress: (9, 65.12504833936691, {'accuracy': 0.51, 'adaptive_mu': 0.2515429892205308}, 15.597247665995383)
[2026-01-12 00:29:15,417][flwr][DEBUG] - evaluate_round 9: strategy sampled 100 clients (out of 100)
[2026-01-12 00:29:15,859][flwr][DEBUG] - evaluate_round 9 received 100 results and 0 failures
[2026-01-12 00:29:15,860][flwr][DEBUG] - fit_round 10: strategy sampled 100 clients (out of 100)
[2026-01-12 00:29:16,491][flwr][DEBUG] - fit_round 10 received 100 results and 0 failures
[2026-01-12 00:29:16,598][flwr][INFO] - fit progress: (10, 64.87807041406631, {'accuracy': 0.5125, 'adaptive_mu': 0.25786845432226957}, 16.77934329099662)
[2026-01-12 00:29:16,599][flwr][DEBUG] - evaluate_round 10: strategy sampled 100 clients (out of 100)
[2026-01-12 00:29:17,030][flwr][DEBUG] - evaluate_round 10 received 100 results and 0 failures
[2026-01-12 00:29:17,030][flwr][DEBUG] - fit_round 11: strategy sampled 100 clients (out of 100)
[2026-01-12 00:29:17,709][flwr][DEBUG] - fit_round 11 received 100 results and 0 failures
[2026-01-12 00:29:17,850][flwr][INFO] - fit progress: (11, 64.49353045225143, {'accuracy': 0.517, 'adaptive_mu': 0.26247728453946817}, 18.031022708004457)
[2026-01-12 00:29:17,850][flwr][DEBUG] - evaluate_round 11: strategy sampled 100 clients (out of 100)
[2026-01-12 00:29:18,288][flwr][DEBUG] - evaluate_round 11 received 100 results and 0 failures
[2026-01-12 00:29:18,288][flwr][DEBUG] - fit_round 12: strategy sampled 100 clients (out of 100)
[2026-01-12 00:29:18,925][flwr][DEBUG] - fit_round 12 received 100 results and 0 failures
[2026-01-12 00:29:19,029][flwr][INFO] - fit progress: (12, 64.02035814523697, {'accuracy': 0.52, 'adaptive_mu': 0.2661487392509406}, 19.209530499996617)
[2026-01-12 00:29:19,029][flwr][DEBUG] - evaluate_round 12: strategy sampled 100 clients (out of 100)
[2026-01-12 00:29:19,580][flwr][DEBUG] - evaluate_round 12 received 100 results and 0 failures
[2026-01-12 00:29:19,581][flwr][DEBUG] - fit_round 13: strategy sampled 100 clients (out of 100)
[2026-01-12 00:29:20,485][flwr][DEBUG] - fit_round 13 received 100 results and 0 failures
[2026-01-12 00:29:20,641][flwr][INFO] - fit progress: (13, 63.46578657627106, {'accuracy': 0.526, 'adaptive_mu': 0.2690874781206448}, 20.821625333002885)
[2026-01-12 00:29:20,641][flwr][DEBUG] - evaluate_round 13: strategy sampled 100 clients (out of 100)
[2026-01-12 00:29:21,119][flwr][DEBUG] - evaluate_round 13 received 100 results and 0 failures
[2026-01-12 00:29:21,120][flwr][DEBUG] - fit_round 14: strategy sampled 100 clients (out of 100)
[2026-01-12 00:29:21,834][flwr][DEBUG] - fit_round 14 received 100 results and 0 failures
[2026-01-12 00:29:21,939][flwr][INFO] - fit progress: (14, 62.84362357854843, {'accuracy': 0.5325, 'adaptive_mu': 0.27155746536106407}, 22.12017129099695)
[2026-01-12 00:29:21,940][flwr][DEBUG] - evaluate_round 14: strategy sampled 100 clients (out of 100)
[2026-01-12 00:29:22,429][flwr][DEBUG] - evaluate_round 14 received 100 results and 0 failures
[2026-01-12 00:29:22,430][flwr][DEBUG] - fit_round 15: strategy sampled 100 clients (out of 100)
[2026-01-12 00:29:23,311][flwr][DEBUG] - fit_round 15 received 100 results and 0 failures
[2026-01-12 00:29:23,426][flwr][INFO] - fit progress: (15, 62.13932752609253, {'accuracy': 0.5425, 'adaptive_mu': 0.27365016584520885}, 23.60656245800783)
[2026-01-12 00:29:23,426][flwr][DEBUG] - evaluate_round 15: strategy sampled 100 clients (out of 100)
[2026-01-12 00:29:23,870][flwr][DEBUG] - evaluate_round 15 received 100 results and 0 failures
[2026-01-12 00:29:23,871][flwr][DEBUG] - fit_round 16: strategy sampled 100 clients (out of 100)
[2026-01-12 00:29:24,548][flwr][DEBUG] - fit_round 16 received 100 results and 0 failures
[2026-01-12 00:29:24,655][flwr][INFO] - fit progress: (16, 61.52465295791626, {'accuracy': 0.5495, 'adaptive_mu': 0.27548953665349596}, 24.836218583004666)
[2026-01-12 00:29:24,656][flwr][DEBUG] - evaluate_round 16: strategy sampled 100 clients (out of 100)
[2026-01-12 00:29:25,104][flwr][DEBUG] - evaluate_round 16 received 100 results and 0 failures
[2026-01-12 00:29:25,105][flwr][DEBUG] - fit_round 17: strategy sampled 100 clients (out of 100)
[2026-01-12 00:29:25,744][flwr][DEBUG] - fit_round 17 received 100 results and 0 failures
[2026-01-12 00:29:25,851][flwr][INFO] - fit progress: (17, 60.91148662567139, {'accuracy': 0.5585, 'adaptive_mu': 0.27696950254365976}, 26.032175540996832)
[2026-01-12 00:29:25,852][flwr][DEBUG] - evaluate_round 17: strategy sampled 100 clients (out of 100)
[2026-01-12 00:29:26,292][flwr][DEBUG] - evaluate_round 17 received 100 results and 0 failures
[2026-01-12 00:29:26,293][flwr][DEBUG] - fit_round 18: strategy sampled 100 clients (out of 100)
[2026-01-12 00:29:26,934][flwr][DEBUG] - fit_round 18 received 100 results and 0 failures
[2026-01-12 00:29:27,041][flwr][INFO] - fit progress: (18, 60.39140713214874, {'accuracy': 0.5645, 'adaptive_mu': 0.2782774503492453}, 27.221586208004737)
[2026-01-12 00:29:27,041][flwr][DEBUG] - evaluate_round 18: strategy sampled 100 clients (out of 100)
[2026-01-12 00:29:27,483][flwr][DEBUG] - evaluate_round 18 received 100 results and 0 failures
[2026-01-12 00:29:27,483][flwr][DEBUG] - fit_round 19: strategy sampled 100 clients (out of 100)
[2026-01-12 00:29:28,184][flwr][DEBUG] - fit_round 19 received 100 results and 0 failures
[2026-01-12 00:29:28,294][flwr][INFO] - fit progress: (19, 59.91882127523422, {'accuracy': 0.571, 'adaptive_mu': 0.2793347396592507}, 28.474451125002815)
[2026-01-12 00:29:28,294][flwr][DEBUG] - evaluate_round 19: strategy sampled 100 clients (out of 100)
[2026-01-12 00:29:28,793][flwr][DEBUG] - evaluate_round 19 received 100 results and 0 failures
[2026-01-12 00:29:28,794][flwr][DEBUG] - fit_round 20: strategy sampled 100 clients (out of 100)
[2026-01-12 00:29:29,520][flwr][DEBUG] - fit_round 20 received 100 results and 0 failures
[2026-01-12 00:29:29,627][flwr][INFO] - fit progress: (20, 59.44792729616165, {'accuracy': 0.572, 'adaptive_mu': 0.2800553526610366}, 29.808120832996792)
[2026-01-12 00:29:29,627][flwr][DEBUG] - evaluate_round 20: strategy sampled 100 clients (out of 100)
[2026-01-12 00:29:30,159][flwr][DEBUG] - evaluate_round 20 received 100 results and 0 failures
[2026-01-12 00:29:30,159][flwr][DEBUG] - fit_round 21: strategy sampled 100 clients (out of 100)
[2026-01-12 00:29:30,837][flwr][DEBUG] - fit_round 21 received 100 results and 0 failures
[2026-01-12 00:29:30,957][flwr][INFO] - fit progress: (21, 59.14054936170578, {'accuracy': 0.5755, 'adaptive_mu': 0.28059791589449623}, 31.137814457993954)
[2026-01-12 00:29:30,957][flwr][DEBUG] - evaluate_round 21: strategy sampled 100 clients (out of 100)
[2026-01-12 00:29:31,416][flwr][DEBUG] - evaluate_round 21 received 100 results and 0 failures
[2026-01-12 00:29:31,416][flwr][DEBUG] - fit_round 22: strategy sampled 100 clients (out of 100)
[2026-01-12 00:29:32,104][flwr][DEBUG] - fit_round 22 received 100 results and 0 failures
[2026-01-12 00:29:32,214][flwr][INFO] - fit progress: (22, 58.796466052532196, {'accuracy': 0.5775, 'adaptive_mu': 0.2809310209724268}, 32.395323250006186)
[2026-01-12 00:29:32,215][flwr][DEBUG] - evaluate_round 22: strategy sampled 100 clients (out of 100)
[2026-01-12 00:29:32,666][flwr][DEBUG] - evaluate_round 22 received 100 results and 0 failures
[2026-01-12 00:29:32,666][flwr][DEBUG] - fit_round 23: strategy sampled 100 clients (out of 100)
[2026-01-12 00:29:33,481][flwr][DEBUG] - fit_round 23 received 100 results and 0 failures
[2026-01-12 00:29:33,588][flwr][INFO] - fit progress: (23, 58.54610991477966, {'accuracy': 0.581, 'adaptive_mu': 0.28117045742834024}, 33.76854595799523)
[2026-01-12 00:29:33,588][flwr][DEBUG] - evaluate_round 23: strategy sampled 100 clients (out of 100)
[2026-01-12 00:29:34,052][flwr][DEBUG] - evaluate_round 23 received 100 results and 0 failures
[2026-01-12 00:29:34,053][flwr][DEBUG] - fit_round 24: strategy sampled 100 clients (out of 100)
[2026-01-12 00:29:34,826][flwr][DEBUG] - fit_round 24 received 100 results and 0 failures
[2026-01-12 00:29:34,934][flwr][INFO] - fit progress: (24, 58.36192137002945, {'accuracy': 0.5815, 'adaptive_mu': 0.2812888461995033}, 35.11446141600027)
[2026-01-12 00:29:34,934][flwr][DEBUG] - evaluate_round 24: strategy sampled 100 clients (out of 100)
[2026-01-12 00:29:35,407][flwr][DEBUG] - evaluate_round 24 received 100 results and 0 failures
[2026-01-12 00:29:35,408][flwr][DEBUG] - fit_round 25: strategy sampled 100 clients (out of 100)
[2026-01-12 00:29:36,105][flwr][DEBUG] - fit_round 25 received 100 results and 0 failures
[2026-01-12 00:29:36,217][flwr][INFO] - fit progress: (25, 58.213384091854095, {'accuracy': 0.5825, 'adaptive_mu': 0.281286288672686}, 36.39759729099751)
[2026-01-12 00:29:36,217][flwr][DEBUG] - evaluate_round 25: strategy sampled 100 clients (out of 100)
[2026-01-12 00:29:36,654][flwr][DEBUG] - evaluate_round 25 received 100 results and 0 failures
[2026-01-12 00:29:36,655][flwr][DEBUG] - fit_round 26: strategy sampled 100 clients (out of 100)
[2026-01-12 00:29:37,445][flwr][DEBUG] - fit_round 26 received 100 results and 0 failures
[2026-01-12 00:29:37,555][flwr][INFO] - fit progress: (26, 58.02804881334305, {'accuracy': 0.583, 'adaptive_mu': 0.2811888754848897}, 37.736070500002825)
[2026-01-12 00:29:37,555][flwr][DEBUG] - evaluate_round 26: strategy sampled 100 clients (out of 100)
[2026-01-12 00:29:38,032][flwr][DEBUG] - evaluate_round 26 received 100 results and 0 failures
[2026-01-12 00:29:38,033][flwr][DEBUG] - fit_round 27: strategy sampled 100 clients (out of 100)
[2026-01-12 00:29:38,770][flwr][DEBUG] - fit_round 27 received 100 results and 0 failures
[2026-01-12 00:29:38,879][flwr][INFO] - fit progress: (27, 57.864034593105316, {'accuracy': 0.584, 'adaptive_mu': 0.28106921691258896}, 39.060355374997016)
[2026-01-12 00:29:38,880][flwr][DEBUG] - evaluate_round 27: strategy sampled 100 clients (out of 100)
[2026-01-12 00:29:39,403][flwr][DEBUG] - evaluate_round 27 received 100 results and 0 failures
[2026-01-12 00:29:39,404][flwr][DEBUG] - fit_round 28: strategy sampled 100 clients (out of 100)
[2026-01-12 00:29:40,085][flwr][DEBUG] - fit_round 28 received 100 results and 0 failures
[2026-01-12 00:29:40,195][flwr][INFO] - fit progress: (28, 57.7821826338768, {'accuracy': 0.584, 'adaptive_mu': 0.28093076627876634}, 40.376254500006326)
[2026-01-12 00:29:40,196][flwr][DEBUG] - evaluate_round 28: strategy sampled 100 clients (out of 100)
[2026-01-12 00:29:40,656][flwr][DEBUG] - evaluate_round 28 received 100 results and 0 failures
[2026-01-12 00:29:40,657][flwr][DEBUG] - fit_round 29: strategy sampled 100 clients (out of 100)
[2026-01-12 00:29:41,345][flwr][DEBUG] - fit_round 29 received 100 results and 0 failures
[2026-01-12 00:29:41,459][flwr][INFO] - fit progress: (29, 57.70016008615494, {'accuracy': 0.584, 'adaptive_mu': 0.28084650458873234}, 41.63970358300139)
[2026-01-12 00:29:41,459][flwr][DEBUG] - evaluate_round 29: strategy sampled 100 clients (out of 100)
[2026-01-12 00:29:41,907][flwr][DEBUG] - evaluate_round 29 received 100 results and 0 failures
[2026-01-12 00:29:41,908][flwr][DEBUG] - fit_round 30: strategy sampled 100 clients (out of 100)
[2026-01-12 00:29:42,583][flwr][DEBUG] - fit_round 30 received 100 results and 0 failures
[2026-01-12 00:29:42,690][flwr][INFO] - fit progress: (30, 57.593103647232056, {'accuracy': 0.584, 'adaptive_mu': 0.28069717355539336}, 42.87113400000089)
[2026-01-12 00:29:42,690][flwr][DEBUG] - evaluate_round 30: strategy sampled 100 clients (out of 100)
[2026-01-12 00:29:43,151][flwr][DEBUG] - evaluate_round 30 received 100 results and 0 failures
[2026-01-12 00:29:43,151][flwr][DEBUG] - fit_round 31: strategy sampled 100 clients (out of 100)
[2026-01-12 00:29:43,763][flwr][DEBUG] - fit_round 31 received 100 results and 0 failures
[2026-01-12 00:29:43,869][flwr][INFO] - fit progress: (31, 57.536188304424286, {'accuracy': 0.584, 'adaptive_mu': 0.28049796246854625}, 44.050165916007245)
[2026-01-12 00:29:43,870][flwr][DEBUG] - evaluate_round 31: strategy sampled 100 clients (out of 100)
[2026-01-12 00:29:44,301][flwr][DEBUG] - evaluate_round 31 received 100 results and 0 failures
[2026-01-12 00:29:44,302][flwr][DEBUG] - fit_round 32: strategy sampled 100 clients (out of 100)
[2026-01-12 00:29:44,912][flwr][DEBUG] - fit_round 32 received 100 results and 0 failures
[2026-01-12 00:29:45,019][flwr][INFO] - fit progress: (32, 57.486153960227966, {'accuracy': 0.5845, 'adaptive_mu': 0.28029583235786515}, 45.199623416003305)
[2026-01-12 00:29:45,019][flwr][DEBUG] - evaluate_round 32: strategy sampled 100 clients (out of 100)
[2026-01-12 00:29:45,449][flwr][DEBUG] - evaluate_round 32 received 100 results and 0 failures
[2026-01-12 00:29:45,450][flwr][DEBUG] - fit_round 33: strategy sampled 100 clients (out of 100)
[2026-01-12 00:29:46,061][flwr][DEBUG] - fit_round 33 received 100 results and 0 failures
[2026-01-12 00:29:46,166][flwr][INFO] - fit progress: (33, 57.413192451000214, {'accuracy': 0.5845, 'adaptive_mu': 0.2800755419111248}, 46.34676579100778)
[2026-01-12 00:29:46,166][flwr][DEBUG] - evaluate_round 33: strategy sampled 100 clients (out of 100)
[2026-01-12 00:29:46,596][flwr][DEBUG] - evaluate_round 33 received 100 results and 0 failures
[2026-01-12 00:29:46,596][flwr][DEBUG] - fit_round 34: strategy sampled 100 clients (out of 100)
[2026-01-12 00:29:47,334][flwr][DEBUG] - fit_round 34 received 100 results and 0 failures
[2026-01-12 00:29:47,437][flwr][INFO] - fit progress: (34, 57.29437565803528, {'accuracy': 0.5855, 'adaptive_mu': 0.2798333553327289}, 47.61780575000739)
[2026-01-12 00:29:47,437][flwr][DEBUG] - evaluate_round 34: strategy sampled 100 clients (out of 100)
[2026-01-12 00:29:47,873][flwr][DEBUG] - evaluate_round 34 received 100 results and 0 failures
[2026-01-12 00:29:47,874][flwr][DEBUG] - fit_round 35: strategy sampled 100 clients (out of 100)
[2026-01-12 00:29:48,509][flwr][DEBUG] - fit_round 35 received 100 results and 0 failures
[2026-01-12 00:29:48,613][flwr][INFO] - fit progress: (35, 57.26516383886337, {'accuracy': 0.5855, 'adaptive_mu': 0.2797969577357609}, 48.79420170800586)
[2026-01-12 00:29:48,614][flwr][DEBUG] - evaluate_round 35: strategy sampled 100 clients (out of 100)
[2026-01-12 00:29:49,055][flwr][DEBUG] - evaluate_round 35 received 100 results and 0 failures
[2026-01-12 00:29:49,056][flwr][DEBUG] - fit_round 36: strategy sampled 100 clients (out of 100)
[2026-01-12 00:29:49,711][flwr][DEBUG] - fit_round 36 received 100 results and 0 failures
[2026-01-12 00:29:49,814][flwr][INFO] - fit progress: (36, 57.28207743167877, {'accuracy': 0.5855, 'adaptive_mu': 0.27956576577205394}, 49.994744833005825)
[2026-01-12 00:29:49,814][flwr][DEBUG] - evaluate_round 36: strategy sampled 100 clients (out of 100)
[2026-01-12 00:29:50,256][flwr][DEBUG] - evaluate_round 36 received 100 results and 0 failures
[2026-01-12 00:29:50,257][flwr][DEBUG] - fit_round 37: strategy sampled 100 clients (out of 100)
[2026-01-12 00:29:50,899][flwr][DEBUG] - fit_round 37 received 100 results and 0 failures
[2026-01-12 00:29:51,005][flwr][INFO] - fit progress: (37, 57.1648331284523, {'accuracy': 0.5855, 'adaptive_mu': 0.2793274916237416}, 51.18631862499751)
[2026-01-12 00:29:51,006][flwr][DEBUG] - evaluate_round 37: strategy sampled 100 clients (out of 100)
[2026-01-12 00:29:51,528][flwr][DEBUG] - evaluate_round 37 received 100 results and 0 failures
[2026-01-12 00:29:51,529][flwr][DEBUG] - fit_round 38: strategy sampled 100 clients (out of 100)
[2026-01-12 00:29:52,234][flwr][DEBUG] - fit_round 38 received 100 results and 0 failures
[2026-01-12 00:29:52,346][flwr][INFO] - fit progress: (38, 57.17662578821182, {'accuracy': 0.5855, 'adaptive_mu': 0.27924441794816807}, 52.5266454579978)
[2026-01-12 00:29:52,346][flwr][DEBUG] - evaluate_round 38: strategy sampled 100 clients (out of 100)
[2026-01-12 00:29:52,794][flwr][DEBUG] - evaluate_round 38 received 100 results and 0 failures
[2026-01-12 00:29:52,795][flwr][DEBUG] - fit_round 39: strategy sampled 100 clients (out of 100)
[2026-01-12 00:29:53,464][flwr][DEBUG] - fit_round 39 received 100 results and 0 failures
[2026-01-12 00:29:53,571][flwr][INFO] - fit progress: (39, 57.112373411655426, {'accuracy': 0.585, 'adaptive_mu': 0.2789979591176639}, 53.75232070799393)
[2026-01-12 00:29:53,572][flwr][DEBUG] - evaluate_round 39: strategy sampled 100 clients (out of 100)
[2026-01-12 00:29:54,007][flwr][DEBUG] - evaluate_round 39 received 100 results and 0 failures
[2026-01-12 00:29:54,007][flwr][DEBUG] - fit_round 40: strategy sampled 100 clients (out of 100)
[2026-01-12 00:29:54,663][flwr][DEBUG] - fit_round 40 received 100 results and 0 failures
[2026-01-12 00:29:54,771][flwr][INFO] - fit progress: (40, 57.023523688316345, {'accuracy': 0.5855, 'adaptive_mu': 0.2787312049727972}, 54.95183350000298)
[2026-01-12 00:29:54,771][flwr][DEBUG] - evaluate_round 40: strategy sampled 100 clients (out of 100)
[2026-01-12 00:29:55,214][flwr][DEBUG] - evaluate_round 40 received 100 results and 0 failures
[2026-01-12 00:29:55,215][flwr][DEBUG] - fit_round 41: strategy sampled 100 clients (out of 100)
[2026-01-12 00:29:55,854][flwr][DEBUG] - fit_round 41 received 100 results and 0 failures
[2026-01-12 00:29:55,962][flwr][INFO] - fit progress: (41, 56.932603895664215, {'accuracy': 0.5855, 'adaptive_mu': 0.27853741478079685}, 56.143467250003596)
[2026-01-12 00:29:55,963][flwr][DEBUG] - evaluate_round 41: strategy sampled 100 clients (out of 100)
[2026-01-12 00:29:56,410][flwr][DEBUG] - evaluate_round 41 received 100 results and 0 failures
[2026-01-12 00:29:56,411][flwr][DEBUG] - fit_round 42: strategy sampled 100 clients (out of 100)
[2026-01-12 00:29:57,026][flwr][DEBUG] - fit_round 42 received 100 results and 0 failures
[2026-01-12 00:29:57,128][flwr][INFO] - fit progress: (42, 56.92624127864838, {'accuracy': 0.5855, 'adaptive_mu': 0.2783986643426847}, 57.309365458000684)
[2026-01-12 00:29:57,129][flwr][DEBUG] - evaluate_round 42: strategy sampled 100 clients (out of 100)
[2026-01-12 00:29:57,559][flwr][DEBUG] - evaluate_round 42 received 100 results and 0 failures
[2026-01-12 00:29:57,559][flwr][DEBUG] - fit_round 43: strategy sampled 100 clients (out of 100)
[2026-01-12 00:29:58,174][flwr][DEBUG] - fit_round 43 received 100 results and 0 failures
[2026-01-12 00:29:58,278][flwr][INFO] - fit progress: (43, 57.00101846456528, {'accuracy': 0.5855, 'adaptive_mu': 0.27823276327833024}, 58.45926537500054)
[2026-01-12 00:29:58,279][flwr][DEBUG] - evaluate_round 43: strategy sampled 100 clients (out of 100)
[2026-01-12 00:29:58,711][flwr][DEBUG] - evaluate_round 43 received 100 results and 0 failures
[2026-01-12 00:29:58,712][flwr][DEBUG] - fit_round 44: strategy sampled 100 clients (out of 100)
[2026-01-12 00:29:59,342][flwr][DEBUG] - fit_round 44 received 100 results and 0 failures
[2026-01-12 00:29:59,445][flwr][INFO] - fit progress: (44, 56.91501426696777, {'accuracy': 0.585, 'adaptive_mu': 0.2779460027003238}, 59.62619833300414)
[2026-01-12 00:29:59,445][flwr][DEBUG] - evaluate_round 44: strategy sampled 100 clients (out of 100)
[2026-01-12 00:29:59,881][flwr][DEBUG] - evaluate_round 44 received 100 results and 0 failures
[2026-01-12 00:29:59,881][flwr][DEBUG] - fit_round 45: strategy sampled 100 clients (out of 100)
[2026-01-12 00:30:00,520][flwr][DEBUG] - fit_round 45 received 100 results and 0 failures
[2026-01-12 00:30:00,626][flwr][INFO] - fit progress: (45, 56.83595788478851, {'accuracy': 0.5855, 'adaptive_mu': 0.2775495814991356}, 60.80728850000014)
[2026-01-12 00:30:00,627][flwr][DEBUG] - evaluate_round 45: strategy sampled 100 clients (out of 100)
[2026-01-12 00:30:01,081][flwr][DEBUG] - evaluate_round 45 received 100 results and 0 failures
[2026-01-12 00:30:01,082][flwr][DEBUG] - fit_round 46: strategy sampled 100 clients (out of 100)
[2026-01-12 00:30:01,746][flwr][DEBUG] - fit_round 46 received 100 results and 0 failures
[2026-01-12 00:30:01,851][flwr][INFO] - fit progress: (46, 56.86925941705704, {'accuracy': 0.585, 'adaptive_mu': 0.27732786852558067}, 62.03162395799882)
[2026-01-12 00:30:01,851][flwr][DEBUG] - evaluate_round 46: strategy sampled 100 clients (out of 100)
[2026-01-12 00:30:02,296][flwr][DEBUG] - evaluate_round 46 received 100 results and 0 failures
[2026-01-12 00:30:02,296][flwr][DEBUG] - fit_round 47: strategy sampled 100 clients (out of 100)
[2026-01-12 00:30:03,060][flwr][DEBUG] - fit_round 47 received 100 results and 0 failures
[2026-01-12 00:30:03,167][flwr][INFO] - fit progress: (47, 56.84288603067398, {'accuracy': 0.5855, 'adaptive_mu': 0.27706647252863104}, 63.347582375005004)
[2026-01-12 00:30:03,167][flwr][DEBUG] - evaluate_round 47: strategy sampled 100 clients (out of 100)
[2026-01-12 00:30:03,623][flwr][DEBUG] - evaluate_round 47 received 100 results and 0 failures
[2026-01-12 00:30:03,624][flwr][DEBUG] - fit_round 48: strategy sampled 100 clients (out of 100)
[2026-01-12 00:30:04,264][flwr][DEBUG] - fit_round 48 received 100 results and 0 failures
[2026-01-12 00:30:04,373][flwr][INFO] - fit progress: (48, 56.96676206588745, {'accuracy': 0.5845, 'adaptive_mu': 0.27686332643926864}, 64.5541130000056)
[2026-01-12 00:30:04,373][flwr][DEBUG] - evaluate_round 48: strategy sampled 100 clients (out of 100)
[2026-01-12 00:30:04,813][flwr][DEBUG] - evaluate_round 48 received 100 results and 0 failures
[2026-01-12 00:30:04,814][flwr][DEBUG] - fit_round 49: strategy sampled 100 clients (out of 100)
[2026-01-12 00:30:05,464][flwr][DEBUG] - fit_round 49 received 100 results and 0 failures
[2026-01-12 00:30:05,570][flwr][INFO] - fit progress: (49, 56.96969556808472, {'accuracy': 0.5845, 'adaptive_mu': 0.276619208378258}, 65.75056383300398)
[2026-01-12 00:30:05,570][flwr][DEBUG] - evaluate_round 49: strategy sampled 100 clients (out of 100)
[2026-01-12 00:30:06,071][flwr][DEBUG] - evaluate_round 49 received 100 results and 0 failures
[2026-01-12 00:30:06,072][flwr][DEBUG] - fit_round 50: strategy sampled 100 clients (out of 100)
[2026-01-12 00:30:06,760][flwr][DEBUG] - fit_round 50 received 100 results and 0 failures
[2026-01-12 00:30:06,866][flwr][INFO] - fit progress: (50, 56.83201414346695, {'accuracy': 0.5855, 'adaptive_mu': 0.2761583296744825}, 67.04686612500518)
[2026-01-12 00:30:06,866][flwr][DEBUG] - evaluate_round 50: strategy sampled 100 clients (out of 100)
[2026-01-12 00:30:07,361][flwr][DEBUG] - evaluate_round 50 received 100 results and 0 failures
[2026-01-12 00:30:07,362][flwr][INFO] - FL finished in 67.54271295800572
[2026-01-12 00:30:07,362][flwr][INFO] - app_fit: losses_distributed [(1, 1.04294907168588), (2, 1.0310490493142428), (3, 1.029171512158115), (4, 1.032162342224783), (5, 1.0365800177413584), (6, 1.0408043408420984), (7, 1.0437433805414162), (8, 1.0445025612741066), (9, 1.0433745578490834), (10, 1.039829651175641), (11, 1.0340705958615661), (12, 1.0269274886727198), (13, 1.018504355429111), (14, 1.0090150971461482), (15, 0.9982214844165809), (16, 0.9888653839949997), (17, 0.9795037231856238), (18, 0.9715806903726547), (19, 0.9643679007430126), (20, 0.9571260599180021), (21, 0.9524429101111268), (22, 0.9471429319071146), (23, 0.9433178570931003), (24, 0.940527218142874), (25, 0.9382340797859925), (26, 0.9353454920110442), (27, 0.9327893084565663), (28, 0.9315255385515226), (29, 0.9302559360031111), (30, 0.9286154921551206), (31, 0.927724060073783), (32, 0.9269814268856461), (33, 0.9258754669229867), (34, 0.9240242302824613), (35, 0.9236083651667162), (36, 0.9239564717697474), (37, 0.9221304604895963), (38, 0.922378395096027), (39, 0.9214612850760437), (40, 0.9201164934890127), (41, 0.9187599404781752), (42, 0.9187592692817301), (43, 0.9199774248336905), (44, 0.9186797891324969), (45, 0.9175343871862544), (46, 0.918137751307775), (47, 0.9178142293321395), (48, 0.919871292440422), (49, 0.9200150137502314), (50, 0.9179239717902312)]
[2026-01-12 00:30:07,362][flwr][INFO] - app_fit: metrics_distributed_fit {'adaptive_mu': [(1, 0.1), (2, 0.1), (3, 0.1), (4, 0.15214114995553774), (5, 0.18863774075335665), (6, 0.21323756725218995), (7, 0.23040114308610538), (8, 0.24269035561638425), (9, 0.2515429892205308), (10, 0.25786845432226957), (11, 0.26247728453946817), (12, 0.2661487392509406), (13, 0.2690874781206448), (14, 0.27155746536106407), (15, 0.27365016584520885), (16, 0.27548953665349596), (17, 0.27696950254365976), (18, 0.2782774503492453), (19, 0.2793347396592507), (20, 0.2800553526610366), (21, 0.28059791589449623), (22, 0.2809310209724268), (23, 0.28117045742834024), (24, 0.2812888461995033), (25, 0.281286288672686), (26, 0.2811888754848897), (27, 0.28106921691258896), (28, 0.28093076627876634), (29, 0.28084650458873234), (30, 0.28069717355539336), (31, 0.28049796246854625), (32, 0.28029583235786515), (33, 0.2800755419111248), (34, 0.2798333553327289), (35, 0.2797969577357609), (36, 0.27956576577205394), (37, 0.2793274916237416), (38, 0.27924441794816807), (39, 0.2789979591176639), (40, 0.2787312049727972), (41, 0.27853741478079685), (42, 0.2783986643426847), (43, 0.27823276327833024), (44, 0.2779460027003238), (45, 0.2775495814991356), (46, 0.27732786852558067), (47, 0.27706647252863104), (48, 0.27686332643926864), (49, 0.276619208378258), (50, 0.2761583296744825)], 'gradient_divergence': [(1, 0.7633807724993676), (2, 0.7294953231327236), (3, 0.7248804928874597), (4, 0.7245071111666038), (5, 0.7264593956340104), (6, 0.7301855698879808), (7, 0.7348683323990554), (8, 0.7396027999185025), (9, 0.7470174447400495), (10, 0.7532804426690564), (11, 0.7583117944654078), (12, 0.7649030524864793), (13, 0.7689103480661288), (14, 0.774395177140832), (15, 0.7793997567985207), (16, 0.7851362017309294), (17, 0.7878143350873142), (18, 0.7940938248531892), (19, 0.7989791441662237), (20, 0.8010466557880863), (21, 0.8040519127389416), (22, 0.8060554501228034), (23, 0.8088162160199136), (24, 0.810445286585018), (25, 0.8115022847708314), (26, 0.8113939906470478), (27, 0.8124023021711037), (28, 0.8118810242787003), (29, 0.8131931369146332), (30, 0.8119669448211789), (31, 0.8107990648597478), (32, 0.8101893968321383), (33, 0.8085196017473936), (34, 0.8065676050726325), (35, 0.8099000971391797), (36, 0.8042892557382584), (37, 0.8029704786185176), (38, 0.8055036369618028), (39, 0.8014033541828394), (40, 0.7985175151843578), (41, 0.7975215004198253), (42, 0.7971384321339429), (43, 0.7950549251493066), (44, 0.7916935186460614), (45, 0.787433489812538), (46, 0.7885749307647347), (47, 0.7856274304073304), (48, 0.78491091334261), (49, 0.7826725339982659), (50, 0.774653854323551)], 'avg_label_entropy': [(1, 0.6811522277531928), (2, 0.681152227753193), (3, 0.6811522277531928), (4, 0.6811522277531928), (5, 0.6811522277531927), (6, 0.6811522277531927), (7, 0.6811522277531928), (8, 0.6811522277531927), (9, 0.6811522277531928), (10, 0.6811522277531928), (11, 0.6811522277531927), (12, 0.6811522277531928), (13, 0.6811522277531927), (14, 0.6811522277531928), (15, 0.681152227753193), (16, 0.6811522277531928), (17, 0.681152227753193), (18, 0.6811522277531928), (19, 0.6811522277531928), (20, 0.681152227753193), (21, 0.681152227753193), (22, 0.6811522277531928), (23, 0.6811522277531928), (24, 0.681152227753193), (25, 0.6811522277531928), (26, 0.681152227753193), (27, 0.6811522277531928), (28, 0.6811522277531927), (29, 0.6811522277531928), (30, 0.681152227753193), (31, 0.6811522277531928), (32, 0.6811522277531928), (33, 0.6811522277531928), (34, 0.6811522277531928), (35, 0.6811522277531927), (36, 0.6811522277531928), (37, 0.6811522277531928), (38, 0.6811522277531928), (39, 0.6811522277531927), (40, 0.6811522277531928), (41, 0.6811522277531928), (42, 0.681152227753193), (43, 0.6811522277531928), (44, 0.6811522277531928), (45, 0.6811522277531928), (46, 0.6811522277531927), (47, 0.6811522277531928), (48, 0.6811522277531927), (49, 0.681152227753193), (50, 0.6811522277531928)], 'avg_feature_variance': [(1, 0.9265728890895844), (2, 0.9265728947520256), (3, 0.9265728926658631), (4, 0.9265729004144668), (5, 0.9265728950500488), (6, 0.9265728968381882), (7, 0.9265728956460952), (8, 0.9265729048848153), (9, 0.9265728935599327), (10, 0.9265728938579559), (11, 0.9265728849172592), (12, 0.9265728905797005), (13, 0.926572896540165), (14, 0.9265728929638862), (15, 0.9265729042887688), (16, 0.9265728905797005), (17, 0.9265729013085365), (18, 0.9265728944540024), (19, 0.9265728998184204), (20, 0.9265728887915611), (21, 0.9265728890895844), (22, 0.9265729016065598), (23, 0.9265728929638862), (24, 0.9265728980302811), (25, 0.9265729025006294), (26, 0.9265728950500488), (27, 0.9265728852152825), (28, 0.9265728908777237), (29, 0.9265728896856308), (30, 0.9265729075670243), (31, 0.9265728849172592), (32, 0.926572899222374), (33, 0.9265728953480721), (34, 0.9265729036927223), (35, 0.926572901904583), (36, 0.9265728929638862), (37, 0.9265729030966758), (38, 0.9265728983283043), (39, 0.9265728950500488), (40, 0.926572904586792), (41, 0.9265728831291199), (42, 0.9265728932619095), (43, 0.9265729016065598), (44, 0.9265728822350502), (45, 0.9265729036927223), (46, 0.9265728858113289), (47, 0.9265728878974915), (48, 0.9265729030966758), (49, 0.9265728953480721), (50, 0.9265728977322578)]}
[2026-01-12 00:30:07,363][flwr][INFO] - app_fit: metrics_distributed {}
[2026-01-12 00:30:07,363][flwr][INFO] - app_fit: losses_centralized [(0, 67.88411092758179), (1, 65.59572404623032), (2, 64.72487306594849), (3, 64.51334184408188), (4, 64.62715816497803), (5, 64.84669655561447), (6, 65.06451779603958), (7, 65.21002233028412), (8, 65.22345000505447), (9, 65.12504833936691), (10, 64.87807041406631), (11, 64.49353045225143), (12, 64.02035814523697), (13, 63.46578657627106), (14, 62.84362357854843), (15, 62.13932752609253), (16, 61.52465295791626), (17, 60.91148662567139), (18, 60.39140713214874), (19, 59.91882127523422), (20, 59.44792729616165), (21, 59.14054936170578), (22, 58.796466052532196), (23, 58.54610991477966), (24, 58.36192137002945), (25, 58.213384091854095), (26, 58.02804881334305), (27, 57.864034593105316), (28, 57.7821826338768), (29, 57.70016008615494), (30, 57.593103647232056), (31, 57.536188304424286), (32, 57.486153960227966), (33, 57.413192451000214), (34, 57.29437565803528), (35, 57.26516383886337), (36, 57.28207743167877), (37, 57.1648331284523), (38, 57.17662578821182), (39, 57.112373411655426), (40, 57.023523688316345), (41, 56.932603895664215), (42, 56.92624127864838), (43, 57.00101846456528), (44, 56.91501426696777), (45, 56.83595788478851), (46, 56.86925941705704), (47, 56.84288603067398), (48, 56.96676206588745), (49, 56.96969556808472), (50, 56.83201414346695)]
[2026-01-12 00:30:07,363][flwr][INFO] - app_fit: metrics_centralized {'accuracy': [(0, 0.3585), (1, 0.5075), (2, 0.5075), (3, 0.5075), (4, 0.507), (5, 0.5075), (6, 0.5075), (7, 0.508), (8, 0.508), (9, 0.51), (10, 0.5125), (11, 0.517), (12, 0.52), (13, 0.526), (14, 0.5325), (15, 0.5425), (16, 0.5495), (17, 0.5585), (18, 0.5645), (19, 0.571), (20, 0.572), (21, 0.5755), (22, 0.5775), (23, 0.581), (24, 0.5815), (25, 0.5825), (26, 0.583), (27, 0.584), (28, 0.584), (29, 0.584), (30, 0.584), (31, 0.584), (32, 0.5845), (33, 0.5845), (34, 0.5855), (35, 0.5855), (36, 0.5855), (37, 0.5855), (38, 0.5855), (39, 0.585), (40, 0.5855), (41, 0.5855), (42, 0.5855), (43, 0.5855), (44, 0.585), (45, 0.5855), (46, 0.585), (47, 0.5855), (48, 0.5845), (49, 0.5845), (50, 0.5855)], 'adaptive_mu': [(0, 0.1), (1, 0.1), (2, 0.1), (3, 0.1), (4, 0.15214114995553774), (5, 0.18863774075335665), (6, 0.21323756725218995), (7, 0.23040114308610538), (8, 0.24269035561638425), (9, 0.2515429892205308), (10, 0.25786845432226957), (11, 0.26247728453946817), (12, 0.2661487392509406), (13, 0.2690874781206448), (14, 0.27155746536106407), (15, 0.27365016584520885), (16, 0.27548953665349596), (17, 0.27696950254365976), (18, 0.2782774503492453), (19, 0.2793347396592507), (20, 0.2800553526610366), (21, 0.28059791589449623), (22, 0.2809310209724268), (23, 0.28117045742834024), (24, 0.2812888461995033), (25, 0.281286288672686), (26, 0.2811888754848897), (27, 0.28106921691258896), (28, 0.28093076627876634), (29, 0.28084650458873234), (30, 0.28069717355539336), (31, 0.28049796246854625), (32, 0.28029583235786515), (33, 0.2800755419111248), (34, 0.2798333553327289), (35, 0.2797969577357609), (36, 0.27956576577205394), (37, 0.2793274916237416), (38, 0.27924441794816807), (39, 0.2789979591176639), (40, 0.2787312049727972), (41, 0.27853741478079685), (42, 0.2783986643426847), (43, 0.27823276327833024), (44, 0.2779460027003238), (45, 0.2775495814991356), (46, 0.27732786852558067), (47, 0.27706647252863104), (48, 0.27686332643926864), (49, 0.276619208378258), (50, 0.2761583296744825)]}
[2026-01-12 00:30:07,397][flwr][INFO] - Starting Flower simulation, config: ServerConfig(num_rounds=50, round_timeout=None)
[2026-01-12 00:30:15,550][flwr][INFO] - Flower VCE: Ray initialized with resources: {'node:127.0.0.1': 1.0, 'memory': 12477655860.0, 'object_store_memory': 2147483648.0, 'CPU': 10.0}
[2026-01-12 00:30:15,552][flwr][INFO] - Initializing global parameters
[2026-01-12 00:30:15,552][flwr][INFO] - Using initial parameters provided by strategy
[2026-01-12 00:30:15,552][flwr][INFO] - Evaluating initial parameters
[2026-01-12 00:30:15,582][flwr][INFO] - initial parameters (loss, other metrics): 71.80140054225922, {'accuracy': 0.238}
[2026-01-12 00:30:15,582][flwr][INFO] - FL starting
[2026-01-12 00:30:15,584][flwr][DEBUG] - fit_round 1: strategy sampled 10 clients (out of 100)
[2026-01-12 00:30:20,521][flwr][DEBUG] - fit_round 1 received 10 results and 0 failures
[2026-01-12 00:30:20,555][flwr][INFO] - fit progress: (1, 66.79973447322845, {'accuracy': 0.507}, 4.972963834006805)
[2026-01-12 00:30:20,556][flwr][INFO] - evaluate_round 1: no clients selected, cancel
[2026-01-12 00:30:20,557][flwr][DEBUG] - fit_round 2: strategy sampled 10 clients (out of 100)
[2026-01-12 00:30:20,707][flwr][DEBUG] - fit_round 2 received 10 results and 0 failures
[2026-01-12 00:30:20,745][flwr][INFO] - fit progress: (2, 76.44008207321167, {'accuracy': 0.2445}, 5.16260300000431)
[2026-01-12 00:30:20,745][flwr][INFO] - evaluate_round 2: no clients selected, cancel
[2026-01-12 00:30:20,746][flwr][DEBUG] - fit_round 3: strategy sampled 10 clients (out of 100)
[2026-01-12 00:30:20,897][flwr][DEBUG] - fit_round 3 received 10 results and 0 failures
[2026-01-12 00:30:20,928][flwr][INFO] - fit progress: (3, 67.97095084190369, {'accuracy': 0.5125}, 5.345679417005158)
[2026-01-12 00:30:20,928][flwr][INFO] - evaluate_round 3: no clients selected, cancel
[2026-01-12 00:30:20,929][flwr][DEBUG] - fit_round 4: strategy sampled 10 clients (out of 100)
[2026-01-12 00:30:21,085][flwr][DEBUG] - fit_round 4 received 10 results and 0 failures
[2026-01-12 00:30:21,118][flwr][INFO] - fit progress: (4, 71.50081527233124, {'accuracy': 0.244}, 5.535368750002817)
[2026-01-12 00:30:21,118][flwr][INFO] - evaluate_round 4: no clients selected, cancel
[2026-01-12 00:30:21,119][flwr][DEBUG] - fit_round 5: strategy sampled 10 clients (out of 100)
[2026-01-12 00:30:21,286][flwr][DEBUG] - fit_round 5 received 10 results and 0 failures
[2026-01-12 00:30:21,317][flwr][INFO] - fit progress: (5, 65.54104787111282, {'accuracy': 0.507}, 5.734901000003447)
[2026-01-12 00:30:21,318][flwr][INFO] - evaluate_round 5: no clients selected, cancel
[2026-01-12 00:30:21,318][flwr][DEBUG] - fit_round 6: strategy sampled 10 clients (out of 100)
[2026-01-12 00:30:21,488][flwr][DEBUG] - fit_round 6 received 10 results and 0 failures
[2026-01-12 00:30:21,519][flwr][INFO] - fit progress: (6, 68.43546783924103, {'accuracy': 0.3465}, 5.936101042010705)
[2026-01-12 00:30:21,519][flwr][INFO] - evaluate_round 6: no clients selected, cancel
[2026-01-12 00:30:21,519][flwr][DEBUG] - fit_round 7: strategy sampled 10 clients (out of 100)
[2026-01-12 00:30:21,691][flwr][DEBUG] - fit_round 7 received 10 results and 0 failures
[2026-01-12 00:30:21,723][flwr][INFO] - fit progress: (7, 65.49240291118622, {'accuracy': 0.507}, 6.14028508400952)
[2026-01-12 00:30:21,723][flwr][INFO] - evaluate_round 7: no clients selected, cancel
[2026-01-12 00:30:21,724][flwr][DEBUG] - fit_round 8: strategy sampled 10 clients (out of 100)
[2026-01-12 00:30:21,899][flwr][DEBUG] - fit_round 8 received 10 results and 0 failures
[2026-01-12 00:30:21,930][flwr][INFO] - fit progress: (8, 66.68716299533844, {'accuracy': 0.507}, 6.347040334003395)
[2026-01-12 00:30:21,930][flwr][INFO] - evaluate_round 8: no clients selected, cancel
[2026-01-12 00:30:21,930][flwr][DEBUG] - fit_round 9: strategy sampled 10 clients (out of 100)
[2026-01-12 00:30:22,112][flwr][DEBUG] - fit_round 9 received 10 results and 0 failures
[2026-01-12 00:30:22,144][flwr][INFO] - fit progress: (9, 65.4193189740181, {'accuracy': 0.507}, 6.561166833998868)
[2026-01-12 00:30:22,144][flwr][INFO] - evaluate_round 9: no clients selected, cancel
[2026-01-12 00:30:22,144][flwr][DEBUG] - fit_round 10: strategy sampled 10 clients (out of 100)
[2026-01-12 00:30:22,342][flwr][DEBUG] - fit_round 10 received 10 results and 0 failures
[2026-01-12 00:30:22,375][flwr][INFO] - fit progress: (10, 67.04011750221252, {'accuracy': 0.507}, 6.792077584002982)
[2026-01-12 00:30:22,375][flwr][INFO] - evaluate_round 10: no clients selected, cancel
[2026-01-12 00:30:22,375][flwr][DEBUG] - fit_round 11: strategy sampled 10 clients (out of 100)
[2026-01-12 00:30:22,558][flwr][DEBUG] - fit_round 11 received 10 results and 0 failures
[2026-01-12 00:30:22,589][flwr][INFO] - fit progress: (11, 66.54240816831589, {'accuracy': 0.507}, 7.006284458999289)
[2026-01-12 00:30:22,589][flwr][INFO] - evaluate_round 11: no clients selected, cancel
[2026-01-12 00:30:22,589][flwr][DEBUG] - fit_round 12: strategy sampled 10 clients (out of 100)
[2026-01-12 00:30:22,826][flwr][DEBUG] - fit_round 12 received 10 results and 0 failures
[2026-01-12 00:30:22,862][flwr][INFO] - fit progress: (12, 69.99245953559875, {'accuracy': 0.2355}, 7.279107125010341)
[2026-01-12 00:30:22,862][flwr][INFO] - evaluate_round 12: no clients selected, cancel
[2026-01-12 00:30:22,863][flwr][DEBUG] - fit_round 13: strategy sampled 10 clients (out of 100)
[2026-01-12 00:30:23,230][flwr][DEBUG] - fit_round 13 received 10 results and 0 failures
[2026-01-12 00:30:23,262][flwr][INFO] - fit progress: (13, 65.76912212371826, {'accuracy': 0.507}, 7.679733417011448)
[2026-01-12 00:30:23,262][flwr][INFO] - evaluate_round 13: no clients selected, cancel
[2026-01-12 00:30:23,263][flwr][DEBUG] - fit_round 14: strategy sampled 10 clients (out of 100)
[2026-01-12 00:30:23,523][flwr][DEBUG] - fit_round 14 received 10 results and 0 failures
[2026-01-12 00:30:23,568][flwr][INFO] - fit progress: (14, 66.16407173871994, {'accuracy': 0.507}, 7.9859851250075735)
[2026-01-12 00:30:23,569][flwr][INFO] - evaluate_round 14: no clients selected, cancel
[2026-01-12 00:30:23,569][flwr][DEBUG] - fit_round 15: strategy sampled 10 clients (out of 100)
[2026-01-12 00:30:23,793][flwr][DEBUG] - fit_round 15 received 10 results and 0 failures
[2026-01-12 00:30:23,834][flwr][INFO] - fit progress: (15, 66.33523392677307, {'accuracy': 0.507}, 8.251128917007009)
[2026-01-12 00:30:23,834][flwr][INFO] - evaluate_round 15: no clients selected, cancel
[2026-01-12 00:30:23,834][flwr][DEBUG] - fit_round 16: strategy sampled 10 clients (out of 100)
[2026-01-12 00:30:24,178][flwr][DEBUG] - fit_round 16 received 10 results and 0 failures
[2026-01-12 00:30:24,209][flwr][INFO] - fit progress: (16, 65.95657444000244, {'accuracy': 0.507}, 8.626929709003889)
[2026-01-12 00:30:24,210][flwr][INFO] - evaluate_round 16: no clients selected, cancel
[2026-01-12 00:30:24,210][flwr][DEBUG] - fit_round 17: strategy sampled 10 clients (out of 100)
[2026-01-12 00:30:24,410][flwr][DEBUG] - fit_round 17 received 10 results and 0 failures
[2026-01-12 00:30:24,441][flwr][INFO] - fit progress: (17, 65.45336335897446, {'accuracy': 0.507}, 8.85898620900116)
[2026-01-12 00:30:24,442][flwr][INFO] - evaluate_round 17: no clients selected, cancel
[2026-01-12 00:30:24,442][flwr][DEBUG] - fit_round 18: strategy sampled 10 clients (out of 100)
[2026-01-12 00:30:24,639][flwr][DEBUG] - fit_round 18 received 10 results and 0 failures
[2026-01-12 00:30:24,670][flwr][INFO] - fit progress: (18, 65.38746267557144, {'accuracy': 0.507}, 9.087381750010536)
[2026-01-12 00:30:24,670][flwr][INFO] - evaluate_round 18: no clients selected, cancel
[2026-01-12 00:30:24,671][flwr][DEBUG] - fit_round 19: strategy sampled 10 clients (out of 100)
[2026-01-12 00:30:24,877][flwr][DEBUG] - fit_round 19 received 10 results and 0 failures
[2026-01-12 00:30:24,907][flwr][INFO] - fit progress: (19, 65.7178965806961, {'accuracy': 0.507}, 9.324897958998918)
[2026-01-12 00:30:24,908][flwr][INFO] - evaluate_round 19: no clients selected, cancel
[2026-01-12 00:30:24,908][flwr][DEBUG] - fit_round 20: strategy sampled 10 clients (out of 100)
[2026-01-12 00:30:25,110][flwr][DEBUG] - fit_round 20 received 10 results and 0 failures
[2026-01-12 00:30:25,142][flwr][INFO] - fit progress: (20, 65.52449244260788, {'accuracy': 0.507}, 9.559743042002083)
[2026-01-12 00:30:25,142][flwr][INFO] - evaluate_round 20: no clients selected, cancel
[2026-01-12 00:30:25,143][flwr][DEBUG] - fit_round 21: strategy sampled 10 clients (out of 100)
[2026-01-12 00:30:25,358][flwr][DEBUG] - fit_round 21 received 10 results and 0 failures
[2026-01-12 00:30:25,389][flwr][INFO] - fit progress: (21, 65.66793721914291, {'accuracy': 0.507}, 9.80696645900025)
[2026-01-12 00:30:25,390][flwr][INFO] - evaluate_round 21: no clients selected, cancel
[2026-01-12 00:30:25,390][flwr][DEBUG] - fit_round 22: strategy sampled 10 clients (out of 100)
[2026-01-12 00:30:25,639][flwr][DEBUG] - fit_round 22 received 10 results and 0 failures
[2026-01-12 00:30:25,679][flwr][INFO] - fit progress: (22, 65.58417546749115, {'accuracy': 0.507}, 10.09623720899981)
[2026-01-12 00:30:25,679][flwr][INFO] - evaluate_round 22: no clients selected, cancel
[2026-01-12 00:30:25,680][flwr][DEBUG] - fit_round 23: strategy sampled 10 clients (out of 100)
[2026-01-12 00:30:25,921][flwr][DEBUG] - fit_round 23 received 10 results and 0 failures
[2026-01-12 00:30:25,953][flwr][INFO] - fit progress: (23, 65.99780774116516, {'accuracy': 0.507}, 10.370484584011137)
[2026-01-12 00:30:25,953][flwr][INFO] - evaluate_round 23: no clients selected, cancel
[2026-01-12 00:30:25,954][flwr][DEBUG] - fit_round 24: strategy sampled 10 clients (out of 100)
[2026-01-12 00:30:26,174][flwr][DEBUG] - fit_round 24 received 10 results and 0 failures
[2026-01-12 00:30:26,207][flwr][INFO] - fit progress: (24, 66.85326117277145, {'accuracy': 0.507}, 10.624192375005805)
[2026-01-12 00:30:26,207][flwr][INFO] - evaluate_round 24: no clients selected, cancel
[2026-01-12 00:30:26,207][flwr][DEBUG] - fit_round 25: strategy sampled 10 clients (out of 100)
[2026-01-12 00:30:26,425][flwr][DEBUG] - fit_round 25 received 10 results and 0 failures
[2026-01-12 00:30:26,455][flwr][INFO] - fit progress: (25, 69.17346405982971, {'accuracy': 0.507}, 10.872929709003074)
[2026-01-12 00:30:26,456][flwr][INFO] - evaluate_round 25: no clients selected, cancel
[2026-01-12 00:30:26,456][flwr][DEBUG] - fit_round 26: strategy sampled 10 clients (out of 100)
[2026-01-12 00:30:26,661][flwr][DEBUG] - fit_round 26 received 10 results and 0 failures
[2026-01-12 00:30:26,691][flwr][INFO] - fit progress: (26, 70.57679903507233, {'accuracy': 0.507}, 11.108319125007256)
[2026-01-12 00:30:26,691][flwr][INFO] - evaluate_round 26: no clients selected, cancel
[2026-01-12 00:30:26,691][flwr][DEBUG] - fit_round 27: strategy sampled 10 clients (out of 100)
[2026-01-12 00:30:26,903][flwr][DEBUG] - fit_round 27 received 10 results and 0 failures
[2026-01-12 00:30:26,934][flwr][INFO] - fit progress: (27, 71.09598851203918, {'accuracy': 0.507}, 11.351855625005555)
[2026-01-12 00:30:26,934][flwr][INFO] - evaluate_round 27: no clients selected, cancel
[2026-01-12 00:30:26,935][flwr][DEBUG] - fit_round 28: strategy sampled 10 clients (out of 100)
[2026-01-12 00:30:27,142][flwr][DEBUG] - fit_round 28 received 10 results and 0 failures
[2026-01-12 00:30:27,182][flwr][INFO] - fit progress: (28, 67.89913207292557, {'accuracy': 0.507}, 11.599254209009814)
[2026-01-12 00:30:27,182][flwr][INFO] - evaluate_round 28: no clients selected, cancel
[2026-01-12 00:30:27,182][flwr][DEBUG] - fit_round 29: strategy sampled 10 clients (out of 100)
[2026-01-12 00:30:27,414][flwr][DEBUG] - fit_round 29 received 10 results and 0 failures
[2026-01-12 00:30:27,446][flwr][INFO] - fit progress: (29, 70.09446829557419, {'accuracy': 0.507}, 11.863866459010751)
[2026-01-12 00:30:27,447][flwr][INFO] - evaluate_round 29: no clients selected, cancel
[2026-01-12 00:30:27,447][flwr][DEBUG] - fit_round 30: strategy sampled 10 clients (out of 100)
[2026-01-12 00:30:27,663][flwr][DEBUG] - fit_round 30 received 10 results and 0 failures
[2026-01-12 00:30:27,696][flwr][INFO] - fit progress: (30, 72.33495593070984, {'accuracy': 0.507}, 12.113489417009987)
[2026-01-12 00:30:27,696][flwr][INFO] - evaluate_round 30: no clients selected, cancel
[2026-01-12 00:30:27,697][flwr][DEBUG] - fit_round 31: strategy sampled 10 clients (out of 100)
[2026-01-12 00:30:27,920][flwr][DEBUG] - fit_round 31 received 10 results and 0 failures
[2026-01-12 00:30:27,952][flwr][INFO] - fit progress: (31, 73.22307151556015, {'accuracy': 0.507}, 12.369984417004162)
[2026-01-12 00:30:27,953][flwr][INFO] - evaluate_round 31: no clients selected, cancel
[2026-01-12 00:30:27,953][flwr][DEBUG] - fit_round 32: strategy sampled 10 clients (out of 100)
[2026-01-12 00:30:28,176][flwr][DEBUG] - fit_round 32 received 10 results and 0 failures
[2026-01-12 00:30:28,207][flwr][INFO] - fit progress: (32, 81.59156888723373, {'accuracy': 0.507}, 12.624424042005558)
[2026-01-12 00:30:28,207][flwr][INFO] - evaluate_round 32: no clients selected, cancel
[2026-01-12 00:30:28,208][flwr][DEBUG] - fit_round 33: strategy sampled 10 clients (out of 100)
[2026-01-12 00:30:28,422][flwr][DEBUG] - fit_round 33 received 10 results and 0 failures
[2026-01-12 00:30:28,454][flwr][INFO] - fit progress: (33, 70.58020895719528, {'accuracy': 0.507}, 12.87115375000576)
[2026-01-12 00:30:28,454][flwr][INFO] - evaluate_round 33: no clients selected, cancel
[2026-01-12 00:30:28,454][flwr][DEBUG] - fit_round 34: strategy sampled 10 clients (out of 100)
[2026-01-12 00:30:28,656][flwr][DEBUG] - fit_round 34 received 10 results and 0 failures
[2026-01-12 00:30:28,739][flwr][INFO] - fit progress: (34, 79.01529157161713, {'accuracy': 0.507}, 13.15682166699844)
[2026-01-12 00:30:28,739][flwr][INFO] - evaluate_round 34: no clients selected, cancel
[2026-01-12 00:30:28,740][flwr][DEBUG] - fit_round 35: strategy sampled 10 clients (out of 100)
[2026-01-12 00:30:28,951][flwr][DEBUG] - fit_round 35 received 10 results and 0 failures
[2026-01-12 00:30:28,983][flwr][INFO] - fit progress: (35, 79.09537529945374, {'accuracy': 0.507}, 13.400227125006495)
[2026-01-12 00:30:28,983][flwr][INFO] - evaluate_round 35: no clients selected, cancel
[2026-01-12 00:30:28,983][flwr][DEBUG] - fit_round 36: strategy sampled 10 clients (out of 100)
[2026-01-12 00:30:29,211][flwr][DEBUG] - fit_round 36 received 10 results and 0 failures
[2026-01-12 00:30:29,245][flwr][INFO] - fit progress: (36, 82.40228080749512, {'accuracy': 0.507}, 13.662333000000217)
[2026-01-12 00:30:29,245][flwr][INFO] - evaluate_round 36: no clients selected, cancel
[2026-01-12 00:30:29,246][flwr][DEBUG] - fit_round 37: strategy sampled 10 clients (out of 100)
[2026-01-12 00:30:29,465][flwr][DEBUG] - fit_round 37 received 10 results and 0 failures
[2026-01-12 00:30:29,497][flwr][INFO] - fit progress: (37, 83.27281761169434, {'accuracy': 0.507}, 13.914564959006384)
[2026-01-12 00:30:29,497][flwr][INFO] - evaluate_round 37: no clients selected, cancel
[2026-01-12 00:30:29,498][flwr][DEBUG] - fit_round 38: strategy sampled 10 clients (out of 100)
[2026-01-12 00:30:29,724][flwr][DEBUG] - fit_round 38 received 10 results and 0 failures
[2026-01-12 00:30:29,756][flwr][INFO] - fit progress: (38, 86.81272530555725, {'accuracy': 0.507}, 14.17377145899809)
[2026-01-12 00:30:29,756][flwr][INFO] - evaluate_round 38: no clients selected, cancel
[2026-01-12 00:30:29,757][flwr][DEBUG] - fit_round 39: strategy sampled 10 clients (out of 100)
[2026-01-12 00:30:29,973][flwr][DEBUG] - fit_round 39 received 10 results and 0 failures
[2026-01-12 00:30:30,005][flwr][INFO] - fit progress: (39, 93.32732164859772, {'accuracy': 0.507}, 14.422805209003855)
[2026-01-12 00:30:30,005][flwr][INFO] - evaluate_round 39: no clients selected, cancel
[2026-01-12 00:30:30,006][flwr][DEBUG] - fit_round 40: strategy sampled 10 clients (out of 100)
[2026-01-12 00:30:30,246][flwr][DEBUG] - fit_round 40 received 10 results and 0 failures
[2026-01-12 00:30:30,279][flwr][INFO] - fit progress: (40, 91.6606616973877, {'accuracy': 0.507}, 14.697015042009298)
[2026-01-12 00:30:30,280][flwr][INFO] - evaluate_round 40: no clients selected, cancel
[2026-01-12 00:30:30,280][flwr][DEBUG] - fit_round 41: strategy sampled 10 clients (out of 100)
[2026-01-12 00:30:30,503][flwr][DEBUG] - fit_round 41 received 10 results and 0 failures
[2026-01-12 00:30:30,534][flwr][INFO] - fit progress: (41, 104.52989327907562, {'accuracy': 0.507}, 14.951628374998108)
[2026-01-12 00:30:30,534][flwr][INFO] - evaluate_round 41: no clients selected, cancel
[2026-01-12 00:30:30,535][flwr][DEBUG] - fit_round 42: strategy sampled 10 clients (out of 100)
[2026-01-12 00:30:30,738][flwr][DEBUG] - fit_round 42 received 10 results and 0 failures
[2026-01-12 00:30:30,769][flwr][INFO] - fit progress: (42, 96.72292447090149, {'accuracy': 0.507}, 15.186130625006626)
[2026-01-12 00:30:30,769][flwr][INFO] - evaluate_round 42: no clients selected, cancel
[2026-01-12 00:30:30,769][flwr][DEBUG] - fit_round 43: strategy sampled 10 clients (out of 100)
[2026-01-12 00:30:30,987][flwr][DEBUG] - fit_round 43 received 10 results and 0 failures
[2026-01-12 00:30:31,021][flwr][INFO] - fit progress: (43, 99.89493310451508, {'accuracy': 0.507}, 15.438072792007006)
[2026-01-12 00:30:31,021][flwr][INFO] - evaluate_round 43: no clients selected, cancel
[2026-01-12 00:30:31,021][flwr][DEBUG] - fit_round 44: strategy sampled 10 clients (out of 100)
[2026-01-12 00:30:31,316][flwr][DEBUG] - fit_round 44 received 10 results and 0 failures
[2026-01-12 00:30:31,354][flwr][INFO] - fit progress: (44, 109.53871166706085, {'accuracy': 0.507}, 15.7711746670102)
[2026-01-12 00:30:31,354][flwr][INFO] - evaluate_round 44: no clients selected, cancel
[2026-01-12 00:30:31,354][flwr][DEBUG] - fit_round 45: strategy sampled 10 clients (out of 100)
[2026-01-12 00:30:31,961][flwr][DEBUG] - fit_round 45 received 10 results and 0 failures
[2026-01-12 00:30:31,996][flwr][INFO] - fit progress: (45, 94.62963569164276, {'accuracy': 0.507}, 16.413128416999825)
[2026-01-12 00:30:31,996][flwr][INFO] - evaluate_round 45: no clients selected, cancel
[2026-01-12 00:30:31,996][flwr][DEBUG] - fit_round 46: strategy sampled 10 clients (out of 100)
[2026-01-12 00:30:32,257][flwr][DEBUG] - fit_round 46 received 10 results and 0 failures
[2026-01-12 00:30:32,293][flwr][INFO] - fit progress: (46, 92.31886768341064, {'accuracy': 0.507}, 16.710382750010467)
[2026-01-12 00:30:32,293][flwr][INFO] - evaluate_round 46: no clients selected, cancel
[2026-01-12 00:30:32,294][flwr][DEBUG] - fit_round 47: strategy sampled 10 clients (out of 100)
[2026-01-12 00:30:32,541][flwr][DEBUG] - fit_round 47 received 10 results and 0 failures
[2026-01-12 00:30:32,574][flwr][INFO] - fit progress: (47, 101.69611167907715, {'accuracy': 0.507}, 16.991368875009357)
[2026-01-12 00:30:32,574][flwr][INFO] - evaluate_round 47: no clients selected, cancel
[2026-01-12 00:30:32,575][flwr][DEBUG] - fit_round 48: strategy sampled 10 clients (out of 100)
[2026-01-12 00:30:32,820][flwr][DEBUG] - fit_round 48 received 10 results and 0 failures
[2026-01-12 00:30:32,852][flwr][INFO] - fit progress: (48, 93.53275632858276, {'accuracy': 0.507}, 17.269442792006885)
[2026-01-12 00:30:32,852][flwr][INFO] - evaluate_round 48: no clients selected, cancel
[2026-01-12 00:30:32,853][flwr][DEBUG] - fit_round 49: strategy sampled 10 clients (out of 100)
[2026-01-12 00:30:33,079][flwr][DEBUG] - fit_round 49 received 10 results and 0 failures
[2026-01-12 00:30:33,111][flwr][INFO] - fit progress: (49, 84.97152638435364, {'accuracy': 0.507}, 17.52878929200233)
[2026-01-12 00:30:33,111][flwr][INFO] - evaluate_round 49: no clients selected, cancel
[2026-01-12 00:30:33,112][flwr][DEBUG] - fit_round 50: strategy sampled 10 clients (out of 100)
[2026-01-12 00:30:33,327][flwr][DEBUG] - fit_round 50 received 10 results and 0 failures
[2026-01-12 00:30:33,360][flwr][INFO] - fit progress: (50, 84.53653013706207, {'accuracy': 0.507}, 17.7780125420104)
[2026-01-12 00:30:33,361][flwr][INFO] - evaluate_round 50: no clients selected, cancel
[2026-01-12 00:30:33,361][flwr][INFO] - FL finished in 17.778268042005948
[2026-01-12 00:30:33,361][flwr][INFO] - app_fit: losses_distributed []
[2026-01-12 00:30:33,361][flwr][INFO] - app_fit: metrics_distributed_fit {'c_global_norm': [(1, 14.57378537717943), (2, 32.362483904448894), (3, 24.960046440063735), (4, 16.28324712962633), (5, 32.02068111881536), (6, 25.484887102175254), (7, 26.407236376516124), (8, 19.77457448523245), (9, 18.738928228823013), (10, 19.04042155440263), (11, 6.100122872955983), (12, 16.904985121407627), (13, 20.13245796243752), (14, 8.39600355276102), (15, 11.389631852075171), (16, 12.452890684682709), (17, 7.832976879196239), (18, 4.0544600671035855), (19, 3.823712762833784), (20, 7.509468997905964), (21, 6.71919923988201), (22, 8.718932666027236), (23, 2.0947888988609646), (24, 8.404150768076494), (25, 8.842959824466657), (26, 5.675789642065241), (27, 5.767859559761054), (28, 16.191458669101362), (29, 5.454360642251991), (30, 6.571673140098962), (31, 4.383262387643295), (32, 15.922746626979887), (33, 22.15692627524384), (34, 17.697765210674696), (35, 4.789379494818767), (36, 11.357118690753984), (37, 9.86270951832962), (38, 6.7755002573468035), (39, 8.563395782239345), (40, 6.826583653965343), (41, 12.450648330751639), (42, 10.536644976460808), (43, 14.585020290850393), (44, 9.689572417561596), (45, 22.30671420000463), (46, 12.595513367077517), (47, 8.850957155781954), (48, 12.51011120976234), (49, 15.486637404422124), (50, 9.719595093490986)], 'num_clients': [(1, 10), (2, 10), (3, 10), (4, 10), (5, 10), (6, 10), (7, 10), (8, 10), (9, 10), (10, 10), (11, 10), (12, 10), (13, 10), (14, 10), (15, 10), (16, 10), (17, 10), (18, 10), (19, 10), (20, 10), (21, 10), (22, 10), (23, 10), (24, 10), (25, 10), (26, 10), (27, 10), (28, 10), (29, 10), (30, 10), (31, 10), (32, 10), (33, 10), (34, 10), (35, 10), (36, 10), (37, 10), (38, 10), (39, 10), (40, 10), (41, 10), (42, 10), (43, 10), (44, 10), (45, 10), (46, 10), (47, 10), (48, 10), (49, 10), (50, 10)]}
[2026-01-12 00:30:33,361][flwr][INFO] - app_fit: metrics_distributed {}
[2026-01-12 00:30:33,361][flwr][INFO] - app_fit: losses_centralized [(0, 71.80140054225922), (1, 66.79973447322845), (2, 76.44008207321167), (3, 67.97095084190369), (4, 71.50081527233124), (5, 65.54104787111282), (6, 68.43546783924103), (7, 65.49240291118622), (8, 66.68716299533844), (9, 65.4193189740181), (10, 67.04011750221252), (11, 66.54240816831589), (12, 69.99245953559875), (13, 65.76912212371826), (14, 66.16407173871994), (15, 66.33523392677307), (16, 65.95657444000244), (17, 65.45336335897446), (18, 65.38746267557144), (19, 65.7178965806961), (20, 65.52449244260788), (21, 65.66793721914291), (22, 65.58417546749115), (23, 65.99780774116516), (24, 66.85326117277145), (25, 69.17346405982971), (26, 70.57679903507233), (27, 71.09598851203918), (28, 67.89913207292557), (29, 70.09446829557419), (30, 72.33495593070984), (31, 73.22307151556015), (32, 81.59156888723373), (33, 70.58020895719528), (34, 79.01529157161713), (35, 79.09537529945374), (36, 82.40228080749512), (37, 83.27281761169434), (38, 86.81272530555725), (39, 93.32732164859772), (40, 91.6606616973877), (41, 104.52989327907562), (42, 96.72292447090149), (43, 99.89493310451508), (44, 109.53871166706085), (45, 94.62963569164276), (46, 92.31886768341064), (47, 101.69611167907715), (48, 93.53275632858276), (49, 84.97152638435364), (50, 84.53653013706207)]
[2026-01-12 00:30:33,362][flwr][INFO] - app_fit: metrics_centralized {'accuracy': [(0, 0.238), (1, 0.507), (2, 0.2445), (3, 0.5125), (4, 0.244), (5, 0.507), (6, 0.3465), (7, 0.507), (8, 0.507), (9, 0.507), (10, 0.507), (11, 0.507), (12, 0.2355), (13, 0.507), (14, 0.507), (15, 0.507), (16, 0.507), (17, 0.507), (18, 0.507), (19, 0.507), (20, 0.507), (21, 0.507), (22, 0.507), (23, 0.507), (24, 0.507), (25, 0.507), (26, 0.507), (27, 0.507), (28, 0.507), (29, 0.507), (30, 0.507), (31, 0.507), (32, 0.507), (33, 0.507), (34, 0.507), (35, 0.507), (36, 0.507), (37, 0.507), (38, 0.507), (39, 0.507), (40, 0.507), (41, 0.507), (42, 0.507), (43, 0.507), (44, 0.507), (45, 0.507), (46, 0.507), (47, 0.507), (48, 0.507), (49, 0.507), (50, 0.507)]}
