[2026-01-17 16:54:09,868][flwr][INFO] - Starting Flower simulation, config: ServerConfig(num_rounds=25, round_timeout=None)
[2026-01-17 16:54:15,076][flwr][INFO] - Flower VCE: Ray initialized with resources: {'memory': 11463958528.0, 'CPU': 10.0, 'object_store_memory': 2147483648.0, 'node:127.0.0.1': 1.0}
[2026-01-17 16:54:15,077][flwr][INFO] - Initializing global parameters
[2026-01-17 16:54:15,077][flwr][INFO] - Using initial parameters provided by strategy
[2026-01-17 16:54:15,077][flwr][INFO] - Evaluating initial parameters
[2026-01-17 16:54:15,793][flwr][INFO] - initial parameters (loss, other metrics): 1.4340404903996313, {'rmse': 11782.010694274555, 'mae': 9149.193359375, 'r2': 0.00890437044283554, 'mape': 79.91940307617188, 'accuracy_10': 11.735205352306366, 'accuracy_20': 21.46439254283905}
[2026-01-17 16:54:15,793][flwr][INFO] - FL starting
[2026-01-17 16:54:15,793][flwr][DEBUG] - fit_round 1: strategy sampled 7 clients (out of 12)
[2026-01-17 16:54:26,442][flwr][DEBUG] - fit_round 1 received 7 results and 0 failures
[2026-01-17 16:54:26,455][flwr][WARNING] - No fit_metrics_aggregation_fn provided
[2026-01-17 16:54:26,788][flwr][INFO] - fit progress: (1, 0.15858532809685083, {'rmse': 6173.116878854636, 'mae': 3236.416259765625, 'r2': 0.7279268279519302, 'mape': 17.14853858947754, 'accuracy_10': 36.45937740802765, 'accuracy_20': 74.62387084960938}, 10.99491016700631)
[2026-01-17 16:54:26,789][flwr][DEBUG] - evaluate_round 1: strategy sampled 6 clients (out of 12)
[2026-01-17 16:54:27,052][flwr][DEBUG] - evaluate_round 1 received 6 results and 0 failures
[2026-01-17 16:54:27,053][flwr][WARNING] - No evaluate_metrics_aggregation_fn provided
[2026-01-17 16:54:27,053][flwr][DEBUG] - fit_round 2: strategy sampled 7 clients (out of 12)
[2026-01-17 16:54:31,952][flwr][DEBUG] - fit_round 2 received 7 results and 0 failures
[2026-01-17 16:54:32,236][flwr][INFO] - fit progress: (2, 0.08824076883890923, {'rmse': 4708.575580788738, 'mae': 2166.473388671875, 'r2': 0.841709146230288, 'mape': 11.829219818115234, 'accuracy_10': 53.15948128700256, 'accuracy_20': 86.65997982025146}, 16.44229037500918)
[2026-01-17 16:54:32,236][flwr][DEBUG] - evaluate_round 2: strategy sampled 6 clients (out of 12)
[2026-01-17 16:54:32,459][flwr][DEBUG] - evaluate_round 2 received 6 results and 0 failures
[2026-01-17 16:54:32,459][flwr][DEBUG] - fit_round 3: strategy sampled 7 clients (out of 12)
[2026-01-17 16:54:37,598][flwr][DEBUG] - fit_round 3 received 7 results and 0 failures
[2026-01-17 16:54:37,886][flwr][INFO] - fit progress: (3, 0.06272991806074395, {'rmse': 4415.429763907473, 'mae': 1809.0408935546875, 'r2': 0.860805312093532, 'mape': 9.311419486999512, 'accuracy_10': 68.10431480407715, 'accuracy_20': 92.12638139724731}, 22.092592582979705)
[2026-01-17 16:54:37,886][flwr][DEBUG] - evaluate_round 3: strategy sampled 6 clients (out of 12)
[2026-01-17 16:54:38,149][flwr][DEBUG] - evaluate_round 3 received 6 results and 0 failures
[2026-01-17 16:54:38,149][flwr][DEBUG] - fit_round 4: strategy sampled 7 clients (out of 12)
[2026-01-17 16:54:43,041][flwr][DEBUG] - fit_round 4 received 7 results and 0 failures
[2026-01-17 16:54:43,312][flwr][INFO] - fit progress: (4, 0.050508959656030146, {'rmse': 4272.274335760755, 'mae': 1572.675048828125, 'r2': 0.8696848236760303, 'mape': 7.793313980102539, 'accuracy_10': 78.08425426483154, 'accuracy_20': 93.83149743080139}, 27.518788249988575)
[2026-01-17 16:54:43,313][flwr][DEBUG] - evaluate_round 4: strategy sampled 6 clients (out of 12)
[2026-01-17 16:54:43,553][flwr][DEBUG] - evaluate_round 4 received 6 results and 0 failures
[2026-01-17 16:54:43,553][flwr][DEBUG] - fit_round 5: strategy sampled 7 clients (out of 12)
[2026-01-17 16:54:48,417][flwr][DEBUG] - fit_round 5 received 7 results and 0 failures
[2026-01-17 16:54:48,671][flwr][INFO] - fit progress: (5, 0.04680312515321443, {'rmse': 4149.553951932665, 'mae': 1481.5224609375, 'r2': 0.8770638720477647, 'mape': 7.427761554718018, 'accuracy_10': 79.83951568603516, 'accuracy_20': 94.83450055122375}, 32.87767662497936)
[2026-01-17 16:54:48,671][flwr][DEBUG] - evaluate_round 5: strategy sampled 6 clients (out of 12)
[2026-01-17 16:54:48,903][flwr][DEBUG] - evaluate_round 5 received 6 results and 0 failures
[2026-01-17 16:54:48,903][flwr][DEBUG] - fit_round 6: strategy sampled 7 clients (out of 12)
[2026-01-17 16:54:53,692][flwr][DEBUG] - fit_round 6 received 7 results and 0 failures
[2026-01-17 16:54:53,972][flwr][INFO] - fit progress: (6, 0.03781823403927812, {'rmse': 3956.1294215432335, 'mae': 1324.9833984375, 'r2': 0.8882576775306877, 'mape': 6.254184246063232, 'accuracy_10': 86.55967712402344, 'accuracy_20': 96.13841772079468}, 38.17846554197604)
[2026-01-17 16:54:53,972][flwr][DEBUG] - evaluate_round 6: strategy sampled 6 clients (out of 12)
[2026-01-17 16:54:54,230][flwr][DEBUG] - evaluate_round 6 received 6 results and 0 failures
[2026-01-17 16:54:54,230][flwr][DEBUG] - fit_round 7: strategy sampled 7 clients (out of 12)
[2026-01-17 16:54:59,157][flwr][DEBUG] - fit_round 7 received 7 results and 0 failures
[2026-01-17 16:54:59,431][flwr][INFO] - fit progress: (7, 0.03730714155516121, {'rmse': 3897.6771287524575, 'mae': 1311.613037109375, 'r2': 0.8915352926006657, 'mape': 6.210852146148682, 'accuracy_10': 86.05817556381226, 'accuracy_20': 95.48646211624146}, 43.63750287500443)
[2026-01-17 16:54:59,431][flwr][DEBUG] - evaluate_round 7: strategy sampled 6 clients (out of 12)
[2026-01-17 16:54:59,619][flwr][DEBUG] - evaluate_round 7 received 6 results and 0 failures
[2026-01-17 16:54:59,619][flwr][DEBUG] - fit_round 8: strategy sampled 7 clients (out of 12)
[2026-01-17 16:55:04,442][flwr][DEBUG] - fit_round 8 received 7 results and 0 failures
[2026-01-17 16:55:04,717][flwr][INFO] - fit progress: (8, 0.03642225662599446, {'rmse': 3895.920815417069, 'mae': 1287.33447265625, 'r2': 0.8916330194536788, 'mape': 5.978445529937744, 'accuracy_10': 87.3620867729187, 'accuracy_20': 95.2858567237854}, 48.923081499990076)
[2026-01-17 16:55:04,717][flwr][DEBUG] - evaluate_round 8: strategy sampled 6 clients (out of 12)
[2026-01-17 16:55:04,814][flwr][DEBUG] - evaluate_round 8 received 6 results and 0 failures
[2026-01-17 16:55:04,814][flwr][DEBUG] - fit_round 9: strategy sampled 7 clients (out of 12)
[2026-01-17 16:55:09,473][flwr][DEBUG] - fit_round 9 received 7 results and 0 failures
[2026-01-17 16:55:09,747][flwr][INFO] - fit progress: (9, 0.033544507340986726, {'rmse': 3894.6323318125937, 'mae': 1344.234130859375, 'r2': 0.8917046921678193, 'mape': 5.855836391448975, 'accuracy_10': 85.80742478370667, 'accuracy_20': 96.03811502456665}, 53.95369012496667)
[2026-01-17 16:55:09,748][flwr][DEBUG] - evaluate_round 9: strategy sampled 6 clients (out of 12)
[2026-01-17 16:55:09,962][flwr][DEBUG] - evaluate_round 9 received 6 results and 0 failures
[2026-01-17 16:55:09,962][flwr][DEBUG] - fit_round 10: strategy sampled 7 clients (out of 12)
[2026-01-17 16:55:14,821][flwr][DEBUG] - fit_round 10 received 7 results and 0 failures
[2026-01-17 16:55:15,102][flwr][INFO] - fit progress: (10, 0.03259400164179781, {'rmse': 3965.3954405582303, 'mae': 1360.99609375, 'r2': 0.8877336175563919, 'mape': 5.691340446472168, 'accuracy_10': 86.76028251647949, 'accuracy_20': 96.08826637268066}, 59.30825145798735)
[2026-01-17 16:55:15,102][flwr][DEBUG] - evaluate_round 10: strategy sampled 6 clients (out of 12)
[2026-01-17 16:55:15,346][flwr][DEBUG] - evaluate_round 10 received 6 results and 0 failures
[2026-01-17 16:55:15,347][flwr][DEBUG] - fit_round 11: strategy sampled 7 clients (out of 12)
[2026-01-17 16:55:20,249][flwr][DEBUG] - fit_round 11 received 7 results and 0 failures
[2026-01-17 16:55:20,529][flwr][INFO] - fit progress: (11, 0.03299724120261856, {'rmse': 3871.0656155637557, 'mae': 1287.0380859375, 'r2': 0.8930113295979242, 'mape': 5.634759426116943, 'accuracy_10': 88.16449642181396, 'accuracy_20': 95.93781232833862}, 64.73559779196512)
[2026-01-17 16:55:20,529][flwr][DEBUG] - evaluate_round 11: strategy sampled 6 clients (out of 12)
[2026-01-17 16:55:20,629][flwr][DEBUG] - evaluate_round 11 received 6 results and 0 failures
[2026-01-17 16:55:20,629][flwr][DEBUG] - fit_round 12: strategy sampled 7 clients (out of 12)
[2026-01-17 16:55:25,547][flwr][DEBUG] - fit_round 12 received 7 results and 0 failures
[2026-01-17 16:55:25,828][flwr][INFO] - fit progress: (12, 0.039350552249927756, {'rmse': 4046.647748445619, 'mae': 1260.2315673828125, 'r2': 0.8830857293070447, 'mape': 5.959198474884033, 'accuracy_10': 87.6629889011383, 'accuracy_20': 94.88465189933777}, 70.03425858297851)
[2026-01-17 16:55:25,828][flwr][DEBUG] - evaluate_round 12: strategy sampled 6 clients (out of 12)
[2026-01-17 16:55:26,019][flwr][DEBUG] - evaluate_round 12 received 6 results and 0 failures
[2026-01-17 16:55:26,019][flwr][DEBUG] - fit_round 13: strategy sampled 7 clients (out of 12)
[2026-01-17 16:55:30,929][flwr][DEBUG] - fit_round 13 received 7 results and 0 failures
[2026-01-17 16:55:31,204][flwr][INFO] - fit progress: (13, 0.03175879964266821, {'rmse': 3962.356117261547, 'mae': 1364.3582763671875, 'r2': 0.8879056496695223, 'mape': 5.538669109344482, 'accuracy_10': 86.71013116836548, 'accuracy_20': 95.8375096321106}, 75.41082720796112)
[2026-01-17 16:55:31,205][flwr][DEBUG] - evaluate_round 13: strategy sampled 6 clients (out of 12)
[2026-01-17 16:55:31,437][flwr][DEBUG] - evaluate_round 13 received 6 results and 0 failures
[2026-01-17 16:55:31,437][flwr][DEBUG] - fit_round 14: strategy sampled 7 clients (out of 12)
[2026-01-17 16:55:36,065][flwr][DEBUG] - fit_round 14 received 7 results and 0 failures
[2026-01-17 16:55:36,318][flwr][INFO] - fit progress: (14, 0.03300610531696913, {'rmse': 3909.8901519096416, 'mae': 1242.1107177734375, 'r2': 0.8908545044782907, 'mape': 5.3721113204956055, 'accuracy_10': 88.61584663391113, 'accuracy_20': 95.48646211624146}, 80.5246621670085)
[2026-01-17 16:55:36,319][flwr][DEBUG] - evaluate_round 14: strategy sampled 6 clients (out of 12)
[2026-01-17 16:55:36,522][flwr][DEBUG] - evaluate_round 14 received 6 results and 0 failures
[2026-01-17 16:55:36,523][flwr][DEBUG] - fit_round 15: strategy sampled 7 clients (out of 12)
[2026-01-17 16:55:41,410][flwr][DEBUG] - fit_round 15 received 7 results and 0 failures
[2026-01-17 16:55:41,692][flwr][INFO] - fit progress: (15, 0.03202557800675825, {'rmse': 3871.9677168075664, 'mae': 1249.4520263671875, 'r2': 0.8929614578843095, 'mape': 5.332257270812988, 'accuracy_10': 87.9137396812439, 'accuracy_20': 95.38615942001343}, 85.89817345800111)
[2026-01-17 16:55:41,692][flwr][DEBUG] - evaluate_round 15: strategy sampled 6 clients (out of 12)
[2026-01-17 16:55:41,929][flwr][DEBUG] - evaluate_round 15 received 6 results and 0 failures
[2026-01-17 16:55:41,929][flwr][DEBUG] - fit_round 16: strategy sampled 7 clients (out of 12)
[2026-01-17 16:55:46,871][flwr][DEBUG] - fit_round 16 received 7 results and 0 failures
[2026-01-17 16:55:47,159][flwr][INFO] - fit progress: (16, 0.03102632431143385, {'rmse': 3914.120207658421, 'mae': 1315.4617919921875, 'r2': 0.8906182059781409, 'mape': 5.39499044418335, 'accuracy_10': 87.21163272857666, 'accuracy_20': 95.586758852005}, 91.36550362495473)
[2026-01-17 16:55:47,160][flwr][DEBUG] - evaluate_round 16: strategy sampled 6 clients (out of 12)
[2026-01-17 16:55:47,384][flwr][DEBUG] - evaluate_round 16 received 6 results and 0 failures
[2026-01-17 16:55:47,384][flwr][DEBUG] - fit_round 17: strategy sampled 7 clients (out of 12)
[2026-01-17 16:55:52,259][flwr][DEBUG] - fit_round 17 received 7 results and 0 failures
[2026-01-17 16:55:52,528][flwr][INFO] - fit progress: (17, 0.033260754219918635, {'rmse': 3936.8522959338975, 'mae': 1214.046630859375, 'r2': 0.8893440023944289, 'mape': 5.280531883239746, 'accuracy_10': 88.96690011024475, 'accuracy_20': 95.63691020011902}, 96.73445124999853)
[2026-01-17 16:55:52,530][flwr][DEBUG] - evaluate_round 17: strategy sampled 6 clients (out of 12)
[2026-01-17 16:55:52,613][flwr][DEBUG] - evaluate_round 17 received 6 results and 0 failures
[2026-01-17 16:55:52,613][flwr][DEBUG] - fit_round 18: strategy sampled 7 clients (out of 12)
[2026-01-17 16:55:57,103][flwr][DEBUG] - fit_round 18 received 7 results and 0 failures
[2026-01-17 16:55:57,363][flwr][INFO] - fit progress: (18, 0.031010272373691007, {'rmse': 3854.750705298593, 'mae': 1244.5516357421875, 'r2': 0.8939112570071187, 'mape': 5.244388580322266, 'accuracy_10': 88.36509585380554, 'accuracy_20': 95.63691020011902}, 101.56879441696219)
[2026-01-17 16:55:57,363][flwr][DEBUG] - evaluate_round 18: strategy sampled 6 clients (out of 12)
[2026-01-17 16:55:57,576][flwr][DEBUG] - evaluate_round 18 received 6 results and 0 failures
[2026-01-17 16:55:57,577][flwr][DEBUG] - fit_round 19: strategy sampled 7 clients (out of 12)
[2026-01-17 16:56:02,199][flwr][DEBUG] - fit_round 19 received 7 results and 0 failures
[2026-01-17 16:56:02,484][flwr][INFO] - fit progress: (19, 0.030974048778317578, {'rmse': 3843.8799408930554, 'mae': 1218.621337890625, 'r2': 0.8945087716138624, 'mape': 5.188172340393066, 'accuracy_10': 88.46539855003357, 'accuracy_20': 95.586758852005}, 106.69041841698345)
[2026-01-17 16:56:02,484][flwr][DEBUG] - evaluate_round 19: strategy sampled 6 clients (out of 12)
[2026-01-17 16:56:02,572][flwr][DEBUG] - evaluate_round 19 received 6 results and 0 failures
[2026-01-17 16:56:02,572][flwr][DEBUG] - fit_round 20: strategy sampled 7 clients (out of 12)
[2026-01-17 16:56:07,267][flwr][DEBUG] - fit_round 20 received 7 results and 0 failures
[2026-01-17 16:56:07,579][flwr][INFO] - fit progress: (20, 0.02987996428838764, {'rmse': 3980.456129641426, 'mae': 1342.6119384765625, 'r2': 0.8868792207264994, 'mape': 5.350830554962158, 'accuracy_10': 87.21163272857666, 'accuracy_20': 95.88766098022461}, 111.78554016700946)
[2026-01-17 16:56:07,580][flwr][DEBUG] - evaluate_round 20: strategy sampled 6 clients (out of 12)
[2026-01-17 16:56:07,799][flwr][DEBUG] - evaluate_round 20 received 6 results and 0 failures
[2026-01-17 16:56:07,799][flwr][DEBUG] - fit_round 21: strategy sampled 7 clients (out of 12)
[2026-01-17 16:56:12,298][flwr][DEBUG] - fit_round 21 received 7 results and 0 failures
[2026-01-17 16:56:12,618][flwr][INFO] - fit progress: (21, 0.03156227566051477, {'rmse': 3870.7829957258, 'mae': 1278.5220947265625, 'r2': 0.8930269562148501, 'mape': 5.47464656829834, 'accuracy_10': 88.26479315757751, 'accuracy_20': 95.73721289634705}, 116.82466283300892)
[2026-01-17 16:56:12,619][flwr][DEBUG] - evaluate_round 21: strategy sampled 6 clients (out of 12)
[2026-01-17 16:56:12,734][flwr][DEBUG] - evaluate_round 21 received 6 results and 0 failures
[2026-01-17 16:56:12,734][flwr][DEBUG] - fit_round 22: strategy sampled 7 clients (out of 12)
[2026-01-17 16:56:17,966][flwr][DEBUG] - fit_round 22 received 7 results and 0 failures
[2026-01-17 16:56:18,270][flwr][INFO] - fit progress: (22, 0.028767495078885687, {'rmse': 3845.2158587002627, 'mae': 1284.0838623046875, 'r2': 0.894435434309369, 'mape': 5.20074987411499, 'accuracy_10': 87.51253485679626, 'accuracy_20': 95.88766098022461}, 122.47636995796347)
[2026-01-17 16:56:18,271][flwr][DEBUG] - evaluate_round 22: strategy sampled 6 clients (out of 12)
[2026-01-17 16:56:18,365][flwr][DEBUG] - evaluate_round 22 received 6 results and 0 failures
[2026-01-17 16:56:18,365][flwr][DEBUG] - fit_round 23: strategy sampled 7 clients (out of 12)
[2026-01-17 16:56:23,286][flwr][DEBUG] - fit_round 23 received 7 results and 0 failures
[2026-01-17 16:56:23,574][flwr][INFO] - fit progress: (23, 0.03498590137125736, {'rmse': 4037.9701583840365, 'mae': 1171.6470947265625, 'r2': 0.8835866096773505, 'mape': 5.2722296714782715, 'accuracy_10': 89.4182562828064, 'accuracy_20': 95.08525729179382}, 127.7797082499601)
[2026-01-17 16:56:23,574][flwr][DEBUG] - evaluate_round 23: strategy sampled 6 clients (out of 12)
[2026-01-17 16:56:23,789][flwr][DEBUG] - evaluate_round 23 received 6 results and 0 failures
[2026-01-17 16:56:23,790][flwr][DEBUG] - fit_round 24: strategy sampled 7 clients (out of 12)
[2026-01-17 16:56:28,943][flwr][DEBUG] - fit_round 24 received 7 results and 0 failures
[2026-01-17 16:56:29,244][flwr][INFO] - fit progress: (24, 0.031057692628910574, {'rmse': 3923.467726386952, 'mae': 1261.6451416015625, 'r2': 0.8900951432914574, 'mape': 5.3665876388549805, 'accuracy_10': 88.06419372558594, 'accuracy_20': 95.78736424446106}, 133.44962295796722)
[2026-01-17 16:56:29,244][flwr][DEBUG] - evaluate_round 24: strategy sampled 6 clients (out of 12)
[2026-01-17 16:56:29,415][flwr][DEBUG] - evaluate_round 24 received 6 results and 0 failures
[2026-01-17 16:56:29,416][flwr][DEBUG] - fit_round 25: strategy sampled 7 clients (out of 12)
[2026-01-17 16:56:34,335][flwr][DEBUG] - fit_round 25 received 7 results and 0 failures
[2026-01-17 16:56:34,628][flwr][INFO] - fit progress: (25, 0.03102213172606354, {'rmse': 3925.6557414016834, 'mae': 1261.4813232421875, 'r2': 0.8899725282461184, 'mape': 5.304409027099609, 'accuracy_10': 87.71314024925232, 'accuracy_20': 95.53660750389099}, 138.834282041993)
[2026-01-17 16:56:34,629][flwr][DEBUG] - evaluate_round 25: strategy sampled 6 clients (out of 12)
[2026-01-17 16:56:34,915][flwr][DEBUG] - evaluate_round 25 received 6 results and 0 failures
[2026-01-17 16:56:34,915][flwr][INFO] - FL finished in 139.12128487497102
[2026-01-17 16:56:34,919][flwr][INFO] - app_fit: losses_distributed [(1, 0.16503312528701658), (2, 0.0920514308507238), (3, 0.06553524655033971), (4, 0.042451798147803), (5, 0.07710568564480282), (6, 0.05200768441355821), (7, 0.04079964895626508), (8, 0.04653812739348913), (9, 0.02980729459825148), (10, 0.026028083311123124), (11, 0.043913314629194775), (12, 0.05431782119587329), (13, 0.04090929097241886), (14, 0.01999939083314067), (15, 0.03167818656833896), (16, 0.02348234948294279), (17, 0.06984772200140009), (18, 0.05556688352649194), (19, 0.051529839563432454), (20, 0.04340349974635959), (21, 0.023574585662474227), (22, 0.03580297876442324), (23, 0.04363859960275101), (24, 0.058752910772491035), (25, 0.03433226179802861)]
[2026-01-17 16:56:34,919][flwr][INFO] - app_fit: metrics_distributed_fit {}
[2026-01-17 16:56:34,919][flwr][INFO] - app_fit: metrics_distributed {}
[2026-01-17 16:56:34,920][flwr][INFO] - app_fit: losses_centralized [(0, 1.4340404903996313), (1, 0.15858532809685083), (2, 0.08824076883890923), (3, 0.06272991806074395), (4, 0.050508959656030146), (5, 0.04680312515321443), (6, 0.03781823403927812), (7, 0.03730714155516121), (8, 0.03642225662599446), (9, 0.033544507340986726), (10, 0.03259400164179781), (11, 0.03299724120261856), (12, 0.039350552249927756), (13, 0.03175879964266821), (14, 0.03300610531696913), (15, 0.03202557800675825), (16, 0.03102632431143385), (17, 0.033260754219918635), (18, 0.031010272373691007), (19, 0.030974048778317578), (20, 0.02987996428838764), (21, 0.03156227566051477), (22, 0.028767495078885687), (23, 0.03498590137125736), (24, 0.031057692628910574), (25, 0.03102213172606354)]
[2026-01-17 16:56:34,920][flwr][INFO] - app_fit: metrics_centralized {'rmse': [(0, 11782.010694274555), (1, 6173.116878854636), (2, 4708.575580788738), (3, 4415.429763907473), (4, 4272.274335760755), (5, 4149.553951932665), (6, 3956.1294215432335), (7, 3897.6771287524575), (8, 3895.920815417069), (9, 3894.6323318125937), (10, 3965.3954405582303), (11, 3871.0656155637557), (12, 4046.647748445619), (13, 3962.356117261547), (14, 3909.8901519096416), (15, 3871.9677168075664), (16, 3914.120207658421), (17, 3936.8522959338975), (18, 3854.750705298593), (19, 3843.8799408930554), (20, 3980.456129641426), (21, 3870.7829957258), (22, 3845.2158587002627), (23, 4037.9701583840365), (24, 3923.467726386952), (25, 3925.6557414016834)], 'mae': [(0, 9149.193359375), (1, 3236.416259765625), (2, 2166.473388671875), (3, 1809.0408935546875), (4, 1572.675048828125), (5, 1481.5224609375), (6, 1324.9833984375), (7, 1311.613037109375), (8, 1287.33447265625), (9, 1344.234130859375), (10, 1360.99609375), (11, 1287.0380859375), (12, 1260.2315673828125), (13, 1364.3582763671875), (14, 1242.1107177734375), (15, 1249.4520263671875), (16, 1315.4617919921875), (17, 1214.046630859375), (18, 1244.5516357421875), (19, 1218.621337890625), (20, 1342.6119384765625), (21, 1278.5220947265625), (22, 1284.0838623046875), (23, 1171.6470947265625), (24, 1261.6451416015625), (25, 1261.4813232421875)], 'r2': [(0, 0.00890437044283554), (1, 0.7279268279519302), (2, 0.841709146230288), (3, 0.860805312093532), (4, 0.8696848236760303), (5, 0.8770638720477647), (6, 0.8882576775306877), (7, 0.8915352926006657), (8, 0.8916330194536788), (9, 0.8917046921678193), (10, 0.8877336175563919), (11, 0.8930113295979242), (12, 0.8830857293070447), (13, 0.8879056496695223), (14, 0.8908545044782907), (15, 0.8929614578843095), (16, 0.8906182059781409), (17, 0.8893440023944289), (18, 0.8939112570071187), (19, 0.8945087716138624), (20, 0.8868792207264994), (21, 0.8930269562148501), (22, 0.894435434309369), (23, 0.8835866096773505), (24, 0.8900951432914574), (25, 0.8899725282461184)], 'mape': [(0, 79.91940307617188), (1, 17.14853858947754), (2, 11.829219818115234), (3, 9.311419486999512), (4, 7.793313980102539), (5, 7.427761554718018), (6, 6.254184246063232), (7, 6.210852146148682), (8, 5.978445529937744), (9, 5.855836391448975), (10, 5.691340446472168), (11, 5.634759426116943), (12, 5.959198474884033), (13, 5.538669109344482), (14, 5.3721113204956055), (15, 5.332257270812988), (16, 5.39499044418335), (17, 5.280531883239746), (18, 5.244388580322266), (19, 5.188172340393066), (20, 5.350830554962158), (21, 5.47464656829834), (22, 5.20074987411499), (23, 5.2722296714782715), (24, 5.3665876388549805), (25, 5.304409027099609)], 'accuracy_10': [(0, 11.735205352306366), (1, 36.45937740802765), (2, 53.15948128700256), (3, 68.10431480407715), (4, 78.08425426483154), (5, 79.83951568603516), (6, 86.55967712402344), (7, 86.05817556381226), (8, 87.3620867729187), (9, 85.80742478370667), (10, 86.76028251647949), (11, 88.16449642181396), (12, 87.6629889011383), (13, 86.71013116836548), (14, 88.61584663391113), (15, 87.9137396812439), (16, 87.21163272857666), (17, 88.96690011024475), (18, 88.36509585380554), (19, 88.46539855003357), (20, 87.21163272857666), (21, 88.26479315757751), (22, 87.51253485679626), (23, 89.4182562828064), (24, 88.06419372558594), (25, 87.71314024925232)], 'accuracy_20': [(0, 21.46439254283905), (1, 74.62387084960938), (2, 86.65997982025146), (3, 92.12638139724731), (4, 93.83149743080139), (5, 94.83450055122375), (6, 96.13841772079468), (7, 95.48646211624146), (8, 95.2858567237854), (9, 96.03811502456665), (10, 96.08826637268066), (11, 95.93781232833862), (12, 94.88465189933777), (13, 95.8375096321106), (14, 95.48646211624146), (15, 95.38615942001343), (16, 95.586758852005), (17, 95.63691020011902), (18, 95.63691020011902), (19, 95.586758852005), (20, 95.88766098022461), (21, 95.73721289634705), (22, 95.88766098022461), (23, 95.08525729179382), (24, 95.78736424446106), (25, 95.53660750389099)]}
[2026-01-17 16:56:35,455][flwr][INFO] - Starting Flower simulation, config: ServerConfig(num_rounds=25, round_timeout=None)
[2026-01-17 16:56:42,756][flwr][INFO] - Flower VCE: Ray initialized with resources: {'object_store_memory': 2147483648.0, 'node:127.0.0.1': 1.0, 'memory': 12139653530.0, 'CPU': 10.0}
[2026-01-17 16:56:42,757][flwr][INFO] - Initializing global parameters
[2026-01-17 16:56:42,757][flwr][INFO] - Using initial parameters provided by strategy
[2026-01-17 16:56:42,757][flwr][INFO] - Evaluating initial parameters
[2026-01-17 16:56:43,071][flwr][INFO] - initial parameters (loss, other metrics): 1.4340404903996313, {'rmse': 11782.010694274555, 'mae': 9149.193359375, 'r2': 0.00890437044283554, 'mape': 79.91940307617188, 'accuracy_10': 11.735205352306366, 'accuracy_20': 21.46439254283905}
[2026-01-17 16:56:43,072][flwr][INFO] - FL starting
[2026-01-17 16:56:43,072][flwr][DEBUG] - fit_round 1: strategy sampled 7 clients (out of 12)
[2026-01-17 16:56:57,423][flwr][DEBUG] - fit_round 1 received 7 results and 0 failures
[2026-01-17 16:56:57,430][flwr][WARNING] - No fit_metrics_aggregation_fn provided
[2026-01-17 16:56:57,699][flwr][INFO] - fit progress: (1, 0.16930262269891252, {'rmse': 6371.369397547124, 'mae': 3319.9267578125, 'r2': 0.7101707086538049, 'mape': 17.338459014892578, 'accuracy_10': 40.521565079689026, 'accuracy_20': 74.62387084960938}, 14.627077125012875)
[2026-01-17 16:56:57,699][flwr][DEBUG] - evaluate_round 1: strategy sampled 6 clients (out of 12)
[2026-01-17 16:56:57,985][flwr][DEBUG] - evaluate_round 1 received 6 results and 0 failures
[2026-01-17 16:56:57,985][flwr][WARNING] - No evaluate_metrics_aggregation_fn provided
[2026-01-17 16:56:57,986][flwr][DEBUG] - fit_round 2: strategy sampled 7 clients (out of 12)
[2026-01-17 16:57:05,229][flwr][DEBUG] - fit_round 2 received 7 results and 0 failures
[2026-01-17 16:57:05,519][flwr][INFO] - fit progress: (2, 0.10240380978632117, {'rmse': 5051.388917911588, 'mae': 2430.386474609375, 'r2': 0.8178209987237065, 'mape': 12.90920352935791, 'accuracy_10': 50.451356172561646, 'accuracy_20': 84.85456109046936}, 22.447511999984272)
[2026-01-17 16:57:05,520][flwr][DEBUG] - evaluate_round 2: strategy sampled 6 clients (out of 12)
[2026-01-17 16:57:05,798][flwr][DEBUG] - evaluate_round 2 received 6 results and 0 failures
[2026-01-17 16:57:05,799][flwr][DEBUG] - fit_round 3: strategy sampled 7 clients (out of 12)
[2026-01-17 16:57:13,392][flwr][DEBUG] - fit_round 3 received 7 results and 0 failures
[2026-01-17 16:57:13,660][flwr][INFO] - fit progress: (3, 0.07466234316079762, {'rmse': 4544.323932115755, 'mae': 1994.195068359375, 'r2': 0.8525600167685112, 'mape': 10.566679000854492, 'accuracy_10': 61.584752798080444, 'accuracy_20': 90.92276692390442}, 30.587566834001336)
[2026-01-17 16:57:13,660][flwr][DEBUG] - evaluate_round 3: strategy sampled 6 clients (out of 12)
[2026-01-17 16:57:13,906][flwr][DEBUG] - evaluate_round 3 received 6 results and 0 failures
[2026-01-17 16:57:13,906][flwr][DEBUG] - fit_round 4: strategy sampled 7 clients (out of 12)
[2026-01-17 16:57:21,401][flwr][DEBUG] - fit_round 4 received 7 results and 0 failures
[2026-01-17 16:57:21,666][flwr][INFO] - fit progress: (4, 0.05581662522156236, {'rmse': 4390.764398142993, 'mae': 1726.7137451171875, 'r2': 0.8623560943307367, 'mape': 8.428298950195312, 'accuracy_10': 74.17251467704773, 'accuracy_20': 92.97893643379211}, 38.59378195897443)
[2026-01-17 16:57:21,666][flwr][DEBUG] - evaluate_round 4: strategy sampled 6 clients (out of 12)
[2026-01-17 16:57:21,880][flwr][DEBUG] - evaluate_round 4 received 6 results and 0 failures
[2026-01-17 16:57:21,880][flwr][DEBUG] - fit_round 5: strategy sampled 7 clients (out of 12)
[2026-01-17 16:57:29,219][flwr][DEBUG] - fit_round 5 received 7 results and 0 failures
[2026-01-17 16:57:29,511][flwr][INFO] - fit progress: (5, 0.05060163606238461, {'rmse': 4229.908982472318, 'mae': 1627.619384765625, 'r2': 0.8722565204424015, 'mape': 7.897139549255371, 'accuracy_10': 77.13139653205872, 'accuracy_20': 93.58074069023132}, 46.439177667023614)
[2026-01-17 16:57:29,512][flwr][DEBUG] - evaluate_round 5: strategy sampled 6 clients (out of 12)
[2026-01-17 16:57:29,798][flwr][DEBUG] - evaluate_round 5 received 6 results and 0 failures
[2026-01-17 16:57:29,799][flwr][DEBUG] - fit_round 6: strategy sampled 7 clients (out of 12)
[2026-01-17 16:57:37,313][flwr][DEBUG] - fit_round 6 received 7 results and 0 failures
[2026-01-17 16:57:37,572][flwr][INFO] - fit progress: (6, 0.04752690816408354, {'rmse': 4157.515604300242, 'mae': 1530.0364990234375, 'r2': 0.8765916710293111, 'mape': 7.418717384338379, 'accuracy_10': 81.24372959136963, 'accuracy_20': 94.132399559021}, 54.49977737502195)
[2026-01-17 16:57:37,572][flwr][DEBUG] - evaluate_round 6: strategy sampled 6 clients (out of 12)
[2026-01-17 16:57:37,819][flwr][DEBUG] - evaluate_round 6 received 6 results and 0 failures
[2026-01-17 16:57:37,819][flwr][DEBUG] - fit_round 7: strategy sampled 7 clients (out of 12)
[2026-01-17 16:57:45,440][flwr][DEBUG] - fit_round 7 received 7 results and 0 failures
[2026-01-17 16:57:45,704][flwr][INFO] - fit progress: (7, 0.04341027743501613, {'rmse': 4097.80795059993, 'mae': 1523.85498046875, 'r2': 0.8801108423583951, 'mape': 7.127446174621582, 'accuracy_10': 80.19056916236877, 'accuracy_20': 95.08525729179382}, 62.6315080000204)
[2026-01-17 16:57:45,704][flwr][DEBUG] - evaluate_round 7: strategy sampled 6 clients (out of 12)
[2026-01-17 16:57:45,909][flwr][DEBUG] - evaluate_round 7 received 6 results and 0 failures
[2026-01-17 16:57:45,910][flwr][DEBUG] - fit_round 8: strategy sampled 7 clients (out of 12)
[2026-01-17 16:57:53,360][flwr][DEBUG] - fit_round 8 received 7 results and 0 failures
[2026-01-17 16:57:53,616][flwr][INFO] - fit progress: (8, 0.04060621293767943, {'rmse': 4109.229124787275, 'mae': 1503.627685546875, 'r2': 0.879441611039528, 'mape': 6.755431652069092, 'accuracy_10': 81.09328150749207, 'accuracy_20': 95.48646211624146}, 70.54396229202393)
[2026-01-17 16:57:53,617][flwr][DEBUG] - evaluate_round 8: strategy sampled 6 clients (out of 12)
[2026-01-17 16:57:53,845][flwr][DEBUG] - evaluate_round 8 received 6 results and 0 failures
[2026-01-17 16:57:53,846][flwr][DEBUG] - fit_round 9: strategy sampled 7 clients (out of 12)
[2026-01-17 16:58:01,944][flwr][DEBUG] - fit_round 9 received 7 results and 0 failures
[2026-01-17 16:58:02,236][flwr][INFO] - fit progress: (9, 0.038776505781466526, {'rmse': 4001.2373086334183, 'mae': 1384.94287109375, 'r2': 0.885694971018822, 'mape': 6.360660552978516, 'accuracy_10': 84.90471243858337, 'accuracy_20': 95.53660750389099}, 79.16368958400562)
[2026-01-17 16:58:02,236][flwr][DEBUG] - evaluate_round 9: strategy sampled 6 clients (out of 12)
[2026-01-17 16:58:02,460][flwr][DEBUG] - evaluate_round 9 received 6 results and 0 failures
[2026-01-17 16:58:02,461][flwr][DEBUG] - fit_round 10: strategy sampled 7 clients (out of 12)
[2026-01-17 16:58:09,826][flwr][DEBUG] - fit_round 10 received 7 results and 0 failures
[2026-01-17 16:58:10,113][flwr][INFO] - fit progress: (10, 0.03778883792392708, {'rmse': 3983.9574545921046, 'mae': 1342.5677490234375, 'r2': 0.8866801225208897, 'mape': 6.180924415588379, 'accuracy_10': 86.60982847213745, 'accuracy_20': 95.68706154823303}, 87.04021058400394)
[2026-01-17 16:58:10,113][flwr][DEBUG] - evaluate_round 10: strategy sampled 6 clients (out of 12)
[2026-01-17 16:58:10,363][flwr][DEBUG] - evaluate_round 10 received 6 results and 0 failures
[2026-01-17 16:58:10,363][flwr][DEBUG] - fit_round 11: strategy sampled 7 clients (out of 12)
[2026-01-17 16:58:17,351][flwr][DEBUG] - fit_round 11 received 7 results and 0 failures
[2026-01-17 16:58:17,632][flwr][INFO] - fit progress: (11, 0.03574236327130254, {'rmse': 3930.1380382882226, 'mae': 1318.720458984375, 'r2': 0.8897211237718403, 'mape': 5.953667163848877, 'accuracy_10': 86.40922904014587, 'accuracy_20': 95.8375096321106}, 94.5597838339745)
[2026-01-17 16:58:17,633][flwr][DEBUG] - evaluate_round 11: strategy sampled 6 clients (out of 12)
[2026-01-17 16:58:17,875][flwr][DEBUG] - evaluate_round 11 received 6 results and 0 failures
[2026-01-17 16:58:17,875][flwr][DEBUG] - fit_round 12: strategy sampled 7 clients (out of 12)
[2026-01-17 16:58:25,350][flwr][DEBUG] - fit_round 12 received 7 results and 0 failures
[2026-01-17 16:58:25,700][flwr][INFO] - fit progress: (12, 0.03523880123639986, {'rmse': 3885.7883370044747, 'mae': 1298.3997802734375, 'r2': 0.8921959663118592, 'mape': 5.9303812980651855, 'accuracy_10': 87.16148734092712, 'accuracy_20': 95.93781232833862}, 102.62781149998773)
[2026-01-17 16:58:25,701][flwr][DEBUG] - evaluate_round 12: strategy sampled 6 clients (out of 12)
[2026-01-17 16:58:26,016][flwr][DEBUG] - evaluate_round 12 received 6 results and 0 failures
[2026-01-17 16:58:26,016][flwr][DEBUG] - fit_round 13: strategy sampled 7 clients (out of 12)
[2026-01-17 16:58:33,856][flwr][DEBUG] - fit_round 13 received 7 results and 0 failures
[2026-01-17 16:58:34,143][flwr][INFO] - fit progress: (13, 0.03847467769012079, {'rmse': 4006.409739405095, 'mae': 1300.773193359375, 'r2': 0.8853992532427687, 'mape': 6.0479350090026855, 'accuracy_10': 87.81344294548035, 'accuracy_20': 95.43631076812744}, 111.0707405420253)
[2026-01-17 16:58:34,144][flwr][DEBUG] - evaluate_round 13: strategy sampled 6 clients (out of 12)
[2026-01-17 16:58:34,370][flwr][DEBUG] - evaluate_round 13 received 6 results and 0 failures
[2026-01-17 16:58:34,370][flwr][DEBUG] - fit_round 14: strategy sampled 7 clients (out of 12)
[2026-01-17 16:58:42,146][flwr][DEBUG] - fit_round 14 received 7 results and 0 failures
[2026-01-17 16:58:42,418][flwr][INFO] - fit progress: (14, 0.03875610827484216, {'rmse': 4043.6557716996635, 'mae': 1272.57568359375, 'r2': 0.8832585533838673, 'mape': 5.941366195678711, 'accuracy_10': 88.46539855003357, 'accuracy_20': 95.68706154823303}, 119.34497408400057)
[2026-01-17 16:58:42,418][flwr][DEBUG] - evaluate_round 14: strategy sampled 6 clients (out of 12)
[2026-01-17 16:58:42,708][flwr][DEBUG] - evaluate_round 14 received 6 results and 0 failures
[2026-01-17 16:58:42,709][flwr][DEBUG] - fit_round 15: strategy sampled 7 clients (out of 12)
[2026-01-17 16:58:50,553][flwr][DEBUG] - fit_round 15 received 7 results and 0 failures
[2026-01-17 16:58:50,835][flwr][INFO] - fit progress: (15, 0.03155474290774842, {'rmse': 3811.229329232236, 'mae': 1313.8223876953125, 'r2': 0.8962932858022147, 'mape': 5.721519947052002, 'accuracy_10': 87.31193542480469, 'accuracy_20': 96.74022197723389}, 127.76286583399633)
[2026-01-17 16:58:50,836][flwr][DEBUG] - evaluate_round 15: strategy sampled 6 clients (out of 12)
[2026-01-17 16:58:51,097][flwr][DEBUG] - evaluate_round 15 received 6 results and 0 failures
[2026-01-17 16:58:51,097][flwr][DEBUG] - fit_round 16: strategy sampled 7 clients (out of 12)
[2026-01-17 16:58:58,494][flwr][DEBUG] - fit_round 16 received 7 results and 0 failures
[2026-01-17 16:58:58,764][flwr][INFO] - fit progress: (16, 0.03476595162781126, {'rmse': 3869.8795846899425, 'mae': 1231.518798828125, 'r2': 0.8930768792594447, 'mape': 5.654331207275391, 'accuracy_10': 89.01705145835876, 'accuracy_20': 95.68706154823303}, 135.69097125000553)
[2026-01-17 16:58:58,764][flwr][DEBUG] - evaluate_round 16: strategy sampled 6 clients (out of 12)
[2026-01-17 16:58:59,005][flwr][DEBUG] - evaluate_round 16 received 6 results and 0 failures
[2026-01-17 16:58:59,005][flwr][DEBUG] - fit_round 17: strategy sampled 7 clients (out of 12)
[2026-01-17 16:59:06,474][flwr][DEBUG] - fit_round 17 received 7 results and 0 failures
[2026-01-17 16:59:06,737][flwr][INFO] - fit progress: (17, 0.032447289879113404, {'rmse': 4080.287734952034, 'mae': 1442.1309814453125, 'r2': 0.8811338247927578, 'mape': 5.745510578155518, 'accuracy_10': 85.8575701713562, 'accuracy_20': 95.48646211624146}, 143.6641845839913)
[2026-01-17 16:59:06,737][flwr][DEBUG] - evaluate_round 17: strategy sampled 6 clients (out of 12)
[2026-01-17 16:59:06,954][flwr][DEBUG] - evaluate_round 17 received 6 results and 0 failures
[2026-01-17 16:59:06,955][flwr][DEBUG] - fit_round 18: strategy sampled 7 clients (out of 12)
[2026-01-17 16:59:14,420][flwr][DEBUG] - fit_round 18 received 7 results and 0 failures
[2026-01-17 16:59:14,698][flwr][INFO] - fit progress: (18, 0.029219035589796608, {'rmse': 3825.802660880459, 'mae': 1295.59228515625, 'r2': 0.8954986602320888, 'mape': 5.357201099395752, 'accuracy_10': 87.56268620491028, 'accuracy_20': 96.53961658477783}, 151.62530337501084)
[2026-01-17 16:59:14,699][flwr][DEBUG] - evaluate_round 18: strategy sampled 6 clients (out of 12)
[2026-01-17 16:59:14,797][flwr][DEBUG] - evaluate_round 18 received 6 results and 0 failures
[2026-01-17 16:59:14,798][flwr][DEBUG] - fit_round 19: strategy sampled 7 clients (out of 12)
[2026-01-17 16:59:22,105][flwr][DEBUG] - fit_round 19 received 7 results and 0 failures
[2026-01-17 16:59:22,384][flwr][INFO] - fit progress: (19, 0.03400669476286384, {'rmse': 3839.802078232679, 'mae': 1173.733154296875, 'r2': 0.8947324793579063, 'mape': 5.370819091796875, 'accuracy_10': 89.06720280647278, 'accuracy_20': 95.68706154823303}, 159.3116822920274)
[2026-01-17 16:59:22,385][flwr][DEBUG] - evaluate_round 19: strategy sampled 6 clients (out of 12)
[2026-01-17 16:59:22,630][flwr][DEBUG] - evaluate_round 19 received 6 results and 0 failures
[2026-01-17 16:59:22,630][flwr][DEBUG] - fit_round 20: strategy sampled 7 clients (out of 12)
[2026-01-17 16:59:30,262][flwr][DEBUG] - fit_round 20 received 7 results and 0 failures
[2026-01-17 16:59:30,552][flwr][INFO] - fit progress: (20, 0.03002643068633981, {'rmse': 3803.5865968845774, 'mae': 1341.483154296875, 'r2': 0.8967087954197044, 'mape': 5.5496978759765625, 'accuracy_10': 86.96088194847107, 'accuracy_20': 96.53961658477783}, 167.47933962498792)
[2026-01-17 16:59:30,554][flwr][DEBUG] - evaluate_round 20: strategy sampled 6 clients (out of 12)
[2026-01-17 16:59:30,699][flwr][DEBUG] - evaluate_round 20 received 6 results and 0 failures
[2026-01-17 16:59:30,699][flwr][DEBUG] - fit_round 21: strategy sampled 7 clients (out of 12)
[2026-01-17 16:59:37,973][flwr][DEBUG] - fit_round 21 received 7 results and 0 failures
[2026-01-17 16:59:38,229][flwr][INFO] - fit progress: (21, 0.027770509730385563, {'rmse': 3756.2723543427996, 'mae': 1262.3394775390625, 'r2': 0.8992625703410418, 'mape': 5.180303573608398, 'accuracy_10': 88.5155439376831, 'accuracy_20': 96.58976793289185}, 175.15583312499803)
[2026-01-17 16:59:38,229][flwr][DEBUG] - evaluate_round 21: strategy sampled 6 clients (out of 12)
[2026-01-17 16:59:38,334][flwr][DEBUG] - evaluate_round 21 received 6 results and 0 failures
[2026-01-17 16:59:38,334][flwr][DEBUG] - fit_round 22: strategy sampled 7 clients (out of 12)
[2026-01-17 16:59:45,382][flwr][DEBUG] - fit_round 22 received 7 results and 0 failures
[2026-01-17 16:59:45,659][flwr][INFO] - fit progress: (22, 0.027774640184303104, {'rmse': 3801.852706247311, 'mae': 1293.7713623046875, 'r2': 0.8968029511031057, 'mape': 5.236323356628418, 'accuracy_10': 88.06419372558594, 'accuracy_20': 96.53961658477783}, 182.5863159589935)
[2026-01-17 16:59:45,660][flwr][DEBUG] - evaluate_round 22: strategy sampled 6 clients (out of 12)
[2026-01-17 16:59:45,771][flwr][DEBUG] - evaluate_round 22 received 6 results and 0 failures
[2026-01-17 16:59:45,771][flwr][DEBUG] - fit_round 23: strategy sampled 7 clients (out of 12)
[2026-01-17 16:59:52,687][flwr][DEBUG] - fit_round 23 received 7 results and 0 failures
[2026-01-17 16:59:52,957][flwr][INFO] - fit progress: (23, 0.027847820528621302, {'rmse': 3789.594305463317, 'mae': 1298.7685546875, 'r2': 0.8974673573098484, 'mape': 5.23300313949585, 'accuracy_10': 87.86358833312988, 'accuracy_20': 96.53961658477783}, 189.8842613340239)
[2026-01-17 16:59:52,958][flwr][DEBUG] - evaluate_round 23: strategy sampled 6 clients (out of 12)
[2026-01-17 16:59:53,051][flwr][DEBUG] - evaluate_round 23 received 6 results and 0 failures
[2026-01-17 16:59:53,051][flwr][DEBUG] - fit_round 24: strategy sampled 7 clients (out of 12)
[2026-01-17 17:00:00,775][flwr][DEBUG] - fit_round 24 received 7 results and 0 failures
[2026-01-17 17:00:01,061][flwr][INFO] - fit progress: (24, 0.029444604163004855, {'rmse': 3912.8434673520997, 'mae': 1388.40087890625, 'r2': 0.8906895560404068, 'mape': 5.490948677062988, 'accuracy_10': 86.8104338645935, 'accuracy_20': 96.03811502456665}, 197.98768783401465)
[2026-01-17 17:00:01,061][flwr][DEBUG] - evaluate_round 24: strategy sampled 6 clients (out of 12)
[2026-01-17 17:00:01,319][flwr][DEBUG] - evaluate_round 24 received 6 results and 0 failures
[2026-01-17 17:00:01,320][flwr][DEBUG] - fit_round 25: strategy sampled 7 clients (out of 12)
[2026-01-17 17:00:08,951][flwr][DEBUG] - fit_round 25 received 7 results and 0 failures
[2026-01-17 17:00:09,213][flwr][INFO] - fit progress: (25, 0.026899887434764576, {'rmse': 3603.058284291277, 'mae': 1157.84423828125, 'r2': 0.9073129032708452, 'mape': 4.986693859100342, 'accuracy_10': 89.76930975914001, 'accuracy_20': 96.63991928100586}, 206.1398946249974)
[2026-01-17 17:00:09,214][flwr][DEBUG] - evaluate_round 25: strategy sampled 6 clients (out of 12)
[2026-01-17 17:00:09,313][flwr][DEBUG] - evaluate_round 25 received 6 results and 0 failures
[2026-01-17 17:00:09,314][flwr][INFO] - FL finished in 206.24048987502465
[2026-01-17 17:00:09,314][flwr][INFO] - app_fit: losses_distributed [(1, 0.190285271904466), (2, 0.11995002422303626), (3, 0.058787465604925246), (4, 0.05646350059268337), (5, 0.03223190963263032), (6, 0.0439876209019159), (7, 0.04312209202726509), (8, 0.04569297421627649), (9, 0.02098017518132522), (10, 0.03303356666722774), (11, 0.05775845648127784), (12, 0.0186156064442732), (13, 0.049404429524292935), (14, 0.07151581538257314), (15, 0.04117810949294363), (16, 0.02567178312500945), (17, 0.03433081348055805), (18, 0.029126998672323403), (19, 0.08638353797678765), (20, 0.033464297913807506), (21, 0.035712861150768674), (22, 0.041656438266457346), (23, 0.035278090828182236), (24, 0.03769233150878826), (25, 0.010779272465150194)]
[2026-01-17 17:00:09,314][flwr][INFO] - app_fit: metrics_distributed_fit {}
[2026-01-17 17:00:09,314][flwr][INFO] - app_fit: metrics_distributed {}
[2026-01-17 17:00:09,314][flwr][INFO] - app_fit: losses_centralized [(0, 1.4340404903996313), (1, 0.16930262269891252), (2, 0.10240380978632117), (3, 0.07466234316079762), (4, 0.05581662522156236), (5, 0.05060163606238461), (6, 0.04752690816408354), (7, 0.04341027743501613), (8, 0.04060621293767943), (9, 0.038776505781466526), (10, 0.03778883792392708), (11, 0.03574236327130254), (12, 0.03523880123639986), (13, 0.03847467769012079), (14, 0.03875610827484216), (15, 0.03155474290774842), (16, 0.03476595162781126), (17, 0.032447289879113404), (18, 0.029219035589796608), (19, 0.03400669476286384), (20, 0.03002643068633981), (21, 0.027770509730385563), (22, 0.027774640184303104), (23, 0.027847820528621302), (24, 0.029444604163004855), (25, 0.026899887434764576)]
[2026-01-17 17:00:09,314][flwr][INFO] - app_fit: metrics_centralized {'rmse': [(0, 11782.010694274555), (1, 6371.369397547124), (2, 5051.388917911588), (3, 4544.323932115755), (4, 4390.764398142993), (5, 4229.908982472318), (6, 4157.515604300242), (7, 4097.80795059993), (8, 4109.229124787275), (9, 4001.2373086334183), (10, 3983.9574545921046), (11, 3930.1380382882226), (12, 3885.7883370044747), (13, 4006.409739405095), (14, 4043.6557716996635), (15, 3811.229329232236), (16, 3869.8795846899425), (17, 4080.287734952034), (18, 3825.802660880459), (19, 3839.802078232679), (20, 3803.5865968845774), (21, 3756.2723543427996), (22, 3801.852706247311), (23, 3789.594305463317), (24, 3912.8434673520997), (25, 3603.058284291277)], 'mae': [(0, 9149.193359375), (1, 3319.9267578125), (2, 2430.386474609375), (3, 1994.195068359375), (4, 1726.7137451171875), (5, 1627.619384765625), (6, 1530.0364990234375), (7, 1523.85498046875), (8, 1503.627685546875), (9, 1384.94287109375), (10, 1342.5677490234375), (11, 1318.720458984375), (12, 1298.3997802734375), (13, 1300.773193359375), (14, 1272.57568359375), (15, 1313.8223876953125), (16, 1231.518798828125), (17, 1442.1309814453125), (18, 1295.59228515625), (19, 1173.733154296875), (20, 1341.483154296875), (21, 1262.3394775390625), (22, 1293.7713623046875), (23, 1298.7685546875), (24, 1388.40087890625), (25, 1157.84423828125)], 'r2': [(0, 0.00890437044283554), (1, 0.7101707086538049), (2, 0.8178209987237065), (3, 0.8525600167685112), (4, 0.8623560943307367), (5, 0.8722565204424015), (6, 0.8765916710293111), (7, 0.8801108423583951), (8, 0.879441611039528), (9, 0.885694971018822), (10, 0.8866801225208897), (11, 0.8897211237718403), (12, 0.8921959663118592), (13, 0.8853992532427687), (14, 0.8832585533838673), (15, 0.8962932858022147), (16, 0.8930768792594447), (17, 0.8811338247927578), (18, 0.8954986602320888), (19, 0.8947324793579063), (20, 0.8967087954197044), (21, 0.8992625703410418), (22, 0.8968029511031057), (23, 0.8974673573098484), (24, 0.8906895560404068), (25, 0.9073129032708452)], 'mape': [(0, 79.91940307617188), (1, 17.338459014892578), (2, 12.90920352935791), (3, 10.566679000854492), (4, 8.428298950195312), (5, 7.897139549255371), (6, 7.418717384338379), (7, 7.127446174621582), (8, 6.755431652069092), (9, 6.360660552978516), (10, 6.180924415588379), (11, 5.953667163848877), (12, 5.9303812980651855), (13, 6.0479350090026855), (14, 5.941366195678711), (15, 5.721519947052002), (16, 5.654331207275391), (17, 5.745510578155518), (18, 5.357201099395752), (19, 5.370819091796875), (20, 5.5496978759765625), (21, 5.180303573608398), (22, 5.236323356628418), (23, 5.23300313949585), (24, 5.490948677062988), (25, 4.986693859100342)], 'accuracy_10': [(0, 11.735205352306366), (1, 40.521565079689026), (2, 50.451356172561646), (3, 61.584752798080444), (4, 74.17251467704773), (5, 77.13139653205872), (6, 81.24372959136963), (7, 80.19056916236877), (8, 81.09328150749207), (9, 84.90471243858337), (10, 86.60982847213745), (11, 86.40922904014587), (12, 87.16148734092712), (13, 87.81344294548035), (14, 88.46539855003357), (15, 87.31193542480469), (16, 89.01705145835876), (17, 85.8575701713562), (18, 87.56268620491028), (19, 89.06720280647278), (20, 86.96088194847107), (21, 88.5155439376831), (22, 88.06419372558594), (23, 87.86358833312988), (24, 86.8104338645935), (25, 89.76930975914001)], 'accuracy_20': [(0, 21.46439254283905), (1, 74.62387084960938), (2, 84.85456109046936), (3, 90.92276692390442), (4, 92.97893643379211), (5, 93.58074069023132), (6, 94.132399559021), (7, 95.08525729179382), (8, 95.48646211624146), (9, 95.53660750389099), (10, 95.68706154823303), (11, 95.8375096321106), (12, 95.93781232833862), (13, 95.43631076812744), (14, 95.68706154823303), (15, 96.74022197723389), (16, 95.68706154823303), (17, 95.48646211624146), (18, 96.53961658477783), (19, 95.68706154823303), (20, 96.53961658477783), (21, 96.58976793289185), (22, 96.53961658477783), (23, 96.53961658477783), (24, 96.03811502456665), (25, 96.63991928100586)]}
[2026-01-17 17:00:09,914][flwr][INFO] - Starting Flower simulation, config: ServerConfig(num_rounds=25, round_timeout=None)
[2026-01-17 17:00:18,116][flwr][INFO] - Flower VCE: Ray initialized with resources: {'object_store_memory': 2147483648.0, 'node:127.0.0.1': 1.0, 'CPU': 10.0, 'memory': 12371023053.0}
[2026-01-17 17:00:18,117][flwr][INFO] - Initializing global parameters
[2026-01-17 17:00:18,117][flwr][INFO] - Using initial parameters provided by strategy
[2026-01-17 17:00:18,117][flwr][INFO] - Evaluating initial parameters
[2026-01-17 17:00:18,354][flwr][INFO] - initial parameters (loss, other metrics): 1.4340404903996313, {'rmse': 11782.010694274555, 'mae': 9149.193359375, 'r2': 0.00890437044283554, 'mape': 79.91940307617188, 'accuracy_10': 11.735205352306366, 'accuracy_20': 21.46439254283905}
[2026-01-17 17:00:18,354][flwr][INFO] - FL starting
[2026-01-17 17:00:18,354][flwr][DEBUG] - fit_round 1: strategy sampled 7 clients (out of 12)
[2026-01-17 17:00:30,248][flwr][DEBUG] - fit_round 1 received 7 results and 0 failures
[2026-01-17 17:00:30,254][flwr][WARNING] - No fit_metrics_aggregation_fn provided
[2026-01-17 17:00:30,516][flwr][INFO] - fit progress: (1, 0.17915293155097914, {'rmse': 6692.708569779503, 'mae': 3521.8818359375, 'r2': 0.6801984614081373, 'mape': 18.436748504638672, 'accuracy_10': 33.801403641700745, 'accuracy_20': 72.6178526878357}, 12.162141708016861)
[2026-01-17 17:00:30,517][flwr][DEBUG] - evaluate_round 1: strategy sampled 6 clients (out of 12)
[2026-01-17 17:00:30,744][flwr][DEBUG] - evaluate_round 1 received 6 results and 0 failures
[2026-01-17 17:00:30,744][flwr][WARNING] - No evaluate_metrics_aggregation_fn provided
[2026-01-17 17:00:30,744][flwr][DEBUG] - fit_round 2: strategy sampled 7 clients (out of 12)
[2026-01-17 17:00:36,101][flwr][DEBUG] - fit_round 2 received 7 results and 0 failures
[2026-01-17 17:00:36,360][flwr][INFO] - fit progress: (2, 0.09629994690223946, {'rmse': 5107.322977842698, 'mae': 2316.0341796875, 'r2': 0.8137641207126312, 'mape': 12.417011260986328, 'accuracy_10': 54.663991928100586, 'accuracy_20': 87.61283755302429}, 18.005333749984857)
[2026-01-17 17:00:36,360][flwr][DEBUG] - evaluate_round 2: strategy sampled 6 clients (out of 12)
[2026-01-17 17:00:36,572][flwr][DEBUG] - evaluate_round 2 received 6 results and 0 failures
[2026-01-17 17:00:36,573][flwr][DEBUG] - fit_round 3: strategy sampled 7 clients (out of 12)
[2026-01-17 17:00:41,897][flwr][DEBUG] - fit_round 3 received 7 results and 0 failures
[2026-01-17 17:00:42,157][flwr][INFO] - fit progress: (3, 0.05956006090090411, {'rmse': 4489.9587971383435, 'mae': 1700.8941650390625, 'r2': 0.8560666560054666, 'mape': 8.717385292053223, 'accuracy_10': 73.42026233673096, 'accuracy_20': 93.68104338645935}, 23.802379583008587)
[2026-01-17 17:00:42,157][flwr][DEBUG] - evaluate_round 3: strategy sampled 6 clients (out of 12)
[2026-01-17 17:00:42,372][flwr][DEBUG] - evaluate_round 3 received 6 results and 0 failures
[2026-01-17 17:00:42,372][flwr][DEBUG] - fit_round 4: strategy sampled 7 clients (out of 12)
[2026-01-17 17:00:47,641][flwr][DEBUG] - fit_round 4 received 7 results and 0 failures
[2026-01-17 17:00:47,902][flwr][INFO] - fit progress: (4, 0.04454515700638593, {'rmse': 4209.1222362863255, 'mae': 1552.57470703125, 'r2': 0.8735089523575762, 'mape': 7.295232772827148, 'accuracy_10': 80.04012107849121, 'accuracy_20': 95.586758852005}, 29.54768229101319)
[2026-01-17 17:00:47,902][flwr][DEBUG] - evaluate_round 4: strategy sampled 6 clients (out of 12)
[2026-01-17 17:00:48,104][flwr][DEBUG] - evaluate_round 4 received 6 results and 0 failures
[2026-01-17 17:00:48,104][flwr][DEBUG] - fit_round 5: strategy sampled 7 clients (out of 12)
[2026-01-17 17:00:53,329][flwr][DEBUG] - fit_round 5 received 7 results and 0 failures
[2026-01-17 17:00:53,582][flwr][INFO] - fit progress: (5, 0.03819526559341636, {'rmse': 4029.0512530867613, 'mae': 1416.6724853515625, 'r2': 0.8841003007936767, 'mape': 6.461413383483887, 'accuracy_10': 84.55365896224976, 'accuracy_20': 96.03811502456665}, 35.22774812503485)
[2026-01-17 17:00:53,582][flwr][DEBUG] - evaluate_round 5: strategy sampled 6 clients (out of 12)
[2026-01-17 17:00:53,751][flwr][DEBUG] - evaluate_round 5 received 6 results and 0 failures
[2026-01-17 17:00:53,752][flwr][DEBUG] - fit_round 6: strategy sampled 7 clients (out of 12)
[2026-01-17 17:00:58,697][flwr][DEBUG] - fit_round 6 received 7 results and 0 failures
[2026-01-17 17:00:58,961][flwr][INFO] - fit progress: (6, 0.036273984798980335, {'rmse': 3975.4043819465714, 'mae': 1367.3177490234375, 'r2': 0.8871661682379617, 'mape': 6.137453556060791, 'accuracy_10': 85.65697073936462, 'accuracy_20': 96.03811502456665}, 40.60632700001588)
[2026-01-17 17:00:58,961][flwr][DEBUG] - evaluate_round 6: strategy sampled 6 clients (out of 12)
[2026-01-17 17:00:59,136][flwr][DEBUG] - evaluate_round 6 received 6 results and 0 failures
[2026-01-17 17:00:59,137][flwr][DEBUG] - fit_round 7: strategy sampled 7 clients (out of 12)
[2026-01-17 17:01:04,498][flwr][DEBUG] - fit_round 7 received 7 results and 0 failures
[2026-01-17 17:01:04,757][flwr][INFO] - fit progress: (7, 0.044204430483700104, {'rmse': 4299.341112310118, 'mae': 1343.1806640625, 'r2': 0.8680283876158936, 'mape': 6.332470417022705, 'accuracy_10': 87.26178407669067, 'accuracy_20': 94.83450055122375}, 46.402081415988505)
[2026-01-17 17:01:04,757][flwr][DEBUG] - evaluate_round 7: strategy sampled 6 clients (out of 12)
[2026-01-17 17:01:04,949][flwr][DEBUG] - evaluate_round 7 received 6 results and 0 failures
[2026-01-17 17:01:04,949][flwr][DEBUG] - fit_round 8: strategy sampled 7 clients (out of 12)
[2026-01-17 17:01:09,824][flwr][DEBUG] - fit_round 8 received 7 results and 0 failures
[2026-01-17 17:01:10,097][flwr][INFO] - fit progress: (8, 0.0340265302452723, {'rmse': 4108.665476769799, 'mae': 1414.3775634765625, 'r2': 0.8794746828566729, 'mape': 5.758876323699951, 'accuracy_10': 85.70712208747864, 'accuracy_20': 95.8375096321106}, 51.742925750033464)
[2026-01-17 17:01:10,098][flwr][DEBUG] - evaluate_round 8: strategy sampled 6 clients (out of 12)
[2026-01-17 17:01:10,319][flwr][DEBUG] - evaluate_round 8 received 6 results and 0 failures
[2026-01-17 17:01:10,319][flwr][DEBUG] - fit_round 9: strategy sampled 7 clients (out of 12)
[2026-01-17 17:01:15,561][flwr][DEBUG] - fit_round 9 received 7 results and 0 failures
[2026-01-17 17:01:15,829][flwr][INFO] - fit progress: (9, 0.03477674249163572, {'rmse': 3965.994831060676, 'mae': 1284.5318603515625, 'r2': 0.8876996804455834, 'mape': 5.613458156585693, 'accuracy_10': 88.31494450569153, 'accuracy_20': 95.8375096321106}, 57.474917832994834)
[2026-01-17 17:01:15,830][flwr][DEBUG] - evaluate_round 9: strategy sampled 6 clients (out of 12)
[2026-01-17 17:01:16,038][flwr][DEBUG] - evaluate_round 9 received 6 results and 0 failures
[2026-01-17 17:01:16,038][flwr][DEBUG] - fit_round 10: strategy sampled 7 clients (out of 12)
[2026-01-17 17:01:19,353][flwr][DEBUG] - fit_round 10 received 7 results and 0 failures
[2026-01-17 17:01:19,607][flwr][INFO] - fit progress: (10, 0.03327981465371884, {'rmse': 4143.809599873044, 'mae': 1443.1029052734375, 'r2': 0.8774039984545562, 'mape': 5.689091682434082, 'accuracy_10': 85.305917263031, 'accuracy_20': 95.53660750389099}, 61.25221791601507)
[2026-01-17 17:01:19,607][flwr][DEBUG] - evaluate_round 10: strategy sampled 6 clients (out of 12)
[2026-01-17 17:01:19,772][flwr][DEBUG] - evaluate_round 10 received 6 results and 0 failures
[2026-01-17 17:01:19,773][flwr][DEBUG] - fit_round 11: strategy sampled 7 clients (out of 12)
[2026-01-17 17:01:25,078][flwr][DEBUG] - fit_round 11 received 7 results and 0 failures
[2026-01-17 17:01:25,330][flwr][INFO] - fit progress: (11, 0.03686355194964314, {'rmse': 4073.026024959821, 'mae': 1216.1322021484375, 'r2': 0.8815565427464456, 'mape': 5.461521625518799, 'accuracy_10': 89.61885571479797, 'accuracy_20': 95.23570537567139}, 66.97493970801588)
[2026-01-17 17:01:25,330][flwr][DEBUG] - evaluate_round 11: strategy sampled 6 clients (out of 12)
[2026-01-17 17:01:25,615][flwr][DEBUG] - evaluate_round 11 received 6 results and 0 failures
[2026-01-17 17:01:25,615][flwr][DEBUG] - fit_round 12: strategy sampled 7 clients (out of 12)
[2026-01-17 17:01:30,952][flwr][DEBUG] - fit_round 12 received 7 results and 0 failures
[2026-01-17 17:01:31,227][flwr][INFO] - fit progress: (12, 0.03110848064370894, {'rmse': 3968.160783032865, 'mae': 1320.3885498046875, 'r2': 0.8875769847372758, 'mape': 5.324365139007568, 'accuracy_10': 87.16148734092712, 'accuracy_20': 96.08826637268066}, 72.87204366602236)
[2026-01-17 17:01:31,227][flwr][DEBUG] - evaluate_round 12: strategy sampled 6 clients (out of 12)
[2026-01-17 17:01:31,409][flwr][DEBUG] - evaluate_round 12 received 6 results and 0 failures
[2026-01-17 17:01:31,410][flwr][DEBUG] - fit_round 13: strategy sampled 7 clients (out of 12)
[2026-01-17 17:01:36,678][flwr][DEBUG] - fit_round 13 received 7 results and 0 failures
[2026-01-17 17:01:36,969][flwr][INFO] - fit progress: (13, 0.03829965788176061, {'rmse': 4094.2724628436736, 'mae': 1223.6177978515625, 'r2': 0.8803176255450177, 'mape': 5.556642055511475, 'accuracy_10': 89.01705145835876, 'accuracy_20': 94.63390111923218}, 78.61446958302986)
[2026-01-17 17:01:36,969][flwr][DEBUG] - evaluate_round 13: strategy sampled 6 clients (out of 12)
[2026-01-17 17:01:37,206][flwr][DEBUG] - evaluate_round 13 received 6 results and 0 failures
[2026-01-17 17:01:37,206][flwr][DEBUG] - fit_round 14: strategy sampled 7 clients (out of 12)
[2026-01-17 17:01:42,191][flwr][DEBUG] - fit_round 14 received 7 results and 0 failures
[2026-01-17 17:01:42,453][flwr][INFO] - fit progress: (14, 0.03264368546112191, {'rmse': 3908.7609289901575, 'mae': 1240.910400390625, 'r2': 0.8909175389217889, 'mape': 5.302254676818848, 'accuracy_10': 88.56569528579712, 'accuracy_20': 95.586758852005}, 84.09785925003234)
[2026-01-17 17:01:42,453][flwr][DEBUG] - evaluate_round 14: strategy sampled 6 clients (out of 12)
[2026-01-17 17:01:42,675][flwr][DEBUG] - evaluate_round 14 received 6 results and 0 failures
[2026-01-17 17:01:42,675][flwr][DEBUG] - fit_round 15: strategy sampled 7 clients (out of 12)
[2026-01-17 17:01:47,581][flwr][DEBUG] - fit_round 15 received 7 results and 0 failures
[2026-01-17 17:01:47,843][flwr][INFO] - fit progress: (15, 0.03065258710866527, {'rmse': 3977.906610266259, 'mae': 1356.04736328125, 'r2': 0.8870240840851904, 'mape': 5.361591339111328, 'accuracy_10': 86.86057925224304, 'accuracy_20': 96.23871445655823}, 89.48825466603739)
[2026-01-17 17:01:47,844][flwr][DEBUG] - evaluate_round 15: strategy sampled 6 clients (out of 12)
[2026-01-17 17:01:47,934][flwr][DEBUG] - evaluate_round 15 received 6 results and 0 failures
[2026-01-17 17:01:47,934][flwr][DEBUG] - fit_round 16: strategy sampled 7 clients (out of 12)
[2026-01-17 17:01:53,055][flwr][DEBUG] - fit_round 16 received 7 results and 0 failures
[2026-01-17 17:01:53,327][flwr][INFO] - fit progress: (16, 0.03093891848091675, {'rmse': 4069.662025279249, 'mae': 1394.219482421875, 'r2': 0.8817521064474292, 'mape': 5.415497303009033, 'accuracy_10': 86.05817556381226, 'accuracy_20': 95.73721289634705}, 94.97208700003102)
[2026-01-17 17:01:53,327][flwr][DEBUG] - evaluate_round 16: strategy sampled 6 clients (out of 12)
[2026-01-17 17:01:53,538][flwr][DEBUG] - evaluate_round 16 received 6 results and 0 failures
[2026-01-17 17:01:53,538][flwr][DEBUG] - fit_round 17: strategy sampled 7 clients (out of 12)
[2026-01-17 17:01:58,862][flwr][DEBUG] - fit_round 17 received 7 results and 0 failures
[2026-01-17 17:01:59,141][flwr][INFO] - fit progress: (17, 0.029976620020320567, {'rmse': 3943.4689044038373, 'mae': 1309.32861328125, 'r2': 0.8889717354611305, 'mape': 5.260221004486084, 'accuracy_10': 87.3620867729187, 'accuracy_20': 96.08826637268066}, 100.78621283301618)
[2026-01-17 17:01:59,141][flwr][DEBUG] - evaluate_round 17: strategy sampled 6 clients (out of 12)
[2026-01-17 17:01:59,241][flwr][DEBUG] - evaluate_round 17 received 6 results and 0 failures
[2026-01-17 17:01:59,241][flwr][DEBUG] - fit_round 18: strategy sampled 7 clients (out of 12)
[2026-01-17 17:02:04,302][flwr][DEBUG] - fit_round 18 received 7 results and 0 failures
[2026-01-17 17:02:04,620][flwr][INFO] - fit progress: (18, 0.03166366706498588, {'rmse': 3913.977644289758, 'mae': 1261.74658203125, 'r2': 0.8906261769460425, 'mape': 5.367162227630615, 'accuracy_10': 88.16449642181396, 'accuracy_20': 95.8375096321106}, 106.26522970799124)
[2026-01-17 17:02:04,620][flwr][DEBUG] - evaluate_round 18: strategy sampled 6 clients (out of 12)
[2026-01-17 17:02:04,854][flwr][DEBUG] - evaluate_round 18 received 6 results and 0 failures
[2026-01-17 17:02:04,855][flwr][DEBUG] - fit_round 19: strategy sampled 7 clients (out of 12)
[2026-01-17 17:02:10,381][flwr][DEBUG] - fit_round 19 received 7 results and 0 failures
[2026-01-17 17:02:10,673][flwr][INFO] - fit progress: (19, 0.035052769936045766, {'rmse': 4472.967471377363, 'mae': 1579.4942626953125, 'r2': 0.8571539634908258, 'mape': 5.76149845123291, 'accuracy_10': 84.05215740203857, 'accuracy_20': 94.63390111923218}, 112.31836458301404)
[2026-01-17 17:02:10,674][flwr][DEBUG] - evaluate_round 19: strategy sampled 6 clients (out of 12)
[2026-01-17 17:02:10,790][flwr][DEBUG] - evaluate_round 19 received 6 results and 0 failures
[2026-01-17 17:02:10,790][flwr][DEBUG] - fit_round 20: strategy sampled 7 clients (out of 12)
[2026-01-17 17:02:15,745][flwr][DEBUG] - fit_round 20 received 7 results and 0 failures
[2026-01-17 17:02:16,025][flwr][INFO] - fit progress: (20, 0.030886740444289705, {'rmse': 3841.441135823898, 'mae': 1223.9459228515625, 'r2': 0.8946425914788461, 'mape': 5.276431083679199, 'accuracy_10': 88.91674876213074, 'accuracy_20': 95.78736424446106}, 117.66978458303493)
[2026-01-17 17:02:16,025][flwr][DEBUG] - evaluate_round 20: strategy sampled 6 clients (out of 12)
[2026-01-17 17:02:16,220][flwr][DEBUG] - evaluate_round 20 received 6 results and 0 failures
[2026-01-17 17:02:16,221][flwr][DEBUG] - fit_round 21: strategy sampled 7 clients (out of 12)
[2026-01-17 17:02:21,300][flwr][DEBUG] - fit_round 21 received 7 results and 0 failures
[2026-01-17 17:02:21,577][flwr][INFO] - fit progress: (21, 0.03054825744499175, {'rmse': 3883.4597976546634, 'mae': 1236.4327392578125, 'r2': 0.8923251297236527, 'mape': 5.2067975997924805, 'accuracy_10': 88.81645202636719, 'accuracy_20': 95.88766098022461}, 123.22157920803875)
[2026-01-17 17:02:21,577][flwr][DEBUG] - evaluate_round 21: strategy sampled 6 clients (out of 12)
[2026-01-17 17:02:21,665][flwr][DEBUG] - evaluate_round 21 received 6 results and 0 failures
[2026-01-17 17:02:21,665][flwr][DEBUG] - fit_round 22: strategy sampled 7 clients (out of 12)
[2026-01-17 17:02:26,805][flwr][DEBUG] - fit_round 22 received 7 results and 0 failures
[2026-01-17 17:02:27,091][flwr][INFO] - fit progress: (22, 0.031620246323653185, {'rmse': 3970.003148613361, 'mae': 1252.9869384765625, 'r2': 0.8874725628578649, 'mape': 5.326197624206543, 'accuracy_10': 88.76630067825317, 'accuracy_20': 95.8375096321106}, 128.7357191250194)
[2026-01-17 17:02:27,091][flwr][DEBUG] - evaluate_round 22: strategy sampled 6 clients (out of 12)
[2026-01-17 17:02:27,189][flwr][DEBUG] - evaluate_round 22 received 6 results and 0 failures
[2026-01-17 17:02:27,190][flwr][DEBUG] - fit_round 23: strategy sampled 7 clients (out of 12)
[2026-01-17 17:02:32,319][flwr][DEBUG] - fit_round 23 received 7 results and 0 failures
[2026-01-17 17:02:32,594][flwr][INFO] - fit progress: (23, 0.02971003455863733, {'rmse': 4006.7943545932076, 'mae': 1382.610595703125, 'r2': 0.8853772469183226, 'mape': 5.437737941741943, 'accuracy_10': 86.8104338645935, 'accuracy_20': 96.03811502456665}, 134.23874770803377)
[2026-01-17 17:02:32,594][flwr][DEBUG] - evaluate_round 23: strategy sampled 6 clients (out of 12)
[2026-01-17 17:02:32,806][flwr][DEBUG] - evaluate_round 23 received 6 results and 0 failures
[2026-01-17 17:02:32,806][flwr][DEBUG] - fit_round 24: strategy sampled 7 clients (out of 12)
[2026-01-17 17:02:37,783][flwr][DEBUG] - fit_round 24 received 7 results and 0 failures
[2026-01-17 17:02:38,063][flwr][INFO] - fit progress: (24, 0.030079082362615358, {'rmse': 3979.1510401089326, 'mae': 1385.794921875, 'r2': 0.8869533866596708, 'mape': 5.582835674285889, 'accuracy_10': 86.60982847213745, 'accuracy_20': 96.23871445655823}, 139.70816620800178)
[2026-01-17 17:02:38,064][flwr][DEBUG] - evaluate_round 24: strategy sampled 6 clients (out of 12)
[2026-01-17 17:02:38,160][flwr][DEBUG] - evaluate_round 24 received 6 results and 0 failures
[2026-01-17 17:02:38,160][flwr][DEBUG] - fit_round 25: strategy sampled 7 clients (out of 12)
[2026-01-17 17:02:43,385][flwr][DEBUG] - fit_round 25 received 7 results and 0 failures
[2026-01-17 17:02:43,645][flwr][INFO] - fit progress: (25, 0.029920173720190433, {'rmse': 3849.9272720403433, 'mae': 1219.3756103515625, 'r2': 0.894176586842984, 'mape': 5.286599159240723, 'accuracy_10': 88.96690011024475, 'accuracy_20': 95.98796367645264}, 145.2899222500273)
[2026-01-17 17:02:43,645][flwr][DEBUG] - evaluate_round 25: strategy sampled 6 clients (out of 12)
[2026-01-17 17:02:43,852][flwr][DEBUG] - evaluate_round 25 received 6 results and 0 failures
[2026-01-17 17:02:43,852][flwr][INFO] - FL finished in 145.49708645802457
[2026-01-17 17:02:43,854][flwr][INFO] - app_fit: losses_distributed [(1, 0.17275390669527715), (2, 0.11553511124112549), (3, 0.07203941065756655), (4, 0.05351901519640683), (5, 0.04032774673912716), (6, 0.0315265772538933), (7, 0.0440849296864843), (8, 0.025861744094961857), (9, 0.011735661490783507), (10, 0.02871801885269252), (11, 0.057313444911664985), (12, 0.0391071093885709), (13, 0.019975332951690416), (14, 0.032970445983932894), (15, 0.04104001998287694), (16, 0.02930003265978269), (17, 0.030192685782809942), (18, 0.04741590850142757), (19, 0.035244889869872856), (20, 0.03668936227683986), (21, 0.03647502749317322), (22, 0.032894006503554306), (23, 0.022453121734000665), (24, 0.027249231201686486), (25, 0.0326032665246425)]
[2026-01-17 17:02:43,854][flwr][INFO] - app_fit: metrics_distributed_fit {'scaffold_updates': [(1, 7), (2, 7), (3, 7), (4, 7), (5, 7), (6, 7), (7, 7), (8, 7), (9, 7), (10, 7), (11, 7), (12, 7), (13, 7), (14, 7), (15, 7), (16, 7), (17, 7), (18, 7), (19, 7), (20, 7), (21, 7), (22, 7), (23, 7), (24, 7), (25, 7)], 'avg_control_delta_norm': [(1, 1.8807456293718896), (2, 1.129737655209964), (3, 0.9100703153296739), (4, 0.8120532465775535), (5, 0.7669210449767689), (6, 0.71151552714025), (7, 0.7086983483287864), (8, 0.679106339028045), (9, 0.6445294803930838), (10, 0.6684467310690178), (11, 0.5926124891068898), (12, 0.552337339886938), (13, 0.5943120636600243), (14, 0.5043805972225047), (15, 0.5714750326300726), (16, 0.5201361026197546), (17, 0.5017277637165835), (18, 0.5740177309435551), (19, 0.512709888839925), (20, 0.5640657776179692), (21, 0.4530412415980954), (22, 0.49012051520153355), (23, 0.48423019192577244), (24, 0.44318565003499477), (25, 0.5301411373467996)]}
[2026-01-17 17:02:43,854][flwr][INFO] - app_fit: metrics_distributed {}
[2026-01-17 17:02:43,854][flwr][INFO] - app_fit: losses_centralized [(0, 1.4340404903996313), (1, 0.17915293155097914), (2, 0.09629994690223946), (3, 0.05956006090090411), (4, 0.04454515700638593), (5, 0.03819526559341636), (6, 0.036273984798980335), (7, 0.044204430483700104), (8, 0.0340265302452723), (9, 0.03477674249163572), (10, 0.03327981465371884), (11, 0.03686355194964314), (12, 0.03110848064370894), (13, 0.03829965788176061), (14, 0.03264368546112191), (15, 0.03065258710866527), (16, 0.03093891848091675), (17, 0.029976620020320567), (18, 0.03166366706498588), (19, 0.035052769936045766), (20, 0.030886740444289705), (21, 0.03054825744499175), (22, 0.031620246323653185), (23, 0.02971003455863733), (24, 0.030079082362615358), (25, 0.029920173720190433)]
[2026-01-17 17:02:43,854][flwr][INFO] - app_fit: metrics_centralized {'rmse': [(0, 11782.010694274555), (1, 6692.708569779503), (2, 5107.322977842698), (3, 4489.9587971383435), (4, 4209.1222362863255), (5, 4029.0512530867613), (6, 3975.4043819465714), (7, 4299.341112310118), (8, 4108.665476769799), (9, 3965.994831060676), (10, 4143.809599873044), (11, 4073.026024959821), (12, 3968.160783032865), (13, 4094.2724628436736), (14, 3908.7609289901575), (15, 3977.906610266259), (16, 4069.662025279249), (17, 3943.4689044038373), (18, 3913.977644289758), (19, 4472.967471377363), (20, 3841.441135823898), (21, 3883.4597976546634), (22, 3970.003148613361), (23, 4006.7943545932076), (24, 3979.1510401089326), (25, 3849.9272720403433)], 'mae': [(0, 9149.193359375), (1, 3521.8818359375), (2, 2316.0341796875), (3, 1700.8941650390625), (4, 1552.57470703125), (5, 1416.6724853515625), (6, 1367.3177490234375), (7, 1343.1806640625), (8, 1414.3775634765625), (9, 1284.5318603515625), (10, 1443.1029052734375), (11, 1216.1322021484375), (12, 1320.3885498046875), (13, 1223.6177978515625), (14, 1240.910400390625), (15, 1356.04736328125), (16, 1394.219482421875), (17, 1309.32861328125), (18, 1261.74658203125), (19, 1579.4942626953125), (20, 1223.9459228515625), (21, 1236.4327392578125), (22, 1252.9869384765625), (23, 1382.610595703125), (24, 1385.794921875), (25, 1219.3756103515625)], 'r2': [(0, 0.00890437044283554), (1, 0.6801984614081373), (2, 0.8137641207126312), (3, 0.8560666560054666), (4, 0.8735089523575762), (5, 0.8841003007936767), (6, 0.8871661682379617), (7, 0.8680283876158936), (8, 0.8794746828566729), (9, 0.8876996804455834), (10, 0.8774039984545562), (11, 0.8815565427464456), (12, 0.8875769847372758), (13, 0.8803176255450177), (14, 0.8909175389217889), (15, 0.8870240840851904), (16, 0.8817521064474292), (17, 0.8889717354611305), (18, 0.8906261769460425), (19, 0.8571539634908258), (20, 0.8946425914788461), (21, 0.8923251297236527), (22, 0.8874725628578649), (23, 0.8853772469183226), (24, 0.8869533866596708), (25, 0.894176586842984)], 'mape': [(0, 79.91940307617188), (1, 18.436748504638672), (2, 12.417011260986328), (3, 8.717385292053223), (4, 7.295232772827148), (5, 6.461413383483887), (6, 6.137453556060791), (7, 6.332470417022705), (8, 5.758876323699951), (9, 5.613458156585693), (10, 5.689091682434082), (11, 5.461521625518799), (12, 5.324365139007568), (13, 5.556642055511475), (14, 5.302254676818848), (15, 5.361591339111328), (16, 5.415497303009033), (17, 5.260221004486084), (18, 5.367162227630615), (19, 5.76149845123291), (20, 5.276431083679199), (21, 5.2067975997924805), (22, 5.326197624206543), (23, 5.437737941741943), (24, 5.582835674285889), (25, 5.286599159240723)], 'accuracy_10': [(0, 11.735205352306366), (1, 33.801403641700745), (2, 54.663991928100586), (3, 73.42026233673096), (4, 80.04012107849121), (5, 84.55365896224976), (6, 85.65697073936462), (7, 87.26178407669067), (8, 85.70712208747864), (9, 88.31494450569153), (10, 85.305917263031), (11, 89.61885571479797), (12, 87.16148734092712), (13, 89.01705145835876), (14, 88.56569528579712), (15, 86.86057925224304), (16, 86.05817556381226), (17, 87.3620867729187), (18, 88.16449642181396), (19, 84.05215740203857), (20, 88.91674876213074), (21, 88.81645202636719), (22, 88.76630067825317), (23, 86.8104338645935), (24, 86.60982847213745), (25, 88.96690011024475)], 'accuracy_20': [(0, 21.46439254283905), (1, 72.6178526878357), (2, 87.61283755302429), (3, 93.68104338645935), (4, 95.586758852005), (5, 96.03811502456665), (6, 96.03811502456665), (7, 94.83450055122375), (8, 95.8375096321106), (9, 95.8375096321106), (10, 95.53660750389099), (11, 95.23570537567139), (12, 96.08826637268066), (13, 94.63390111923218), (14, 95.586758852005), (15, 96.23871445655823), (16, 95.73721289634705), (17, 96.08826637268066), (18, 95.8375096321106), (19, 94.63390111923218), (20, 95.78736424446106), (21, 95.88766098022461), (22, 95.8375096321106), (23, 96.03811502456665), (24, 96.23871445655823), (25, 95.98796367645264)]}
[2026-01-17 17:02:44,438][flwr][INFO] - Starting Flower simulation, config: ServerConfig(num_rounds=25, round_timeout=None)
[2026-01-17 17:02:51,268][flwr][INFO] - Flower VCE: Ray initialized with resources: {'memory': 12158332519.0, 'node:127.0.0.1': 1.0, 'CPU': 10.0, 'object_store_memory': 2147483648.0}
[2026-01-17 17:02:51,268][flwr][INFO] - Initializing global parameters
[2026-01-17 17:02:51,268][flwr][INFO] - Using initial parameters provided by strategy
[2026-01-17 17:02:51,269][flwr][INFO] - Evaluating initial parameters
[2026-01-17 17:02:51,530][flwr][INFO] - initial parameters (loss, other metrics): 1.4340404903996313, {'rmse': 11782.010694274555, 'mae': 9149.193359375, 'r2': 0.00890437044283554, 'mape': 79.91940307617188, 'accuracy_10': 11.735205352306366, 'accuracy_20': 21.46439254283905}
[2026-01-17 17:02:51,531][flwr][INFO] - FL starting
[2026-01-17 17:02:51,531][flwr][DEBUG] - fit_round 1: strategy sampled 7 clients (out of 12)
[2026-01-17 17:03:07,517][flwr][DEBUG] - fit_round 1 received 7 results and 0 failures
[2026-01-17 17:03:07,522][flwr][WARNING] - No fit_metrics_aggregation_fn provided
[2026-01-17 17:03:07,849][flwr][INFO] - fit progress: (1, 0.14402457702542498, {'rmse': 5529.209165875352, 'mae': 2956.11328125, 'r2': 0.7817256255281224, 'mape': 15.9696683883667, 'accuracy_10': 35.0050151348114, 'accuracy_20': 74.7241735458374}, 16.317990166018717)
[2026-01-17 17:03:07,849][flwr][DEBUG] - evaluate_round 1: strategy sampled 6 clients (out of 12)
[2026-01-17 17:03:08,118][flwr][DEBUG] - evaluate_round 1 received 6 results and 0 failures
[2026-01-17 17:03:08,119][flwr][WARNING] - No evaluate_metrics_aggregation_fn provided
[2026-01-17 17:03:08,119][flwr][DEBUG] - fit_round 2: strategy sampled 7 clients (out of 12)
[2026-01-17 17:03:17,474][flwr][DEBUG] - fit_round 2 received 7 results and 0 failures
[2026-01-17 17:03:17,746][flwr][INFO] - fit progress: (2, 0.10539958773997267, {'rmse': 5312.190696878266, 'mae': 2548.575927734375, 'r2': 0.7985236740826538, 'mape': 13.194209098815918, 'accuracy_10': 51.905715465545654, 'accuracy_20': 84.80441570281982}, 26.21545908303233)
[2026-01-17 17:03:17,746][flwr][DEBUG] - evaluate_round 2: strategy sampled 6 clients (out of 12)
[2026-01-17 17:03:17,973][flwr][DEBUG] - evaluate_round 2 received 6 results and 0 failures
[2026-01-17 17:03:17,974][flwr][DEBUG] - fit_round 3: strategy sampled 7 clients (out of 12)
[2026-01-17 17:03:27,749][flwr][DEBUG] - fit_round 3 received 7 results and 0 failures
[2026-01-17 17:03:28,041][flwr][INFO] - fit progress: (3, 0.064664206296624, {'rmse': 4424.156868828229, 'mae': 1845.5513916015625, 'r2': 0.8602545306776229, 'mape': 9.506806373596191, 'accuracy_10': 67.45235919952393, 'accuracy_20': 91.82547926902771}, 36.510238000017125)
[2026-01-17 17:03:28,041][flwr][DEBUG] - evaluate_round 3: strategy sampled 6 clients (out of 12)
[2026-01-17 17:03:28,439][flwr][DEBUG] - evaluate_round 3 received 6 results and 0 failures
[2026-01-17 17:03:28,439][flwr][DEBUG] - fit_round 4: strategy sampled 7 clients (out of 12)
[2026-01-17 17:03:38,433][flwr][DEBUG] - fit_round 4 received 7 results and 0 failures
[2026-01-17 17:03:38,698][flwr][INFO] - fit progress: (4, 0.055463958668000364, {'rmse': 4340.56217557127, 'mae': 1662.57470703125, 'r2': 0.865485626856275, 'mape': 8.35020923614502, 'accuracy_10': 75.62687993049622, 'accuracy_20': 93.43029260635376}, 47.16664441599278)
[2026-01-17 17:03:38,698][flwr][DEBUG] - evaluate_round 4: strategy sampled 6 clients (out of 12)
[2026-01-17 17:03:38,923][flwr][DEBUG] - evaluate_round 4 received 6 results and 0 failures
[2026-01-17 17:03:38,923][flwr][DEBUG] - fit_round 5: strategy sampled 7 clients (out of 12)
[2026-01-17 17:03:48,230][flwr][DEBUG] - fit_round 5 received 7 results and 0 failures
[2026-01-17 17:03:48,495][flwr][INFO] - fit progress: (5, 0.05805454096301957, {'rmse': 4595.4203289797115, 'mae': 1650.642578125, 'r2': 0.8492257469625553, 'mape': 8.045920372009277, 'accuracy_10': 80.44132590293884, 'accuracy_20': 92.9287850856781}, 56.964495000022)
[2026-01-17 17:03:48,496][flwr][DEBUG] - evaluate_round 5: strategy sampled 6 clients (out of 12)
[2026-01-17 17:03:48,690][flwr][DEBUG] - evaluate_round 5 received 6 results and 0 failures
[2026-01-17 17:03:48,690][flwr][DEBUG] - fit_round 6: strategy sampled 7 clients (out of 12)
[2026-01-17 17:03:58,194][flwr][DEBUG] - fit_round 6 received 7 results and 0 failures
[2026-01-17 17:03:58,486][flwr][INFO] - fit progress: (6, 0.04294558956755798, {'rmse': 4171.741602736201, 'mae': 1486.5828857421875, 'r2': 0.875745677814152, 'mape': 6.94209623336792, 'accuracy_10': 82.6479434967041, 'accuracy_20': 95.03510594367981}, 66.95508162502665)
[2026-01-17 17:03:58,487][flwr][DEBUG] - evaluate_round 6: strategy sampled 6 clients (out of 12)
[2026-01-17 17:03:58,737][flwr][DEBUG] - evaluate_round 6 received 6 results and 0 failures
[2026-01-17 17:03:58,737][flwr][DEBUG] - fit_round 7: strategy sampled 7 clients (out of 12)
[2026-01-17 17:04:08,104][flwr][DEBUG] - fit_round 7 received 7 results and 0 failures
[2026-01-17 17:04:08,381][flwr][INFO] - fit progress: (7, 0.03989641068535021, {'rmse': 4138.1923589896105, 'mae': 1471.383056640625, 'r2': 0.8777361465604488, 'mape': 6.602881908416748, 'accuracy_10': 82.99899697303772, 'accuracy_20': 95.48646211624146}, 76.85043883300386)
[2026-01-17 17:04:08,382][flwr][DEBUG] - evaluate_round 7: strategy sampled 6 clients (out of 12)
[2026-01-17 17:04:08,625][flwr][DEBUG] - evaluate_round 7 received 6 results and 0 failures
[2026-01-17 17:04:08,625][flwr][DEBUG] - fit_round 8: strategy sampled 7 clients (out of 12)
[2026-01-17 17:04:18,087][flwr][DEBUG] - fit_round 8 received 7 results and 0 failures
[2026-01-17 17:04:18,383][flwr][INFO] - fit progress: (8, 0.03970249277168704, {'rmse': 4066.036399246814, 'mae': 1386.028564453125, 'r2': 0.8819627101255667, 'mape': 6.3673577308654785, 'accuracy_10': 86.00802421569824, 'accuracy_20': 95.78736424446106}, 86.85195787501289)
[2026-01-17 17:04:18,384][flwr][DEBUG] - evaluate_round 8: strategy sampled 6 clients (out of 12)
[2026-01-17 17:04:18,650][flwr][DEBUG] - evaluate_round 8 received 6 results and 0 failures
[2026-01-17 17:04:18,651][flwr][DEBUG] - fit_round 9: strategy sampled 7 clients (out of 12)
[2026-01-17 17:04:28,347][flwr][DEBUG] - fit_round 9 received 7 results and 0 failures
[2026-01-17 17:04:28,628][flwr][INFO] - fit progress: (9, 0.044221313747809965, {'rmse': 4268.054123368165, 'mae': 1388.2061767578125, 'r2': 0.8699421532120053, 'mape': 6.5382585525512695, 'accuracy_10': 86.60982847213745, 'accuracy_20': 95.13540863990784}, 97.09729950001929)
[2026-01-17 17:04:28,629][flwr][DEBUG] - evaluate_round 9: strategy sampled 6 clients (out of 12)
[2026-01-17 17:04:28,900][flwr][DEBUG] - evaluate_round 9 received 6 results and 0 failures
[2026-01-17 17:04:28,901][flwr][DEBUG] - fit_round 10: strategy sampled 7 clients (out of 12)
[2026-01-17 17:04:38,425][flwr][DEBUG] - fit_round 10 received 7 results and 0 failures
[2026-01-17 17:04:38,736][flwr][INFO] - fit progress: (10, 0.03630693749699334, {'rmse': 3997.928463592114, 'mae': 1387.115234375, 'r2': 0.885883942355368, 'mape': 6.196718692779541, 'accuracy_10': 85.40621995925903, 'accuracy_20': 96.03811502456665}, 107.20501558302203)
[2026-01-17 17:04:38,737][flwr][DEBUG] - evaluate_round 10: strategy sampled 6 clients (out of 12)
[2026-01-17 17:04:38,981][flwr][DEBUG] - evaluate_round 10 received 6 results and 0 failures
[2026-01-17 17:04:38,981][flwr][DEBUG] - fit_round 11: strategy sampled 7 clients (out of 12)
[2026-01-17 17:04:48,593][flwr][DEBUG] - fit_round 11 received 7 results and 0 failures
[2026-01-17 17:04:48,867][flwr][INFO] - fit progress: (11, 0.03431003755976707, {'rmse': 3966.829842582109, 'mae': 1359.97265625, 'r2': 0.8876523826139683, 'mape': 5.8526692390441895, 'accuracy_10': 86.05817556381226, 'accuracy_20': 96.18856310844421}, 117.33559312502621)
[2026-01-17 17:04:48,867][flwr][DEBUG] - evaluate_round 11: strategy sampled 6 clients (out of 12)
[2026-01-17 17:04:49,047][flwr][DEBUG] - evaluate_round 11 received 6 results and 0 failures
[2026-01-17 17:04:49,048][flwr][DEBUG] - fit_round 12: strategy sampled 7 clients (out of 12)
[2026-01-17 17:04:58,113][flwr][DEBUG] - fit_round 12 received 7 results and 0 failures
[2026-01-17 17:04:58,400][flwr][INFO] - fit progress: (12, 0.0339631230907595, {'rmse': 3894.907701088692, 'mae': 1278.22314453125, 'r2': 0.8916893735367737, 'mape': 5.679697036743164, 'accuracy_10': 87.71314024925232, 'accuracy_20': 96.03811502456665}, 126.86821483302629)
[2026-01-17 17:04:58,400][flwr][DEBUG] - evaluate_round 12: strategy sampled 6 clients (out of 12)
[2026-01-17 17:04:58,674][flwr][DEBUG] - evaluate_round 12 received 6 results and 0 failures
[2026-01-17 17:04:58,674][flwr][DEBUG] - fit_round 13: strategy sampled 7 clients (out of 12)
[2026-01-17 17:05:09,270][flwr][DEBUG] - fit_round 13 received 7 results and 0 failures
[2026-01-17 17:05:09,555][flwr][INFO] - fit progress: (13, 0.03682125697926868, {'rmse': 4287.243869900568, 'mae': 1544.082275390625, 'r2': 0.868770017615619, 'mape': 6.132645606994629, 'accuracy_10': 83.95185470581055, 'accuracy_20': 94.68405246734619}, 138.0234259160352)
[2026-01-17 17:05:09,555][flwr][DEBUG] - evaluate_round 13: strategy sampled 6 clients (out of 12)
[2026-01-17 17:05:09,757][flwr][DEBUG] - evaluate_round 13 received 6 results and 0 failures
[2026-01-17 17:05:09,757][flwr][DEBUG] - fit_round 14: strategy sampled 7 clients (out of 12)
[2026-01-17 17:05:19,971][flwr][DEBUG] - fit_round 14 received 7 results and 0 failures
[2026-01-17 17:05:20,256][flwr][INFO] - fit progress: (14, 0.03612983861373908, {'rmse': 3934.3855937109165, 'mae': 1234.7130126953125, 'r2': 0.8894826253725456, 'mape': 5.654965877532959, 'accuracy_10': 88.71614933013916, 'accuracy_20': 95.53660750389099}, 148.72452345804777)
[2026-01-17 17:05:20,256][flwr][DEBUG] - evaluate_round 14: strategy sampled 6 clients (out of 12)
[2026-01-17 17:05:20,630][flwr][DEBUG] - evaluate_round 14 received 6 results and 0 failures
[2026-01-17 17:05:20,630][flwr][DEBUG] - fit_round 15: strategy sampled 7 clients (out of 12)
[2026-01-17 17:05:30,283][flwr][DEBUG] - fit_round 15 received 7 results and 0 failures
[2026-01-17 17:05:30,590][flwr][INFO] - fit progress: (15, 0.03224801766119128, {'rmse': 4024.5952591533974, 'mae': 1407.4107666015625, 'r2': 0.884356523047082, 'mape': 5.702077388763428, 'accuracy_10': 86.00802421569824, 'accuracy_20': 95.73721289634705}, 159.05806979100453)
[2026-01-17 17:05:30,590][flwr][DEBUG] - evaluate_round 15: strategy sampled 6 clients (out of 12)
[2026-01-17 17:05:30,721][flwr][DEBUG] - evaluate_round 15 received 6 results and 0 failures
[2026-01-17 17:05:30,721][flwr][DEBUG] - fit_round 16: strategy sampled 7 clients (out of 12)
[2026-01-17 17:05:39,780][flwr][DEBUG] - fit_round 16 received 7 results and 0 failures
[2026-01-17 17:05:40,054][flwr][INFO] - fit progress: (16, 0.030733641355654363, {'rmse': 3773.9736353080157, 'mae': 1252.46630859375, 'r2': 0.8983108939709623, 'mape': 5.408194065093994, 'accuracy_10': 88.66599798202515, 'accuracy_20': 96.43931984901428}, 168.52222504100064)
[2026-01-17 17:05:40,054][flwr][DEBUG] - evaluate_round 16: strategy sampled 6 clients (out of 12)
[2026-01-17 17:05:40,153][flwr][DEBUG] - evaluate_round 16 received 6 results and 0 failures
[2026-01-17 17:05:40,153][flwr][DEBUG] - fit_round 17: strategy sampled 7 clients (out of 12)
[2026-01-17 17:05:49,646][flwr][DEBUG] - fit_round 17 received 7 results and 0 failures
[2026-01-17 17:05:49,936][flwr][INFO] - fit progress: (17, 0.030475529398369335, {'rmse': 3830.274272163809, 'mae': 1323.2283935546875, 'r2': 0.8952542367710972, 'mape': 5.504851818084717, 'accuracy_10': 87.81344294548035, 'accuracy_20': 96.38916850090027}, 178.40392670803703)
[2026-01-17 17:05:49,936][flwr][DEBUG] - evaluate_round 17: strategy sampled 6 clients (out of 12)
[2026-01-17 17:05:50,131][flwr][DEBUG] - evaluate_round 17 received 6 results and 0 failures
[2026-01-17 17:05:50,132][flwr][DEBUG] - fit_round 18: strategy sampled 7 clients (out of 12)
[2026-01-17 17:05:59,701][flwr][DEBUG] - fit_round 18 received 7 results and 0 failures
[2026-01-17 17:06:00,004][flwr][INFO] - fit progress: (18, 0.029155384835113613, {'rmse': 3832.086507374279, 'mae': 1299.6103515625, 'r2': 0.895155094649634, 'mape': 5.3011651039123535, 'accuracy_10': 87.41223812103271, 'accuracy_20': 96.08826637268066}, 188.47249008301878)
[2026-01-17 17:06:00,005][flwr][DEBUG] - evaluate_round 18: strategy sampled 6 clients (out of 12)
[2026-01-17 17:06:00,125][flwr][DEBUG] - evaluate_round 18 received 6 results and 0 failures
[2026-01-17 17:06:00,125][flwr][DEBUG] - fit_round 19: strategy sampled 7 clients (out of 12)
[2026-01-17 17:06:09,359][flwr][DEBUG] - fit_round 19 received 7 results and 0 failures
[2026-01-17 17:06:09,636][flwr][INFO] - fit progress: (19, 0.030849471572439075, {'rmse': 4072.0814088129428, 'mae': 1408.769775390625, 'r2': 0.8816114742280935, 'mape': 5.443358898162842, 'accuracy_10': 86.45938038825989, 'accuracy_20': 95.53660750389099}, 198.10418887500418)
[2026-01-17 17:06:09,636][flwr][DEBUG] - evaluate_round 19: strategy sampled 6 clients (out of 12)
[2026-01-17 17:06:09,734][flwr][DEBUG] - evaluate_round 19 received 6 results and 0 failures
[2026-01-17 17:06:09,735][flwr][DEBUG] - fit_round 20: strategy sampled 7 clients (out of 12)
[2026-01-17 17:06:19,222][flwr][DEBUG] - fit_round 20 received 7 results and 0 failures
[2026-01-17 17:06:19,724][flwr][INFO] - fit progress: (20, 0.0293342021621816, {'rmse': 3716.631673975779, 'mae': 1242.300537109375, 'r2': 0.9013775533789394, 'mape': 5.318626403808594, 'accuracy_10': 88.76630067825317, 'accuracy_20': 96.38916850090027}, 208.19234950002283)
[2026-01-17 17:06:19,725][flwr][DEBUG] - evaluate_round 20: strategy sampled 6 clients (out of 12)
[2026-01-17 17:06:20,038][flwr][DEBUG] - evaluate_round 20 received 6 results and 0 failures
[2026-01-17 17:06:20,038][flwr][DEBUG] - fit_round 21: strategy sampled 7 clients (out of 12)
[2026-01-17 17:06:29,768][flwr][DEBUG] - fit_round 21 received 7 results and 0 failures
[2026-01-17 17:06:30,082][flwr][INFO] - fit progress: (21, 0.029210390741661294, {'rmse': 3728.917269127863, 'mae': 1202.4029541015625, 'r2': 0.9007244693197959, 'mape': 5.172501564025879, 'accuracy_10': 89.01705145835876, 'accuracy_20': 96.23871445655823}, 218.55037987499963)
[2026-01-17 17:06:30,083][flwr][DEBUG] - evaluate_round 21: strategy sampled 6 clients (out of 12)
[2026-01-17 17:06:30,365][flwr][DEBUG] - evaluate_round 21 received 6 results and 0 failures
[2026-01-17 17:06:30,365][flwr][DEBUG] - fit_round 22: strategy sampled 7 clients (out of 12)
[2026-01-17 17:06:39,740][flwr][DEBUG] - fit_round 22 received 7 results and 0 failures
[2026-01-17 17:06:40,036][flwr][INFO] - fit progress: (22, 0.028278033859063773, {'rmse': 3788.3331426895393, 'mae': 1280.3289794921875, 'r2': 0.8975355908483257, 'mape': 5.225452899932861, 'accuracy_10': 88.2146418094635, 'accuracy_20': 96.23871445655823}, 228.50350541603984)
[2026-01-17 17:06:40,036][flwr][DEBUG] - evaluate_round 22: strategy sampled 6 clients (out of 12)
[2026-01-17 17:06:40,129][flwr][DEBUG] - evaluate_round 22 received 6 results and 0 failures
[2026-01-17 17:06:40,130][flwr][DEBUG] - fit_round 23: strategy sampled 7 clients (out of 12)
[2026-01-17 17:06:49,505][flwr][DEBUG] - fit_round 23 received 7 results and 0 failures
[2026-01-17 17:06:49,766][flwr][INFO] - fit progress: (23, 0.028629397842640743, {'rmse': 3691.9580170960776, 'mae': 1187.5294189453125, 'r2': 0.90268265821264, 'mape': 5.109470844268799, 'accuracy_10': 89.16749954223633, 'accuracy_20': 96.23871445655823}, 238.23375570803182)
[2026-01-17 17:06:49,766][flwr][DEBUG] - evaluate_round 23: strategy sampled 6 clients (out of 12)
[2026-01-17 17:06:49,974][flwr][DEBUG] - evaluate_round 23 received 6 results and 0 failures
[2026-01-17 17:06:49,974][flwr][DEBUG] - fit_round 24: strategy sampled 7 clients (out of 12)
[2026-01-17 17:06:59,024][flwr][DEBUG] - fit_round 24 received 7 results and 0 failures
[2026-01-17 17:06:59,315][flwr][INFO] - fit progress: (24, 0.028533657928676518, {'rmse': 3675.0899308724406, 'mae': 1188.94482421875, 'r2': 0.9035698922037686, 'mape': 5.153404712677002, 'accuracy_10': 89.06720280647278, 'accuracy_20': 96.23871445655823}, 247.78311283304356)
[2026-01-17 17:06:59,316][flwr][DEBUG] - evaluate_round 24: strategy sampled 6 clients (out of 12)
[2026-01-17 17:06:59,424][flwr][DEBUG] - evaluate_round 24 received 6 results and 0 failures
[2026-01-17 17:06:59,424][flwr][DEBUG] - fit_round 25: strategy sampled 7 clients (out of 12)
[2026-01-17 17:07:08,391][flwr][DEBUG] - fit_round 25 received 7 results and 0 failures
[2026-01-17 17:07:08,674][flwr][INFO] - fit progress: (25, 0.027950301046185233, {'rmse': 3662.081375392961, 'mae': 1162.6148681640625, 'r2': 0.904251340295887, 'mape': 5.026695728302002, 'accuracy_10': 89.46840763092041, 'accuracy_20': 96.33901715278625}, 257.1423013750464)
[2026-01-17 17:07:08,675][flwr][DEBUG] - evaluate_round 25: strategy sampled 6 clients (out of 12)
[2026-01-17 17:07:08,783][flwr][DEBUG] - evaluate_round 25 received 6 results and 0 failures
[2026-01-17 17:07:08,783][flwr][INFO] - FL finished in 257.25115904101403
[2026-01-17 17:07:08,785][flwr][INFO] - app_fit: losses_distributed [(1, 0.12729939272877766), (2, 0.10966086462176007), (3, 0.07177692717390378), (4, 0.05008014989941667), (5, 0.022315953824146275), (6, 0.020405803358333596), (7, 0.04926080153057416), (8, 0.04031570059312831), (9, 0.01941884755512367), (10, 0.05661809745811807), (11, 0.0338704151069633), (12, 0.05393195562958717), (13, 0.03141451173595423), (14, 0.0355399307726247), (15, 0.03483705624652065), (16, 0.022956824355236622), (17, 0.017116066072671847), (18, 0.02986336333216064), (19, 0.023866618808433864), (20, 0.023147499136634272), (21, 0.03621122859160792), (22, 0.03334892447699088), (23, 0.036066558666954726), (24, 0.01700395667965257), (25, 0.014657181239697585)]
[2026-01-17 17:07:08,786][flwr][INFO] - app_fit: metrics_distributed_fit {'scaffold_updates': [(1, 7), (2, 7), (3, 7), (4, 7), (5, 7), (6, 7), (7, 7), (8, 7), (9, 7), (10, 7), (11, 7), (12, 7), (13, 7), (14, 7), (15, 7), (16, 7), (17, 7), (18, 7), (19, 7), (20, 7), (21, 7), (22, 7), (23, 7), (24, 7), (25, 7)], 'avg_control_delta_norm': [(1, 1.7731872032148608), (2, 1.0894309462580438), (3, 0.8271330263089804), (4, 0.672666099009598), (5, 0.6892205983721755), (6, 0.5731397961534573), (7, 0.5292220361192713), (8, 0.5284482102344497), (9, 0.5095005750355227), (10, 0.4811928716220503), (11, 0.4311532363028675), (12, 0.47279311945989566), (13, 0.46097145838762676), (14, 0.49769384329107647), (15, 0.47822948169105706), (16, 0.46851868408436487), (17, 0.37711550697026636), (18, 0.35684053276530653), (19, 0.35782885764641037), (20, 0.449308857873727), (21, 0.34698052692290765), (22, 0.3353633242008897), (23, 0.39203260844524745), (24, 0.33785695990607917), (25, 0.436483830054316)]}
[2026-01-17 17:07:08,786][flwr][INFO] - app_fit: metrics_distributed {}
[2026-01-17 17:07:08,786][flwr][INFO] - app_fit: losses_centralized [(0, 1.4340404903996313), (1, 0.14402457702542498), (2, 0.10539958773997267), (3, 0.064664206296624), (4, 0.055463958668000364), (5, 0.05805454096301957), (6, 0.04294558956755798), (7, 0.03989641068535021), (8, 0.03970249277168704), (9, 0.044221313747809965), (10, 0.03630693749699334), (11, 0.03431003755976707), (12, 0.0339631230907595), (13, 0.03682125697926868), (14, 0.03612983861373908), (15, 0.03224801766119128), (16, 0.030733641355654363), (17, 0.030475529398369335), (18, 0.029155384835113613), (19, 0.030849471572439075), (20, 0.0293342021621816), (21, 0.029210390741661294), (22, 0.028278033859063773), (23, 0.028629397842640743), (24, 0.028533657928676518), (25, 0.027950301046185233)]
[2026-01-17 17:07:08,786][flwr][INFO] - app_fit: metrics_centralized {'rmse': [(0, 11782.010694274555), (1, 5529.209165875352), (2, 5312.190696878266), (3, 4424.156868828229), (4, 4340.56217557127), (5, 4595.4203289797115), (6, 4171.741602736201), (7, 4138.1923589896105), (8, 4066.036399246814), (9, 4268.054123368165), (10, 3997.928463592114), (11, 3966.829842582109), (12, 3894.907701088692), (13, 4287.243869900568), (14, 3934.3855937109165), (15, 4024.5952591533974), (16, 3773.9736353080157), (17, 3830.274272163809), (18, 3832.086507374279), (19, 4072.0814088129428), (20, 3716.631673975779), (21, 3728.917269127863), (22, 3788.3331426895393), (23, 3691.9580170960776), (24, 3675.0899308724406), (25, 3662.081375392961)], 'mae': [(0, 9149.193359375), (1, 2956.11328125), (2, 2548.575927734375), (3, 1845.5513916015625), (4, 1662.57470703125), (5, 1650.642578125), (6, 1486.5828857421875), (7, 1471.383056640625), (8, 1386.028564453125), (9, 1388.2061767578125), (10, 1387.115234375), (11, 1359.97265625), (12, 1278.22314453125), (13, 1544.082275390625), (14, 1234.7130126953125), (15, 1407.4107666015625), (16, 1252.46630859375), (17, 1323.2283935546875), (18, 1299.6103515625), (19, 1408.769775390625), (20, 1242.300537109375), (21, 1202.4029541015625), (22, 1280.3289794921875), (23, 1187.5294189453125), (24, 1188.94482421875), (25, 1162.6148681640625)], 'r2': [(0, 0.00890437044283554), (1, 0.7817256255281224), (2, 0.7985236740826538), (3, 0.8602545306776229), (4, 0.865485626856275), (5, 0.8492257469625553), (6, 0.875745677814152), (7, 0.8777361465604488), (8, 0.8819627101255667), (9, 0.8699421532120053), (10, 0.885883942355368), (11, 0.8876523826139683), (12, 0.8916893735367737), (13, 0.868770017615619), (14, 0.8894826253725456), (15, 0.884356523047082), (16, 0.8983108939709623), (17, 0.8952542367710972), (18, 0.895155094649634), (19, 0.8816114742280935), (20, 0.9013775533789394), (21, 0.9007244693197959), (22, 0.8975355908483257), (23, 0.90268265821264), (24, 0.9035698922037686), (25, 0.904251340295887)], 'mape': [(0, 79.91940307617188), (1, 15.9696683883667), (2, 13.194209098815918), (3, 9.506806373596191), (4, 8.35020923614502), (5, 8.045920372009277), (6, 6.94209623336792), (7, 6.602881908416748), (8, 6.3673577308654785), (9, 6.5382585525512695), (10, 6.196718692779541), (11, 5.8526692390441895), (12, 5.679697036743164), (13, 6.132645606994629), (14, 5.654965877532959), (15, 5.702077388763428), (16, 5.408194065093994), (17, 5.504851818084717), (18, 5.3011651039123535), (19, 5.443358898162842), (20, 5.318626403808594), (21, 5.172501564025879), (22, 5.225452899932861), (23, 5.109470844268799), (24, 5.153404712677002), (25, 5.026695728302002)], 'accuracy_10': [(0, 11.735205352306366), (1, 35.0050151348114), (2, 51.905715465545654), (3, 67.45235919952393), (4, 75.62687993049622), (5, 80.44132590293884), (6, 82.6479434967041), (7, 82.99899697303772), (8, 86.00802421569824), (9, 86.60982847213745), (10, 85.40621995925903), (11, 86.05817556381226), (12, 87.71314024925232), (13, 83.95185470581055), (14, 88.71614933013916), (15, 86.00802421569824), (16, 88.66599798202515), (17, 87.81344294548035), (18, 87.41223812103271), (19, 86.45938038825989), (20, 88.76630067825317), (21, 89.01705145835876), (22, 88.2146418094635), (23, 89.16749954223633), (24, 89.06720280647278), (25, 89.46840763092041)], 'accuracy_20': [(0, 21.46439254283905), (1, 74.7241735458374), (2, 84.80441570281982), (3, 91.82547926902771), (4, 93.43029260635376), (5, 92.9287850856781), (6, 95.03510594367981), (7, 95.48646211624146), (8, 95.78736424446106), (9, 95.13540863990784), (10, 96.03811502456665), (11, 96.18856310844421), (12, 96.03811502456665), (13, 94.68405246734619), (14, 95.53660750389099), (15, 95.73721289634705), (16, 96.43931984901428), (17, 96.38916850090027), (18, 96.08826637268066), (19, 95.53660750389099), (20, 96.38916850090027), (21, 96.23871445655823), (22, 96.23871445655823), (23, 96.23871445655823), (24, 96.23871445655823), (25, 96.33901715278625)]}
