[2025-12-04 00:58:09,690][flwr][INFO] - Starting Flower simulation, config: ServerConfig(num_rounds=10, round_timeout=None)
[2025-12-04 00:58:14,339][flwr][INFO] - Flower VCE: Ray initialized with resources: {'memory': 11480927028.0, 'node:127.0.0.1': 1.0, 'CPU': 10.0, 'object_store_memory': 2147483648.0}
[2025-12-04 00:58:14,339][flwr][INFO] - Initializing global parameters
[2025-12-04 00:58:14,339][flwr][INFO] - Requesting initial parameters from one random client
[2025-12-04 00:58:16,344][flwr][INFO] - Received initial parameters from one random client
[2025-12-04 00:58:16,344][flwr][INFO] - Evaluating initial parameters
[2025-12-04 00:58:17,677][flwr][INFO] - initial parameters (loss, other metrics): 181.85093331336975, {'accuracy': 0.1066}
[2025-12-04 00:58:17,677][flwr][INFO] - FL starting
[2025-12-04 00:58:17,677][flwr][DEBUG] - fit_round 1: strategy sampled 10 clients (out of 100)
[2025-12-04 00:58:33,438][flwr][DEBUG] - fit_round 1 received 10 results and 0 failures
[2025-12-04 00:58:33,447][flwr][WARNING] - No fit_metrics_aggregation_fn provided
[2025-12-04 00:58:34,746][flwr][INFO] - fit progress: (1, 177.50862765312195, {'accuracy': 0.143}, 17.06844366597943)
[2025-12-04 00:58:34,746][flwr][DEBUG] - evaluate_round 1: strategy sampled 100 clients (out of 100)
[2025-12-04 01:00:37,939][flwr][DEBUG] - evaluate_round 1 received 100 results and 0 failures
[2025-12-04 01:00:37,940][flwr][WARNING] - No evaluate_metrics_aggregation_fn provided
[2025-12-04 01:00:37,941][flwr][DEBUG] - fit_round 2: strategy sampled 10 clients (out of 100)
[2025-12-04 01:00:49,620][flwr][DEBUG] - fit_round 2 received 10 results and 0 failures
[2025-12-04 01:00:50,904][flwr][INFO] - fit progress: (2, 149.34670448303223, {'accuracy': 0.5766}, 153.22569083300186)
[2025-12-04 01:00:50,905][flwr][DEBUG] - evaluate_round 2: strategy sampled 100 clients (out of 100)
[2025-12-04 01:02:53,885][flwr][DEBUG] - evaluate_round 2 received 100 results and 0 failures
[2025-12-04 01:02:53,887][flwr][DEBUG] - fit_round 3: strategy sampled 10 clients (out of 100)
[2025-12-04 01:03:07,089][flwr][DEBUG] - fit_round 3 received 10 results and 0 failures
[2025-12-04 01:03:08,476][flwr][INFO] - fit progress: (3, 64.42207980155945, {'accuracy': 0.7441}, 290.79618958296487)
[2025-12-04 01:03:08,477][flwr][DEBUG] - evaluate_round 3: strategy sampled 100 clients (out of 100)
[2025-12-04 01:05:12,745][flwr][DEBUG] - evaluate_round 3 received 100 results and 0 failures
[2025-12-04 01:05:12,746][flwr][DEBUG] - fit_round 4: strategy sampled 10 clients (out of 100)
[2025-12-04 01:05:25,385][flwr][DEBUG] - fit_round 4 received 10 results and 0 failures
[2025-12-04 01:05:26,683][flwr][INFO] - fit progress: (4, 50.71147820353508, {'accuracy': 0.7928}, 429.0118324579671)
[2025-12-04 01:05:26,683][flwr][DEBUG] - evaluate_round 4: strategy sampled 100 clients (out of 100)
[2025-12-04 01:07:35,734][flwr][DEBUG] - evaluate_round 4 received 100 results and 0 failures
[2025-12-04 01:07:35,736][flwr][DEBUG] - fit_round 5: strategy sampled 10 clients (out of 100)
[2025-12-04 01:07:48,647][flwr][DEBUG] - fit_round 5 received 10 results and 0 failures
[2025-12-04 01:07:49,923][flwr][INFO] - fit progress: (5, 36.70545546710491, {'accuracy': 0.8588}, 572.2508088749601)
[2025-12-04 01:07:49,924][flwr][DEBUG] - evaluate_round 5: strategy sampled 100 clients (out of 100)
[2025-12-04 01:09:51,136][flwr][DEBUG] - evaluate_round 5 received 100 results and 0 failures
[2025-12-04 01:09:51,138][flwr][DEBUG] - fit_round 6: strategy sampled 10 clients (out of 100)
[2025-12-04 01:10:02,971][flwr][DEBUG] - fit_round 6 received 10 results and 0 failures
[2025-12-04 01:10:04,246][flwr][INFO] - fit progress: (6, 31.07535818219185, {'accuracy': 0.8845}, 706.5720793330111)
[2025-12-04 01:10:04,246][flwr][DEBUG] - evaluate_round 6: strategy sampled 100 clients (out of 100)
[2025-12-04 01:12:17,762][flwr][DEBUG] - evaluate_round 6 received 100 results and 0 failures
[2025-12-04 01:12:17,763][flwr][DEBUG] - fit_round 7: strategy sampled 10 clients (out of 100)
[2025-12-04 01:12:30,998][flwr][DEBUG] - fit_round 7 received 10 results and 0 failures
[2025-12-04 01:12:32,311][flwr][INFO] - fit progress: (7, 23.273904401808977, {'accuracy': 0.9151}, 854.6358251249767)
[2025-12-04 01:12:32,311][flwr][DEBUG] - evaluate_round 7: strategy sampled 100 clients (out of 100)
