[2026-01-21 00:47:16,255][flwr][INFO] - Starting Flower simulation, config: ServerConfig(num_rounds=30, round_timeout=None)
[2026-01-21 00:47:20,972][flwr][INFO] - Flower VCE: Ray initialized with resources: {'CPU': 10.0, 'memory': 11477716173.0, 'node:127.0.0.1': 1.0, 'object_store_memory': 2147483648.0}
[2026-01-21 00:47:20,973][flwr][INFO] - Initializing global parameters
[2026-01-21 00:47:20,973][flwr][INFO] - Using initial parameters provided by strategy
[2026-01-21 00:47:20,973][flwr][INFO] - Evaluating initial parameters
[2026-01-21 00:47:21,585][flwr][INFO] - initial parameters (loss, other metrics): 1.4340404903996313, {'rmse': 11782.010694274555, 'mae': 9149.193359375, 'r2': 0.00890437044283554, 'mape': 79.91940307617188, 'accuracy_10': 11.735205352306366, 'accuracy_20': 21.46439254283905}
[2026-01-21 00:47:21,586][flwr][INFO] - FL starting
[2026-01-21 00:47:21,586][flwr][DEBUG] - fit_round 1: strategy sampled 9 clients (out of 12)
[2026-01-21 00:47:35,609][flwr][DEBUG] - fit_round 1 received 9 results and 0 failures
[2026-01-21 00:47:35,617][flwr][WARNING] - No fit_metrics_aggregation_fn provided
[2026-01-21 00:47:35,940][flwr][INFO] - fit progress: (1, 0.16886991787787783, {'rmse': 6374.497627264442, 'mae': 3238.061279296875, 'r2': 0.7098860417044561, 'mape': 17.150793075561523, 'accuracy_10': 42.67803430557251, 'accuracy_20': 77.3821473121643}, 14.35406816698378)
[2026-01-21 00:47:35,940][flwr][DEBUG] - evaluate_round 1: strategy sampled 8 clients (out of 12)
[2026-01-21 00:47:36,191][flwr][DEBUG] - evaluate_round 1 received 8 results and 0 failures
[2026-01-21 00:47:36,191][flwr][WARNING] - No evaluate_metrics_aggregation_fn provided
[2026-01-21 00:47:36,191][flwr][DEBUG] - fit_round 2: strategy sampled 9 clients (out of 12)
[2026-01-21 00:47:44,003][flwr][DEBUG] - fit_round 2 received 9 results and 0 failures
[2026-01-21 00:47:44,317][flwr][INFO] - fit progress: (2, 0.09554876845961469, {'rmse': 5089.822393757959, 'mae': 2323.023681640625, 'r2': 0.8150382289673802, 'mape': 12.289226531982422, 'accuracy_10': 54.91474270820618, 'accuracy_20': 87.41223812103271}, 22.731273374985904)
[2026-01-21 00:47:44,317][flwr][DEBUG] - evaluate_round 2: strategy sampled 8 clients (out of 12)
[2026-01-21 00:47:44,578][flwr][DEBUG] - evaluate_round 2 received 8 results and 0 failures
[2026-01-21 00:47:44,578][flwr][DEBUG] - fit_round 3: strategy sampled 9 clients (out of 12)
[2026-01-21 00:47:52,429][flwr][DEBUG] - fit_round 3 received 9 results and 0 failures
[2026-01-21 00:47:52,711][flwr][INFO] - fit progress: (3, 0.0691206195618707, {'rmse': 4685.200742764391, 'mae': 1936.0902099609375, 'r2': 0.8432768530249142, 'mape': 9.802547454833984, 'accuracy_10': 67.0511543750763, 'accuracy_20': 91.62487387657166}, 31.125597167003434)
[2026-01-21 00:47:52,712][flwr][DEBUG] - evaluate_round 3: strategy sampled 8 clients (out of 12)
[2026-01-21 00:47:52,942][flwr][DEBUG] - evaluate_round 3 received 8 results and 0 failures
[2026-01-21 00:47:52,942][flwr][DEBUG] - fit_round 4: strategy sampled 9 clients (out of 12)
[2026-01-21 00:48:00,764][flwr][DEBUG] - fit_round 4 received 9 results and 0 failures
[2026-01-21 00:48:01,024][flwr][INFO] - fit progress: (4, 0.055770799465320535, {'rmse': 4522.925601864351, 'mae': 1751.3878173828125, 'r2': 0.8539452785940544, 'mape': 8.384164810180664, 'accuracy_10': 74.7241735458374, 'accuracy_20': 93.27983856201172}, 39.43853174999822)
[2026-01-21 00:48:01,025][flwr][DEBUG] - evaluate_round 4: strategy sampled 8 clients (out of 12)
[2026-01-21 00:48:01,255][flwr][DEBUG] - evaluate_round 4 received 8 results and 0 failures
[2026-01-21 00:48:01,256][flwr][DEBUG] - fit_round 5: strategy sampled 9 clients (out of 12)
[2026-01-21 00:48:08,923][flwr][DEBUG] - fit_round 5 received 9 results and 0 failures
[2026-01-21 00:48:09,180][flwr][INFO] - fit progress: (5, 0.050908158661250244, {'rmse': 4427.204309719623, 'mae': 1608.58740234375, 'r2': 0.8600619368404849, 'mape': 7.615775108337402, 'accuracy_10': 79.9899697303772, 'accuracy_20': 94.08224821090698}, 47.59380108403275)
[2026-01-21 00:48:09,181][flwr][DEBUG] - evaluate_round 5: strategy sampled 8 clients (out of 12)
[2026-01-21 00:48:09,443][flwr][DEBUG] - evaluate_round 5 received 8 results and 0 failures
[2026-01-21 00:48:09,444][flwr][DEBUG] - fit_round 6: strategy sampled 9 clients (out of 12)
[2026-01-21 00:48:17,368][flwr][DEBUG] - fit_round 6 received 9 results and 0 failures
[2026-01-21 00:48:17,639][flwr][INFO] - fit progress: (6, 0.04935590502849912, {'rmse': 4462.724952313329, 'mae': 1521.5225830078125, 'r2': 0.8578074068668298, 'mape': 7.134057521820068, 'accuracy_10': 83.95185470581055, 'accuracy_20': 94.28284764289856}, 56.052584459015634)
[2026-01-21 00:48:17,639][flwr][DEBUG] - evaluate_round 6: strategy sampled 8 clients (out of 12)
[2026-01-21 00:48:17,908][flwr][DEBUG] - evaluate_round 6 received 8 results and 0 failures
[2026-01-21 00:48:17,908][flwr][DEBUG] - fit_round 7: strategy sampled 9 clients (out of 12)
[2026-01-21 00:48:26,043][flwr][DEBUG] - fit_round 7 received 9 results and 0 failures
[2026-01-21 00:48:26,317][flwr][INFO] - fit progress: (7, 0.04375530924151092, {'rmse': 4289.1495660561895, 'mae': 1464.8411865234375, 'r2': 0.8686533202989798, 'mape': 6.702621936798096, 'accuracy_10': 84.60381031036377, 'accuracy_20': 94.9849545955658}, 64.730926542019)
[2026-01-21 00:48:26,317][flwr][DEBUG] - evaluate_round 7: strategy sampled 8 clients (out of 12)
[2026-01-21 00:48:26,600][flwr][DEBUG] - evaluate_round 7 received 8 results and 0 failures
[2026-01-21 00:48:26,600][flwr][DEBUG] - fit_round 8: strategy sampled 9 clients (out of 12)
[2026-01-21 00:48:35,845][flwr][DEBUG] - fit_round 8 received 9 results and 0 failures
[2026-01-21 00:48:36,150][flwr][INFO] - fit progress: (8, 0.04105398286444134, {'rmse': 4221.360917997891, 'mae': 1450.039794921875, 'r2': 0.8727722941299182, 'mape': 6.482680797576904, 'accuracy_10': 84.85456109046936, 'accuracy_20': 95.18555402755737}, 74.56383587501477)
[2026-01-21 00:48:36,150][flwr][DEBUG] - evaluate_round 8: strategy sampled 8 clients (out of 12)
[2026-01-21 00:48:36,495][flwr][DEBUG] - evaluate_round 8 received 8 results and 0 failures
[2026-01-21 00:48:36,496][flwr][DEBUG] - fit_round 9: strategy sampled 9 clients (out of 12)
[2026-01-21 00:48:46,994][flwr][DEBUG] - fit_round 9 received 9 results and 0 failures
[2026-01-21 00:48:47,255][flwr][INFO] - fit progress: (9, 0.037810631367259304, {'rmse': 4179.448767481185, 'mae': 1454.369384765625, 'r2': 0.8752861335487787, 'mape': 6.259866237640381, 'accuracy_10': 84.50350761413574, 'accuracy_20': 95.48646211624146}, 85.66931137500796)
[2026-01-21 00:48:47,256][flwr][DEBUG] - evaluate_round 9: strategy sampled 8 clients (out of 12)
[2026-01-21 00:48:47,516][flwr][DEBUG] - evaluate_round 9 received 8 results and 0 failures
[2026-01-21 00:48:47,516][flwr][DEBUG] - fit_round 10: strategy sampled 9 clients (out of 12)
[2026-01-21 00:48:57,220][flwr][DEBUG] - fit_round 10 received 9 results and 0 failures
[2026-01-21 00:48:57,506][flwr][INFO] - fit progress: (10, 0.03733449013588003, {'rmse': 4059.584338328248, 'mae': 1355.2008056640625, 'r2': 0.8823370156320727, 'mape': 6.0130534172058105, 'accuracy_10': 86.65997982025146, 'accuracy_20': 95.2858567237854}, 95.91981250001118)
[2026-01-21 00:48:57,506][flwr][DEBUG] - evaluate_round 10: strategy sampled 8 clients (out of 12)
[2026-01-21 00:48:57,722][flwr][DEBUG] - evaluate_round 10 received 8 results and 0 failures
[2026-01-21 00:48:57,722][flwr][DEBUG] - fit_round 11: strategy sampled 9 clients (out of 12)
[2026-01-21 00:49:07,223][flwr][DEBUG] - fit_round 11 received 9 results and 0 failures
[2026-01-21 00:49:07,488][flwr][INFO] - fit progress: (11, 0.03672183805342424, {'rmse': 4088.981046666761, 'mae': 1367.0107421875, 'r2': 0.8806267773718491, 'mape': 5.94186544418335, 'accuracy_10': 86.35907769203186, 'accuracy_20': 95.43631076812744}, 105.90163345902693)
[2026-01-21 00:49:07,488][flwr][DEBUG] - evaluate_round 11: strategy sampled 8 clients (out of 12)
[2026-01-21 00:49:07,763][flwr][DEBUG] - evaluate_round 11 received 8 results and 0 failures
[2026-01-21 00:49:07,764][flwr][DEBUG] - fit_round 12: strategy sampled 9 clients (out of 12)
[2026-01-21 00:49:18,085][flwr][DEBUG] - fit_round 12 received 9 results and 0 failures
[2026-01-21 00:49:18,351][flwr][INFO] - fit progress: (12, 0.035889643004375214, {'rmse': 4046.329942058606, 'mae': 1351.1351318359375, 'r2': 0.8831040911319074, 'mape': 5.881767272949219, 'accuracy_10': 86.96088194847107, 'accuracy_20': 95.53660750389099}, 116.76467633398715)
[2026-01-21 00:49:18,351][flwr][DEBUG] - evaluate_round 12: strategy sampled 8 clients (out of 12)
[2026-01-21 00:49:18,620][flwr][DEBUG] - evaluate_round 12 received 8 results and 0 failures
[2026-01-21 00:49:18,620][flwr][DEBUG] - fit_round 13: strategy sampled 9 clients (out of 12)
[2026-01-21 00:49:28,673][flwr][DEBUG] - fit_round 13 received 9 results and 0 failures
[2026-01-21 00:49:28,953][flwr][INFO] - fit progress: (13, 0.038592814356686475, {'rmse': 4116.832520275752, 'mae': 1290.8935546875, 'r2': 0.8789950535121067, 'mape': 5.806092739105225, 'accuracy_10': 88.2146418094635, 'accuracy_20': 94.93480324745178}, 127.36623633402633)
[2026-01-21 00:49:28,953][flwr][DEBUG] - evaluate_round 13: strategy sampled 8 clients (out of 12)
[2026-01-21 00:49:29,234][flwr][DEBUG] - evaluate_round 13 received 8 results and 0 failures
[2026-01-21 00:49:29,235][flwr][DEBUG] - fit_round 14: strategy sampled 9 clients (out of 12)
[2026-01-21 00:49:38,758][flwr][DEBUG] - fit_round 14 received 9 results and 0 failures
[2026-01-21 00:49:39,019][flwr][INFO] - fit progress: (14, 0.03491029356127098, {'rmse': 3993.3005146119417, 'mae': 1322.39111328125, 'r2': 0.8861479889167321, 'mape': 5.699241638183594, 'accuracy_10': 87.01103329658508, 'accuracy_20': 95.53660750389099}, 137.43248816701816)
[2026-01-21 00:49:39,019][flwr][DEBUG] - evaluate_round 14: strategy sampled 8 clients (out of 12)
[2026-01-21 00:49:39,320][flwr][DEBUG] - evaluate_round 14 received 8 results and 0 failures
[2026-01-21 00:49:39,321][flwr][DEBUG] - fit_round 15: strategy sampled 9 clients (out of 12)
[2026-01-21 00:49:48,823][flwr][DEBUG] - fit_round 15 received 9 results and 0 failures
[2026-01-21 00:49:49,114][flwr][INFO] - fit progress: (15, 0.03709055974037053, {'rmse': 4020.1351967315727, 'mae': 1292.703369140625, 'r2': 0.8846126939695074, 'mape': 5.750629901885986, 'accuracy_10': 87.21163272857666, 'accuracy_20': 94.88465189933777}, 147.52768891700543)
[2026-01-21 00:49:49,115][flwr][DEBUG] - evaluate_round 15: strategy sampled 8 clients (out of 12)
[2026-01-21 00:49:49,368][flwr][DEBUG] - evaluate_round 15 received 8 results and 0 failures
[2026-01-21 00:49:49,368][flwr][DEBUG] - fit_round 16: strategy sampled 9 clients (out of 12)
[2026-01-21 00:49:58,849][flwr][DEBUG] - fit_round 16 received 9 results and 0 failures
[2026-01-21 00:49:59,125][flwr][INFO] - fit progress: (16, 0.03461652121122706, {'rmse': 4005.59396344662, 'mae': 1340.4134521484375, 'r2': 0.885445920436629, 'mape': 5.679915904998779, 'accuracy_10': 86.71013116836548, 'accuracy_20': 95.2858567237854}, 157.53810850001173)
[2026-01-21 00:49:59,125][flwr][DEBUG] - evaluate_round 16: strategy sampled 8 clients (out of 12)
[2026-01-21 00:49:59,242][flwr][DEBUG] - evaluate_round 16 received 8 results and 0 failures
[2026-01-21 00:49:59,242][flwr][DEBUG] - fit_round 17: strategy sampled 9 clients (out of 12)
[2026-01-21 00:50:09,090][flwr][DEBUG] - fit_round 17 received 9 results and 0 failures
[2026-01-21 00:50:09,358][flwr][INFO] - fit progress: (17, 0.03458308573502117, {'rmse': 4001.460608327914, 'mae': 1332.775390625, 'r2': 0.8856822116037816, 'mape': 5.683856964111328, 'accuracy_10': 86.50952577590942, 'accuracy_20': 95.23570537567139}, 167.77098608401138)
[2026-01-21 00:50:09,358][flwr][DEBUG] - evaluate_round 17: strategy sampled 8 clients (out of 12)
[2026-01-21 00:50:09,521][flwr][DEBUG] - evaluate_round 17 received 8 results and 0 failures
[2026-01-21 00:50:09,521][flwr][DEBUG] - fit_round 18: strategy sampled 9 clients (out of 12)
[2026-01-21 00:50:18,851][flwr][DEBUG] - fit_round 18 received 9 results and 0 failures
[2026-01-21 00:50:19,100][flwr][INFO] - fit progress: (18, 0.03435642215065516, {'rmse': 3988.8784137900216, 'mae': 1327.2388916015625, 'r2': 0.8864000020297736, 'mape': 5.692595958709717, 'accuracy_10': 87.3620867729187, 'accuracy_20': 95.38615942001343}, 177.5130999169778)
[2026-01-21 00:50:19,100][flwr][DEBUG] - evaluate_round 18: strategy sampled 8 clients (out of 12)
[2026-01-21 00:50:19,197][flwr][DEBUG] - evaluate_round 18 received 8 results and 0 failures
[2026-01-21 00:50:19,198][flwr][DEBUG] - fit_round 19: strategy sampled 9 clients (out of 12)
[2026-01-21 00:50:28,500][flwr][DEBUG] - fit_round 19 received 9 results and 0 failures
[2026-01-21 00:50:28,770][flwr][INFO] - fit progress: (19, 0.03432317798137067, {'rmse': 3989.129604312199, 'mae': 1347.246826171875, 'r2': 0.8863856953523347, 'mape': 5.76515531539917, 'accuracy_10': 86.86057925224304, 'accuracy_20': 95.48646211624146}, 187.18312537501333)
[2026-01-21 00:50:28,770][flwr][DEBUG] - evaluate_round 19: strategy sampled 8 clients (out of 12)
[2026-01-21 00:50:29,041][flwr][DEBUG] - evaluate_round 19 received 8 results and 0 failures
[2026-01-21 00:50:29,042][flwr][DEBUG] - fit_round 20: strategy sampled 9 clients (out of 12)
[2026-01-21 00:50:38,641][flwr][DEBUG] - fit_round 20 received 9 results and 0 failures
[2026-01-21 00:50:38,892][flwr][INFO] - fit progress: (20, 0.03701032487789511, {'rmse': 4050.687225644557, 'mae': 1271.778564453125, 'r2': 0.8828522026798175, 'mape': 5.672866344451904, 'accuracy_10': 87.71314024925232, 'accuracy_20': 94.78435516357422}, 197.3053291250253)
[2026-01-21 00:50:38,893][flwr][DEBUG] - evaluate_round 20: strategy sampled 8 clients (out of 12)
[2026-01-21 00:50:39,170][flwr][DEBUG] - evaluate_round 20 received 8 results and 0 failures
[2026-01-21 00:50:39,170][flwr][DEBUG] - fit_round 21: strategy sampled 9 clients (out of 12)
[2026-01-21 00:50:48,918][flwr][DEBUG] - fit_round 21 received 9 results and 0 failures
[2026-01-21 00:50:49,178][flwr][INFO] - fit progress: (21, 0.03484406488701895, {'rmse': 3980.876411043176, 'mae': 1353.5933837890625, 'r2': 0.8868553298217858, 'mape': 5.779820442199707, 'accuracy_10': 86.76028251647949, 'accuracy_20': 95.13540863990784}, 207.59107850003056)
[2026-01-21 00:50:49,178][flwr][DEBUG] - evaluate_round 21: strategy sampled 8 clients (out of 12)
[2026-01-21 00:50:49,287][flwr][DEBUG] - evaluate_round 21 received 8 results and 0 failures
[2026-01-21 00:50:49,287][flwr][DEBUG] - fit_round 22: strategy sampled 9 clients (out of 12)
[2026-01-21 00:50:58,889][flwr][DEBUG] - fit_round 22 received 9 results and 0 failures
[2026-01-21 00:50:59,162][flwr][INFO] - fit progress: (22, 0.035053066133989494, {'rmse': 4055.7578823199, 'mae': 1388.2232666015625, 'r2': 0.8825587214678947, 'mape': 5.872664928436279, 'accuracy_10': 86.25877499580383, 'accuracy_20': 95.08525729179382}, 217.57493983401218)
[2026-01-21 00:50:59,162][flwr][DEBUG] - evaluate_round 22: strategy sampled 8 clients (out of 12)
[2026-01-21 00:50:59,396][flwr][DEBUG] - evaluate_round 22 received 8 results and 0 failures
[2026-01-21 00:50:59,396][flwr][DEBUG] - fit_round 23: strategy sampled 9 clients (out of 12)
[2026-01-21 00:51:08,557][flwr][DEBUG] - fit_round 23 received 9 results and 0 failures
[2026-01-21 00:51:08,803][flwr][INFO] - fit progress: (23, 0.03430566835285369, {'rmse': 4033.0513262293107, 'mae': 1387.8211669921875, 'r2': 0.8838700593491724, 'mape': 5.892920970916748, 'accuracy_10': 86.60982847213745, 'accuracy_20': 95.23570537567139}, 227.21608545898926)
[2026-01-21 00:51:08,803][flwr][DEBUG] - evaluate_round 23: strategy sampled 8 clients (out of 12)
[2026-01-21 00:51:09,010][flwr][DEBUG] - evaluate_round 23 received 8 results and 0 failures
[2026-01-21 00:51:09,010][flwr][DEBUG] - fit_round 24: strategy sampled 9 clients (out of 12)
[2026-01-21 00:51:17,988][flwr][DEBUG] - fit_round 24 received 9 results and 0 failures
[2026-01-21 00:51:18,251][flwr][INFO] - fit progress: (24, 0.03474803576797038, {'rmse': 4031.890499505164, 'mae': 1385.7152099609375, 'r2': 0.8839368996181913, 'mape': 5.932495594024658, 'accuracy_10': 86.60982847213745, 'accuracy_20': 95.08525729179382}, 236.66349258401897)
[2026-01-21 00:51:18,251][flwr][DEBUG] - evaluate_round 24: strategy sampled 8 clients (out of 12)
[2026-01-21 00:51:18,343][flwr][DEBUG] - evaluate_round 24 received 8 results and 0 failures
[2026-01-21 00:51:18,344][flwr][DEBUG] - fit_round 25: strategy sampled 9 clients (out of 12)
[2026-01-21 00:51:27,796][flwr][DEBUG] - fit_round 25 received 9 results and 0 failures
[2026-01-21 00:51:28,073][flwr][INFO] - fit progress: (25, 0.03623167360565787, {'rmse': 3998.3579129437626, 'mae': 1312.6578369140625, 'r2': 0.8858594281458968, 'mape': 5.889837741851807, 'accuracy_10': 87.16148734092712, 'accuracy_20': 94.93480324745178}, 246.48560704197735)
[2026-01-21 00:51:28,073][flwr][DEBUG] - evaluate_round 25: strategy sampled 8 clients (out of 12)
[2026-01-21 00:51:28,285][flwr][DEBUG] - evaluate_round 25 received 8 results and 0 failures
[2026-01-21 00:51:28,286][flwr][DEBUG] - fit_round 26: strategy sampled 9 clients (out of 12)
[2026-01-21 00:51:37,660][flwr][DEBUG] - fit_round 26 received 9 results and 0 failures
[2026-01-21 00:51:37,915][flwr][INFO] - fit progress: (26, 0.0345384288680111, {'rmse': 3990.855171513995, 'mae': 1397.3388671875, 'r2': 0.8862873818595496, 'mape': 5.988735198974609, 'accuracy_10': 86.20862364768982, 'accuracy_20': 95.13540863990784}, 256.3278816670063)
[2026-01-21 00:51:37,915][flwr][DEBUG] - evaluate_round 26: strategy sampled 8 clients (out of 12)
[2026-01-21 00:51:38,276][flwr][DEBUG] - evaluate_round 26 received 8 results and 0 failures
[2026-01-21 00:51:38,276][flwr][DEBUG] - fit_round 27: strategy sampled 9 clients (out of 12)
[2026-01-21 00:51:48,052][flwr][DEBUG] - fit_round 27 received 9 results and 0 failures
[2026-01-21 00:51:48,314][flwr][INFO] - fit progress: (27, 0.03453295708913263, {'rmse': 3986.800095314537, 'mae': 1367.1099853515625, 'r2': 0.8865183492707716, 'mape': 5.915203094482422, 'accuracy_10': 86.55967712402344, 'accuracy_20': 95.08525729179382}, 266.7267238749773)
[2026-01-21 00:51:48,314][flwr][DEBUG] - evaluate_round 27: strategy sampled 8 clients (out of 12)
[2026-01-21 00:51:48,426][flwr][DEBUG] - evaluate_round 27 received 8 results and 0 failures
[2026-01-21 00:51:48,427][flwr][DEBUG] - fit_round 28: strategy sampled 9 clients (out of 12)
[2026-01-21 00:51:57,729][flwr][DEBUG] - fit_round 28 received 9 results and 0 failures
[2026-01-21 00:51:58,006][flwr][INFO] - fit progress: (28, 0.03415037470392382, {'rmse': 3990.1274415737653, 'mae': 1374.08447265625, 'r2': 0.8863288499584308, 'mape': 5.86904239654541, 'accuracy_10': 86.40922904014587, 'accuracy_20': 94.83450055122375}, 276.41827833402203)
[2026-01-21 00:51:58,006][flwr][DEBUG] - evaluate_round 28: strategy sampled 8 clients (out of 12)
[2026-01-21 00:51:58,118][flwr][DEBUG] - evaluate_round 28 received 8 results and 0 failures
[2026-01-21 00:51:58,118][flwr][DEBUG] - fit_round 29: strategy sampled 9 clients (out of 12)
[2026-01-21 00:52:07,813][flwr][DEBUG] - fit_round 29 received 9 results and 0 failures
[2026-01-21 00:52:08,083][flwr][INFO] - fit progress: (29, 0.036346504967304745, {'rmse': 4020.5576727613297, 'mae': 1311.6868896484375, 'r2': 0.8845884437479336, 'mape': 5.824329853057861, 'accuracy_10': 87.01103329658508, 'accuracy_20': 94.53359842300415}, 286.4958131670137)
[2026-01-21 00:52:08,084][flwr][DEBUG] - evaluate_round 29: strategy sampled 8 clients (out of 12)
[2026-01-21 00:52:08,273][flwr][DEBUG] - evaluate_round 29 received 8 results and 0 failures
[2026-01-21 00:52:08,273][flwr][DEBUG] - fit_round 30: strategy sampled 9 clients (out of 12)
[2026-01-21 00:52:18,043][flwr][DEBUG] - fit_round 30 received 9 results and 0 failures
[2026-01-21 00:52:18,320][flwr][INFO] - fit progress: (30, 0.035199710204375304, {'rmse': 4139.083956626152, 'mae': 1539.4468994140625, 'r2': 0.8776834663089259, 'mape': 6.2817277908325195, 'accuracy_10': 84.25275683403015, 'accuracy_20': 94.78435516357422}, 296.73246337502496)
[2026-01-21 00:52:18,321][flwr][DEBUG] - evaluate_round 30: strategy sampled 8 clients (out of 12)
[2026-01-21 00:52:18,816][flwr][DEBUG] - evaluate_round 30 received 8 results and 0 failures
[2026-01-21 00:52:18,816][flwr][INFO] - FL finished in 297.22874183399836
[2026-01-21 00:52:18,819][flwr][INFO] - app_fit: losses_distributed [(1, 0.1826730401322365), (2, 0.08083451649480565), (3, 0.07735394404979294), (4, 0.04852361713486087), (5, 0.06374128966623803), (6, 0.05022229959195464), (7, 0.04374993660722332), (8, 0.048490288636911516), (9, 0.04911372995910683), (10, 0.047323401476372234), (11, 0.024884306050584632), (12, 0.03351950892672752), (13, 0.027329462197137014), (14, 0.037108520061490936), (15, 0.05928526216520605), (16, 0.02512182679212193), (17, 0.049015840857399566), (18, 0.04358558511716526), (19, 0.025853878888530905), (20, 0.03483673835122907), (21, 0.03310901233731278), (22, 0.060906282151841275), (23, 0.023842653322270542), (24, 0.03492445147475901), (25, 0.058036498649439015), (26, 0.04162738571356615), (27, 0.02751134051147712), (28, 0.04268281251550878), (29, 0.025016032442829562), (30, 0.04647604738860399)]
[2026-01-21 00:52:18,819][flwr][INFO] - app_fit: metrics_distributed_fit {'scaffold_updates': [(1, 9), (2, 9), (3, 9), (4, 9), (5, 9), (6, 9), (7, 9), (8, 9), (9, 9), (10, 9), (11, 9), (12, 9), (13, 9), (14, 9), (15, 9), (16, 9), (17, 9), (18, 9), (19, 9), (20, 9), (21, 9), (22, 9), (23, 9), (24, 9), (25, 9), (26, 9), (27, 9), (28, 9), (29, 9), (30, 9)], 'avg_control_delta_norm': [(1, 1.0097012125315197), (2, 0.623127087644066), (3, 0.46299772399983596), (4, 0.36680907794143924), (5, 0.32765722557495425), (6, 0.3159839951194267), (7, 0.26569174403671153), (8, 0.4090037780537099), (9, 0.3336372951203209), (10, 0.28372318535392993), (11, 0.2975047365293317), (12, 0.24397617838810615), (13, 0.286431119332373), (14, 0.2527046534910234), (15, 0.26681275464798687), (16, 0.22733995859515557), (17, 0.2066240048029612), (18, 0.21640022846592674), (19, 0.23491382612619433), (20, 0.20318053493982868), (21, 0.1988968244435217), (22, 0.19858958825523743), (23, 0.2145693801433461), (24, 0.2138595544328308), (25, 0.2157871065682485), (26, 0.1918047855189303), (27, 0.1843711397178429), (28, 0.17913011538011062), (29, 0.16957523168098831), (30, 0.1984405451046512)]}
[2026-01-21 00:52:18,820][flwr][INFO] - app_fit: metrics_distributed {}
[2026-01-21 00:52:18,820][flwr][INFO] - app_fit: losses_centralized [(0, 1.4340404903996313), (1, 0.16886991787787783), (2, 0.09554876845961469), (3, 0.0691206195618707), (4, 0.055770799465320535), (5, 0.050908158661250244), (6, 0.04935590502849912), (7, 0.04375530924151092), (8, 0.04105398286444134), (9, 0.037810631367259304), (10, 0.03733449013588003), (11, 0.03672183805342424), (12, 0.035889643004375214), (13, 0.038592814356686475), (14, 0.03491029356127098), (15, 0.03709055974037053), (16, 0.03461652121122706), (17, 0.03458308573502117), (18, 0.03435642215065516), (19, 0.03432317798137067), (20, 0.03701032487789511), (21, 0.03484406488701895), (22, 0.035053066133989494), (23, 0.03430566835285369), (24, 0.03474803576797038), (25, 0.03623167360565787), (26, 0.0345384288680111), (27, 0.03453295708913263), (28, 0.03415037470392382), (29, 0.036346504967304745), (30, 0.035199710204375304)]
[2026-01-21 00:52:18,820][flwr][INFO] - app_fit: metrics_centralized {'rmse': [(0, 11782.010694274555), (1, 6374.497627264442), (2, 5089.822393757959), (3, 4685.200742764391), (4, 4522.925601864351), (5, 4427.204309719623), (6, 4462.724952313329), (7, 4289.1495660561895), (8, 4221.360917997891), (9, 4179.448767481185), (10, 4059.584338328248), (11, 4088.981046666761), (12, 4046.329942058606), (13, 4116.832520275752), (14, 3993.3005146119417), (15, 4020.1351967315727), (16, 4005.59396344662), (17, 4001.460608327914), (18, 3988.8784137900216), (19, 3989.129604312199), (20, 4050.687225644557), (21, 3980.876411043176), (22, 4055.7578823199), (23, 4033.0513262293107), (24, 4031.890499505164), (25, 3998.3579129437626), (26, 3990.855171513995), (27, 3986.800095314537), (28, 3990.1274415737653), (29, 4020.5576727613297), (30, 4139.083956626152)], 'mae': [(0, 9149.193359375), (1, 3238.061279296875), (2, 2323.023681640625), (3, 1936.0902099609375), (4, 1751.3878173828125), (5, 1608.58740234375), (6, 1521.5225830078125), (7, 1464.8411865234375), (8, 1450.039794921875), (9, 1454.369384765625), (10, 1355.2008056640625), (11, 1367.0107421875), (12, 1351.1351318359375), (13, 1290.8935546875), (14, 1322.39111328125), (15, 1292.703369140625), (16, 1340.4134521484375), (17, 1332.775390625), (18, 1327.2388916015625), (19, 1347.246826171875), (20, 1271.778564453125), (21, 1353.5933837890625), (22, 1388.2232666015625), (23, 1387.8211669921875), (24, 1385.7152099609375), (25, 1312.6578369140625), (26, 1397.3388671875), (27, 1367.1099853515625), (28, 1374.08447265625), (29, 1311.6868896484375), (30, 1539.4468994140625)], 'r2': [(0, 0.00890437044283554), (1, 0.7098860417044561), (2, 0.8150382289673802), (3, 0.8432768530249142), (4, 0.8539452785940544), (5, 0.8600619368404849), (6, 0.8578074068668298), (7, 0.8686533202989798), (8, 0.8727722941299182), (9, 0.8752861335487787), (10, 0.8823370156320727), (11, 0.8806267773718491), (12, 0.8831040911319074), (13, 0.8789950535121067), (14, 0.8861479889167321), (15, 0.8846126939695074), (16, 0.885445920436629), (17, 0.8856822116037816), (18, 0.8864000020297736), (19, 0.8863856953523347), (20, 0.8828522026798175), (21, 0.8868553298217858), (22, 0.8825587214678947), (23, 0.8838700593491724), (24, 0.8839368996181913), (25, 0.8858594281458968), (26, 0.8862873818595496), (27, 0.8865183492707716), (28, 0.8863288499584308), (29, 0.8845884437479336), (30, 0.8776834663089259)], 'mape': [(0, 79.91940307617188), (1, 17.150793075561523), (2, 12.289226531982422), (3, 9.802547454833984), (4, 8.384164810180664), (5, 7.615775108337402), (6, 7.134057521820068), (7, 6.702621936798096), (8, 6.482680797576904), (9, 6.259866237640381), (10, 6.0130534172058105), (11, 5.94186544418335), (12, 5.881767272949219), (13, 5.806092739105225), (14, 5.699241638183594), (15, 5.750629901885986), (16, 5.679915904998779), (17, 5.683856964111328), (18, 5.692595958709717), (19, 5.76515531539917), (20, 5.672866344451904), (21, 5.779820442199707), (22, 5.872664928436279), (23, 5.892920970916748), (24, 5.932495594024658), (25, 5.889837741851807), (26, 5.988735198974609), (27, 5.915203094482422), (28, 5.86904239654541), (29, 5.824329853057861), (30, 6.2817277908325195)], 'accuracy_10': [(0, 11.735205352306366), (1, 42.67803430557251), (2, 54.91474270820618), (3, 67.0511543750763), (4, 74.7241735458374), (5, 79.9899697303772), (6, 83.95185470581055), (7, 84.60381031036377), (8, 84.85456109046936), (9, 84.50350761413574), (10, 86.65997982025146), (11, 86.35907769203186), (12, 86.96088194847107), (13, 88.2146418094635), (14, 87.01103329658508), (15, 87.21163272857666), (16, 86.71013116836548), (17, 86.50952577590942), (18, 87.3620867729187), (19, 86.86057925224304), (20, 87.71314024925232), (21, 86.76028251647949), (22, 86.25877499580383), (23, 86.60982847213745), (24, 86.60982847213745), (25, 87.16148734092712), (26, 86.20862364768982), (27, 86.55967712402344), (28, 86.40922904014587), (29, 87.01103329658508), (30, 84.25275683403015)], 'accuracy_20': [(0, 21.46439254283905), (1, 77.3821473121643), (2, 87.41223812103271), (3, 91.62487387657166), (4, 93.27983856201172), (5, 94.08224821090698), (6, 94.28284764289856), (7, 94.9849545955658), (8, 95.18555402755737), (9, 95.48646211624146), (10, 95.2858567237854), (11, 95.43631076812744), (12, 95.53660750389099), (13, 94.93480324745178), (14, 95.53660750389099), (15, 94.88465189933777), (16, 95.2858567237854), (17, 95.23570537567139), (18, 95.38615942001343), (19, 95.48646211624146), (20, 94.78435516357422), (21, 95.13540863990784), (22, 95.08525729179382), (23, 95.23570537567139), (24, 95.08525729179382), (25, 94.93480324745178), (26, 95.13540863990784), (27, 95.08525729179382), (28, 94.83450055122375), (29, 94.53359842300415), (30, 94.78435516357422)]}
