[2026-01-11 10:12:48,848][flwr][INFO] - Starting Flower simulation, config: ServerConfig(num_rounds=50, round_timeout=None)
[2026-01-11 10:12:54,064][flwr][INFO] - Flower VCE: Ray initialized with resources: {'memory': 11825295770.0, 'CPU': 10.0, 'object_store_memory': 2147483648.0, 'node:127.0.0.1': 1.0}
[2026-01-11 10:12:54,065][flwr][INFO] - Initializing global parameters
[2026-01-11 10:12:54,065][flwr][INFO] - Using initial parameters provided by strategy
[2026-01-11 10:12:54,065][flwr][INFO] - Evaluating initial parameters
[2026-01-11 10:12:54,126][flwr][INFO] - initial parameters (loss, other metrics): 68.07474291324615, {'accuracy': 0.507}
[2026-01-11 10:12:54,126][flwr][INFO] - FL starting
[2026-01-11 10:12:54,126][flwr][DEBUG] - fit_round 1: strategy sampled 100 clients (out of 100)
[2026-01-11 10:12:59,821][flwr][DEBUG] - fit_round 1 received 100 results and 0 failures
[2026-01-11 10:12:59,856][flwr][WARNING] - No fit_metrics_aggregation_fn provided
[2026-01-11 10:12:59,887][flwr][INFO] - fit progress: (1, 64.1715236902237, {'accuracy': 0.507}, 5.7610324999986915)
[2026-01-11 10:12:59,888][flwr][DEBUG] - evaluate_round 1: strategy sampled 100 clients (out of 100)
[2026-01-11 10:13:00,337][flwr][DEBUG] - evaluate_round 1 received 100 results and 0 failures
[2026-01-11 10:13:00,337][flwr][WARNING] - No evaluate_metrics_aggregation_fn provided
[2026-01-11 10:13:00,338][flwr][DEBUG] - fit_round 2: strategy sampled 100 clients (out of 100)
[2026-01-11 10:13:01,547][flwr][DEBUG] - fit_round 2 received 100 results and 0 failures
[2026-01-11 10:13:01,600][flwr][INFO] - fit progress: (2, 55.55871385335922, {'accuracy': 0.5785}, 7.474058292005793)
[2026-01-11 10:13:01,601][flwr][DEBUG] - evaluate_round 2: strategy sampled 100 clients (out of 100)
[2026-01-11 10:13:02,078][flwr][DEBUG] - evaluate_round 2 received 100 results and 0 failures
[2026-01-11 10:13:02,079][flwr][DEBUG] - fit_round 3: strategy sampled 100 clients (out of 100)
[2026-01-11 10:13:03,081][flwr][DEBUG] - fit_round 3 received 100 results and 0 failures
[2026-01-11 10:13:03,193][flwr][INFO] - fit progress: (3, 50.61090838909149, {'accuracy': 0.601}, 9.066699542003334)
[2026-01-11 10:13:03,193][flwr][DEBUG] - evaluate_round 3: strategy sampled 100 clients (out of 100)
[2026-01-11 10:13:03,677][flwr][DEBUG] - evaluate_round 3 received 100 results and 0 failures
[2026-01-11 10:13:03,677][flwr][DEBUG] - fit_round 4: strategy sampled 100 clients (out of 100)
[2026-01-11 10:13:04,646][flwr][DEBUG] - fit_round 4 received 100 results and 0 failures
[2026-01-11 10:13:04,712][flwr][INFO] - fit progress: (4, 48.43846249580383, {'accuracy': 0.605}, 10.586156458011828)
[2026-01-11 10:13:04,713][flwr][DEBUG] - evaluate_round 4: strategy sampled 100 clients (out of 100)
[2026-01-11 10:13:05,079][flwr][DEBUG] - evaluate_round 4 received 100 results and 0 failures
[2026-01-11 10:13:05,080][flwr][DEBUG] - fit_round 5: strategy sampled 100 clients (out of 100)
[2026-01-11 10:13:05,951][flwr][DEBUG] - fit_round 5 received 100 results and 0 failures
[2026-01-11 10:13:06,009][flwr][INFO] - fit progress: (5, 47.16778561472893, {'accuracy': 0.6065}, 11.88267733300745)
[2026-01-11 10:13:06,009][flwr][DEBUG] - evaluate_round 5: strategy sampled 100 clients (out of 100)
[2026-01-11 10:13:06,378][flwr][DEBUG] - evaluate_round 5 received 100 results and 0 failures
[2026-01-11 10:13:06,379][flwr][DEBUG] - fit_round 6: strategy sampled 100 clients (out of 100)
[2026-01-11 10:13:07,231][flwr][DEBUG] - fit_round 6 received 100 results and 0 failures
[2026-01-11 10:13:07,284][flwr][INFO] - fit progress: (6, 46.09542974829674, {'accuracy': 0.607}, 13.158008625003276)
[2026-01-11 10:13:07,284][flwr][DEBUG] - evaluate_round 6: strategy sampled 100 clients (out of 100)
[2026-01-11 10:13:07,645][flwr][DEBUG] - evaluate_round 6 received 100 results and 0 failures
[2026-01-11 10:13:07,645][flwr][DEBUG] - fit_round 7: strategy sampled 100 clients (out of 100)
[2026-01-11 10:13:08,474][flwr][DEBUG] - fit_round 7 received 100 results and 0 failures
[2026-01-11 10:13:08,527][flwr][INFO] - fit progress: (7, 45.49669215083122, {'accuracy': 0.6055}, 14.400510500010569)
[2026-01-11 10:13:08,527][flwr][DEBUG] - evaluate_round 7: strategy sampled 100 clients (out of 100)
[2026-01-11 10:13:08,890][flwr][DEBUG] - evaluate_round 7 received 100 results and 0 failures
[2026-01-11 10:13:08,890][flwr][DEBUG] - fit_round 8: strategy sampled 100 clients (out of 100)
[2026-01-11 10:13:09,730][flwr][DEBUG] - fit_round 8 received 100 results and 0 failures
[2026-01-11 10:13:09,781][flwr][INFO] - fit progress: (8, 45.00846502184868, {'accuracy': 0.6065}, 15.654732583003351)
[2026-01-11 10:13:09,781][flwr][DEBUG] - evaluate_round 8: strategy sampled 100 clients (out of 100)
[2026-01-11 10:13:10,142][flwr][DEBUG] - evaluate_round 8 received 100 results and 0 failures
[2026-01-11 10:13:10,142][flwr][DEBUG] - fit_round 9: strategy sampled 100 clients (out of 100)
[2026-01-11 10:13:11,013][flwr][DEBUG] - fit_round 9 received 100 results and 0 failures
[2026-01-11 10:13:11,064][flwr][INFO] - fit progress: (9, 44.63827785849571, {'accuracy': 0.6065}, 16.937844583007973)
[2026-01-11 10:13:11,064][flwr][DEBUG] - evaluate_round 9: strategy sampled 100 clients (out of 100)
[2026-01-11 10:13:11,430][flwr][DEBUG] - evaluate_round 9 received 100 results and 0 failures
[2026-01-11 10:13:11,431][flwr][DEBUG] - fit_round 10: strategy sampled 100 clients (out of 100)
[2026-01-11 10:13:12,262][flwr][DEBUG] - fit_round 10 received 100 results and 0 failures
[2026-01-11 10:13:12,316][flwr][INFO] - fit progress: (10, 44.38057118654251, {'accuracy': 0.606}, 18.189329291999456)
[2026-01-11 10:13:12,316][flwr][DEBUG] - evaluate_round 10: strategy sampled 100 clients (out of 100)
[2026-01-11 10:13:12,685][flwr][DEBUG] - evaluate_round 10 received 100 results and 0 failures
[2026-01-11 10:13:12,685][flwr][DEBUG] - fit_round 11: strategy sampled 100 clients (out of 100)
[2026-01-11 10:13:13,518][flwr][DEBUG] - fit_round 11 received 100 results and 0 failures
[2026-01-11 10:13:13,571][flwr][INFO] - fit progress: (11, 44.182112365961075, {'accuracy': 0.608}, 19.444408374998602)
[2026-01-11 10:13:13,571][flwr][DEBUG] - evaluate_round 11: strategy sampled 100 clients (out of 100)
[2026-01-11 10:13:13,946][flwr][DEBUG] - evaluate_round 11 received 100 results and 0 failures
[2026-01-11 10:13:13,946][flwr][DEBUG] - fit_round 12: strategy sampled 100 clients (out of 100)
[2026-01-11 10:13:14,792][flwr][DEBUG] - fit_round 12 received 100 results and 0 failures
[2026-01-11 10:13:14,845][flwr][INFO] - fit progress: (12, 44.09209322929382, {'accuracy': 0.61}, 20.719063458003802)
[2026-01-11 10:13:14,846][flwr][DEBUG] - evaluate_round 12: strategy sampled 100 clients (out of 100)
[2026-01-11 10:13:15,247][flwr][DEBUG] - evaluate_round 12 received 100 results and 0 failures
[2026-01-11 10:13:15,247][flwr][DEBUG] - fit_round 13: strategy sampled 100 clients (out of 100)
[2026-01-11 10:13:16,100][flwr][DEBUG] - fit_round 13 received 100 results and 0 failures
[2026-01-11 10:13:16,152][flwr][INFO] - fit progress: (13, 43.97027498483658, {'accuracy': 0.6085}, 22.025468708001426)
[2026-01-11 10:13:16,152][flwr][DEBUG] - evaluate_round 13: strategy sampled 100 clients (out of 100)
[2026-01-11 10:13:16,535][flwr][DEBUG] - evaluate_round 13 received 100 results and 0 failures
[2026-01-11 10:13:16,535][flwr][DEBUG] - fit_round 14: strategy sampled 100 clients (out of 100)
[2026-01-11 10:13:17,422][flwr][DEBUG] - fit_round 14 received 100 results and 0 failures
[2026-01-11 10:13:17,475][flwr][INFO] - fit progress: (14, 43.8605238199234, {'accuracy': 0.6085}, 23.348631667002337)
[2026-01-11 10:13:17,475][flwr][DEBUG] - evaluate_round 14: strategy sampled 100 clients (out of 100)
[2026-01-11 10:13:17,906][flwr][DEBUG] - evaluate_round 14 received 100 results and 0 failures
[2026-01-11 10:13:17,907][flwr][DEBUG] - fit_round 15: strategy sampled 100 clients (out of 100)
[2026-01-11 10:13:18,805][flwr][DEBUG] - fit_round 15 received 100 results and 0 failures
[2026-01-11 10:13:18,858][flwr][INFO] - fit progress: (15, 43.7411504983902, {'accuracy': 0.61}, 24.731646000000183)
[2026-01-11 10:13:18,858][flwr][DEBUG] - evaluate_round 15: strategy sampled 100 clients (out of 100)
[2026-01-11 10:13:19,227][flwr][DEBUG] - evaluate_round 15 received 100 results and 0 failures
[2026-01-11 10:13:19,227][flwr][DEBUG] - fit_round 16: strategy sampled 100 clients (out of 100)
[2026-01-11 10:13:20,045][flwr][DEBUG] - fit_round 16 received 100 results and 0 failures
[2026-01-11 10:13:20,098][flwr][INFO] - fit progress: (16, 43.66835027933121, {'accuracy': 0.6115}, 25.971770917007234)
[2026-01-11 10:13:20,098][flwr][DEBUG] - evaluate_round 16: strategy sampled 100 clients (out of 100)
[2026-01-11 10:13:20,474][flwr][DEBUG] - evaluate_round 16 received 100 results and 0 failures
[2026-01-11 10:13:20,475][flwr][DEBUG] - fit_round 17: strategy sampled 100 clients (out of 100)
[2026-01-11 10:13:21,290][flwr][DEBUG] - fit_round 17 received 100 results and 0 failures
[2026-01-11 10:13:21,344][flwr][INFO] - fit progress: (17, 43.768042892217636, {'accuracy': 0.6115}, 27.217836625000928)
[2026-01-11 10:13:21,344][flwr][DEBUG] - evaluate_round 17: strategy sampled 100 clients (out of 100)
[2026-01-11 10:13:21,709][flwr][DEBUG] - evaluate_round 17 received 100 results and 0 failures
[2026-01-11 10:13:21,709][flwr][DEBUG] - fit_round 18: strategy sampled 100 clients (out of 100)
[2026-01-11 10:13:22,538][flwr][DEBUG] - fit_round 18 received 100 results and 0 failures
[2026-01-11 10:13:22,590][flwr][INFO] - fit progress: (18, 43.73692709207535, {'accuracy': 0.6125}, 28.463857167007518)
[2026-01-11 10:13:22,590][flwr][DEBUG] - evaluate_round 18: strategy sampled 100 clients (out of 100)
[2026-01-11 10:13:22,947][flwr][DEBUG] - evaluate_round 18 received 100 results and 0 failures
[2026-01-11 10:13:22,948][flwr][DEBUG] - fit_round 19: strategy sampled 100 clients (out of 100)
[2026-01-11 10:13:23,831][flwr][DEBUG] - fit_round 19 received 100 results and 0 failures
[2026-01-11 10:13:23,882][flwr][INFO] - fit progress: (19, 43.58386665582657, {'accuracy': 0.6145}, 29.755643958007568)
[2026-01-11 10:13:23,882][flwr][DEBUG] - evaluate_round 19: strategy sampled 100 clients (out of 100)
[2026-01-11 10:13:24,246][flwr][DEBUG] - evaluate_round 19 received 100 results and 0 failures
[2026-01-11 10:13:24,247][flwr][DEBUG] - fit_round 20: strategy sampled 100 clients (out of 100)
[2026-01-11 10:13:25,142][flwr][DEBUG] - fit_round 20 received 100 results and 0 failures
[2026-01-11 10:13:25,195][flwr][INFO] - fit progress: (20, 43.81564074754715, {'accuracy': 0.6135}, 31.069052708000527)
[2026-01-11 10:13:25,196][flwr][DEBUG] - evaluate_round 20: strategy sampled 100 clients (out of 100)
[2026-01-11 10:13:25,560][flwr][DEBUG] - evaluate_round 20 received 100 results and 0 failures
[2026-01-11 10:13:25,561][flwr][DEBUG] - fit_round 21: strategy sampled 100 clients (out of 100)
[2026-01-11 10:13:26,417][flwr][DEBUG] - fit_round 21 received 100 results and 0 failures
[2026-01-11 10:13:26,467][flwr][INFO] - fit progress: (21, 43.697486728429794, {'accuracy': 0.6145}, 32.34118587500416)
[2026-01-11 10:13:26,468][flwr][DEBUG] - evaluate_round 21: strategy sampled 100 clients (out of 100)
[2026-01-11 10:13:26,827][flwr][DEBUG] - evaluate_round 21 received 100 results and 0 failures
[2026-01-11 10:13:26,827][flwr][DEBUG] - fit_round 22: strategy sampled 100 clients (out of 100)
[2026-01-11 10:13:27,719][flwr][DEBUG] - fit_round 22 received 100 results and 0 failures
[2026-01-11 10:13:27,890][flwr][INFO] - fit progress: (22, 43.71825736761093, {'accuracy': 0.6165}, 33.76351204200182)
[2026-01-11 10:13:27,890][flwr][DEBUG] - evaluate_round 22: strategy sampled 100 clients (out of 100)
[2026-01-11 10:13:28,402][flwr][DEBUG] - evaluate_round 22 received 100 results and 0 failures
[2026-01-11 10:13:28,402][flwr][DEBUG] - fit_round 23: strategy sampled 100 clients (out of 100)
[2026-01-11 10:13:29,255][flwr][DEBUG] - fit_round 23 received 100 results and 0 failures
[2026-01-11 10:13:29,318][flwr][INFO] - fit progress: (23, 43.47764879465103, {'accuracy': 0.6145}, 35.191194333005114)
[2026-01-11 10:13:29,318][flwr][DEBUG] - evaluate_round 23: strategy sampled 100 clients (out of 100)
[2026-01-11 10:13:29,689][flwr][DEBUG] - evaluate_round 23 received 100 results and 0 failures
[2026-01-11 10:13:29,689][flwr][DEBUG] - fit_round 24: strategy sampled 100 clients (out of 100)
[2026-01-11 10:13:30,628][flwr][DEBUG] - fit_round 24 received 100 results and 0 failures
[2026-01-11 10:13:30,679][flwr][INFO] - fit progress: (24, 43.645932137966156, {'accuracy': 0.616}, 36.55249929201091)
[2026-01-11 10:13:30,679][flwr][DEBUG] - evaluate_round 24: strategy sampled 100 clients (out of 100)
[2026-01-11 10:13:31,040][flwr][DEBUG] - evaluate_round 24 received 100 results and 0 failures
[2026-01-11 10:13:31,040][flwr][DEBUG] - fit_round 25: strategy sampled 100 clients (out of 100)
[2026-01-11 10:13:31,971][flwr][DEBUG] - fit_round 25 received 100 results and 0 failures
[2026-01-11 10:13:32,023][flwr][INFO] - fit progress: (25, 43.67827224731445, {'accuracy': 0.615}, 37.89652241700969)
[2026-01-11 10:13:32,023][flwr][DEBUG] - evaluate_round 25: strategy sampled 100 clients (out of 100)
[2026-01-11 10:13:32,514][flwr][DEBUG] - evaluate_round 25 received 100 results and 0 failures
[2026-01-11 10:13:32,514][flwr][DEBUG] - fit_round 26: strategy sampled 100 clients (out of 100)
[2026-01-11 10:13:33,546][flwr][DEBUG] - fit_round 26 received 100 results and 0 failures
[2026-01-11 10:13:33,601][flwr][INFO] - fit progress: (26, 43.704014360904694, {'accuracy': 0.615}, 39.47430562500085)
[2026-01-11 10:13:33,601][flwr][DEBUG] - evaluate_round 26: strategy sampled 100 clients (out of 100)
[2026-01-11 10:13:33,990][flwr][DEBUG] - evaluate_round 26 received 100 results and 0 failures
[2026-01-11 10:13:33,991][flwr][DEBUG] - fit_round 27: strategy sampled 100 clients (out of 100)
[2026-01-11 10:13:34,882][flwr][DEBUG] - fit_round 27 received 100 results and 0 failures
[2026-01-11 10:13:34,938][flwr][INFO] - fit progress: (27, 43.68844950199127, {'accuracy': 0.614}, 40.81123945800937)
[2026-01-11 10:13:34,938][flwr][DEBUG] - evaluate_round 27: strategy sampled 100 clients (out of 100)
[2026-01-11 10:13:35,312][flwr][DEBUG] - evaluate_round 27 received 100 results and 0 failures
[2026-01-11 10:13:35,312][flwr][DEBUG] - fit_round 28: strategy sampled 100 clients (out of 100)
[2026-01-11 10:13:36,299][flwr][DEBUG] - fit_round 28 received 100 results and 0 failures
[2026-01-11 10:13:36,410][flwr][INFO] - fit progress: (28, 43.663976550102234, {'accuracy': 0.6165}, 42.28399104200071)
[2026-01-11 10:13:36,411][flwr][DEBUG] - evaluate_round 28: strategy sampled 100 clients (out of 100)
[2026-01-11 10:13:36,794][flwr][DEBUG] - evaluate_round 28 received 100 results and 0 failures
[2026-01-11 10:13:36,795][flwr][DEBUG] - fit_round 29: strategy sampled 100 clients (out of 100)
[2026-01-11 10:13:37,656][flwr][DEBUG] - fit_round 29 received 100 results and 0 failures
[2026-01-11 10:13:37,709][flwr][INFO] - fit progress: (29, 43.64632833003998, {'accuracy': 0.617}, 43.58281216700561)
[2026-01-11 10:13:37,709][flwr][DEBUG] - evaluate_round 29: strategy sampled 100 clients (out of 100)
[2026-01-11 10:13:38,076][flwr][DEBUG] - evaluate_round 29 received 100 results and 0 failures
[2026-01-11 10:13:38,076][flwr][DEBUG] - fit_round 30: strategy sampled 100 clients (out of 100)
[2026-01-11 10:13:38,898][flwr][DEBUG] - fit_round 30 received 100 results and 0 failures
[2026-01-11 10:13:38,951][flwr][INFO] - fit progress: (30, 43.9203884601593, {'accuracy': 0.6165}, 44.82476891700935)
[2026-01-11 10:13:38,951][flwr][DEBUG] - evaluate_round 30: strategy sampled 100 clients (out of 100)
[2026-01-11 10:13:39,320][flwr][DEBUG] - evaluate_round 30 received 100 results and 0 failures
[2026-01-11 10:13:39,321][flwr][DEBUG] - fit_round 31: strategy sampled 100 clients (out of 100)
[2026-01-11 10:13:40,217][flwr][DEBUG] - fit_round 31 received 100 results and 0 failures
[2026-01-11 10:13:40,270][flwr][INFO] - fit progress: (31, 43.66698569059372, {'accuracy': 0.612}, 46.14325245800137)
[2026-01-11 10:13:40,270][flwr][DEBUG] - evaluate_round 31: strategy sampled 100 clients (out of 100)
[2026-01-11 10:13:40,644][flwr][DEBUG] - evaluate_round 31 received 100 results and 0 failures
[2026-01-11 10:13:40,645][flwr][DEBUG] - fit_round 32: strategy sampled 100 clients (out of 100)
[2026-01-11 10:13:41,468][flwr][DEBUG] - fit_round 32 received 100 results and 0 failures
[2026-01-11 10:13:41,520][flwr][INFO] - fit progress: (32, 43.94769364595413, {'accuracy': 0.6135}, 47.39410075001069)
[2026-01-11 10:13:41,521][flwr][DEBUG] - evaluate_round 32: strategy sampled 100 clients (out of 100)
[2026-01-11 10:13:41,880][flwr][DEBUG] - evaluate_round 32 received 100 results and 0 failures
[2026-01-11 10:13:41,880][flwr][DEBUG] - fit_round 33: strategy sampled 100 clients (out of 100)
[2026-01-11 10:13:42,707][flwr][DEBUG] - fit_round 33 received 100 results and 0 failures
[2026-01-11 10:13:42,759][flwr][INFO] - fit progress: (33, 43.75069439411163, {'accuracy': 0.6155}, 48.63227845801157)
[2026-01-11 10:13:42,759][flwr][DEBUG] - evaluate_round 33: strategy sampled 100 clients (out of 100)
[2026-01-11 10:13:43,127][flwr][DEBUG] - evaluate_round 33 received 100 results and 0 failures
[2026-01-11 10:13:43,128][flwr][DEBUG] - fit_round 34: strategy sampled 100 clients (out of 100)
[2026-01-11 10:13:43,950][flwr][DEBUG] - fit_round 34 received 100 results and 0 failures
[2026-01-11 10:13:44,003][flwr][INFO] - fit progress: (34, 43.66460299491882, {'accuracy': 0.6185}, 49.87636854199809)
[2026-01-11 10:13:44,003][flwr][DEBUG] - evaluate_round 34: strategy sampled 100 clients (out of 100)
[2026-01-11 10:13:44,364][flwr][DEBUG] - evaluate_round 34 received 100 results and 0 failures
[2026-01-11 10:13:44,365][flwr][DEBUG] - fit_round 35: strategy sampled 100 clients (out of 100)
[2026-01-11 10:13:45,188][flwr][DEBUG] - fit_round 35 received 100 results and 0 failures
[2026-01-11 10:13:45,241][flwr][INFO] - fit progress: (35, 43.74873059988022, {'accuracy': 0.612}, 51.11467037499824)
[2026-01-11 10:13:45,241][flwr][DEBUG] - evaluate_round 35: strategy sampled 100 clients (out of 100)
[2026-01-11 10:13:45,598][flwr][DEBUG] - evaluate_round 35 received 100 results and 0 failures
[2026-01-11 10:13:45,598][flwr][DEBUG] - fit_round 36: strategy sampled 100 clients (out of 100)
[2026-01-11 10:13:46,441][flwr][DEBUG] - fit_round 36 received 100 results and 0 failures
[2026-01-11 10:13:46,493][flwr][INFO] - fit progress: (36, 44.01614785194397, {'accuracy': 0.6085}, 52.36649683301221)
[2026-01-11 10:13:46,493][flwr][DEBUG] - evaluate_round 36: strategy sampled 100 clients (out of 100)
[2026-01-11 10:13:46,852][flwr][DEBUG] - evaluate_round 36 received 100 results and 0 failures
[2026-01-11 10:13:46,852][flwr][DEBUG] - fit_round 37: strategy sampled 100 clients (out of 100)
[2026-01-11 10:13:47,708][flwr][DEBUG] - fit_round 37 received 100 results and 0 failures
[2026-01-11 10:13:47,761][flwr][INFO] - fit progress: (37, 43.72338420152664, {'accuracy': 0.614}, 53.6346821670013)
[2026-01-11 10:13:47,761][flwr][DEBUG] - evaluate_round 37: strategy sampled 100 clients (out of 100)
[2026-01-11 10:13:48,123][flwr][DEBUG] - evaluate_round 37 received 100 results and 0 failures
[2026-01-11 10:13:48,123][flwr][DEBUG] - fit_round 38: strategy sampled 100 clients (out of 100)
[2026-01-11 10:13:48,950][flwr][DEBUG] - fit_round 38 received 100 results and 0 failures
[2026-01-11 10:13:49,001][flwr][INFO] - fit progress: (38, 43.66856735944748, {'accuracy': 0.61}, 54.874734875003924)
[2026-01-11 10:13:49,006][flwr][DEBUG] - evaluate_round 38: strategy sampled 100 clients (out of 100)
[2026-01-11 10:13:49,375][flwr][DEBUG] - evaluate_round 38 received 100 results and 0 failures
[2026-01-11 10:13:49,375][flwr][DEBUG] - fit_round 39: strategy sampled 100 clients (out of 100)
[2026-01-11 10:13:50,225][flwr][DEBUG] - fit_round 39 received 100 results and 0 failures
[2026-01-11 10:13:50,281][flwr][INFO] - fit progress: (39, 43.7668651342392, {'accuracy': 0.6115}, 56.15450600000622)
[2026-01-11 10:13:50,281][flwr][DEBUG] - evaluate_round 39: strategy sampled 100 clients (out of 100)
[2026-01-11 10:13:50,816][flwr][DEBUG] - evaluate_round 39 received 100 results and 0 failures
[2026-01-11 10:13:50,817][flwr][DEBUG] - fit_round 40: strategy sampled 100 clients (out of 100)
[2026-01-11 10:13:51,761][flwr][DEBUG] - fit_round 40 received 100 results and 0 failures
[2026-01-11 10:13:51,816][flwr][INFO] - fit progress: (40, 43.63233840465546, {'accuracy': 0.6125}, 57.68987929201103)
[2026-01-11 10:13:51,817][flwr][DEBUG] - evaluate_round 40: strategy sampled 100 clients (out of 100)
[2026-01-11 10:13:52,197][flwr][DEBUG] - evaluate_round 40 received 100 results and 0 failures
[2026-01-11 10:13:52,198][flwr][DEBUG] - fit_round 41: strategy sampled 100 clients (out of 100)
[2026-01-11 10:13:53,064][flwr][DEBUG] - fit_round 41 received 100 results and 0 failures
[2026-01-11 10:13:53,117][flwr][INFO] - fit progress: (41, 43.740255773067474, {'accuracy': 0.6115}, 58.990444958006265)
[2026-01-11 10:13:53,117][flwr][DEBUG] - evaluate_round 41: strategy sampled 100 clients (out of 100)
[2026-01-11 10:13:53,533][flwr][DEBUG] - evaluate_round 41 received 100 results and 0 failures
[2026-01-11 10:13:53,533][flwr][DEBUG] - fit_round 42: strategy sampled 100 clients (out of 100)
[2026-01-11 10:13:54,390][flwr][DEBUG] - fit_round 42 received 100 results and 0 failures
[2026-01-11 10:13:54,443][flwr][INFO] - fit progress: (42, 43.60880756378174, {'accuracy': 0.615}, 60.316069083011826)
[2026-01-11 10:13:54,443][flwr][DEBUG] - evaluate_round 42: strategy sampled 100 clients (out of 100)
[2026-01-11 10:13:54,825][flwr][DEBUG] - evaluate_round 42 received 100 results and 0 failures
[2026-01-11 10:13:54,825][flwr][DEBUG] - fit_round 43: strategy sampled 100 clients (out of 100)
[2026-01-11 10:13:55,653][flwr][DEBUG] - fit_round 43 received 100 results and 0 failures
[2026-01-11 10:13:55,705][flwr][INFO] - fit progress: (43, 43.88564890623093, {'accuracy': 0.609}, 61.57814579200931)
[2026-01-11 10:13:55,705][flwr][DEBUG] - evaluate_round 43: strategy sampled 100 clients (out of 100)
[2026-01-11 10:13:56,064][flwr][DEBUG] - evaluate_round 43 received 100 results and 0 failures
[2026-01-11 10:13:56,064][flwr][DEBUG] - fit_round 44: strategy sampled 100 clients (out of 100)
[2026-01-11 10:13:56,908][flwr][DEBUG] - fit_round 44 received 100 results and 0 failures
[2026-01-11 10:13:56,969][flwr][INFO] - fit progress: (44, 43.83079135417938, {'accuracy': 0.613}, 62.84239758300828)
[2026-01-11 10:13:56,970][flwr][DEBUG] - evaluate_round 44: strategy sampled 100 clients (out of 100)
[2026-01-11 10:13:57,363][flwr][DEBUG] - evaluate_round 44 received 100 results and 0 failures
[2026-01-11 10:13:57,364][flwr][DEBUG] - fit_round 45: strategy sampled 100 clients (out of 100)
[2026-01-11 10:13:58,415][flwr][DEBUG] - fit_round 45 received 100 results and 0 failures
[2026-01-11 10:13:58,469][flwr][INFO] - fit progress: (45, 43.89673840999603, {'accuracy': 0.6015}, 64.34283166700334)
[2026-01-11 10:13:58,470][flwr][DEBUG] - evaluate_round 45: strategy sampled 100 clients (out of 100)
[2026-01-11 10:13:58,936][flwr][DEBUG] - evaluate_round 45 received 100 results and 0 failures
[2026-01-11 10:13:58,937][flwr][DEBUG] - fit_round 46: strategy sampled 100 clients (out of 100)
[2026-01-11 10:13:59,919][flwr][DEBUG] - fit_round 46 received 100 results and 0 failures
[2026-01-11 10:14:00,089][flwr][INFO] - fit progress: (46, 43.66852110624313, {'accuracy': 0.6135}, 65.96292125000036)
[2026-01-11 10:14:00,090][flwr][DEBUG] - evaluate_round 46: strategy sampled 100 clients (out of 100)
[2026-01-11 10:14:00,469][flwr][DEBUG] - evaluate_round 46 received 100 results and 0 failures
[2026-01-11 10:14:00,469][flwr][DEBUG] - fit_round 47: strategy sampled 100 clients (out of 100)
[2026-01-11 10:14:01,430][flwr][DEBUG] - fit_round 47 received 100 results and 0 failures
[2026-01-11 10:14:01,506][flwr][INFO] - fit progress: (47, 43.88153564929962, {'accuracy': 0.6065}, 67.37900079200335)
[2026-01-11 10:14:01,506][flwr][DEBUG] - evaluate_round 47: strategy sampled 100 clients (out of 100)
[2026-01-11 10:14:01,934][flwr][DEBUG] - evaluate_round 47 received 100 results and 0 failures
[2026-01-11 10:14:01,935][flwr][DEBUG] - fit_round 48: strategy sampled 100 clients (out of 100)
[2026-01-11 10:14:03,346][flwr][DEBUG] - fit_round 48 received 100 results and 0 failures
[2026-01-11 10:14:03,400][flwr][INFO] - fit progress: (48, 43.44287085533142, {'accuracy': 0.614}, 69.27302008301194)
[2026-01-11 10:14:03,400][flwr][DEBUG] - evaluate_round 48: strategy sampled 100 clients (out of 100)
[2026-01-11 10:14:03,840][flwr][DEBUG] - evaluate_round 48 received 100 results and 0 failures
[2026-01-11 10:14:03,841][flwr][DEBUG] - fit_round 49: strategy sampled 100 clients (out of 100)
[2026-01-11 10:14:04,746][flwr][DEBUG] - fit_round 49 received 100 results and 0 failures
[2026-01-11 10:14:04,802][flwr][INFO] - fit progress: (49, 43.590325355529785, {'accuracy': 0.6075}, 70.6755013330112)
[2026-01-11 10:14:04,802][flwr][DEBUG] - evaluate_round 49: strategy sampled 100 clients (out of 100)
[2026-01-11 10:14:05,276][flwr][DEBUG] - evaluate_round 49 received 100 results and 0 failures
[2026-01-11 10:14:05,276][flwr][DEBUG] - fit_round 50: strategy sampled 100 clients (out of 100)
[2026-01-11 10:14:06,158][flwr][DEBUG] - fit_round 50 received 100 results and 0 failures
[2026-01-11 10:14:06,212][flwr][INFO] - fit progress: (50, 43.662309527397156, {'accuracy': 0.604}, 72.08534362500359)
[2026-01-11 10:14:06,212][flwr][DEBUG] - evaluate_round 50: strategy sampled 100 clients (out of 100)
[2026-01-11 10:14:06,593][flwr][DEBUG] - evaluate_round 50 received 100 results and 0 failures
[2026-01-11 10:14:06,594][flwr][INFO] - FL finished in 72.46712708300038
[2026-01-11 10:14:06,594][flwr][INFO] - app_fit: losses_distributed [(1, 1.0261167897434906), (2, 0.8879464925420434), (3, 0.8103799802485315), (4, 0.7759513933131041), (5, 0.7557213436960496), (6, 0.7383497422296168), (7, 0.728754797147267), (8, 0.7213771785688888), (9, 0.7154838756421863), (10, 0.7114485117253997), (11, 0.7084532488429912), (12, 0.707447108995928), (13, 0.7057775033890048), (14, 0.7040250762974986), (15, 0.7019765521479141), (16, 0.7008430388023964), (17, 0.7026225418293164), (18, 0.7023165619278388), (19, 0.6997884045417534), (20, 0.7038769629255225), (21, 0.7021442165553773), (22, 0.7027762598518082), (23, 0.6983974637364093), (24, 0.701782464133459), (25, 0.7022561951539351), (26, 0.70308556566195), (27, 0.7027734456683453), (28, 0.7025242042690685), (29, 0.7024542587778538), (30, 0.7073180528359744), (31, 0.7028833428679608), (32, 0.7080264066910716), (33, 0.7048234633584343), (34, 0.7033645103985403), (35, 0.7046841994114432), (36, 0.7091134188864147), (37, 0.70450958694343), (38, 0.7035180667459762), (39, 0.7052909570817112), (40, 0.7030202324954588), (41, 0.7050570458072037), (42, 0.7032165830791742), (43, 0.7075120668362432), (44, 0.7065633340432511), (45, 0.7072609933909024), (46, 0.7041066145361216), (47, 0.7076730878517218), (48, 0.7003787659846068), (49, 0.7026087862266751), (50, 0.7041315487559474)]
[2026-01-11 10:14:06,595][flwr][INFO] - app_fit: metrics_distributed_fit {}
[2026-01-11 10:14:06,595][flwr][INFO] - app_fit: metrics_distributed {}
[2026-01-11 10:14:06,595][flwr][INFO] - app_fit: losses_centralized [(0, 68.07474291324615), (1, 64.1715236902237), (2, 55.55871385335922), (3, 50.61090838909149), (4, 48.43846249580383), (5, 47.16778561472893), (6, 46.09542974829674), (7, 45.49669215083122), (8, 45.00846502184868), (9, 44.63827785849571), (10, 44.38057118654251), (11, 44.182112365961075), (12, 44.09209322929382), (13, 43.97027498483658), (14, 43.8605238199234), (15, 43.7411504983902), (16, 43.66835027933121), (17, 43.768042892217636), (18, 43.73692709207535), (19, 43.58386665582657), (20, 43.81564074754715), (21, 43.697486728429794), (22, 43.71825736761093), (23, 43.47764879465103), (24, 43.645932137966156), (25, 43.67827224731445), (26, 43.704014360904694), (27, 43.68844950199127), (28, 43.663976550102234), (29, 43.64632833003998), (30, 43.9203884601593), (31, 43.66698569059372), (32, 43.94769364595413), (33, 43.75069439411163), (34, 43.66460299491882), (35, 43.74873059988022), (36, 44.01614785194397), (37, 43.72338420152664), (38, 43.66856735944748), (39, 43.7668651342392), (40, 43.63233840465546), (41, 43.740255773067474), (42, 43.60880756378174), (43, 43.88564890623093), (44, 43.83079135417938), (45, 43.89673840999603), (46, 43.66852110624313), (47, 43.88153564929962), (48, 43.44287085533142), (49, 43.590325355529785), (50, 43.662309527397156)]
[2026-01-11 10:14:06,595][flwr][INFO] - app_fit: metrics_centralized {'accuracy': [(0, 0.507), (1, 0.507), (2, 0.5785), (3, 0.601), (4, 0.605), (5, 0.6065), (6, 0.607), (7, 0.6055), (8, 0.6065), (9, 0.6065), (10, 0.606), (11, 0.608), (12, 0.61), (13, 0.6085), (14, 0.6085), (15, 0.61), (16, 0.6115), (17, 0.6115), (18, 0.6125), (19, 0.6145), (20, 0.6135), (21, 0.6145), (22, 0.6165), (23, 0.6145), (24, 0.616), (25, 0.615), (26, 0.615), (27, 0.614), (28, 0.6165), (29, 0.617), (30, 0.6165), (31, 0.612), (32, 0.6135), (33, 0.6155), (34, 0.6185), (35, 0.612), (36, 0.6085), (37, 0.614), (38, 0.61), (39, 0.6115), (40, 0.6125), (41, 0.6115), (42, 0.615), (43, 0.609), (44, 0.613), (45, 0.6015), (46, 0.6135), (47, 0.6065), (48, 0.614), (49, 0.6075), (50, 0.604)]}
[2026-01-11 10:14:06,637][flwr][INFO] - Starting Flower simulation, config: ServerConfig(num_rounds=50, round_timeout=None)
[2026-01-11 10:14:14,743][flwr][INFO] - Flower VCE: Ray initialized with resources: {'CPU': 10.0, 'memory': 12402777703.0, 'node:127.0.0.1': 1.0, 'object_store_memory': 2147483648.0}
[2026-01-11 10:14:14,744][flwr][INFO] - Initializing global parameters
[2026-01-11 10:14:14,744][flwr][INFO] - Using initial parameters provided by strategy
[2026-01-11 10:14:14,744][flwr][INFO] - Evaluating initial parameters
[2026-01-11 10:14:14,772][flwr][INFO] - initial parameters (loss, other metrics): 67.88411092758179, {'accuracy': 0.3585, 'adaptive_mu': 0.001}
[2026-01-11 10:14:14,772][flwr][INFO] - FL starting
[2026-01-11 10:14:14,773][flwr][DEBUG] - fit_round 1: strategy sampled 100 clients (out of 100)
[2026-01-11 10:14:20,946][flwr][DEBUG] - fit_round 1 received 100 results and 0 failures
[2026-01-11 10:14:20,979][flwr][WARNING] - No fit_metrics_aggregation_fn provided
[2026-01-11 10:14:21,034][flwr][INFO] - fit progress: (1, 63.299558222293854, {'accuracy': 0.5115, 'adaptive_mu': 0.001}, 6.261819709005067)
[2026-01-11 10:14:21,034][flwr][DEBUG] - evaluate_round 1: strategy sampled 100 clients (out of 100)
[2026-01-11 10:14:21,483][flwr][DEBUG] - evaluate_round 1 received 100 results and 0 failures
[2026-01-11 10:14:21,484][flwr][WARNING] - No evaluate_metrics_aggregation_fn provided
[2026-01-11 10:14:21,484][flwr][DEBUG] - fit_round 2: strategy sampled 100 clients (out of 100)
[2026-01-11 10:14:23,046][flwr][DEBUG] - fit_round 2 received 100 results and 0 failures
[2026-01-11 10:14:23,133][flwr][INFO] - fit progress: (2, 57.88114619255066, {'accuracy': 0.566, 'adaptive_mu': 0.001}, 8.360471874999348)
[2026-01-11 10:14:23,133][flwr][DEBUG] - evaluate_round 2: strategy sampled 100 clients (out of 100)
[2026-01-11 10:14:23,531][flwr][DEBUG] - evaluate_round 2 received 100 results and 0 failures
[2026-01-11 10:14:23,531][flwr][DEBUG] - fit_round 3: strategy sampled 100 clients (out of 100)
[2026-01-11 10:14:25,254][flwr][DEBUG] - fit_round 3 received 100 results and 0 failures
[2026-01-11 10:14:25,339][flwr][INFO] - fit progress: (3, 52.64857995510101, {'accuracy': 0.592, 'adaptive_mu': 0.001}, 10.566827750008088)
[2026-01-11 10:14:25,339][flwr][DEBUG] - evaluate_round 3: strategy sampled 100 clients (out of 100)
[2026-01-11 10:14:25,742][flwr][DEBUG] - evaluate_round 3 received 100 results and 0 failures
[2026-01-11 10:14:25,743][flwr][DEBUG] - fit_round 4: strategy sampled 100 clients (out of 100)
[2026-01-11 10:14:27,224][flwr][DEBUG] - fit_round 4 received 100 results and 0 failures
[2026-01-11 10:14:27,321][flwr][INFO] - fit progress: (4, 49.738582611083984, {'accuracy': 0.596, 'adaptive_mu': 0.0018933228569986832}, 12.548503750003874)
[2026-01-11 10:14:27,321][flwr][DEBUG] - evaluate_round 4: strategy sampled 100 clients (out of 100)
[2026-01-11 10:14:27,781][flwr][DEBUG] - evaluate_round 4 received 100 results and 0 failures
[2026-01-11 10:14:27,781][flwr][DEBUG] - fit_round 5: strategy sampled 100 clients (out of 100)
[2026-01-11 10:14:29,263][flwr][DEBUG] - fit_round 5 received 100 results and 0 failures
[2026-01-11 10:14:29,353][flwr][INFO] - fit progress: (5, 48.08979445695877, {'accuracy': 0.601, 'adaptive_mu': 0.0025388232043034938}, 14.580896291998215)
[2026-01-11 10:14:29,353][flwr][DEBUG] - evaluate_round 5: strategy sampled 100 clients (out of 100)
[2026-01-11 10:14:29,777][flwr][DEBUG] - evaluate_round 5 received 100 results and 0 failures
[2026-01-11 10:14:29,777][flwr][DEBUG] - fit_round 6: strategy sampled 100 clients (out of 100)
[2026-01-11 10:14:31,273][flwr][DEBUG] - fit_round 6 received 100 results and 0 failures
[2026-01-11 10:14:31,359][flwr][INFO] - fit progress: (6, 47.06597438454628, {'accuracy': 0.606, 'adaptive_mu': 0.0029750267882710686}, 16.58647325000493)
[2026-01-11 10:14:31,359][flwr][DEBUG] - evaluate_round 6: strategy sampled 100 clients (out of 100)
[2026-01-11 10:14:31,720][flwr][DEBUG] - evaluate_round 6 received 100 results and 0 failures
[2026-01-11 10:14:31,720][flwr][DEBUG] - fit_round 7: strategy sampled 100 clients (out of 100)
[2026-01-11 10:14:32,888][flwr][DEBUG] - fit_round 7 received 100 results and 0 failures
[2026-01-11 10:14:32,972][flwr][INFO] - fit progress: (7, 46.19790679216385, {'accuracy': 0.605, 'adaptive_mu': 0.0032473155955123727}, 18.199977249998483)
[2026-01-11 10:14:32,972][flwr][DEBUG] - evaluate_round 7: strategy sampled 100 clients (out of 100)
[2026-01-11 10:14:33,333][flwr][DEBUG] - evaluate_round 7 received 100 results and 0 failures
[2026-01-11 10:14:33,334][flwr][DEBUG] - fit_round 8: strategy sampled 100 clients (out of 100)
[2026-01-11 10:14:34,597][flwr][DEBUG] - fit_round 8 received 100 results and 0 failures
[2026-01-11 10:14:34,681][flwr][INFO] - fit progress: (8, 45.83140179514885, {'accuracy': 0.604, 'adaptive_mu': 0.003402880358783239}, 19.90884608399938)
[2026-01-11 10:14:34,681][flwr][DEBUG] - evaluate_round 8: strategy sampled 100 clients (out of 100)
[2026-01-11 10:14:35,048][flwr][DEBUG] - evaluate_round 8 received 100 results and 0 failures
[2026-01-11 10:14:35,048][flwr][DEBUG] - fit_round 9: strategy sampled 100 clients (out of 100)
[2026-01-11 10:14:36,258][flwr][DEBUG] - fit_round 9 received 100 results and 0 failures
[2026-01-11 10:14:36,345][flwr][INFO] - fit progress: (9, 45.39012336730957, {'accuracy': 0.6045, 'adaptive_mu': 0.003490873067065711}, 21.57267220900394)
[2026-01-11 10:14:36,345][flwr][DEBUG] - evaluate_round 9: strategy sampled 100 clients (out of 100)
[2026-01-11 10:14:36,708][flwr][DEBUG] - evaluate_round 9 received 100 results and 0 failures
[2026-01-11 10:14:36,708][flwr][DEBUG] - fit_round 10: strategy sampled 100 clients (out of 100)
[2026-01-11 10:14:37,903][flwr][DEBUG] - fit_round 10 received 100 results and 0 failures
[2026-01-11 10:14:37,988][flwr][INFO] - fit progress: (10, 45.18641617894173, {'accuracy': 0.604, 'adaptive_mu': 0.00354060352250838}, 23.215685667004436)
[2026-01-11 10:14:37,988][flwr][DEBUG] - evaluate_round 10: strategy sampled 100 clients (out of 100)
[2026-01-11 10:14:38,352][flwr][DEBUG] - evaluate_round 10 received 100 results and 0 failures
[2026-01-11 10:14:38,353][flwr][DEBUG] - fit_round 11: strategy sampled 100 clients (out of 100)
[2026-01-11 10:14:39,691][flwr][DEBUG] - fit_round 11 received 100 results and 0 failures
[2026-01-11 10:14:39,776][flwr][INFO] - fit progress: (11, 44.87566953897476, {'accuracy': 0.603, 'adaptive_mu': 0.003566825806925602}, 25.003743499997654)
[2026-01-11 10:14:39,776][flwr][DEBUG] - evaluate_round 11: strategy sampled 100 clients (out of 100)
[2026-01-11 10:14:40,134][flwr][DEBUG] - evaluate_round 11 received 100 results and 0 failures
[2026-01-11 10:14:40,135][flwr][DEBUG] - fit_round 12: strategy sampled 100 clients (out of 100)
[2026-01-11 10:14:41,988][flwr][DEBUG] - fit_round 12 received 100 results and 0 failures
[2026-01-11 10:14:42,075][flwr][INFO] - fit progress: (12, 44.66404068470001, {'accuracy': 0.6045, 'adaptive_mu': 0.003579148082868802}, 27.302273042005254)
[2026-01-11 10:14:42,075][flwr][DEBUG] - evaluate_round 12: strategy sampled 100 clients (out of 100)
[2026-01-11 10:14:42,456][flwr][DEBUG] - evaluate_round 12 received 100 results and 0 failures
[2026-01-11 10:14:42,456][flwr][DEBUG] - fit_round 13: strategy sampled 100 clients (out of 100)
[2026-01-11 10:14:43,925][flwr][DEBUG] - fit_round 13 received 100 results and 0 failures
[2026-01-11 10:14:44,011][flwr][INFO] - fit progress: (13, 44.43529370427132, {'accuracy': 0.604, 'adaptive_mu': 0.0035846625075809176}, 29.238389917009044)
[2026-01-11 10:14:44,011][flwr][DEBUG] - evaluate_round 13: strategy sampled 100 clients (out of 100)
[2026-01-11 10:14:44,469][flwr][DEBUG] - evaluate_round 13 received 100 results and 0 failures
[2026-01-11 10:14:44,469][flwr][DEBUG] - fit_round 14: strategy sampled 100 clients (out of 100)
[2026-01-11 10:14:47,455][flwr][DEBUG] - fit_round 14 received 100 results and 0 failures
[2026-01-11 10:14:47,569][flwr][INFO] - fit progress: (14, 44.35850992798805, {'accuracy': 0.603, 'adaptive_mu': 0.0035860001698454803}, 32.7966527499957)
[2026-01-11 10:14:47,569][flwr][DEBUG] - evaluate_round 14: strategy sampled 100 clients (out of 100)
[2026-01-11 10:14:48,015][flwr][DEBUG] - evaluate_round 14 received 100 results and 0 failures
[2026-01-11 10:14:48,016][flwr][DEBUG] - fit_round 15: strategy sampled 100 clients (out of 100)
[2026-01-11 10:14:49,356][flwr][DEBUG] - fit_round 15 received 100 results and 0 failures
[2026-01-11 10:14:49,443][flwr][INFO] - fit progress: (15, 44.35206440091133, {'accuracy': 0.6035, 'adaptive_mu': 0.0035837286970812642}, 34.67098824999994)
[2026-01-11 10:14:49,444][flwr][DEBUG] - evaluate_round 15: strategy sampled 100 clients (out of 100)
[2026-01-11 10:14:49,828][flwr][DEBUG] - evaluate_round 15 received 100 results and 0 failures
[2026-01-11 10:14:49,829][flwr][DEBUG] - fit_round 16: strategy sampled 100 clients (out of 100)
[2026-01-11 10:14:51,197][flwr][DEBUG] - fit_round 16 received 100 results and 0 failures
[2026-01-11 10:14:51,282][flwr][INFO] - fit progress: (16, 44.05486482381821, {'accuracy': 0.609, 'adaptive_mu': 0.0035787418561401556}, 36.509811875002924)
[2026-01-11 10:14:51,282][flwr][DEBUG] - evaluate_round 16: strategy sampled 100 clients (out of 100)
[2026-01-11 10:14:51,658][flwr][DEBUG] - evaluate_round 16 received 100 results and 0 failures
[2026-01-11 10:14:51,658][flwr][DEBUG] - fit_round 17: strategy sampled 100 clients (out of 100)
[2026-01-11 10:14:53,085][flwr][DEBUG] - fit_round 17 received 100 results and 0 failures
[2026-01-11 10:14:53,176][flwr][INFO] - fit progress: (17, 44.24552300572395, {'accuracy': 0.6045, 'adaptive_mu': 0.0035738054775139375}, 38.40335116699862)
[2026-01-11 10:14:53,176][flwr][DEBUG] - evaluate_round 17: strategy sampled 100 clients (out of 100)
[2026-01-11 10:14:53,548][flwr][DEBUG] - evaluate_round 17 received 100 results and 0 failures
[2026-01-11 10:14:53,549][flwr][DEBUG] - fit_round 18: strategy sampled 100 clients (out of 100)
[2026-01-11 10:14:54,884][flwr][DEBUG] - fit_round 18 received 100 results and 0 failures
[2026-01-11 10:14:54,968][flwr][INFO] - fit progress: (18, 44.05360868573189, {'accuracy': 0.608, 'adaptive_mu': 0.0035679606685488554}, 40.19534245900286)
[2026-01-11 10:14:54,968][flwr][DEBUG] - evaluate_round 18: strategy sampled 100 clients (out of 100)
[2026-01-11 10:14:55,404][flwr][DEBUG] - evaluate_round 18 received 100 results and 0 failures
[2026-01-11 10:14:55,405][flwr][DEBUG] - fit_round 19: strategy sampled 100 clients (out of 100)
[2026-01-11 10:14:56,825][flwr][DEBUG] - fit_round 19 received 100 results and 0 failures
[2026-01-11 10:14:56,912][flwr][INFO] - fit progress: (19, 44.02829068899155, {'accuracy': 0.606, 'adaptive_mu': 0.0035626739755130936}, 42.13950820900209)
[2026-01-11 10:14:56,912][flwr][DEBUG] - evaluate_round 19: strategy sampled 100 clients (out of 100)
[2026-01-11 10:14:57,364][flwr][DEBUG] - evaluate_round 19 received 100 results and 0 failures
[2026-01-11 10:14:57,365][flwr][DEBUG] - fit_round 20: strategy sampled 100 clients (out of 100)
[2026-01-11 10:14:58,987][flwr][DEBUG] - fit_round 20 received 100 results and 0 failures
[2026-01-11 10:14:59,073][flwr][INFO] - fit progress: (20, 44.04905667901039, {'accuracy': 0.607, 'adaptive_mu': 0.0035572998606508447}, 44.301053792005405)
[2026-01-11 10:14:59,074][flwr][DEBUG] - evaluate_round 20: strategy sampled 100 clients (out of 100)
[2026-01-11 10:14:59,462][flwr][DEBUG] - evaluate_round 20 received 100 results and 0 failures
[2026-01-11 10:14:59,463][flwr][DEBUG] - fit_round 21: strategy sampled 100 clients (out of 100)
[2026-01-11 10:15:00,736][flwr][DEBUG] - fit_round 21 received 100 results and 0 failures
[2026-01-11 10:15:00,825][flwr][INFO] - fit progress: (21, 44.01139196753502, {'accuracy': 0.6095, 'adaptive_mu': 0.003551505837815716}, 46.053084792001755)
[2026-01-11 10:15:00,826][flwr][DEBUG] - evaluate_round 21: strategy sampled 100 clients (out of 100)
[2026-01-11 10:15:01,376][flwr][DEBUG] - evaluate_round 21 received 100 results and 0 failures
[2026-01-11 10:15:01,377][flwr][DEBUG] - fit_round 22: strategy sampled 100 clients (out of 100)
[2026-01-11 10:15:02,765][flwr][DEBUG] - fit_round 22 received 100 results and 0 failures
[2026-01-11 10:15:02,854][flwr][INFO] - fit progress: (22, 43.90610820055008, {'accuracy': 0.6045, 'adaptive_mu': 0.0035472525902798977}, 48.08175562499673)
[2026-01-11 10:15:02,854][flwr][DEBUG] - evaluate_round 22: strategy sampled 100 clients (out of 100)
[2026-01-11 10:15:03,253][flwr][DEBUG] - evaluate_round 22 received 100 results and 0 failures
[2026-01-11 10:15:03,253][flwr][DEBUG] - fit_round 23: strategy sampled 100 clients (out of 100)
[2026-01-11 10:15:04,618][flwr][DEBUG] - fit_round 23 received 100 results and 0 failures
[2026-01-11 10:15:04,708][flwr][INFO] - fit progress: (23, 43.90176185965538, {'accuracy': 0.6135, 'adaptive_mu': 0.0035420901705965056}, 49.93582387499919)
[2026-01-11 10:15:04,708][flwr][DEBUG] - evaluate_round 23: strategy sampled 100 clients (out of 100)
[2026-01-11 10:15:05,216][flwr][DEBUG] - evaluate_round 23 received 100 results and 0 failures
[2026-01-11 10:15:05,217][flwr][DEBUG] - fit_round 24: strategy sampled 100 clients (out of 100)
[2026-01-11 10:15:06,652][flwr][DEBUG] - fit_round 24 received 100 results and 0 failures
[2026-01-11 10:15:06,751][flwr][INFO] - fit progress: (24, 44.04976597428322, {'accuracy': 0.606, 'adaptive_mu': 0.0035375955317359176}, 51.97849950000818)
[2026-01-11 10:15:06,751][flwr][DEBUG] - evaluate_round 24: strategy sampled 100 clients (out of 100)
[2026-01-11 10:15:07,186][flwr][DEBUG] - evaluate_round 24 received 100 results and 0 failures
[2026-01-11 10:15:07,187][flwr][DEBUG] - fit_round 25: strategy sampled 100 clients (out of 100)
[2026-01-11 10:15:08,685][flwr][DEBUG] - fit_round 25 received 100 results and 0 failures
[2026-01-11 10:15:08,771][flwr][INFO] - fit progress: (25, 44.09708461165428, {'accuracy': 0.6095, 'adaptive_mu': 0.0035339585203270074}, 53.998626750006224)
[2026-01-11 10:15:08,771][flwr][DEBUG] - evaluate_round 25: strategy sampled 100 clients (out of 100)
[2026-01-11 10:15:09,143][flwr][DEBUG] - evaluate_round 25 received 100 results and 0 failures
[2026-01-11 10:15:09,144][flwr][DEBUG] - fit_round 26: strategy sampled 100 clients (out of 100)
[2026-01-11 10:15:10,491][flwr][DEBUG] - fit_round 26 received 100 results and 0 failures
[2026-01-11 10:15:10,576][flwr][INFO] - fit progress: (26, 44.0456018447876, {'accuracy': 0.6105, 'adaptive_mu': 0.00353025421366277}, 55.80348929199681)
[2026-01-11 10:15:10,576][flwr][DEBUG] - evaluate_round 26: strategy sampled 100 clients (out of 100)
[2026-01-11 10:15:10,979][flwr][DEBUG] - evaluate_round 26 received 100 results and 0 failures
[2026-01-11 10:15:10,979][flwr][DEBUG] - fit_round 27: strategy sampled 100 clients (out of 100)
[2026-01-11 10:15:12,378][flwr][DEBUG] - fit_round 27 received 100 results and 0 failures
[2026-01-11 10:15:12,465][flwr][INFO] - fit progress: (27, 44.28175547719002, {'accuracy': 0.6105, 'adaptive_mu': 0.0035268834760864}, 57.69252729200525)
[2026-01-11 10:15:12,465][flwr][DEBUG] - evaluate_round 27: strategy sampled 100 clients (out of 100)
[2026-01-11 10:15:12,848][flwr][DEBUG] - evaluate_round 27 received 100 results and 0 failures
[2026-01-11 10:15:12,849][flwr][DEBUG] - fit_round 28: strategy sampled 100 clients (out of 100)
[2026-01-11 10:15:14,556][flwr][DEBUG] - fit_round 28 received 100 results and 0 failures
[2026-01-11 10:15:14,640][flwr][INFO] - fit progress: (28, 44.04760625958443, {'accuracy': 0.612, 'adaptive_mu': 0.0035248596068291806}, 59.86746487500204)
[2026-01-11 10:15:14,640][flwr][DEBUG] - evaluate_round 28: strategy sampled 100 clients (out of 100)
[2026-01-11 10:15:15,017][flwr][DEBUG] - evaluate_round 28 received 100 results and 0 failures
[2026-01-11 10:15:15,018][flwr][DEBUG] - fit_round 29: strategy sampled 100 clients (out of 100)
[2026-01-11 10:15:16,446][flwr][DEBUG] - fit_round 29 received 100 results and 0 failures
[2026-01-11 10:15:16,534][flwr][INFO] - fit progress: (29, 44.1382854282856, {'accuracy': 0.612, 'adaptive_mu': 0.003521651681642473}, 61.761831459007226)
[2026-01-11 10:15:16,535][flwr][DEBUG] - evaluate_round 29: strategy sampled 100 clients (out of 100)
[2026-01-11 10:15:17,101][flwr][DEBUG] - evaluate_round 29 received 100 results and 0 failures
[2026-01-11 10:15:17,101][flwr][DEBUG] - fit_round 30: strategy sampled 100 clients (out of 100)
[2026-01-11 10:15:18,534][flwr][DEBUG] - fit_round 30 received 100 results and 0 failures
[2026-01-11 10:15:18,620][flwr][INFO] - fit progress: (30, 44.026328325271606, {'accuracy': 0.611, 'adaptive_mu': 0.0035187012800287952}, 63.84800779199577)
[2026-01-11 10:15:18,621][flwr][DEBUG] - evaluate_round 30: strategy sampled 100 clients (out of 100)
[2026-01-11 10:15:19,017][flwr][DEBUG] - evaluate_round 30 received 100 results and 0 failures
[2026-01-11 10:15:19,017][flwr][DEBUG] - fit_round 31: strategy sampled 100 clients (out of 100)
[2026-01-11 10:15:20,393][flwr][DEBUG] - fit_round 31 received 100 results and 0 failures
[2026-01-11 10:15:20,479][flwr][INFO] - fit progress: (31, 44.288546562194824, {'accuracy': 0.6115, 'adaptive_mu': 0.0035160007676060144}, 65.70683658399503)
[2026-01-11 10:15:20,480][flwr][DEBUG] - evaluate_round 31: strategy sampled 100 clients (out of 100)
[2026-01-11 10:15:20,910][flwr][DEBUG] - evaluate_round 31 received 100 results and 0 failures
[2026-01-11 10:15:20,911][flwr][DEBUG] - fit_round 32: strategy sampled 100 clients (out of 100)
[2026-01-11 10:15:22,301][flwr][DEBUG] - fit_round 32 received 100 results and 0 failures
[2026-01-11 10:15:22,393][flwr][INFO] - fit progress: (32, 44.165585935115814, {'accuracy': 0.6115, 'adaptive_mu': 0.0035141487578839647}, 67.62011204200098)
[2026-01-11 10:15:22,393][flwr][DEBUG] - evaluate_round 32: strategy sampled 100 clients (out of 100)
[2026-01-11 10:15:22,806][flwr][DEBUG] - evaluate_round 32 received 100 results and 0 failures
[2026-01-11 10:15:22,807][flwr][DEBUG] - fit_round 33: strategy sampled 100 clients (out of 100)
[2026-01-11 10:15:24,023][flwr][DEBUG] - fit_round 33 received 100 results and 0 failures
[2026-01-11 10:15:24,109][flwr][INFO] - fit progress: (33, 44.466438710689545, {'accuracy': 0.612, 'adaptive_mu': 0.003511883211870342}, 69.33656075000181)
[2026-01-11 10:15:24,109][flwr][DEBUG] - evaluate_round 33: strategy sampled 100 clients (out of 100)
[2026-01-11 10:15:24,487][flwr][DEBUG] - evaluate_round 33 received 100 results and 0 failures
[2026-01-11 10:15:24,487][flwr][DEBUG] - fit_round 34: strategy sampled 100 clients (out of 100)
[2026-01-11 10:15:25,697][flwr][DEBUG] - fit_round 34 received 100 results and 0 failures
[2026-01-11 10:15:25,779][flwr][INFO] - fit progress: (34, 44.350063145160675, {'accuracy': 0.6115, 'adaptive_mu': 0.00351079728998266}, 71.00679941699491)
[2026-01-11 10:15:25,780][flwr][DEBUG] - evaluate_round 34: strategy sampled 100 clients (out of 100)
[2026-01-11 10:15:26,152][flwr][DEBUG] - evaluate_round 34 received 100 results and 0 failures
[2026-01-11 10:15:26,153][flwr][DEBUG] - fit_round 35: strategy sampled 100 clients (out of 100)
[2026-01-11 10:15:27,366][flwr][DEBUG] - fit_round 35 received 100 results and 0 failures
[2026-01-11 10:15:27,448][flwr][INFO] - fit progress: (35, 44.14807200431824, {'accuracy': 0.6135, 'adaptive_mu': 0.0035092134326961642}, 72.67513291700743)
[2026-01-11 10:15:27,448][flwr][DEBUG] - evaluate_round 35: strategy sampled 100 clients (out of 100)
[2026-01-11 10:15:27,840][flwr][DEBUG] - evaluate_round 35 received 100 results and 0 failures
[2026-01-11 10:15:27,840][flwr][DEBUG] - fit_round 36: strategy sampled 100 clients (out of 100)
[2026-01-11 10:15:29,055][flwr][DEBUG] - fit_round 36 received 100 results and 0 failures
[2026-01-11 10:15:29,137][flwr][INFO] - fit progress: (36, 44.38737016916275, {'accuracy': 0.6125, 'adaptive_mu': 0.0035072236581759012}, 74.36422629200388)
[2026-01-11 10:15:29,137][flwr][DEBUG] - evaluate_round 36: strategy sampled 100 clients (out of 100)
[2026-01-11 10:15:29,502][flwr][DEBUG] - evaluate_round 36 received 100 results and 0 failures
[2026-01-11 10:15:29,503][flwr][DEBUG] - fit_round 37: strategy sampled 100 clients (out of 100)
[2026-01-11 10:15:30,804][flwr][DEBUG] - fit_round 37 received 100 results and 0 failures
[2026-01-11 10:15:31,038][flwr][INFO] - fit progress: (37, 44.295152723789215, {'accuracy': 0.613, 'adaptive_mu': 0.003505423141013245}, 76.2658177090052)
[2026-01-11 10:15:31,039][flwr][DEBUG] - evaluate_round 37: strategy sampled 100 clients (out of 100)
[2026-01-11 10:15:31,554][flwr][DEBUG] - evaluate_round 37 received 100 results and 0 failures
[2026-01-11 10:15:31,555][flwr][DEBUG] - fit_round 38: strategy sampled 100 clients (out of 100)
[2026-01-11 10:15:32,861][flwr][DEBUG] - fit_round 38 received 100 results and 0 failures
[2026-01-11 10:15:32,944][flwr][INFO] - fit progress: (38, 44.749203860759735, {'accuracy': 0.612, 'adaptive_mu': 0.003504056889571733}, 78.17170633400383)
[2026-01-11 10:15:32,945][flwr][DEBUG] - evaluate_round 38: strategy sampled 100 clients (out of 100)
[2026-01-11 10:15:33,333][flwr][DEBUG] - evaluate_round 38 received 100 results and 0 failures
[2026-01-11 10:15:33,334][flwr][DEBUG] - fit_round 39: strategy sampled 100 clients (out of 100)
[2026-01-11 10:15:34,708][flwr][DEBUG] - fit_round 39 received 100 results and 0 failures
[2026-01-11 10:15:34,791][flwr][INFO] - fit progress: (39, 44.2838751077652, {'accuracy': 0.6125, 'adaptive_mu': 0.0035036152012010643}, 80.0185006249958)
[2026-01-11 10:15:34,791][flwr][DEBUG] - evaluate_round 39: strategy sampled 100 clients (out of 100)
[2026-01-11 10:15:35,166][flwr][DEBUG] - evaluate_round 39 received 100 results and 0 failures
[2026-01-11 10:15:35,166][flwr][DEBUG] - fit_round 40: strategy sampled 100 clients (out of 100)
[2026-01-11 10:15:36,769][flwr][DEBUG] - fit_round 40 received 100 results and 0 failures
[2026-01-11 10:15:36,859][flwr][INFO] - fit progress: (40, 44.54963856935501, {'accuracy': 0.614, 'adaptive_mu': 0.003503009308573806}, 82.08622279200063)
[2026-01-11 10:15:36,859][flwr][DEBUG] - evaluate_round 40: strategy sampled 100 clients (out of 100)
[2026-01-11 10:15:37,295][flwr][DEBUG] - evaluate_round 40 received 100 results and 0 failures
[2026-01-11 10:15:37,295][flwr][DEBUG] - fit_round 41: strategy sampled 100 clients (out of 100)
[2026-01-11 10:15:38,997][flwr][DEBUG] - fit_round 41 received 100 results and 0 failures
[2026-01-11 10:15:39,086][flwr][INFO] - fit progress: (41, 44.3297581076622, {'accuracy': 0.614, 'adaptive_mu': 0.003502051127503613}, 84.31291791700642)
[2026-01-11 10:15:39,086][flwr][DEBUG] - evaluate_round 41: strategy sampled 100 clients (out of 100)
[2026-01-11 10:15:39,470][flwr][DEBUG] - evaluate_round 41 received 100 results and 0 failures
[2026-01-11 10:15:39,471][flwr][DEBUG] - fit_round 42: strategy sampled 100 clients (out of 100)
[2026-01-11 10:15:41,067][flwr][DEBUG] - fit_round 42 received 100 results and 0 failures
[2026-01-11 10:15:41,163][flwr][INFO] - fit progress: (42, 44.44668871164322, {'accuracy': 0.6135, 'adaptive_mu': 0.0035008971586394147}, 86.39064420900831)
[2026-01-11 10:15:41,164][flwr][DEBUG] - evaluate_round 42: strategy sampled 100 clients (out of 100)
[2026-01-11 10:15:41,553][flwr][DEBUG] - evaluate_round 42 received 100 results and 0 failures
[2026-01-11 10:15:41,554][flwr][DEBUG] - fit_round 43: strategy sampled 100 clients (out of 100)
[2026-01-11 10:15:43,334][flwr][DEBUG] - fit_round 43 received 100 results and 0 failures
[2026-01-11 10:15:43,432][flwr][INFO] - fit progress: (43, 44.52537655830383, {'accuracy': 0.6115, 'adaptive_mu': 0.0034997491228208576}, 88.65946770900337)
[2026-01-11 10:15:43,433][flwr][DEBUG] - evaluate_round 43: strategy sampled 100 clients (out of 100)
[2026-01-11 10:15:43,867][flwr][DEBUG] - evaluate_round 43 received 100 results and 0 failures
[2026-01-11 10:15:43,867][flwr][DEBUG] - fit_round 44: strategy sampled 100 clients (out of 100)
[2026-01-11 10:15:45,351][flwr][DEBUG] - fit_round 44 received 100 results and 0 failures
[2026-01-11 10:15:45,434][flwr][INFO] - fit progress: (44, 44.500490844249725, {'accuracy': 0.6185, 'adaptive_mu': 0.003496680879220551}, 90.66144745900237)
[2026-01-11 10:15:45,434][flwr][DEBUG] - evaluate_round 44: strategy sampled 100 clients (out of 100)
[2026-01-11 10:15:45,804][flwr][DEBUG] - evaluate_round 44 received 100 results and 0 failures
[2026-01-11 10:15:45,804][flwr][DEBUG] - fit_round 45: strategy sampled 100 clients (out of 100)
[2026-01-11 10:15:47,014][flwr][DEBUG] - fit_round 45 received 100 results and 0 failures
[2026-01-11 10:15:47,105][flwr][INFO] - fit progress: (45, 44.841803431510925, {'accuracy': 0.6105, 'adaptive_mu': 0.003493752222333784}, 92.33188974999939)
[2026-01-11 10:15:47,105][flwr][DEBUG] - evaluate_round 45: strategy sampled 100 clients (out of 100)
[2026-01-11 10:15:47,487][flwr][DEBUG] - evaluate_round 45 received 100 results and 0 failures
[2026-01-11 10:15:47,488][flwr][DEBUG] - fit_round 46: strategy sampled 100 clients (out of 100)
[2026-01-11 10:15:48,823][flwr][DEBUG] - fit_round 46 received 100 results and 0 failures
[2026-01-11 10:15:48,910][flwr][INFO] - fit progress: (46, 44.45212781429291, {'accuracy': 0.616, 'adaptive_mu': 0.0034943624060892386}, 94.13736741700268)
[2026-01-11 10:15:48,910][flwr][DEBUG] - evaluate_round 46: strategy sampled 100 clients (out of 100)
[2026-01-11 10:15:49,319][flwr][DEBUG] - evaluate_round 46 received 100 results and 0 failures
[2026-01-11 10:15:49,319][flwr][DEBUG] - fit_round 47: strategy sampled 100 clients (out of 100)
[2026-01-11 10:15:50,651][flwr][DEBUG] - fit_round 47 received 100 results and 0 failures
[2026-01-11 10:15:50,737][flwr][INFO] - fit progress: (47, 44.645401537418365, {'accuracy': 0.6115, 'adaptive_mu': 0.0034935038210492505}, 95.96433279200573)
[2026-01-11 10:15:50,737][flwr][DEBUG] - evaluate_round 47: strategy sampled 100 clients (out of 100)
[2026-01-11 10:15:51,120][flwr][DEBUG] - evaluate_round 47 received 100 results and 0 failures
[2026-01-11 10:15:51,121][flwr][DEBUG] - fit_round 48: strategy sampled 100 clients (out of 100)
[2026-01-11 10:15:52,397][flwr][DEBUG] - fit_round 48 received 100 results and 0 failures
[2026-01-11 10:15:52,482][flwr][INFO] - fit progress: (48, 44.36794835329056, {'accuracy': 0.609, 'adaptive_mu': 0.0034929531716476033}, 97.70891600000323)
[2026-01-11 10:15:52,482][flwr][DEBUG] - evaluate_round 48: strategy sampled 100 clients (out of 100)
[2026-01-11 10:15:52,852][flwr][DEBUG] - evaluate_round 48 received 100 results and 0 failures
[2026-01-11 10:15:52,852][flwr][DEBUG] - fit_round 49: strategy sampled 100 clients (out of 100)
[2026-01-11 10:15:54,081][flwr][DEBUG] - fit_round 49 received 100 results and 0 failures
[2026-01-11 10:15:54,164][flwr][INFO] - fit progress: (49, 45.05796641111374, {'accuracy': 0.61, 'adaptive_mu': 0.0034923832974049357}, 99.39150233400869)
[2026-01-11 10:15:54,164][flwr][DEBUG] - evaluate_round 49: strategy sampled 100 clients (out of 100)
[2026-01-11 10:15:54,721][flwr][DEBUG] - evaluate_round 49 received 100 results and 0 failures
[2026-01-11 10:15:54,721][flwr][DEBUG] - fit_round 50: strategy sampled 100 clients (out of 100)
[2026-01-11 10:15:56,002][flwr][DEBUG] - fit_round 50 received 100 results and 0 failures
[2026-01-11 10:15:56,087][flwr][INFO] - fit progress: (50, 44.71470749378204, {'accuracy': 0.609, 'adaptive_mu': 0.003494449180984316}, 101.31451762499637)
[2026-01-11 10:15:56,087][flwr][DEBUG] - evaluate_round 50: strategy sampled 100 clients (out of 100)
[2026-01-11 10:15:56,449][flwr][DEBUG] - evaluate_round 50 received 100 results and 0 failures
[2026-01-11 10:15:56,449][flwr][INFO] - FL finished in 101.6765727919992
[2026-01-11 10:15:56,450][flwr][INFO] - app_fit: losses_distributed [(1, 1.0131375558072526), (2, 0.9289048527694806), (3, 0.8473722313586898), (4, 0.8017154042868619), (5, 0.7753811621862603), (6, 0.7587768656876578), (7, 0.7444665939870276), (8, 0.738662577987531), (9, 0.7313699061485417), (10, 0.7283010051518983), (11, 0.7231960192204064), (12, 0.7196502819131801), (13, 0.715571499403155), (14, 0.71438030383218), (15, 0.7142972399791082), (16, 0.7095309144841662), (17, 0.7128254170609009), (18, 0.7098635397470038), (19, 0.7093848773236975), (20, 0.7097720425656495), (21, 0.7094907922685079), (22, 0.7077640699004422), (23, 0.7081558623004692), (24, 0.7104227786652735), (25, 0.7115532803827043), (26, 0.7108668504077285), (27, 0.7148027731629091), (28, 0.7109496928624326), (29, 0.712483231084203), (30, 0.7104114941294826), (31, 0.7146936865084814), (32, 0.7127982530916646), (33, 0.7179705554341836), (34, 0.7159655721724644), (35, 0.7127081812852072), (36, 0.7166380901758446), (37, 0.7153477897619631), (38, 0.7226409334201997), (39, 0.7151396141490296), (40, 0.7195617074106605), (41, 0.7157882117540221), (42, 0.7179744805593946), (43, 0.7191802145271171), (44, 0.7190441876582047), (45, 0.7243369579552519), (46, 0.7179386099043966), (47, 0.7211397632837838), (48, 0.7161991137828979), (49, 0.7278333995597219), (50, 0.7218837899593499)]
[2026-01-11 10:15:56,450][flwr][INFO] - app_fit: metrics_distributed_fit {'adaptive_mu': [(1, 0.001), (2, 0.001), (3, 0.001), (4, 0.0018933228569986832), (5, 0.0025388232043034938), (6, 0.0029750267882710686), (7, 0.0032473155955123727), (8, 0.003402880358783239), (9, 0.003490873067065711), (10, 0.00354060352250838), (11, 0.003566825806925602), (12, 0.003579148082868802), (13, 0.0035846625075809176), (14, 0.0035860001698454803), (15, 0.0035837286970812642), (16, 0.0035787418561401556), (17, 0.0035738054775139375), (18, 0.0035679606685488554), (19, 0.0035626739755130936), (20, 0.0035572998606508447), (21, 0.003551505837815716), (22, 0.0035472525902798977), (23, 0.0035420901705965056), (24, 0.0035375955317359176), (25, 0.0035339585203270074), (26, 0.00353025421366277), (27, 0.0035268834760864), (28, 0.0035248596068291806), (29, 0.003521651681642473), (30, 0.0035187012800287952), (31, 0.0035160007676060144), (32, 0.0035141487578839647), (33, 0.003511883211870342), (34, 0.00351079728998266), (35, 0.0035092134326961642), (36, 0.0035072236581759012), (37, 0.003505423141013245), (38, 0.003504056889571733), (39, 0.0035036152012010643), (40, 0.003503009308573806), (41, 0.003502051127503613), (42, 0.0035008971586394147), (43, 0.0034997491228208576), (44, 0.003496680879220551), (45, 0.003493752222333784), (46, 0.0034943624060892386), (47, 0.0034935038210492505), (48, 0.0034929531716476033), (49, 0.0034923832974049357), (50, 0.003494449180984316)], 'gradient_divergence': [(1, 3.8318651566281914), (2, 3.713940151631832), (3, 3.3176899472624064), (4, 2.9973990865051747), (5, 2.7824043694883587), (6, 2.6458947027847173), (7, 2.526534689962864), (8, 2.4516177193447946), (9, 2.3792946329712867), (10, 2.321476709805429), (11, 2.2680119433254005), (12, 2.2289407861977817), (13, 2.1870241612568497), (14, 2.1618289944157003), (15, 2.1142239239811897), (16, 2.092825011238456), (17, 2.068451596349478), (18, 2.0522084568440913), (19, 2.0290104290097952), (20, 2.003024604059756), (21, 1.9887641508504748), (22, 1.983549967557192), (23, 1.9608868224918843), (24, 1.9442195007950067), (25, 1.935539690218866), (26, 1.9148308315500617), (27, 1.9029689655080437), (28, 1.8938663304597139), (29, 1.8798961516283452), (30, 1.8717912383936346), (31, 1.860953619070351), (32, 1.8564702853560449), (33, 1.8495527393743396), (34, 1.8391378206200897), (35, 1.8286153685674071), (36, 1.8275226737931372), (37, 1.8205879987217486), (38, 1.8248040715046228), (39, 1.8050182599760591), (40, 1.8004526524804532), (41, 1.801782945394516), (42, 1.794685418009758), (43, 1.7948509558290242), (44, 1.7857059041969479), (45, 1.7840382058359683), (46, 1.7895873955264687), (47, 1.7813042756915092), (48, 1.7838677130639553), (49, 1.7748031550459564), (50, 1.7798038361407817)], 'avg_label_entropy': [(1, 0.6811522277531928), (2, 0.6811522277531927), (3, 0.6811522277531927), (4, 0.6811522277531928), (5, 0.6811522277531927), (6, 0.6811522277531928), (7, 0.681152227753193), (8, 0.6811522277531928), (9, 0.6811522277531928), (10, 0.681152227753193), (11, 0.6811522277531928), (12, 0.6811522277531927), (13, 0.681152227753193), (14, 0.681152227753193), (15, 0.6811522277531927), (16, 0.681152227753193), (17, 0.681152227753193), (18, 0.6811522277531928), (19, 0.6811522277531928), (20, 0.6811522277531927), (21, 0.6811522277531927), (22, 0.681152227753193), (23, 0.6811522277531928), (24, 0.6811522277531928), (25, 0.6811522277531927), (26, 0.6811522277531928), (27, 0.6811522277531928), (28, 0.6811522277531927), (29, 0.681152227753193), (30, 0.6811522277531928), (31, 0.6811522277531928), (32, 0.681152227753193), (33, 0.6811522277531927), (34, 0.6811522277531928), (35, 0.6811522277531927), (36, 0.6811522277531927), (37, 0.6811522277531928), (38, 0.6811522277531928), (39, 0.681152227753193), (40, 0.6811522277531928), (41, 0.6811522277531928), (42, 0.6811522277531928), (43, 0.6811522277531928), (44, 0.6811522277531927), (45, 0.6811522277531928), (46, 0.6811522277531927), (47, 0.6811522277531927), (48, 0.681152227753193), (49, 0.6811522277531928), (50, 0.681152227753193)], 'avg_feature_variance': [(1, 0.9265728950500488), (2, 0.9265728902816772), (3, 0.9265728914737701), (4, 0.926572896540165), (5, 0.9265728929638862), (6, 0.9265728902816772), (7, 0.9265729150176049), (8, 0.9265728914737701), (9, 0.9265729042887688), (10, 0.9265729036927223), (11, 0.9265729022026062), (12, 0.9265728932619095), (13, 0.9265729057788848), (14, 0.9265729105472564), (15, 0.9265728858113289), (16, 0.9265728911757469), (17, 0.9265729048848153), (18, 0.9265728935599327), (19, 0.926572887301445), (20, 0.9265729075670243), (21, 0.9265729036927223), (22, 0.9265729084610939), (23, 0.926572907269001), (24, 0.9265728971362114), (25, 0.9265729001164437), (26, 0.9265728858113289), (27, 0.9265729016065598), (28, 0.9265728899836541), (29, 0.9265729042887688), (30, 0.9265729013085365), (31, 0.9265728878974915), (32, 0.9265728905797005), (33, 0.9265728905797005), (34, 0.9265729093551636), (35, 0.9265729078650474), (36, 0.9265729013085365), (37, 0.9265729004144668), (38, 0.9265729016065598), (39, 0.9265729132294654), (40, 0.9265728947520256), (41, 0.9265729069709778), (42, 0.9265728929638862), (43, 0.926572916507721), (44, 0.9265729013085365), (45, 0.9265729135274887), (46, 0.926572896540165), (47, 0.9265728989243507), (48, 0.9265728980302811), (49, 0.9265729007124901), (50, 0.9265728911757469)]}
[2026-01-11 10:15:56,451][flwr][INFO] - app_fit: metrics_distributed {}
[2026-01-11 10:15:56,451][flwr][INFO] - app_fit: losses_centralized [(0, 67.88411092758179), (1, 63.299558222293854), (2, 57.88114619255066), (3, 52.64857995510101), (4, 49.738582611083984), (5, 48.08979445695877), (6, 47.06597438454628), (7, 46.19790679216385), (8, 45.83140179514885), (9, 45.39012336730957), (10, 45.18641617894173), (11, 44.87566953897476), (12, 44.66404068470001), (13, 44.43529370427132), (14, 44.35850992798805), (15, 44.35206440091133), (16, 44.05486482381821), (17, 44.24552300572395), (18, 44.05360868573189), (19, 44.02829068899155), (20, 44.04905667901039), (21, 44.01139196753502), (22, 43.90610820055008), (23, 43.90176185965538), (24, 44.04976597428322), (25, 44.09708461165428), (26, 44.0456018447876), (27, 44.28175547719002), (28, 44.04760625958443), (29, 44.1382854282856), (30, 44.026328325271606), (31, 44.288546562194824), (32, 44.165585935115814), (33, 44.466438710689545), (34, 44.350063145160675), (35, 44.14807200431824), (36, 44.38737016916275), (37, 44.295152723789215), (38, 44.749203860759735), (39, 44.2838751077652), (40, 44.54963856935501), (41, 44.3297581076622), (42, 44.44668871164322), (43, 44.52537655830383), (44, 44.500490844249725), (45, 44.841803431510925), (46, 44.45212781429291), (47, 44.645401537418365), (48, 44.36794835329056), (49, 45.05796641111374), (50, 44.71470749378204)]
[2026-01-11 10:15:56,451][flwr][INFO] - app_fit: metrics_centralized {'accuracy': [(0, 0.3585), (1, 0.5115), (2, 0.566), (3, 0.592), (4, 0.596), (5, 0.601), (6, 0.606), (7, 0.605), (8, 0.604), (9, 0.6045), (10, 0.604), (11, 0.603), (12, 0.6045), (13, 0.604), (14, 0.603), (15, 0.6035), (16, 0.609), (17, 0.6045), (18, 0.608), (19, 0.606), (20, 0.607), (21, 0.6095), (22, 0.6045), (23, 0.6135), (24, 0.606), (25, 0.6095), (26, 0.6105), (27, 0.6105), (28, 0.612), (29, 0.612), (30, 0.611), (31, 0.6115), (32, 0.6115), (33, 0.612), (34, 0.6115), (35, 0.6135), (36, 0.6125), (37, 0.613), (38, 0.612), (39, 0.6125), (40, 0.614), (41, 0.614), (42, 0.6135), (43, 0.6115), (44, 0.6185), (45, 0.6105), (46, 0.616), (47, 0.6115), (48, 0.609), (49, 0.61), (50, 0.609)], 'adaptive_mu': [(0, 0.001), (1, 0.001), (2, 0.001), (3, 0.001), (4, 0.0018933228569986832), (5, 0.0025388232043034938), (6, 0.0029750267882710686), (7, 0.0032473155955123727), (8, 0.003402880358783239), (9, 0.003490873067065711), (10, 0.00354060352250838), (11, 0.003566825806925602), (12, 0.003579148082868802), (13, 0.0035846625075809176), (14, 0.0035860001698454803), (15, 0.0035837286970812642), (16, 0.0035787418561401556), (17, 0.0035738054775139375), (18, 0.0035679606685488554), (19, 0.0035626739755130936), (20, 0.0035572998606508447), (21, 0.003551505837815716), (22, 0.0035472525902798977), (23, 0.0035420901705965056), (24, 0.0035375955317359176), (25, 0.0035339585203270074), (26, 0.00353025421366277), (27, 0.0035268834760864), (28, 0.0035248596068291806), (29, 0.003521651681642473), (30, 0.0035187012800287952), (31, 0.0035160007676060144), (32, 0.0035141487578839647), (33, 0.003511883211870342), (34, 0.00351079728998266), (35, 0.0035092134326961642), (36, 0.0035072236581759012), (37, 0.003505423141013245), (38, 0.003504056889571733), (39, 0.0035036152012010643), (40, 0.003503009308573806), (41, 0.003502051127503613), (42, 0.0035008971586394147), (43, 0.0034997491228208576), (44, 0.003496680879220551), (45, 0.003493752222333784), (46, 0.0034943624060892386), (47, 0.0034935038210492505), (48, 0.0034929531716476033), (49, 0.0034923832974049357), (50, 0.003494449180984316)]}
[2026-01-11 10:15:56,499][flwr][INFO] - Starting Flower simulation, config: ServerConfig(num_rounds=50, round_timeout=None)
[2026-01-11 10:16:05,392][flwr][INFO] - Flower VCE: Ray initialized with resources: {'node:127.0.0.1': 1.0, 'memory': 11810469069.0, 'CPU': 10.0, 'object_store_memory': 2147483648.0}
[2026-01-11 10:16:05,394][flwr][INFO] - Initializing global parameters
[2026-01-11 10:16:05,394][flwr][INFO] - Using initial parameters provided by strategy
[2026-01-11 10:16:05,394][flwr][INFO] - Evaluating initial parameters
