[2026-01-11 12:57:45,564][flwr][INFO] - Starting Flower simulation, config: ServerConfig(num_rounds=50, round_timeout=None)
[2026-01-11 12:57:50,318][flwr][INFO] - Flower VCE: Ray initialized with resources: {'memory': 11831035495.0, 'CPU': 10.0, 'object_store_memory': 2147483648.0, 'node:127.0.0.1': 1.0}
[2026-01-11 12:57:50,319][flwr][INFO] - Initializing global parameters
[2026-01-11 12:57:50,319][flwr][INFO] - Using initial parameters provided by strategy
[2026-01-11 12:57:50,319][flwr][INFO] - Evaluating initial parameters
[2026-01-11 12:57:50,346][flwr][INFO] - initial parameters (loss, other metrics): 68.07474291324615, {'accuracy': 0.507}
[2026-01-11 12:57:50,346][flwr][INFO] - FL starting
[2026-01-11 12:57:50,347][flwr][DEBUG] - fit_round 1: strategy sampled 100 clients (out of 100)
[2026-01-11 12:57:54,928][flwr][DEBUG] - fit_round 1 received 100 results and 0 failures
[2026-01-11 12:57:54,959][flwr][WARNING] - No fit_metrics_aggregation_fn provided
[2026-01-11 12:57:54,980][flwr][INFO] - fit progress: (1, 66.06870573759079, {'accuracy': 0.507}, 4.633336333004991)
[2026-01-11 12:57:54,980][flwr][DEBUG] - evaluate_round 1: strategy sampled 100 clients (out of 100)
[2026-01-11 12:57:55,348][flwr][DEBUG] - evaluate_round 1 received 100 results and 0 failures
[2026-01-11 12:57:55,348][flwr][WARNING] - No evaluate_metrics_aggregation_fn provided
[2026-01-11 12:57:55,349][flwr][DEBUG] - fit_round 2: strategy sampled 100 clients (out of 100)
[2026-01-11 12:57:55,853][flwr][DEBUG] - fit_round 2 received 100 results and 0 failures
[2026-01-11 12:57:55,903][flwr][INFO] - fit progress: (2, 65.48618191480637, {'accuracy': 0.507}, 5.557029500007047)
[2026-01-11 12:57:55,904][flwr][DEBUG] - evaluate_round 2: strategy sampled 100 clients (out of 100)
[2026-01-11 12:57:56,289][flwr][DEBUG] - evaluate_round 2 received 100 results and 0 failures
[2026-01-11 12:57:56,289][flwr][DEBUG] - fit_round 3: strategy sampled 100 clients (out of 100)
[2026-01-11 12:57:56,739][flwr][DEBUG] - fit_round 3 received 100 results and 0 failures
[2026-01-11 12:57:56,787][flwr][INFO] - fit progress: (3, 65.73740017414093, {'accuracy': 0.507}, 6.441033667011652)
[2026-01-11 12:57:56,788][flwr][DEBUG] - evaluate_round 3: strategy sampled 100 clients (out of 100)
[2026-01-11 12:57:57,170][flwr][DEBUG] - evaluate_round 3 received 100 results and 0 failures
[2026-01-11 12:57:57,170][flwr][DEBUG] - fit_round 4: strategy sampled 100 clients (out of 100)
[2026-01-11 12:57:57,631][flwr][DEBUG] - fit_round 4 received 100 results and 0 failures
[2026-01-11 12:57:57,681][flwr][INFO] - fit progress: (4, 66.36703646183014, {'accuracy': 0.507}, 7.3341962920094375)
[2026-01-11 12:57:57,681][flwr][DEBUG] - evaluate_round 4: strategy sampled 100 clients (out of 100)
[2026-01-11 12:57:58,070][flwr][DEBUG] - evaluate_round 4 received 100 results and 0 failures
[2026-01-11 12:57:58,070][flwr][DEBUG] - fit_round 5: strategy sampled 100 clients (out of 100)
[2026-01-11 12:57:58,522][flwr][DEBUG] - fit_round 5 received 100 results and 0 failures
[2026-01-11 12:57:58,571][flwr][INFO] - fit progress: (5, 67.01294469833374, {'accuracy': 0.507}, 8.224813542008633)
[2026-01-11 12:57:58,572][flwr][DEBUG] - evaluate_round 5: strategy sampled 100 clients (out of 100)
[2026-01-11 12:57:58,931][flwr][DEBUG] - evaluate_round 5 received 100 results and 0 failures
[2026-01-11 12:57:58,932][flwr][DEBUG] - fit_round 6: strategy sampled 100 clients (out of 100)
[2026-01-11 12:57:59,392][flwr][DEBUG] - fit_round 6 received 100 results and 0 failures
[2026-01-11 12:57:59,443][flwr][INFO] - fit progress: (6, 67.52716612815857, {'accuracy': 0.507}, 9.096481750006205)
[2026-01-11 12:57:59,443][flwr][DEBUG] - evaluate_round 6: strategy sampled 100 clients (out of 100)
[2026-01-11 12:57:59,848][flwr][DEBUG] - evaluate_round 6 received 100 results and 0 failures
[2026-01-11 12:57:59,848][flwr][DEBUG] - fit_round 7: strategy sampled 100 clients (out of 100)
[2026-01-11 12:58:00,374][flwr][DEBUG] - fit_round 7 received 100 results and 0 failures
[2026-01-11 12:58:00,429][flwr][INFO] - fit progress: (7, 67.85280883312225, {'accuracy': 0.507}, 10.082816667010775)
[2026-01-11 12:58:00,430][flwr][DEBUG] - evaluate_round 7: strategy sampled 100 clients (out of 100)
[2026-01-11 12:58:00,830][flwr][DEBUG] - evaluate_round 7 received 100 results and 0 failures
[2026-01-11 12:58:00,830][flwr][DEBUG] - fit_round 8: strategy sampled 100 clients (out of 100)
[2026-01-11 12:58:01,508][flwr][DEBUG] - fit_round 8 received 100 results and 0 failures
[2026-01-11 12:58:01,570][flwr][INFO] - fit progress: (8, 67.91563034057617, {'accuracy': 0.507}, 11.223309250010061)
[2026-01-11 12:58:01,570][flwr][DEBUG] - evaluate_round 8: strategy sampled 100 clients (out of 100)
[2026-01-11 12:58:01,971][flwr][DEBUG] - evaluate_round 8 received 100 results and 0 failures
[2026-01-11 12:58:01,971][flwr][DEBUG] - fit_round 9: strategy sampled 100 clients (out of 100)
[2026-01-11 12:58:02,663][flwr][DEBUG] - fit_round 9 received 100 results and 0 failures
[2026-01-11 12:58:02,717][flwr][INFO] - fit progress: (9, 67.86288172006607, {'accuracy': 0.5075}, 12.370138292011688)
[2026-01-11 12:58:02,717][flwr][DEBUG] - evaluate_round 9: strategy sampled 100 clients (out of 100)
[2026-01-11 12:58:03,133][flwr][DEBUG] - evaluate_round 9 received 100 results and 0 failures
[2026-01-11 12:58:03,133][flwr][DEBUG] - fit_round 10: strategy sampled 100 clients (out of 100)
[2026-01-11 12:58:03,701][flwr][DEBUG] - fit_round 10 received 100 results and 0 failures
[2026-01-11 12:58:03,766][flwr][INFO] - fit progress: (10, 67.65645384788513, {'accuracy': 0.508}, 13.4193141249998)
[2026-01-11 12:58:03,766][flwr][DEBUG] - evaluate_round 10: strategy sampled 100 clients (out of 100)
[2026-01-11 12:58:04,196][flwr][DEBUG] - evaluate_round 10 received 100 results and 0 failures
[2026-01-11 12:58:04,196][flwr][DEBUG] - fit_round 11: strategy sampled 100 clients (out of 100)
[2026-01-11 12:58:04,753][flwr][DEBUG] - fit_round 11 received 100 results and 0 failures
[2026-01-11 12:58:04,805][flwr][INFO] - fit progress: (11, 67.30765134096146, {'accuracy': 0.5095}, 14.458931333007058)
[2026-01-11 12:58:04,806][flwr][DEBUG] - evaluate_round 11: strategy sampled 100 clients (out of 100)
[2026-01-11 12:58:05,188][flwr][DEBUG] - evaluate_round 11 received 100 results and 0 failures
[2026-01-11 12:58:05,188][flwr][DEBUG] - fit_round 12: strategy sampled 100 clients (out of 100)
[2026-01-11 12:58:05,637][flwr][DEBUG] - fit_round 12 received 100 results and 0 failures
[2026-01-11 12:58:05,686][flwr][INFO] - fit progress: (12, 66.82542037963867, {'accuracy': 0.514}, 15.339103625010466)
[2026-01-11 12:58:05,686][flwr][DEBUG] - evaluate_round 12: strategy sampled 100 clients (out of 100)
[2026-01-11 12:58:06,061][flwr][DEBUG] - evaluate_round 12 received 100 results and 0 failures
[2026-01-11 12:58:06,062][flwr][DEBUG] - fit_round 13: strategy sampled 100 clients (out of 100)
[2026-01-11 12:58:06,546][flwr][DEBUG] - fit_round 13 received 100 results and 0 failures
[2026-01-11 12:58:06,594][flwr][INFO] - fit progress: (13, 66.37432897090912, {'accuracy': 0.518}, 16.24779233300069)
[2026-01-11 12:58:06,595][flwr][DEBUG] - evaluate_round 13: strategy sampled 100 clients (out of 100)
[2026-01-11 12:58:07,030][flwr][DEBUG] - evaluate_round 13 received 100 results and 0 failures
[2026-01-11 12:58:07,031][flwr][DEBUG] - fit_round 14: strategy sampled 100 clients (out of 100)
[2026-01-11 12:58:07,499][flwr][DEBUG] - fit_round 14 received 100 results and 0 failures
[2026-01-11 12:58:07,550][flwr][INFO] - fit progress: (14, 65.81221449375153, {'accuracy': 0.5195}, 17.203510125007597)
[2026-01-11 12:58:07,550][flwr][DEBUG] - evaluate_round 14: strategy sampled 100 clients (out of 100)
[2026-01-11 12:58:07,974][flwr][DEBUG] - evaluate_round 14 received 100 results and 0 failures
[2026-01-11 12:58:07,974][flwr][DEBUG] - fit_round 15: strategy sampled 100 clients (out of 100)
[2026-01-11 12:58:08,484][flwr][DEBUG] - fit_round 15 received 100 results and 0 failures
[2026-01-11 12:58:08,533][flwr][INFO] - fit progress: (15, 65.16228342056274, {'accuracy': 0.5275}, 18.18636091701046)
[2026-01-11 12:58:08,533][flwr][DEBUG] - evaluate_round 15: strategy sampled 100 clients (out of 100)
[2026-01-11 12:58:08,927][flwr][DEBUG] - evaluate_round 15 received 100 results and 0 failures
[2026-01-11 12:58:08,927][flwr][DEBUG] - fit_round 16: strategy sampled 100 clients (out of 100)
[2026-01-11 12:58:09,407][flwr][DEBUG] - fit_round 16 received 100 results and 0 failures
[2026-01-11 12:58:09,459][flwr][INFO] - fit progress: (16, 64.57453244924545, {'accuracy': 0.5325}, 19.11282249999931)
[2026-01-11 12:58:09,460][flwr][DEBUG] - evaluate_round 16: strategy sampled 100 clients (out of 100)
[2026-01-11 12:58:09,825][flwr][DEBUG] - evaluate_round 16 received 100 results and 0 failures
[2026-01-11 12:58:09,826][flwr][DEBUG] - fit_round 17: strategy sampled 100 clients (out of 100)
[2026-01-11 12:58:10,291][flwr][DEBUG] - fit_round 17 received 100 results and 0 failures
[2026-01-11 12:58:10,341][flwr][INFO] - fit progress: (17, 63.91447401046753, {'accuracy': 0.544}, 19.99488404201111)
[2026-01-11 12:58:10,342][flwr][DEBUG] - evaluate_round 17: strategy sampled 100 clients (out of 100)
[2026-01-11 12:58:10,711][flwr][DEBUG] - evaluate_round 17 received 100 results and 0 failures
[2026-01-11 12:58:10,712][flwr][DEBUG] - fit_round 18: strategy sampled 100 clients (out of 100)
[2026-01-11 12:58:11,211][flwr][DEBUG] - fit_round 18 received 100 results and 0 failures
[2026-01-11 12:58:11,262][flwr][INFO] - fit progress: (18, 63.26652282476425, {'accuracy': 0.5555}, 20.915195958004915)
[2026-01-11 12:58:11,262][flwr][DEBUG] - evaluate_round 18: strategy sampled 100 clients (out of 100)
[2026-01-11 12:58:11,626][flwr][DEBUG] - evaluate_round 18 received 100 results and 0 failures
[2026-01-11 12:58:11,626][flwr][DEBUG] - fit_round 19: strategy sampled 100 clients (out of 100)
[2026-01-11 12:58:12,119][flwr][DEBUG] - fit_round 19 received 100 results and 0 failures
[2026-01-11 12:58:12,276][flwr][INFO] - fit progress: (19, 62.62504196166992, {'accuracy': 0.5645}, 21.929930208003498)
[2026-01-11 12:58:12,277][flwr][DEBUG] - evaluate_round 19: strategy sampled 100 clients (out of 100)
[2026-01-11 12:58:12,644][flwr][DEBUG] - evaluate_round 19 received 100 results and 0 failures
[2026-01-11 12:58:12,644][flwr][DEBUG] - fit_round 20: strategy sampled 100 clients (out of 100)
[2026-01-11 12:58:13,087][flwr][DEBUG] - fit_round 20 received 100 results and 0 failures
[2026-01-11 12:58:13,138][flwr][INFO] - fit progress: (20, 62.08944255113602, {'accuracy': 0.57}, 22.791859832999762)
[2026-01-11 12:58:13,139][flwr][DEBUG] - evaluate_round 20: strategy sampled 100 clients (out of 100)
[2026-01-11 12:58:13,504][flwr][DEBUG] - evaluate_round 20 received 100 results and 0 failures
[2026-01-11 12:58:13,504][flwr][DEBUG] - fit_round 21: strategy sampled 100 clients (out of 100)
[2026-01-11 12:58:14,035][flwr][DEBUG] - fit_round 21 received 100 results and 0 failures
[2026-01-11 12:58:14,087][flwr][INFO] - fit progress: (21, 61.58854687213898, {'accuracy': 0.575}, 23.740869833010947)
[2026-01-11 12:58:14,088][flwr][DEBUG] - evaluate_round 21: strategy sampled 100 clients (out of 100)
[2026-01-11 12:58:14,470][flwr][DEBUG] - evaluate_round 21 received 100 results and 0 failures
[2026-01-11 12:58:14,471][flwr][DEBUG] - fit_round 22: strategy sampled 100 clients (out of 100)
[2026-01-11 12:58:14,928][flwr][DEBUG] - fit_round 22 received 100 results and 0 failures
[2026-01-11 12:58:14,978][flwr][INFO] - fit progress: (22, 61.08445829153061, {'accuracy': 0.578}, 24.631770375010092)
[2026-01-11 12:58:14,979][flwr][DEBUG] - evaluate_round 22: strategy sampled 100 clients (out of 100)
[2026-01-11 12:58:15,344][flwr][DEBUG] - evaluate_round 22 received 100 results and 0 failures
[2026-01-11 12:58:15,345][flwr][DEBUG] - fit_round 23: strategy sampled 100 clients (out of 100)
[2026-01-11 12:58:15,790][flwr][DEBUG] - fit_round 23 received 100 results and 0 failures
[2026-01-11 12:58:15,838][flwr][INFO] - fit progress: (23, 60.66965711116791, {'accuracy': 0.5795}, 25.491510208012187)
[2026-01-11 12:58:15,838][flwr][DEBUG] - evaluate_round 23: strategy sampled 100 clients (out of 100)
[2026-01-11 12:58:16,209][flwr][DEBUG] - evaluate_round 23 received 100 results and 0 failures
[2026-01-11 12:58:16,209][flwr][DEBUG] - fit_round 24: strategy sampled 100 clients (out of 100)
[2026-01-11 12:58:16,680][flwr][DEBUG] - fit_round 24 received 100 results and 0 failures
[2026-01-11 12:58:16,731][flwr][INFO] - fit progress: (24, 60.29927933216095, {'accuracy': 0.58}, 26.384074375004275)
[2026-01-11 12:58:16,731][flwr][DEBUG] - evaluate_round 24: strategy sampled 100 clients (out of 100)
[2026-01-11 12:58:17,113][flwr][DEBUG] - evaluate_round 24 received 100 results and 0 failures
[2026-01-11 12:58:17,114][flwr][DEBUG] - fit_round 25: strategy sampled 100 clients (out of 100)
[2026-01-11 12:58:17,615][flwr][DEBUG] - fit_round 25 received 100 results and 0 failures
[2026-01-11 12:58:17,666][flwr][INFO] - fit progress: (25, 60.07096940279007, {'accuracy': 0.579}, 27.319548958010273)
[2026-01-11 12:58:17,666][flwr][DEBUG] - evaluate_round 25: strategy sampled 100 clients (out of 100)
[2026-01-11 12:58:18,032][flwr][DEBUG] - evaluate_round 25 received 100 results and 0 failures
[2026-01-11 12:58:18,033][flwr][DEBUG] - fit_round 26: strategy sampled 100 clients (out of 100)
[2026-01-11 12:58:18,480][flwr][DEBUG] - fit_round 26 received 100 results and 0 failures
[2026-01-11 12:58:18,529][flwr][INFO] - fit progress: (26, 59.78537631034851, {'accuracy': 0.579}, 28.182655500000692)
[2026-01-11 12:58:18,529][flwr][DEBUG] - evaluate_round 26: strategy sampled 100 clients (out of 100)
[2026-01-11 12:58:18,893][flwr][DEBUG] - evaluate_round 26 received 100 results and 0 failures
[2026-01-11 12:58:18,894][flwr][DEBUG] - fit_round 27: strategy sampled 100 clients (out of 100)
[2026-01-11 12:58:19,424][flwr][DEBUG] - fit_round 27 received 100 results and 0 failures
[2026-01-11 12:58:19,475][flwr][INFO] - fit progress: (27, 59.51149386167526, {'accuracy': 0.5795}, 29.128217542005586)
[2026-01-11 12:58:19,475][flwr][DEBUG] - evaluate_round 27: strategy sampled 100 clients (out of 100)
[2026-01-11 12:58:19,854][flwr][DEBUG] - evaluate_round 27 received 100 results and 0 failures
[2026-01-11 12:58:19,854][flwr][DEBUG] - fit_round 28: strategy sampled 100 clients (out of 100)
[2026-01-11 12:58:20,356][flwr][DEBUG] - fit_round 28 received 100 results and 0 failures
[2026-01-11 12:58:20,409][flwr][INFO] - fit progress: (28, 59.37858593463898, {'accuracy': 0.5805}, 30.062680333008757)
[2026-01-11 12:58:20,410][flwr][DEBUG] - evaluate_round 28: strategy sampled 100 clients (out of 100)
[2026-01-11 12:58:20,784][flwr][DEBUG] - evaluate_round 28 received 100 results and 0 failures
[2026-01-11 12:58:20,784][flwr][DEBUG] - fit_round 29: strategy sampled 100 clients (out of 100)
[2026-01-11 12:58:21,229][flwr][DEBUG] - fit_round 29 received 100 results and 0 failures
[2026-01-11 12:58:21,280][flwr][INFO] - fit progress: (29, 59.18760710954666, {'accuracy': 0.5805}, 30.933287250009016)
[2026-01-11 12:58:21,280][flwr][DEBUG] - evaluate_round 29: strategy sampled 100 clients (out of 100)
[2026-01-11 12:58:21,684][flwr][DEBUG] - evaluate_round 29 received 100 results and 0 failures
[2026-01-11 12:58:21,685][flwr][DEBUG] - fit_round 30: strategy sampled 100 clients (out of 100)
[2026-01-11 12:58:22,157][flwr][DEBUG] - fit_round 30 received 100 results and 0 failures
[2026-01-11 12:58:22,209][flwr][INFO] - fit progress: (30, 59.022965252399445, {'accuracy': 0.5805}, 31.862644292006735)
[2026-01-11 12:58:22,210][flwr][DEBUG] - evaluate_round 30: strategy sampled 100 clients (out of 100)
[2026-01-11 12:58:22,570][flwr][DEBUG] - evaluate_round 30 received 100 results and 0 failures
[2026-01-11 12:58:22,570][flwr][DEBUG] - fit_round 31: strategy sampled 100 clients (out of 100)
[2026-01-11 12:58:23,007][flwr][DEBUG] - fit_round 31 received 100 results and 0 failures
[2026-01-11 12:58:23,082][flwr][INFO] - fit progress: (31, 58.82888323068619, {'accuracy': 0.5805}, 32.73586412500299)
[2026-01-11 12:58:23,083][flwr][DEBUG] - evaluate_round 31: strategy sampled 100 clients (out of 100)
[2026-01-11 12:58:23,441][flwr][DEBUG] - evaluate_round 31 received 100 results and 0 failures
[2026-01-11 12:58:23,441][flwr][DEBUG] - fit_round 32: strategy sampled 100 clients (out of 100)
[2026-01-11 12:58:23,861][flwr][DEBUG] - fit_round 32 received 100 results and 0 failures
[2026-01-11 12:58:23,913][flwr][INFO] - fit progress: (32, 58.650981426239014, {'accuracy': 0.5805}, 33.56641574999958)
[2026-01-11 12:58:23,913][flwr][DEBUG] - evaluate_round 32: strategy sampled 100 clients (out of 100)
[2026-01-11 12:58:24,291][flwr][DEBUG] - evaluate_round 32 received 100 results and 0 failures
[2026-01-11 12:58:24,291][flwr][DEBUG] - fit_round 33: strategy sampled 100 clients (out of 100)
[2026-01-11 12:58:24,740][flwr][DEBUG] - fit_round 33 received 100 results and 0 failures
[2026-01-11 12:58:24,790][flwr][INFO] - fit progress: (33, 58.611283659935, {'accuracy': 0.5805}, 34.44317900000897)
[2026-01-11 12:58:24,790][flwr][DEBUG] - evaluate_round 33: strategy sampled 100 clients (out of 100)
[2026-01-11 12:58:25,159][flwr][DEBUG] - evaluate_round 33 received 100 results and 0 failures
[2026-01-11 12:58:25,160][flwr][DEBUG] - fit_round 34: strategy sampled 100 clients (out of 100)
[2026-01-11 12:58:25,607][flwr][DEBUG] - fit_round 34 received 100 results and 0 failures
[2026-01-11 12:58:25,658][flwr][INFO] - fit progress: (34, 58.48829072713852, {'accuracy': 0.5805}, 35.311845125004766)
[2026-01-11 12:58:25,659][flwr][DEBUG] - evaluate_round 34: strategy sampled 100 clients (out of 100)
[2026-01-11 12:58:26,025][flwr][DEBUG] - evaluate_round 34 received 100 results and 0 failures
[2026-01-11 12:58:26,026][flwr][DEBUG] - fit_round 35: strategy sampled 100 clients (out of 100)
[2026-01-11 12:58:26,477][flwr][DEBUG] - fit_round 35 received 100 results and 0 failures
[2026-01-11 12:58:26,527][flwr][INFO] - fit progress: (35, 58.44366109371185, {'accuracy': 0.5815}, 36.18029379200016)
[2026-01-11 12:58:26,527][flwr][DEBUG] - evaluate_round 35: strategy sampled 100 clients (out of 100)
[2026-01-11 12:58:26,896][flwr][DEBUG] - evaluate_round 35 received 100 results and 0 failures
[2026-01-11 12:58:26,896][flwr][DEBUG] - fit_round 36: strategy sampled 100 clients (out of 100)
[2026-01-11 12:58:27,516][flwr][DEBUG] - fit_round 36 received 100 results and 0 failures
[2026-01-11 12:58:27,582][flwr][INFO] - fit progress: (36, 58.32252740859985, {'accuracy': 0.5815}, 37.235203542004456)
[2026-01-11 12:58:27,582][flwr][DEBUG] - evaluate_round 36: strategy sampled 100 clients (out of 100)
[2026-01-11 12:58:28,068][flwr][DEBUG] - evaluate_round 36 received 100 results and 0 failures
[2026-01-11 12:58:28,068][flwr][DEBUG] - fit_round 37: strategy sampled 100 clients (out of 100)
[2026-01-11 12:58:28,589][flwr][DEBUG] - fit_round 37 received 100 results and 0 failures
[2026-01-11 12:58:28,650][flwr][INFO] - fit progress: (37, 58.296903014183044, {'accuracy': 0.5815}, 38.3028417500027)
[2026-01-11 12:58:28,650][flwr][DEBUG] - evaluate_round 37: strategy sampled 100 clients (out of 100)
[2026-01-11 12:58:29,086][flwr][DEBUG] - evaluate_round 37 received 100 results and 0 failures
[2026-01-11 12:58:29,086][flwr][DEBUG] - fit_round 38: strategy sampled 100 clients (out of 100)
[2026-01-11 12:58:29,618][flwr][DEBUG] - fit_round 38 received 100 results and 0 failures
[2026-01-11 12:58:29,677][flwr][INFO] - fit progress: (38, 58.31878620386124, {'accuracy': 0.5815}, 39.33003637500224)
[2026-01-11 12:58:29,677][flwr][DEBUG] - evaluate_round 38: strategy sampled 100 clients (out of 100)
[2026-01-11 12:58:30,145][flwr][DEBUG] - evaluate_round 38 received 100 results and 0 failures
[2026-01-11 12:58:30,146][flwr][DEBUG] - fit_round 39: strategy sampled 100 clients (out of 100)
[2026-01-11 12:58:30,717][flwr][DEBUG] - fit_round 39 received 100 results and 0 failures
[2026-01-11 12:58:30,766][flwr][INFO] - fit progress: (39, 58.257766366004944, {'accuracy': 0.582}, 40.41966025000147)
[2026-01-11 12:58:30,767][flwr][DEBUG] - evaluate_round 39: strategy sampled 100 clients (out of 100)
[2026-01-11 12:58:31,161][flwr][DEBUG] - evaluate_round 39 received 100 results and 0 failures
[2026-01-11 12:58:31,161][flwr][DEBUG] - fit_round 40: strategy sampled 100 clients (out of 100)
[2026-01-11 12:58:31,625][flwr][DEBUG] - fit_round 40 received 100 results and 0 failures
[2026-01-11 12:58:31,679][flwr][INFO] - fit progress: (40, 58.24300795793533, {'accuracy': 0.582}, 41.332552625011886)
[2026-01-11 12:58:31,679][flwr][DEBUG] - evaluate_round 40: strategy sampled 100 clients (out of 100)
[2026-01-11 12:58:32,099][flwr][DEBUG] - evaluate_round 40 received 100 results and 0 failures
[2026-01-11 12:58:32,099][flwr][DEBUG] - fit_round 41: strategy sampled 100 clients (out of 100)
[2026-01-11 12:58:32,549][flwr][DEBUG] - fit_round 41 received 100 results and 0 failures
[2026-01-11 12:58:32,655][flwr][INFO] - fit progress: (41, 58.1977658867836, {'accuracy': 0.581}, 42.30782466700475)
[2026-01-11 12:58:32,655][flwr][DEBUG] - evaluate_round 41: strategy sampled 100 clients (out of 100)
[2026-01-11 12:58:33,038][flwr][DEBUG] - evaluate_round 41 received 100 results and 0 failures
[2026-01-11 12:58:33,039][flwr][DEBUG] - fit_round 42: strategy sampled 100 clients (out of 100)
[2026-01-11 12:58:33,529][flwr][DEBUG] - fit_round 42 received 100 results and 0 failures
[2026-01-11 12:58:33,579][flwr][INFO] - fit progress: (42, 58.18367773294449, {'accuracy': 0.5805}, 43.2322572080011)
[2026-01-11 12:58:33,579][flwr][DEBUG] - evaluate_round 42: strategy sampled 100 clients (out of 100)
[2026-01-11 12:58:33,947][flwr][DEBUG] - evaluate_round 42 received 100 results and 0 failures
[2026-01-11 12:58:33,948][flwr][DEBUG] - fit_round 43: strategy sampled 100 clients (out of 100)
[2026-01-11 12:58:34,408][flwr][DEBUG] - fit_round 43 received 100 results and 0 failures
[2026-01-11 12:58:34,458][flwr][INFO] - fit progress: (43, 58.22014230489731, {'accuracy': 0.5805}, 44.1109276250063)
[2026-01-11 12:58:34,458][flwr][DEBUG] - evaluate_round 43: strategy sampled 100 clients (out of 100)
[2026-01-11 12:58:34,826][flwr][DEBUG] - evaluate_round 43 received 100 results and 0 failures
[2026-01-11 12:58:34,827][flwr][DEBUG] - fit_round 44: strategy sampled 100 clients (out of 100)
[2026-01-11 12:58:35,294][flwr][DEBUG] - fit_round 44 received 100 results and 0 failures
[2026-01-11 12:58:35,344][flwr][INFO] - fit progress: (44, 58.42781841754913, {'accuracy': 0.579}, 44.9975092500099)
[2026-01-11 12:58:35,344][flwr][DEBUG] - evaluate_round 44: strategy sampled 100 clients (out of 100)
[2026-01-11 12:58:35,717][flwr][DEBUG] - evaluate_round 44 received 100 results and 0 failures
[2026-01-11 12:58:35,717][flwr][DEBUG] - fit_round 45: strategy sampled 100 clients (out of 100)
[2026-01-11 12:58:36,187][flwr][DEBUG] - fit_round 45 received 100 results and 0 failures
[2026-01-11 12:58:36,239][flwr][INFO] - fit progress: (45, 58.283164381980896, {'accuracy': 0.579}, 45.89180587499868)
[2026-01-11 12:58:36,239][flwr][DEBUG] - evaluate_round 45: strategy sampled 100 clients (out of 100)
[2026-01-11 12:58:36,606][flwr][DEBUG] - evaluate_round 45 received 100 results and 0 failures
[2026-01-11 12:58:36,607][flwr][DEBUG] - fit_round 46: strategy sampled 100 clients (out of 100)
[2026-01-11 12:58:37,086][flwr][DEBUG] - fit_round 46 received 100 results and 0 failures
[2026-01-11 12:58:37,137][flwr][INFO] - fit progress: (46, 58.22601902484894, {'accuracy': 0.5795}, 46.790207708007074)
[2026-01-11 12:58:37,137][flwr][DEBUG] - evaluate_round 46: strategy sampled 100 clients (out of 100)
[2026-01-11 12:58:37,512][flwr][DEBUG] - evaluate_round 46 received 100 results and 0 failures
[2026-01-11 12:58:37,512][flwr][DEBUG] - fit_round 47: strategy sampled 100 clients (out of 100)
[2026-01-11 12:58:37,969][flwr][DEBUG] - fit_round 47 received 100 results and 0 failures
[2026-01-11 12:58:38,017][flwr][INFO] - fit progress: (47, 58.28307527303696, {'accuracy': 0.578}, 47.67010395800753)
[2026-01-11 12:58:38,017][flwr][DEBUG] - evaluate_round 47: strategy sampled 100 clients (out of 100)
[2026-01-11 12:58:38,396][flwr][DEBUG] - evaluate_round 47 received 100 results and 0 failures
[2026-01-11 12:58:38,397][flwr][DEBUG] - fit_round 48: strategy sampled 100 clients (out of 100)
[2026-01-11 12:58:38,847][flwr][DEBUG] - fit_round 48 received 100 results and 0 failures
[2026-01-11 12:58:38,897][flwr][INFO] - fit progress: (48, 58.30323749780655, {'accuracy': 0.578}, 48.55021775000205)
[2026-01-11 12:58:38,897][flwr][DEBUG] - evaluate_round 48: strategy sampled 100 clients (out of 100)
[2026-01-11 12:58:39,267][flwr][DEBUG] - evaluate_round 48 received 100 results and 0 failures
[2026-01-11 12:58:39,267][flwr][DEBUG] - fit_round 49: strategy sampled 100 clients (out of 100)
[2026-01-11 12:58:39,732][flwr][DEBUG] - fit_round 49 received 100 results and 0 failures
[2026-01-11 12:58:39,781][flwr][INFO] - fit progress: (49, 58.24082416296005, {'accuracy': 0.578}, 49.434495333000086)
[2026-01-11 12:58:39,781][flwr][DEBUG] - evaluate_round 49: strategy sampled 100 clients (out of 100)
[2026-01-11 12:58:40,152][flwr][DEBUG] - evaluate_round 49 received 100 results and 0 failures
[2026-01-11 12:58:40,153][flwr][DEBUG] - fit_round 50: strategy sampled 100 clients (out of 100)
[2026-01-11 12:58:40,621][flwr][DEBUG] - fit_round 50 received 100 results and 0 failures
[2026-01-11 12:58:40,674][flwr][INFO] - fit progress: (50, 58.21626037359238, {'accuracy': 0.578}, 50.3273318749998)
[2026-01-11 12:58:40,674][flwr][DEBUG] - evaluate_round 50: strategy sampled 100 clients (out of 100)
[2026-01-11 12:58:41,036][flwr][DEBUG] - evaluate_round 50 received 100 results and 0 failures
[2026-01-11 12:58:41,036][flwr][INFO] - FL finished in 50.689190375007456
[2026-01-11 12:58:41,036][flwr][INFO] - app_fit: losses_distributed [(1, 1.051977142810279), (2, 1.0449859238525299), (3, 1.0507456421241825), (4, 1.0619506506721856), (5, 1.072957764611716), (6, 1.0815089481784215), (7, 1.0867439002917487), (8, 1.0878176772214718), (9, 1.0870937569081716), (10, 1.0837940732536326), (11, 1.0782222750345594), (12, 1.0705052150394323), (13, 1.0632793395287348), (14, 1.0542242946749525), (15, 1.043831914459886), (16, 1.0345444444299965), (17, 1.024092257667049), (18, 1.0138694363073006), (19, 1.003710763276776), (20, 0.9952637590679835), (21, 0.987334839126627), (22, 0.9792734488115918), (23, 0.9726329912369026), (24, 0.9667320914812326), (25, 0.9630721509117587), (26, 0.9585339182879737), (27, 0.9541118110067066), (28, 0.9520168297153827), (29, 0.9489622705523878), (30, 0.9463199774424235), (31, 0.9432237507845355), (32, 0.9403590179038943), (33, 0.9397752626594559), (34, 0.9378325731850593), (35, 0.9371560281725331), (36, 0.9352346283550013), (37, 0.9348580202212784), (38, 0.9352945267509953), (39, 0.9343231335638326), (40, 0.9341245290396292), (41, 0.9334203812110411), (42, 0.9332226836911919), (43, 0.9338714081510071), (44, 0.9373121016125902), (45, 0.9350291197617306), (46, 0.9341942011733646), (47, 0.935170220365839), (48, 0.9355921336408362), (49, 0.9347091228176709), (50, 0.9344113982273043)]
[2026-01-11 12:58:41,036][flwr][INFO] - app_fit: metrics_distributed_fit {}
[2026-01-11 12:58:41,037][flwr][INFO] - app_fit: metrics_distributed {}
[2026-01-11 12:58:41,037][flwr][INFO] - app_fit: losses_centralized [(0, 68.07474291324615), (1, 66.06870573759079), (2, 65.48618191480637), (3, 65.73740017414093), (4, 66.36703646183014), (5, 67.01294469833374), (6, 67.52716612815857), (7, 67.85280883312225), (8, 67.91563034057617), (9, 67.86288172006607), (10, 67.65645384788513), (11, 67.30765134096146), (12, 66.82542037963867), (13, 66.37432897090912), (14, 65.81221449375153), (15, 65.16228342056274), (16, 64.57453244924545), (17, 63.91447401046753), (18, 63.26652282476425), (19, 62.62504196166992), (20, 62.08944255113602), (21, 61.58854687213898), (22, 61.08445829153061), (23, 60.66965711116791), (24, 60.29927933216095), (25, 60.07096940279007), (26, 59.78537631034851), (27, 59.51149386167526), (28, 59.37858593463898), (29, 59.18760710954666), (30, 59.022965252399445), (31, 58.82888323068619), (32, 58.650981426239014), (33, 58.611283659935), (34, 58.48829072713852), (35, 58.44366109371185), (36, 58.32252740859985), (37, 58.296903014183044), (38, 58.31878620386124), (39, 58.257766366004944), (40, 58.24300795793533), (41, 58.1977658867836), (42, 58.18367773294449), (43, 58.22014230489731), (44, 58.42781841754913), (45, 58.283164381980896), (46, 58.22601902484894), (47, 58.28307527303696), (48, 58.30323749780655), (49, 58.24082416296005), (50, 58.21626037359238)]
[2026-01-11 12:58:41,037][flwr][INFO] - app_fit: metrics_centralized {'accuracy': [(0, 0.507), (1, 0.507), (2, 0.507), (3, 0.507), (4, 0.507), (5, 0.507), (6, 0.507), (7, 0.507), (8, 0.507), (9, 0.5075), (10, 0.508), (11, 0.5095), (12, 0.514), (13, 0.518), (14, 0.5195), (15, 0.5275), (16, 0.5325), (17, 0.544), (18, 0.5555), (19, 0.5645), (20, 0.57), (21, 0.575), (22, 0.578), (23, 0.5795), (24, 0.58), (25, 0.579), (26, 0.579), (27, 0.5795), (28, 0.5805), (29, 0.5805), (30, 0.5805), (31, 0.5805), (32, 0.5805), (33, 0.5805), (34, 0.5805), (35, 0.5815), (36, 0.5815), (37, 0.5815), (38, 0.5815), (39, 0.582), (40, 0.582), (41, 0.581), (42, 0.5805), (43, 0.5805), (44, 0.579), (45, 0.579), (46, 0.5795), (47, 0.578), (48, 0.578), (49, 0.578), (50, 0.578)]}
[2026-01-11 12:58:41,070][flwr][INFO] - Starting Flower simulation, config: ServerConfig(num_rounds=50, round_timeout=None)
[2026-01-11 12:58:49,122][flwr][INFO] - Flower VCE: Ray initialized with resources: {'CPU': 10.0, 'memory': 12226022196.0, 'node:127.0.0.1': 1.0, 'object_store_memory': 2147483648.0}
[2026-01-11 12:58:49,124][flwr][INFO] - Initializing global parameters
[2026-01-11 12:58:49,124][flwr][INFO] - Using initial parameters provided by strategy
[2026-01-11 12:58:49,124][flwr][INFO] - Evaluating initial parameters
[2026-01-11 12:58:49,148][flwr][INFO] - initial parameters (loss, other metrics): 67.88411092758179, {'accuracy': 0.3585, 'adaptive_mu': 0.1}
[2026-01-11 12:58:49,148][flwr][INFO] - FL starting
[2026-01-11 12:58:49,149][flwr][DEBUG] - fit_round 1: strategy sampled 100 clients (out of 100)
[2026-01-11 12:58:53,810][flwr][DEBUG] - fit_round 1 received 100 results and 0 failures
[2026-01-11 12:58:53,842][flwr][WARNING] - No fit_metrics_aggregation_fn provided
[2026-01-11 12:58:53,895][flwr][INFO] - fit progress: (1, 65.60545563697815, {'accuracy': 0.5075, 'adaptive_mu': 0.1}, 4.747075082996162)
[2026-01-11 12:58:53,895][flwr][DEBUG] - evaluate_round 1: strategy sampled 100 clients (out of 100)
[2026-01-11 12:58:54,276][flwr][DEBUG] - evaluate_round 1 received 100 results and 0 failures
[2026-01-11 12:58:54,276][flwr][WARNING] - No evaluate_metrics_aggregation_fn provided
[2026-01-11 12:58:54,276][flwr][DEBUG] - fit_round 2: strategy sampled 100 clients (out of 100)
[2026-01-11 12:58:54,869][flwr][DEBUG] - fit_round 2 received 100 results and 0 failures
[2026-01-11 12:58:54,950][flwr][INFO] - fit progress: (2, 64.73060953617096, {'accuracy': 0.5075, 'adaptive_mu': 0.1}, 5.802038583002286)
[2026-01-11 12:58:54,950][flwr][DEBUG] - evaluate_round 2: strategy sampled 100 clients (out of 100)
[2026-01-11 12:58:55,332][flwr][DEBUG] - evaluate_round 2 received 100 results and 0 failures
[2026-01-11 12:58:55,332][flwr][DEBUG] - fit_round 3: strategy sampled 100 clients (out of 100)
[2026-01-11 12:58:55,846][flwr][DEBUG] - fit_round 3 received 100 results and 0 failures
[2026-01-11 12:58:55,926][flwr][INFO] - fit progress: (3, 64.52179247140884, {'accuracy': 0.5075, 'adaptive_mu': 0.1}, 6.778277582998271)
[2026-01-11 12:58:55,927][flwr][DEBUG] - evaluate_round 3: strategy sampled 100 clients (out of 100)
[2026-01-11 12:58:56,299][flwr][DEBUG] - evaluate_round 3 received 100 results and 0 failures
[2026-01-11 12:58:56,299][flwr][DEBUG] - fit_round 4: strategy sampled 100 clients (out of 100)
[2026-01-11 12:58:56,858][flwr][DEBUG] - fit_round 4 received 100 results and 0 failures
[2026-01-11 12:58:56,940][flwr][INFO] - fit progress: (4, 64.63000136613846, {'accuracy': 0.507, 'adaptive_mu': 0.15217706012772242}, 7.791443665992119)
[2026-01-11 12:58:56,940][flwr][DEBUG] - evaluate_round 4: strategy sampled 100 clients (out of 100)
[2026-01-11 12:58:57,317][flwr][DEBUG] - evaluate_round 4 received 100 results and 0 failures
[2026-01-11 12:58:57,317][flwr][DEBUG] - fit_round 5: strategy sampled 100 clients (out of 100)
[2026-01-11 12:58:57,885][flwr][DEBUG] - fit_round 5 received 100 results and 0 failures
[2026-01-11 12:58:57,972][flwr][INFO] - fit progress: (5, 64.85875231027603, {'accuracy': 0.5075, 'adaptive_mu': 0.18865237455465936}, 8.823449707997497)
[2026-01-11 12:58:57,972][flwr][DEBUG] - evaluate_round 5: strategy sampled 100 clients (out of 100)
[2026-01-11 12:58:58,351][flwr][DEBUG] - evaluate_round 5 received 100 results and 0 failures
[2026-01-11 12:58:58,352][flwr][DEBUG] - fit_round 6: strategy sampled 100 clients (out of 100)
[2026-01-11 12:58:58,902][flwr][DEBUG] - fit_round 6 received 100 results and 0 failures
[2026-01-11 12:58:58,986][flwr][INFO] - fit progress: (6, 65.07953596115112, {'accuracy': 0.5075, 'adaptive_mu': 0.21325363509203077}, 9.837382957994123)
[2026-01-11 12:58:58,986][flwr][DEBUG] - evaluate_round 6: strategy sampled 100 clients (out of 100)
[2026-01-11 12:58:59,361][flwr][DEBUG] - evaluate_round 6 received 100 results and 0 failures
[2026-01-11 12:58:59,361][flwr][DEBUG] - fit_round 7: strategy sampled 100 clients (out of 100)
[2026-01-11 12:58:59,888][flwr][DEBUG] - fit_round 7 received 100 results and 0 failures
[2026-01-11 12:58:59,970][flwr][INFO] - fit progress: (7, 65.2229186296463, {'accuracy': 0.5075, 'adaptive_mu': 0.2304750575818088}, 10.822270791002666)
[2026-01-11 12:58:59,971][flwr][DEBUG] - evaluate_round 7: strategy sampled 100 clients (out of 100)
[2026-01-11 12:59:00,340][flwr][DEBUG] - evaluate_round 7 received 100 results and 0 failures
[2026-01-11 12:59:00,340][flwr][DEBUG] - fit_round 8: strategy sampled 100 clients (out of 100)
[2026-01-11 12:59:00,903][flwr][DEBUG] - fit_round 8 received 100 results and 0 failures
[2026-01-11 12:59:00,984][flwr][INFO] - fit progress: (8, 65.25182783603668, {'accuracy': 0.508, 'adaptive_mu': 0.24284916371050994}, 11.83628570799192)
[2026-01-11 12:59:00,985][flwr][DEBUG] - evaluate_round 8: strategy sampled 100 clients (out of 100)
[2026-01-11 12:59:01,356][flwr][DEBUG] - evaluate_round 8 received 100 results and 0 failures
[2026-01-11 12:59:01,357][flwr][DEBUG] - fit_round 9: strategy sampled 100 clients (out of 100)
[2026-01-11 12:59:01,911][flwr][DEBUG] - fit_round 9 received 100 results and 0 failures
[2026-01-11 12:59:01,989][flwr][INFO] - fit progress: (9, 65.1749918460846, {'accuracy': 0.51, 'adaptive_mu': 0.2515739394865545}, 12.841175249996013)
[2026-01-11 12:59:01,990][flwr][DEBUG] - evaluate_round 9: strategy sampled 100 clients (out of 100)
[2026-01-11 12:59:02,371][flwr][DEBUG] - evaluate_round 9 received 100 results and 0 failures
[2026-01-11 12:59:02,372][flwr][DEBUG] - fit_round 10: strategy sampled 100 clients (out of 100)
[2026-01-11 12:59:02,921][flwr][DEBUG] - fit_round 10 received 100 results and 0 failures
[2026-01-11 12:59:03,000][flwr][INFO] - fit progress: (10, 64.9361103773117, {'accuracy': 0.5125, 'adaptive_mu': 0.25795002715390014}, 13.85132070799591)
[2026-01-11 12:59:03,000][flwr][DEBUG] - evaluate_round 10: strategy sampled 100 clients (out of 100)
[2026-01-11 12:59:03,384][flwr][DEBUG] - evaluate_round 10 received 100 results and 0 failures
[2026-01-11 12:59:03,384][flwr][DEBUG] - fit_round 11: strategy sampled 100 clients (out of 100)
[2026-01-11 12:59:03,928][flwr][DEBUG] - fit_round 11 received 100 results and 0 failures
[2026-01-11 12:59:04,007][flwr][INFO] - fit progress: (11, 64.56262892484665, {'accuracy': 0.516, 'adaptive_mu': 0.2625412135199087}, 14.859174457989866)
[2026-01-11 12:59:04,008][flwr][DEBUG] - evaluate_round 11: strategy sampled 100 clients (out of 100)
[2026-01-11 12:59:04,378][flwr][DEBUG] - evaluate_round 11 received 100 results and 0 failures
[2026-01-11 12:59:04,378][flwr][DEBUG] - fit_round 12: strategy sampled 100 clients (out of 100)
[2026-01-11 12:59:04,920][flwr][DEBUG] - fit_round 12 received 100 results and 0 failures
[2026-01-11 12:59:05,095][flwr][INFO] - fit progress: (12, 64.07695430517197, {'accuracy': 0.52, 'adaptive_mu': 0.26618340478820646}, 15.947068708002917)
[2026-01-11 12:59:05,096][flwr][DEBUG] - evaluate_round 12: strategy sampled 100 clients (out of 100)
[2026-01-11 12:59:05,473][flwr][DEBUG] - evaluate_round 12 received 100 results and 0 failures
[2026-01-11 12:59:05,474][flwr][DEBUG] - fit_round 13: strategy sampled 100 clients (out of 100)
[2026-01-11 12:59:06,006][flwr][DEBUG] - fit_round 13 received 100 results and 0 failures
[2026-01-11 12:59:06,089][flwr][INFO] - fit progress: (13, 63.524768471717834, {'accuracy': 0.5255, 'adaptive_mu': 0.26912314861115716}, 16.940705790999345)
[2026-01-11 12:59:06,089][flwr][DEBUG] - evaluate_round 13: strategy sampled 100 clients (out of 100)
[2026-01-11 12:59:06,455][flwr][DEBUG] - evaluate_round 13 received 100 results and 0 failures
[2026-01-11 12:59:06,455][flwr][DEBUG] - fit_round 14: strategy sampled 100 clients (out of 100)
[2026-01-11 12:59:06,999][flwr][DEBUG] - fit_round 14 received 100 results and 0 failures
[2026-01-11 12:59:07,082][flwr][INFO] - fit progress: (14, 62.914237558841705, {'accuracy': 0.5325, 'adaptive_mu': 0.2716335761514742}, 17.933579207994626)
[2026-01-11 12:59:07,082][flwr][DEBUG] - evaluate_round 14: strategy sampled 100 clients (out of 100)
[2026-01-11 12:59:07,468][flwr][DEBUG] - evaluate_round 14 received 100 results and 0 failures
[2026-01-11 12:59:07,469][flwr][DEBUG] - fit_round 15: strategy sampled 100 clients (out of 100)
[2026-01-11 12:59:08,023][flwr][DEBUG] - fit_round 15 received 100 results and 0 failures
[2026-01-11 12:59:08,107][flwr][INFO] - fit progress: (15, 62.22724086046219, {'accuracy': 0.541, 'adaptive_mu': 0.2736398818516078}, 18.958902832993772)
[2026-01-11 12:59:08,107][flwr][DEBUG] - evaluate_round 15: strategy sampled 100 clients (out of 100)
[2026-01-11 12:59:08,480][flwr][DEBUG] - evaluate_round 15 received 100 results and 0 failures
[2026-01-11 12:59:08,480][flwr][DEBUG] - fit_round 16: strategy sampled 100 clients (out of 100)
[2026-01-11 12:59:09,002][flwr][DEBUG] - fit_round 16 received 100 results and 0 failures
[2026-01-11 12:59:09,085][flwr][INFO] - fit progress: (16, 61.57527607679367, {'accuracy': 0.549, 'adaptive_mu': 0.27543024336005706}, 19.937220374995377)
[2026-01-11 12:59:09,086][flwr][DEBUG] - evaluate_round 16: strategy sampled 100 clients (out of 100)
[2026-01-11 12:59:09,463][flwr][DEBUG] - evaluate_round 16 received 100 results and 0 failures
[2026-01-11 12:59:09,463][flwr][DEBUG] - fit_round 17: strategy sampled 100 clients (out of 100)
[2026-01-11 12:59:09,987][flwr][DEBUG] - fit_round 17 received 100 results and 0 failures
[2026-01-11 12:59:10,067][flwr][INFO] - fit progress: (17, 60.95665740966797, {'accuracy': 0.5575, 'adaptive_mu': 0.27702155462957856}, 20.91863962500065)
[2026-01-11 12:59:10,067][flwr][DEBUG] - evaluate_round 17: strategy sampled 100 clients (out of 100)
[2026-01-11 12:59:10,441][flwr][DEBUG] - evaluate_round 17 received 100 results and 0 failures
[2026-01-11 12:59:10,441][flwr][DEBUG] - fit_round 18: strategy sampled 100 clients (out of 100)
[2026-01-11 12:59:10,972][flwr][DEBUG] - fit_round 18 received 100 results and 0 failures
[2026-01-11 12:59:11,051][flwr][INFO] - fit progress: (18, 60.405554473400116, {'accuracy': 0.564, 'adaptive_mu': 0.27830721148260595}, 21.902557415989577)
[2026-01-11 12:59:11,051][flwr][DEBUG] - evaluate_round 18: strategy sampled 100 clients (out of 100)
[2026-01-11 12:59:11,421][flwr][DEBUG] - evaluate_round 18 received 100 results and 0 failures
[2026-01-11 12:59:11,422][flwr][DEBUG] - fit_round 19: strategy sampled 100 clients (out of 100)
[2026-01-11 12:59:12,116][flwr][DEBUG] - fit_round 19 received 100 results and 0 failures
[2026-01-11 12:59:12,201][flwr][INFO] - fit progress: (19, 59.9241886138916, {'accuracy': 0.571, 'adaptive_mu': 0.2793048593611751}, 23.052429957999266)
[2026-01-11 12:59:12,201][flwr][DEBUG] - evaluate_round 19: strategy sampled 100 clients (out of 100)
[2026-01-11 12:59:12,579][flwr][DEBUG] - evaluate_round 19 received 100 results and 0 failures
[2026-01-11 12:59:12,580][flwr][DEBUG] - fit_round 20: strategy sampled 100 clients (out of 100)
[2026-01-11 12:59:13,125][flwr][DEBUG] - fit_round 20 received 100 results and 0 failures
[2026-01-11 12:59:13,204][flwr][INFO] - fit progress: (20, 59.57697457075119, {'accuracy': 0.572, 'adaptive_mu': 0.28013659135961133}, 24.055586040994967)
[2026-01-11 12:59:13,204][flwr][DEBUG] - evaluate_round 20: strategy sampled 100 clients (out of 100)
[2026-01-11 12:59:13,574][flwr][DEBUG] - evaluate_round 20 received 100 results and 0 failures
[2026-01-11 12:59:13,574][flwr][DEBUG] - fit_round 21: strategy sampled 100 clients (out of 100)
[2026-01-11 12:59:14,116][flwr][DEBUG] - fit_round 21 received 100 results and 0 failures
[2026-01-11 12:59:14,200][flwr][INFO] - fit progress: (21, 59.24507409334183, {'accuracy': 0.5745, 'adaptive_mu': 0.28062015624796427}, 25.051805665993015)
[2026-01-11 12:59:14,200][flwr][DEBUG] - evaluate_round 21: strategy sampled 100 clients (out of 100)
[2026-01-11 12:59:14,575][flwr][DEBUG] - evaluate_round 21 received 100 results and 0 failures
[2026-01-11 12:59:14,575][flwr][DEBUG] - fit_round 22: strategy sampled 100 clients (out of 100)
[2026-01-11 12:59:15,081][flwr][DEBUG] - fit_round 22 received 100 results and 0 failures
[2026-01-11 12:59:15,165][flwr][INFO] - fit progress: (22, 58.94206327199936, {'accuracy': 0.578, 'adaptive_mu': 0.2808977966790268}, 26.016328290992533)
[2026-01-11 12:59:15,165][flwr][DEBUG] - evaluate_round 22: strategy sampled 100 clients (out of 100)
[2026-01-11 12:59:15,560][flwr][DEBUG] - evaluate_round 22 received 100 results and 0 failures
[2026-01-11 12:59:15,560][flwr][DEBUG] - fit_round 23: strategy sampled 100 clients (out of 100)
[2026-01-11 12:59:16,153][flwr][DEBUG] - fit_round 23 received 100 results and 0 failures
[2026-01-11 12:59:16,235][flwr][INFO] - fit progress: (23, 58.72429358959198, {'accuracy': 0.579, 'adaptive_mu': 0.28106391501242606}, 27.087043874998926)
[2026-01-11 12:59:16,236][flwr][DEBUG] - evaluate_round 23: strategy sampled 100 clients (out of 100)
[2026-01-11 12:59:16,677][flwr][DEBUG] - evaluate_round 23 received 100 results and 0 failures
[2026-01-11 12:59:16,677][flwr][DEBUG] - fit_round 24: strategy sampled 100 clients (out of 100)
[2026-01-11 12:59:17,259][flwr][DEBUG] - fit_round 24 received 100 results and 0 failures
[2026-01-11 12:59:17,346][flwr][INFO] - fit progress: (24, 58.49682688713074, {'accuracy': 0.5815, 'adaptive_mu': 0.280996866930171}, 28.19742995800334)
[2026-01-11 12:59:17,346][flwr][DEBUG] - evaluate_round 24: strategy sampled 100 clients (out of 100)
[2026-01-11 12:59:17,751][flwr][DEBUG] - evaluate_round 24 received 100 results and 0 failures
[2026-01-11 12:59:17,752][flwr][DEBUG] - fit_round 25: strategy sampled 100 clients (out of 100)
[2026-01-11 12:59:18,413][flwr][DEBUG] - fit_round 25 received 100 results and 0 failures
[2026-01-11 12:59:18,497][flwr][INFO] - fit progress: (25, 58.25575703382492, {'accuracy': 0.5825, 'adaptive_mu': 0.2810597025228458}, 29.348854915995616)
[2026-01-11 12:59:18,497][flwr][DEBUG] - evaluate_round 25: strategy sampled 100 clients (out of 100)
[2026-01-11 12:59:18,885][flwr][DEBUG] - evaluate_round 25 received 100 results and 0 failures
[2026-01-11 12:59:18,885][flwr][DEBUG] - fit_round 26: strategy sampled 100 clients (out of 100)
[2026-01-11 12:59:19,525][flwr][DEBUG] - fit_round 26 received 100 results and 0 failures
[2026-01-11 12:59:19,609][flwr][INFO] - fit progress: (26, 58.08780288696289, {'accuracy': 0.5825, 'adaptive_mu': 0.28107503131787354}, 30.461192415998084)
[2026-01-11 12:59:19,610][flwr][DEBUG] - evaluate_round 26: strategy sampled 100 clients (out of 100)
[2026-01-11 12:59:20,019][flwr][DEBUG] - evaluate_round 26 received 100 results and 0 failures
[2026-01-11 12:59:20,021][flwr][DEBUG] - fit_round 27: strategy sampled 100 clients (out of 100)
[2026-01-11 12:59:20,632][flwr][DEBUG] - fit_round 27 received 100 results and 0 failures
[2026-01-11 12:59:20,722][flwr][INFO] - fit progress: (27, 57.94304132461548, {'accuracy': 0.584, 'adaptive_mu': 0.2809176527438457}, 31.57398587500211)
[2026-01-11 12:59:20,723][flwr][DEBUG] - evaluate_round 27: strategy sampled 100 clients (out of 100)
[2026-01-11 12:59:21,214][flwr][DEBUG] - evaluate_round 27 received 100 results and 0 failures
[2026-01-11 12:59:21,214][flwr][DEBUG] - fit_round 28: strategy sampled 100 clients (out of 100)
[2026-01-11 12:59:21,905][flwr][DEBUG] - fit_round 28 received 100 results and 0 failures
[2026-01-11 12:59:21,989][flwr][INFO] - fit progress: (28, 57.862294256687164, {'accuracy': 0.584, 'adaptive_mu': 0.2807997867414772}, 32.84048983298999)
[2026-01-11 12:59:21,989][flwr][DEBUG] - evaluate_round 28: strategy sampled 100 clients (out of 100)
[2026-01-11 12:59:22,388][flwr][DEBUG] - evaluate_round 28 received 100 results and 0 failures
[2026-01-11 12:59:22,389][flwr][DEBUG] - fit_round 29: strategy sampled 100 clients (out of 100)
[2026-01-11 12:59:22,935][flwr][DEBUG] - fit_round 29 received 100 results and 0 failures
[2026-01-11 12:59:23,024][flwr][INFO] - fit progress: (29, 57.66484159231186, {'accuracy': 0.5845, 'adaptive_mu': 0.2806041718713395}, 33.87539433299389)
[2026-01-11 12:59:23,024][flwr][DEBUG] - evaluate_round 29: strategy sampled 100 clients (out of 100)
[2026-01-11 12:59:23,402][flwr][DEBUG] - evaluate_round 29 received 100 results and 0 failures
[2026-01-11 12:59:23,403][flwr][DEBUG] - fit_round 30: strategy sampled 100 clients (out of 100)
[2026-01-11 12:59:24,112][flwr][DEBUG] - fit_round 30 received 100 results and 0 failures
[2026-01-11 12:59:24,195][flwr][INFO] - fit progress: (30, 57.54085332155228, {'accuracy': 0.5845, 'adaptive_mu': 0.28051258557351855}, 35.04665054100042)
[2026-01-11 12:59:24,195][flwr][DEBUG] - evaluate_round 30: strategy sampled 100 clients (out of 100)
[2026-01-11 12:59:24,570][flwr][DEBUG] - evaluate_round 30 received 100 results and 0 failures
[2026-01-11 12:59:24,570][flwr][DEBUG] - fit_round 31: strategy sampled 100 clients (out of 100)
[2026-01-11 12:59:25,077][flwr][DEBUG] - fit_round 31 received 100 results and 0 failures
[2026-01-11 12:59:25,242][flwr][INFO] - fit progress: (31, 57.44061988592148, {'accuracy': 0.586, 'adaptive_mu': 0.2804190817236637}, 36.093320790998405)
[2026-01-11 12:59:25,242][flwr][DEBUG] - evaluate_round 31: strategy sampled 100 clients (out of 100)
[2026-01-11 12:59:25,606][flwr][DEBUG] - evaluate_round 31 received 100 results and 0 failures
[2026-01-11 12:59:25,607][flwr][DEBUG] - fit_round 32: strategy sampled 100 clients (out of 100)
[2026-01-11 12:59:26,099][flwr][DEBUG] - fit_round 32 received 100 results and 0 failures
[2026-01-11 12:59:26,179][flwr][INFO] - fit progress: (32, 57.501536667346954, {'accuracy': 0.5845, 'adaptive_mu': 0.28044743574131703}, 37.030201624991605)
[2026-01-11 12:59:26,179][flwr][DEBUG] - evaluate_round 32: strategy sampled 100 clients (out of 100)
[2026-01-11 12:59:26,544][flwr][DEBUG] - evaluate_round 32 received 100 results and 0 failures
[2026-01-11 12:59:26,544][flwr][DEBUG] - fit_round 33: strategy sampled 100 clients (out of 100)
[2026-01-11 12:59:27,336][flwr][DEBUG] - fit_round 33 received 100 results and 0 failures
[2026-01-11 12:59:27,435][flwr][INFO] - fit progress: (33, 57.42861580848694, {'accuracy': 0.5855, 'adaptive_mu': 0.2801903403934673}, 38.28691724999226)
[2026-01-11 12:59:27,436][flwr][DEBUG] - evaluate_round 33: strategy sampled 100 clients (out of 100)
[2026-01-11 12:59:27,919][flwr][DEBUG] - evaluate_round 33 received 100 results and 0 failures
[2026-01-11 12:59:27,920][flwr][DEBUG] - fit_round 34: strategy sampled 100 clients (out of 100)
[2026-01-11 12:59:28,670][flwr][DEBUG] - fit_round 34 received 100 results and 0 failures
[2026-01-11 12:59:28,758][flwr][INFO] - fit progress: (34, 57.33029127120972, {'accuracy': 0.5855, 'adaptive_mu': 0.2798564390255895}, 39.60975058299664)
[2026-01-11 12:59:28,758][flwr][DEBUG] - evaluate_round 34: strategy sampled 100 clients (out of 100)
[2026-01-11 12:59:29,183][flwr][DEBUG] - evaluate_round 34 received 100 results and 0 failures
[2026-01-11 12:59:29,184][flwr][DEBUG] - fit_round 35: strategy sampled 100 clients (out of 100)
[2026-01-11 12:59:29,912][flwr][DEBUG] - fit_round 35 received 100 results and 0 failures
[2026-01-11 12:59:30,005][flwr][INFO] - fit progress: (35, 57.29083186388016, {'accuracy': 0.585, 'adaptive_mu': 0.2796650365781831}, 40.85669712499657)
[2026-01-11 12:59:30,005][flwr][DEBUG] - evaluate_round 35: strategy sampled 100 clients (out of 100)
[2026-01-11 12:59:30,414][flwr][DEBUG] - evaluate_round 35 received 100 results and 0 failures
[2026-01-11 12:59:30,415][flwr][DEBUG] - fit_round 36: strategy sampled 100 clients (out of 100)
[2026-01-11 12:59:30,946][flwr][DEBUG] - fit_round 36 received 100 results and 0 failures
[2026-01-11 12:59:31,032][flwr][INFO] - fit progress: (36, 57.22507482767105, {'accuracy': 0.586, 'adaptive_mu': 0.2794657309901395}, 41.88367100000323)
[2026-01-11 12:59:31,032][flwr][DEBUG] - evaluate_round 36: strategy sampled 100 clients (out of 100)
[2026-01-11 12:59:31,423][flwr][DEBUG] - evaluate_round 36 received 100 results and 0 failures
[2026-01-11 12:59:31,423][flwr][DEBUG] - fit_round 37: strategy sampled 100 clients (out of 100)
[2026-01-11 12:59:31,965][flwr][DEBUG] - fit_round 37 received 100 results and 0 failures
[2026-01-11 12:59:32,044][flwr][INFO] - fit progress: (37, 57.16132366657257, {'accuracy': 0.586, 'adaptive_mu': 0.27928322033087155}, 42.89548879099311)
[2026-01-11 12:59:32,044][flwr][DEBUG] - evaluate_round 37: strategy sampled 100 clients (out of 100)
[2026-01-11 12:59:32,414][flwr][DEBUG] - evaluate_round 37 received 100 results and 0 failures
[2026-01-11 12:59:32,414][flwr][DEBUG] - fit_round 38: strategy sampled 100 clients (out of 100)
[2026-01-11 12:59:32,962][flwr][DEBUG] - fit_round 38 received 100 results and 0 failures
[2026-01-11 12:59:33,041][flwr][INFO] - fit progress: (38, 57.13551598787308, {'accuracy': 0.586, 'adaptive_mu': 0.2790629298720091}, 43.8929160409898)
[2026-01-11 12:59:33,042][flwr][DEBUG] - evaluate_round 38: strategy sampled 100 clients (out of 100)
[2026-01-11 12:59:33,406][flwr][DEBUG] - evaluate_round 38 received 100 results and 0 failures
[2026-01-11 12:59:33,406][flwr][DEBUG] - fit_round 39: strategy sampled 100 clients (out of 100)
[2026-01-11 12:59:34,124][flwr][DEBUG] - fit_round 39 received 100 results and 0 failures
[2026-01-11 12:59:34,211][flwr][INFO] - fit progress: (39, 57.1498076915741, {'accuracy': 0.5855, 'adaptive_mu': 0.2788627048441746}, 45.063082082997425)
[2026-01-11 12:59:34,212][flwr][DEBUG] - evaluate_round 39: strategy sampled 100 clients (out of 100)
[2026-01-11 12:59:34,594][flwr][DEBUG] - evaluate_round 39 received 100 results and 0 failures
[2026-01-11 12:59:34,594][flwr][DEBUG] - fit_round 40: strategy sampled 100 clients (out of 100)
[2026-01-11 12:59:35,097][flwr][DEBUG] - fit_round 40 received 100 results and 0 failures
[2026-01-11 12:59:35,180][flwr][INFO] - fit progress: (40, 57.08102476596832, {'accuracy': 0.5855, 'adaptive_mu': 0.2786893157122641}, 46.031131750001805)
[2026-01-11 12:59:35,180][flwr][DEBUG] - evaluate_round 40: strategy sampled 100 clients (out of 100)
[2026-01-11 12:59:35,548][flwr][DEBUG] - evaluate_round 40 received 100 results and 0 failures
[2026-01-11 12:59:35,549][flwr][DEBUG] - fit_round 41: strategy sampled 100 clients (out of 100)
[2026-01-11 12:59:36,114][flwr][DEBUG] - fit_round 41 received 100 results and 0 failures
[2026-01-11 12:59:36,193][flwr][INFO] - fit progress: (41, 57.02762907743454, {'accuracy': 0.5855, 'adaptive_mu': 0.2784489181467014}, 47.04477149999002)
[2026-01-11 12:59:36,193][flwr][DEBUG] - evaluate_round 41: strategy sampled 100 clients (out of 100)
[2026-01-11 12:59:36,572][flwr][DEBUG] - evaluate_round 41 received 100 results and 0 failures
[2026-01-11 12:59:36,573][flwr][DEBUG] - fit_round 42: strategy sampled 100 clients (out of 100)
[2026-01-11 12:59:37,132][flwr][DEBUG] - fit_round 42 received 100 results and 0 failures
[2026-01-11 12:59:37,211][flwr][INFO] - fit progress: (42, 57.04596281051636, {'accuracy': 0.5855, 'adaptive_mu': 0.2781819517014158}, 48.06274149999081)
[2026-01-11 12:59:37,211][flwr][DEBUG] - evaluate_round 42: strategy sampled 100 clients (out of 100)
[2026-01-11 12:59:37,581][flwr][DEBUG] - evaluate_round 42 received 100 results and 0 failures
[2026-01-11 12:59:37,581][flwr][DEBUG] - fit_round 43: strategy sampled 100 clients (out of 100)
[2026-01-11 12:59:38,127][flwr][DEBUG] - fit_round 43 received 100 results and 0 failures
[2026-01-11 12:59:38,206][flwr][INFO] - fit progress: (43, 57.07745772600174, {'accuracy': 0.5855, 'adaptive_mu': 0.27794024122388705}, 49.0575599159929)
[2026-01-11 12:59:38,206][flwr][DEBUG] - evaluate_round 43: strategy sampled 100 clients (out of 100)
[2026-01-11 12:59:38,585][flwr][DEBUG] - evaluate_round 43 received 100 results and 0 failures
[2026-01-11 12:59:38,586][flwr][DEBUG] - fit_round 44: strategy sampled 100 clients (out of 100)
[2026-01-11 12:59:39,257][flwr][DEBUG] - fit_round 44 received 100 results and 0 failures
[2026-01-11 12:59:39,345][flwr][INFO] - fit progress: (44, 56.97362279891968, {'accuracy': 0.585, 'adaptive_mu': 0.2775774594971593}, 50.1964522079943)
[2026-01-11 12:59:39,345][flwr][DEBUG] - evaluate_round 44: strategy sampled 100 clients (out of 100)
[2026-01-11 12:59:39,766][flwr][DEBUG] - evaluate_round 44 received 100 results and 0 failures
[2026-01-11 12:59:39,766][flwr][DEBUG] - fit_round 45: strategy sampled 100 clients (out of 100)
[2026-01-11 12:59:40,298][flwr][DEBUG] - fit_round 45 received 100 results and 0 failures
[2026-01-11 12:59:40,385][flwr][INFO] - fit progress: (45, 56.93761986494064, {'accuracy': 0.585, 'adaptive_mu': 0.2774106217023849}, 51.2368882909941)
[2026-01-11 12:59:40,386][flwr][DEBUG] - evaluate_round 45: strategy sampled 100 clients (out of 100)
[2026-01-11 12:59:40,751][flwr][DEBUG] - evaluate_round 45 received 100 results and 0 failures
[2026-01-11 12:59:40,752][flwr][DEBUG] - fit_round 46: strategy sampled 100 clients (out of 100)
[2026-01-11 12:59:41,306][flwr][DEBUG] - fit_round 46 received 100 results and 0 failures
[2026-01-11 12:59:41,415][flwr][INFO] - fit progress: (46, 56.82347655296326, {'accuracy': 0.5855, 'adaptive_mu': 0.27707311339300295}, 52.26677795799333)
[2026-01-11 12:59:41,415][flwr][DEBUG] - evaluate_round 46: strategy sampled 100 clients (out of 100)
[2026-01-11 12:59:41,822][flwr][DEBUG] - evaluate_round 46 received 100 results and 0 failures
[2026-01-11 12:59:41,822][flwr][DEBUG] - fit_round 47: strategy sampled 100 clients (out of 100)
[2026-01-11 12:59:42,369][flwr][DEBUG] - fit_round 47 received 100 results and 0 failures
[2026-01-11 12:59:42,452][flwr][INFO] - fit progress: (47, 56.93022817373276, {'accuracy': 0.585, 'adaptive_mu': 0.2769917266384655}, 53.304050833001384)
[2026-01-11 12:59:42,453][flwr][DEBUG] - evaluate_round 47: strategy sampled 100 clients (out of 100)
[2026-01-11 12:59:42,858][flwr][DEBUG] - evaluate_round 47 received 100 results and 0 failures
[2026-01-11 12:59:42,858][flwr][DEBUG] - fit_round 48: strategy sampled 100 clients (out of 100)
[2026-01-11 12:59:43,385][flwr][DEBUG] - fit_round 48 received 100 results and 0 failures
[2026-01-11 12:59:43,468][flwr][INFO] - fit progress: (48, 56.93163925409317, {'accuracy': 0.5855, 'adaptive_mu': 0.276734173013619}, 54.31989670799521)
[2026-01-11 12:59:43,469][flwr][DEBUG] - evaluate_round 48: strategy sampled 100 clients (out of 100)
[2026-01-11 12:59:43,842][flwr][DEBUG] - evaluate_round 48 received 100 results and 0 failures
[2026-01-11 12:59:43,842][flwr][DEBUG] - fit_round 49: strategy sampled 100 clients (out of 100)
[2026-01-11 12:59:44,385][flwr][DEBUG] - fit_round 49 received 100 results and 0 failures
[2026-01-11 12:59:44,533][flwr][INFO] - fit progress: (49, 56.85815852880478, {'accuracy': 0.5855, 'adaptive_mu': 0.2764361552781659}, 55.38434641600179)
[2026-01-11 12:59:44,533][flwr][DEBUG] - evaluate_round 49: strategy sampled 100 clients (out of 100)
[2026-01-11 12:59:44,888][flwr][DEBUG] - evaluate_round 49 received 100 results and 0 failures
[2026-01-11 12:59:44,889][flwr][DEBUG] - fit_round 50: strategy sampled 100 clients (out of 100)
[2026-01-11 12:59:45,409][flwr][DEBUG] - fit_round 50 received 100 results and 0 failures
[2026-01-11 12:59:45,491][flwr][INFO] - fit progress: (50, 56.92003154754639, {'accuracy': 0.585, 'adaptive_mu': 0.27621832726366274}, 56.34295070799999)
[2026-01-11 12:59:45,492][flwr][DEBUG] - evaluate_round 50: strategy sampled 100 clients (out of 100)
[2026-01-11 12:59:45,860][flwr][DEBUG] - evaluate_round 50 received 100 results and 0 failures
[2026-01-11 12:59:45,861][flwr][INFO] - FL finished in 56.71222979099548
[2026-01-11 12:59:45,861][flwr][INFO] - app_fit: losses_distributed [(1, 1.0430908701525614), (2, 1.0311237083360196), (3, 1.029292406516406), (4, 1.0322183366521633), (5, 1.0367803470876844), (6, 1.0410428857165934), (7, 1.043925499346476), (8, 1.0449268296106684), (9, 1.0441687873334744), (10, 1.040747305927152), (11, 1.0351650954920277), (12, 1.0278248710470936), (13, 1.0194209342455838), (14, 1.0101119107286), (15, 0.9996011665724515), (16, 0.9896338782077221), (17, 0.9801567087333493), (18, 0.971727237207084), (19, 0.9643950247723901), (20, 0.9591314446465011), (21, 0.954064685279192), (22, 0.949435126811978), (23, 0.9461275975011179), (24, 0.9426358253848702), (25, 0.9389129726044554), (26, 0.9363347599293456), (27, 0.9340773120234308), (28, 0.9328557122519942), (29, 0.9297544546976295), (30, 0.9278167822865496), (31, 0.9262613125391245), (32, 0.9272885356984176), (33, 0.9261687694115308), (34, 0.9246504433597178), (35, 0.9240560572641023), (36, 0.9231000849309635), (37, 0.9221071302382206), (38, 0.921729618626243), (39, 0.9220610608826725), (40, 0.9210325949258501), (41, 0.9202330368099495), (42, 0.9206264041050574), (43, 0.9211978656541773), (44, 0.9196241260659844), (45, 0.919099046050892), (46, 0.9174014654548773), (47, 0.9191830056349708), (48, 0.9192990752718961), (49, 0.918184130671895), (50, 0.91927529011977)]
[2026-01-11 12:59:45,861][flwr][INFO] - app_fit: metrics_distributed_fit {'adaptive_mu': [(1, 0.1), (2, 0.1), (3, 0.1), (4, 0.15217706012772242), (5, 0.18865237455465936), (6, 0.21325363509203077), (7, 0.2304750575818088), (8, 0.24284916371050994), (9, 0.2515739394865545), (10, 0.25795002715390014), (11, 0.2625412135199087), (12, 0.26618340478820646), (13, 0.26912314861115716), (14, 0.2716335761514742), (15, 0.2736398818516078), (16, 0.27543024336005706), (17, 0.27702155462957856), (18, 0.27830721148260595), (19, 0.2793048593611751), (20, 0.28013659135961133), (21, 0.28062015624796427), (22, 0.2808977966790268), (23, 0.28106391501242606), (24, 0.280996866930171), (25, 0.2810597025228458), (26, 0.28107503131787354), (27, 0.2809176527438457), (28, 0.2807997867414772), (29, 0.2806041718713395), (30, 0.28051258557351855), (31, 0.2804190817236637), (32, 0.28044743574131703), (33, 0.2801903403934673), (34, 0.2798564390255895), (35, 0.2796650365781831), (36, 0.2794657309901395), (37, 0.27928322033087155), (38, 0.2790629298720091), (39, 0.2788627048441746), (40, 0.2786893157122641), (41, 0.2784489181467014), (42, 0.2781819517014158), (43, 0.27794024122388705), (44, 0.2775774594971593), (45, 0.2774106217023849), (46, 0.27707311339300295), (47, 0.2769917266384655), (48, 0.276734173013619), (49, 0.2764361552781659), (50, 0.27621832726366274)], 'gradient_divergence': [(1, 0.7638912254129536), (2, 0.7322940384759568), (3, 0.7227735135983676), (4, 0.7254915693728253), (5, 0.7262685441644863), (6, 0.7302909834636375), (7, 0.7363512122165412), (8, 0.7422222938435152), (9, 0.7447579165128991), (10, 0.7546464949985966), (11, 0.7588399264030159), (12, 0.7652055159816519), (13, 0.769497110103257), (14, 0.7758002179767937), (15, 0.7778461234783753), (16, 0.7840786750195547), (17, 0.7903778224950656), (18, 0.7937155382614582), (19, 0.7968875991785899), (20, 0.8027223619632423), (21, 0.8036702052829787), (22, 0.8059556712163612), (23, 0.8085721557447687), (24, 0.806657437114045), (25, 0.811432586684823), (26, 0.8120462524751201), (27, 0.8088285109214485), (28, 0.8096636923681945), (29, 0.8086476237652823), (30, 0.8109044866450131), (31, 0.8102920763008297), (32, 0.8130507176509127), (33, 0.8071314095053822), (34, 0.805496822623536), (35, 0.8071588155999779), (36, 0.805198427522555), (37, 0.8031932183727623), (38, 0.8009931401722133), (39, 0.8004266629833728), (40, 0.8001655967533589), (41, 0.797431778497994), (42, 0.7946537500619888), (43, 0.7932671598065645), (44, 0.7883653087634593), (45, 0.7907766022253782), (46, 0.784494011932984), (47, 0.7870911364816129), (48, 0.7820834360364824), (49, 0.780174944018945), (50, 0.7800793477147817)], 'avg_label_entropy': [(1, 0.6811522277531928), (2, 0.6811522277531928), (3, 0.6811522277531928), (4, 0.6811522277531928), (5, 0.6811522277531928), (6, 0.6811522277531928), (7, 0.6811522277531928), (8, 0.681152227753193), (9, 0.6811522277531927), (10, 0.6811522277531927), (11, 0.6811522277531927), (12, 0.6811522277531928), (13, 0.6811522277531928), (14, 0.6811522277531927), (15, 0.681152227753193), (16, 0.6811522277531928), (17, 0.6811522277531927), (18, 0.6811522277531928), (19, 0.6811522277531928), (20, 0.6811522277531928), (21, 0.6811522277531928), (22, 0.681152227753193), (23, 0.6811522277531928), (24, 0.6811522277531928), (25, 0.6811522277531927), (26, 0.6811522277531928), (27, 0.6811522277531928), (28, 0.6811522277531928), (29, 0.6811522277531928), (30, 0.6811522277531928), (31, 0.681152227753193), (32, 0.6811522277531928), (33, 0.6811522277531927), (34, 0.6811522277531928), (35, 0.6811522277531928), (36, 0.6811522277531927), (37, 0.6811522277531927), (38, 0.6811522277531928), (39, 0.681152227753193), (40, 0.6811522277531928), (41, 0.6811522277531927), (42, 0.6811522277531928), (43, 0.6811522277531928), (44, 0.681152227753193), (45, 0.6811522277531928), (46, 0.6811522277531927), (47, 0.681152227753193), (48, 0.6811522277531927), (49, 0.6811522277531928), (50, 0.6811522277531928)], 'avg_feature_variance': [(1, 0.9265729013085365), (2, 0.9265728893876076), (3, 0.92657290995121), (4, 0.9265728870034218), (5, 0.9265728831291199), (6, 0.9265728849172592), (7, 0.9265729007124901), (8, 0.9265728974342347), (9, 0.9265729105472564), (10, 0.9265728908777237), (11, 0.9265728861093521), (12, 0.9265728974342347), (13, 0.9265729132294654), (14, 0.9265728956460952), (15, 0.9265728974342347), (16, 0.926572899222374), (17, 0.9265729027986527), (18, 0.9265728875994682), (19, 0.9265728986263275), (20, 0.9265728950500488), (21, 0.9265729111433029), (22, 0.9265728977322578), (23, 0.926572907269001), (24, 0.926572896540165), (25, 0.9265728875994682), (26, 0.9265729078650474), (27, 0.9265728920698166), (28, 0.9265729078650474), (29, 0.9265729016065598), (30, 0.926572901904583), (31, 0.9265728977322578), (32, 0.9265728986263275), (33, 0.9265728810429573), (34, 0.9265728926658631), (35, 0.9265729123353958), (36, 0.9265729057788848), (37, 0.9265728986263275), (38, 0.9265729033946991), (39, 0.9265728855133056), (40, 0.9265728998184204), (41, 0.9265728944540024), (42, 0.9265729054808617), (43, 0.9265728881955146), (44, 0.9265728977322578), (45, 0.9265729087591171), (46, 0.9265728977322578), (47, 0.9265729036927223), (48, 0.9265729016065598), (49, 0.9265728870034218), (50, 0.9265729069709778)]}
[2026-01-11 12:59:45,862][flwr][INFO] - app_fit: metrics_distributed {}
[2026-01-11 12:59:45,862][flwr][INFO] - app_fit: losses_centralized [(0, 67.88411092758179), (1, 65.60545563697815), (2, 64.73060953617096), (3, 64.52179247140884), (4, 64.63000136613846), (5, 64.85875231027603), (6, 65.07953596115112), (7, 65.2229186296463), (8, 65.25182783603668), (9, 65.1749918460846), (10, 64.9361103773117), (11, 64.56262892484665), (12, 64.07695430517197), (13, 63.524768471717834), (14, 62.914237558841705), (15, 62.22724086046219), (16, 61.57527607679367), (17, 60.95665740966797), (18, 60.405554473400116), (19, 59.9241886138916), (20, 59.57697457075119), (21, 59.24507409334183), (22, 58.94206327199936), (23, 58.72429358959198), (24, 58.49682688713074), (25, 58.25575703382492), (26, 58.08780288696289), (27, 57.94304132461548), (28, 57.862294256687164), (29, 57.66484159231186), (30, 57.54085332155228), (31, 57.44061988592148), (32, 57.501536667346954), (33, 57.42861580848694), (34, 57.33029127120972), (35, 57.29083186388016), (36, 57.22507482767105), (37, 57.16132366657257), (38, 57.13551598787308), (39, 57.1498076915741), (40, 57.08102476596832), (41, 57.02762907743454), (42, 57.04596281051636), (43, 57.07745772600174), (44, 56.97362279891968), (45, 56.93761986494064), (46, 56.82347655296326), (47, 56.93022817373276), (48, 56.93163925409317), (49, 56.85815852880478), (50, 56.92003154754639)]
[2026-01-11 12:59:45,862][flwr][INFO] - app_fit: metrics_centralized {'accuracy': [(0, 0.3585), (1, 0.5075), (2, 0.5075), (3, 0.5075), (4, 0.507), (5, 0.5075), (6, 0.5075), (7, 0.5075), (8, 0.508), (9, 0.51), (10, 0.5125), (11, 0.516), (12, 0.52), (13, 0.5255), (14, 0.5325), (15, 0.541), (16, 0.549), (17, 0.5575), (18, 0.564), (19, 0.571), (20, 0.572), (21, 0.5745), (22, 0.578), (23, 0.579), (24, 0.5815), (25, 0.5825), (26, 0.5825), (27, 0.584), (28, 0.584), (29, 0.5845), (30, 0.5845), (31, 0.586), (32, 0.5845), (33, 0.5855), (34, 0.5855), (35, 0.585), (36, 0.586), (37, 0.586), (38, 0.586), (39, 0.5855), (40, 0.5855), (41, 0.5855), (42, 0.5855), (43, 0.5855), (44, 0.585), (45, 0.585), (46, 0.5855), (47, 0.585), (48, 0.5855), (49, 0.5855), (50, 0.585)], 'adaptive_mu': [(0, 0.1), (1, 0.1), (2, 0.1), (3, 0.1), (4, 0.15217706012772242), (5, 0.18865237455465936), (6, 0.21325363509203077), (7, 0.2304750575818088), (8, 0.24284916371050994), (9, 0.2515739394865545), (10, 0.25795002715390014), (11, 0.2625412135199087), (12, 0.26618340478820646), (13, 0.26912314861115716), (14, 0.2716335761514742), (15, 0.2736398818516078), (16, 0.27543024336005706), (17, 0.27702155462957856), (18, 0.27830721148260595), (19, 0.2793048593611751), (20, 0.28013659135961133), (21, 0.28062015624796427), (22, 0.2808977966790268), (23, 0.28106391501242606), (24, 0.280996866930171), (25, 0.2810597025228458), (26, 0.28107503131787354), (27, 0.2809176527438457), (28, 0.2807997867414772), (29, 0.2806041718713395), (30, 0.28051258557351855), (31, 0.2804190817236637), (32, 0.28044743574131703), (33, 0.2801903403934673), (34, 0.2798564390255895), (35, 0.2796650365781831), (36, 0.2794657309901395), (37, 0.27928322033087155), (38, 0.2790629298720091), (39, 0.2788627048441746), (40, 0.2786893157122641), (41, 0.2784489181467014), (42, 0.2781819517014158), (43, 0.27794024122388705), (44, 0.2775774594971593), (45, 0.2774106217023849), (46, 0.27707311339300295), (47, 0.2769917266384655), (48, 0.276734173013619), (49, 0.2764361552781659), (50, 0.27621832726366274)]}
[2026-01-11 12:59:45,902][flwr][INFO] - Starting Flower simulation, config: ServerConfig(num_rounds=50, round_timeout=None)
[2026-01-11 12:59:52,800][flwr][INFO] - Flower VCE: Ray initialized with resources: {'memory': 12241951130.0, 'CPU': 10.0, 'object_store_memory': 2147483648.0, 'node:127.0.0.1': 1.0}
[2026-01-11 12:59:52,801][flwr][INFO] - Initializing global parameters
[2026-01-11 12:59:52,801][flwr][INFO] - Using initial parameters provided by strategy
[2026-01-11 12:59:52,801][flwr][INFO] - Evaluating initial parameters
[2026-01-11 12:59:52,823][flwr][INFO] - initial parameters (loss, other metrics): 71.80140054225922, {'accuracy': 0.238}
[2026-01-11 12:59:52,823][flwr][INFO] - FL starting
[2026-01-11 12:59:52,825][flwr][DEBUG] - fit_round 1: strategy sampled 10 clients (out of 100)
[2026-01-11 12:59:56,991][flwr][DEBUG] - fit_round 1 received 10 results and 0 failures
[2026-01-11 12:59:57,016][flwr][INFO] - fit progress: (1, 65.64076542854309, {'accuracy': 0.507}, 4.192726082997979)
[2026-01-11 12:59:57,016][flwr][INFO] - evaluate_round 1: no clients selected, cancel
[2026-01-11 12:59:57,017][flwr][DEBUG] - fit_round 2: strategy sampled 10 clients (out of 100)
[2026-01-11 12:59:57,153][flwr][DEBUG] - fit_round 2 received 10 results and 0 failures
[2026-01-11 12:59:57,214][flwr][INFO] - fit progress: (2, 73.86088824272156, {'accuracy': 0.2395}, 4.390153500004089)
[2026-01-11 12:59:57,214][flwr][INFO] - evaluate_round 2: no clients selected, cancel
[2026-01-11 12:59:57,216][flwr][DEBUG] - fit_round 3: strategy sampled 10 clients (out of 100)
[2026-01-11 12:59:57,429][flwr][DEBUG] - fit_round 3 received 10 results and 0 failures
[2026-01-11 12:59:57,457][flwr][INFO] - fit progress: (3, 66.43385696411133, {'accuracy': 0.507}, 4.633296750005684)
[2026-01-11 12:59:57,457][flwr][INFO] - evaluate_round 3: no clients selected, cancel
[2026-01-11 12:59:57,457][flwr][DEBUG] - fit_round 4: strategy sampled 10 clients (out of 100)
[2026-01-11 12:59:57,608][flwr][DEBUG] - fit_round 4 received 10 results and 0 failures
[2026-01-11 12:59:57,639][flwr][INFO] - fit progress: (4, 66.0095506310463, {'accuracy': 0.507}, 4.8153694170032395)
[2026-01-11 12:59:57,639][flwr][INFO] - evaluate_round 4: no clients selected, cancel
[2026-01-11 12:59:57,640][flwr][DEBUG] - fit_round 5: strategy sampled 10 clients (out of 100)
[2026-01-11 12:59:57,819][flwr][DEBUG] - fit_round 5 received 10 results and 0 failures
[2026-01-11 12:59:57,847][flwr][INFO] - fit progress: (5, 65.10071605443954, {'accuracy': 0.507}, 5.023305708004045)
[2026-01-11 12:59:57,847][flwr][INFO] - evaluate_round 5: no clients selected, cancel
[2026-01-11 12:59:57,848][flwr][DEBUG] - fit_round 6: strategy sampled 10 clients (out of 100)
[2026-01-11 12:59:58,020][flwr][DEBUG] - fit_round 6 received 10 results and 0 failures
[2026-01-11 12:59:58,047][flwr][INFO] - fit progress: (6, 68.69073009490967, {'accuracy': 0.3115}, 5.223643000004813)
[2026-01-11 12:59:58,047][flwr][INFO] - evaluate_round 6: no clients selected, cancel
[2026-01-11 12:59:58,048][flwr][DEBUG] - fit_round 7: strategy sampled 10 clients (out of 100)
[2026-01-11 12:59:58,541][flwr][DEBUG] - fit_round 7 received 10 results and 0 failures
[2026-01-11 12:59:58,618][flwr][INFO] - fit progress: (7, 66.73034155368805, {'accuracy': 0.507}, 5.794630792006501)
[2026-01-11 12:59:58,619][flwr][INFO] - evaluate_round 7: no clients selected, cancel
[2026-01-11 12:59:58,620][flwr][DEBUG] - fit_round 8: strategy sampled 10 clients (out of 100)
[2026-01-11 12:59:58,870][flwr][DEBUG] - fit_round 8 received 10 results and 0 failures
[2026-01-11 12:59:58,906][flwr][INFO] - fit progress: (8, 68.21284246444702, {'accuracy': 0.508}, 6.082653042001766)
[2026-01-11 12:59:58,906][flwr][INFO] - evaluate_round 8: no clients selected, cancel
[2026-01-11 12:59:58,907][flwr][DEBUG] - fit_round 9: strategy sampled 10 clients (out of 100)
[2026-01-11 12:59:59,112][flwr][DEBUG] - fit_round 9 received 10 results and 0 failures
[2026-01-11 12:59:59,142][flwr][INFO] - fit progress: (9, 66.88793814182281, {'accuracy': 0.507}, 6.318932417008909)
[2026-01-11 12:59:59,143][flwr][INFO] - evaluate_round 9: no clients selected, cancel
[2026-01-11 12:59:59,143][flwr][DEBUG] - fit_round 10: strategy sampled 10 clients (out of 100)
[2026-01-11 12:59:59,330][flwr][DEBUG] - fit_round 10 received 10 results and 0 failures
[2026-01-11 12:59:59,355][flwr][INFO] - fit progress: (10, 70.12972164154053, {'accuracy': 0.2345}, 6.531680708008935)
[2026-01-11 12:59:59,355][flwr][INFO] - evaluate_round 10: no clients selected, cancel
[2026-01-11 12:59:59,356][flwr][DEBUG] - fit_round 11: strategy sampled 10 clients (out of 100)
[2026-01-11 12:59:59,544][flwr][DEBUG] - fit_round 11 received 10 results and 0 failures
[2026-01-11 12:59:59,570][flwr][INFO] - fit progress: (11, 65.80363142490387, {'accuracy': 0.507}, 6.747047542012297)
[2026-01-11 12:59:59,571][flwr][INFO] - evaluate_round 11: no clients selected, cancel
[2026-01-11 12:59:59,571][flwr][DEBUG] - fit_round 12: strategy sampled 10 clients (out of 100)
[2026-01-11 12:59:59,823][flwr][DEBUG] - fit_round 12 received 10 results and 0 failures
[2026-01-11 12:59:59,847][flwr][INFO] - fit progress: (12, 65.88354736566544, {'accuracy': 0.507}, 7.02398450000328)
[2026-01-11 12:59:59,848][flwr][INFO] - evaluate_round 12: no clients selected, cancel
[2026-01-11 12:59:59,848][flwr][DEBUG] - fit_round 13: strategy sampled 10 clients (out of 100)
[2026-01-11 13:00:00,314][flwr][DEBUG] - fit_round 13 received 10 results and 0 failures
[2026-01-11 13:00:00,342][flwr][INFO] - fit progress: (13, 65.90349334478378, {'accuracy': 0.507}, 7.518253583009937)
[2026-01-11 13:00:00,342][flwr][INFO] - evaluate_round 13: no clients selected, cancel
[2026-01-11 13:00:00,343][flwr][DEBUG] - fit_round 14: strategy sampled 10 clients (out of 100)
[2026-01-11 13:00:00,631][flwr][DEBUG] - fit_round 14 received 10 results and 0 failures
[2026-01-11 13:00:00,660][flwr][INFO] - fit progress: (14, 68.6226914525032, {'accuracy': 0.507}, 7.836241875003907)
[2026-01-11 13:00:00,660][flwr][INFO] - evaluate_round 14: no clients selected, cancel
[2026-01-11 13:00:00,660][flwr][DEBUG] - fit_round 15: strategy sampled 10 clients (out of 100)
[2026-01-11 13:00:00,857][flwr][DEBUG] - fit_round 15 received 10 results and 0 failures
[2026-01-11 13:00:00,883][flwr][INFO] - fit progress: (15, 66.45761877298355, {'accuracy': 0.507}, 8.060016625007847)
[2026-01-11 13:00:00,884][flwr][INFO] - evaluate_round 15: no clients selected, cancel
[2026-01-11 13:00:00,884][flwr][DEBUG] - fit_round 16: strategy sampled 10 clients (out of 100)
[2026-01-11 13:00:01,079][flwr][DEBUG] - fit_round 16 received 10 results and 0 failures
[2026-01-11 13:00:01,106][flwr][INFO] - fit progress: (16, 67.99002450704575, {'accuracy': 0.507}, 8.282150625003851)
[2026-01-11 13:00:01,106][flwr][INFO] - evaluate_round 16: no clients selected, cancel
[2026-01-11 13:00:01,106][flwr][DEBUG] - fit_round 17: strategy sampled 10 clients (out of 100)
[2026-01-11 13:00:01,312][flwr][DEBUG] - fit_round 17 received 10 results and 0 failures
[2026-01-11 13:00:01,341][flwr][INFO] - fit progress: (17, 70.99713695049286, {'accuracy': 0.507}, 8.517509375000373)
[2026-01-11 13:00:01,341][flwr][INFO] - evaluate_round 17: no clients selected, cancel
[2026-01-11 13:00:01,342][flwr][DEBUG] - fit_round 18: strategy sampled 10 clients (out of 100)
[2026-01-11 13:00:01,539][flwr][DEBUG] - fit_round 18 received 10 results and 0 failures
[2026-01-11 13:00:01,566][flwr][INFO] - fit progress: (18, 70.93145823478699, {'accuracy': 0.507}, 8.742474416998448)
[2026-01-11 13:00:01,566][flwr][INFO] - evaluate_round 18: no clients selected, cancel
[2026-01-11 13:00:01,566][flwr][DEBUG] - fit_round 19: strategy sampled 10 clients (out of 100)
[2026-01-11 13:00:01,767][flwr][DEBUG] - fit_round 19 received 10 results and 0 failures
[2026-01-11 13:00:01,792][flwr][INFO] - fit progress: (19, 70.97728145122528, {'accuracy': 0.507}, 8.968207458005054)
[2026-01-11 13:00:01,792][flwr][INFO] - evaluate_round 19: no clients selected, cancel
[2026-01-11 13:00:01,792][flwr][DEBUG] - fit_round 20: strategy sampled 10 clients (out of 100)
[2026-01-11 13:00:01,995][flwr][DEBUG] - fit_round 20 received 10 results and 0 failures
[2026-01-11 13:00:02,020][flwr][INFO] - fit progress: (20, 74.75006699562073, {'accuracy': 0.507}, 9.196503291997942)
[2026-01-11 13:00:02,020][flwr][INFO] - evaluate_round 20: no clients selected, cancel
[2026-01-11 13:00:02,021][flwr][DEBUG] - fit_round 21: strategy sampled 10 clients (out of 100)
[2026-01-11 13:00:02,229][flwr][DEBUG] - fit_round 21 received 10 results and 0 failures
[2026-01-11 13:00:02,255][flwr][INFO] - fit progress: (21, 75.58288729190826, {'accuracy': 0.507}, 9.43156050000107)
[2026-01-11 13:00:02,255][flwr][INFO] - evaluate_round 21: no clients selected, cancel
[2026-01-11 13:00:02,256][flwr][DEBUG] - fit_round 22: strategy sampled 10 clients (out of 100)
[2026-01-11 13:00:02,470][flwr][DEBUG] - fit_round 22 received 10 results and 0 failures
[2026-01-11 13:00:02,496][flwr][INFO] - fit progress: (22, 71.31020885705948, {'accuracy': 0.507}, 9.672541332998662)
[2026-01-11 13:00:02,496][flwr][INFO] - evaluate_round 22: no clients selected, cancel
[2026-01-11 13:00:02,497][flwr][DEBUG] - fit_round 23: strategy sampled 10 clients (out of 100)
[2026-01-11 13:00:02,705][flwr][DEBUG] - fit_round 23 received 10 results and 0 failures
[2026-01-11 13:00:02,731][flwr][INFO] - fit progress: (23, 75.69562208652496, {'accuracy': 0.507}, 9.907232917001238)
[2026-01-11 13:00:02,731][flwr][INFO] - evaluate_round 23: no clients selected, cancel
[2026-01-11 13:00:02,731][flwr][DEBUG] - fit_round 24: strategy sampled 10 clients (out of 100)
[2026-01-11 13:00:02,946][flwr][DEBUG] - fit_round 24 received 10 results and 0 failures
[2026-01-11 13:00:02,977][flwr][INFO] - fit progress: (24, 88.03080874681473, {'accuracy': 0.507}, 10.153318042008323)
[2026-01-11 13:00:02,977][flwr][INFO] - evaluate_round 24: no clients selected, cancel
[2026-01-11 13:00:02,977][flwr][DEBUG] - fit_round 25: strategy sampled 10 clients (out of 100)
[2026-01-11 13:00:03,181][flwr][DEBUG] - fit_round 25 received 10 results and 0 failures
[2026-01-11 13:00:03,206][flwr][INFO] - fit progress: (25, 79.33727204799652, {'accuracy': 0.507}, 10.382984958007)
[2026-01-11 13:00:03,207][flwr][INFO] - evaluate_round 25: no clients selected, cancel
[2026-01-11 13:00:03,207][flwr][DEBUG] - fit_round 26: strategy sampled 10 clients (out of 100)
[2026-01-11 13:00:03,410][flwr][DEBUG] - fit_round 26 received 10 results and 0 failures
[2026-01-11 13:00:03,435][flwr][INFO] - fit progress: (26, 91.91279089450836, {'accuracy': 0.507}, 10.611770125004114)
[2026-01-11 13:00:03,435][flwr][INFO] - evaluate_round 26: no clients selected, cancel
[2026-01-11 13:00:03,436][flwr][DEBUG] - fit_round 27: strategy sampled 10 clients (out of 100)
[2026-01-11 13:00:03,636][flwr][DEBUG] - fit_round 27 received 10 results and 0 failures
[2026-01-11 13:00:03,662][flwr][INFO] - fit progress: (27, 90.32960999011993, {'accuracy': 0.507}, 10.838496791999205)
[2026-01-11 13:00:03,662][flwr][INFO] - evaluate_round 27: no clients selected, cancel
[2026-01-11 13:00:03,663][flwr][DEBUG] - fit_round 28: strategy sampled 10 clients (out of 100)
[2026-01-11 13:00:03,873][flwr][DEBUG] - fit_round 28 received 10 results and 0 failures
[2026-01-11 13:00:03,899][flwr][INFO] - fit progress: (28, 85.95991832017899, {'accuracy': 0.507}, 11.075224208005238)
[2026-01-11 13:00:03,899][flwr][INFO] - evaluate_round 28: no clients selected, cancel
[2026-01-11 13:00:03,899][flwr][DEBUG] - fit_round 29: strategy sampled 10 clients (out of 100)
[2026-01-11 13:00:04,105][flwr][DEBUG] - fit_round 29 received 10 results and 0 failures
[2026-01-11 13:00:04,130][flwr][INFO] - fit progress: (29, 96.31607913970947, {'accuracy': 0.507}, 11.306930167003884)
[2026-01-11 13:00:04,131][flwr][INFO] - evaluate_round 29: no clients selected, cancel
[2026-01-11 13:00:04,131][flwr][DEBUG] - fit_round 30: strategy sampled 10 clients (out of 100)
[2026-01-11 13:00:04,348][flwr][DEBUG] - fit_round 30 received 10 results and 0 failures
[2026-01-11 13:00:04,373][flwr][INFO] - fit progress: (30, 93.06372439861298, {'accuracy': 0.507}, 11.54911395801173)
[2026-01-11 13:00:04,373][flwr][INFO] - evaluate_round 30: no clients selected, cancel
[2026-01-11 13:00:04,373][flwr][DEBUG] - fit_round 31: strategy sampled 10 clients (out of 100)
[2026-01-11 13:00:04,580][flwr][DEBUG] - fit_round 31 received 10 results and 0 failures
[2026-01-11 13:00:04,606][flwr][INFO] - fit progress: (31, 92.60046285390854, {'accuracy': 0.507}, 11.782310374997905)
[2026-01-11 13:00:04,606][flwr][INFO] - evaluate_round 31: no clients selected, cancel
[2026-01-11 13:00:04,606][flwr][DEBUG] - fit_round 32: strategy sampled 10 clients (out of 100)
[2026-01-11 13:00:04,814][flwr][DEBUG] - fit_round 32 received 10 results and 0 failures
[2026-01-11 13:00:04,838][flwr][INFO] - fit progress: (32, 88.90546816587448, {'accuracy': 0.507}, 12.01465116700274)
[2026-01-11 13:00:04,838][flwr][INFO] - evaluate_round 32: no clients selected, cancel
[2026-01-11 13:00:04,839][flwr][DEBUG] - fit_round 33: strategy sampled 10 clients (out of 100)
[2026-01-11 13:00:05,099][flwr][DEBUG] - fit_round 33 received 10 results and 0 failures
[2026-01-11 13:00:05,126][flwr][INFO] - fit progress: (33, 83.79515326023102, {'accuracy': 0.507}, 12.302435999998124)
[2026-01-11 13:00:05,126][flwr][INFO] - evaluate_round 33: no clients selected, cancel
[2026-01-11 13:00:05,126][flwr][DEBUG] - fit_round 34: strategy sampled 10 clients (out of 100)
[2026-01-11 13:00:05,336][flwr][DEBUG] - fit_round 34 received 10 results and 0 failures
[2026-01-11 13:00:05,362][flwr][INFO] - fit progress: (34, 87.33083683252335, {'accuracy': 0.507}, 12.538079958001617)
[2026-01-11 13:00:05,362][flwr][INFO] - evaluate_round 34: no clients selected, cancel
[2026-01-11 13:00:05,362][flwr][DEBUG] - fit_round 35: strategy sampled 10 clients (out of 100)
[2026-01-11 13:00:05,569][flwr][DEBUG] - fit_round 35 received 10 results and 0 failures
[2026-01-11 13:00:05,596][flwr][INFO] - fit progress: (35, 81.23565882444382, {'accuracy': 0.507}, 12.772628958002315)
[2026-01-11 13:00:05,596][flwr][INFO] - evaluate_round 35: no clients selected, cancel
[2026-01-11 13:00:05,597][flwr][DEBUG] - fit_round 36: strategy sampled 10 clients (out of 100)
[2026-01-11 13:00:05,815][flwr][DEBUG] - fit_round 36 received 10 results and 0 failures
[2026-01-11 13:00:05,840][flwr][INFO] - fit progress: (36, 89.04491239786148, {'accuracy': 0.507}, 13.016554458008613)
[2026-01-11 13:00:05,840][flwr][INFO] - evaluate_round 36: no clients selected, cancel
[2026-01-11 13:00:05,841][flwr][DEBUG] - fit_round 37: strategy sampled 10 clients (out of 100)
[2026-01-11 13:00:06,050][flwr][DEBUG] - fit_round 37 received 10 results and 0 failures
[2026-01-11 13:00:06,075][flwr][INFO] - fit progress: (37, 95.5630030632019, {'accuracy': 0.507}, 13.251268583000638)
[2026-01-11 13:00:06,075][flwr][INFO] - evaluate_round 37: no clients selected, cancel
[2026-01-11 13:00:06,075][flwr][DEBUG] - fit_round 38: strategy sampled 10 clients (out of 100)
[2026-01-11 13:00:06,285][flwr][DEBUG] - fit_round 38 received 10 results and 0 failures
[2026-01-11 13:00:06,310][flwr][INFO] - fit progress: (38, 102.65437233448029, {'accuracy': 0.507}, 13.486915833011153)
[2026-01-11 13:00:06,311][flwr][INFO] - evaluate_round 38: no clients selected, cancel
[2026-01-11 13:00:06,311][flwr][DEBUG] - fit_round 39: strategy sampled 10 clients (out of 100)
[2026-01-11 13:00:06,517][flwr][DEBUG] - fit_round 39 received 10 results and 0 failures
[2026-01-11 13:00:06,544][flwr][INFO] - fit progress: (39, 89.09633576869965, {'accuracy': 0.507}, 13.72100475001207)
[2026-01-11 13:00:06,545][flwr][INFO] - evaluate_round 39: no clients selected, cancel
[2026-01-11 13:00:06,545][flwr][DEBUG] - fit_round 40: strategy sampled 10 clients (out of 100)
[2026-01-11 13:00:06,754][flwr][DEBUG] - fit_round 40 received 10 results and 0 failures
[2026-01-11 13:00:06,778][flwr][INFO] - fit progress: (40, 78.81174606084824, {'accuracy': 0.507}, 13.954603125006543)
[2026-01-11 13:00:06,778][flwr][INFO] - evaluate_round 40: no clients selected, cancel
[2026-01-11 13:00:06,779][flwr][DEBUG] - fit_round 41: strategy sampled 10 clients (out of 100)
[2026-01-11 13:00:06,996][flwr][DEBUG] - fit_round 41 received 10 results and 0 failures
[2026-01-11 13:00:07,021][flwr][INFO] - fit progress: (41, 92.9755368232727, {'accuracy': 0.507}, 14.197901792009361)
[2026-01-11 13:00:07,021][flwr][INFO] - evaluate_round 41: no clients selected, cancel
[2026-01-11 13:00:07,022][flwr][DEBUG] - fit_round 42: strategy sampled 10 clients (out of 100)
[2026-01-11 13:00:07,226][flwr][DEBUG] - fit_round 42 received 10 results and 0 failures
[2026-01-11 13:00:07,251][flwr][INFO] - fit progress: (42, 98.0680810213089, {'accuracy': 0.507}, 14.427595208006096)
[2026-01-11 13:00:07,251][flwr][INFO] - evaluate_round 42: no clients selected, cancel
[2026-01-11 13:00:07,252][flwr][DEBUG] - fit_round 43: strategy sampled 10 clients (out of 100)
[2026-01-11 13:00:07,545][flwr][DEBUG] - fit_round 43 received 10 results and 0 failures
[2026-01-11 13:00:07,594][flwr][INFO] - fit progress: (43, 102.98080861568451, {'accuracy': 0.507}, 14.77018320800562)
[2026-01-11 13:00:07,594][flwr][INFO] - evaluate_round 43: no clients selected, cancel
[2026-01-11 13:00:07,595][flwr][DEBUG] - fit_round 44: strategy sampled 10 clients (out of 100)
[2026-01-11 13:00:07,816][flwr][DEBUG] - fit_round 44 received 10 results and 0 failures
[2026-01-11 13:00:07,847][flwr][INFO] - fit progress: (44, 103.09193968772888, {'accuracy': 0.507}, 15.023678750003455)
[2026-01-11 13:00:07,847][flwr][INFO] - evaluate_round 44: no clients selected, cancel
[2026-01-11 13:00:07,848][flwr][DEBUG] - fit_round 45: strategy sampled 10 clients (out of 100)
[2026-01-11 13:00:08,502][flwr][DEBUG] - fit_round 45 received 10 results and 0 failures
[2026-01-11 13:00:08,539][flwr][INFO] - fit progress: (45, 108.10498189926147, {'accuracy': 0.507}, 15.715808624998317)
[2026-01-11 13:00:08,539][flwr][INFO] - evaluate_round 45: no clients selected, cancel
[2026-01-11 13:00:08,540][flwr][DEBUG] - fit_round 46: strategy sampled 10 clients (out of 100)
[2026-01-11 13:00:08,917][flwr][DEBUG] - fit_round 46 received 10 results and 0 failures
[2026-01-11 13:00:08,946][flwr][INFO] - fit progress: (46, 119.45803987979889, {'accuracy': 0.507}, 16.122400625012233)
[2026-01-11 13:00:08,946][flwr][INFO] - evaluate_round 46: no clients selected, cancel
[2026-01-11 13:00:08,947][flwr][DEBUG] - fit_round 47: strategy sampled 10 clients (out of 100)
[2026-01-11 13:00:09,133][flwr][DEBUG] - fit_round 47 received 10 results and 0 failures
[2026-01-11 13:00:09,181][flwr][INFO] - fit progress: (47, 118.36706948280334, {'accuracy': 0.507}, 16.3575570420071)
[2026-01-11 13:00:09,181][flwr][INFO] - evaluate_round 47: no clients selected, cancel
[2026-01-11 13:00:09,185][flwr][DEBUG] - fit_round 48: strategy sampled 10 clients (out of 100)
[2026-01-11 13:00:09,442][flwr][DEBUG] - fit_round 48 received 10 results and 0 failures
[2026-01-11 13:00:09,469][flwr][INFO] - fit progress: (48, 125.72853934764862, {'accuracy': 0.507}, 16.645386542004417)
[2026-01-11 13:00:09,469][flwr][INFO] - evaluate_round 48: no clients selected, cancel
[2026-01-11 13:00:09,469][flwr][DEBUG] - fit_round 49: strategy sampled 10 clients (out of 100)
[2026-01-11 13:00:09,689][flwr][DEBUG] - fit_round 49 received 10 results and 0 failures
[2026-01-11 13:00:09,745][flwr][INFO] - fit progress: (49, 121.54150974750519, {'accuracy': 0.507}, 16.921360625012312)
[2026-01-11 13:00:09,745][flwr][INFO] - evaluate_round 49: no clients selected, cancel
[2026-01-11 13:00:09,745][flwr][DEBUG] - fit_round 50: strategy sampled 10 clients (out of 100)
[2026-01-11 13:00:09,950][flwr][DEBUG] - fit_round 50 received 10 results and 0 failures
[2026-01-11 13:00:09,978][flwr][INFO] - fit progress: (50, 120.03077042102814, {'accuracy': 0.507}, 17.154318042012164)
[2026-01-11 13:00:09,978][flwr][INFO] - evaluate_round 50: no clients selected, cancel
[2026-01-11 13:00:09,978][flwr][INFO] - FL finished in 17.154563583011623
[2026-01-11 13:00:09,978][flwr][INFO] - app_fit: losses_distributed []
[2026-01-11 13:00:09,979][flwr][INFO] - app_fit: metrics_distributed_fit {'c_global_norm': [(1, 22.340291717301493), (2, 30.946574265572057), (3, 27.985997595463488), (4, 1.7498427121064983), (5, 15.479042216588354), (6, 27.924737250988198), (7, 10.917818213774513), (8, 8.740791358036327), (9, 8.604754453356666), (10, 18.14235825189287), (11, 27.420698465609668), (12, 8.544223871114614), (13, 11.646453286743126), (14, 13.334372687311644), (15, 16.806812260231787), (16, 10.070010850293471), (17, 4.734371983571241), (18, 9.15825303809097), (19, 6.361532824663002), (20, 11.625972414877134), (21, 5.561843699409946), (22, 10.29283031247471), (23, 12.076438615207701), (24, 17.837527254781506), (25, 10.966787134099967), (26, 13.581644523936246), (27, 8.504380564676252), (28, 5.462245214290391), (29, 13.353963919447944), (30, 15.595376477436586), (31, 5.179305671697659), (32, 7.129297053455344), (33, 4.598109447405761), (34, 8.247503916316564), (35, 9.00984188141008), (36, 11.779337326154922), (37, 5.392948277476176), (38, 6.976442181146681), (39, 14.027517257632903), (40, 13.497886746184935), (41, 15.739867778276343), (42, 4.701979790789657), (43, 2.8829634899564662), (44, 3.877118965656841), (45, 3.9634473747043786), (46, 8.291189820489462), (47, 3.9758270193386287), (48, 3.4869354573882267), (49, 9.055863551733006), (50, 3.136640487160103)], 'num_clients': [(1, 10), (2, 10), (3, 10), (4, 10), (5, 10), (6, 10), (7, 10), (8, 10), (9, 10), (10, 10), (11, 10), (12, 10), (13, 10), (14, 10), (15, 10), (16, 10), (17, 10), (18, 10), (19, 10), (20, 10), (21, 10), (22, 10), (23, 10), (24, 10), (25, 10), (26, 10), (27, 10), (28, 10), (29, 10), (30, 10), (31, 10), (32, 10), (33, 10), (34, 10), (35, 10), (36, 10), (37, 10), (38, 10), (39, 10), (40, 10), (41, 10), (42, 10), (43, 10), (44, 10), (45, 10), (46, 10), (47, 10), (48, 10), (49, 10), (50, 10)]}
[2026-01-11 13:00:09,979][flwr][INFO] - app_fit: metrics_distributed {}
[2026-01-11 13:00:09,979][flwr][INFO] - app_fit: losses_centralized [(0, 71.80140054225922), (1, 65.64076542854309), (2, 73.86088824272156), (3, 66.43385696411133), (4, 66.0095506310463), (5, 65.10071605443954), (6, 68.69073009490967), (7, 66.73034155368805), (8, 68.21284246444702), (9, 66.88793814182281), (10, 70.12972164154053), (11, 65.80363142490387), (12, 65.88354736566544), (13, 65.90349334478378), (14, 68.6226914525032), (15, 66.45761877298355), (16, 67.99002450704575), (17, 70.99713695049286), (18, 70.93145823478699), (19, 70.97728145122528), (20, 74.75006699562073), (21, 75.58288729190826), (22, 71.31020885705948), (23, 75.69562208652496), (24, 88.03080874681473), (25, 79.33727204799652), (26, 91.91279089450836), (27, 90.32960999011993), (28, 85.95991832017899), (29, 96.31607913970947), (30, 93.06372439861298), (31, 92.60046285390854), (32, 88.90546816587448), (33, 83.79515326023102), (34, 87.33083683252335), (35, 81.23565882444382), (36, 89.04491239786148), (37, 95.5630030632019), (38, 102.65437233448029), (39, 89.09633576869965), (40, 78.81174606084824), (41, 92.9755368232727), (42, 98.0680810213089), (43, 102.98080861568451), (44, 103.09193968772888), (45, 108.10498189926147), (46, 119.45803987979889), (47, 118.36706948280334), (48, 125.72853934764862), (49, 121.54150974750519), (50, 120.03077042102814)]
[2026-01-11 13:00:09,979][flwr][INFO] - app_fit: metrics_centralized {'accuracy': [(0, 0.238), (1, 0.507), (2, 0.2395), (3, 0.507), (4, 0.507), (5, 0.507), (6, 0.3115), (7, 0.507), (8, 0.508), (9, 0.507), (10, 0.2345), (11, 0.507), (12, 0.507), (13, 0.507), (14, 0.507), (15, 0.507), (16, 0.507), (17, 0.507), (18, 0.507), (19, 0.507), (20, 0.507), (21, 0.507), (22, 0.507), (23, 0.507), (24, 0.507), (25, 0.507), (26, 0.507), (27, 0.507), (28, 0.507), (29, 0.507), (30, 0.507), (31, 0.507), (32, 0.507), (33, 0.507), (34, 0.507), (35, 0.507), (36, 0.507), (37, 0.507), (38, 0.507), (39, 0.507), (40, 0.507), (41, 0.507), (42, 0.507), (43, 0.507), (44, 0.507), (45, 0.507), (46, 0.507), (47, 0.507), (48, 0.507), (49, 0.507), (50, 0.507)]}
