[2025-12-23 22:40:24,131][flwr][INFO] - Starting Flower simulation, config: ServerConfig(num_rounds=10, round_timeout=None)
[2025-12-23 22:40:28,924][flwr][INFO] - Flower VCE: Ray initialized with resources: {'node:127.0.0.1': 1.0, 'object_store_memory': 2147483648.0, 'memory': 11546622362.0, 'CPU': 10.0}
[2025-12-23 22:40:28,925][flwr][INFO] - Initializing global parameters
[2025-12-23 22:40:28,925][flwr][INFO] - Requesting initial parameters from one random client
[2025-12-23 22:40:30,907][flwr][INFO] - Received initial parameters from one random client
[2025-12-23 22:40:30,907][flwr][INFO] - Evaluating initial parameters
[2025-12-23 22:40:32,149][flwr][INFO] - initial parameters (loss, other metrics): 182.79433846473694, {'accuracy': 0.0857}
[2025-12-23 22:40:32,149][flwr][INFO] - FL starting
[2025-12-23 22:40:32,149][flwr][DEBUG] - fit_round 1: strategy sampled 10 clients (out of 100)
[2025-12-23 22:41:12,787][flwr][DEBUG] - fit_round 1 received 10 results and 0 failures
[2025-12-23 22:41:12,794][flwr][WARNING] - No fit_metrics_aggregation_fn provided
[2025-12-23 22:41:14,165][flwr][INFO] - fit progress: (1, 155.68934106826782, {'accuracy': 0.3981}, 42.016882958007045)
[2025-12-23 22:41:14,166][flwr][DEBUG] - evaluate_round 1: strategy sampled 100 clients (out of 100)
[2025-12-23 22:43:20,534][flwr][DEBUG] - evaluate_round 1 received 100 results and 0 failures
[2025-12-23 22:43:20,535][flwr][WARNING] - No evaluate_metrics_aggregation_fn provided
[2025-12-23 22:43:20,536][flwr][DEBUG] - fit_round 2: strategy sampled 10 clients (out of 100)
[2025-12-23 22:43:56,998][flwr][DEBUG] - fit_round 2 received 10 results and 0 failures
[2025-12-23 22:43:58,268][flwr][INFO] - fit progress: (2, 126.70911920070648, {'accuracy': 0.4334}, 206.12185133306775)
[2025-12-23 22:43:58,268][flwr][DEBUG] - evaluate_round 2: strategy sampled 100 clients (out of 100)
[2025-12-23 22:46:04,638][flwr][DEBUG] - evaluate_round 2 received 100 results and 0 failures
[2025-12-23 22:46:04,640][flwr][DEBUG] - fit_round 3: strategy sampled 10 clients (out of 100)
[2025-12-23 22:46:42,039][flwr][DEBUG] - fit_round 3 received 10 results and 0 failures
[2025-12-23 22:46:43,308][flwr][INFO] - fit progress: (3, 93.38123941421509, {'accuracy': 0.6472}, 371.15731062507257)
[2025-12-23 22:46:43,309][flwr][DEBUG] - evaluate_round 3: strategy sampled 100 clients (out of 100)
[2025-12-23 22:48:55,678][flwr][DEBUG] - evaluate_round 3 received 100 results and 0 failures
[2025-12-23 22:48:55,679][flwr][DEBUG] - fit_round 4: strategy sampled 10 clients (out of 100)
[2025-12-23 22:49:32,735][flwr][DEBUG] - fit_round 4 received 10 results and 0 failures
[2025-12-23 22:49:34,107][flwr][INFO] - fit progress: (4, 57.71813353896141, {'accuracy': 0.7214}, 541.9574418750126)
[2025-12-23 22:49:34,107][flwr][DEBUG] - evaluate_round 4: strategy sampled 100 clients (out of 100)
[2025-12-23 22:51:43,254][flwr][DEBUG] - evaluate_round 4 received 100 results and 0 failures
[2025-12-23 22:51:43,255][flwr][DEBUG] - fit_round 5: strategy sampled 10 clients (out of 100)
[2025-12-23 22:52:20,828][flwr][DEBUG] - fit_round 5 received 10 results and 0 failures
[2025-12-23 22:52:22,094][flwr][INFO] - fit progress: (5, 100.28875839710236, {'accuracy': 0.6578}, 709.9468295000261)
[2025-12-23 22:52:22,094][flwr][DEBUG] - evaluate_round 5: strategy sampled 100 clients (out of 100)
[2025-12-23 22:54:31,584][flwr][DEBUG] - evaluate_round 5 received 100 results and 0 failures
[2025-12-23 22:54:31,586][flwr][DEBUG] - fit_round 6: strategy sampled 10 clients (out of 100)
[2025-12-23 22:55:09,328][flwr][DEBUG] - fit_round 6 received 10 results and 0 failures
[2025-12-23 22:55:10,596][flwr][INFO] - fit progress: (6, 56.83748480677605, {'accuracy': 0.7593}, 878.4511274159886)
[2025-12-23 22:55:10,597][flwr][DEBUG] - evaluate_round 6: strategy sampled 100 clients (out of 100)
[2025-12-23 22:57:18,555][flwr][DEBUG] - evaluate_round 6 received 100 results and 0 failures
[2025-12-23 22:57:18,556][flwr][DEBUG] - fit_round 7: strategy sampled 10 clients (out of 100)
[2025-12-23 22:57:57,032][flwr][DEBUG] - fit_round 7 received 10 results and 0 failures
[2025-12-23 22:57:58,307][flwr][INFO] - fit progress: (7, 30.952524229884148, {'accuracy': 0.8579}, 1046.1641380410874)
[2025-12-23 22:57:58,307][flwr][DEBUG] - evaluate_round 7: strategy sampled 100 clients (out of 100)
[2025-12-23 23:00:10,459][flwr][DEBUG] - evaluate_round 7 received 100 results and 0 failures
[2025-12-23 23:00:10,460][flwr][DEBUG] - fit_round 8: strategy sampled 10 clients (out of 100)
[2025-12-23 23:00:50,607][flwr][DEBUG] - fit_round 8 received 10 results and 0 failures
[2025-12-23 23:00:51,881][flwr][INFO] - fit progress: (8, 31.803179368376732, {'accuracy': 0.8503}, 1219.7406977500068)
[2025-12-23 23:00:51,882][flwr][DEBUG] - evaluate_round 8: strategy sampled 100 clients (out of 100)
[2025-12-23 23:03:00,982][flwr][DEBUG] - evaluate_round 8 received 100 results and 0 failures
[2025-12-23 23:03:00,983][flwr][DEBUG] - fit_round 9: strategy sampled 10 clients (out of 100)
[2025-12-23 23:03:39,105][flwr][DEBUG] - fit_round 9 received 10 results and 0 failures
[2025-12-23 23:03:40,381][flwr][INFO] - fit progress: (9, 25.44042982906103, {'accuracy': 0.8928}, 1388.2104062910657)
[2025-12-23 23:03:40,381][flwr][DEBUG] - evaluate_round 9: strategy sampled 100 clients (out of 100)
[2025-12-23 23:05:48,748][flwr][DEBUG] - evaluate_round 9 received 100 results and 0 failures
[2025-12-23 23:05:48,749][flwr][DEBUG] - fit_round 10: strategy sampled 10 clients (out of 100)
[2025-12-23 23:06:23,381][flwr][DEBUG] - fit_round 10 received 10 results and 0 failures
[2025-12-23 23:06:24,602][flwr][INFO] - fit progress: (10, 29.270950708538294, {'accuracy': 0.8757}, 1552.4327215830563)
[2025-12-23 23:06:24,602][flwr][DEBUG] - evaluate_round 10: strategy sampled 100 clients (out of 100)
[2025-12-23 23:08:22,516][flwr][DEBUG] - evaluate_round 10 received 100 results and 0 failures
[2025-12-23 23:08:22,517][flwr][INFO] - FL finished in 1670.3494573750068
[2025-12-23 23:08:22,518][flwr][INFO] - app_fit: losses_distributed [(1, 10.608560306244883), (2, 8.931521490213578), (3, 6.489417616663308), (4, 4.055123424872384), (5, 6.190768174538068), (6, 4.086070409898336), (7, 2.10012074960757), (8, 2.3528331499113553), (9, 1.7646704006431813), (10, 1.982082416014592)]
[2025-12-23 23:08:22,518][flwr][INFO] - app_fit: metrics_distributed_fit {}
[2025-12-23 23:08:22,518][flwr][INFO] - app_fit: metrics_distributed {}
[2025-12-23 23:08:22,518][flwr][INFO] - app_fit: losses_centralized [(0, 182.79433846473694), (1, 155.68934106826782), (2, 126.70911920070648), (3, 93.38123941421509), (4, 57.71813353896141), (5, 100.28875839710236), (6, 56.83748480677605), (7, 30.952524229884148), (8, 31.803179368376732), (9, 25.44042982906103), (10, 29.270950708538294)]
[2025-12-23 23:08:22,518][flwr][INFO] - app_fit: metrics_centralized {'accuracy': [(0, 0.0857), (1, 0.3981), (2, 0.4334), (3, 0.6472), (4, 0.7214), (5, 0.6578), (6, 0.7593), (7, 0.8579), (8, 0.8503), (9, 0.8928), (10, 0.8757)]}
