[2026-01-21 23:03:41,174][flwr][INFO] - Starting Flower simulation, config: ServerConfig(num_rounds=30, round_timeout=None)
[2026-01-21 23:03:45,846][flwr][INFO] - Flower VCE: Ray initialized with resources: {'object_store_memory': 2147483648.0, 'CPU': 10.0, 'memory': 11725788775.0, 'node:127.0.0.1': 1.0}
[2026-01-21 23:03:45,846][flwr][INFO] - Initializing global parameters
[2026-01-21 23:03:45,847][flwr][INFO] - Using initial parameters provided by strategy
[2026-01-21 23:03:45,847][flwr][INFO] - Evaluating initial parameters
[2026-01-21 23:03:46,455][flwr][INFO] - initial parameters (loss, other metrics): 1.4340404903996313, {'rmse': 11782.010694274555, 'mae': 9149.193359375, 'r2': 0.00890437044283554, 'mape': 79.91940307617188, 'accuracy_10': 11.735205352306366, 'accuracy_20': 21.46439254283905}
[2026-01-21 23:03:46,455][flwr][INFO] - FL starting
[2026-01-21 23:03:46,456][flwr][DEBUG] - fit_round 1: strategy sampled 8 clients (out of 12)
[2026-01-21 23:03:58,767][flwr][DEBUG] - fit_round 1 received 8 results and 0 failures
[2026-01-21 23:03:58,773][flwr][WARNING] - No fit_metrics_aggregation_fn provided
[2026-01-21 23:03:59,052][flwr][INFO] - fit progress: (1, 11.997436546872827, {'rmse': 72615.59766331197, 'mae': 63497.78515625, 'r2': -36.64753696945179, 'mape': 606.9835205078125, 'accuracy_10': 0.40120361372828484, 'accuracy_20': 1.6048144549131393}, 12.596604791993741)
[2026-01-21 23:03:59,052][flwr][DEBUG] - evaluate_round 1: strategy sampled 6 clients (out of 12)
[2026-01-21 23:03:59,275][flwr][DEBUG] - evaluate_round 1 received 6 results and 0 failures
[2026-01-21 23:03:59,275][flwr][WARNING] - No evaluate_metrics_aggregation_fn provided
[2026-01-21 23:03:59,275][flwr][DEBUG] - fit_round 2: strategy sampled 8 clients (out of 12)
[2026-01-21 23:04:03,676][flwr][DEBUG] - fit_round 2 received 8 results and 0 failures
[2026-01-21 23:04:03,915][flwr][INFO] - fit progress: (2, 0.09633830213618494, {'rmse': 4904.340934315232, 'mae': 2290.818359375, 'r2': 0.828273218204887, 'mape': 12.16383171081543, 'accuracy_10': 51.25375986099243, 'accuracy_20': 82.89869427680969}, 17.459777167008724)
[2026-01-21 23:04:03,915][flwr][DEBUG] - evaluate_round 2: strategy sampled 6 clients (out of 12)
[2026-01-21 23:04:04,122][flwr][DEBUG] - evaluate_round 2 received 6 results and 0 failures
[2026-01-21 23:04:04,123][flwr][DEBUG] - fit_round 3: strategy sampled 8 clients (out of 12)
[2026-01-21 23:04:10,429][flwr][DEBUG] - fit_round 3 received 8 results and 0 failures
[2026-01-21 23:04:10,699][flwr][INFO] - fit progress: (3, 0.07682486565983522, {'rmse': 4613.124971209863, 'mae': 1998.7181396484375, 'r2': 0.8480617363270109, 'mape': 10.363727569580078, 'accuracy_10': 59.92978811264038, 'accuracy_20': 88.16449642181396}, 24.24433424999006)
[2026-01-21 23:04:10,700][flwr][DEBUG] - evaluate_round 3: strategy sampled 6 clients (out of 12)
[2026-01-21 23:04:10,903][flwr][DEBUG] - evaluate_round 3 received 6 results and 0 failures
[2026-01-21 23:04:10,904][flwr][DEBUG] - fit_round 4: strategy sampled 8 clients (out of 12)
[2026-01-21 23:04:16,928][flwr][DEBUG] - fit_round 4 received 8 results and 0 failures
[2026-01-21 23:04:17,202][flwr][INFO] - fit progress: (4, 0.06458421671761194, {'rmse': 4330.225860160183, 'mae': 1818.005859375, 'r2': 0.8661255188535464, 'mape': 9.411643981933594, 'accuracy_10': 65.24573564529419, 'accuracy_20': 91.02306962013245}, 30.747328666970134)
[2026-01-21 23:04:17,203][flwr][DEBUG] - evaluate_round 4: strategy sampled 6 clients (out of 12)
[2026-01-21 23:04:17,413][flwr][DEBUG] - evaluate_round 4 received 6 results and 0 failures
[2026-01-21 23:04:17,413][flwr][DEBUG] - fit_round 5: strategy sampled 8 clients (out of 12)
[2026-01-21 23:04:26,710][flwr][DEBUG] - fit_round 5 received 8 results and 0 failures
[2026-01-21 23:04:26,970][flwr][INFO] - fit progress: (5, 0.0473205769208513, {'rmse': 3869.0126647505303, 'mae': 1534.12890625, 'r2': 0.8931247783968261, 'mape': 7.994956016540527, 'accuracy_10': 74.87462162971497, 'accuracy_20': 94.9849545955658}, 40.51526991697028)
[2026-01-21 23:04:26,971][flwr][DEBUG] - evaluate_round 5: strategy sampled 6 clients (out of 12)
[2026-01-21 23:04:27,183][flwr][DEBUG] - evaluate_round 5 received 6 results and 0 failures
[2026-01-21 23:04:27,184][flwr][DEBUG] - fit_round 6: strategy sampled 8 clients (out of 12)
[2026-01-21 23:04:36,518][flwr][DEBUG] - fit_round 6 received 8 results and 0 failures
[2026-01-21 23:04:36,800][flwr][INFO] - fit progress: (6, 0.03939415774155883, {'rmse': 3696.7754868263232, 'mae': 1357.315673828125, 'r2': 0.9024285258634223, 'mape': 6.846994876861572, 'accuracy_10': 83.90170335769653, 'accuracy_20': 95.2858567237854}, 50.344439167005476)
[2026-01-21 23:04:36,800][flwr][DEBUG] - evaluate_round 6: strategy sampled 6 clients (out of 12)
[2026-01-21 23:04:36,980][flwr][DEBUG] - evaluate_round 6 received 6 results and 0 failures
[2026-01-21 23:04:36,980][flwr][DEBUG] - fit_round 7: strategy sampled 8 clients (out of 12)
[2026-01-21 23:04:46,458][flwr][DEBUG] - fit_round 7 received 8 results and 0 failures
[2026-01-21 23:04:46,723][flwr][INFO] - fit progress: (7, 0.035537607635305064, {'rmse': 3691.3158900316294, 'mae': 1334.4605712890625, 'r2': 0.9027165073274828, 'mape': 6.33682918548584, 'accuracy_10': 85.35606861114502, 'accuracy_20': 96.08826637268066}, 60.26808662497206)
[2026-01-21 23:04:46,724][flwr][DEBUG] - evaluate_round 7: strategy sampled 6 clients (out of 12)
[2026-01-21 23:04:46,951][flwr][DEBUG] - evaluate_round 7 received 6 results and 0 failures
[2026-01-21 23:04:46,952][flwr][DEBUG] - fit_round 8: strategy sampled 8 clients (out of 12)
[2026-01-21 23:04:56,734][flwr][DEBUG] - fit_round 8 received 8 results and 0 failures
[2026-01-21 23:04:57,009][flwr][INFO] - fit progress: (8, 0.03500700304835826, {'rmse': 3777.3556888384232, 'mae': 1351.8153076171875, 'r2': 0.8981285516638394, 'mape': 6.225917339324951, 'accuracy_10': 85.5566680431366, 'accuracy_20': 95.63691020011902}, 70.55403704202035)
[2026-01-21 23:04:57,010][flwr][DEBUG] - evaluate_round 8: strategy sampled 6 clients (out of 12)
[2026-01-21 23:04:57,273][flwr][DEBUG] - evaluate_round 8 received 6 results and 0 failures
[2026-01-21 23:04:57,274][flwr][DEBUG] - fit_round 9: strategy sampled 8 clients (out of 12)
[2026-01-21 23:05:03,315][flwr][DEBUG] - fit_round 9 received 8 results and 0 failures
[2026-01-21 23:05:03,587][flwr][INFO] - fit progress: (9, 0.036242807457744775, {'rmse': 3970.1418110692216, 'mae': 1451.3450927734375, 'r2': 0.8874647018849205, 'mape': 6.293155193328857, 'accuracy_10': 83.70110392570496, 'accuracy_20': 95.586758852005}, 77.13196520798374)
[2026-01-21 23:05:03,588][flwr][DEBUG] - evaluate_round 9: strategy sampled 6 clients (out of 12)
[2026-01-21 23:05:03,781][flwr][DEBUG] - evaluate_round 9 received 6 results and 0 failures
[2026-01-21 23:05:03,781][flwr][DEBUG] - fit_round 10: strategy sampled 8 clients (out of 12)
[2026-01-21 23:05:12,900][flwr][DEBUG] - fit_round 10 received 8 results and 0 failures
[2026-01-21 23:05:13,154][flwr][INFO] - fit progress: (10, 0.03560048766591126, {'rmse': 3950.2846732862176, 'mae': 1442.302490234375, 'r2': 0.888587603738444, 'mape': 6.357289791107178, 'accuracy_10': 84.25275683403015, 'accuracy_20': 95.63691020011902}, 86.69891383301001)
[2026-01-21 23:05:13,155][flwr][DEBUG] - evaluate_round 10: strategy sampled 6 clients (out of 12)
[2026-01-21 23:05:13,250][flwr][DEBUG] - evaluate_round 10 received 6 results and 0 failures
[2026-01-21 23:05:13,251][flwr][DEBUG] - fit_round 11: strategy sampled 8 clients (out of 12)
[2026-01-21 23:05:22,607][flwr][DEBUG] - fit_round 11 received 8 results and 0 failures
[2026-01-21 23:05:22,896][flwr][INFO] - fit progress: (11, 0.034712278727841835, {'rmse': 3921.17189115703, 'mae': 1434.295654296875, 'r2': 0.8902237273964763, 'mape': 6.162441253662109, 'accuracy_10': 84.80441570281982, 'accuracy_20': 95.63691020011902}, 96.44093195797177)
[2026-01-21 23:05:22,897][flwr][DEBUG] - evaluate_round 11: strategy sampled 6 clients (out of 12)
[2026-01-21 23:05:23,129][flwr][DEBUG] - evaluate_round 11 received 6 results and 0 failures
[2026-01-21 23:05:23,130][flwr][DEBUG] - fit_round 12: strategy sampled 8 clients (out of 12)
[2026-01-21 23:05:32,649][flwr][DEBUG] - fit_round 12 received 8 results and 0 failures
[2026-01-21 23:05:32,945][flwr][INFO] - fit progress: (12, 0.03472405694118713, {'rmse': 3955.4363855332067, 'mae': 1438.6297607421875, 'r2': 0.8882968210694725, 'mape': 6.191864013671875, 'accuracy_10': 84.20260548591614, 'accuracy_20': 95.43631076812744}, 106.48938516702037)
[2026-01-21 23:05:32,945][flwr][DEBUG] - evaluate_round 12: strategy sampled 6 clients (out of 12)
[2026-01-21 23:05:33,182][flwr][DEBUG] - evaluate_round 12 received 6 results and 0 failures
[2026-01-21 23:05:33,183][flwr][DEBUG] - fit_round 13: strategy sampled 8 clients (out of 12)
[2026-01-21 23:05:42,055][flwr][DEBUG] - fit_round 13 received 8 results and 0 failures
[2026-01-21 23:05:42,312][flwr][INFO] - fit progress: (13, 0.034561986897660116, {'rmse': 3936.137446787142, 'mae': 1464.723876953125, 'r2': 0.8893841872188089, 'mape': 6.239073753356934, 'accuracy_10': 84.50350761413574, 'accuracy_20': 95.63691020011902}, 115.85640262498055)
[2026-01-21 23:05:42,312][flwr][DEBUG] - evaluate_round 13: strategy sampled 6 clients (out of 12)
[2026-01-21 23:05:42,547][flwr][DEBUG] - evaluate_round 13 received 6 results and 0 failures
[2026-01-21 23:05:42,548][flwr][DEBUG] - fit_round 14: strategy sampled 8 clients (out of 12)
[2026-01-21 23:05:52,133][flwr][DEBUG] - fit_round 14 received 8 results and 0 failures
[2026-01-21 23:05:52,423][flwr][INFO] - fit progress: (14, 0.03472771995150696, {'rmse': 3927.9040212306613, 'mae': 1480.6590576171875, 'r2': 0.8898464593591219, 'mape': 6.364120006561279, 'accuracy_10': 84.05215740203857, 'accuracy_20': 95.48646211624146}, 125.96728483302286)
[2026-01-21 23:05:52,423][flwr][DEBUG] - evaluate_round 14: strategy sampled 6 clients (out of 12)
[2026-01-21 23:05:52,743][flwr][DEBUG] - evaluate_round 14 received 6 results and 0 failures
[2026-01-21 23:05:52,744][flwr][DEBUG] - fit_round 15: strategy sampled 8 clients (out of 12)
[2026-01-21 23:06:02,158][flwr][DEBUG] - fit_round 15 received 8 results and 0 failures
[2026-01-21 23:06:02,449][flwr][INFO] - fit progress: (15, 0.0335100642036471, {'rmse': 3880.1203589579536, 'mae': 1439.446044921875, 'r2': 0.8925102365707009, 'mape': 6.184152603149414, 'accuracy_10': 84.65396165847778, 'accuracy_20': 95.68706154823303}, 135.9933609170257)
[2026-01-21 23:06:02,449][flwr][DEBUG] - evaluate_round 15: strategy sampled 6 clients (out of 12)
[2026-01-21 23:06:02,689][flwr][DEBUG] - evaluate_round 15 received 6 results and 0 failures
[2026-01-21 23:06:02,690][flwr][DEBUG] - fit_round 16: strategy sampled 8 clients (out of 12)
[2026-01-21 23:06:11,969][flwr][DEBUG] - fit_round 16 received 8 results and 0 failures
[2026-01-21 23:06:12,230][flwr][INFO] - fit progress: (16, 0.03222353215008944, {'rmse': 3800.2636750625607, 'mae': 1406.5172119140625, 'r2': 0.8968891944825825, 'mape': 6.0114850997924805, 'accuracy_10': 85.25576591491699, 'accuracy_20': 96.03811502456665}, 145.77410674997373)
[2026-01-21 23:06:12,230][flwr][DEBUG] - evaluate_round 16: strategy sampled 6 clients (out of 12)
[2026-01-21 23:06:12,439][flwr][DEBUG] - evaluate_round 16 received 6 results and 0 failures
[2026-01-21 23:06:12,440][flwr][DEBUG] - fit_round 17: strategy sampled 8 clients (out of 12)
[2026-01-21 23:06:18,602][flwr][DEBUG] - fit_round 17 received 8 results and 0 failures
[2026-01-21 23:06:18,866][flwr][INFO] - fit progress: (17, 0.03285242996385009, {'rmse': 3859.5060564792484, 'mae': 1449.1368408203125, 'r2': 0.8936493443479252, 'mape': 6.178372859954834, 'accuracy_10': 84.35305953025818, 'accuracy_20': 95.93781232833862}, 152.41084758297075)
[2026-01-21 23:06:18,867][flwr][DEBUG] - evaluate_round 17: strategy sampled 6 clients (out of 12)
[2026-01-21 23:06:19,077][flwr][DEBUG] - evaluate_round 17 received 6 results and 0 failures
[2026-01-21 23:06:19,077][flwr][DEBUG] - fit_round 18: strategy sampled 8 clients (out of 12)
[2026-01-21 23:06:27,845][flwr][DEBUG] - fit_round 18 received 8 results and 0 failures
[2026-01-21 23:06:28,090][flwr][INFO] - fit progress: (18, 0.03247595282874949, {'rmse': 3819.3136818020066, 'mae': 1454.1485595703125, 'r2': 0.8958528513274133, 'mape': 6.208131790161133, 'accuracy_10': 84.40321087837219, 'accuracy_20': 95.88766098022461}, 161.63444454199634)
[2026-01-21 23:06:28,090][flwr][DEBUG] - evaluate_round 18: strategy sampled 6 clients (out of 12)
[2026-01-21 23:06:28,316][flwr][DEBUG] - evaluate_round 18 received 6 results and 0 failures
[2026-01-21 23:06:28,316][flwr][DEBUG] - fit_round 19: strategy sampled 8 clients (out of 12)
[2026-01-21 23:06:37,033][flwr][DEBUG] - fit_round 19 received 8 results and 0 failures
[2026-01-21 23:06:37,313][flwr][INFO] - fit progress: (19, 0.03289698934558043, {'rmse': 3786.6534037326414, 'mae': 1458.7783203125, 'r2': 0.8976264320170153, 'mape': 6.289123058319092, 'accuracy_10': 84.1524600982666, 'accuracy_20': 95.93781232833862}, 170.85771795798792)
[2026-01-21 23:06:37,314][flwr][DEBUG] - evaluate_round 19: strategy sampled 6 clients (out of 12)
[2026-01-21 23:06:37,506][flwr][DEBUG] - evaluate_round 19 received 6 results and 0 failures
[2026-01-21 23:06:37,507][flwr][DEBUG] - fit_round 20: strategy sampled 8 clients (out of 12)
[2026-01-21 23:06:46,337][flwr][DEBUG] - fit_round 20 received 8 results and 0 failures
[2026-01-21 23:06:46,822][flwr][INFO] - fit progress: (20, 0.0324891153218574, {'rmse': 3813.7790969063744, 'mae': 1458.3402099609375, 'r2': 0.8961544721661721, 'mape': 6.233485221862793, 'accuracy_10': 84.50350761413574, 'accuracy_20': 95.8375096321106}, 180.36651825002627)
[2026-01-21 23:06:46,822][flwr][DEBUG] - evaluate_round 20: strategy sampled 6 clients (out of 12)
[2026-01-21 23:06:47,116][flwr][DEBUG] - evaluate_round 20 received 6 results and 0 failures
[2026-01-21 23:06:47,117][flwr][DEBUG] - fit_round 21: strategy sampled 8 clients (out of 12)
[2026-01-21 23:06:56,027][flwr][DEBUG] - fit_round 21 received 8 results and 0 failures
[2026-01-21 23:06:56,308][flwr][INFO] - fit progress: (21, 0.02917179393366263, {'rmse': 3552.2528063188297, 'mae': 1301.44189453125, 'r2': 0.9099083662809784, 'mape': 5.766768932342529, 'accuracy_10': 86.00802421569824, 'accuracy_20': 96.28886580467224}, 189.85189304198138)
[2026-01-21 23:06:56,308][flwr][DEBUG] - evaluate_round 21: strategy sampled 6 clients (out of 12)
[2026-01-21 23:06:56,525][flwr][DEBUG] - evaluate_round 21 received 6 results and 0 failures
[2026-01-21 23:06:56,526][flwr][DEBUG] - fit_round 22: strategy sampled 8 clients (out of 12)
[2026-01-21 23:07:05,632][flwr][DEBUG] - fit_round 22 received 8 results and 0 failures
[2026-01-21 23:07:05,895][flwr][INFO] - fit progress: (22, 0.031083884235161358, {'rmse': 3763.064974193244, 'mae': 1418.9505615234375, 'r2': 0.8988979077257877, 'mape': 6.043893814086914, 'accuracy_10': 84.80441570281982, 'accuracy_20': 96.33901715278625}, 199.43917012499878)
[2026-01-21 23:07:05,895][flwr][DEBUG] - evaluate_round 22: strategy sampled 6 clients (out of 12)
[2026-01-21 23:07:06,078][flwr][DEBUG] - evaluate_round 22 received 6 results and 0 failures
[2026-01-21 23:07:06,079][flwr][DEBUG] - fit_round 23: strategy sampled 8 clients (out of 12)
[2026-01-21 23:07:15,028][flwr][DEBUG] - fit_round 23 received 8 results and 0 failures
[2026-01-21 23:07:15,292][flwr][INFO] - fit progress: (23, 0.028538424919621875, {'rmse': 3568.9466233049775, 'mae': 1310.4793701171875, 'r2': 0.909059608525894, 'mape': 5.780259609222412, 'accuracy_10': 86.05817556381226, 'accuracy_20': 96.23871445655823}, 208.83594554197043)
[2026-01-21 23:07:15,292][flwr][DEBUG] - evaluate_round 23: strategy sampled 6 clients (out of 12)
[2026-01-21 23:07:15,498][flwr][DEBUG] - evaluate_round 23 received 6 results and 0 failures
[2026-01-21 23:07:15,499][flwr][DEBUG] - fit_round 24: strategy sampled 8 clients (out of 12)
[2026-01-21 23:07:24,327][flwr][DEBUG] - fit_round 24 received 8 results and 0 failures
[2026-01-21 23:07:24,584][flwr][INFO] - fit progress: (24, 0.030972980949261722, {'rmse': 3831.839636519253, 'mae': 1444.5205078125, 'r2': 0.8951686020303837, 'mape': 6.038004398345947, 'accuracy_10': 84.50350761413574, 'accuracy_20': 96.03811502456665}, 218.12830258300528)
[2026-01-21 23:07:24,584][flwr][DEBUG] - evaluate_round 24: strategy sampled 6 clients (out of 12)
[2026-01-21 23:07:24,679][flwr][DEBUG] - evaluate_round 24 received 6 results and 0 failures
[2026-01-21 23:07:24,680][flwr][DEBUG] - fit_round 25: strategy sampled 8 clients (out of 12)
[2026-01-21 23:07:30,354][flwr][DEBUG] - fit_round 25 received 8 results and 0 failures
[2026-01-21 23:07:30,626][flwr][INFO] - fit progress: (25, 0.03188690436684499, {'rmse': 3830.890235963437, 'mae': 1475.020751953125, 'r2': 0.8952205416491946, 'mape': 6.15073299407959, 'accuracy_10': 83.95185470581055, 'accuracy_20': 95.93781232833862}, 224.17060470802244)
[2026-01-21 23:07:30,627][flwr][DEBUG] - evaluate_round 25: strategy sampled 6 clients (out of 12)
[2026-01-21 23:07:30,711][flwr][DEBUG] - evaluate_round 25 received 6 results and 0 failures
[2026-01-21 23:07:30,712][flwr][DEBUG] - fit_round 26: strategy sampled 8 clients (out of 12)
[2026-01-21 23:07:39,442][flwr][DEBUG] - fit_round 26 received 8 results and 0 failures
[2026-01-21 23:07:39,699][flwr][INFO] - fit progress: (26, 0.031350493920572785, {'rmse': 3744.960346919577, 'mae': 1466.685791015625, 'r2': 0.8998684005665533, 'mape': 6.258613586425781, 'accuracy_10': 84.20260548591614, 'accuracy_20': 95.88766098022461}, 233.24348629201995)
[2026-01-21 23:07:39,700][flwr][DEBUG] - evaluate_round 26: strategy sampled 6 clients (out of 12)
[2026-01-21 23:07:39,938][flwr][DEBUG] - evaluate_round 26 received 6 results and 0 failures
[2026-01-21 23:07:39,938][flwr][DEBUG] - fit_round 27: strategy sampled 8 clients (out of 12)
[2026-01-21 23:07:45,782][flwr][DEBUG] - fit_round 27 received 8 results and 0 failures
[2026-01-21 23:07:46,074][flwr][INFO] - fit progress: (27, 0.03219130580334988, {'rmse': 3871.8247635966172, 'mae': 1496.389892578125, 'r2': 0.8929693628552368, 'mape': 6.198469161987305, 'accuracy_10': 83.45035314559937, 'accuracy_20': 95.88766098022461}, 239.61828875000356)
[2026-01-21 23:07:46,075][flwr][DEBUG] - evaluate_round 27: strategy sampled 6 clients (out of 12)
[2026-01-21 23:07:46,359][flwr][DEBUG] - evaluate_round 27 received 6 results and 0 failures
[2026-01-21 23:07:46,360][flwr][DEBUG] - fit_round 28: strategy sampled 8 clients (out of 12)
[2026-01-21 23:07:52,392][flwr][DEBUG] - fit_round 28 received 8 results and 0 failures
[2026-01-21 23:07:52,705][flwr][INFO] - fit progress: (28, 0.03142720030073297, {'rmse': 3806.30240522216, 'mae': 1469.5687255859375, 'r2': 0.8965612408510595, 'mape': 6.159316539764404, 'accuracy_10': 83.95185470581055, 'accuracy_20': 95.8375096321106}, 246.24923437502002)
[2026-01-21 23:07:52,706][flwr][DEBUG] - evaluate_round 28: strategy sampled 6 clients (out of 12)
[2026-01-21 23:07:52,816][flwr][DEBUG] - evaluate_round 28 received 6 results and 0 failures
[2026-01-21 23:07:52,817][flwr][DEBUG] - fit_round 29: strategy sampled 8 clients (out of 12)
[2026-01-21 23:08:02,020][flwr][DEBUG] - fit_round 29 received 8 results and 0 failures
[2026-01-21 23:08:02,280][flwr][INFO] - fit progress: (29, 0.030751333440258845, {'rmse': 3743.0832210892668, 'mae': 1453.1507568359375, 'r2': 0.8999687526325459, 'mape': 6.225584030151367, 'accuracy_10': 84.50350761413574, 'accuracy_20': 96.13841772079468}, 255.82369450002443)
[2026-01-21 23:08:02,280][flwr][DEBUG] - evaluate_round 29: strategy sampled 6 clients (out of 12)
[2026-01-21 23:08:02,384][flwr][DEBUG] - evaluate_round 29 received 6 results and 0 failures
[2026-01-21 23:08:02,385][flwr][DEBUG] - fit_round 30: strategy sampled 8 clients (out of 12)
[2026-01-21 23:08:11,230][flwr][DEBUG] - fit_round 30 received 8 results and 0 failures
[2026-01-21 23:08:11,472][flwr][INFO] - fit progress: (30, 0.031526289308591256, {'rmse': 3847.722573159349, 'mae': 1490.3955078125, 'r2': 0.8942977499548874, 'mape': 6.269470691680908, 'accuracy_10': 83.85155200958252, 'accuracy_20': 95.78736424446106}, 265.0162990419776)
[2026-01-21 23:08:11,473][flwr][DEBUG] - evaluate_round 30: strategy sampled 6 clients (out of 12)
[2026-01-21 23:08:11,570][flwr][DEBUG] - evaluate_round 30 received 6 results and 0 failures
[2026-01-21 23:08:11,571][flwr][INFO] - FL finished in 265.11466933297925
[2026-01-21 23:08:11,574][flwr][INFO] - app_fit: losses_distributed [(1, 13.22489622795936), (2, 0.10414782514091718), (3, 0.08790845241832082), (4, 0.06729009094774387), (5, 0.04961573413948884), (6, 0.047666481065548036), (7, 0.03496889933504504), (8, 0.04180732199887711), (9, 0.03767323892587309), (10, 0.03954499322867048), (11, 0.044301171010981), (12, 0.04275410169879548), (13, 0.02832905717080905), (14, 0.04773961815250746), (15, 0.03612084857939868), (16, 0.02870650705951476), (17, 0.025864184165349278), (18, 0.04455885236315867), (19, 0.03507328104037875), (20, 0.035924232709736055), (21, 0.030452763008466666), (22, 0.036966934054493646), (23, 0.03804938739874872), (24, 0.029571556044565905), (25, 0.03521900413906113), (26, 0.040974180908009666), (27, 0.027938414699279823), (28, 0.03749950538405124), (29, 0.02632151198952644), (30, 0.03211635697953901)]
[2026-01-21 23:08:11,574][flwr][INFO] - app_fit: metrics_distributed_fit {'scaffold_updates': [(1, 8), (2, 8), (3, 8), (4, 8), (5, 8), (6, 8), (7, 8), (8, 8), (9, 8), (10, 8), (11, 8), (12, 8), (13, 8), (14, 8), (15, 8), (16, 8), (17, 8), (18, 8), (19, 8), (20, 8), (21, 8), (22, 8), (23, 8), (24, 8), (25, 8), (26, 8), (27, 8), (28, 8), (29, 8), (30, 8)], 'avg_control_delta_norm': [(1, 0.0029113643665157896), (2, 0.0027977043994743397), (3, 0.0012258945777277584), (4, 0.000987917181783683), (5, 0.0007915627846356664), (6, 0.0006694348558084815), (7, 0.0005569995931070205), (8, 0.0006508470071152179), (9, 0.0006040610988184788), (10, 0.0005109236921364937), (11, 0.0005129910435949141), (12, 0.000436733931263362), (13, 0.00044429659311342876), (14, 0.00041912514985353947), (15, 0.00038719818460222825), (16, 0.0003677517584228875), (17, 0.0003981271489305282), (18, 0.0003643631406871755), (19, 0.0003287320016996331), (20, 0.0003213564896079749), (21, 0.0003424599701314396), (22, 0.0002875461059813427), (23, 0.00033596846842004144), (24, 0.0002699552015751053), (25, 0.0003003229994036001), (26, 0.0002733763873990069), (27, 0.0002947404024762327), (28, 0.00029823106967865893), (29, 0.0002468215926521718), (30, 0.0002347312264101656)]}
[2026-01-21 23:08:11,574][flwr][INFO] - app_fit: metrics_distributed {}
[2026-01-21 23:08:11,574][flwr][INFO] - app_fit: losses_centralized [(0, 1.4340404903996313), (1, 11.997436546872827), (2, 0.09633830213618494), (3, 0.07682486565983522), (4, 0.06458421671761194), (5, 0.0473205769208513), (6, 0.03939415774155883), (7, 0.035537607635305064), (8, 0.03500700304835826), (9, 0.036242807457744775), (10, 0.03560048766591126), (11, 0.034712278727841835), (12, 0.03472405694118713), (13, 0.034561986897660116), (14, 0.03472771995150696), (15, 0.0335100642036471), (16, 0.03222353215008944), (17, 0.03285242996385009), (18, 0.03247595282874949), (19, 0.03289698934558043), (20, 0.0324891153218574), (21, 0.02917179393366263), (22, 0.031083884235161358), (23, 0.028538424919621875), (24, 0.030972980949261722), (25, 0.03188690436684499), (26, 0.031350493920572785), (27, 0.03219130580334988), (28, 0.03142720030073297), (29, 0.030751333440258845), (30, 0.031526289308591256)]
[2026-01-21 23:08:11,574][flwr][INFO] - app_fit: metrics_centralized {'rmse': [(0, 11782.010694274555), (1, 72615.59766331197), (2, 4904.340934315232), (3, 4613.124971209863), (4, 4330.225860160183), (5, 3869.0126647505303), (6, 3696.7754868263232), (7, 3691.3158900316294), (8, 3777.3556888384232), (9, 3970.1418110692216), (10, 3950.2846732862176), (11, 3921.17189115703), (12, 3955.4363855332067), (13, 3936.137446787142), (14, 3927.9040212306613), (15, 3880.1203589579536), (16, 3800.2636750625607), (17, 3859.5060564792484), (18, 3819.3136818020066), (19, 3786.6534037326414), (20, 3813.7790969063744), (21, 3552.2528063188297), (22, 3763.064974193244), (23, 3568.9466233049775), (24, 3831.839636519253), (25, 3830.890235963437), (26, 3744.960346919577), (27, 3871.8247635966172), (28, 3806.30240522216), (29, 3743.0832210892668), (30, 3847.722573159349)], 'mae': [(0, 9149.193359375), (1, 63497.78515625), (2, 2290.818359375), (3, 1998.7181396484375), (4, 1818.005859375), (5, 1534.12890625), (6, 1357.315673828125), (7, 1334.4605712890625), (8, 1351.8153076171875), (9, 1451.3450927734375), (10, 1442.302490234375), (11, 1434.295654296875), (12, 1438.6297607421875), (13, 1464.723876953125), (14, 1480.6590576171875), (15, 1439.446044921875), (16, 1406.5172119140625), (17, 1449.1368408203125), (18, 1454.1485595703125), (19, 1458.7783203125), (20, 1458.3402099609375), (21, 1301.44189453125), (22, 1418.9505615234375), (23, 1310.4793701171875), (24, 1444.5205078125), (25, 1475.020751953125), (26, 1466.685791015625), (27, 1496.389892578125), (28, 1469.5687255859375), (29, 1453.1507568359375), (30, 1490.3955078125)], 'r2': [(0, 0.00890437044283554), (1, -36.64753696945179), (2, 0.828273218204887), (3, 0.8480617363270109), (4, 0.8661255188535464), (5, 0.8931247783968261), (6, 0.9024285258634223), (7, 0.9027165073274828), (8, 0.8981285516638394), (9, 0.8874647018849205), (10, 0.888587603738444), (11, 0.8902237273964763), (12, 0.8882968210694725), (13, 0.8893841872188089), (14, 0.8898464593591219), (15, 0.8925102365707009), (16, 0.8968891944825825), (17, 0.8936493443479252), (18, 0.8958528513274133), (19, 0.8976264320170153), (20, 0.8961544721661721), (21, 0.9099083662809784), (22, 0.8988979077257877), (23, 0.909059608525894), (24, 0.8951686020303837), (25, 0.8952205416491946), (26, 0.8998684005665533), (27, 0.8929693628552368), (28, 0.8965612408510595), (29, 0.8999687526325459), (30, 0.8942977499548874)], 'mape': [(0, 79.91940307617188), (1, 606.9835205078125), (2, 12.16383171081543), (3, 10.363727569580078), (4, 9.411643981933594), (5, 7.994956016540527), (6, 6.846994876861572), (7, 6.33682918548584), (8, 6.225917339324951), (9, 6.293155193328857), (10, 6.357289791107178), (11, 6.162441253662109), (12, 6.191864013671875), (13, 6.239073753356934), (14, 6.364120006561279), (15, 6.184152603149414), (16, 6.0114850997924805), (17, 6.178372859954834), (18, 6.208131790161133), (19, 6.289123058319092), (20, 6.233485221862793), (21, 5.766768932342529), (22, 6.043893814086914), (23, 5.780259609222412), (24, 6.038004398345947), (25, 6.15073299407959), (26, 6.258613586425781), (27, 6.198469161987305), (28, 6.159316539764404), (29, 6.225584030151367), (30, 6.269470691680908)], 'accuracy_10': [(0, 11.735205352306366), (1, 0.40120361372828484), (2, 51.25375986099243), (3, 59.92978811264038), (4, 65.24573564529419), (5, 74.87462162971497), (6, 83.90170335769653), (7, 85.35606861114502), (8, 85.5566680431366), (9, 83.70110392570496), (10, 84.25275683403015), (11, 84.80441570281982), (12, 84.20260548591614), (13, 84.50350761413574), (14, 84.05215740203857), (15, 84.65396165847778), (16, 85.25576591491699), (17, 84.35305953025818), (18, 84.40321087837219), (19, 84.1524600982666), (20, 84.50350761413574), (21, 86.00802421569824), (22, 84.80441570281982), (23, 86.05817556381226), (24, 84.50350761413574), (25, 83.95185470581055), (26, 84.20260548591614), (27, 83.45035314559937), (28, 83.95185470581055), (29, 84.50350761413574), (30, 83.85155200958252)], 'accuracy_20': [(0, 21.46439254283905), (1, 1.6048144549131393), (2, 82.89869427680969), (3, 88.16449642181396), (4, 91.02306962013245), (5, 94.9849545955658), (6, 95.2858567237854), (7, 96.08826637268066), (8, 95.63691020011902), (9, 95.586758852005), (10, 95.63691020011902), (11, 95.63691020011902), (12, 95.43631076812744), (13, 95.63691020011902), (14, 95.48646211624146), (15, 95.68706154823303), (16, 96.03811502456665), (17, 95.93781232833862), (18, 95.88766098022461), (19, 95.93781232833862), (20, 95.8375096321106), (21, 96.28886580467224), (22, 96.33901715278625), (23, 96.23871445655823), (24, 96.03811502456665), (25, 95.93781232833862), (26, 95.88766098022461), (27, 95.88766098022461), (28, 95.8375096321106), (29, 96.13841772079468), (30, 95.78736424446106)]}
