[2026-01-15 21:45:34,696][flwr][INFO] - Starting Flower simulation, config: ServerConfig(num_rounds=10, round_timeout=None)
[2026-01-15 21:45:40,081][flwr][INFO] - Flower VCE: Ray initialized with resources: {'CPU': 10.0, 'object_store_memory': 2147483648.0, 'node:127.0.0.1': 1.0, 'memory': 11706379879.0}
[2026-01-15 21:45:40,081][flwr][INFO] - Initializing global parameters
[2026-01-15 21:45:40,081][flwr][INFO] - Using initial parameters provided by strategy
[2026-01-15 21:45:40,081][flwr][INFO] - Evaluating initial parameters
[2026-01-15 21:45:40,453][flwr][INFO] - initial parameters (loss, other metrics): 1.4145967275411397, {'rmse': 13963.591515079492, 'mae': 10300.927734375, 'r2': -0.5562232211899847}
[2026-01-15 21:45:40,453][flwr][INFO] - FL starting
[2026-01-15 21:45:40,453][flwr][DEBUG] - fit_round 1: strategy sampled 3 clients (out of 3)
[2026-01-15 21:45:50,018][flwr][DEBUG] - fit_round 1 received 3 results and 0 failures
[2026-01-15 21:45:50,020][flwr][WARNING] - No fit_metrics_aggregation_fn provided
[2026-01-15 21:45:50,165][flwr][INFO] - fit progress: (1, 0.22088259415285247, {'rmse': 5517.744285484785, 'mae': 3441.8271484375, 'r2': 0.7570030770781404}, 9.712109667016193)
[2026-01-15 21:45:50,166][flwr][DEBUG] - evaluate_round 1: strategy sampled 3 clients (out of 3)
[2026-01-15 21:45:50,303][flwr][DEBUG] - evaluate_round 1 received 3 results and 0 failures
[2026-01-15 21:45:50,304][flwr][WARNING] - No evaluate_metrics_aggregation_fn provided
[2026-01-15 21:45:50,304][flwr][DEBUG] - fit_round 2: strategy sampled 3 clients (out of 3)
[2026-01-15 21:45:55,953][flwr][DEBUG] - fit_round 2 received 3 results and 0 failures
[2026-01-15 21:45:56,103][flwr][INFO] - fit progress: (2, 0.24822948313690163, {'rmse': 5849.34868169098, 'mae': 3472.11279296875, 'r2': 0.7269182651732546}, 15.649501625011908)
[2026-01-15 21:45:56,103][flwr][DEBUG] - evaluate_round 2: strategy sampled 3 clients (out of 3)
[2026-01-15 21:45:56,229][flwr][DEBUG] - evaluate_round 2 received 3 results and 0 failures
[2026-01-15 21:45:56,229][flwr][DEBUG] - fit_round 3: strategy sampled 3 clients (out of 3)
[2026-01-15 21:46:01,907][flwr][DEBUG] - fit_round 3 received 3 results and 0 failures
[2026-01-15 21:46:02,055][flwr][INFO] - fit progress: (3, 0.2800864492570077, {'rmse': 6213.364949848029, 'mae': 3522.216796875, 'r2': 0.6918718733852539}, 21.601359000022057)
[2026-01-15 21:46:02,055][flwr][DEBUG] - evaluate_round 3: strategy sampled 3 clients (out of 3)
[2026-01-15 21:46:02,170][flwr][DEBUG] - evaluate_round 3 received 3 results and 0 failures
[2026-01-15 21:46:02,171][flwr][DEBUG] - fit_round 4: strategy sampled 3 clients (out of 3)
[2026-01-15 21:46:07,642][flwr][DEBUG] - fit_round 4 received 3 results and 0 failures
[2026-01-15 21:46:07,778][flwr][INFO] - fit progress: (4, 0.31553974577614496, {'rmse': 6594.89438884354, 'mae': 3695.56884765625, 'r2': 0.6528690653019271}, 27.3246006249974)
[2026-01-15 21:46:07,778][flwr][DEBUG] - evaluate_round 4: strategy sampled 3 clients (out of 3)
[2026-01-15 21:46:07,859][flwr][DEBUG] - evaluate_round 4 received 3 results and 0 failures
[2026-01-15 21:46:07,859][flwr][DEBUG] - fit_round 5: strategy sampled 3 clients (out of 3)
[2026-01-15 21:46:13,272][flwr][DEBUG] - fit_round 5 received 3 results and 0 failures
[2026-01-15 21:46:13,403][flwr][INFO] - fit progress: (5, 0.3608129208271687, {'rmse': 7052.154847987954, 'mae': 3879.553955078125, 'r2': 0.6030632357065417}, 32.95017208400532)
[2026-01-15 21:46:13,404][flwr][DEBUG] - evaluate_round 5: strategy sampled 3 clients (out of 3)
[2026-01-15 21:46:13,515][flwr][DEBUG] - evaluate_round 5 received 3 results and 0 failures
[2026-01-15 21:46:13,515][flwr][DEBUG] - fit_round 6: strategy sampled 3 clients (out of 3)
[2026-01-15 21:46:19,223][flwr][DEBUG] - fit_round 6 received 3 results and 0 failures
[2026-01-15 21:46:19,364][flwr][INFO] - fit progress: (6, 0.4469585899595503, {'rmse': 7849.002484392523, 'mae': 3899.284423828125, 'r2': 0.5082927959458359}, 38.91025266700308)
[2026-01-15 21:46:19,364][flwr][DEBUG] - evaluate_round 6: strategy sampled 3 clients (out of 3)
[2026-01-15 21:46:19,454][flwr][DEBUG] - evaluate_round 6 received 3 results and 0 failures
[2026-01-15 21:46:19,454][flwr][DEBUG] - fit_round 7: strategy sampled 3 clients (out of 3)
[2026-01-15 21:46:24,991][flwr][DEBUG] - fit_round 7 received 3 results and 0 failures
[2026-01-15 21:46:25,139][flwr][INFO] - fit progress: (7, 0.46156486922556217, {'rmse': 7976.220909678969, 'mae': 4053.428955078125, 'r2': 0.4922242173216298}, 44.68547933400259)
[2026-01-15 21:46:25,139][flwr][DEBUG] - evaluate_round 7: strategy sampled 3 clients (out of 3)
[2026-01-15 21:46:25,223][flwr][DEBUG] - evaluate_round 7 received 3 results and 0 failures
[2026-01-15 21:46:25,223][flwr][DEBUG] - fit_round 8: strategy sampled 3 clients (out of 3)
[2026-01-15 21:46:30,538][flwr][DEBUG] - fit_round 8 received 3 results and 0 failures
[2026-01-15 21:46:30,663][flwr][INFO] - fit progress: (8, 0.512892775946074, {'rmse': 8408.027592723516, 'mae': 4142.5859375, 'r2': 0.4357573954757167}, 50.20953970900155)
[2026-01-15 21:46:30,663][flwr][DEBUG] - evaluate_round 8: strategy sampled 3 clients (out of 3)
[2026-01-15 21:46:30,740][flwr][DEBUG] - evaluate_round 8 received 3 results and 0 failures
[2026-01-15 21:46:30,740][flwr][DEBUG] - fit_round 9: strategy sampled 3 clients (out of 3)
[2026-01-15 21:46:36,028][flwr][DEBUG] - fit_round 9 received 3 results and 0 failures
[2026-01-15 21:46:36,162][flwr][INFO] - fit progress: (9, 0.5763056213194663, {'rmse': 8912.658413739417, 'mae': 4279.76806640625, 'r2': 0.3659957831299674}, 55.70871612499468)
[2026-01-15 21:46:36,162][flwr][DEBUG] - evaluate_round 9: strategy sampled 3 clients (out of 3)
[2026-01-15 21:46:36,239][flwr][DEBUG] - evaluate_round 9 received 3 results and 0 failures
[2026-01-15 21:46:36,240][flwr][DEBUG] - fit_round 10: strategy sampled 3 clients (out of 3)
[2026-01-15 21:46:41,513][flwr][DEBUG] - fit_round 10 received 3 results and 0 failures
[2026-01-15 21:46:41,639][flwr][INFO] - fit progress: (10, 0.6321686171405427, {'rmse': 9334.633576097136, 'mae': 4317.56884765625, 'r2': 0.30453995832871106}, 61.18572191701969)
[2026-01-15 21:46:41,639][flwr][DEBUG] - evaluate_round 10: strategy sampled 3 clients (out of 3)
[2026-01-15 21:46:41,714][flwr][DEBUG] - evaluate_round 10 received 3 results and 0 failures
[2026-01-15 21:46:41,714][flwr][INFO] - FL finished in 61.260655125021
[2026-01-15 21:46:41,715][flwr][INFO] - app_fit: losses_distributed [(1, 0.1674078248664861), (2, 0.18072269783417935), (3, 0.18792426679024535), (4, 0.22476319112856896), (5, 0.2651166707906808), (6, 0.2642158918277365), (7, 0.3083960024464985), (8, 0.33990156784521136), (9, 0.3793516407506939), (10, 0.400447373208551)]
[2026-01-15 21:46:41,715][flwr][INFO] - app_fit: metrics_distributed_fit {}
[2026-01-15 21:46:41,715][flwr][INFO] - app_fit: metrics_distributed {}
[2026-01-15 21:46:41,715][flwr][INFO] - app_fit: losses_centralized [(0, 1.4145967275411397), (1, 0.22088259415285247), (2, 0.24822948313690163), (3, 0.2800864492570077), (4, 0.31553974577614496), (5, 0.3608129208271687), (6, 0.4469585899595503), (7, 0.46156486922556217), (8, 0.512892775946074), (9, 0.5763056213194663), (10, 0.6321686171405427)]
[2026-01-15 21:46:41,715][flwr][INFO] - app_fit: metrics_centralized {'rmse': [(0, 13963.591515079492), (1, 5517.744285484785), (2, 5849.34868169098), (3, 6213.364949848029), (4, 6594.89438884354), (5, 7052.154847987954), (6, 7849.002484392523), (7, 7976.220909678969), (8, 8408.027592723516), (9, 8912.658413739417), (10, 9334.633576097136)], 'mae': [(0, 10300.927734375), (1, 3441.8271484375), (2, 3472.11279296875), (3, 3522.216796875), (4, 3695.56884765625), (5, 3879.553955078125), (6, 3899.284423828125), (7, 4053.428955078125), (8, 4142.5859375), (9, 4279.76806640625), (10, 4317.56884765625)], 'r2': [(0, -0.5562232211899847), (1, 0.7570030770781404), (2, 0.7269182651732546), (3, 0.6918718733852539), (4, 0.6528690653019271), (5, 0.6030632357065417), (6, 0.5082927959458359), (7, 0.4922242173216298), (8, 0.4357573954757167), (9, 0.3659957831299674), (10, 0.30453995832871106)]}
[2026-01-15 21:46:42,058][flwr][INFO] - Starting Flower simulation, config: ServerConfig(num_rounds=10, round_timeout=None)
[2026-01-15 21:46:48,995][flwr][INFO] - Flower VCE: Ray initialized with resources: {'node:127.0.0.1': 1.0, 'CPU': 10.0, 'object_store_memory': 2147483648.0, 'memory': 12117818983.0}
[2026-01-15 21:46:48,996][flwr][INFO] - Initializing global parameters
[2026-01-15 21:46:48,996][flwr][INFO] - Using initial parameters provided by strategy
[2026-01-15 21:46:48,996][flwr][INFO] - Evaluating initial parameters
[2026-01-15 21:46:49,142][flwr][INFO] - initial parameters (loss, other metrics): 1.4145967275411397, {'rmse': 13963.591515079492, 'mae': 10300.927734375, 'r2': -0.5562232211899847}
[2026-01-15 21:46:49,142][flwr][INFO] - FL starting
[2026-01-15 21:46:49,142][flwr][DEBUG] - fit_round 1: strategy sampled 3 clients (out of 3)
[2026-01-15 21:47:10,896][flwr][DEBUG] - fit_round 1 received 3 results and 0 failures
[2026-01-15 21:47:10,899][flwr][WARNING] - No fit_metrics_aggregation_fn provided
[2026-01-15 21:47:11,052][flwr][INFO] - fit progress: (1, 0.27769708126276227, {'rmse': 6186.805961075554, 'mae': 3714.50390625, 'r2': 0.694500430489875}, 21.90922312499606)
[2026-01-15 21:47:11,052][flwr][DEBUG] - evaluate_round 1: strategy sampled 3 clients (out of 3)
[2026-01-15 21:47:11,207][flwr][DEBUG] - evaluate_round 1 received 3 results and 0 failures
[2026-01-15 21:47:11,207][flwr][WARNING] - No evaluate_metrics_aggregation_fn provided
[2026-01-15 21:47:11,208][flwr][DEBUG] - fit_round 2: strategy sampled 3 clients (out of 3)
[2026-01-15 21:47:28,107][flwr][DEBUG] - fit_round 2 received 3 results and 0 failures
[2026-01-15 21:47:28,233][flwr][INFO] - fit progress: (2, 0.5482496743624633, {'rmse': 8693.006384444912, 'mae': 4643.17236328125, 'r2': 0.396860679994018}, 39.0901157920016)
[2026-01-15 21:47:28,233][flwr][DEBUG] - evaluate_round 2: strategy sampled 3 clients (out of 3)
[2026-01-15 21:47:28,390][flwr][DEBUG] - evaluate_round 2 received 3 results and 0 failures
[2026-01-15 21:47:28,390][flwr][DEBUG] - fit_round 3: strategy sampled 3 clients (out of 3)
[2026-01-15 21:47:44,517][flwr][DEBUG] - fit_round 3 received 3 results and 0 failures
[2026-01-15 21:47:44,652][flwr][INFO] - fit progress: (3, 0.8548147353801403, {'rmse': 10854.674937555706, 'mae': 5295.5908203125, 'r2': 0.0596029021333383}, 55.50955508399056)
[2026-01-15 21:47:44,652][flwr][DEBUG] - evaluate_round 3: strategy sampled 3 clients (out of 3)
[2026-01-15 21:47:44,800][flwr][DEBUG] - evaluate_round 3 received 3 results and 0 failures
[2026-01-15 21:47:44,801][flwr][DEBUG] - fit_round 4: strategy sampled 3 clients (out of 3)
[2026-01-15 21:48:03,596][flwr][DEBUG] - fit_round 4 received 3 results and 0 failures
[2026-01-15 21:48:03,750][flwr][INFO] - fit progress: (4, 0.9292302242031804, {'rmse': 11317.290841893213, 'mae': 5448.365234375, 'r2': -0.022262887780403418}, 74.6072346669971)
[2026-01-15 21:48:03,751][flwr][DEBUG] - evaluate_round 4: strategy sampled 3 clients (out of 3)
[2026-01-15 21:48:03,870][flwr][DEBUG] - evaluate_round 4 received 3 results and 0 failures
[2026-01-15 21:48:03,870][flwr][DEBUG] - fit_round 5: strategy sampled 3 clients (out of 3)
[2026-01-15 21:48:21,696][flwr][DEBUG] - fit_round 5 received 3 results and 0 failures
[2026-01-15 21:48:21,855][flwr][INFO] - fit progress: (5, 1.0047253610135556, {'rmse': 11768.048946193247, 'mae': 5562.9892578125, 'r2': -0.10531631270287112}, 92.71267775000888)
[2026-01-15 21:48:21,856][flwr][DEBUG] - evaluate_round 5: strategy sampled 3 clients (out of 3)
[2026-01-15 21:48:22,007][flwr][DEBUG] - evaluate_round 5 received 3 results and 0 failures
[2026-01-15 21:48:22,007][flwr][DEBUG] - fit_round 6: strategy sampled 3 clients (out of 3)
[2026-01-15 21:48:39,433][flwr][DEBUG] - fit_round 6 received 3 results and 0 failures
[2026-01-15 21:48:39,586][flwr][INFO] - fit progress: (6, 1.0088598369746595, {'rmse': 11792.237446727402, 'mae': 5401.0087890625, 'r2': -0.10986474665891754}, 110.4428942920058)
[2026-01-15 21:48:39,586][flwr][DEBUG] - evaluate_round 6: strategy sampled 3 clients (out of 3)
[2026-01-15 21:48:39,717][flwr][DEBUG] - evaluate_round 6 received 3 results and 0 failures
[2026-01-15 21:48:39,718][flwr][DEBUG] - fit_round 7: strategy sampled 3 clients (out of 3)
[2026-01-15 21:48:55,848][flwr][DEBUG] - fit_round 7 received 3 results and 0 failures
[2026-01-15 21:48:55,977][flwr][INFO] - fit progress: (7, 0.9934136321743926, {'rmse': 11701.616298614477, 'mae': 5273.11572265625, 'r2': -0.09287212830856251}, 126.83371845900547)
[2026-01-15 21:48:55,977][flwr][DEBUG] - evaluate_round 7: strategy sampled 3 clients (out of 3)
[2026-01-15 21:48:56,061][flwr][DEBUG] - evaluate_round 7 received 3 results and 0 failures
[2026-01-15 21:48:56,061][flwr][DEBUG] - fit_round 8: strategy sampled 3 clients (out of 3)
[2026-01-15 21:49:11,942][flwr][DEBUG] - fit_round 8 received 3 results and 0 failures
[2026-01-15 21:49:12,073][flwr][INFO] - fit progress: (8, 0.9861136283781435, {'rmse': 11658.543305233292, 'mae': 5286.166015625, 'r2': -0.08484135687267025}, 142.92983245899086)
[2026-01-15 21:49:12,073][flwr][DEBUG] - evaluate_round 8: strategy sampled 3 clients (out of 3)
[2026-01-15 21:49:12,176][flwr][DEBUG] - evaluate_round 8 received 3 results and 0 failures
[2026-01-15 21:49:12,176][flwr][DEBUG] - fit_round 9: strategy sampled 3 clients (out of 3)
[2026-01-15 21:49:28,086][flwr][DEBUG] - fit_round 9 received 3 results and 0 failures
[2026-01-15 21:49:28,212][flwr][INFO] - fit progress: (9, 0.9792302765168466, {'rmse': 11617.782232422847, 'mae': 5242.578125, 'r2': -0.07726885835263264}, 159.0692171670089)
[2026-01-15 21:49:28,212][flwr][DEBUG] - evaluate_round 9: strategy sampled 3 clients (out of 3)
[2026-01-15 21:49:28,297][flwr][DEBUG] - evaluate_round 9 received 3 results and 0 failures
[2026-01-15 21:49:28,297][flwr][DEBUG] - fit_round 10: strategy sampled 3 clients (out of 3)
[2026-01-15 21:49:45,026][flwr][DEBUG] - fit_round 10 received 3 results and 0 failures
[2026-01-15 21:49:45,152][flwr][INFO] - fit progress: (10, 0.979347244188473, {'rmse': 11618.476320068823, 'mae': 5221.5205078125, 'r2': -0.07739753081086875}, 176.00919549999526)
[2026-01-15 21:49:45,152][flwr][DEBUG] - evaluate_round 10: strategy sampled 3 clients (out of 3)
[2026-01-15 21:49:45,229][flwr][DEBUG] - evaluate_round 10 received 3 results and 0 failures
[2026-01-15 21:49:45,229][flwr][INFO] - FL finished in 176.08628254200448
[2026-01-15 21:49:45,229][flwr][INFO] - app_fit: losses_distributed [(1, 0.20767864156483345), (2, 0.3954097638284584), (3, 0.5739286109274994), (4, 0.6386638807133875), (5, 0.6882522938283302), (6, 0.6808869300069512), (7, 0.6718453970458721), (8, 0.6849931059462153), (9, 0.6789246478292463), (10, 0.6807865332925962)]
[2026-01-15 21:49:45,229][flwr][INFO] - app_fit: metrics_distributed_fit {}
[2026-01-15 21:49:45,230][flwr][INFO] - app_fit: metrics_distributed {}
[2026-01-15 21:49:45,230][flwr][INFO] - app_fit: losses_centralized [(0, 1.4145967275411397), (1, 0.27769708126276227), (2, 0.5482496743624633), (3, 0.8548147353801403), (4, 0.9292302242031804), (5, 1.0047253610135556), (6, 1.0088598369746595), (7, 0.9934136321743926), (8, 0.9861136283781435), (9, 0.9792302765168466), (10, 0.979347244188473)]
[2026-01-15 21:49:45,230][flwr][INFO] - app_fit: metrics_centralized {'rmse': [(0, 13963.591515079492), (1, 6186.805961075554), (2, 8693.006384444912), (3, 10854.674937555706), (4, 11317.290841893213), (5, 11768.048946193247), (6, 11792.237446727402), (7, 11701.616298614477), (8, 11658.543305233292), (9, 11617.782232422847), (10, 11618.476320068823)], 'mae': [(0, 10300.927734375), (1, 3714.50390625), (2, 4643.17236328125), (3, 5295.5908203125), (4, 5448.365234375), (5, 5562.9892578125), (6, 5401.0087890625), (7, 5273.11572265625), (8, 5286.166015625), (9, 5242.578125), (10, 5221.5205078125)], 'r2': [(0, -0.5562232211899847), (1, 0.694500430489875), (2, 0.396860679994018), (3, 0.0596029021333383), (4, -0.022262887780403418), (5, -0.10531631270287112), (6, -0.10986474665891754), (7, -0.09287212830856251), (8, -0.08484135687267025), (9, -0.07726885835263264), (10, -0.07739753081086875)]}
