[2025-12-09 00:16:59,209][flwr][INFO] - Starting Flower simulation, config: ServerConfig(num_rounds=15, round_timeout=None)
[2025-12-09 00:17:04,979][flwr][INFO] - Flower VCE: Ray initialized with resources: {'memory': 11827758285.0, 'CPU': 10.0, 'node:127.0.0.1': 1.0, 'object_store_memory': 2147483648.0}
[2025-12-09 00:17:04,980][flwr][INFO] - Initializing global parameters
[2025-12-09 00:17:04,980][flwr][INFO] - Requesting initial parameters from one random client
[2025-12-09 00:17:07,272][flwr][INFO] - Received initial parameters from one random client
[2025-12-09 00:17:07,272][flwr][INFO] - Evaluating initial parameters
[2025-12-09 00:17:08,699][flwr][INFO] - initial parameters (loss, other metrics): 182.0303978919983, {'accuracy': 0.1077}
[2025-12-09 00:17:08,700][flwr][INFO] - FL starting
[2025-12-09 00:17:08,700][flwr][DEBUG] - fit_round 1: strategy sampled 5 clients (out of 10)
[2025-12-09 00:17:28,647][flwr][DEBUG] - fit_round 1 received 5 results and 0 failures
[2025-12-09 00:17:28,651][flwr][WARNING] - No fit_metrics_aggregation_fn provided
[2025-12-09 00:17:29,974][flwr][INFO] - fit progress: (1, 132.95794010162354, {'accuracy': 0.4726}, 21.274427708005533)
[2025-12-09 00:17:29,975][flwr][DEBUG] - evaluate_round 1: strategy sampled 10 clients (out of 10)
[2025-12-09 00:17:30,856][flwr][DEBUG] - evaluate_round 1 received 10 results and 0 failures
[2025-12-09 00:17:30,856][flwr][WARNING] - No evaluate_metrics_aggregation_fn provided
[2025-12-09 00:17:30,857][flwr][DEBUG] - fit_round 2: strategy sampled 5 clients (out of 10)
[2025-12-09 00:17:48,905][flwr][DEBUG] - fit_round 2 received 5 results and 0 failures
[2025-12-09 00:17:50,347][flwr][INFO] - fit progress: (2, 63.17588382959366, {'accuracy': 0.8001}, 41.646376791002695)
[2025-12-09 00:17:50,347][flwr][DEBUG] - evaluate_round 2: strategy sampled 10 clients (out of 10)
[2025-12-09 00:17:51,202][flwr][DEBUG] - evaluate_round 2 received 10 results and 0 failures
[2025-12-09 00:17:51,202][flwr][DEBUG] - fit_round 3: strategy sampled 5 clients (out of 10)
[2025-12-09 00:18:09,065][flwr][DEBUG] - fit_round 3 received 5 results and 0 failures
[2025-12-09 00:18:10,395][flwr][INFO] - fit progress: (3, 60.31676521897316, {'accuracy': 0.8569}, 61.69407312502153)
[2025-12-09 00:18:10,395][flwr][DEBUG] - evaluate_round 3: strategy sampled 10 clients (out of 10)
[2025-12-09 00:18:11,139][flwr][DEBUG] - evaluate_round 3 received 10 results and 0 failures
[2025-12-09 00:18:11,140][flwr][DEBUG] - fit_round 4: strategy sampled 5 clients (out of 10)
[2025-12-09 00:18:27,876][flwr][DEBUG] - fit_round 4 received 5 results and 0 failures
[2025-12-09 00:18:29,143][flwr][INFO] - fit progress: (4, 53.765121549367905, {'accuracy': 0.8151}, 80.44213525002124)
[2025-12-09 00:18:29,143][flwr][DEBUG] - evaluate_round 4: strategy sampled 10 clients (out of 10)
[2025-12-09 00:18:29,886][flwr][DEBUG] - evaluate_round 4 received 10 results and 0 failures
[2025-12-09 00:18:29,886][flwr][DEBUG] - fit_round 5: strategy sampled 5 clients (out of 10)
[2025-12-09 00:18:47,822][flwr][DEBUG] - fit_round 5 received 5 results and 0 failures
[2025-12-09 00:18:49,221][flwr][INFO] - fit progress: (5, 11.756895292317495, {'accuracy': 0.9547}, 100.52004095801385)
[2025-12-09 00:18:49,221][flwr][DEBUG] - evaluate_round 5: strategy sampled 10 clients (out of 10)
[2025-12-09 00:18:50,037][flwr][DEBUG] - evaluate_round 5 received 10 results and 0 failures
[2025-12-09 00:18:50,038][flwr][DEBUG] - fit_round 6: strategy sampled 5 clients (out of 10)
[2025-12-09 00:19:08,319][flwr][DEBUG] - fit_round 6 received 5 results and 0 failures
[2025-12-09 00:19:09,633][flwr][INFO] - fit progress: (6, 6.895457181948586, {'accuracy': 0.9741}, 120.93187575001502)
[2025-12-09 00:19:09,634][flwr][DEBUG] - evaluate_round 6: strategy sampled 10 clients (out of 10)
[2025-12-09 00:19:10,840][flwr][DEBUG] - evaluate_round 6 received 10 results and 0 failures
[2025-12-09 00:19:10,841][flwr][DEBUG] - fit_round 7: strategy sampled 5 clients (out of 10)
[2025-12-09 00:19:28,334][flwr][DEBUG] - fit_round 7 received 5 results and 0 failures
[2025-12-09 00:19:29,671][flwr][INFO] - fit progress: (7, 9.239878030493855, {'accuracy': 0.9681}, 140.9689217080013)
[2025-12-09 00:19:29,671][flwr][DEBUG] - evaluate_round 7: strategy sampled 10 clients (out of 10)
[2025-12-09 00:19:30,748][flwr][DEBUG] - evaluate_round 7 received 10 results and 0 failures
[2025-12-09 00:19:30,749][flwr][DEBUG] - fit_round 8: strategy sampled 5 clients (out of 10)
[2025-12-09 00:19:48,478][flwr][DEBUG] - fit_round 8 received 5 results and 0 failures
[2025-12-09 00:19:49,843][flwr][INFO] - fit progress: (8, 5.344123822927941, {'accuracy': 0.9806}, 161.14128537499346)
[2025-12-09 00:19:49,843][flwr][DEBUG] - evaluate_round 8: strategy sampled 10 clients (out of 10)
[2025-12-09 00:19:51,045][flwr][DEBUG] - evaluate_round 8 received 10 results and 0 failures
[2025-12-09 00:19:51,045][flwr][DEBUG] - fit_round 9: strategy sampled 5 clients (out of 10)
[2025-12-09 00:20:08,625][flwr][DEBUG] - fit_round 9 received 5 results and 0 failures
[2025-12-09 00:20:10,328][flwr][INFO] - fit progress: (9, 5.892587986862054, {'accuracy': 0.9749}, 181.625770499988)
[2025-12-09 00:20:10,328][flwr][DEBUG] - evaluate_round 9: strategy sampled 10 clients (out of 10)
[2025-12-09 00:20:11,424][flwr][DEBUG] - evaluate_round 9 received 10 results and 0 failures
[2025-12-09 00:20:11,425][flwr][DEBUG] - fit_round 10: strategy sampled 5 clients (out of 10)
[2025-12-09 00:20:28,841][flwr][DEBUG] - fit_round 10 received 5 results and 0 failures
[2025-12-09 00:20:30,212][flwr][INFO] - fit progress: (10, 6.399398056699283, {'accuracy': 0.9782}, 201.50921225000639)
[2025-12-09 00:20:30,212][flwr][DEBUG] - evaluate_round 10: strategy sampled 10 clients (out of 10)
[2025-12-09 00:20:31,312][flwr][DEBUG] - evaluate_round 10 received 10 results and 0 failures
[2025-12-09 00:20:31,314][flwr][DEBUG] - fit_round 11: strategy sampled 5 clients (out of 10)
[2025-12-09 00:20:47,768][flwr][DEBUG] - fit_round 11 received 5 results and 0 failures
[2025-12-09 00:20:49,080][flwr][INFO] - fit progress: (11, 6.679170324699953, {'accuracy': 0.9742}, 220.3773004580289)
[2025-12-09 00:20:49,080][flwr][DEBUG] - evaluate_round 11: strategy sampled 10 clients (out of 10)
[2025-12-09 00:20:50,261][flwr][DEBUG] - evaluate_round 11 received 10 results and 0 failures
[2025-12-09 00:20:50,262][flwr][DEBUG] - fit_round 12: strategy sampled 5 clients (out of 10)
[2025-12-09 00:21:06,602][flwr][DEBUG] - fit_round 12 received 5 results and 0 failures
[2025-12-09 00:21:08,022][flwr][INFO] - fit progress: (12, 13.427394334226847, {'accuracy': 0.9416}, 239.31889933301136)
[2025-12-09 00:21:08,022][flwr][DEBUG] - evaluate_round 12: strategy sampled 10 clients (out of 10)
[2025-12-09 00:21:08,836][flwr][DEBUG] - evaluate_round 12 received 10 results and 0 failures
[2025-12-09 00:21:08,837][flwr][DEBUG] - fit_round 13: strategy sampled 5 clients (out of 10)
[2025-12-09 00:21:26,318][flwr][DEBUG] - fit_round 13 received 5 results and 0 failures
[2025-12-09 00:21:27,686][flwr][INFO] - fit progress: (13, 7.432486939855153, {'accuracy': 0.9712}, 258.98244812502526)
[2025-12-09 00:21:27,686][flwr][DEBUG] - evaluate_round 13: strategy sampled 10 clients (out of 10)
[2025-12-09 00:21:28,842][flwr][DEBUG] - evaluate_round 13 received 10 results and 0 failures
[2025-12-09 00:21:28,843][flwr][DEBUG] - fit_round 14: strategy sampled 5 clients (out of 10)
[2025-12-09 00:21:45,453][flwr][DEBUG] - fit_round 14 received 5 results and 0 failures
[2025-12-09 00:21:46,847][flwr][INFO] - fit progress: (14, 7.334944648842793, {'accuracy': 0.9733}, 278.14378170802956)
[2025-12-09 00:21:46,848][flwr][DEBUG] - evaluate_round 14: strategy sampled 10 clients (out of 10)
[2025-12-09 00:21:47,884][flwr][DEBUG] - evaluate_round 14 received 10 results and 0 failures
[2025-12-09 00:21:47,885][flwr][DEBUG] - fit_round 15: strategy sampled 5 clients (out of 10)
[2025-12-09 00:22:04,826][flwr][DEBUG] - fit_round 15 received 5 results and 0 failures
[2025-12-09 00:22:06,325][flwr][INFO] - fit progress: (15, 6.857233473099768, {'accuracy': 0.9754}, 297.62166100001195)
[2025-12-09 00:22:06,326][flwr][DEBUG] - evaluate_round 15: strategy sampled 10 clients (out of 10)
[2025-12-09 00:22:07,765][flwr][DEBUG] - evaluate_round 15 received 10 results and 0 failures
[2025-12-09 00:22:07,767][flwr][INFO] - FL finished in 299.0629919579951
[2025-12-09 00:22:07,767][flwr][INFO] - app_fit: losses_distributed [(1, 54.8424206607496), (2, 27.296476147164764), (3, 27.314705983004913), (4, 24.668118511240795), (5, 5.325488050026578), (6, 3.421629293800174), (7, 3.5499072174024913), (8, 2.5383377748011715), (9, 2.6689205896270067), (10, 2.4038239052068158), (11, 3.3451590252464136), (12, 6.164658106115934), (13, 3.1029022551846492), (14, 3.547684491244631), (15, 3.48843597539853)]
[2025-12-09 00:22:07,767][flwr][INFO] - app_fit: metrics_distributed_fit {}
[2025-12-09 00:22:07,767][flwr][INFO] - app_fit: metrics_distributed {}
[2025-12-09 00:22:07,767][flwr][INFO] - app_fit: losses_centralized [(0, 182.0303978919983), (1, 132.95794010162354), (2, 63.17588382959366), (3, 60.31676521897316), (4, 53.765121549367905), (5, 11.756895292317495), (6, 6.895457181948586), (7, 9.239878030493855), (8, 5.344123822927941), (9, 5.892587986862054), (10, 6.399398056699283), (11, 6.679170324699953), (12, 13.427394334226847), (13, 7.432486939855153), (14, 7.334944648842793), (15, 6.857233473099768)]
[2025-12-09 00:22:07,767][flwr][INFO] - app_fit: metrics_centralized {'accuracy': [(0, 0.1077), (1, 0.4726), (2, 0.8001), (3, 0.8569), (4, 0.8151), (5, 0.9547), (6, 0.9741), (7, 0.9681), (8, 0.9806), (9, 0.9749), (10, 0.9782), (11, 0.9742), (12, 0.9416), (13, 0.9712), (14, 0.9733), (15, 0.9754)]}
