[2026-01-13 02:00:50,495][flwr][INFO] - Starting Flower simulation, config: ServerConfig(num_rounds=100, round_timeout=None)
[2026-01-13 02:00:55,503][flwr][INFO] - Flower VCE: Ray initialized with resources: {'memory': 11730525799.0, 'object_store_memory': 2147483648.0, 'CPU': 10.0, 'node:127.0.0.1': 1.0}
[2026-01-13 02:00:55,504][flwr][INFO] - Initializing global parameters
[2026-01-13 02:00:55,504][flwr][INFO] - Using initial parameters provided by strategy
[2026-01-13 02:00:55,504][flwr][INFO] - Evaluating initial parameters
[2026-01-13 02:00:55,597][flwr][INFO] - initial parameters (loss, other metrics): 277.53169560432434, {'accuracy': 0.507}
[2026-01-13 02:00:55,597][flwr][INFO] - FL starting
[2026-01-13 02:00:55,597][flwr][DEBUG] - fit_round 1: strategy sampled 20 clients (out of 20)
[2026-01-13 02:01:00,511][flwr][DEBUG] - fit_round 1 received 20 results and 0 failures
[2026-01-13 02:01:00,519][flwr][WARNING] - No fit_metrics_aggregation_fn provided
[2026-01-13 02:01:00,577][flwr][INFO] - fit progress: (1, 237.35705548524857, {'accuracy': 0.591}, 4.980279250012245)
[2026-01-13 02:01:00,578][flwr][DEBUG] - evaluate_round 1: strategy sampled 20 clients (out of 20)
[2026-01-13 02:01:00,675][flwr][DEBUG] - evaluate_round 1 received 20 results and 0 failures
[2026-01-13 02:01:00,675][flwr][WARNING] - No evaluate_metrics_aggregation_fn provided
[2026-01-13 02:01:00,676][flwr][DEBUG] - fit_round 2: strategy sampled 20 clients (out of 20)
[2026-01-13 02:01:01,384][flwr][DEBUG] - fit_round 2 received 20 results and 0 failures
[2026-01-13 02:01:01,439][flwr][INFO] - fit progress: (2, 193.01972590386868, {'accuracy': 0.608}, 5.841899833001662)
[2026-01-13 02:01:01,439][flwr][DEBUG] - evaluate_round 2: strategy sampled 20 clients (out of 20)
[2026-01-13 02:01:01,507][flwr][DEBUG] - evaluate_round 2 received 20 results and 0 failures
[2026-01-13 02:01:01,507][flwr][DEBUG] - fit_round 3: strategy sampled 20 clients (out of 20)
[2026-01-13 02:01:02,258][flwr][DEBUG] - fit_round 3 received 20 results and 0 failures
[2026-01-13 02:01:02,328][flwr][INFO] - fit progress: (3, 179.00991697609425, {'accuracy': 0.6095}, 6.731388582993532)
[2026-01-13 02:01:02,329][flwr][DEBUG] - evaluate_round 3: strategy sampled 20 clients (out of 20)
[2026-01-13 02:01:02,394][flwr][DEBUG] - evaluate_round 3 received 20 results and 0 failures
[2026-01-13 02:01:02,394][flwr][DEBUG] - fit_round 4: strategy sampled 20 clients (out of 20)
[2026-01-13 02:01:03,146][flwr][DEBUG] - fit_round 4 received 20 results and 0 failures
[2026-01-13 02:01:03,201][flwr][INFO] - fit progress: (4, 173.5541831254959, {'accuracy': 0.544}, 7.603830458014272)
[2026-01-13 02:01:03,201][flwr][DEBUG] - evaluate_round 4: strategy sampled 20 clients (out of 20)
[2026-01-13 02:01:03,262][flwr][DEBUG] - evaluate_round 4 received 20 results and 0 failures
[2026-01-13 02:01:03,262][flwr][DEBUG] - fit_round 5: strategy sampled 20 clients (out of 20)
[2026-01-13 02:01:03,959][flwr][DEBUG] - fit_round 5 received 20 results and 0 failures
[2026-01-13 02:01:04,014][flwr][INFO] - fit progress: (5, 170.65454882383347, {'accuracy': 0.519}, 8.416591292014346)
[2026-01-13 02:01:04,014][flwr][DEBUG] - evaluate_round 5: strategy sampled 20 clients (out of 20)
[2026-01-13 02:01:04,075][flwr][DEBUG] - evaluate_round 5 received 20 results and 0 failures
[2026-01-13 02:01:04,075][flwr][DEBUG] - fit_round 6: strategy sampled 20 clients (out of 20)
[2026-01-13 02:01:04,991][flwr][DEBUG] - fit_round 6 received 20 results and 0 failures
[2026-01-13 02:01:05,055][flwr][INFO] - fit progress: (6, 168.58378285169601, {'accuracy': 0.5225}, 9.457807416998548)
[2026-01-13 02:01:05,055][flwr][DEBUG] - evaluate_round 6: strategy sampled 20 clients (out of 20)
[2026-01-13 02:01:05,210][flwr][DEBUG] - evaluate_round 6 received 20 results and 0 failures
[2026-01-13 02:01:05,210][flwr][DEBUG] - fit_round 7: strategy sampled 20 clients (out of 20)
[2026-01-13 02:01:06,893][flwr][DEBUG] - fit_round 7 received 20 results and 0 failures
[2026-01-13 02:01:06,969][flwr][INFO] - fit progress: (7, 166.8784363269806, {'accuracy': 0.523}, 11.371582749998197)
[2026-01-13 02:01:06,969][flwr][DEBUG] - evaluate_round 7: strategy sampled 20 clients (out of 20)
[2026-01-13 02:01:07,057][flwr][DEBUG] - evaluate_round 7 received 20 results and 0 failures
[2026-01-13 02:01:07,058][flwr][DEBUG] - fit_round 8: strategy sampled 20 clients (out of 20)
[2026-01-13 02:01:07,934][flwr][DEBUG] - fit_round 8 received 20 results and 0 failures
[2026-01-13 02:01:07,992][flwr][INFO] - fit progress: (8, 165.70029041171074, {'accuracy': 0.52}, 12.39509595799609)
[2026-01-13 02:01:07,992][flwr][DEBUG] - evaluate_round 8: strategy sampled 20 clients (out of 20)
[2026-01-13 02:01:08,055][flwr][DEBUG] - evaluate_round 8 received 20 results and 0 failures
[2026-01-13 02:01:08,055][flwr][DEBUG] - fit_round 9: strategy sampled 20 clients (out of 20)
[2026-01-13 02:01:08,826][flwr][DEBUG] - fit_round 9 received 20 results and 0 failures
[2026-01-13 02:01:08,882][flwr][INFO] - fit progress: (9, 164.7818248271942, {'accuracy': 0.5215}, 13.284551042015664)
[2026-01-13 02:01:08,882][flwr][DEBUG] - evaluate_round 9: strategy sampled 20 clients (out of 20)
[2026-01-13 02:01:08,948][flwr][DEBUG] - evaluate_round 9 received 20 results and 0 failures
[2026-01-13 02:01:08,948][flwr][DEBUG] - fit_round 10: strategy sampled 20 clients (out of 20)
[2026-01-13 02:01:09,673][flwr][DEBUG] - fit_round 10 received 20 results and 0 failures
[2026-01-13 02:01:09,729][flwr][INFO] - fit progress: (10, 163.59455063939095, {'accuracy': 0.52}, 14.131638167018536)
[2026-01-13 02:01:09,729][flwr][DEBUG] - evaluate_round 10: strategy sampled 20 clients (out of 20)
[2026-01-13 02:01:09,792][flwr][DEBUG] - evaluate_round 10 received 20 results and 0 failures
[2026-01-13 02:01:09,793][flwr][DEBUG] - fit_round 11: strategy sampled 20 clients (out of 20)
[2026-01-13 02:01:10,470][flwr][DEBUG] - fit_round 11 received 20 results and 0 failures
[2026-01-13 02:01:10,532][flwr][INFO] - fit progress: (11, 162.9403745830059, {'accuracy': 0.5115}, 14.934664041997166)
[2026-01-13 02:01:10,532][flwr][DEBUG] - evaluate_round 11: strategy sampled 20 clients (out of 20)
[2026-01-13 02:01:10,596][flwr][DEBUG] - evaluate_round 11 received 20 results and 0 failures
[2026-01-13 02:01:10,597][flwr][DEBUG] - fit_round 12: strategy sampled 20 clients (out of 20)
[2026-01-13 02:01:11,284][flwr][DEBUG] - fit_round 12 received 20 results and 0 failures
[2026-01-13 02:01:11,340][flwr][INFO] - fit progress: (12, 163.10736587643623, {'accuracy': 0.515}, 15.743233749992214)
[2026-01-13 02:01:11,341][flwr][DEBUG] - evaluate_round 12: strategy sampled 20 clients (out of 20)
[2026-01-13 02:01:11,400][flwr][DEBUG] - evaluate_round 12 received 20 results and 0 failures
[2026-01-13 02:01:11,400][flwr][DEBUG] - fit_round 13: strategy sampled 20 clients (out of 20)
[2026-01-13 02:01:12,364][flwr][DEBUG] - fit_round 13 received 20 results and 0 failures
[2026-01-13 02:01:12,434][flwr][INFO] - fit progress: (13, 162.33628031611443, {'accuracy': 0.507}, 16.83725458299159)
[2026-01-13 02:01:12,435][flwr][DEBUG] - evaluate_round 13: strategy sampled 20 clients (out of 20)
[2026-01-13 02:01:12,517][flwr][DEBUG] - evaluate_round 13 received 20 results and 0 failures
[2026-01-13 02:01:12,518][flwr][DEBUG] - fit_round 14: strategy sampled 20 clients (out of 20)
[2026-01-13 02:01:13,268][flwr][DEBUG] - fit_round 14 received 20 results and 0 failures
[2026-01-13 02:01:13,325][flwr][INFO] - fit progress: (14, 161.54356294870377, {'accuracy': 0.513}, 17.727791875018738)
[2026-01-13 02:01:13,325][flwr][DEBUG] - evaluate_round 14: strategy sampled 20 clients (out of 20)
[2026-01-13 02:01:13,388][flwr][DEBUG] - evaluate_round 14 received 20 results and 0 failures
[2026-01-13 02:01:13,388][flwr][DEBUG] - fit_round 15: strategy sampled 20 clients (out of 20)
[2026-01-13 02:01:14,133][flwr][DEBUG] - fit_round 15 received 20 results and 0 failures
[2026-01-13 02:01:14,189][flwr][INFO] - fit progress: (15, 161.57685562968254, {'accuracy': 0.5415}, 18.592007125000237)
[2026-01-13 02:01:14,189][flwr][DEBUG] - evaluate_round 15: strategy sampled 20 clients (out of 20)
[2026-01-13 02:01:14,249][flwr][DEBUG] - evaluate_round 15 received 20 results and 0 failures
[2026-01-13 02:01:14,249][flwr][DEBUG] - fit_round 16: strategy sampled 20 clients (out of 20)
[2026-01-13 02:01:15,040][flwr][DEBUG] - fit_round 16 received 20 results and 0 failures
[2026-01-13 02:01:15,096][flwr][INFO] - fit progress: (16, 160.83083081245422, {'accuracy': 0.5105}, 19.49855054198997)
[2026-01-13 02:01:15,096][flwr][DEBUG] - evaluate_round 16: strategy sampled 20 clients (out of 20)
[2026-01-13 02:01:15,160][flwr][DEBUG] - evaluate_round 16 received 20 results and 0 failures
[2026-01-13 02:01:15,161][flwr][DEBUG] - fit_round 17: strategy sampled 20 clients (out of 20)
[2026-01-13 02:01:15,931][flwr][DEBUG] - fit_round 17 received 20 results and 0 failures
[2026-01-13 02:01:15,985][flwr][INFO] - fit progress: (17, 160.8395259976387, {'accuracy': 0.5165}, 20.387902082991786)
[2026-01-13 02:01:15,985][flwr][DEBUG] - evaluate_round 17: strategy sampled 20 clients (out of 20)
[2026-01-13 02:01:16,045][flwr][DEBUG] - evaluate_round 17 received 20 results and 0 failures
[2026-01-13 02:01:16,045][flwr][DEBUG] - fit_round 18: strategy sampled 20 clients (out of 20)
[2026-01-13 02:01:16,706][flwr][DEBUG] - fit_round 18 received 20 results and 0 failures
[2026-01-13 02:01:16,763][flwr][INFO] - fit progress: (18, 160.82733097672462, {'accuracy': 0.5125}, 21.16561058300431)
[2026-01-13 02:01:16,763][flwr][DEBUG] - evaluate_round 18: strategy sampled 20 clients (out of 20)
[2026-01-13 02:01:16,826][flwr][DEBUG] - evaluate_round 18 received 20 results and 0 failures
[2026-01-13 02:01:16,826][flwr][DEBUG] - fit_round 19: strategy sampled 20 clients (out of 20)
[2026-01-13 02:01:17,598][flwr][DEBUG] - fit_round 19 received 20 results and 0 failures
[2026-01-13 02:01:17,655][flwr][INFO] - fit progress: (19, 160.18579277396202, {'accuracy': 0.508}, 22.058333291992312)
[2026-01-13 02:01:17,656][flwr][DEBUG] - evaluate_round 19: strategy sampled 20 clients (out of 20)
[2026-01-13 02:01:17,721][flwr][DEBUG] - evaluate_round 19 received 20 results and 0 failures
[2026-01-13 02:01:17,721][flwr][DEBUG] - fit_round 20: strategy sampled 20 clients (out of 20)
[2026-01-13 02:01:18,481][flwr][DEBUG] - fit_round 20 received 20 results and 0 failures
[2026-01-13 02:01:18,539][flwr][INFO] - fit progress: (20, 160.15876451134682, {'accuracy': 0.506}, 22.941583792009624)
[2026-01-13 02:01:18,539][flwr][DEBUG] - evaluate_round 20: strategy sampled 20 clients (out of 20)
[2026-01-13 02:01:18,609][flwr][DEBUG] - evaluate_round 20 received 20 results and 0 failures
[2026-01-13 02:01:18,609][flwr][DEBUG] - fit_round 21: strategy sampled 20 clients (out of 20)
[2026-01-13 02:01:19,309][flwr][DEBUG] - fit_round 21 received 20 results and 0 failures
[2026-01-13 02:01:19,364][flwr][INFO] - fit progress: (21, 159.69368401169777, {'accuracy': 0.5155}, 23.76694079200388)
[2026-01-13 02:01:19,364][flwr][DEBUG] - evaluate_round 21: strategy sampled 20 clients (out of 20)
[2026-01-13 02:01:19,425][flwr][DEBUG] - evaluate_round 21 received 20 results and 0 failures
[2026-01-13 02:01:19,425][flwr][DEBUG] - fit_round 22: strategy sampled 20 clients (out of 20)
[2026-01-13 02:01:20,155][flwr][DEBUG] - fit_round 22 received 20 results and 0 failures
[2026-01-13 02:01:20,209][flwr][INFO] - fit progress: (22, 159.41231101751328, {'accuracy': 0.5095}, 24.612280000001192)
[2026-01-13 02:01:20,210][flwr][DEBUG] - evaluate_round 22: strategy sampled 20 clients (out of 20)
[2026-01-13 02:01:20,273][flwr][DEBUG] - evaluate_round 22 received 20 results and 0 failures
[2026-01-13 02:01:20,274][flwr][DEBUG] - fit_round 23: strategy sampled 20 clients (out of 20)
[2026-01-13 02:01:20,993][flwr][DEBUG] - fit_round 23 received 20 results and 0 failures
[2026-01-13 02:01:21,048][flwr][INFO] - fit progress: (23, 159.18107870221138, {'accuracy': 0.5045}, 25.450672958017094)
[2026-01-13 02:01:21,048][flwr][DEBUG] - evaluate_round 23: strategy sampled 20 clients (out of 20)
[2026-01-13 02:01:21,114][flwr][DEBUG] - evaluate_round 23 received 20 results and 0 failures
[2026-01-13 02:01:21,115][flwr][DEBUG] - fit_round 24: strategy sampled 20 clients (out of 20)
[2026-01-13 02:01:21,942][flwr][DEBUG] - fit_round 24 received 20 results and 0 failures
[2026-01-13 02:01:22,001][flwr][INFO] - fit progress: (24, 158.90246087312698, {'accuracy': 0.5075}, 26.404037708009128)
[2026-01-13 02:01:22,001][flwr][DEBUG] - evaluate_round 24: strategy sampled 20 clients (out of 20)
[2026-01-13 02:01:22,063][flwr][DEBUG] - evaluate_round 24 received 20 results and 0 failures
[2026-01-13 02:01:22,064][flwr][DEBUG] - fit_round 25: strategy sampled 20 clients (out of 20)
[2026-01-13 02:01:22,740][flwr][DEBUG] - fit_round 25 received 20 results and 0 failures
[2026-01-13 02:01:22,796][flwr][INFO] - fit progress: (25, 159.07894533872604, {'accuracy': 0.5105}, 27.19899879200966)
[2026-01-13 02:01:22,796][flwr][DEBUG] - evaluate_round 25: strategy sampled 20 clients (out of 20)
[2026-01-13 02:01:22,859][flwr][DEBUG] - evaluate_round 25 received 20 results and 0 failures
[2026-01-13 02:01:22,860][flwr][DEBUG] - fit_round 26: strategy sampled 20 clients (out of 20)
[2026-01-13 02:01:23,613][flwr][DEBUG] - fit_round 26 received 20 results and 0 failures
[2026-01-13 02:01:23,669][flwr][INFO] - fit progress: (26, 159.34096744656563, {'accuracy': 0.512}, 28.07228470800328)
[2026-01-13 02:01:23,670][flwr][DEBUG] - evaluate_round 26: strategy sampled 20 clients (out of 20)
[2026-01-13 02:01:23,733][flwr][DEBUG] - evaluate_round 26 received 20 results and 0 failures
[2026-01-13 02:01:23,733][flwr][DEBUG] - fit_round 27: strategy sampled 20 clients (out of 20)
[2026-01-13 02:01:24,478][flwr][DEBUG] - fit_round 27 received 20 results and 0 failures
[2026-01-13 02:01:24,535][flwr][INFO] - fit progress: (27, 158.93596106767654, {'accuracy': 0.5315}, 28.937789832998533)
[2026-01-13 02:01:24,535][flwr][DEBUG] - evaluate_round 27: strategy sampled 20 clients (out of 20)
[2026-01-13 02:01:24,602][flwr][DEBUG] - evaluate_round 27 received 20 results and 0 failures
[2026-01-13 02:01:24,602][flwr][DEBUG] - fit_round 28: strategy sampled 20 clients (out of 20)
[2026-01-13 02:01:25,345][flwr][DEBUG] - fit_round 28 received 20 results and 0 failures
[2026-01-13 02:01:25,400][flwr][INFO] - fit progress: (28, 158.99798813462257, {'accuracy': 0.5215}, 29.80302158300765)
[2026-01-13 02:01:25,400][flwr][DEBUG] - evaluate_round 28: strategy sampled 20 clients (out of 20)
[2026-01-13 02:01:25,460][flwr][DEBUG] - evaluate_round 28 received 20 results and 0 failures
[2026-01-13 02:01:25,460][flwr][DEBUG] - fit_round 29: strategy sampled 20 clients (out of 20)
[2026-01-13 02:01:26,201][flwr][DEBUG] - fit_round 29 received 20 results and 0 failures
[2026-01-13 02:01:26,256][flwr][INFO] - fit progress: (29, 158.29239058494568, {'accuracy': 0.5065}, 30.658566958009033)
[2026-01-13 02:01:26,256][flwr][DEBUG] - evaluate_round 29: strategy sampled 20 clients (out of 20)
[2026-01-13 02:01:26,315][flwr][DEBUG] - evaluate_round 29 received 20 results and 0 failures
[2026-01-13 02:01:26,315][flwr][DEBUG] - fit_round 30: strategy sampled 20 clients (out of 20)
[2026-01-13 02:01:27,127][flwr][DEBUG] - fit_round 30 received 20 results and 0 failures
[2026-01-13 02:01:27,182][flwr][INFO] - fit progress: (30, 158.82362401485443, {'accuracy': 0.5085}, 31.584955458005425)
[2026-01-13 02:01:27,182][flwr][DEBUG] - evaluate_round 30: strategy sampled 20 clients (out of 20)
[2026-01-13 02:01:27,245][flwr][DEBUG] - evaluate_round 30 received 20 results and 0 failures
[2026-01-13 02:01:27,245][flwr][DEBUG] - fit_round 31: strategy sampled 20 clients (out of 20)
[2026-01-13 02:01:27,995][flwr][DEBUG] - fit_round 31 received 20 results and 0 failures
[2026-01-13 02:01:28,060][flwr][INFO] - fit progress: (31, 158.27526792883873, {'accuracy': 0.507}, 32.462746833014535)
[2026-01-13 02:01:28,060][flwr][DEBUG] - evaluate_round 31: strategy sampled 20 clients (out of 20)
[2026-01-13 02:01:28,125][flwr][DEBUG] - evaluate_round 31 received 20 results and 0 failures
[2026-01-13 02:01:28,126][flwr][DEBUG] - fit_round 32: strategy sampled 20 clients (out of 20)
[2026-01-13 02:01:28,867][flwr][DEBUG] - fit_round 32 received 20 results and 0 failures
[2026-01-13 02:01:28,929][flwr][INFO] - fit progress: (32, 158.0009388923645, {'accuracy': 0.5075}, 33.33176120801363)
[2026-01-13 02:01:28,929][flwr][DEBUG] - evaluate_round 32: strategy sampled 20 clients (out of 20)
[2026-01-13 02:01:29,006][flwr][DEBUG] - evaluate_round 32 received 20 results and 0 failures
[2026-01-13 02:01:29,007][flwr][DEBUG] - fit_round 33: strategy sampled 20 clients (out of 20)
[2026-01-13 02:01:29,755][flwr][DEBUG] - fit_round 33 received 20 results and 0 failures
[2026-01-13 02:01:29,812][flwr][INFO] - fit progress: (33, 158.29790353775024, {'accuracy': 0.5685}, 34.214532792015234)
[2026-01-13 02:01:29,812][flwr][DEBUG] - evaluate_round 33: strategy sampled 20 clients (out of 20)
[2026-01-13 02:01:29,872][flwr][DEBUG] - evaluate_round 33 received 20 results and 0 failures
[2026-01-13 02:01:29,873][flwr][DEBUG] - fit_round 34: strategy sampled 20 clients (out of 20)
[2026-01-13 02:01:30,830][flwr][DEBUG] - fit_round 34 received 20 results and 0 failures
[2026-01-13 02:01:30,890][flwr][INFO] - fit progress: (34, 158.1385716199875, {'accuracy': 0.5095}, 35.29322162500466)
[2026-01-13 02:01:30,891][flwr][DEBUG] - evaluate_round 34: strategy sampled 20 clients (out of 20)
[2026-01-13 02:01:30,962][flwr][DEBUG] - evaluate_round 34 received 20 results and 0 failures
[2026-01-13 02:01:30,962][flwr][DEBUG] - fit_round 35: strategy sampled 20 clients (out of 20)
[2026-01-13 02:01:31,785][flwr][DEBUG] - fit_round 35 received 20 results and 0 failures
[2026-01-13 02:01:31,843][flwr][INFO] - fit progress: (35, 158.5017285346985, {'accuracy': 0.51}, 36.245295291999355)
[2026-01-13 02:01:31,843][flwr][DEBUG] - evaluate_round 35: strategy sampled 20 clients (out of 20)
[2026-01-13 02:01:31,909][flwr][DEBUG] - evaluate_round 35 received 20 results and 0 failures
[2026-01-13 02:01:31,910][flwr][DEBUG] - fit_round 36: strategy sampled 20 clients (out of 20)
[2026-01-13 02:01:32,728][flwr][DEBUG] - fit_round 36 received 20 results and 0 failures
[2026-01-13 02:01:32,785][flwr][INFO] - fit progress: (36, 158.61693462729454, {'accuracy': 0.566}, 37.18803354201373)
[2026-01-13 02:01:32,785][flwr][DEBUG] - evaluate_round 36: strategy sampled 20 clients (out of 20)
[2026-01-13 02:01:32,851][flwr][DEBUG] - evaluate_round 36 received 20 results and 0 failures
[2026-01-13 02:01:32,851][flwr][DEBUG] - fit_round 37: strategy sampled 20 clients (out of 20)
[2026-01-13 02:01:33,575][flwr][DEBUG] - fit_round 37 received 20 results and 0 failures
[2026-01-13 02:01:33,635][flwr][INFO] - fit progress: (37, 157.713125705719, {'accuracy': 0.5085}, 38.03726599999936)
[2026-01-13 02:01:33,635][flwr][DEBUG] - evaluate_round 37: strategy sampled 20 clients (out of 20)
[2026-01-13 02:01:33,699][flwr][DEBUG] - evaluate_round 37 received 20 results and 0 failures
[2026-01-13 02:01:33,699][flwr][DEBUG] - fit_round 38: strategy sampled 20 clients (out of 20)
[2026-01-13 02:01:34,467][flwr][DEBUG] - fit_round 38 received 20 results and 0 failures
[2026-01-13 02:01:34,522][flwr][INFO] - fit progress: (38, 157.8229392170906, {'accuracy': 0.5085}, 38.92477433299064)
[2026-01-13 02:01:34,522][flwr][DEBUG] - evaluate_round 38: strategy sampled 20 clients (out of 20)
[2026-01-13 02:01:34,584][flwr][DEBUG] - evaluate_round 38 received 20 results and 0 failures
[2026-01-13 02:01:34,584][flwr][DEBUG] - fit_round 39: strategy sampled 20 clients (out of 20)
[2026-01-13 02:01:35,236][flwr][DEBUG] - fit_round 39 received 20 results and 0 failures
[2026-01-13 02:01:35,293][flwr][INFO] - fit progress: (39, 158.8143527507782, {'accuracy': 0.5865}, 39.695466250006575)
[2026-01-13 02:01:35,293][flwr][DEBUG] - evaluate_round 39: strategy sampled 20 clients (out of 20)
[2026-01-13 02:01:35,353][flwr][DEBUG] - evaluate_round 39 received 20 results and 0 failures
[2026-01-13 02:01:35,353][flwr][DEBUG] - fit_round 40: strategy sampled 20 clients (out of 20)
[2026-01-13 02:01:36,094][flwr][DEBUG] - fit_round 40 received 20 results and 0 failures
[2026-01-13 02:01:36,149][flwr][INFO] - fit progress: (40, 157.50774031877518, {'accuracy': 0.505}, 40.55165524999029)
[2026-01-13 02:01:36,149][flwr][DEBUG] - evaluate_round 40: strategy sampled 20 clients (out of 20)
[2026-01-13 02:01:36,211][flwr][DEBUG] - evaluate_round 40 received 20 results and 0 failures
[2026-01-13 02:01:36,212][flwr][DEBUG] - fit_round 41: strategy sampled 20 clients (out of 20)
[2026-01-13 02:01:37,106][flwr][DEBUG] - fit_round 41 received 20 results and 0 failures
[2026-01-13 02:01:37,174][flwr][INFO] - fit progress: (41, 157.82026806473732, {'accuracy': 0.506}, 41.576681083010044)
[2026-01-13 02:01:37,174][flwr][DEBUG] - evaluate_round 41: strategy sampled 20 clients (out of 20)
[2026-01-13 02:01:37,241][flwr][DEBUG] - evaluate_round 41 received 20 results and 0 failures
[2026-01-13 02:01:37,241][flwr][DEBUG] - fit_round 42: strategy sampled 20 clients (out of 20)
[2026-01-13 02:01:38,643][flwr][DEBUG] - fit_round 42 received 20 results and 0 failures
[2026-01-13 02:01:38,719][flwr][INFO] - fit progress: (42, 157.90025103092194, {'accuracy': 0.508}, 43.121491666999646)
[2026-01-13 02:01:38,719][flwr][DEBUG] - evaluate_round 42: strategy sampled 20 clients (out of 20)
[2026-01-13 02:01:38,815][flwr][DEBUG] - evaluate_round 42 received 20 results and 0 failures
[2026-01-13 02:01:38,816][flwr][DEBUG] - fit_round 43: strategy sampled 20 clients (out of 20)
[2026-01-13 02:01:39,855][flwr][DEBUG] - fit_round 43 received 20 results and 0 failures
[2026-01-13 02:01:39,918][flwr][INFO] - fit progress: (43, 158.29614579677582, {'accuracy': 0.569}, 44.32055649999529)
[2026-01-13 02:01:39,918][flwr][DEBUG] - evaluate_round 43: strategy sampled 20 clients (out of 20)
[2026-01-13 02:01:39,988][flwr][DEBUG] - evaluate_round 43 received 20 results and 0 failures
[2026-01-13 02:01:39,988][flwr][DEBUG] - fit_round 44: strategy sampled 20 clients (out of 20)
[2026-01-13 02:01:40,800][flwr][DEBUG] - fit_round 44 received 20 results and 0 failures
[2026-01-13 02:01:40,876][flwr][INFO] - fit progress: (44, 157.58629950881004, {'accuracy': 0.5395}, 45.2789725420007)
[2026-01-13 02:01:40,876][flwr][DEBUG] - evaluate_round 44: strategy sampled 20 clients (out of 20)
[2026-01-13 02:01:40,959][flwr][DEBUG] - evaluate_round 44 received 20 results and 0 failures
[2026-01-13 02:01:40,960][flwr][DEBUG] - fit_round 45: strategy sampled 20 clients (out of 20)
[2026-01-13 02:01:41,752][flwr][DEBUG] - fit_round 45 received 20 results and 0 failures
[2026-01-13 02:01:41,818][flwr][INFO] - fit progress: (45, 157.869963824749, {'accuracy': 0.505}, 46.220834458014)
[2026-01-13 02:01:41,818][flwr][DEBUG] - evaluate_round 45: strategy sampled 20 clients (out of 20)
[2026-01-13 02:01:41,896][flwr][DEBUG] - evaluate_round 45 received 20 results and 0 failures
[2026-01-13 02:01:41,896][flwr][DEBUG] - fit_round 46: strategy sampled 20 clients (out of 20)
[2026-01-13 02:01:42,676][flwr][DEBUG] - fit_round 46 received 20 results and 0 failures
[2026-01-13 02:01:42,736][flwr][INFO] - fit progress: (46, 157.12536957859993, {'accuracy': 0.5195}, 47.138506249990314)
[2026-01-13 02:01:42,736][flwr][DEBUG] - evaluate_round 46: strategy sampled 20 clients (out of 20)
[2026-01-13 02:01:42,808][flwr][DEBUG] - evaluate_round 46 received 20 results and 0 failures
[2026-01-13 02:01:42,808][flwr][DEBUG] - fit_round 47: strategy sampled 20 clients (out of 20)
[2026-01-13 02:01:43,619][flwr][DEBUG] - fit_round 47 received 20 results and 0 failures
[2026-01-13 02:01:43,679][flwr][INFO] - fit progress: (47, 157.0169537961483, {'accuracy': 0.511}, 48.08141754200915)
[2026-01-13 02:01:43,679][flwr][DEBUG] - evaluate_round 47: strategy sampled 20 clients (out of 20)
[2026-01-13 02:01:43,750][flwr][DEBUG] - evaluate_round 47 received 20 results and 0 failures
[2026-01-13 02:01:43,750][flwr][DEBUG] - fit_round 48: strategy sampled 20 clients (out of 20)
[2026-01-13 02:01:44,648][flwr][DEBUG] - fit_round 48 received 20 results and 0 failures
[2026-01-13 02:01:44,711][flwr][INFO] - fit progress: (48, 157.74353930354118, {'accuracy': 0.582}, 49.113642375014024)
[2026-01-13 02:01:44,711][flwr][DEBUG] - evaluate_round 48: strategy sampled 20 clients (out of 20)
[2026-01-13 02:01:44,777][flwr][DEBUG] - evaluate_round 48 received 20 results and 0 failures
[2026-01-13 02:01:44,777][flwr][DEBUG] - fit_round 49: strategy sampled 20 clients (out of 20)
[2026-01-13 02:01:45,600][flwr][DEBUG] - fit_round 49 received 20 results and 0 failures
[2026-01-13 02:01:45,660][flwr][INFO] - fit progress: (49, 157.19368886947632, {'accuracy': 0.506}, 50.06250825000461)
[2026-01-13 02:01:45,660][flwr][DEBUG] - evaluate_round 49: strategy sampled 20 clients (out of 20)
[2026-01-13 02:01:45,722][flwr][DEBUG] - evaluate_round 49 received 20 results and 0 failures
[2026-01-13 02:01:45,723][flwr][DEBUG] - fit_round 50: strategy sampled 20 clients (out of 20)
[2026-01-13 02:01:46,574][flwr][DEBUG] - fit_round 50 received 20 results and 0 failures
[2026-01-13 02:01:46,628][flwr][INFO] - fit progress: (50, 159.1396053135395, {'accuracy': 0.6045}, 51.03033624999807)
[2026-01-13 02:01:46,628][flwr][DEBUG] - evaluate_round 50: strategy sampled 20 clients (out of 20)
[2026-01-13 02:01:46,692][flwr][DEBUG] - evaluate_round 50 received 20 results and 0 failures
[2026-01-13 02:01:46,692][flwr][DEBUG] - fit_round 51: strategy sampled 20 clients (out of 20)
[2026-01-13 02:01:47,322][flwr][DEBUG] - fit_round 51 received 20 results and 0 failures
[2026-01-13 02:01:47,379][flwr][INFO] - fit progress: (51, 156.835165143013, {'accuracy': 0.536}, 51.781481375015574)
[2026-01-13 02:01:47,379][flwr][DEBUG] - evaluate_round 51: strategy sampled 20 clients (out of 20)
[2026-01-13 02:01:47,436][flwr][DEBUG] - evaluate_round 51 received 20 results and 0 failures
[2026-01-13 02:01:47,436][flwr][DEBUG] - fit_round 52: strategy sampled 20 clients (out of 20)
[2026-01-13 02:01:48,183][flwr][DEBUG] - fit_round 52 received 20 results and 0 failures
[2026-01-13 02:01:48,242][flwr][INFO] - fit progress: (52, 157.2274697124958, {'accuracy': 0.572}, 52.644356917007826)
[2026-01-13 02:01:48,242][flwr][DEBUG] - evaluate_round 52: strategy sampled 20 clients (out of 20)
[2026-01-13 02:01:48,306][flwr][DEBUG] - evaluate_round 52 received 20 results and 0 failures
[2026-01-13 02:01:48,306][flwr][DEBUG] - fit_round 53: strategy sampled 20 clients (out of 20)
[2026-01-13 02:01:49,205][flwr][DEBUG] - fit_round 53 received 20 results and 0 failures
[2026-01-13 02:01:49,259][flwr][INFO] - fit progress: (53, 157.1195686161518, {'accuracy': 0.518}, 53.6615555830067)
[2026-01-13 02:01:49,259][flwr][DEBUG] - evaluate_round 53: strategy sampled 20 clients (out of 20)
[2026-01-13 02:01:49,320][flwr][DEBUG] - evaluate_round 53 received 20 results and 0 failures
[2026-01-13 02:01:49,321][flwr][DEBUG] - fit_round 54: strategy sampled 20 clients (out of 20)
[2026-01-13 02:01:49,990][flwr][DEBUG] - fit_round 54 received 20 results and 0 failures
[2026-01-13 02:01:50,047][flwr][INFO] - fit progress: (54, 156.8754595220089, {'accuracy': 0.506}, 54.44956708300742)
[2026-01-13 02:01:50,047][flwr][DEBUG] - evaluate_round 54: strategy sampled 20 clients (out of 20)
[2026-01-13 02:01:50,108][flwr][DEBUG] - evaluate_round 54 received 20 results and 0 failures
[2026-01-13 02:01:50,108][flwr][DEBUG] - fit_round 55: strategy sampled 20 clients (out of 20)
[2026-01-13 02:01:50,968][flwr][DEBUG] - fit_round 55 received 20 results and 0 failures
[2026-01-13 02:01:51,022][flwr][INFO] - fit progress: (55, 157.44935649633408, {'accuracy': 0.5715}, 55.42464591699536)
[2026-01-13 02:01:51,022][flwr][DEBUG] - evaluate_round 55: strategy sampled 20 clients (out of 20)
[2026-01-13 02:01:51,082][flwr][DEBUG] - evaluate_round 55 received 20 results and 0 failures
[2026-01-13 02:01:51,083][flwr][DEBUG] - fit_round 56: strategy sampled 20 clients (out of 20)
[2026-01-13 02:01:51,832][flwr][DEBUG] - fit_round 56 received 20 results and 0 failures
[2026-01-13 02:01:51,889][flwr][INFO] - fit progress: (56, 157.80132165551186, {'accuracy': 0.5805}, 56.29160229201079)
[2026-01-13 02:01:51,889][flwr][DEBUG] - evaluate_round 56: strategy sampled 20 clients (out of 20)
[2026-01-13 02:01:51,949][flwr][DEBUG] - evaluate_round 56 received 20 results and 0 failures
[2026-01-13 02:01:51,954][flwr][DEBUG] - fit_round 57: strategy sampled 20 clients (out of 20)
[2026-01-13 02:01:52,630][flwr][DEBUG] - fit_round 57 received 20 results and 0 failures
[2026-01-13 02:01:52,685][flwr][INFO] - fit progress: (57, 156.98158267140388, {'accuracy': 0.506}, 57.08741008301149)
[2026-01-13 02:01:52,685][flwr][DEBUG] - evaluate_round 57: strategy sampled 20 clients (out of 20)
[2026-01-13 02:01:52,747][flwr][DEBUG] - evaluate_round 57 received 20 results and 0 failures
[2026-01-13 02:01:52,748][flwr][DEBUG] - fit_round 58: strategy sampled 20 clients (out of 20)
[2026-01-13 02:01:53,447][flwr][DEBUG] - fit_round 58 received 20 results and 0 failures
[2026-01-13 02:01:53,502][flwr][INFO] - fit progress: (58, 157.23625019192696, {'accuracy': 0.5525}, 57.904402457992546)
[2026-01-13 02:01:53,502][flwr][DEBUG] - evaluate_round 58: strategy sampled 20 clients (out of 20)
[2026-01-13 02:01:53,560][flwr][DEBUG] - evaluate_round 58 received 20 results and 0 failures
[2026-01-13 02:01:53,560][flwr][DEBUG] - fit_round 59: strategy sampled 20 clients (out of 20)
[2026-01-13 02:01:54,370][flwr][DEBUG] - fit_round 59 received 20 results and 0 failures
[2026-01-13 02:01:54,434][flwr][INFO] - fit progress: (59, 156.90302142500877, {'accuracy': 0.568}, 58.836519000004046)
[2026-01-13 02:01:54,434][flwr][DEBUG] - evaluate_round 59: strategy sampled 20 clients (out of 20)
[2026-01-13 02:01:54,525][flwr][DEBUG] - evaluate_round 59 received 20 results and 0 failures
[2026-01-13 02:01:54,525][flwr][DEBUG] - fit_round 60: strategy sampled 20 clients (out of 20)
[2026-01-13 02:01:55,338][flwr][DEBUG] - fit_round 60 received 20 results and 0 failures
[2026-01-13 02:01:55,394][flwr][INFO] - fit progress: (60, 157.53970739245415, {'accuracy': 0.5405}, 59.79673908301629)
[2026-01-13 02:01:55,394][flwr][DEBUG] - evaluate_round 60: strategy sampled 20 clients (out of 20)
[2026-01-13 02:01:55,455][flwr][DEBUG] - evaluate_round 60 received 20 results and 0 failures
[2026-01-13 02:01:55,455][flwr][DEBUG] - fit_round 61: strategy sampled 20 clients (out of 20)
[2026-01-13 02:01:56,349][flwr][DEBUG] - fit_round 61 received 20 results and 0 failures
[2026-01-13 02:01:56,416][flwr][INFO] - fit progress: (61, 156.92445701360703, {'accuracy': 0.5855}, 60.81832366701565)
[2026-01-13 02:01:56,416][flwr][DEBUG] - evaluate_round 61: strategy sampled 20 clients (out of 20)
[2026-01-13 02:01:56,481][flwr][DEBUG] - evaluate_round 61 received 20 results and 0 failures
[2026-01-13 02:01:56,482][flwr][DEBUG] - fit_round 62: strategy sampled 20 clients (out of 20)
[2026-01-13 02:01:57,282][flwr][DEBUG] - fit_round 62 received 20 results and 0 failures
[2026-01-13 02:01:57,352][flwr][INFO] - fit progress: (62, 156.3682954609394, {'accuracy': 0.5085}, 61.754399666999234)
[2026-01-13 02:01:57,352][flwr][DEBUG] - evaluate_round 62: strategy sampled 20 clients (out of 20)
[2026-01-13 02:01:57,418][flwr][DEBUG] - evaluate_round 62 received 20 results and 0 failures
[2026-01-13 02:01:57,418][flwr][DEBUG] - fit_round 63: strategy sampled 20 clients (out of 20)
[2026-01-13 02:01:58,229][flwr][DEBUG] - fit_round 63 received 20 results and 0 failures
[2026-01-13 02:01:58,289][flwr][INFO] - fit progress: (63, 157.40433818101883, {'accuracy': 0.5495}, 62.69116787501844)
[2026-01-13 02:01:58,289][flwr][DEBUG] - evaluate_round 63: strategy sampled 20 clients (out of 20)
[2026-01-13 02:01:58,351][flwr][DEBUG] - evaluate_round 63 received 20 results and 0 failures
[2026-01-13 02:01:58,351][flwr][DEBUG] - fit_round 64: strategy sampled 20 clients (out of 20)
[2026-01-13 02:01:59,240][flwr][DEBUG] - fit_round 64 received 20 results and 0 failures
[2026-01-13 02:01:59,299][flwr][INFO] - fit progress: (64, 155.87886050343513, {'accuracy': 0.5065}, 63.70123429200612)
[2026-01-13 02:01:59,299][flwr][DEBUG] - evaluate_round 64: strategy sampled 20 clients (out of 20)
[2026-01-13 02:01:59,366][flwr][DEBUG] - evaluate_round 64 received 20 results and 0 failures
[2026-01-13 02:01:59,366][flwr][DEBUG] - fit_round 65: strategy sampled 20 clients (out of 20)
[2026-01-13 02:02:00,329][flwr][DEBUG] - fit_round 65 received 20 results and 0 failures
[2026-01-13 02:02:00,390][flwr][INFO] - fit progress: (65, 157.49342069029808, {'accuracy': 0.5075}, 64.79304899999988)
[2026-01-13 02:02:00,391][flwr][DEBUG] - evaluate_round 65: strategy sampled 20 clients (out of 20)
[2026-01-13 02:02:00,479][flwr][DEBUG] - evaluate_round 65 received 20 results and 0 failures
[2026-01-13 02:02:00,480][flwr][DEBUG] - fit_round 66: strategy sampled 20 clients (out of 20)
[2026-01-13 02:02:01,420][flwr][DEBUG] - fit_round 66 received 20 results and 0 failures
[2026-01-13 02:02:01,485][flwr][INFO] - fit progress: (66, 157.5493120253086, {'accuracy': 0.5955}, 65.88763733301312)
[2026-01-13 02:02:01,485][flwr][DEBUG] - evaluate_round 66: strategy sampled 20 clients (out of 20)
[2026-01-13 02:02:01,557][flwr][DEBUG] - evaluate_round 66 received 20 results and 0 failures
[2026-01-13 02:02:01,558][flwr][DEBUG] - fit_round 67: strategy sampled 20 clients (out of 20)
[2026-01-13 02:02:02,483][flwr][DEBUG] - fit_round 67 received 20 results and 0 failures
[2026-01-13 02:02:02,543][flwr][INFO] - fit progress: (67, 155.92504128813744, {'accuracy': 0.524}, 66.94601629200042)
[2026-01-13 02:02:02,544][flwr][DEBUG] - evaluate_round 67: strategy sampled 20 clients (out of 20)
[2026-01-13 02:02:02,607][flwr][DEBUG] - evaluate_round 67 received 20 results and 0 failures
[2026-01-13 02:02:02,608][flwr][DEBUG] - fit_round 68: strategy sampled 20 clients (out of 20)
[2026-01-13 02:02:03,416][flwr][DEBUG] - fit_round 68 received 20 results and 0 failures
[2026-01-13 02:02:03,474][flwr][INFO] - fit progress: (68, 156.85642462968826, {'accuracy': 0.5735}, 67.87665704201208)
[2026-01-13 02:02:03,474][flwr][DEBUG] - evaluate_round 68: strategy sampled 20 clients (out of 20)
[2026-01-13 02:02:03,537][flwr][DEBUG] - evaluate_round 68 received 20 results and 0 failures
[2026-01-13 02:02:03,538][flwr][DEBUG] - fit_round 69: strategy sampled 20 clients (out of 20)
[2026-01-13 02:02:04,392][flwr][DEBUG] - fit_round 69 received 20 results and 0 failures
[2026-01-13 02:02:04,451][flwr][INFO] - fit progress: (69, 156.82333958148956, {'accuracy': 0.509}, 68.85361216700403)
[2026-01-13 02:02:04,451][flwr][DEBUG] - evaluate_round 69: strategy sampled 20 clients (out of 20)
[2026-01-13 02:02:04,512][flwr][DEBUG] - evaluate_round 69 received 20 results and 0 failures
[2026-01-13 02:02:04,513][flwr][DEBUG] - fit_round 70: strategy sampled 20 clients (out of 20)
[2026-01-13 02:02:05,231][flwr][DEBUG] - fit_round 70 received 20 results and 0 failures
[2026-01-13 02:02:05,285][flwr][INFO] - fit progress: (70, 155.64285817742348, {'accuracy': 0.5055}, 69.6880504169967)
[2026-01-13 02:02:05,286][flwr][DEBUG] - evaluate_round 70: strategy sampled 20 clients (out of 20)
[2026-01-13 02:02:05,343][flwr][DEBUG] - evaluate_round 70 received 20 results and 0 failures
[2026-01-13 02:02:05,344][flwr][DEBUG] - fit_round 71: strategy sampled 20 clients (out of 20)
[2026-01-13 02:02:06,136][flwr][DEBUG] - fit_round 71 received 20 results and 0 failures
[2026-01-13 02:02:06,191][flwr][INFO] - fit progress: (71, 155.75041341781616, {'accuracy': 0.5645}, 70.5938517920149)
[2026-01-13 02:02:06,191][flwr][DEBUG] - evaluate_round 71: strategy sampled 20 clients (out of 20)
[2026-01-13 02:02:06,251][flwr][DEBUG] - evaluate_round 71 received 20 results and 0 failures
[2026-01-13 02:02:06,251][flwr][DEBUG] - fit_round 72: strategy sampled 20 clients (out of 20)
[2026-01-13 02:02:07,114][flwr][DEBUG] - fit_round 72 received 20 results and 0 failures
[2026-01-13 02:02:07,171][flwr][INFO] - fit progress: (72, 156.45765686035156, {'accuracy': 0.506}, 71.57363054199959)
[2026-01-13 02:02:07,171][flwr][DEBUG] - evaluate_round 72: strategy sampled 20 clients (out of 20)
[2026-01-13 02:02:07,230][flwr][DEBUG] - evaluate_round 72 received 20 results and 0 failures
[2026-01-13 02:02:07,230][flwr][DEBUG] - fit_round 73: strategy sampled 20 clients (out of 20)
[2026-01-13 02:02:08,035][flwr][DEBUG] - fit_round 73 received 20 results and 0 failures
[2026-01-13 02:02:08,096][flwr][INFO] - fit progress: (73, 156.2623626589775, {'accuracy': 0.515}, 72.49847579200286)
[2026-01-13 02:02:08,096][flwr][DEBUG] - evaluate_round 73: strategy sampled 20 clients (out of 20)
[2026-01-13 02:02:08,179][flwr][DEBUG] - evaluate_round 73 received 20 results and 0 failures
[2026-01-13 02:02:08,180][flwr][DEBUG] - fit_round 74: strategy sampled 20 clients (out of 20)
[2026-01-13 02:02:09,071][flwr][DEBUG] - fit_round 74 received 20 results and 0 failures
[2026-01-13 02:02:09,132][flwr][INFO] - fit progress: (74, 156.26616197824478, {'accuracy': 0.556}, 73.53476249999949)
[2026-01-13 02:02:09,132][flwr][DEBUG] - evaluate_round 74: strategy sampled 20 clients (out of 20)
[2026-01-13 02:02:09,192][flwr][DEBUG] - evaluate_round 74 received 20 results and 0 failures
[2026-01-13 02:02:09,192][flwr][DEBUG] - fit_round 75: strategy sampled 20 clients (out of 20)
[2026-01-13 02:02:09,913][flwr][DEBUG] - fit_round 75 received 20 results and 0 failures
[2026-01-13 02:02:09,977][flwr][INFO] - fit progress: (75, 155.7344170808792, {'accuracy': 0.506}, 74.37940129201161)
[2026-01-13 02:02:09,977][flwr][DEBUG] - evaluate_round 75: strategy sampled 20 clients (out of 20)
[2026-01-13 02:02:10,045][flwr][DEBUG] - evaluate_round 75 received 20 results and 0 failures
[2026-01-13 02:02:10,046][flwr][DEBUG] - fit_round 76: strategy sampled 20 clients (out of 20)
[2026-01-13 02:02:11,134][flwr][DEBUG] - fit_round 76 received 20 results and 0 failures
[2026-01-13 02:02:11,192][flwr][INFO] - fit progress: (76, 157.9449304640293, {'accuracy': 0.6225}, 75.59486937499605)
[2026-01-13 02:02:11,193][flwr][DEBUG] - evaluate_round 76: strategy sampled 20 clients (out of 20)
[2026-01-13 02:02:11,260][flwr][DEBUG] - evaluate_round 76 received 20 results and 0 failures
[2026-01-13 02:02:11,261][flwr][DEBUG] - fit_round 77: strategy sampled 20 clients (out of 20)
[2026-01-13 02:02:12,047][flwr][DEBUG] - fit_round 77 received 20 results and 0 failures
[2026-01-13 02:02:12,102][flwr][INFO] - fit progress: (77, 155.89213520288467, {'accuracy': 0.5075}, 76.50459945801413)
[2026-01-13 02:02:12,102][flwr][DEBUG] - evaluate_round 77: strategy sampled 20 clients (out of 20)
[2026-01-13 02:02:12,161][flwr][DEBUG] - evaluate_round 77 received 20 results and 0 failures
[2026-01-13 02:02:12,161][flwr][DEBUG] - fit_round 78: strategy sampled 20 clients (out of 20)
[2026-01-13 02:02:12,974][flwr][DEBUG] - fit_round 78 received 20 results and 0 failures
[2026-01-13 02:02:13,035][flwr][INFO] - fit progress: (78, 156.34098994731903, {'accuracy': 0.5885}, 77.43757170799654)
[2026-01-13 02:02:13,035][flwr][DEBUG] - evaluate_round 78: strategy sampled 20 clients (out of 20)
[2026-01-13 02:02:13,096][flwr][DEBUG] - evaluate_round 78 received 20 results and 0 failures
[2026-01-13 02:02:13,097][flwr][DEBUG] - fit_round 79: strategy sampled 20 clients (out of 20)
[2026-01-13 02:02:13,929][flwr][DEBUG] - fit_round 79 received 20 results and 0 failures
[2026-01-13 02:02:13,993][flwr][INFO] - fit progress: (79, 155.62523886561394, {'accuracy': 0.505}, 78.39596300001722)
[2026-01-13 02:02:13,994][flwr][DEBUG] - evaluate_round 79: strategy sampled 20 clients (out of 20)
[2026-01-13 02:02:14,064][flwr][DEBUG] - evaluate_round 79 received 20 results and 0 failures
[2026-01-13 02:02:14,064][flwr][DEBUG] - fit_round 80: strategy sampled 20 clients (out of 20)
[2026-01-13 02:02:14,850][flwr][DEBUG] - fit_round 80 received 20 results and 0 failures
[2026-01-13 02:02:14,910][flwr][INFO] - fit progress: (80, 158.71398201584816, {'accuracy': 0.625}, 79.31250933301635)
[2026-01-13 02:02:14,910][flwr][DEBUG] - evaluate_round 80: strategy sampled 20 clients (out of 20)
[2026-01-13 02:02:14,971][flwr][DEBUG] - evaluate_round 80 received 20 results and 0 failures
[2026-01-13 02:02:14,971][flwr][DEBUG] - fit_round 81: strategy sampled 20 clients (out of 20)
[2026-01-13 02:02:15,677][flwr][DEBUG] - fit_round 81 received 20 results and 0 failures
[2026-01-13 02:02:15,731][flwr][INFO] - fit progress: (81, 155.84217590093613, {'accuracy': 0.507}, 80.13370999999461)
[2026-01-13 02:02:15,731][flwr][DEBUG] - evaluate_round 81: strategy sampled 20 clients (out of 20)
[2026-01-13 02:02:15,793][flwr][DEBUG] - evaluate_round 81 received 20 results and 0 failures
[2026-01-13 02:02:15,793][flwr][DEBUG] - fit_round 82: strategy sampled 20 clients (out of 20)
[2026-01-13 02:02:16,615][flwr][DEBUG] - fit_round 82 received 20 results and 0 failures
[2026-01-13 02:02:16,669][flwr][INFO] - fit progress: (82, 156.7833127975464, {'accuracy': 0.509}, 81.07201437500771)
[2026-01-13 02:02:16,670][flwr][DEBUG] - evaluate_round 82: strategy sampled 20 clients (out of 20)
[2026-01-13 02:02:16,734][flwr][DEBUG] - evaluate_round 82 received 20 results and 0 failures
[2026-01-13 02:02:16,734][flwr][DEBUG] - fit_round 83: strategy sampled 20 clients (out of 20)
[2026-01-13 02:02:17,684][flwr][DEBUG] - fit_round 83 received 20 results and 0 failures
[2026-01-13 02:02:17,750][flwr][INFO] - fit progress: (83, 156.2738015651703, {'accuracy': 0.505}, 82.15248379201512)
[2026-01-13 02:02:17,750][flwr][DEBUG] - evaluate_round 83: strategy sampled 20 clients (out of 20)
[2026-01-13 02:02:17,825][flwr][DEBUG] - evaluate_round 83 received 20 results and 0 failures
[2026-01-13 02:02:17,826][flwr][DEBUG] - fit_round 84: strategy sampled 20 clients (out of 20)
[2026-01-13 02:02:18,875][flwr][DEBUG] - fit_round 84 received 20 results and 0 failures
[2026-01-13 02:02:18,938][flwr][INFO] - fit progress: (84, 155.75995936989784, {'accuracy': 0.5045}, 83.34100279200356)
[2026-01-13 02:02:18,939][flwr][DEBUG] - evaluate_round 84: strategy sampled 20 clients (out of 20)
[2026-01-13 02:02:19,004][flwr][DEBUG] - evaluate_round 84 received 20 results and 0 failures
[2026-01-13 02:02:19,004][flwr][DEBUG] - fit_round 85: strategy sampled 20 clients (out of 20)
[2026-01-13 02:02:19,863][flwr][DEBUG] - fit_round 85 received 20 results and 0 failures
[2026-01-13 02:02:19,944][flwr][INFO] - fit progress: (85, 155.09692269563675, {'accuracy': 0.5065}, 84.34656000000541)
[2026-01-13 02:02:19,944][flwr][DEBUG] - evaluate_round 85: strategy sampled 20 clients (out of 20)
[2026-01-13 02:02:20,009][flwr][DEBUG] - evaluate_round 85 received 20 results and 0 failures
[2026-01-13 02:02:20,009][flwr][DEBUG] - fit_round 86: strategy sampled 20 clients (out of 20)
[2026-01-13 02:02:20,885][flwr][DEBUG] - fit_round 86 received 20 results and 0 failures
[2026-01-13 02:02:20,950][flwr][INFO] - fit progress: (86, 157.1474947333336, {'accuracy': 0.513}, 85.35250145799364)
[2026-01-13 02:02:20,950][flwr][DEBUG] - evaluate_round 86: strategy sampled 20 clients (out of 20)
[2026-01-13 02:02:21,012][flwr][DEBUG] - evaluate_round 86 received 20 results and 0 failures
[2026-01-13 02:02:21,012][flwr][DEBUG] - fit_round 87: strategy sampled 20 clients (out of 20)
[2026-01-13 02:02:21,713][flwr][DEBUG] - fit_round 87 received 20 results and 0 failures
[2026-01-13 02:02:21,784][flwr][INFO] - fit progress: (87, 155.95987391471863, {'accuracy': 0.5065}, 86.18637629199657)
[2026-01-13 02:02:21,784][flwr][DEBUG] - evaluate_round 87: strategy sampled 20 clients (out of 20)
[2026-01-13 02:02:21,878][flwr][DEBUG] - evaluate_round 87 received 20 results and 0 failures
[2026-01-13 02:02:21,878][flwr][DEBUG] - fit_round 88: strategy sampled 20 clients (out of 20)
[2026-01-13 02:02:22,868][flwr][DEBUG] - fit_round 88 received 20 results and 0 failures
[2026-01-13 02:02:22,934][flwr][INFO] - fit progress: (88, 157.51788958907127, {'accuracy': 0.627}, 87.33671233299538)
[2026-01-13 02:02:22,934][flwr][DEBUG] - evaluate_round 88: strategy sampled 20 clients (out of 20)
[2026-01-13 02:02:23,010][flwr][DEBUG] - evaluate_round 88 received 20 results and 0 failures
[2026-01-13 02:02:23,010][flwr][DEBUG] - fit_round 89: strategy sampled 20 clients (out of 20)
[2026-01-13 02:02:24,155][flwr][DEBUG] - fit_round 89 received 20 results and 0 failures
[2026-01-13 02:02:24,294][flwr][INFO] - fit progress: (89, 156.89475896954536, {'accuracy': 0.5605}, 88.69626191700809)
[2026-01-13 02:02:24,294][flwr][DEBUG] - evaluate_round 89: strategy sampled 20 clients (out of 20)
[2026-01-13 02:02:24,984][flwr][DEBUG] - evaluate_round 89 received 20 results and 0 failures
[2026-01-13 02:02:24,985][flwr][DEBUG] - fit_round 90: strategy sampled 20 clients (out of 20)
[2026-01-13 02:02:26,191][flwr][DEBUG] - fit_round 90 received 20 results and 0 failures
[2026-01-13 02:02:26,260][flwr][INFO] - fit progress: (90, 156.20253977179527, {'accuracy': 0.507}, 90.66223025001818)
[2026-01-13 02:02:26,260][flwr][DEBUG] - evaluate_round 90: strategy sampled 20 clients (out of 20)
[2026-01-13 02:02:26,329][flwr][DEBUG] - evaluate_round 90 received 20 results and 0 failures
[2026-01-13 02:02:26,330][flwr][DEBUG] - fit_round 91: strategy sampled 20 clients (out of 20)
[2026-01-13 02:02:27,192][flwr][DEBUG] - fit_round 91 received 20 results and 0 failures
[2026-01-13 02:02:27,256][flwr][INFO] - fit progress: (91, 155.41398015618324, {'accuracy': 0.534}, 91.65809833299136)
[2026-01-13 02:02:27,256][flwr][DEBUG] - evaluate_round 91: strategy sampled 20 clients (out of 20)
[2026-01-13 02:02:27,319][flwr][DEBUG] - evaluate_round 91 received 20 results and 0 failures
[2026-01-13 02:02:27,320][flwr][DEBUG] - fit_round 92: strategy sampled 20 clients (out of 20)
[2026-01-13 02:02:28,172][flwr][DEBUG] - fit_round 92 received 20 results and 0 failures
[2026-01-13 02:02:28,298][flwr][INFO] - fit progress: (92, 155.72495245933533, {'accuracy': 0.506}, 92.70056266701431)
[2026-01-13 02:02:28,298][flwr][DEBUG] - evaluate_round 92: strategy sampled 20 clients (out of 20)
[2026-01-13 02:02:28,374][flwr][DEBUG] - evaluate_round 92 received 20 results and 0 failures
[2026-01-13 02:02:28,374][flwr][DEBUG] - fit_round 93: strategy sampled 20 clients (out of 20)
[2026-01-13 02:02:29,166][flwr][DEBUG] - fit_round 93 received 20 results and 0 failures
[2026-01-13 02:02:29,244][flwr][INFO] - fit progress: (93, 155.27873376011848, {'accuracy': 0.5045}, 93.64666545801447)
[2026-01-13 02:02:29,244][flwr][DEBUG] - evaluate_round 93: strategy sampled 20 clients (out of 20)
[2026-01-13 02:02:29,311][flwr][DEBUG] - evaluate_round 93 received 20 results and 0 failures
[2026-01-13 02:02:29,312][flwr][DEBUG] - fit_round 94: strategy sampled 20 clients (out of 20)
[2026-01-13 02:02:30,122][flwr][DEBUG] - fit_round 94 received 20 results and 0 failures
[2026-01-13 02:02:30,179][flwr][INFO] - fit progress: (94, 155.63595461845398, {'accuracy': 0.507}, 94.58138666700688)
[2026-01-13 02:02:30,179][flwr][DEBUG] - evaluate_round 94: strategy sampled 20 clients (out of 20)
[2026-01-13 02:02:30,256][flwr][DEBUG] - evaluate_round 94 received 20 results and 0 failures
[2026-01-13 02:02:30,256][flwr][DEBUG] - fit_round 95: strategy sampled 20 clients (out of 20)
[2026-01-13 02:02:30,935][flwr][DEBUG] - fit_round 95 received 20 results and 0 failures
[2026-01-13 02:02:30,997][flwr][INFO] - fit progress: (95, 155.40188878774643, {'accuracy': 0.509}, 95.3997364579991)
[2026-01-13 02:02:30,997][flwr][DEBUG] - evaluate_round 95: strategy sampled 20 clients (out of 20)
[2026-01-13 02:02:31,070][flwr][DEBUG] - evaluate_round 95 received 20 results and 0 failures
[2026-01-13 02:02:31,070][flwr][DEBUG] - fit_round 96: strategy sampled 20 clients (out of 20)
[2026-01-13 02:02:31,884][flwr][DEBUG] - fit_round 96 received 20 results and 0 failures
[2026-01-13 02:02:31,951][flwr][INFO] - fit progress: (96, 155.5349926352501, {'accuracy': 0.501}, 96.35382658301387)
[2026-01-13 02:02:31,952][flwr][DEBUG] - evaluate_round 96: strategy sampled 20 clients (out of 20)
[2026-01-13 02:02:32,020][flwr][DEBUG] - evaluate_round 96 received 20 results and 0 failures
[2026-01-13 02:02:32,020][flwr][DEBUG] - fit_round 97: strategy sampled 20 clients (out of 20)
[2026-01-13 02:02:32,798][flwr][DEBUG] - fit_round 97 received 20 results and 0 failures
[2026-01-13 02:02:32,856][flwr][INFO] - fit progress: (97, 156.2248398065567, {'accuracy': 0.5825}, 97.25837191700703)
[2026-01-13 02:02:32,856][flwr][DEBUG] - evaluate_round 97: strategy sampled 20 clients (out of 20)
[2026-01-13 02:02:32,934][flwr][DEBUG] - evaluate_round 97 received 20 results and 0 failures
[2026-01-13 02:02:32,935][flwr][DEBUG] - fit_round 98: strategy sampled 20 clients (out of 20)
[2026-01-13 02:02:33,701][flwr][DEBUG] - fit_round 98 received 20 results and 0 failures
[2026-01-13 02:02:33,762][flwr][INFO] - fit progress: (98, 155.91467225551605, {'accuracy': 0.5545}, 98.16467716699117)
[2026-01-13 02:02:33,762][flwr][DEBUG] - evaluate_round 98: strategy sampled 20 clients (out of 20)
[2026-01-13 02:02:33,821][flwr][DEBUG] - evaluate_round 98 received 20 results and 0 failures
[2026-01-13 02:02:33,821][flwr][DEBUG] - fit_round 99: strategy sampled 20 clients (out of 20)
[2026-01-13 02:02:34,614][flwr][DEBUG] - fit_round 99 received 20 results and 0 failures
[2026-01-13 02:02:34,669][flwr][INFO] - fit progress: (99, 156.14466166496277, {'accuracy': 0.5075}, 99.07113250001566)
[2026-01-13 02:02:34,669][flwr][DEBUG] - evaluate_round 99: strategy sampled 20 clients (out of 20)
[2026-01-13 02:02:34,735][flwr][DEBUG] - evaluate_round 99 received 20 results and 0 failures
[2026-01-13 02:02:34,735][flwr][DEBUG] - fit_round 100: strategy sampled 20 clients (out of 20)
[2026-01-13 02:02:35,441][flwr][DEBUG] - fit_round 100 received 20 results and 0 failures
[2026-01-13 02:02:35,502][flwr][INFO] - fit progress: (100, 156.57442289590836, {'accuracy': 0.626}, 99.9042354169942)
[2026-01-13 02:02:35,502][flwr][DEBUG] - evaluate_round 100: strategy sampled 20 clients (out of 20)
[2026-01-13 02:02:35,569][flwr][DEBUG] - evaluate_round 100 received 20 results and 0 failures
[2026-01-13 02:02:35,569][flwr][INFO] - FL finished in 99.97165920800762
[2026-01-13 02:02:35,570][flwr][INFO] - app_fit: losses_distributed [(1, 11.271088163513046), (2, 9.67208483615401), (3, 9.566162885504895), (4, 9.616797283920329), (5, 9.54340449259018), (6, 9.523456664420872), (7, 9.304989216730581), (8, 9.30169817979692), (9, 9.221588854445924), (10, 9.206525842241902), (11, 9.4039110587504), (12, 9.072303821154813), (13, 9.273495915731905), (14, 9.24402440440888), (15, 9.072746163456799), (16, 9.274615482844453), (17, 9.127967030226186), (18, 9.104058867776194), (19, 9.26315981908051), (20, 9.197052791939434), (21, 9.14164622654129), (22, 9.154133040728516), (23, 9.266368154665278), (24, 9.176318992990689), (25, 9.077458555222224), (26, 8.992647503016714), (27, 9.003190528530649), (28, 8.960884144644165), (29, 9.201606862979562), (30, 8.985571130427568), (31, 9.213844069963393), (32, 9.186507677374273), (33, 8.915136312764117), (34, 8.976656994881244), (35, 8.974486212890241), (36, 8.838125375570865), (37, 9.008857175241635), (38, 8.995670927703047), (39, 8.774404702139966), (40, 9.02354534866923), (41, 9.051458980509356), (42, 8.933284783688004), (43, 8.804311800252792), (44, 8.857664779702711), (45, 8.989969236690905), (46, 8.918800733567283), (47, 8.924445952716486), (48, 8.780443203232808), (49, 9.042358768335934), (50, 8.667241619485717), (51, 8.893811843115524), (52, 8.812578309955876), (53, 8.851806561648846), (54, 9.020904124390812), (55, 8.769178362215698), (56, 8.730754917610291), (57, 8.847259974471351), (58, 8.775569631675435), (59, 8.780752745895079), (60, 8.750537271123358), (61, 8.744906282025342), (62, 8.85654721169332), (63, 8.726629823288105), (64, 9.037362207522273), (65, 8.855120430637005), (66, 8.660494088094328), (67, 8.831510032596867), (68, 8.724708517961329), (69, 8.817377022724578), (70, 8.920077341195592), (71, 8.830484357018378), (72, 8.83763101559611), (73, 8.770939004779194), (74, 8.740868848737058), (75, 8.93255336317936), (76, 8.550584010630013), (77, 8.864266693292384), (78, 8.699802068541835), (79, 8.994092348800692), (80, 8.535950080917202), (81, 8.870476643907624), (82, 8.765258754997946), (83, 8.842494609310974), (84, 8.926014329135086), (85, 8.98936731132715), (86, 8.701505595695373), (87, 8.886084214077648), (88, 8.529079657734773), (89, 8.675665880606495), (90, 8.78973499366691), (91, 8.791620649971776), (92, 8.794017033911617), (93, 9.03318622748279), (94, 8.807783356908313), (95, 8.793531880157287), (96, 9.271813312039695), (97, 8.652874081386202), (98, 8.694193327793196), (99, 8.761557706641085), (100, 8.583833367198539)]
[2026-01-13 02:02:35,570][flwr][INFO] - app_fit: metrics_distributed_fit {}
[2026-01-13 02:02:35,570][flwr][INFO] - app_fit: metrics_distributed {}
[2026-01-13 02:02:35,571][flwr][INFO] - app_fit: losses_centralized [(0, 277.53169560432434), (1, 237.35705548524857), (2, 193.01972590386868), (3, 179.00991697609425), (4, 173.5541831254959), (5, 170.65454882383347), (6, 168.58378285169601), (7, 166.8784363269806), (8, 165.70029041171074), (9, 164.7818248271942), (10, 163.59455063939095), (11, 162.9403745830059), (12, 163.10736587643623), (13, 162.33628031611443), (14, 161.54356294870377), (15, 161.57685562968254), (16, 160.83083081245422), (17, 160.8395259976387), (18, 160.82733097672462), (19, 160.18579277396202), (20, 160.15876451134682), (21, 159.69368401169777), (22, 159.41231101751328), (23, 159.18107870221138), (24, 158.90246087312698), (25, 159.07894533872604), (26, 159.34096744656563), (27, 158.93596106767654), (28, 158.99798813462257), (29, 158.29239058494568), (30, 158.82362401485443), (31, 158.27526792883873), (32, 158.0009388923645), (33, 158.29790353775024), (34, 158.1385716199875), (35, 158.5017285346985), (36, 158.61693462729454), (37, 157.713125705719), (38, 157.8229392170906), (39, 158.8143527507782), (40, 157.50774031877518), (41, 157.82026806473732), (42, 157.90025103092194), (43, 158.29614579677582), (44, 157.58629950881004), (45, 157.869963824749), (46, 157.12536957859993), (47, 157.0169537961483), (48, 157.74353930354118), (49, 157.19368886947632), (50, 159.1396053135395), (51, 156.835165143013), (52, 157.2274697124958), (53, 157.1195686161518), (54, 156.8754595220089), (55, 157.44935649633408), (56, 157.80132165551186), (57, 156.98158267140388), (58, 157.23625019192696), (59, 156.90302142500877), (60, 157.53970739245415), (61, 156.92445701360703), (62, 156.3682954609394), (63, 157.40433818101883), (64, 155.87886050343513), (65, 157.49342069029808), (66, 157.5493120253086), (67, 155.92504128813744), (68, 156.85642462968826), (69, 156.82333958148956), (70, 155.64285817742348), (71, 155.75041341781616), (72, 156.45765686035156), (73, 156.2623626589775), (74, 156.26616197824478), (75, 155.7344170808792), (76, 157.9449304640293), (77, 155.89213520288467), (78, 156.34098994731903), (79, 155.62523886561394), (80, 158.71398201584816), (81, 155.84217590093613), (82, 156.7833127975464), (83, 156.2738015651703), (84, 155.75995936989784), (85, 155.09692269563675), (86, 157.1474947333336), (87, 155.95987391471863), (88, 157.51788958907127), (89, 156.89475896954536), (90, 156.20253977179527), (91, 155.41398015618324), (92, 155.72495245933533), (93, 155.27873376011848), (94, 155.63595461845398), (95, 155.40188878774643), (96, 155.5349926352501), (97, 156.2248398065567), (98, 155.91467225551605), (99, 156.14466166496277), (100, 156.57442289590836)]
[2026-01-13 02:02:35,571][flwr][INFO] - app_fit: metrics_centralized {'accuracy': [(0, 0.507), (1, 0.591), (2, 0.608), (3, 0.6095), (4, 0.544), (5, 0.519), (6, 0.5225), (7, 0.523), (8, 0.52), (9, 0.5215), (10, 0.52), (11, 0.5115), (12, 0.515), (13, 0.507), (14, 0.513), (15, 0.5415), (16, 0.5105), (17, 0.5165), (18, 0.5125), (19, 0.508), (20, 0.506), (21, 0.5155), (22, 0.5095), (23, 0.5045), (24, 0.5075), (25, 0.5105), (26, 0.512), (27, 0.5315), (28, 0.5215), (29, 0.5065), (30, 0.5085), (31, 0.507), (32, 0.5075), (33, 0.5685), (34, 0.5095), (35, 0.51), (36, 0.566), (37, 0.5085), (38, 0.5085), (39, 0.5865), (40, 0.505), (41, 0.506), (42, 0.508), (43, 0.569), (44, 0.5395), (45, 0.505), (46, 0.5195), (47, 0.511), (48, 0.582), (49, 0.506), (50, 0.6045), (51, 0.536), (52, 0.572), (53, 0.518), (54, 0.506), (55, 0.5715), (56, 0.5805), (57, 0.506), (58, 0.5525), (59, 0.568), (60, 0.5405), (61, 0.5855), (62, 0.5085), (63, 0.5495), (64, 0.5065), (65, 0.5075), (66, 0.5955), (67, 0.524), (68, 0.5735), (69, 0.509), (70, 0.5055), (71, 0.5645), (72, 0.506), (73, 0.515), (74, 0.556), (75, 0.506), (76, 0.6225), (77, 0.5075), (78, 0.5885), (79, 0.505), (80, 0.625), (81, 0.507), (82, 0.509), (83, 0.505), (84, 0.5045), (85, 0.5065), (86, 0.513), (87, 0.5065), (88, 0.627), (89, 0.5605), (90, 0.507), (91, 0.534), (92, 0.506), (93, 0.5045), (94, 0.507), (95, 0.509), (96, 0.501), (97, 0.5825), (98, 0.5545), (99, 0.5075), (100, 0.626)]}
