[2026-01-13 03:05:07,362][flwr][INFO] - Starting Flower simulation, config: ServerConfig(num_rounds=5, round_timeout=None)
[2026-01-13 03:05:12,365][flwr][INFO] - Flower VCE: Ray initialized with resources: {'memory': 11933790208.0, 'CPU': 10.0, 'object_store_memory': 2147483648.0, 'node:127.0.0.1': 1.0}
[2026-01-13 03:05:12,365][flwr][INFO] - Initializing global parameters
[2026-01-13 03:05:12,365][flwr][INFO] - Using initial parameters provided by strategy
[2026-01-13 03:05:12,365][flwr][INFO] - Evaluating initial parameters
[2026-01-13 03:05:12,479][flwr][INFO] - initial parameters (loss, other metrics): 275.8148798942566, {'accuracy': 0.3415}
[2026-01-13 03:05:12,479][flwr][INFO] - FL starting
[2026-01-13 03:05:12,480][flwr][DEBUG] - fit_round 1: strategy sampled 5 clients (out of 5)
[2026-01-13 03:05:18,273][flwr][DEBUG] - fit_round 1 received 5 results and 0 failures
[2026-01-13 03:05:18,279][flwr][WARNING] - No fit_metrics_aggregation_fn provided
[2026-01-13 03:05:18,353][flwr][INFO] - fit progress: (1, 149.09659776091576, {'accuracy': 0.6485}, 5.874095708015375)
[2026-01-13 03:05:18,354][flwr][DEBUG] - evaluate_round 1: strategy sampled 5 clients (out of 5)
[2026-01-13 03:05:18,408][flwr][DEBUG] - evaluate_round 1 received 5 results and 0 failures
[2026-01-13 03:05:18,408][flwr][WARNING] - No evaluate_metrics_aggregation_fn provided
[2026-01-13 03:05:18,409][flwr][DEBUG] - fit_round 2: strategy sampled 5 clients (out of 5)
[2026-01-13 03:05:20,393][flwr][DEBUG] - fit_round 2 received 5 results and 0 failures
[2026-01-13 03:05:20,464][flwr][INFO] - fit progress: (2, 143.03502179682255, {'accuracy': 0.6645}, 7.98438987499685)
[2026-01-13 03:05:20,464][flwr][DEBUG] - evaluate_round 2: strategy sampled 5 clients (out of 5)
[2026-01-13 03:05:20,501][flwr][DEBUG] - evaluate_round 2 received 5 results and 0 failures
[2026-01-13 03:05:20,502][flwr][DEBUG] - fit_round 3: strategy sampled 5 clients (out of 5)
[2026-01-13 03:05:22,482][flwr][DEBUG] - fit_round 3 received 5 results and 0 failures
[2026-01-13 03:05:22,554][flwr][INFO] - fit progress: (3, 140.96763058006763, {'accuracy': 0.6525}, 10.074965792009607)
[2026-01-13 03:05:22,555][flwr][DEBUG] - evaluate_round 3: strategy sampled 5 clients (out of 5)
[2026-01-13 03:05:22,594][flwr][DEBUG] - evaluate_round 3 received 5 results and 0 failures
[2026-01-13 03:05:22,594][flwr][DEBUG] - fit_round 4: strategy sampled 5 clients (out of 5)
[2026-01-13 03:05:24,554][flwr][DEBUG] - fit_round 4 received 5 results and 0 failures
[2026-01-13 03:05:24,626][flwr][INFO] - fit progress: (4, 139.70904836058617, {'accuracy': 0.652}, 12.14694854200934)
[2026-01-13 03:05:24,627][flwr][DEBUG] - evaluate_round 4: strategy sampled 5 clients (out of 5)
[2026-01-13 03:05:24,662][flwr][DEBUG] - evaluate_round 4 received 5 results and 0 failures
[2026-01-13 03:05:24,662][flwr][DEBUG] - fit_round 5: strategy sampled 5 clients (out of 5)
[2026-01-13 03:05:26,639][flwr][DEBUG] - fit_round 5 received 5 results and 0 failures
[2026-01-13 03:05:26,709][flwr][INFO] - fit progress: (5, 139.63780564069748, {'accuracy': 0.6395}, 14.229584374988917)
[2026-01-13 03:05:26,709][flwr][DEBUG] - evaluate_round 5: strategy sampled 5 clients (out of 5)
[2026-01-13 03:05:26,744][flwr][DEBUG] - evaluate_round 5 received 5 results and 0 failures
[2026-01-13 03:05:26,745][flwr][INFO] - FL finished in 14.265110125008505
[2026-01-13 03:05:26,745][flwr][INFO] - app_fit: losses_distributed [(1, 27.772580511213278), (2, 26.3620894241154), (3, 26.319333105098387), (4, 25.897210420321702), (5, 25.591409939302917)]
[2026-01-13 03:05:26,745][flwr][INFO] - app_fit: metrics_distributed_fit {}
[2026-01-13 03:05:26,745][flwr][INFO] - app_fit: metrics_distributed {}
[2026-01-13 03:05:26,745][flwr][INFO] - app_fit: losses_centralized [(0, 275.8148798942566), (1, 149.09659776091576), (2, 143.03502179682255), (3, 140.96763058006763), (4, 139.70904836058617), (5, 139.63780564069748)]
[2026-01-13 03:05:26,745][flwr][INFO] - app_fit: metrics_centralized {'accuracy': [(0, 0.3415), (1, 0.6485), (2, 0.6645), (3, 0.6525), (4, 0.652), (5, 0.6395)]}
