[2026-01-11 11:53:40,054][flwr][INFO] - Starting Flower simulation, config: ServerConfig(num_rounds=50, round_timeout=None)
[2026-01-11 11:53:44,943][flwr][INFO] - Flower VCE: Ray initialized with resources: {'object_store_memory': 2147483648.0, 'CPU': 10.0, 'memory': 11793131930.0, 'node:127.0.0.1': 1.0}
[2026-01-11 11:53:44,944][flwr][INFO] - Initializing global parameters
[2026-01-11 11:53:44,944][flwr][INFO] - Using initial parameters provided by strategy
[2026-01-11 11:53:44,944][flwr][INFO] - Evaluating initial parameters
[2026-01-11 11:53:45,013][flwr][INFO] - initial parameters (loss, other metrics): 68.07474291324615, {'accuracy': 0.507}
[2026-01-11 11:53:45,013][flwr][INFO] - FL starting
[2026-01-11 11:53:45,013][flwr][DEBUG] - fit_round 1: strategy sampled 100 clients (out of 100)
[2026-01-11 11:53:50,790][flwr][DEBUG] - fit_round 1 received 100 results and 0 failures
[2026-01-11 11:53:50,828][flwr][WARNING] - No fit_metrics_aggregation_fn provided
[2026-01-11 11:53:50,872][flwr][INFO] - fit progress: (1, 64.12562334537506, {'accuracy': 0.507}, 5.859314957997412)
[2026-01-11 11:53:50,873][flwr][DEBUG] - evaluate_round 1: strategy sampled 100 clients (out of 100)
[2026-01-11 11:53:51,274][flwr][DEBUG] - evaluate_round 1 received 100 results and 0 failures
[2026-01-11 11:53:51,274][flwr][WARNING] - No evaluate_metrics_aggregation_fn provided
[2026-01-11 11:53:51,275][flwr][DEBUG] - fit_round 2: strategy sampled 100 clients (out of 100)
[2026-01-11 11:53:52,258][flwr][DEBUG] - fit_round 2 received 100 results and 0 failures
[2026-01-11 11:53:52,310][flwr][INFO] - fit progress: (2, 55.58656746149063, {'accuracy': 0.5785}, 7.296978667000076)
[2026-01-11 11:53:52,310][flwr][DEBUG] - evaluate_round 2: strategy sampled 100 clients (out of 100)
[2026-01-11 11:53:52,707][flwr][DEBUG] - evaluate_round 2 received 100 results and 0 failures
[2026-01-11 11:53:52,707][flwr][DEBUG] - fit_round 3: strategy sampled 100 clients (out of 100)
[2026-01-11 11:53:53,600][flwr][DEBUG] - fit_round 3 received 100 results and 0 failures
[2026-01-11 11:53:53,653][flwr][INFO] - fit progress: (3, 50.59899801015854, {'accuracy': 0.6005}, 8.639872999992804)
[2026-01-11 11:53:53,653][flwr][DEBUG] - evaluate_round 3: strategy sampled 100 clients (out of 100)
[2026-01-11 11:53:54,042][flwr][DEBUG] - evaluate_round 3 received 100 results and 0 failures
[2026-01-11 11:53:54,042][flwr][DEBUG] - fit_round 4: strategy sampled 100 clients (out of 100)
[2026-01-11 11:53:54,981][flwr][DEBUG] - fit_round 4 received 100 results and 0 failures
[2026-01-11 11:53:55,038][flwr][INFO] - fit progress: (4, 48.48620766401291, {'accuracy': 0.6045}, 10.024537624994991)
[2026-01-11 11:53:55,038][flwr][DEBUG] - evaluate_round 4: strategy sampled 100 clients (out of 100)
[2026-01-11 11:53:55,416][flwr][DEBUG] - evaluate_round 4 received 100 results and 0 failures
[2026-01-11 11:53:55,417][flwr][DEBUG] - fit_round 5: strategy sampled 100 clients (out of 100)
[2026-01-11 11:53:56,317][flwr][DEBUG] - fit_round 5 received 100 results and 0 failures
[2026-01-11 11:53:56,371][flwr][INFO] - fit progress: (5, 47.07287347316742, {'accuracy': 0.6055}, 11.357981166991522)
[2026-01-11 11:53:56,371][flwr][DEBUG] - evaluate_round 5: strategy sampled 100 clients (out of 100)
[2026-01-11 11:53:56,755][flwr][DEBUG] - evaluate_round 5 received 100 results and 0 failures
[2026-01-11 11:53:56,755][flwr][DEBUG] - fit_round 6: strategy sampled 100 clients (out of 100)
[2026-01-11 11:53:57,597][flwr][DEBUG] - fit_round 6 received 100 results and 0 failures
[2026-01-11 11:53:57,648][flwr][INFO] - fit progress: (6, 46.31630781292915, {'accuracy': 0.6065}, 12.634937541995896)
[2026-01-11 11:53:57,648][flwr][DEBUG] - evaluate_round 6: strategy sampled 100 clients (out of 100)
[2026-01-11 11:53:58,111][flwr][DEBUG] - evaluate_round 6 received 100 results and 0 failures
[2026-01-11 11:53:58,111][flwr][DEBUG] - fit_round 7: strategy sampled 100 clients (out of 100)
[2026-01-11 11:53:58,993][flwr][DEBUG] - fit_round 7 received 100 results and 0 failures
[2026-01-11 11:53:59,045][flwr][INFO] - fit progress: (7, 45.526165157556534, {'accuracy': 0.606}, 14.032033333001891)
[2026-01-11 11:53:59,045][flwr][DEBUG] - evaluate_round 7: strategy sampled 100 clients (out of 100)
[2026-01-11 11:53:59,422][flwr][DEBUG] - evaluate_round 7 received 100 results and 0 failures
[2026-01-11 11:53:59,422][flwr][DEBUG] - fit_round 8: strategy sampled 100 clients (out of 100)
[2026-01-11 11:54:00,251][flwr][DEBUG] - fit_round 8 received 100 results and 0 failures
[2026-01-11 11:54:00,303][flwr][INFO] - fit progress: (8, 45.091285049915314, {'accuracy': 0.6065}, 15.290146832994651)
[2026-01-11 11:54:00,303][flwr][DEBUG] - evaluate_round 8: strategy sampled 100 clients (out of 100)
[2026-01-11 11:54:00,672][flwr][DEBUG] - evaluate_round 8 received 100 results and 0 failures
[2026-01-11 11:54:00,672][flwr][DEBUG] - fit_round 9: strategy sampled 100 clients (out of 100)
[2026-01-11 11:54:01,554][flwr][DEBUG] - fit_round 9 received 100 results and 0 failures
[2026-01-11 11:54:01,604][flwr][INFO] - fit progress: (9, 44.76801177859306, {'accuracy': 0.6055}, 16.59129708299588)
[2026-01-11 11:54:01,605][flwr][DEBUG] - evaluate_round 9: strategy sampled 100 clients (out of 100)
[2026-01-11 11:54:01,976][flwr][DEBUG] - evaluate_round 9 received 100 results and 0 failures
[2026-01-11 11:54:01,977][flwr][DEBUG] - fit_round 10: strategy sampled 100 clients (out of 100)
[2026-01-11 11:54:02,938][flwr][DEBUG] - fit_round 10 received 100 results and 0 failures
[2026-01-11 11:54:02,990][flwr][INFO] - fit progress: (10, 44.473315834999084, {'accuracy': 0.606}, 17.977313291994506)
[2026-01-11 11:54:02,991][flwr][DEBUG] - evaluate_round 10: strategy sampled 100 clients (out of 100)
[2026-01-11 11:54:03,375][flwr][DEBUG] - evaluate_round 10 received 100 results and 0 failures
[2026-01-11 11:54:03,375][flwr][DEBUG] - fit_round 11: strategy sampled 100 clients (out of 100)
[2026-01-11 11:54:04,268][flwr][DEBUG] - fit_round 11 received 100 results and 0 failures
[2026-01-11 11:54:04,322][flwr][INFO] - fit progress: (11, 44.30124622583389, {'accuracy': 0.608}, 19.30930087500019)
[2026-01-11 11:54:04,323][flwr][DEBUG] - evaluate_round 11: strategy sampled 100 clients (out of 100)
[2026-01-11 11:54:04,689][flwr][DEBUG] - evaluate_round 11 received 100 results and 0 failures
[2026-01-11 11:54:04,689][flwr][DEBUG] - fit_round 12: strategy sampled 100 clients (out of 100)
[2026-01-11 11:54:05,663][flwr][DEBUG] - fit_round 12 received 100 results and 0 failures
[2026-01-11 11:54:05,717][flwr][INFO] - fit progress: (12, 44.136792212724686, {'accuracy': 0.6085}, 20.703956666999147)
[2026-01-11 11:54:05,717][flwr][DEBUG] - evaluate_round 12: strategy sampled 100 clients (out of 100)
[2026-01-11 11:54:06,102][flwr][DEBUG] - evaluate_round 12 received 100 results and 0 failures
[2026-01-11 11:54:06,102][flwr][DEBUG] - fit_round 13: strategy sampled 100 clients (out of 100)
[2026-01-11 11:54:07,021][flwr][DEBUG] - fit_round 13 received 100 results and 0 failures
[2026-01-11 11:54:07,075][flwr][INFO] - fit progress: (13, 43.80640485882759, {'accuracy': 0.609}, 22.061497167000198)
[2026-01-11 11:54:07,075][flwr][DEBUG] - evaluate_round 13: strategy sampled 100 clients (out of 100)
[2026-01-11 11:54:07,457][flwr][DEBUG] - evaluate_round 13 received 100 results and 0 failures
[2026-01-11 11:54:07,457][flwr][DEBUG] - fit_round 14: strategy sampled 100 clients (out of 100)
[2026-01-11 11:54:08,459][flwr][DEBUG] - fit_round 14 received 100 results and 0 failures
[2026-01-11 11:54:08,513][flwr][INFO] - fit progress: (14, 43.815369695425034, {'accuracy': 0.61}, 23.500363375002053)
[2026-01-11 11:54:08,514][flwr][DEBUG] - evaluate_round 14: strategy sampled 100 clients (out of 100)
[2026-01-11 11:54:08,891][flwr][DEBUG] - evaluate_round 14 received 100 results and 0 failures
[2026-01-11 11:54:08,891][flwr][DEBUG] - fit_round 15: strategy sampled 100 clients (out of 100)
[2026-01-11 11:54:09,810][flwr][DEBUG] - fit_round 15 received 100 results and 0 failures
[2026-01-11 11:54:09,863][flwr][INFO] - fit progress: (15, 43.77386322617531, {'accuracy': 0.6105}, 24.850221082990174)
[2026-01-11 11:54:09,864][flwr][DEBUG] - evaluate_round 15: strategy sampled 100 clients (out of 100)
[2026-01-11 11:54:10,451][flwr][DEBUG] - evaluate_round 15 received 100 results and 0 failures
[2026-01-11 11:54:10,452][flwr][DEBUG] - fit_round 16: strategy sampled 100 clients (out of 100)
[2026-01-11 11:54:11,326][flwr][DEBUG] - fit_round 16 received 100 results and 0 failures
[2026-01-11 11:54:11,377][flwr][INFO] - fit progress: (16, 43.58685326576233, {'accuracy': 0.6135}, 26.364192916997126)
[2026-01-11 11:54:11,378][flwr][DEBUG] - evaluate_round 16: strategy sampled 100 clients (out of 100)
[2026-01-11 11:54:11,758][flwr][DEBUG] - evaluate_round 16 received 100 results and 0 failures
[2026-01-11 11:54:11,758][flwr][DEBUG] - fit_round 17: strategy sampled 100 clients (out of 100)
[2026-01-11 11:54:12,631][flwr][DEBUG] - fit_round 17 received 100 results and 0 failures
[2026-01-11 11:54:12,683][flwr][INFO] - fit progress: (17, 43.634425550699234, {'accuracy': 0.613}, 27.66963270799897)
[2026-01-11 11:54:12,683][flwr][DEBUG] - evaluate_round 17: strategy sampled 100 clients (out of 100)
[2026-01-11 11:54:13,064][flwr][DEBUG] - evaluate_round 17 received 100 results and 0 failures
[2026-01-11 11:54:13,064][flwr][DEBUG] - fit_round 18: strategy sampled 100 clients (out of 100)
[2026-01-11 11:54:13,965][flwr][DEBUG] - fit_round 18 received 100 results and 0 failures
[2026-01-11 11:54:14,021][flwr][INFO] - fit progress: (18, 43.632099121809006, {'accuracy': 0.613}, 29.00797787499323)
[2026-01-11 11:54:14,021][flwr][DEBUG] - evaluate_round 18: strategy sampled 100 clients (out of 100)
[2026-01-11 11:54:14,435][flwr][DEBUG] - evaluate_round 18 received 100 results and 0 failures
[2026-01-11 11:54:14,435][flwr][DEBUG] - fit_round 19: strategy sampled 100 clients (out of 100)
[2026-01-11 11:54:15,474][flwr][DEBUG] - fit_round 19 received 100 results and 0 failures
[2026-01-11 11:54:15,533][flwr][INFO] - fit progress: (19, 43.626334339380264, {'accuracy': 0.613}, 30.520020707990625)
[2026-01-11 11:54:15,533][flwr][DEBUG] - evaluate_round 19: strategy sampled 100 clients (out of 100)
[2026-01-11 11:54:15,923][flwr][DEBUG] - evaluate_round 19 received 100 results and 0 failures
[2026-01-11 11:54:15,923][flwr][DEBUG] - fit_round 20: strategy sampled 100 clients (out of 100)
[2026-01-11 11:54:16,820][flwr][DEBUG] - fit_round 20 received 100 results and 0 failures
[2026-01-11 11:54:16,876][flwr][INFO] - fit progress: (20, 43.65626594424248, {'accuracy': 0.615}, 31.86307795799803)
[2026-01-11 11:54:16,876][flwr][DEBUG] - evaluate_round 20: strategy sampled 100 clients (out of 100)
[2026-01-11 11:54:17,257][flwr][DEBUG] - evaluate_round 20 received 100 results and 0 failures
[2026-01-11 11:54:17,257][flwr][DEBUG] - fit_round 21: strategy sampled 100 clients (out of 100)
[2026-01-11 11:54:18,280][flwr][DEBUG] - fit_round 21 received 100 results and 0 failures
[2026-01-11 11:54:18,332][flwr][INFO] - fit progress: (21, 43.646835058927536, {'accuracy': 0.617}, 33.31930583299254)
[2026-01-11 11:54:18,333][flwr][DEBUG] - evaluate_round 21: strategy sampled 100 clients (out of 100)
[2026-01-11 11:54:18,737][flwr][DEBUG] - evaluate_round 21 received 100 results and 0 failures
[2026-01-11 11:54:18,737][flwr][DEBUG] - fit_round 22: strategy sampled 100 clients (out of 100)
[2026-01-11 11:54:19,624][flwr][DEBUG] - fit_round 22 received 100 results and 0 failures
[2026-01-11 11:54:19,677][flwr][INFO] - fit progress: (22, 43.450534135103226, {'accuracy': 0.616}, 34.66413895798905)
[2026-01-11 11:54:19,677][flwr][DEBUG] - evaluate_round 22: strategy sampled 100 clients (out of 100)
[2026-01-11 11:54:20,060][flwr][DEBUG] - evaluate_round 22 received 100 results and 0 failures
[2026-01-11 11:54:20,060][flwr][DEBUG] - fit_round 23: strategy sampled 100 clients (out of 100)
[2026-01-11 11:54:20,970][flwr][DEBUG] - fit_round 23 received 100 results and 0 failures
[2026-01-11 11:54:21,025][flwr][INFO] - fit progress: (23, 43.78038436174393, {'accuracy': 0.614}, 36.01146345799498)
[2026-01-11 11:54:21,025][flwr][DEBUG] - evaluate_round 23: strategy sampled 100 clients (out of 100)
[2026-01-11 11:54:21,401][flwr][DEBUG] - evaluate_round 23 received 100 results and 0 failures
[2026-01-11 11:54:21,401][flwr][DEBUG] - fit_round 24: strategy sampled 100 clients (out of 100)
[2026-01-11 11:54:22,290][flwr][DEBUG] - fit_round 24 received 100 results and 0 failures
[2026-01-11 11:54:22,456][flwr][INFO] - fit progress: (24, 43.743642807006836, {'accuracy': 0.6155}, 37.44272083300166)
[2026-01-11 11:54:22,456][flwr][DEBUG] - evaluate_round 24: strategy sampled 100 clients (out of 100)
[2026-01-11 11:54:22,841][flwr][DEBUG] - evaluate_round 24 received 100 results and 0 failures
[2026-01-11 11:54:22,841][flwr][DEBUG] - fit_round 25: strategy sampled 100 clients (out of 100)
[2026-01-11 11:54:23,705][flwr][DEBUG] - fit_round 25 received 100 results and 0 failures
[2026-01-11 11:54:23,758][flwr][INFO] - fit progress: (25, 43.59733420610428, {'accuracy': 0.6165}, 38.74440062500071)
[2026-01-11 11:54:23,758][flwr][DEBUG] - evaluate_round 25: strategy sampled 100 clients (out of 100)
[2026-01-11 11:54:24,151][flwr][DEBUG] - evaluate_round 25 received 100 results and 0 failures
[2026-01-11 11:54:24,151][flwr][DEBUG] - fit_round 26: strategy sampled 100 clients (out of 100)
[2026-01-11 11:54:25,039][flwr][DEBUG] - fit_round 26 received 100 results and 0 failures
[2026-01-11 11:54:25,092][flwr][INFO] - fit progress: (26, 43.40705078840256, {'accuracy': 0.6155}, 40.07841833299608)
[2026-01-11 11:54:25,092][flwr][DEBUG] - evaluate_round 26: strategy sampled 100 clients (out of 100)
[2026-01-11 11:54:25,501][flwr][DEBUG] - evaluate_round 26 received 100 results and 0 failures
[2026-01-11 11:54:25,501][flwr][DEBUG] - fit_round 27: strategy sampled 100 clients (out of 100)
[2026-01-11 11:54:26,405][flwr][DEBUG] - fit_round 27 received 100 results and 0 failures
[2026-01-11 11:54:26,456][flwr][INFO] - fit progress: (27, 43.71719682216644, {'accuracy': 0.616}, 41.443103957994026)
[2026-01-11 11:54:26,456][flwr][DEBUG] - evaluate_round 27: strategy sampled 100 clients (out of 100)
[2026-01-11 11:54:26,870][flwr][DEBUG] - evaluate_round 27 received 100 results and 0 failures
[2026-01-11 11:54:26,870][flwr][DEBUG] - fit_round 28: strategy sampled 100 clients (out of 100)
[2026-01-11 11:54:27,749][flwr][DEBUG] - fit_round 28 received 100 results and 0 failures
[2026-01-11 11:54:27,807][flwr][INFO] - fit progress: (28, 43.7627335190773, {'accuracy': 0.616}, 42.79397833299299)
[2026-01-11 11:54:27,807][flwr][DEBUG] - evaluate_round 28: strategy sampled 100 clients (out of 100)
[2026-01-11 11:54:28,208][flwr][DEBUG] - evaluate_round 28 received 100 results and 0 failures
[2026-01-11 11:54:28,208][flwr][DEBUG] - fit_round 29: strategy sampled 100 clients (out of 100)
[2026-01-11 11:54:29,076][flwr][DEBUG] - fit_round 29 received 100 results and 0 failures
[2026-01-11 11:54:29,127][flwr][INFO] - fit progress: (29, 43.755337953567505, {'accuracy': 0.616}, 44.11387729199487)
[2026-01-11 11:54:29,127][flwr][DEBUG] - evaluate_round 29: strategy sampled 100 clients (out of 100)
[2026-01-11 11:54:29,502][flwr][DEBUG] - evaluate_round 29 received 100 results and 0 failures
[2026-01-11 11:54:29,503][flwr][DEBUG] - fit_round 30: strategy sampled 100 clients (out of 100)
[2026-01-11 11:54:30,348][flwr][DEBUG] - fit_round 30 received 100 results and 0 failures
[2026-01-11 11:54:30,401][flwr][INFO] - fit progress: (30, 43.45119434595108, {'accuracy': 0.6155}, 45.387733875002596)
[2026-01-11 11:54:30,401][flwr][DEBUG] - evaluate_round 30: strategy sampled 100 clients (out of 100)
[2026-01-11 11:54:30,769][flwr][DEBUG] - evaluate_round 30 received 100 results and 0 failures
[2026-01-11 11:54:30,769][flwr][DEBUG] - fit_round 31: strategy sampled 100 clients (out of 100)
[2026-01-11 11:54:31,698][flwr][DEBUG] - fit_round 31 received 100 results and 0 failures
[2026-01-11 11:54:31,753][flwr][INFO] - fit progress: (31, 43.54743254184723, {'accuracy': 0.6165}, 46.73990083299577)
[2026-01-11 11:54:31,753][flwr][DEBUG] - evaluate_round 31: strategy sampled 100 clients (out of 100)
[2026-01-11 11:54:32,146][flwr][DEBUG] - evaluate_round 31 received 100 results and 0 failures
[2026-01-11 11:54:32,146][flwr][DEBUG] - fit_round 32: strategy sampled 100 clients (out of 100)
[2026-01-11 11:54:32,990][flwr][DEBUG] - fit_round 32 received 100 results and 0 failures
[2026-01-11 11:54:33,042][flwr][INFO] - fit progress: (32, 43.92349690198898, {'accuracy': 0.6155}, 48.02933158299129)
[2026-01-11 11:54:33,043][flwr][DEBUG] - evaluate_round 32: strategy sampled 100 clients (out of 100)
[2026-01-11 11:54:33,422][flwr][DEBUG] - evaluate_round 32 received 100 results and 0 failures
[2026-01-11 11:54:33,422][flwr][DEBUG] - fit_round 33: strategy sampled 100 clients (out of 100)
[2026-01-11 11:54:34,305][flwr][DEBUG] - fit_round 33 received 100 results and 0 failures
[2026-01-11 11:54:34,356][flwr][INFO] - fit progress: (33, 43.44923597574234, {'accuracy': 0.6165}, 49.342713666992495)
[2026-01-11 11:54:34,356][flwr][DEBUG] - evaluate_round 33: strategy sampled 100 clients (out of 100)
[2026-01-11 11:54:34,735][flwr][DEBUG] - evaluate_round 33 received 100 results and 0 failures
[2026-01-11 11:54:34,735][flwr][DEBUG] - fit_round 34: strategy sampled 100 clients (out of 100)
[2026-01-11 11:54:35,617][flwr][DEBUG] - fit_round 34 received 100 results and 0 failures
[2026-01-11 11:54:35,671][flwr][INFO] - fit progress: (34, 43.61416167020798, {'accuracy': 0.6085}, 50.65761133299384)
[2026-01-11 11:54:35,671][flwr][DEBUG] - evaluate_round 34: strategy sampled 100 clients (out of 100)
[2026-01-11 11:54:36,056][flwr][DEBUG] - evaluate_round 34 received 100 results and 0 failures
[2026-01-11 11:54:36,056][flwr][DEBUG] - fit_round 35: strategy sampled 100 clients (out of 100)
[2026-01-11 11:54:36,894][flwr][DEBUG] - fit_round 35 received 100 results and 0 failures
[2026-01-11 11:54:36,946][flwr][INFO] - fit progress: (35, 43.92258143424988, {'accuracy': 0.6155}, 51.9326466670027)
[2026-01-11 11:54:36,946][flwr][DEBUG] - evaluate_round 35: strategy sampled 100 clients (out of 100)
[2026-01-11 11:54:37,323][flwr][DEBUG] - evaluate_round 35 received 100 results and 0 failures
[2026-01-11 11:54:37,323][flwr][DEBUG] - fit_round 36: strategy sampled 100 clients (out of 100)
[2026-01-11 11:54:38,362][flwr][DEBUG] - fit_round 36 received 100 results and 0 failures
[2026-01-11 11:54:38,414][flwr][INFO] - fit progress: (36, 43.8508203625679, {'accuracy': 0.6065}, 53.40093770799285)
[2026-01-11 11:54:38,414][flwr][DEBUG] - evaluate_round 36: strategy sampled 100 clients (out of 100)
[2026-01-11 11:54:38,809][flwr][DEBUG] - evaluate_round 36 received 100 results and 0 failures
[2026-01-11 11:54:38,809][flwr][DEBUG] - fit_round 37: strategy sampled 100 clients (out of 100)
[2026-01-11 11:54:39,829][flwr][DEBUG] - fit_round 37 received 100 results and 0 failures
[2026-01-11 11:54:39,885][flwr][INFO] - fit progress: (37, 43.792415618896484, {'accuracy': 0.611}, 54.87199124999461)
[2026-01-11 11:54:39,885][flwr][DEBUG] - evaluate_round 37: strategy sampled 100 clients (out of 100)
[2026-01-11 11:54:40,272][flwr][DEBUG] - evaluate_round 37 received 100 results and 0 failures
[2026-01-11 11:54:40,272][flwr][DEBUG] - fit_round 38: strategy sampled 100 clients (out of 100)
[2026-01-11 11:54:41,286][flwr][DEBUG] - fit_round 38 received 100 results and 0 failures
[2026-01-11 11:54:41,350][flwr][INFO] - fit progress: (38, 43.79859471321106, {'accuracy': 0.6085}, 56.336936374995275)
[2026-01-11 11:54:41,350][flwr][DEBUG] - evaluate_round 38: strategy sampled 100 clients (out of 100)
[2026-01-11 11:54:41,807][flwr][DEBUG] - evaluate_round 38 received 100 results and 0 failures
[2026-01-11 11:54:41,808][flwr][DEBUG] - fit_round 39: strategy sampled 100 clients (out of 100)
[2026-01-11 11:54:43,106][flwr][DEBUG] - fit_round 39 received 100 results and 0 failures
[2026-01-11 11:54:43,162][flwr][INFO] - fit progress: (39, 43.75553756952286, {'accuracy': 0.6085}, 58.14844504199573)
[2026-01-11 11:54:43,162][flwr][DEBUG] - evaluate_round 39: strategy sampled 100 clients (out of 100)
[2026-01-11 11:54:43,625][flwr][DEBUG] - evaluate_round 39 received 100 results and 0 failures
[2026-01-11 11:54:43,626][flwr][DEBUG] - fit_round 40: strategy sampled 100 clients (out of 100)
[2026-01-11 11:54:44,524][flwr][DEBUG] - fit_round 40 received 100 results and 0 failures
[2026-01-11 11:54:44,577][flwr][INFO] - fit progress: (40, 43.66351014375687, {'accuracy': 0.6145}, 59.56360083298932)
[2026-01-11 11:54:44,577][flwr][DEBUG] - evaluate_round 40: strategy sampled 100 clients (out of 100)
[2026-01-11 11:54:44,948][flwr][DEBUG] - evaluate_round 40 received 100 results and 0 failures
[2026-01-11 11:54:44,949][flwr][DEBUG] - fit_round 41: strategy sampled 100 clients (out of 100)
[2026-01-11 11:54:45,799][flwr][DEBUG] - fit_round 41 received 100 results and 0 failures
[2026-01-11 11:54:45,850][flwr][INFO] - fit progress: (41, 43.77152979373932, {'accuracy': 0.6085}, 60.83703345799586)
[2026-01-11 11:54:45,851][flwr][DEBUG] - evaluate_round 41: strategy sampled 100 clients (out of 100)
[2026-01-11 11:54:46,333][flwr][DEBUG] - evaluate_round 41 received 100 results and 0 failures
[2026-01-11 11:54:46,333][flwr][DEBUG] - fit_round 42: strategy sampled 100 clients (out of 100)
[2026-01-11 11:54:47,315][flwr][DEBUG] - fit_round 42 received 100 results and 0 failures
[2026-01-11 11:54:47,368][flwr][INFO] - fit progress: (42, 43.883066177368164, {'accuracy': 0.6135}, 62.35448962499504)
[2026-01-11 11:54:47,368][flwr][DEBUG] - evaluate_round 42: strategy sampled 100 clients (out of 100)
[2026-01-11 11:54:47,802][flwr][DEBUG] - evaluate_round 42 received 100 results and 0 failures
[2026-01-11 11:54:47,802][flwr][DEBUG] - fit_round 43: strategy sampled 100 clients (out of 100)
[2026-01-11 11:54:49,018][flwr][DEBUG] - fit_round 43 received 100 results and 0 failures
[2026-01-11 11:54:49,075][flwr][INFO] - fit progress: (43, 43.82672131061554, {'accuracy': 0.609}, 64.06148387498979)
[2026-01-11 11:54:49,075][flwr][DEBUG] - evaluate_round 43: strategy sampled 100 clients (out of 100)
[2026-01-11 11:54:49,464][flwr][DEBUG] - evaluate_round 43 received 100 results and 0 failures
[2026-01-11 11:54:49,465][flwr][DEBUG] - fit_round 44: strategy sampled 100 clients (out of 100)
[2026-01-11 11:54:50,909][flwr][DEBUG] - fit_round 44 received 100 results and 0 failures
[2026-01-11 11:54:50,973][flwr][INFO] - fit progress: (44, 43.5355144739151, {'accuracy': 0.613}, 65.95979029199225)
[2026-01-11 11:54:50,973][flwr][DEBUG] - evaluate_round 44: strategy sampled 100 clients (out of 100)
[2026-01-11 11:54:51,397][flwr][DEBUG] - evaluate_round 44 received 100 results and 0 failures
[2026-01-11 11:54:51,397][flwr][DEBUG] - fit_round 45: strategy sampled 100 clients (out of 100)
[2026-01-11 11:54:52,437][flwr][DEBUG] - fit_round 45 received 100 results and 0 failures
[2026-01-11 11:54:52,493][flwr][INFO] - fit progress: (45, 43.756088614463806, {'accuracy': 0.613}, 67.47990729199955)
[2026-01-11 11:54:52,493][flwr][DEBUG] - evaluate_round 45: strategy sampled 100 clients (out of 100)
[2026-01-11 11:54:52,973][flwr][DEBUG] - evaluate_round 45 received 100 results and 0 failures
[2026-01-11 11:54:52,974][flwr][DEBUG] - fit_round 46: strategy sampled 100 clients (out of 100)
[2026-01-11 11:54:53,946][flwr][DEBUG] - fit_round 46 received 100 results and 0 failures
[2026-01-11 11:54:54,003][flwr][INFO] - fit progress: (46, 43.58336919546127, {'accuracy': 0.612}, 68.99013391700282)
[2026-01-11 11:54:54,004][flwr][DEBUG] - evaluate_round 46: strategy sampled 100 clients (out of 100)
[2026-01-11 11:54:54,410][flwr][DEBUG] - evaluate_round 46 received 100 results and 0 failures
[2026-01-11 11:54:54,411][flwr][DEBUG] - fit_round 47: strategy sampled 100 clients (out of 100)
[2026-01-11 11:54:55,690][flwr][DEBUG] - fit_round 47 received 100 results and 0 failures
[2026-01-11 11:54:55,743][flwr][INFO] - fit progress: (47, 43.95035767555237, {'accuracy': 0.605}, 70.73003066699312)
[2026-01-11 11:54:55,744][flwr][DEBUG] - evaluate_round 47: strategy sampled 100 clients (out of 100)
[2026-01-11 11:54:56,217][flwr][DEBUG] - evaluate_round 47 received 100 results and 0 failures
[2026-01-11 11:54:56,218][flwr][DEBUG] - fit_round 48: strategy sampled 100 clients (out of 100)
[2026-01-11 11:54:57,052][flwr][DEBUG] - fit_round 48 received 100 results and 0 failures
[2026-01-11 11:54:57,106][flwr][INFO] - fit progress: (48, 43.535537362098694, {'accuracy': 0.6155}, 72.09241570800077)
[2026-01-11 11:54:57,106][flwr][DEBUG] - evaluate_round 48: strategy sampled 100 clients (out of 100)
[2026-01-11 11:54:57,585][flwr][DEBUG] - evaluate_round 48 received 100 results and 0 failures
[2026-01-11 11:54:57,585][flwr][DEBUG] - fit_round 49: strategy sampled 100 clients (out of 100)
[2026-01-11 11:54:58,462][flwr][DEBUG] - fit_round 49 received 100 results and 0 failures
[2026-01-11 11:54:58,515][flwr][INFO] - fit progress: (49, 43.57610088586807, {'accuracy': 0.605}, 73.50185979199887)
[2026-01-11 11:54:58,515][flwr][DEBUG] - evaluate_round 49: strategy sampled 100 clients (out of 100)
[2026-01-11 11:54:58,886][flwr][DEBUG] - evaluate_round 49 received 100 results and 0 failures
[2026-01-11 11:54:58,887][flwr][DEBUG] - fit_round 50: strategy sampled 100 clients (out of 100)
[2026-01-11 11:54:59,819][flwr][DEBUG] - fit_round 50 received 100 results and 0 failures
[2026-01-11 11:54:59,872][flwr][INFO] - fit progress: (50, 43.91489636898041, {'accuracy': 0.6125}, 74.85917716700351)
[2026-01-11 11:54:59,873][flwr][DEBUG] - evaluate_round 50: strategy sampled 100 clients (out of 100)
[2026-01-11 11:55:00,257][flwr][DEBUG] - evaluate_round 50 received 100 results and 0 failures
[2026-01-11 11:55:00,258][flwr][INFO] - FL finished in 75.24435183299647
[2026-01-11 11:55:00,258][flwr][INFO] - app_fit: losses_distributed [(1, 1.0253651772749708), (2, 0.8884235175328585), (3, 0.8100718598689913), (4, 0.776593148013295), (5, 0.7538798548391383), (6, 0.7418225125003864), (7, 0.7290944718460174), (8, 0.7224939994437702), (9, 0.7174819883497366), (10, 0.7128356900638281), (11, 0.7106282490817353), (12, 0.7082448576802687), (13, 0.7028310645765818), (14, 0.7034571306256575), (15, 0.7025878366858479), (16, 0.6995134574697015), (17, 0.7003740556241438), (18, 0.700699541010005), (19, 0.7003269056377421), (20, 0.701178068458288), (21, 0.7011459174314864), (22, 0.6980049808141993), (23, 0.7036177180326025), (24, 0.7030403530807896), (25, 0.7009149208512323), (26, 0.6981345983359866), (27, 0.7033274070665969), (28, 0.7039901177664801), (29, 0.704234585437216), (30, 0.6990475347255006), (31, 0.7007989488940461), (32, 0.7070742883169611), (33, 0.6994004333656667), (34, 0.7018989727358769), (35, 0.7075841023212678), (36, 0.706237828704413), (37, 0.7053664009657872), (38, 0.7055067645133695), (39, 0.7050688381182862), (40, 0.70382113978521), (41, 0.7057116604976957), (42, 0.707703939493877), (43, 0.7064480030563776), (44, 0.7016843479715787), (45, 0.7057047008925602), (46, 0.7027376210221659), (47, 0.708580507471971), (48, 0.7020388566322023), (49, 0.7022953390803895), (50, 0.708367507527577)]
[2026-01-11 11:55:00,258][flwr][INFO] - app_fit: metrics_distributed_fit {}
[2026-01-11 11:55:00,258][flwr][INFO] - app_fit: metrics_distributed {}
[2026-01-11 11:55:00,258][flwr][INFO] - app_fit: losses_centralized [(0, 68.07474291324615), (1, 64.12562334537506), (2, 55.58656746149063), (3, 50.59899801015854), (4, 48.48620766401291), (5, 47.07287347316742), (6, 46.31630781292915), (7, 45.526165157556534), (8, 45.091285049915314), (9, 44.76801177859306), (10, 44.473315834999084), (11, 44.30124622583389), (12, 44.136792212724686), (13, 43.80640485882759), (14, 43.815369695425034), (15, 43.77386322617531), (16, 43.58685326576233), (17, 43.634425550699234), (18, 43.632099121809006), (19, 43.626334339380264), (20, 43.65626594424248), (21, 43.646835058927536), (22, 43.450534135103226), (23, 43.78038436174393), (24, 43.743642807006836), (25, 43.59733420610428), (26, 43.40705078840256), (27, 43.71719682216644), (28, 43.7627335190773), (29, 43.755337953567505), (30, 43.45119434595108), (31, 43.54743254184723), (32, 43.92349690198898), (33, 43.44923597574234), (34, 43.61416167020798), (35, 43.92258143424988), (36, 43.8508203625679), (37, 43.792415618896484), (38, 43.79859471321106), (39, 43.75553756952286), (40, 43.66351014375687), (41, 43.77152979373932), (42, 43.883066177368164), (43, 43.82672131061554), (44, 43.5355144739151), (45, 43.756088614463806), (46, 43.58336919546127), (47, 43.95035767555237), (48, 43.535537362098694), (49, 43.57610088586807), (50, 43.91489636898041)]
[2026-01-11 11:55:00,258][flwr][INFO] - app_fit: metrics_centralized {'accuracy': [(0, 0.507), (1, 0.507), (2, 0.5785), (3, 0.6005), (4, 0.6045), (5, 0.6055), (6, 0.6065), (7, 0.606), (8, 0.6065), (9, 0.6055), (10, 0.606), (11, 0.608), (12, 0.6085), (13, 0.609), (14, 0.61), (15, 0.6105), (16, 0.6135), (17, 0.613), (18, 0.613), (19, 0.613), (20, 0.615), (21, 0.617), (22, 0.616), (23, 0.614), (24, 0.6155), (25, 0.6165), (26, 0.6155), (27, 0.616), (28, 0.616), (29, 0.616), (30, 0.6155), (31, 0.6165), (32, 0.6155), (33, 0.6165), (34, 0.6085), (35, 0.6155), (36, 0.6065), (37, 0.611), (38, 0.6085), (39, 0.6085), (40, 0.6145), (41, 0.6085), (42, 0.6135), (43, 0.609), (44, 0.613), (45, 0.613), (46, 0.612), (47, 0.605), (48, 0.6155), (49, 0.605), (50, 0.6125)]}
[2026-01-11 11:55:00,293][flwr][INFO] - Starting Flower simulation, config: ServerConfig(num_rounds=50, round_timeout=None)
[2026-01-11 11:55:07,723][flwr][INFO] - Flower VCE: Ray initialized with resources: {'node:127.0.0.1': 1.0, 'object_store_memory': 2147483648.0, 'memory': 12427609293.0, 'CPU': 10.0}
[2026-01-11 11:55:07,724][flwr][INFO] - Initializing global parameters
[2026-01-11 11:55:07,724][flwr][INFO] - Using initial parameters provided by strategy
[2026-01-11 11:55:07,724][flwr][INFO] - Evaluating initial parameters
[2026-01-11 11:55:07,748][flwr][INFO] - initial parameters (loss, other metrics): 67.88411092758179, {'accuracy': 0.3585, 'adaptive_mu': 0.001}
[2026-01-11 11:55:07,748][flwr][INFO] - FL starting
[2026-01-11 11:55:07,748][flwr][DEBUG] - fit_round 1: strategy sampled 100 clients (out of 100)
[2026-01-11 11:55:13,017][flwr][DEBUG] - fit_round 1 received 100 results and 0 failures
[2026-01-11 11:55:13,053][flwr][WARNING] - No fit_metrics_aggregation_fn provided
[2026-01-11 11:55:13,108][flwr][INFO] - fit progress: (1, 63.33701503276825, {'accuracy': 0.5115, 'adaptive_mu': 0.001}, 5.360059166006977)
[2026-01-11 11:55:13,108][flwr][DEBUG] - evaluate_round 1: strategy sampled 100 clients (out of 100)
[2026-01-11 11:55:13,522][flwr][DEBUG] - evaluate_round 1 received 100 results and 0 failures
[2026-01-11 11:55:13,522][flwr][WARNING] - No evaluate_metrics_aggregation_fn provided
[2026-01-11 11:55:13,523][flwr][DEBUG] - fit_round 2: strategy sampled 100 clients (out of 100)
[2026-01-11 11:55:14,747][flwr][DEBUG] - fit_round 2 received 100 results and 0 failures
[2026-01-11 11:55:14,830][flwr][INFO] - fit progress: (2, 57.85947626829147, {'accuracy': 0.566, 'adaptive_mu': 0.001}, 7.082225083009689)
[2026-01-11 11:55:14,830][flwr][DEBUG] - evaluate_round 2: strategy sampled 100 clients (out of 100)
[2026-01-11 11:55:15,218][flwr][DEBUG] - evaluate_round 2 received 100 results and 0 failures
[2026-01-11 11:55:15,218][flwr][DEBUG] - fit_round 3: strategy sampled 100 clients (out of 100)
[2026-01-11 11:55:16,513][flwr][DEBUG] - fit_round 3 received 100 results and 0 failures
[2026-01-11 11:55:16,596][flwr][INFO] - fit progress: (3, 52.622254610061646, {'accuracy': 0.593, 'adaptive_mu': 0.001}, 8.848036541006877)
[2026-01-11 11:55:16,596][flwr][DEBUG] - evaluate_round 3: strategy sampled 100 clients (out of 100)
[2026-01-11 11:55:16,965][flwr][DEBUG] - evaluate_round 3 received 100 results and 0 failures
[2026-01-11 11:55:16,966][flwr][DEBUG] - fit_round 4: strategy sampled 100 clients (out of 100)
[2026-01-11 11:55:18,605][flwr][DEBUG] - fit_round 4 received 100 results and 0 failures
[2026-01-11 11:55:18,690][flwr][INFO] - fit progress: (4, 49.65865582227707, {'accuracy': 0.596, 'adaptive_mu': 0.0018936055613944245}, 10.942265457997564)
[2026-01-11 11:55:18,690][flwr][DEBUG] - evaluate_round 4: strategy sampled 100 clients (out of 100)
[2026-01-11 11:55:19,063][flwr][DEBUG] - evaluate_round 4 received 100 results and 0 failures
[2026-01-11 11:55:19,063][flwr][DEBUG] - fit_round 5: strategy sampled 100 clients (out of 100)
[2026-01-11 11:55:20,508][flwr][DEBUG] - fit_round 5 received 100 results and 0 failures
[2026-01-11 11:55:20,594][flwr][INFO] - fit progress: (5, 48.075790882110596, {'accuracy': 0.6015, 'adaptive_mu': 0.002539735740604874}, 12.846094207998249)
[2026-01-11 11:55:20,594][flwr][DEBUG] - evaluate_round 5: strategy sampled 100 clients (out of 100)
[2026-01-11 11:55:21,009][flwr][DEBUG] - evaluate_round 5 received 100 results and 0 failures
[2026-01-11 11:55:21,010][flwr][DEBUG] - fit_round 6: strategy sampled 100 clients (out of 100)
[2026-01-11 11:55:23,473][flwr][DEBUG] - fit_round 6 received 100 results and 0 failures
[2026-01-11 11:55:23,580][flwr][INFO] - fit progress: (6, 47.0684680044651, {'accuracy': 0.6055, 'adaptive_mu': 0.00297618321089902}, 15.831819833008922)
[2026-01-11 11:55:23,580][flwr][DEBUG] - evaluate_round 6: strategy sampled 100 clients (out of 100)
[2026-01-11 11:55:24,156][flwr][DEBUG] - evaluate_round 6 received 100 results and 0 failures
[2026-01-11 11:55:24,157][flwr][DEBUG] - fit_round 7: strategy sampled 100 clients (out of 100)
[2026-01-11 11:55:26,173][flwr][DEBUG] - fit_round 7 received 100 results and 0 failures
[2026-01-11 11:55:26,258][flwr][INFO] - fit progress: (7, 46.40801924467087, {'accuracy': 0.605, 'adaptive_mu': 0.0032482104981911685}, 18.510142208004254)
[2026-01-11 11:55:26,258][flwr][DEBUG] - evaluate_round 7: strategy sampled 100 clients (out of 100)
[2026-01-11 11:55:26,787][flwr][DEBUG] - evaluate_round 7 received 100 results and 0 failures
[2026-01-11 11:55:26,787][flwr][DEBUG] - fit_round 8: strategy sampled 100 clients (out of 100)
[2026-01-11 11:55:28,880][flwr][DEBUG] - fit_round 8 received 100 results and 0 failures
[2026-01-11 11:55:28,974][flwr][INFO] - fit progress: (8, 45.794029623270035, {'accuracy': 0.6045, 'adaptive_mu': 0.003402022121187093}, 21.226354291007738)
[2026-01-11 11:55:28,975][flwr][DEBUG] - evaluate_round 8: strategy sampled 100 clients (out of 100)
[2026-01-11 11:55:29,445][flwr][DEBUG] - evaluate_round 8 received 100 results and 0 failures
[2026-01-11 11:55:29,446][flwr][DEBUG] - fit_round 9: strategy sampled 100 clients (out of 100)
[2026-01-11 11:55:31,207][flwr][DEBUG] - fit_round 9 received 100 results and 0 failures
[2026-01-11 11:55:31,301][flwr][INFO] - fit progress: (9, 45.512431651353836, {'accuracy': 0.6045, 'adaptive_mu': 0.003489089839683107}, 23.552827040999546)
[2026-01-11 11:55:31,301][flwr][DEBUG] - evaluate_round 9: strategy sampled 100 clients (out of 100)
[2026-01-11 11:55:31,741][flwr][DEBUG] - evaluate_round 9 received 100 results and 0 failures
[2026-01-11 11:55:31,741][flwr][DEBUG] - fit_round 10: strategy sampled 100 clients (out of 100)
[2026-01-11 11:55:33,266][flwr][DEBUG] - fit_round 10 received 100 results and 0 failures
[2026-01-11 11:55:33,348][flwr][INFO] - fit progress: (10, 45.095040678977966, {'accuracy': 0.6025, 'adaptive_mu': 0.003538445785350253}, 25.60036879099789)
[2026-01-11 11:55:33,349][flwr][DEBUG] - evaluate_round 10: strategy sampled 100 clients (out of 100)
[2026-01-11 11:55:33,739][flwr][DEBUG] - evaluate_round 10 received 100 results and 0 failures
[2026-01-11 11:55:33,739][flwr][DEBUG] - fit_round 11: strategy sampled 100 clients (out of 100)
[2026-01-11 11:55:35,523][flwr][DEBUG] - fit_round 11 received 100 results and 0 failures
[2026-01-11 11:55:35,636][flwr][INFO] - fit progress: (11, 44.853478759527206, {'accuracy': 0.6025, 'adaptive_mu': 0.0035665008973724596}, 27.887633874997846)
[2026-01-11 11:55:35,636][flwr][DEBUG] - evaluate_round 11: strategy sampled 100 clients (out of 100)
[2026-01-11 11:55:36,144][flwr][DEBUG] - evaluate_round 11 received 100 results and 0 failures
[2026-01-11 11:55:36,145][flwr][DEBUG] - fit_round 12: strategy sampled 100 clients (out of 100)
[2026-01-11 11:55:38,349][flwr][DEBUG] - fit_round 12 received 100 results and 0 failures
[2026-01-11 11:55:38,434][flwr][INFO] - fit progress: (12, 44.53428199887276, {'accuracy': 0.604, 'adaptive_mu': 0.003580907742491304}, 30.686062708002282)
[2026-01-11 11:55:38,434][flwr][DEBUG] - evaluate_round 12: strategy sampled 100 clients (out of 100)
[2026-01-11 11:55:38,857][flwr][DEBUG] - evaluate_round 12 received 100 results and 0 failures
[2026-01-11 11:55:38,858][flwr][DEBUG] - fit_round 13: strategy sampled 100 clients (out of 100)
[2026-01-11 11:55:40,479][flwr][DEBUG] - fit_round 13 received 100 results and 0 failures
[2026-01-11 11:55:40,566][flwr][INFO] - fit progress: (13, 44.47286933660507, {'accuracy': 0.604, 'adaptive_mu': 0.003587265441530346}, 32.81806383300864)
[2026-01-11 11:55:40,566][flwr][DEBUG] - evaluate_round 13: strategy sampled 100 clients (out of 100)
[2026-01-11 11:55:41,049][flwr][DEBUG] - evaluate_round 13 received 100 results and 0 failures
[2026-01-11 11:55:41,050][flwr][DEBUG] - fit_round 14: strategy sampled 100 clients (out of 100)
[2026-01-11 11:55:42,326][flwr][DEBUG] - fit_round 14 received 100 results and 0 failures
[2026-01-11 11:55:42,413][flwr][INFO] - fit progress: (14, 44.29947575926781, {'accuracy': 0.603, 'adaptive_mu': 0.003588427942091344}, 34.66460899999947)
[2026-01-11 11:55:42,413][flwr][DEBUG] - evaluate_round 14: strategy sampled 100 clients (out of 100)
[2026-01-11 11:55:42,794][flwr][DEBUG] - evaluate_round 14 received 100 results and 0 failures
[2026-01-11 11:55:42,794][flwr][DEBUG] - fit_round 15: strategy sampled 100 clients (out of 100)
[2026-01-11 11:55:44,198][flwr][DEBUG] - fit_round 15 received 100 results and 0 failures
[2026-01-11 11:55:44,281][flwr][INFO] - fit progress: (15, 44.08674120903015, {'accuracy': 0.6065, 'adaptive_mu': 0.0035855399182666003}, 36.53337095800089)
[2026-01-11 11:55:44,282][flwr][DEBUG] - evaluate_round 15: strategy sampled 100 clients (out of 100)
[2026-01-11 11:55:44,648][flwr][DEBUG] - evaluate_round 15 received 100 results and 0 failures
[2026-01-11 11:55:44,648][flwr][DEBUG] - fit_round 16: strategy sampled 100 clients (out of 100)
[2026-01-11 11:55:45,809][flwr][DEBUG] - fit_round 16 received 100 results and 0 failures
[2026-01-11 11:55:45,900][flwr][INFO] - fit progress: (16, 44.15501567721367, {'accuracy': 0.608, 'adaptive_mu': 0.003581399428017465}, 38.151739249995444)
[2026-01-11 11:55:45,900][flwr][DEBUG] - evaluate_round 16: strategy sampled 100 clients (out of 100)
[2026-01-11 11:55:46,276][flwr][DEBUG] - evaluate_round 16 received 100 results and 0 failures
[2026-01-11 11:55:46,277][flwr][DEBUG] - fit_round 17: strategy sampled 100 clients (out of 100)
[2026-01-11 11:55:47,505][flwr][DEBUG] - fit_round 17 received 100 results and 0 failures
[2026-01-11 11:55:47,587][flwr][INFO] - fit progress: (17, 43.89916732907295, {'accuracy': 0.6085, 'adaptive_mu': 0.0035753537123503357}, 39.838651958008995)
[2026-01-11 11:55:47,587][flwr][DEBUG] - evaluate_round 17: strategy sampled 100 clients (out of 100)
[2026-01-11 11:55:47,957][flwr][DEBUG] - evaluate_round 17 received 100 results and 0 failures
[2026-01-11 11:55:47,958][flwr][DEBUG] - fit_round 18: strategy sampled 100 clients (out of 100)
[2026-01-11 11:55:49,184][flwr][DEBUG] - fit_round 18 received 100 results and 0 failures
[2026-01-11 11:55:49,266][flwr][INFO] - fit progress: (18, 44.156389474868774, {'accuracy': 0.607, 'adaptive_mu': 0.0035708153220915437}, 41.51804995800194)
[2026-01-11 11:55:49,266][flwr][DEBUG] - evaluate_round 18: strategy sampled 100 clients (out of 100)
[2026-01-11 11:55:49,681][flwr][DEBUG] - evaluate_round 18 received 100 results and 0 failures
[2026-01-11 11:55:49,681][flwr][DEBUG] - fit_round 19: strategy sampled 100 clients (out of 100)
[2026-01-11 11:55:50,901][flwr][DEBUG] - fit_round 19 received 100 results and 0 failures
[2026-01-11 11:55:50,986][flwr][INFO] - fit progress: (19, 44.011063277721405, {'accuracy': 0.609, 'adaptive_mu': 0.0035647861235242936}, 43.238286000007065)
[2026-01-11 11:55:50,987][flwr][DEBUG] - evaluate_round 19: strategy sampled 100 clients (out of 100)
[2026-01-11 11:55:51,450][flwr][DEBUG] - evaluate_round 19 received 100 results and 0 failures
[2026-01-11 11:55:51,450][flwr][DEBUG] - fit_round 20: strategy sampled 100 clients (out of 100)
[2026-01-11 11:55:52,753][flwr][DEBUG] - fit_round 20 received 100 results and 0 failures
[2026-01-11 11:55:52,838][flwr][INFO] - fit progress: (20, 43.994215309619904, {'accuracy': 0.6065, 'adaptive_mu': 0.0035587206119474155}, 45.089806541000144)
[2026-01-11 11:55:52,838][flwr][DEBUG] - evaluate_round 20: strategy sampled 100 clients (out of 100)
[2026-01-11 11:55:53,300][flwr][DEBUG] - evaluate_round 20 received 100 results and 0 failures
[2026-01-11 11:55:53,301][flwr][DEBUG] - fit_round 21: strategy sampled 100 clients (out of 100)
[2026-01-11 11:55:54,774][flwr][DEBUG] - fit_round 21 received 100 results and 0 failures
[2026-01-11 11:55:54,857][flwr][INFO] - fit progress: (21, 44.124393969774246, {'accuracy': 0.611, 'adaptive_mu': 0.003553612419725024}, 47.109302625001874)
[2026-01-11 11:55:54,858][flwr][DEBUG] - evaluate_round 21: strategy sampled 100 clients (out of 100)
[2026-01-11 11:55:55,235][flwr][DEBUG] - evaluate_round 21 received 100 results and 0 failures
[2026-01-11 11:55:55,235][flwr][DEBUG] - fit_round 22: strategy sampled 100 clients (out of 100)
[2026-01-11 11:55:56,851][flwr][DEBUG] - fit_round 22 received 100 results and 0 failures
[2026-01-11 11:55:56,944][flwr][INFO] - fit progress: (22, 44.03664821386337, {'accuracy': 0.608, 'adaptive_mu': 0.0035485807903268803}, 49.1956199999986)
[2026-01-11 11:55:56,944][flwr][DEBUG] - evaluate_round 22: strategy sampled 100 clients (out of 100)
[2026-01-11 11:55:57,353][flwr][DEBUG] - evaluate_round 22 received 100 results and 0 failures
[2026-01-11 11:55:57,354][flwr][DEBUG] - fit_round 23: strategy sampled 100 clients (out of 100)
[2026-01-11 11:55:58,719][flwr][DEBUG] - fit_round 23 received 100 results and 0 failures
[2026-01-11 11:55:58,804][flwr][INFO] - fit progress: (23, 44.156586945056915, {'accuracy': 0.609, 'adaptive_mu': 0.0035436421608716524}, 51.056195500001195)
[2026-01-11 11:55:58,804][flwr][DEBUG] - evaluate_round 23: strategy sampled 100 clients (out of 100)
[2026-01-11 11:55:59,185][flwr][DEBUG] - evaluate_round 23 received 100 results and 0 failures
[2026-01-11 11:55:59,185][flwr][DEBUG] - fit_round 24: strategy sampled 100 clients (out of 100)
[2026-01-11 11:56:00,436][flwr][DEBUG] - fit_round 24 received 100 results and 0 failures
[2026-01-11 11:56:00,517][flwr][INFO] - fit progress: (24, 44.0328586101532, {'accuracy': 0.609, 'adaptive_mu': 0.0035389035522629276}, 52.76941604100284)
[2026-01-11 11:56:00,518][flwr][DEBUG] - evaluate_round 24: strategy sampled 100 clients (out of 100)
[2026-01-11 11:56:00,902][flwr][DEBUG] - evaluate_round 24 received 100 results and 0 failures
[2026-01-11 11:56:00,903][flwr][DEBUG] - fit_round 25: strategy sampled 100 clients (out of 100)
[2026-01-11 11:56:02,135][flwr][DEBUG] - fit_round 25 received 100 results and 0 failures
[2026-01-11 11:56:02,216][flwr][INFO] - fit progress: (25, 43.92454460263252, {'accuracy': 0.611, 'adaptive_mu': 0.003534321288988733}, 54.46806645800825)
[2026-01-11 11:56:02,216][flwr][DEBUG] - evaluate_round 25: strategy sampled 100 clients (out of 100)
[2026-01-11 11:56:02,670][flwr][DEBUG] - evaluate_round 25 received 100 results and 0 failures
[2026-01-11 11:56:02,670][flwr][DEBUG] - fit_round 26: strategy sampled 100 clients (out of 100)
[2026-01-11 11:56:04,272][flwr][DEBUG] - fit_round 26 received 100 results and 0 failures
[2026-01-11 11:56:04,365][flwr][INFO] - fit progress: (26, 44.12258052825928, {'accuracy': 0.611, 'adaptive_mu': 0.0035309270842754713}, 56.61715925000317)
[2026-01-11 11:56:04,365][flwr][DEBUG] - evaluate_round 26: strategy sampled 100 clients (out of 100)
[2026-01-11 11:56:04,891][flwr][DEBUG] - evaluate_round 26 received 100 results and 0 failures
[2026-01-11 11:56:04,892][flwr][DEBUG] - fit_round 27: strategy sampled 100 clients (out of 100)
[2026-01-11 11:56:06,329][flwr][DEBUG] - fit_round 27 received 100 results and 0 failures
[2026-01-11 11:56:06,411][flwr][INFO] - fit progress: (27, 43.992448419332504, {'accuracy': 0.61, 'adaptive_mu': 0.0035278448382494937}, 58.6632118330017)
[2026-01-11 11:56:06,411][flwr][DEBUG] - evaluate_round 27: strategy sampled 100 clients (out of 100)
[2026-01-11 11:56:06,798][flwr][DEBUG] - evaluate_round 27 received 100 results and 0 failures
[2026-01-11 11:56:06,799][flwr][DEBUG] - fit_round 28: strategy sampled 100 clients (out of 100)
[2026-01-11 11:56:08,193][flwr][DEBUG] - fit_round 28 received 100 results and 0 failures
[2026-01-11 11:56:08,279][flwr][INFO] - fit progress: (28, 44.33215978741646, {'accuracy': 0.612, 'adaptive_mu': 0.0035250361493193395}, 60.53128308300802)
[2026-01-11 11:56:08,280][flwr][DEBUG] - evaluate_round 28: strategy sampled 100 clients (out of 100)
[2026-01-11 11:56:08,655][flwr][DEBUG] - evaluate_round 28 received 100 results and 0 failures
[2026-01-11 11:56:08,656][flwr][DEBUG] - fit_round 29: strategy sampled 100 clients (out of 100)
[2026-01-11 11:56:09,876][flwr][DEBUG] - fit_round 29 received 100 results and 0 failures
[2026-01-11 11:56:09,965][flwr][INFO] - fit progress: (29, 44.074316561222076, {'accuracy': 0.611, 'adaptive_mu': 0.0035236955733044316}, 62.21680141599791)
[2026-01-11 11:56:09,965][flwr][DEBUG] - evaluate_round 29: strategy sampled 100 clients (out of 100)
[2026-01-11 11:56:10,526][flwr][DEBUG] - evaluate_round 29 received 100 results and 0 failures
[2026-01-11 11:56:10,526][flwr][DEBUG] - fit_round 30: strategy sampled 100 clients (out of 100)
[2026-01-11 11:56:12,556][flwr][DEBUG] - fit_round 30 received 100 results and 0 failures
[2026-01-11 11:56:12,678][flwr][INFO] - fit progress: (30, 44.28832906484604, {'accuracy': 0.611, 'adaptive_mu': 0.0035214075677217323}, 64.9296991660085)
[2026-01-11 11:56:12,678][flwr][DEBUG] - evaluate_round 30: strategy sampled 100 clients (out of 100)
[2026-01-11 11:56:13,118][flwr][DEBUG] - evaluate_round 30 received 100 results and 0 failures
[2026-01-11 11:56:13,119][flwr][DEBUG] - fit_round 31: strategy sampled 100 clients (out of 100)
[2026-01-11 11:56:14,422][flwr][DEBUG] - fit_round 31 received 100 results and 0 failures
[2026-01-11 11:56:14,505][flwr][INFO] - fit progress: (31, 44.24057561159134, {'accuracy': 0.6105, 'adaptive_mu': 0.0035186444958300775}, 66.75746554099896)
[2026-01-11 11:56:14,506][flwr][DEBUG] - evaluate_round 31: strategy sampled 100 clients (out of 100)
[2026-01-11 11:56:14,874][flwr][DEBUG] - evaluate_round 31 received 100 results and 0 failures
[2026-01-11 11:56:14,874][flwr][DEBUG] - fit_round 32: strategy sampled 100 clients (out of 100)
[2026-01-11 11:56:16,059][flwr][DEBUG] - fit_round 32 received 100 results and 0 failures
[2026-01-11 11:56:16,267][flwr][INFO] - fit progress: (32, 44.48121166229248, {'accuracy': 0.6085, 'adaptive_mu': 0.0035171331320792256}, 68.51861304100021)
[2026-01-11 11:56:16,267][flwr][DEBUG] - evaluate_round 32: strategy sampled 100 clients (out of 100)
[2026-01-11 11:56:16,636][flwr][DEBUG] - evaluate_round 32 received 100 results and 0 failures
[2026-01-11 11:56:16,637][flwr][DEBUG] - fit_round 33: strategy sampled 100 clients (out of 100)
[2026-01-11 11:56:17,802][flwr][DEBUG] - fit_round 33 received 100 results and 0 failures
[2026-01-11 11:56:17,886][flwr][INFO] - fit progress: (33, 44.2766038775444, {'accuracy': 0.6115, 'adaptive_mu': 0.0035147970350073547}, 70.13778883300256)
[2026-01-11 11:56:17,886][flwr][DEBUG] - evaluate_round 33: strategy sampled 100 clients (out of 100)
[2026-01-11 11:56:18,255][flwr][DEBUG] - evaluate_round 33 received 100 results and 0 failures
[2026-01-11 11:56:18,256][flwr][DEBUG] - fit_round 34: strategy sampled 100 clients (out of 100)
[2026-01-11 11:56:19,438][flwr][DEBUG] - fit_round 34 received 100 results and 0 failures
[2026-01-11 11:56:19,525][flwr][INFO] - fit progress: (34, 44.21884286403656, {'accuracy': 0.613, 'adaptive_mu': 0.0035124827795515326}, 71.77729020800325)
[2026-01-11 11:56:19,526][flwr][DEBUG] - evaluate_round 34: strategy sampled 100 clients (out of 100)
[2026-01-11 11:56:19,885][flwr][DEBUG] - evaluate_round 34 received 100 results and 0 failures
[2026-01-11 11:56:19,886][flwr][DEBUG] - fit_round 35: strategy sampled 100 clients (out of 100)
[2026-01-11 11:56:21,039][flwr][DEBUG] - fit_round 35 received 100 results and 0 failures
[2026-01-11 11:56:21,125][flwr][INFO] - fit progress: (35, 44.429090082645416, {'accuracy': 0.609, 'adaptive_mu': 0.0035099495870567063}, 73.37670962500852)
[2026-01-11 11:56:21,125][flwr][DEBUG] - evaluate_round 35: strategy sampled 100 clients (out of 100)
[2026-01-11 11:56:21,496][flwr][DEBUG] - evaluate_round 35 received 100 results and 0 failures
[2026-01-11 11:56:21,496][flwr][DEBUG] - fit_round 36: strategy sampled 100 clients (out of 100)
[2026-01-11 11:56:22,694][flwr][DEBUG] - fit_round 36 received 100 results and 0 failures
[2026-01-11 11:56:22,777][flwr][INFO] - fit progress: (36, 44.00379902124405, {'accuracy': 0.6135, 'adaptive_mu': 0.0035069842357610603}, 75.02896825000062)
[2026-01-11 11:56:22,777][flwr][DEBUG] - evaluate_round 36: strategy sampled 100 clients (out of 100)
[2026-01-11 11:56:23,155][flwr][DEBUG] - evaluate_round 36 received 100 results and 0 failures
[2026-01-11 11:56:23,155][flwr][DEBUG] - fit_round 37: strategy sampled 100 clients (out of 100)
[2026-01-11 11:56:24,421][flwr][DEBUG] - fit_round 37 received 100 results and 0 failures
[2026-01-11 11:56:24,505][flwr][INFO] - fit progress: (37, 44.1583194732666, {'accuracy': 0.6165, 'adaptive_mu': 0.003506475745320279}, 76.75737020799716)
[2026-01-11 11:56:24,506][flwr][DEBUG] - evaluate_round 37: strategy sampled 100 clients (out of 100)
[2026-01-11 11:56:24,877][flwr][DEBUG] - evaluate_round 37 received 100 results and 0 failures
[2026-01-11 11:56:24,878][flwr][DEBUG] - fit_round 38: strategy sampled 100 clients (out of 100)
[2026-01-11 11:56:26,100][flwr][DEBUG] - fit_round 38 received 100 results and 0 failures
[2026-01-11 11:56:26,183][flwr][INFO] - fit progress: (38, 44.31787544488907, {'accuracy': 0.62, 'adaptive_mu': 0.0035044952417931123}, 78.43481633299962)
[2026-01-11 11:56:26,183][flwr][DEBUG] - evaluate_round 38: strategy sampled 100 clients (out of 100)
[2026-01-11 11:56:26,550][flwr][DEBUG] - evaluate_round 38 received 100 results and 0 failures
[2026-01-11 11:56:26,551][flwr][DEBUG] - fit_round 39: strategy sampled 100 clients (out of 100)
[2026-01-11 11:56:27,735][flwr][DEBUG] - fit_round 39 received 100 results and 0 failures
[2026-01-11 11:56:27,822][flwr][INFO] - fit progress: (39, 44.352841436862946, {'accuracy': 0.6115, 'adaptive_mu': 0.00350234382851635}, 80.07433704100549)
[2026-01-11 11:56:27,823][flwr][DEBUG] - evaluate_round 39: strategy sampled 100 clients (out of 100)
[2026-01-11 11:56:28,269][flwr][DEBUG] - evaluate_round 39 received 100 results and 0 failures
[2026-01-11 11:56:28,269][flwr][DEBUG] - fit_round 40: strategy sampled 100 clients (out of 100)
[2026-01-11 11:56:29,564][flwr][DEBUG] - fit_round 40 received 100 results and 0 failures
[2026-01-11 11:56:29,650][flwr][INFO] - fit progress: (40, 44.51581370830536, {'accuracy': 0.611, 'adaptive_mu': 0.0035017889578226064}, 81.90179033300956)
[2026-01-11 11:56:29,650][flwr][DEBUG] - evaluate_round 40: strategy sampled 100 clients (out of 100)
[2026-01-11 11:56:30,011][flwr][DEBUG] - evaluate_round 40 received 100 results and 0 failures
[2026-01-11 11:56:30,011][flwr][DEBUG] - fit_round 41: strategy sampled 100 clients (out of 100)
[2026-01-11 11:56:31,182][flwr][DEBUG] - fit_round 41 received 100 results and 0 failures
[2026-01-11 11:56:31,264][flwr][INFO] - fit progress: (41, 44.412348210811615, {'accuracy': 0.611, 'adaptive_mu': 0.003501336829962341}, 83.51609325000027)
[2026-01-11 11:56:31,264][flwr][DEBUG] - evaluate_round 41: strategy sampled 100 clients (out of 100)
[2026-01-11 11:56:31,631][flwr][DEBUG] - evaluate_round 41 received 100 results and 0 failures
[2026-01-11 11:56:31,632][flwr][DEBUG] - fit_round 42: strategy sampled 100 clients (out of 100)
[2026-01-11 11:56:32,817][flwr][DEBUG] - fit_round 42 received 100 results and 0 failures
[2026-01-11 11:56:32,900][flwr][INFO] - fit progress: (42, 44.656126856803894, {'accuracy': 0.6105, 'adaptive_mu': 0.0034987926357075557}, 85.1523239579983)
[2026-01-11 11:56:32,901][flwr][DEBUG] - evaluate_round 42: strategy sampled 100 clients (out of 100)
[2026-01-11 11:56:33,270][flwr][DEBUG] - evaluate_round 42 received 100 results and 0 failures
[2026-01-11 11:56:33,270][flwr][DEBUG] - fit_round 43: strategy sampled 100 clients (out of 100)
[2026-01-11 11:56:34,487][flwr][DEBUG] - fit_round 43 received 100 results and 0 failures
[2026-01-11 11:56:34,570][flwr][INFO] - fit progress: (43, 44.302506029605865, {'accuracy': 0.6125, 'adaptive_mu': 0.003497612203260051}, 86.82176933300798)
[2026-01-11 11:56:34,570][flwr][DEBUG] - evaluate_round 43: strategy sampled 100 clients (out of 100)
[2026-01-11 11:56:34,937][flwr][DEBUG] - evaluate_round 43 received 100 results and 0 failures
[2026-01-11 11:56:34,937][flwr][DEBUG] - fit_round 44: strategy sampled 100 clients (out of 100)
[2026-01-11 11:56:36,115][flwr][DEBUG] - fit_round 44 received 100 results and 0 failures
[2026-01-11 11:56:36,224][flwr][INFO] - fit progress: (44, 44.60441476106644, {'accuracy': 0.613, 'adaptive_mu': 0.003496547206296701}, 88.47632391600928)
[2026-01-11 11:56:36,225][flwr][DEBUG] - evaluate_round 44: strategy sampled 100 clients (out of 100)
[2026-01-11 11:56:36,656][flwr][DEBUG] - evaluate_round 44 received 100 results and 0 failures
[2026-01-11 11:56:36,657][flwr][DEBUG] - fit_round 45: strategy sampled 100 clients (out of 100)
[2026-01-11 11:56:37,840][flwr][DEBUG] - fit_round 45 received 100 results and 0 failures
[2026-01-11 11:56:37,922][flwr][INFO] - fit progress: (45, 44.460478365421295, {'accuracy': 0.611, 'adaptive_mu': 0.0034954915143443985}, 90.17387754100491)
[2026-01-11 11:56:37,922][flwr][DEBUG] - evaluate_round 45: strategy sampled 100 clients (out of 100)
[2026-01-11 11:56:38,283][flwr][DEBUG] - evaluate_round 45 received 100 results and 0 failures
[2026-01-11 11:56:38,284][flwr][DEBUG] - fit_round 46: strategy sampled 100 clients (out of 100)
[2026-01-11 11:56:39,446][flwr][DEBUG] - fit_round 46 received 100 results and 0 failures
[2026-01-11 11:56:39,530][flwr][INFO] - fit progress: (46, 44.49311190843582, {'accuracy': 0.611, 'adaptive_mu': 0.0034938321940626805}, 91.7816987499973)
[2026-01-11 11:56:39,530][flwr][DEBUG] - evaluate_round 46: strategy sampled 100 clients (out of 100)
[2026-01-11 11:56:39,915][flwr][DEBUG] - evaluate_round 46 received 100 results and 0 failures
[2026-01-11 11:56:39,916][flwr][DEBUG] - fit_round 47: strategy sampled 100 clients (out of 100)
[2026-01-11 11:56:41,147][flwr][DEBUG] - fit_round 47 received 100 results and 0 failures
[2026-01-11 11:56:41,231][flwr][INFO] - fit progress: (47, 44.54814034700394, {'accuracy': 0.612, 'adaptive_mu': 0.003492688650679404}, 93.48243925000133)
[2026-01-11 11:56:41,231][flwr][DEBUG] - evaluate_round 47: strategy sampled 100 clients (out of 100)
[2026-01-11 11:56:41,598][flwr][DEBUG] - evaluate_round 47 received 100 results and 0 failures
[2026-01-11 11:56:41,599][flwr][DEBUG] - fit_round 48: strategy sampled 100 clients (out of 100)
[2026-01-11 11:56:42,762][flwr][DEBUG] - fit_round 48 received 100 results and 0 failures
[2026-01-11 11:56:42,843][flwr][INFO] - fit progress: (48, 44.2315936088562, {'accuracy': 0.613, 'adaptive_mu': 0.003491495560635369}, 95.09476224999526)
[2026-01-11 11:56:42,843][flwr][DEBUG] - evaluate_round 48: strategy sampled 100 clients (out of 100)
[2026-01-11 11:56:43,221][flwr][DEBUG] - evaluate_round 48 received 100 results and 0 failures
[2026-01-11 11:56:43,222][flwr][DEBUG] - fit_round 49: strategy sampled 100 clients (out of 100)
[2026-01-11 11:56:44,379][flwr][DEBUG] - fit_round 49 received 100 results and 0 failures
[2026-01-11 11:56:44,463][flwr][INFO] - fit progress: (49, 44.59038645029068, {'accuracy': 0.6095, 'adaptive_mu': 0.0034908568710101937}, 96.71435562500847)
[2026-01-11 11:56:44,463][flwr][DEBUG] - evaluate_round 49: strategy sampled 100 clients (out of 100)
[2026-01-11 11:56:44,853][flwr][DEBUG] - evaluate_round 49 received 100 results and 0 failures
[2026-01-11 11:56:44,853][flwr][DEBUG] - fit_round 50: strategy sampled 100 clients (out of 100)
[2026-01-11 11:56:46,019][flwr][DEBUG] - fit_round 50 received 100 results and 0 failures
[2026-01-11 11:56:46,104][flwr][INFO] - fit progress: (50, 44.36999797821045, {'accuracy': 0.6105, 'adaptive_mu': 0.0034892385602964234}, 98.35558820799633)
[2026-01-11 11:56:46,104][flwr][DEBUG] - evaluate_round 50: strategy sampled 100 clients (out of 100)
[2026-01-11 11:56:46,472][flwr][DEBUG] - evaluate_round 50 received 100 results and 0 failures
[2026-01-11 11:56:46,472][flwr][INFO] - FL finished in 98.72410183300963
[2026-01-11 11:56:46,473][flwr][INFO] - app_fit: losses_distributed [(1, 1.0137355473735905), (2, 0.9285089639402222), (3, 0.8469559569611077), (4, 0.8003223970854513), (5, 0.7750625710201209), (6, 0.7587166543333739), (7, 0.7481338116631708), (8, 0.7379068859574195), (9, 0.7334642061906463), (10, 0.7266183296669873), (11, 0.7226869430354838), (12, 0.717253926552332), (13, 0.7163022913725303), (14, 0.7135224552047402), (15, 0.7097483338349508), (16, 0.711248471553144), (17, 0.7071067417237539), (18, 0.7114452864292403), (19, 0.7092230883305118), (20, 0.7088562150118158), (21, 0.7117273019917046), (22, 0.7100274090372255), (23, 0.7122810974767997), (24, 0.710399028638524), (25, 0.7088657868294993), (26, 0.7121951240999571), (27, 0.7099239477661011), (28, 0.7157714564577847), (29, 0.7112536759744054), (30, 0.714837315936273), (31, 0.7138964226119754), (32, 0.7180478667439861), (33, 0.7148247245906835), (34, 0.7140380271262277), (35, 0.7172926390062556), (36, 0.7105998893917895), (37, 0.713209149322819), (38, 0.7160118340564398), (39, 0.7160948011112973), (40, 0.7190075921863148), (41, 0.7173551830618862), (42, 0.7216423897070554), (43, 0.7156035521568834), (44, 0.7207867184461044), (45, 0.7183183983934617), (46, 0.718780401386363), (47, 0.7194610825815028), (48, 0.7141377058248878), (49, 0.719864275505654), (50, 0.7162309134203149)]
[2026-01-11 11:56:46,473][flwr][INFO] - app_fit: metrics_distributed_fit {'adaptive_mu': [(1, 0.001), (2, 0.001), (3, 0.001), (4, 0.0018936055613944245), (5, 0.002539735740604874), (6, 0.00297618321089902), (7, 0.0032482104981911685), (8, 0.003402022121187093), (9, 0.003489089839683107), (10, 0.003538445785350253), (11, 0.0035665008973724596), (12, 0.003580907742491304), (13, 0.003587265441530346), (14, 0.003588427942091344), (15, 0.0035855399182666003), (16, 0.003581399428017465), (17, 0.0035753537123503357), (18, 0.0035708153220915437), (19, 0.0035647861235242936), (20, 0.0035587206119474155), (21, 0.003553612419725024), (22, 0.0035485807903268803), (23, 0.0035436421608716524), (24, 0.0035389035522629276), (25, 0.003534321288988733), (26, 0.0035309270842754713), (27, 0.0035278448382494937), (28, 0.0035250361493193395), (29, 0.0035236955733044316), (30, 0.0035214075677217323), (31, 0.0035186444958300775), (32, 0.0035171331320792256), (33, 0.0035147970350073547), (34, 0.0035124827795515326), (35, 0.0035099495870567063), (36, 0.0035069842357610603), (37, 0.003506475745320279), (38, 0.0035044952417931123), (39, 0.00350234382851635), (40, 0.0035017889578226064), (41, 0.003501336829962341), (42, 0.0034987926357075557), (43, 0.003497612203260051), (44, 0.003496547206296701), (45, 0.0034954915143443985), (46, 0.0034938321940626805), (47, 0.003492688650679404), (48, 0.003491495560635369), (49, 0.0034908568710101937), (50, 0.0034892385602964234)], 'gradient_divergence': [(1, 3.829151051342487), (2, 3.7103460183739663), (3, 3.321335847824812), (4, 2.9943607725948094), (5, 2.7866840524971486), (6, 2.6405299473926425), (7, 2.530462380386889), (8, 2.4493449076265095), (9, 2.3811675077676773), (10, 2.321521820873022), (11, 2.2831420177966355), (12, 2.2331091663613916), (13, 2.1943891179934143), (14, 2.1550554551184176), (15, 2.1245740323886277), (16, 2.095649913623929), (17, 2.072236635051668), (18, 2.0570327308401466), (19, 2.033252445086837), (20, 2.0148725643195213), (21, 1.9993890166655184), (22, 1.9781345126777887), (23, 1.9667730042338372), (24, 1.9470463724806906), (25, 1.9293679291009902), (26, 1.919682721272111), (27, 1.9097477065585553), (28, 1.8993859961256385), (29, 1.8895118343830108), (30, 1.872118185479194), (31, 1.86033210311085), (32, 1.865371543765068), (33, 1.8485997249744832), (34, 1.8407841939851641), (35, 1.840168957784772), (36, 1.8221031879074872), (37, 1.8228707039915024), (38, 1.8117989121749998), (39, 1.8016754264198243), (40, 1.8104256071522833), (41, 1.8035113719291984), (42, 1.793579933885485), (43, 1.7991770877689124), (44, 1.7955097216367721), (45, 1.7914315191470087), (46, 1.7809868155233561), (47, 1.7826290691271425), (48, 1.783751624636352), (49, 1.7792178187519312), (50, 1.7671240311674774)], 'avg_label_entropy': [(1, 0.6811522277531928), (2, 0.6811522277531928), (3, 0.6811522277531928), (4, 0.6811522277531928), (5, 0.6811522277531928), (6, 0.681152227753193), (7, 0.681152227753193), (8, 0.6811522277531928), (9, 0.6811522277531928), (10, 0.681152227753193), (11, 0.6811522277531927), (12, 0.6811522277531928), (13, 0.681152227753193), (14, 0.6811522277531928), (15, 0.6811522277531928), (16, 0.681152227753193), (17, 0.6811522277531928), (18, 0.681152227753193), (19, 0.6811522277531928), (20, 0.6811522277531927), (21, 0.6811522277531927), (22, 0.681152227753193), (23, 0.6811522277531927), (24, 0.6811522277531928), (25, 0.6811522277531927), (26, 0.6811522277531928), (27, 0.6811522277531928), (28, 0.6811522277531928), (29, 0.681152227753193), (30, 0.6811522277531928), (31, 0.6811522277531928), (32, 0.6811522277531928), (33, 0.6811522277531928), (34, 0.6811522277531927), (35, 0.6811522277531927), (36, 0.681152227753193), (37, 0.681152227753193), (38, 0.6811522277531928), (39, 0.6811522277531928), (40, 0.6811522277531928), (41, 0.6811522277531927), (42, 0.681152227753193), (43, 0.681152227753193), (44, 0.6811522277531928), (45, 0.681152227753193), (46, 0.6811522277531928), (47, 0.6811522277531928), (48, 0.6811522277531928), (49, 0.681152227753193), (50, 0.6811522277531928)], 'avg_feature_variance': [(1, 0.9265728867053986), (2, 0.9265729004144668), (3, 0.9265728956460952), (4, 0.9265728995203972), (5, 0.9265728887915611), (6, 0.9265728983283043), (7, 0.9265729084610939), (8, 0.9265728896856308), (9, 0.9265728977322578), (10, 0.9265729069709778), (11, 0.9265728932619095), (12, 0.9265728899836541), (13, 0.926572884619236), (14, 0.926572896540165), (15, 0.9265729010105133), (16, 0.9265728917717934), (17, 0.9265729057788848), (18, 0.9265728974342347), (19, 0.9265729030966758), (20, 0.9265728935599327), (21, 0.9265728926658631), (22, 0.9265728959441185), (23, 0.9265728941559792), (24, 0.9265729007124901), (25, 0.9265728941559792), (26, 0.9265728890895844), (27, 0.9265729051828384), (28, 0.9265729090571404), (29, 0.9265729001164437), (30, 0.9265728938579559), (31, 0.9265728962421417), (32, 0.9265729007124901), (33, 0.926572879254818), (34, 0.9265729060769081), (35, 0.926572901904583), (36, 0.9265728881955146), (37, 0.9265728968381882), (38, 0.9265728956460952), (39, 0.9265729069709778), (40, 0.9265728890895844), (41, 0.9265728989243507), (42, 0.926572904586792), (43, 0.9265729144215584), (44, 0.9265729051828384), (45, 0.9265728953480721), (46, 0.9265728905797005), (47, 0.9265728914737701), (48, 0.9265728864073753), (49, 0.9265728953480721), (50, 0.9265729039907455)]}
[2026-01-11 11:56:46,473][flwr][INFO] - app_fit: metrics_distributed {}
[2026-01-11 11:56:46,473][flwr][INFO] - app_fit: losses_centralized [(0, 67.88411092758179), (1, 63.33701503276825), (2, 57.85947626829147), (3, 52.622254610061646), (4, 49.65865582227707), (5, 48.075790882110596), (6, 47.0684680044651), (7, 46.40801924467087), (8, 45.794029623270035), (9, 45.512431651353836), (10, 45.095040678977966), (11, 44.853478759527206), (12, 44.53428199887276), (13, 44.47286933660507), (14, 44.29947575926781), (15, 44.08674120903015), (16, 44.15501567721367), (17, 43.89916732907295), (18, 44.156389474868774), (19, 44.011063277721405), (20, 43.994215309619904), (21, 44.124393969774246), (22, 44.03664821386337), (23, 44.156586945056915), (24, 44.0328586101532), (25, 43.92454460263252), (26, 44.12258052825928), (27, 43.992448419332504), (28, 44.33215978741646), (29, 44.074316561222076), (30, 44.28832906484604), (31, 44.24057561159134), (32, 44.48121166229248), (33, 44.2766038775444), (34, 44.21884286403656), (35, 44.429090082645416), (36, 44.00379902124405), (37, 44.1583194732666), (38, 44.31787544488907), (39, 44.352841436862946), (40, 44.51581370830536), (41, 44.412348210811615), (42, 44.656126856803894), (43, 44.302506029605865), (44, 44.60441476106644), (45, 44.460478365421295), (46, 44.49311190843582), (47, 44.54814034700394), (48, 44.2315936088562), (49, 44.59038645029068), (50, 44.36999797821045)]
[2026-01-11 11:56:46,473][flwr][INFO] - app_fit: metrics_centralized {'accuracy': [(0, 0.3585), (1, 0.5115), (2, 0.566), (3, 0.593), (4, 0.596), (5, 0.6015), (6, 0.6055), (7, 0.605), (8, 0.6045), (9, 0.6045), (10, 0.6025), (11, 0.6025), (12, 0.604), (13, 0.604), (14, 0.603), (15, 0.6065), (16, 0.608), (17, 0.6085), (18, 0.607), (19, 0.609), (20, 0.6065), (21, 0.611), (22, 0.608), (23, 0.609), (24, 0.609), (25, 0.611), (26, 0.611), (27, 0.61), (28, 0.612), (29, 0.611), (30, 0.611), (31, 0.6105), (32, 0.6085), (33, 0.6115), (34, 0.613), (35, 0.609), (36, 0.6135), (37, 0.6165), (38, 0.62), (39, 0.6115), (40, 0.611), (41, 0.611), (42, 0.6105), (43, 0.6125), (44, 0.613), (45, 0.611), (46, 0.611), (47, 0.612), (48, 0.613), (49, 0.6095), (50, 0.6105)], 'adaptive_mu': [(0, 0.001), (1, 0.001), (2, 0.001), (3, 0.001), (4, 0.0018936055613944245), (5, 0.002539735740604874), (6, 0.00297618321089902), (7, 0.0032482104981911685), (8, 0.003402022121187093), (9, 0.003489089839683107), (10, 0.003538445785350253), (11, 0.0035665008973724596), (12, 0.003580907742491304), (13, 0.003587265441530346), (14, 0.003588427942091344), (15, 0.0035855399182666003), (16, 0.003581399428017465), (17, 0.0035753537123503357), (18, 0.0035708153220915437), (19, 0.0035647861235242936), (20, 0.0035587206119474155), (21, 0.003553612419725024), (22, 0.0035485807903268803), (23, 0.0035436421608716524), (24, 0.0035389035522629276), (25, 0.003534321288988733), (26, 0.0035309270842754713), (27, 0.0035278448382494937), (28, 0.0035250361493193395), (29, 0.0035236955733044316), (30, 0.0035214075677217323), (31, 0.0035186444958300775), (32, 0.0035171331320792256), (33, 0.0035147970350073547), (34, 0.0035124827795515326), (35, 0.0035099495870567063), (36, 0.0035069842357610603), (37, 0.003506475745320279), (38, 0.0035044952417931123), (39, 0.00350234382851635), (40, 0.0035017889578226064), (41, 0.003501336829962341), (42, 0.0034987926357075557), (43, 0.003497612203260051), (44, 0.003496547206296701), (45, 0.0034954915143443985), (46, 0.0034938321940626805), (47, 0.003492688650679404), (48, 0.003491495560635369), (49, 0.0034908568710101937), (50, 0.0034892385602964234)]}
[2026-01-11 11:56:46,519][flwr][INFO] - Starting Flower simulation, config: ServerConfig(num_rounds=50, round_timeout=None)
[2026-01-11 11:56:55,374][flwr][INFO] - Flower VCE: Ray initialized with resources: {'memory': 12198967706.0, 'node:127.0.0.1': 1.0, 'object_store_memory': 2147483648.0, 'CPU': 10.0}
[2026-01-11 11:56:55,375][flwr][INFO] - Initializing global parameters
[2026-01-11 11:56:55,376][flwr][INFO] - Using initial parameters provided by strategy
[2026-01-11 11:56:55,376][flwr][INFO] - Evaluating initial parameters
[2026-01-11 11:56:55,405][flwr][INFO] - initial parameters (loss, other metrics): 71.80140054225922, {'accuracy': 0.238}
[2026-01-11 11:56:55,405][flwr][INFO] - FL starting
[2026-01-11 11:56:55,407][flwr][DEBUG] - fit_round 1: strategy sampled 10 clients (out of 100)
[2026-01-11 11:57:00,920][flwr][DEBUG] - fit_round 1 received 10 results and 0 failures
[2026-01-11 11:57:00,952][flwr][INFO] - fit progress: (1, 91.74626994132996, {'accuracy': 0.507}, 5.546722917002626)
[2026-01-11 11:57:00,952][flwr][INFO] - evaluate_round 1: no clients selected, cancel
[2026-01-11 11:57:00,954][flwr][DEBUG] - fit_round 2: strategy sampled 10 clients (out of 100)
[2026-01-11 11:57:01,182][flwr][DEBUG] - fit_round 2 received 10 results and 0 failures
[2026-01-11 11:57:01,221][flwr][INFO] - fit progress: (2, 108.2927531003952, {'accuracy': 0.248}, 5.816162167000584)
[2026-01-11 11:57:01,222][flwr][INFO] - evaluate_round 2: no clients selected, cancel
[2026-01-11 11:57:01,222][flwr][DEBUG] - fit_round 3: strategy sampled 10 clients (out of 100)
[2026-01-11 11:57:01,446][flwr][DEBUG] - fit_round 3 received 10 results and 0 failures
[2026-01-11 11:57:01,472][flwr][INFO] - fit progress: (3, 155.49351584911346, {'accuracy': 0.507}, 6.067283291995409)
[2026-01-11 11:57:01,473][flwr][INFO] - evaluate_round 3: no clients selected, cancel
[2026-01-11 11:57:01,473][flwr][DEBUG] - fit_round 4: strategy sampled 10 clients (out of 100)
[2026-01-11 11:57:01,696][flwr][DEBUG] - fit_round 4 received 10 results and 0 failures
[2026-01-11 11:57:01,722][flwr][INFO] - fit progress: (4, 92.23804414272308, {'accuracy': 0.248}, 6.316621916994336)
[2026-01-11 11:57:01,722][flwr][INFO] - evaluate_round 4: no clients selected, cancel
[2026-01-11 11:57:01,722][flwr][DEBUG] - fit_round 5: strategy sampled 10 clients (out of 100)
[2026-01-11 11:57:01,942][flwr][DEBUG] - fit_round 5 received 10 results and 0 failures
[2026-01-11 11:57:01,967][flwr][INFO] - fit progress: (5, 68.14516067504883, {'accuracy': 0.507}, 6.561670708004385)
[2026-01-11 11:57:01,967][flwr][INFO] - evaluate_round 5: no clients selected, cancel
[2026-01-11 11:57:01,968][flwr][DEBUG] - fit_round 6: strategy sampled 10 clients (out of 100)
[2026-01-11 11:57:02,206][flwr][DEBUG] - fit_round 6 received 10 results and 0 failures
[2026-01-11 11:57:02,235][flwr][INFO] - fit progress: (6, 113.0757508277893, {'accuracy': 0.248}, 6.830255833003321)
[2026-01-11 11:57:02,236][flwr][INFO] - evaluate_round 6: no clients selected, cancel
[2026-01-11 11:57:02,236][flwr][DEBUG] - fit_round 7: strategy sampled 10 clients (out of 100)
[2026-01-11 11:57:02,456][flwr][DEBUG] - fit_round 7 received 10 results and 0 failures
[2026-01-11 11:57:02,482][flwr][INFO] - fit progress: (7, 70.53591096401215, {'accuracy': 0.248}, 7.0771583750029095)
[2026-01-11 11:57:02,482][flwr][INFO] - evaluate_round 7: no clients selected, cancel
[2026-01-11 11:57:02,483][flwr][DEBUG] - fit_round 8: strategy sampled 10 clients (out of 100)
[2026-01-11 11:57:02,724][flwr][DEBUG] - fit_round 8 received 10 results and 0 failures
[2026-01-11 11:57:02,749][flwr][INFO] - fit progress: (8, 161.32734596729279, {'accuracy': 0.248}, 7.34430420800345)
[2026-01-11 11:57:02,750][flwr][INFO] - evaluate_round 8: no clients selected, cancel
[2026-01-11 11:57:02,750][flwr][DEBUG] - fit_round 9: strategy sampled 10 clients (out of 100)
[2026-01-11 11:57:02,996][flwr][DEBUG] - fit_round 9 received 10 results and 0 failures
[2026-01-11 11:57:03,021][flwr][INFO] - fit progress: (9, 143.17815852165222, {'accuracy': 0.248}, 7.615405749995261)
[2026-01-11 11:57:03,021][flwr][INFO] - evaluate_round 9: no clients selected, cancel
[2026-01-11 11:57:03,021][flwr][DEBUG] - fit_round 10: strategy sampled 10 clients (out of 100)
[2026-01-11 11:57:03,304][flwr][DEBUG] - fit_round 10 received 10 results and 0 failures
[2026-01-11 11:57:03,328][flwr][INFO] - fit progress: (10, 115.77183890342712, {'accuracy': 0.244}, 7.923113583005033)
[2026-01-11 11:57:03,328][flwr][INFO] - evaluate_round 10: no clients selected, cancel
[2026-01-11 11:57:03,329][flwr][DEBUG] - fit_round 11: strategy sampled 10 clients (out of 100)
[2026-01-11 11:57:03,584][flwr][DEBUG] - fit_round 11 received 10 results and 0 failures
[2026-01-11 11:57:03,615][flwr][INFO] - fit progress: (11, 148.28910982608795, {'accuracy': 0.248}, 8.20965208299458)
[2026-01-11 11:57:03,615][flwr][INFO] - evaluate_round 11: no clients selected, cancel
[2026-01-11 11:57:03,615][flwr][DEBUG] - fit_round 12: strategy sampled 10 clients (out of 100)
[2026-01-11 11:57:03,962][flwr][DEBUG] - fit_round 12 received 10 results and 0 failures
[2026-01-11 11:57:03,987][flwr][INFO] - fit progress: (12, 91.78393757343292, {'accuracy': 0.1985}, 8.581728832999943)
[2026-01-11 11:57:03,987][flwr][INFO] - evaluate_round 12: no clients selected, cancel
[2026-01-11 11:57:03,988][flwr][DEBUG] - fit_round 13: strategy sampled 10 clients (out of 100)
[2026-01-11 11:57:04,523][flwr][DEBUG] - fit_round 13 received 10 results and 0 failures
[2026-01-11 11:57:04,552][flwr][INFO] - fit progress: (13, 154.42589378356934, {'accuracy': 0.248}, 9.147135791994515)
[2026-01-11 11:57:04,552][flwr][INFO] - evaluate_round 13: no clients selected, cancel
[2026-01-11 11:57:04,553][flwr][DEBUG] - fit_round 14: strategy sampled 10 clients (out of 100)
[2026-01-11 11:57:04,820][flwr][DEBUG] - fit_round 14 received 10 results and 0 failures
[2026-01-11 11:57:04,847][flwr][INFO] - fit progress: (14, 119.06988847255707, {'accuracy': 0.248}, 9.44176291700569)
[2026-01-11 11:57:04,847][flwr][INFO] - evaluate_round 14: no clients selected, cancel
[2026-01-11 11:57:04,848][flwr][DEBUG] - fit_round 15: strategy sampled 10 clients (out of 100)
[2026-01-11 11:57:05,120][flwr][DEBUG] - fit_round 15 received 10 results and 0 failures
[2026-01-11 11:57:05,148][flwr][INFO] - fit progress: (15, 191.09963583946228, {'accuracy': 0.248}, 9.743314000006649)
[2026-01-11 11:57:05,149][flwr][INFO] - evaluate_round 15: no clients selected, cancel
[2026-01-11 11:57:05,149][flwr][DEBUG] - fit_round 16: strategy sampled 10 clients (out of 100)
[2026-01-11 11:57:05,420][flwr][DEBUG] - fit_round 16 received 10 results and 0 failures
[2026-01-11 11:57:05,445][flwr][INFO] - fit progress: (16, 174.18474423885345, {'accuracy': 0.248}, 10.03934291699261)
[2026-01-11 11:57:05,445][flwr][INFO] - evaluate_round 16: no clients selected, cancel
[2026-01-11 11:57:05,445][flwr][DEBUG] - fit_round 17: strategy sampled 10 clients (out of 100)
[2026-01-11 11:57:05,705][flwr][DEBUG] - fit_round 17 received 10 results and 0 failures
[2026-01-11 11:57:05,731][flwr][INFO] - fit progress: (17, 217.59264826774597, {'accuracy': 0.248}, 10.325854583003093)
[2026-01-11 11:57:05,731][flwr][INFO] - evaluate_round 17: no clients selected, cancel
[2026-01-11 11:57:05,732][flwr][DEBUG] - fit_round 18: strategy sampled 10 clients (out of 100)
[2026-01-11 11:57:05,993][flwr][DEBUG] - fit_round 18 received 10 results and 0 failures
[2026-01-11 11:57:06,018][flwr][INFO] - fit progress: (18, 166.5706284046173, {'accuracy': 0.248}, 10.613110833000974)
[2026-01-11 11:57:06,018][flwr][INFO] - evaluate_round 18: no clients selected, cancel
[2026-01-11 11:57:06,019][flwr][DEBUG] - fit_round 19: strategy sampled 10 clients (out of 100)
[2026-01-11 11:57:06,290][flwr][DEBUG] - fit_round 19 received 10 results and 0 failures
[2026-01-11 11:57:06,315][flwr][INFO] - fit progress: (19, 162.7883416414261, {'accuracy': 0.248}, 10.909723582997685)
[2026-01-11 11:57:06,315][flwr][INFO] - evaluate_round 19: no clients selected, cancel
[2026-01-11 11:57:06,315][flwr][DEBUG] - fit_round 20: strategy sampled 10 clients (out of 100)
[2026-01-11 11:57:06,585][flwr][DEBUG] - fit_round 20 received 10 results and 0 failures
[2026-01-11 11:57:06,614][flwr][INFO] - fit progress: (20, 124.33347380161285, {'accuracy': 0.248}, 11.20836866699392)
[2026-01-11 11:57:06,614][flwr][INFO] - evaluate_round 20: no clients selected, cancel
[2026-01-11 11:57:06,614][flwr][DEBUG] - fit_round 21: strategy sampled 10 clients (out of 100)
[2026-01-11 11:57:06,872][flwr][DEBUG] - fit_round 21 received 10 results and 0 failures
[2026-01-11 11:57:06,900][flwr][INFO] - fit progress: (21, 148.65164732933044, {'accuracy': 0.248}, 11.494787417002954)
[2026-01-11 11:57:06,900][flwr][INFO] - evaluate_round 21: no clients selected, cancel
[2026-01-11 11:57:06,901][flwr][DEBUG] - fit_round 22: strategy sampled 10 clients (out of 100)
[2026-01-11 11:57:07,180][flwr][DEBUG] - fit_round 22 received 10 results and 0 failures
[2026-01-11 11:57:07,206][flwr][INFO] - fit progress: (22, 151.40945482254028, {'accuracy': 0.248}, 11.800753332994645)
[2026-01-11 11:57:07,206][flwr][INFO] - evaluate_round 22: no clients selected, cancel
[2026-01-11 11:57:07,207][flwr][DEBUG] - fit_round 23: strategy sampled 10 clients (out of 100)
[2026-01-11 11:57:07,476][flwr][DEBUG] - fit_round 23 received 10 results and 0 failures
[2026-01-11 11:57:07,502][flwr][INFO] - fit progress: (23, 190.46411633491516, {'accuracy': 0.248}, 12.096947458005161)
[2026-01-11 11:57:07,502][flwr][INFO] - evaluate_round 23: no clients selected, cancel
[2026-01-11 11:57:07,503][flwr][DEBUG] - fit_round 24: strategy sampled 10 clients (out of 100)
[2026-01-11 11:57:07,767][flwr][DEBUG] - fit_round 24 received 10 results and 0 failures
[2026-01-11 11:57:07,792][flwr][INFO] - fit progress: (24, 218.9620451927185, {'accuracy': 0.248}, 12.387221875003888)
[2026-01-11 11:57:07,793][flwr][INFO] - evaluate_round 24: no clients selected, cancel
[2026-01-11 11:57:07,793][flwr][DEBUG] - fit_round 25: strategy sampled 10 clients (out of 100)
[2026-01-11 11:57:08,059][flwr][DEBUG] - fit_round 25 received 10 results and 0 failures
[2026-01-11 11:57:08,084][flwr][INFO] - fit progress: (25, 206.05677461624146, {'accuracy': 0.248}, 12.679179832994123)
[2026-01-11 11:57:08,085][flwr][INFO] - evaluate_round 25: no clients selected, cancel
[2026-01-11 11:57:08,085][flwr][DEBUG] - fit_round 26: strategy sampled 10 clients (out of 100)
[2026-01-11 11:57:08,336][flwr][DEBUG] - fit_round 26 received 10 results and 0 failures
[2026-01-11 11:57:08,361][flwr][INFO] - fit progress: (26, 224.62662434577942, {'accuracy': 0.248}, 12.95574962500541)
[2026-01-11 11:57:08,361][flwr][INFO] - evaluate_round 26: no clients selected, cancel
[2026-01-11 11:57:08,362][flwr][DEBUG] - fit_round 27: strategy sampled 10 clients (out of 100)
[2026-01-11 11:57:08,632][flwr][DEBUG] - fit_round 27 received 10 results and 0 failures
[2026-01-11 11:57:08,658][flwr][INFO] - fit progress: (27, 207.59790229797363, {'accuracy': 0.248}, 13.252785082993796)
[2026-01-11 11:57:08,658][flwr][INFO] - evaluate_round 27: no clients selected, cancel
[2026-01-11 11:57:08,659][flwr][DEBUG] - fit_round 28: strategy sampled 10 clients (out of 100)
[2026-01-11 11:57:08,919][flwr][DEBUG] - fit_round 28 received 10 results and 0 failures
[2026-01-11 11:57:08,944][flwr][INFO] - fit progress: (28, 296.32978105545044, {'accuracy': 0.248}, 13.538625500004855)
[2026-01-11 11:57:08,944][flwr][INFO] - evaluate_round 28: no clients selected, cancel
[2026-01-11 11:57:08,944][flwr][DEBUG] - fit_round 29: strategy sampled 10 clients (out of 100)
[2026-01-11 11:57:09,203][flwr][DEBUG] - fit_round 29 received 10 results and 0 failures
[2026-01-11 11:57:09,231][flwr][INFO] - fit progress: (29, 295.8137583732605, {'accuracy': 0.248}, 13.82540083299682)
[2026-01-11 11:57:09,231][flwr][INFO] - evaluate_round 29: no clients selected, cancel
[2026-01-11 11:57:09,231][flwr][DEBUG] - fit_round 30: strategy sampled 10 clients (out of 100)
[2026-01-11 11:57:09,478][flwr][DEBUG] - fit_round 30 received 10 results and 0 failures
[2026-01-11 11:57:09,503][flwr][INFO] - fit progress: (30, 313.11364555358887, {'accuracy': 0.248}, 14.097332457997254)
[2026-01-11 11:57:09,503][flwr][INFO] - evaluate_round 30: no clients selected, cancel
[2026-01-11 11:57:09,503][flwr][DEBUG] - fit_round 31: strategy sampled 10 clients (out of 100)
[2026-01-11 11:57:09,794][flwr][DEBUG] - fit_round 31 received 10 results and 0 failures
[2026-01-11 11:57:09,819][flwr][INFO] - fit progress: (31, 407.25618743896484, {'accuracy': 0.248}, 14.41426112499903)
[2026-01-11 11:57:09,820][flwr][INFO] - evaluate_round 31: no clients selected, cancel
[2026-01-11 11:57:09,820][flwr][DEBUG] - fit_round 32: strategy sampled 10 clients (out of 100)
[2026-01-11 11:57:10,098][flwr][DEBUG] - fit_round 32 received 10 results and 0 failures
[2026-01-11 11:57:10,124][flwr][INFO] - fit progress: (32, 450.3747148513794, {'accuracy': 0.248}, 14.71898799999326)
[2026-01-11 11:57:10,124][flwr][INFO] - evaluate_round 32: no clients selected, cancel
[2026-01-11 11:57:10,125][flwr][DEBUG] - fit_round 33: strategy sampled 10 clients (out of 100)
[2026-01-11 11:57:10,390][flwr][DEBUG] - fit_round 33 received 10 results and 0 failures
[2026-01-11 11:57:10,416][flwr][INFO] - fit progress: (33, 425.4886665344238, {'accuracy': 0.248}, 15.01051004200417)
[2026-01-11 11:57:10,416][flwr][INFO] - evaluate_round 33: no clients selected, cancel
[2026-01-11 11:57:10,416][flwr][DEBUG] - fit_round 34: strategy sampled 10 clients (out of 100)
[2026-01-11 11:57:10,689][flwr][DEBUG] - fit_round 34 received 10 results and 0 failures
[2026-01-11 11:57:10,720][flwr][INFO] - fit progress: (34, 448.6524090766907, {'accuracy': 0.248}, 15.31472720799502)
[2026-01-11 11:57:10,720][flwr][INFO] - evaluate_round 34: no clients selected, cancel
[2026-01-11 11:57:10,721][flwr][DEBUG] - fit_round 35: strategy sampled 10 clients (out of 100)
[2026-01-11 11:57:10,981][flwr][DEBUG] - fit_round 35 received 10 results and 0 failures
[2026-01-11 11:57:11,006][flwr][INFO] - fit progress: (35, 392.00824308395386, {'accuracy': 0.248}, 15.600616499999887)
[2026-01-11 11:57:11,006][flwr][INFO] - evaluate_round 35: no clients selected, cancel
[2026-01-11 11:57:11,006][flwr][DEBUG] - fit_round 36: strategy sampled 10 clients (out of 100)
[2026-01-11 11:57:11,279][flwr][DEBUG] - fit_round 36 received 10 results and 0 failures
[2026-01-11 11:57:11,304][flwr][INFO] - fit progress: (36, 432.03793144226074, {'accuracy': 0.248}, 15.899134000006597)
[2026-01-11 11:57:11,305][flwr][INFO] - evaluate_round 36: no clients selected, cancel
[2026-01-11 11:57:11,305][flwr][DEBUG] - fit_round 37: strategy sampled 10 clients (out of 100)
[2026-01-11 11:57:11,575][flwr][DEBUG] - fit_round 37 received 10 results and 0 failures
[2026-01-11 11:57:11,604][flwr][INFO] - fit progress: (37, 355.6859838962555, {'accuracy': 0.248}, 16.198486583001795)
[2026-01-11 11:57:11,604][flwr][INFO] - evaluate_round 37: no clients selected, cancel
[2026-01-11 11:57:11,604][flwr][DEBUG] - fit_round 38: strategy sampled 10 clients (out of 100)
[2026-01-11 11:57:11,902][flwr][DEBUG] - fit_round 38 received 10 results and 0 failures
[2026-01-11 11:57:11,932][flwr][INFO] - fit progress: (38, 421.9174427986145, {'accuracy': 0.248}, 16.526352707995102)
[2026-01-11 11:57:11,932][flwr][INFO] - evaluate_round 38: no clients selected, cancel
[2026-01-11 11:57:11,932][flwr][DEBUG] - fit_round 39: strategy sampled 10 clients (out of 100)
[2026-01-11 11:57:12,202][flwr][DEBUG] - fit_round 39 received 10 results and 0 failures
[2026-01-11 11:57:12,229][flwr][INFO] - fit progress: (39, 345.9781222343445, {'accuracy': 0.248}, 16.823678999993717)
[2026-01-11 11:57:12,229][flwr][INFO] - evaluate_round 39: no clients selected, cancel
[2026-01-11 11:57:12,229][flwr][DEBUG] - fit_round 40: strategy sampled 10 clients (out of 100)
[2026-01-11 11:57:12,477][flwr][DEBUG] - fit_round 40 received 10 results and 0 failures
[2026-01-11 11:57:12,507][flwr][INFO] - fit progress: (40, 356.38519191741943, {'accuracy': 0.248}, 17.102067166997585)
[2026-01-11 11:57:12,507][flwr][INFO] - evaluate_round 40: no clients selected, cancel
[2026-01-11 11:57:12,508][flwr][DEBUG] - fit_round 41: strategy sampled 10 clients (out of 100)
[2026-01-11 11:57:12,774][flwr][DEBUG] - fit_round 41 received 10 results and 0 failures
[2026-01-11 11:57:12,805][flwr][INFO] - fit progress: (41, 358.4000976085663, {'accuracy': 0.248}, 17.399909582993132)
[2026-01-11 11:57:12,805][flwr][INFO] - evaluate_round 41: no clients selected, cancel
[2026-01-11 11:57:12,806][flwr][DEBUG] - fit_round 42: strategy sampled 10 clients (out of 100)
[2026-01-11 11:57:13,077][flwr][DEBUG] - fit_round 42 received 10 results and 0 failures
[2026-01-11 11:57:13,102][flwr][INFO] - fit progress: (42, 296.4843809604645, {'accuracy': 0.248}, 17.696951624995563)
[2026-01-11 11:57:13,102][flwr][INFO] - evaluate_round 42: no clients selected, cancel
[2026-01-11 11:57:13,103][flwr][DEBUG] - fit_round 43: strategy sampled 10 clients (out of 100)
[2026-01-11 11:57:13,397][flwr][DEBUG] - fit_round 43 received 10 results and 0 failures
[2026-01-11 11:57:13,428][flwr][INFO] - fit progress: (43, 329.91440773010254, {'accuracy': 0.248}, 18.023100958002033)
[2026-01-11 11:57:13,428][flwr][INFO] - evaluate_round 43: no clients selected, cancel
[2026-01-11 11:57:13,429][flwr][DEBUG] - fit_round 44: strategy sampled 10 clients (out of 100)
[2026-01-11 11:57:13,719][flwr][DEBUG] - fit_round 44 received 10 results and 0 failures
[2026-01-11 11:57:13,745][flwr][INFO] - fit progress: (44, 271.19390535354614, {'accuracy': 0.248}, 18.34006991700153)
[2026-01-11 11:57:13,745][flwr][INFO] - evaluate_round 44: no clients selected, cancel
[2026-01-11 11:57:13,746][flwr][DEBUG] - fit_round 45: strategy sampled 10 clients (out of 100)
[2026-01-11 11:57:14,091][flwr][DEBUG] - fit_round 45 received 10 results and 0 failures
[2026-01-11 11:57:14,116][flwr][INFO] - fit progress: (45, 304.2162139415741, {'accuracy': 0.248}, 18.71042491699336)
[2026-01-11 11:57:14,116][flwr][INFO] - evaluate_round 45: no clients selected, cancel
[2026-01-11 11:57:14,116][flwr][DEBUG] - fit_round 46: strategy sampled 10 clients (out of 100)
[2026-01-11 11:57:14,381][flwr][DEBUG] - fit_round 46 received 10 results and 0 failures
[2026-01-11 11:57:14,406][flwr][INFO] - fit progress: (46, 355.13916087150574, {'accuracy': 0.248}, 19.00102045800304)
[2026-01-11 11:57:14,406][flwr][INFO] - evaluate_round 46: no clients selected, cancel
[2026-01-11 11:57:14,407][flwr][DEBUG] - fit_round 47: strategy sampled 10 clients (out of 100)
[2026-01-11 11:57:14,685][flwr][DEBUG] - fit_round 47 received 10 results and 0 failures
[2026-01-11 11:57:14,712][flwr][INFO] - fit progress: (47, 322.95223593711853, {'accuracy': 0.248}, 19.30709212500369)
[2026-01-11 11:57:14,712][flwr][INFO] - evaluate_round 47: no clients selected, cancel
[2026-01-11 11:57:14,713][flwr][DEBUG] - fit_round 48: strategy sampled 10 clients (out of 100)
[2026-01-11 11:57:15,087][flwr][DEBUG] - fit_round 48 received 10 results and 0 failures
[2026-01-11 11:57:15,113][flwr][INFO] - fit progress: (48, 357.0315012931824, {'accuracy': 0.248}, 19.708100250005373)
[2026-01-11 11:57:15,113][flwr][INFO] - evaluate_round 48: no clients selected, cancel
[2026-01-11 11:57:15,114][flwr][DEBUG] - fit_round 49: strategy sampled 10 clients (out of 100)
[2026-01-11 11:57:15,631][flwr][DEBUG] - fit_round 49 received 10 results and 0 failures
[2026-01-11 11:57:15,659][flwr][INFO] - fit progress: (49, 373.1830999851227, {'accuracy': 0.248}, 20.254068249996635)
[2026-01-11 11:57:15,659][flwr][INFO] - evaluate_round 49: no clients selected, cancel
[2026-01-11 11:57:15,660][flwr][DEBUG] - fit_round 50: strategy sampled 10 clients (out of 100)
[2026-01-11 11:57:15,918][flwr][DEBUG] - fit_round 50 received 10 results and 0 failures
[2026-01-11 11:57:15,944][flwr][INFO] - fit progress: (50, 350.4999461174011, {'accuracy': 0.248}, 20.538721874996554)
[2026-01-11 11:57:15,944][flwr][INFO] - evaluate_round 50: no clients selected, cancel
[2026-01-11 11:57:15,944][flwr][INFO] - FL finished in 20.538966499996604
[2026-01-11 11:57:15,944][flwr][INFO] - app_fit: losses_distributed []
[2026-01-11 11:57:15,945][flwr][INFO] - app_fit: metrics_distributed_fit {'c_global_norm': [(1, 11.027806152421483), (2, 38.9303140147744), (3, 43.06490690151504), (4, 37.60912132415356), (5, 29.719130095448932), (6, 33.642289222838826), (7, 26.669680540319202), (8, 51.57615157231821), (9, 14.818504774235796), (10, 38.55419565368264), (11, 20.349197220960257), (12, 15.054146432779403), (13, 22.56144270176385), (14, 19.9524314479035), (15, 19.3904755161619), (16, 8.287416048329542), (17, 11.519591539910103), (18, 9.856824711291646), (19, 23.42556727484817), (20, 14.067432360841563), (21, 16.567752422748587), (22, 16.44472127472353), (23, 20.133452068172424), (24, 18.762204559663548), (25, 30.96555201766025), (26, 14.880682292685183), (27, 11.272961189427903), (28, 17.21198707943843), (29, 8.037005588607629), (30, 10.078205711573837), (31, 25.563116476557866), (32, 13.34540300382121), (33, 11.581363286896602), (34, 9.969800436347981), (35, 19.47984239218791), (36, 14.332170820037483), (37, 16.579478619364906), (38, 12.982364132739697), (39, 14.7510934440581), (40, 4.685143609639746), (41, 6.866473025150157), (42, 25.152602449008846), (43, 26.194056489062035), (44, 26.498244875240335), (45, 7.712779821207093), (46, 11.006782856524616), (47, 13.23255783630566), (48, 8.277007891406134), (49, 10.883864659303129), (50, 14.236472637915222)], 'num_clients': [(1, 10), (2, 10), (3, 10), (4, 10), (5, 10), (6, 10), (7, 10), (8, 10), (9, 10), (10, 10), (11, 10), (12, 10), (13, 10), (14, 10), (15, 10), (16, 10), (17, 10), (18, 10), (19, 10), (20, 10), (21, 10), (22, 10), (23, 10), (24, 10), (25, 10), (26, 10), (27, 10), (28, 10), (29, 10), (30, 10), (31, 10), (32, 10), (33, 10), (34, 10), (35, 10), (36, 10), (37, 10), (38, 10), (39, 10), (40, 10), (41, 10), (42, 10), (43, 10), (44, 10), (45, 10), (46, 10), (47, 10), (48, 10), (49, 10), (50, 10)]}
[2026-01-11 11:57:15,945][flwr][INFO] - app_fit: metrics_distributed {}
[2026-01-11 11:57:15,945][flwr][INFO] - app_fit: losses_centralized [(0, 71.80140054225922), (1, 91.74626994132996), (2, 108.2927531003952), (3, 155.49351584911346), (4, 92.23804414272308), (5, 68.14516067504883), (6, 113.0757508277893), (7, 70.53591096401215), (8, 161.32734596729279), (9, 143.17815852165222), (10, 115.77183890342712), (11, 148.28910982608795), (12, 91.78393757343292), (13, 154.42589378356934), (14, 119.06988847255707), (15, 191.09963583946228), (16, 174.18474423885345), (17, 217.59264826774597), (18, 166.5706284046173), (19, 162.7883416414261), (20, 124.33347380161285), (21, 148.65164732933044), (22, 151.40945482254028), (23, 190.46411633491516), (24, 218.9620451927185), (25, 206.05677461624146), (26, 224.62662434577942), (27, 207.59790229797363), (28, 296.32978105545044), (29, 295.8137583732605), (30, 313.11364555358887), (31, 407.25618743896484), (32, 450.3747148513794), (33, 425.4886665344238), (34, 448.6524090766907), (35, 392.00824308395386), (36, 432.03793144226074), (37, 355.6859838962555), (38, 421.9174427986145), (39, 345.9781222343445), (40, 356.38519191741943), (41, 358.4000976085663), (42, 296.4843809604645), (43, 329.91440773010254), (44, 271.19390535354614), (45, 304.2162139415741), (46, 355.13916087150574), (47, 322.95223593711853), (48, 357.0315012931824), (49, 373.1830999851227), (50, 350.4999461174011)]
[2026-01-11 11:57:15,945][flwr][INFO] - app_fit: metrics_centralized {'accuracy': [(0, 0.238), (1, 0.507), (2, 0.248), (3, 0.507), (4, 0.248), (5, 0.507), (6, 0.248), (7, 0.248), (8, 0.248), (9, 0.248), (10, 0.244), (11, 0.248), (12, 0.1985), (13, 0.248), (14, 0.248), (15, 0.248), (16, 0.248), (17, 0.248), (18, 0.248), (19, 0.248), (20, 0.248), (21, 0.248), (22, 0.248), (23, 0.248), (24, 0.248), (25, 0.248), (26, 0.248), (27, 0.248), (28, 0.248), (29, 0.248), (30, 0.248), (31, 0.248), (32, 0.248), (33, 0.248), (34, 0.248), (35, 0.248), (36, 0.248), (37, 0.248), (38, 0.248), (39, 0.248), (40, 0.248), (41, 0.248), (42, 0.248), (43, 0.248), (44, 0.248), (45, 0.248), (46, 0.248), (47, 0.248), (48, 0.248), (49, 0.248), (50, 0.248)]}
