[2026-01-22 22:55:41,494][flwr][INFO] - Starting Flower simulation, config: ServerConfig(num_rounds=50, round_timeout=None)
[2026-01-22 22:55:46,815][flwr][INFO] - Flower VCE: Ray initialized with resources: {'memory': 11941804442.0, 'object_store_memory': 2147483648.0, 'node:127.0.0.1': 1.0, 'CPU': 10.0}
[2026-01-22 22:55:46,816][flwr][INFO] - Initializing global parameters
[2026-01-22 22:55:46,816][flwr][INFO] - Requesting initial parameters from one random client
[2026-01-22 22:55:50,214][flwr][INFO] - Received initial parameters from one random client
[2026-01-22 22:55:50,214][flwr][INFO] - Evaluating initial parameters
[2026-01-22 22:55:50,310][flwr][INFO] - initial parameters (loss, other metrics): 528053760.0, {'rmse': 22979.420358224877, 'mae': 19787.763671875, 'r2': -3.203413963317871}
[2026-01-22 22:55:50,311][flwr][INFO] - FL starting
[2026-01-22 22:55:50,311][flwr][DEBUG] - fit_round 1: strategy sampled 3 clients (out of 3)
[2026-01-22 22:56:01,140][flwr][DEBUG] - fit_round 1 received 3 results and 0 failures
[2026-01-22 22:56:01,146][flwr][WARNING] - No fit_metrics_aggregation_fn provided
[2026-01-22 22:56:01,316][flwr][INFO] - fit progress: (1, 94853336.0, {'rmse': 9739.267734280642, 'mae': 6789.92822265625, 'r2': 0.24494844675064087}, 11.005529042042326)
[2026-01-22 22:56:01,317][flwr][DEBUG] - evaluate_round 1: strategy sampled 3 clients (out of 3)
[2026-01-22 22:56:01,360][flwr][DEBUG] - evaluate_round 1 received 3 results and 0 failures
[2026-01-22 22:56:01,362][flwr][WARNING] - No evaluate_metrics_aggregation_fn provided
[2026-01-22 22:56:01,365][flwr][DEBUG] - fit_round 2: strategy sampled 3 clients (out of 3)
[2026-01-22 22:56:09,472][flwr][DEBUG] - fit_round 2 received 3 results and 0 failures
[2026-01-22 22:56:09,512][flwr][INFO] - fit progress: (2, 58650444.0, {'rmse': 7658.357787411084, 'mae': 5179.955078125, 'r2': 0.5331307053565979}, 19.20095454202965)
[2026-01-22 22:56:09,512][flwr][DEBUG] - evaluate_round 2: strategy sampled 3 clients (out of 3)
[2026-01-22 22:56:09,539][flwr][DEBUG] - evaluate_round 2 received 3 results and 0 failures
[2026-01-22 22:56:09,540][flwr][DEBUG] - fit_round 3: strategy sampled 3 clients (out of 3)
[2026-01-22 22:56:17,653][flwr][DEBUG] - fit_round 3 received 3 results and 0 failures
[2026-01-22 22:56:17,693][flwr][INFO] - fit progress: (3, 44517196.0, {'rmse': 6672.1208022637, 'mae': 4392.8271484375, 'r2': 0.6456341743469238}, 27.382837000011932)
[2026-01-22 22:56:17,694][flwr][DEBUG] - evaluate_round 3: strategy sampled 3 clients (out of 3)
[2026-01-22 22:56:17,722][flwr][DEBUG] - evaluate_round 3 received 3 results and 0 failures
[2026-01-22 22:56:17,723][flwr][DEBUG] - fit_round 4: strategy sampled 3 clients (out of 3)
[2026-01-22 22:56:25,931][flwr][DEBUG] - fit_round 4 received 3 results and 0 failures
[2026-01-22 22:56:25,989][flwr][INFO] - fit progress: (4, 36127504.0, {'rmse': 6010.615941814948, 'mae': 3943.581298828125, 'r2': 0.7124178409576416}, 35.678188125020824)
[2026-01-22 22:56:25,989][flwr][DEBUG] - evaluate_round 4: strategy sampled 3 clients (out of 3)
[2026-01-22 22:56:26,031][flwr][DEBUG] - evaluate_round 4 received 3 results and 0 failures
[2026-01-22 22:56:26,032][flwr][DEBUG] - fit_round 5: strategy sampled 3 clients (out of 3)
[2026-01-22 22:56:34,103][flwr][DEBUG] - fit_round 5 received 3 results and 0 failures
[2026-01-22 22:56:34,142][flwr][INFO] - fit progress: (5, 33288882.0, {'rmse': 5769.651809251577, 'mae': 3791.507080078125, 'r2': 0.7350138425827026}, 43.831339917029254)
[2026-01-22 22:56:34,142][flwr][DEBUG] - evaluate_round 5: strategy sampled 3 clients (out of 3)
[2026-01-22 22:56:34,170][flwr][DEBUG] - evaluate_round 5 received 3 results and 0 failures
[2026-01-22 22:56:34,171][flwr][DEBUG] - fit_round 6: strategy sampled 3 clients (out of 3)
[2026-01-22 22:56:42,230][flwr][DEBUG] - fit_round 6 received 3 results and 0 failures
[2026-01-22 22:56:42,272][flwr][INFO] - fit progress: (6, 29292832.0, {'rmse': 5412.285284424685, 'mae': 3520.94775390625, 'r2': 0.7668231725692749}, 51.96152141701896)
[2026-01-22 22:56:42,272][flwr][DEBUG] - evaluate_round 6: strategy sampled 3 clients (out of 3)
[2026-01-22 22:56:42,296][flwr][DEBUG] - evaluate_round 6 received 3 results and 0 failures
[2026-01-22 22:56:42,296][flwr][DEBUG] - fit_round 7: strategy sampled 3 clients (out of 3)
[2026-01-22 22:56:50,371][flwr][DEBUG] - fit_round 7 received 3 results and 0 failures
[2026-01-22 22:56:50,415][flwr][INFO] - fit progress: (7, 26184052.0, {'rmse': 5117.03546987902, 'mae': 3323.67138671875, 'r2': 0.791569709777832}, 60.1046029170393)
[2026-01-22 22:56:50,415][flwr][DEBUG] - evaluate_round 7: strategy sampled 3 clients (out of 3)
[2026-01-22 22:56:50,440][flwr][DEBUG] - evaluate_round 7 received 3 results and 0 failures
[2026-01-22 22:56:50,440][flwr][DEBUG] - fit_round 8: strategy sampled 3 clients (out of 3)
[2026-01-22 22:56:58,434][flwr][DEBUG] - fit_round 8 received 3 results and 0 failures
[2026-01-22 22:56:58,474][flwr][INFO] - fit progress: (8, 25416228.0, {'rmse': 5041.450981612337, 'mae': 3254.549560546875, 'r2': 0.7976816892623901}, 68.16325483401306)
[2026-01-22 22:56:58,474][flwr][DEBUG] - evaluate_round 8: strategy sampled 3 clients (out of 3)
[2026-01-22 22:56:58,502][flwr][DEBUG] - evaluate_round 8 received 3 results and 0 failures
[2026-01-22 22:56:58,503][flwr][DEBUG] - fit_round 9: strategy sampled 3 clients (out of 3)
[2026-01-22 22:57:06,545][flwr][DEBUG] - fit_round 9 received 3 results and 0 failures
[2026-01-22 22:57:06,584][flwr][INFO] - fit progress: (9, 23765794.0, {'rmse': 4875.017333302519, 'mae': 3162.33447265625, 'r2': 0.8108195066452026}, 76.27369562501553)
[2026-01-22 22:57:06,585][flwr][DEBUG] - evaluate_round 9: strategy sampled 3 clients (out of 3)
[2026-01-22 22:57:06,607][flwr][DEBUG] - evaluate_round 9 received 3 results and 0 failures
[2026-01-22 22:57:06,608][flwr][DEBUG] - fit_round 10: strategy sampled 3 clients (out of 3)
[2026-01-22 22:57:14,573][flwr][DEBUG] - fit_round 10 received 3 results and 0 failures
[2026-01-22 22:57:14,613][flwr][INFO] - fit progress: (10, 28297682.0, {'rmse': 5319.556560466295, 'mae': 3393.585693359375, 'r2': 0.7747447490692139}, 84.30190045904601)
[2026-01-22 22:57:14,613][flwr][DEBUG] - evaluate_round 10: strategy sampled 3 clients (out of 3)
[2026-01-22 22:57:14,636][flwr][DEBUG] - evaluate_round 10 received 3 results and 0 failures
[2026-01-22 22:57:14,637][flwr][DEBUG] - fit_round 11: strategy sampled 3 clients (out of 3)
[2026-01-22 22:57:22,807][flwr][DEBUG] - fit_round 11 received 3 results and 0 failures
[2026-01-22 22:57:22,858][flwr][INFO] - fit progress: (11, 29733676.0, {'rmse': 5452.859433361546, 'mae': 3475.261962890625, 'r2': 0.7633140087127686}, 92.54742287500994)
[2026-01-22 22:57:22,858][flwr][DEBUG] - evaluate_round 11: strategy sampled 3 clients (out of 3)
[2026-01-22 22:57:22,882][flwr][DEBUG] - evaluate_round 11 received 3 results and 0 failures
[2026-01-22 22:57:22,883][flwr][DEBUG] - fit_round 12: strategy sampled 3 clients (out of 3)
[2026-01-22 22:57:30,833][flwr][DEBUG] - fit_round 12 received 3 results and 0 failures
[2026-01-22 22:57:30,878][flwr][INFO] - fit progress: (12, 23383900.0, {'rmse': 4835.690229946496, 'mae': 3139.460205078125, 'r2': 0.8138594627380371}, 100.56693487503799)
[2026-01-22 22:57:30,878][flwr][DEBUG] - evaluate_round 12: strategy sampled 3 clients (out of 3)
[2026-01-22 22:57:30,904][flwr][DEBUG] - evaluate_round 12 received 3 results and 0 failures
[2026-01-22 22:57:30,904][flwr][DEBUG] - fit_round 13: strategy sampled 3 clients (out of 3)
[2026-01-22 22:57:38,901][flwr][DEBUG] - fit_round 13 received 3 results and 0 failures
[2026-01-22 22:57:38,945][flwr][INFO] - fit progress: (13, 20031878.0, {'rmse': 4475.698604687317, 'mae': 2918.3515625, 'r2': 0.8405422568321228}, 108.63396154204383)
[2026-01-22 22:57:38,945][flwr][DEBUG] - evaluate_round 13: strategy sampled 3 clients (out of 3)
[2026-01-22 22:57:38,977][flwr][DEBUG] - evaluate_round 13 received 3 results and 0 failures
[2026-01-22 22:57:38,978][flwr][DEBUG] - fit_round 14: strategy sampled 3 clients (out of 3)
[2026-01-22 22:57:47,006][flwr][DEBUG] - fit_round 14 received 3 results and 0 failures
[2026-01-22 22:57:47,045][flwr][INFO] - fit progress: (14, 21404316.0, {'rmse': 4626.479871349275, 'mae': 3040.156494140625, 'r2': 0.8296173810958862}, 116.73408795904834)
[2026-01-22 22:57:47,045][flwr][DEBUG] - evaluate_round 14: strategy sampled 3 clients (out of 3)
[2026-01-22 22:57:47,069][flwr][DEBUG] - evaluate_round 14 received 3 results and 0 failures
[2026-01-22 22:57:47,069][flwr][DEBUG] - fit_round 15: strategy sampled 3 clients (out of 3)
[2026-01-22 22:57:55,081][flwr][DEBUG] - fit_round 15 received 3 results and 0 failures
[2026-01-22 22:57:55,123][flwr][INFO] - fit progress: (15, 19711766.0, {'rmse': 4439.793463664723, 'mae': 2923.79736328125, 'r2': 0.8430904150009155}, 124.81220766704064)
[2026-01-22 22:57:55,123][flwr][DEBUG] - evaluate_round 15: strategy sampled 3 clients (out of 3)
[2026-01-22 22:57:55,145][flwr][DEBUG] - evaluate_round 15 received 3 results and 0 failures
[2026-01-22 22:57:55,146][flwr][DEBUG] - fit_round 16: strategy sampled 3 clients (out of 3)
[2026-01-22 22:58:03,318][flwr][DEBUG] - fit_round 16 received 3 results and 0 failures
[2026-01-22 22:58:03,365][flwr][INFO] - fit progress: (16, 19673120.0, {'rmse': 4435.439098894269, 'mae': 2901.720458984375, 'r2': 0.8433980345726013}, 133.0547094590147)
[2026-01-22 22:58:03,366][flwr][DEBUG] - evaluate_round 16: strategy sampled 3 clients (out of 3)
[2026-01-22 22:58:03,395][flwr][DEBUG] - evaluate_round 16 received 3 results and 0 failures
[2026-01-22 22:58:03,396][flwr][DEBUG] - fit_round 17: strategy sampled 3 clients (out of 3)
[2026-01-22 22:58:11,349][flwr][DEBUG] - fit_round 17 received 3 results and 0 failures
[2026-01-22 22:58:11,392][flwr][INFO] - fit progress: (17, 16763355.0, {'rmse': 4094.307633776436, 'mae': 2688.207763671875, 'r2': 0.8665603399276733}, 141.08153029205278)
[2026-01-22 22:58:11,392][flwr][DEBUG] - evaluate_round 17: strategy sampled 3 clients (out of 3)
[2026-01-22 22:58:11,417][flwr][DEBUG] - evaluate_round 17 received 3 results and 0 failures
[2026-01-22 22:58:11,418][flwr][DEBUG] - fit_round 18: strategy sampled 3 clients (out of 3)
[2026-01-22 22:58:19,419][flwr][DEBUG] - fit_round 18 received 3 results and 0 failures
[2026-01-22 22:58:19,457][flwr][INFO] - fit progress: (18, 19017168.0, {'rmse': 4360.867803545529, 'mae': 2851.752685546875, 'r2': 0.8486195206642151}, 149.14613887504674)
[2026-01-22 22:58:19,457][flwr][DEBUG] - evaluate_round 18: strategy sampled 3 clients (out of 3)
[2026-01-22 22:58:19,483][flwr][DEBUG] - evaluate_round 18 received 3 results and 0 failures
[2026-01-22 22:58:19,484][flwr][DEBUG] - fit_round 19: strategy sampled 3 clients (out of 3)
[2026-01-22 22:58:27,482][flwr][DEBUG] - fit_round 19 received 3 results and 0 failures
[2026-01-22 22:58:27,522][flwr][INFO] - fit progress: (19, 18902854.0, {'rmse': 4347.741252650622, 'mae': 2854.327392578125, 'r2': 0.849529504776001}, 157.21099812502507)
[2026-01-22 22:58:27,522][flwr][DEBUG] - evaluate_round 19: strategy sampled 3 clients (out of 3)
[2026-01-22 22:58:27,545][flwr][DEBUG] - evaluate_round 19 received 3 results and 0 failures
[2026-01-22 22:58:27,545][flwr][DEBUG] - fit_round 20: strategy sampled 3 clients (out of 3)
[2026-01-22 22:58:35,503][flwr][DEBUG] - fit_round 20 received 3 results and 0 failures
[2026-01-22 22:58:35,547][flwr][INFO] - fit progress: (20, 16384403.0, {'rmse': 4047.765185877264, 'mae': 2661.08544921875, 'r2': 0.8695768713951111}, 165.23674020904582)
[2026-01-22 22:58:35,548][flwr][DEBUG] - evaluate_round 20: strategy sampled 3 clients (out of 3)
[2026-01-22 22:58:35,571][flwr][DEBUG] - evaluate_round 20 received 3 results and 0 failures
[2026-01-22 22:58:35,572][flwr][DEBUG] - fit_round 21: strategy sampled 3 clients (out of 3)
[2026-01-22 22:58:43,528][flwr][DEBUG] - fit_round 21 received 3 results and 0 failures
[2026-01-22 22:58:43,567][flwr][INFO] - fit progress: (21, 16419647.0, {'rmse': 4052.1163606194727, 'mae': 2648.22412109375, 'r2': 0.8692963123321533}, 173.25653037504526)
[2026-01-22 22:58:43,567][flwr][DEBUG] - evaluate_round 21: strategy sampled 3 clients (out of 3)
[2026-01-22 22:58:43,590][flwr][DEBUG] - evaluate_round 21 received 3 results and 0 failures
[2026-01-22 22:58:43,590][flwr][DEBUG] - fit_round 22: strategy sampled 3 clients (out of 3)
[2026-01-22 22:58:51,647][flwr][DEBUG] - fit_round 22 received 3 results and 0 failures
[2026-01-22 22:58:51,690][flwr][INFO] - fit progress: (22, 17473208.0, {'rmse': 4180.096649600341, 'mae': 2729.7353515625, 'r2': 0.8609097599983215}, 181.3789161670138)
[2026-01-22 22:58:51,692][flwr][DEBUG] - evaluate_round 22: strategy sampled 3 clients (out of 3)
[2026-01-22 22:58:51,715][flwr][DEBUG] - evaluate_round 22 received 3 results and 0 failures
[2026-01-22 22:58:51,715][flwr][DEBUG] - fit_round 23: strategy sampled 3 clients (out of 3)
[2026-01-22 22:58:59,674][flwr][DEBUG] - fit_round 23 received 3 results and 0 failures
[2026-01-22 22:58:59,714][flwr][INFO] - fit progress: (23, 14795913.0, {'rmse': 3846.545593126383, 'mae': 2516.754150390625, 'r2': 0.8822215795516968}, 189.4037220000173)
[2026-01-22 22:58:59,715][flwr][DEBUG] - evaluate_round 23: strategy sampled 3 clients (out of 3)
[2026-01-22 22:58:59,739][flwr][DEBUG] - evaluate_round 23 received 3 results and 0 failures
[2026-01-22 22:58:59,739][flwr][DEBUG] - fit_round 24: strategy sampled 3 clients (out of 3)
[2026-01-22 22:59:07,716][flwr][DEBUG] - fit_round 24 received 3 results and 0 failures
[2026-01-22 22:59:07,756][flwr][INFO] - fit progress: (24, 23366394.0, {'rmse': 4833.879808187208, 'mae': 3117.869384765625, 'r2': 0.813998818397522}, 197.44561191700632)
[2026-01-22 22:59:07,757][flwr][DEBUG] - evaluate_round 24: strategy sampled 3 clients (out of 3)
[2026-01-22 22:59:07,783][flwr][DEBUG] - evaluate_round 24 received 3 results and 0 failures
[2026-01-22 22:59:07,784][flwr][DEBUG] - fit_round 25: strategy sampled 3 clients (out of 3)
[2026-01-22 22:59:15,735][flwr][DEBUG] - fit_round 25 received 3 results and 0 failures
[2026-01-22 22:59:15,774][flwr][INFO] - fit progress: (25, 15856527.0, {'rmse': 3982.0254896220845, 'mae': 2609.803955078125, 'r2': 0.8737788796424866}, 205.46293833403615)
[2026-01-22 22:59:15,774][flwr][DEBUG] - evaluate_round 25: strategy sampled 3 clients (out of 3)
[2026-01-22 22:59:15,798][flwr][DEBUG] - evaluate_round 25 received 3 results and 0 failures
[2026-01-22 22:59:15,798][flwr][DEBUG] - fit_round 26: strategy sampled 3 clients (out of 3)
[2026-01-22 22:59:23,872][flwr][DEBUG] - fit_round 26 received 3 results and 0 failures
[2026-01-22 22:59:23,918][flwr][INFO] - fit progress: (26, 15367223.0, {'rmse': 3920.104973084267, 'mae': 2567.138916015625, 'r2': 0.8776738047599792}, 213.60693758400157)
[2026-01-22 22:59:23,918][flwr][DEBUG] - evaluate_round 26: strategy sampled 3 clients (out of 3)
[2026-01-22 22:59:23,945][flwr][DEBUG] - evaluate_round 26 received 3 results and 0 failures
[2026-01-22 22:59:23,945][flwr][DEBUG] - fit_round 27: strategy sampled 3 clients (out of 3)
[2026-01-22 22:59:31,617][flwr][DEBUG] - fit_round 27 received 3 results and 0 failures
[2026-01-22 22:59:31,654][flwr][INFO] - fit progress: (27, 18938016.0, {'rmse': 4351.783082829382, 'mae': 2799.912109375, 'r2': 0.8492496013641357}, 221.34290587500436)
[2026-01-22 22:59:31,654][flwr][DEBUG] - evaluate_round 27: strategy sampled 3 clients (out of 3)
[2026-01-22 22:59:31,678][flwr][DEBUG] - evaluate_round 27 received 3 results and 0 failures
[2026-01-22 22:59:31,679][flwr][DEBUG] - fit_round 28: strategy sampled 3 clients (out of 3)
[2026-01-22 22:59:39,560][flwr][DEBUG] - fit_round 28 received 3 results and 0 failures
[2026-01-22 22:59:39,601][flwr][INFO] - fit progress: (28, 17564828.0, {'rmse': 4191.04139802985, 'mae': 2735.8740234375, 'r2': 0.8601804375648499}, 229.2904963750043)
[2026-01-22 22:59:39,601][flwr][DEBUG] - evaluate_round 28: strategy sampled 3 clients (out of 3)
[2026-01-22 22:59:39,624][flwr][DEBUG] - evaluate_round 28 received 3 results and 0 failures
[2026-01-22 22:59:39,625][flwr][DEBUG] - fit_round 29: strategy sampled 3 clients (out of 3)
[2026-01-22 22:59:47,594][flwr][DEBUG] - fit_round 29 received 3 results and 0 failures
[2026-01-22 22:59:47,637][flwr][INFO] - fit progress: (29, 13771434.0, {'rmse': 3710.9882780736452, 'mae': 2420.923095703125, 'r2': 0.890376627445221}, 237.32651179202367)
[2026-01-22 22:59:47,637][flwr][DEBUG] - evaluate_round 29: strategy sampled 3 clients (out of 3)
[2026-01-22 22:59:47,662][flwr][DEBUG] - evaluate_round 29 received 3 results and 0 failures
[2026-01-22 22:59:47,663][flwr][DEBUG] - fit_round 30: strategy sampled 3 clients (out of 3)
[2026-01-22 22:59:55,669][flwr][DEBUG] - fit_round 30 received 3 results and 0 failures
[2026-01-22 22:59:55,709][flwr][INFO] - fit progress: (30, 17168222.0, {'rmse': 4143.455321347148, 'mae': 2682.933837890625, 'r2': 0.863337516784668}, 245.3980563750374)
[2026-01-22 22:59:55,709][flwr][DEBUG] - evaluate_round 30: strategy sampled 3 clients (out of 3)
[2026-01-22 22:59:55,732][flwr][DEBUG] - evaluate_round 30 received 3 results and 0 failures
[2026-01-22 22:59:55,732][flwr][DEBUG] - fit_round 31: strategy sampled 3 clients (out of 3)
[2026-01-22 23:00:03,497][flwr][DEBUG] - fit_round 31 received 3 results and 0 failures
[2026-01-22 23:00:03,538][flwr][INFO] - fit progress: (31, 14230664.0, {'rmse': 3772.3552324774505, 'mae': 2449.94189453125, 'r2': 0.8867210745811462}, 253.22683687502285)
[2026-01-22 23:00:03,538][flwr][DEBUG] - evaluate_round 31: strategy sampled 3 clients (out of 3)
[2026-01-22 23:00:03,560][flwr][DEBUG] - evaluate_round 31 received 3 results and 0 failures
[2026-01-22 23:00:03,561][flwr][DEBUG] - fit_round 32: strategy sampled 3 clients (out of 3)
[2026-01-22 23:00:11,275][flwr][DEBUG] - fit_round 32 received 3 results and 0 failures
[2026-01-22 23:00:11,318][flwr][INFO] - fit progress: (32, 16857798.0, {'rmse': 4105.824886670156, 'mae': 2646.352783203125, 'r2': 0.8658085465431213}, 261.00735600001644)
[2026-01-22 23:00:11,318][flwr][DEBUG] - evaluate_round 32: strategy sampled 3 clients (out of 3)
[2026-01-22 23:00:11,341][flwr][DEBUG] - evaluate_round 32 received 3 results and 0 failures
[2026-01-22 23:00:11,342][flwr][DEBUG] - fit_round 33: strategy sampled 3 clients (out of 3)
[2026-01-22 23:00:19,142][flwr][DEBUG] - fit_round 33 received 3 results and 0 failures
[2026-01-22 23:00:19,190][flwr][INFO] - fit progress: (33, 15290850.0, {'rmse': 3910.351646591391, 'mae': 2546.264892578125, 'r2': 0.8782817721366882}, 268.8794723750325)
[2026-01-22 23:00:19,190][flwr][DEBUG] - evaluate_round 33: strategy sampled 3 clients (out of 3)
[2026-01-22 23:00:19,215][flwr][DEBUG] - evaluate_round 33 received 3 results and 0 failures
[2026-01-22 23:00:19,216][flwr][DEBUG] - fit_round 34: strategy sampled 3 clients (out of 3)
[2026-01-22 23:00:26,804][flwr][DEBUG] - fit_round 34 received 3 results and 0 failures
[2026-01-22 23:00:26,846][flwr][INFO] - fit progress: (34, 15819209.0, {'rmse': 3977.3369231182814, 'mae': 2556.339111328125, 'r2': 0.8740758895874023}, 276.5355640000198)
[2026-01-22 23:00:26,846][flwr][DEBUG] - evaluate_round 34: strategy sampled 3 clients (out of 3)
[2026-01-22 23:00:26,870][flwr][DEBUG] - evaluate_round 34 received 3 results and 0 failures
[2026-01-22 23:00:26,870][flwr][DEBUG] - fit_round 35: strategy sampled 3 clients (out of 3)
[2026-01-22 23:00:34,785][flwr][DEBUG] - fit_round 35 received 3 results and 0 failures
[2026-01-22 23:00:34,824][flwr][INFO] - fit progress: (35, 14669129.0, {'rmse': 3830.0298954446816, 'mae': 2478.720458984375, 'r2': 0.8832308053970337}, 284.51325866702246)
[2026-01-22 23:00:34,824][flwr][DEBUG] - evaluate_round 35: strategy sampled 3 clients (out of 3)
[2026-01-22 23:00:34,848][flwr][DEBUG] - evaluate_round 35 received 3 results and 0 failures
[2026-01-22 23:00:34,849][flwr][DEBUG] - fit_round 36: strategy sampled 3 clients (out of 3)
[2026-01-22 23:00:42,476][flwr][DEBUG] - fit_round 36 received 3 results and 0 failures
[2026-01-22 23:00:42,526][flwr][INFO] - fit progress: (36, 17185030.0, {'rmse': 4145.483084032548, 'mae': 2654.353515625, 'r2': 0.8632037043571472}, 292.21489512501284)
[2026-01-22 23:00:42,526][flwr][DEBUG] - evaluate_round 36: strategy sampled 3 clients (out of 3)
[2026-01-22 23:00:42,551][flwr][DEBUG] - evaluate_round 36 received 3 results and 0 failures
[2026-01-22 23:00:42,551][flwr][DEBUG] - fit_round 37: strategy sampled 3 clients (out of 3)
[2026-01-22 23:00:50,506][flwr][DEBUG] - fit_round 37 received 3 results and 0 failures
[2026-01-22 23:00:50,549][flwr][INFO] - fit progress: (37, 14854669.0, {'rmse': 3854.1755279177414, 'mae': 2491.14697265625, 'r2': 0.8817538619041443}, 300.2382811670541)
[2026-01-22 23:00:50,549][flwr][DEBUG] - evaluate_round 37: strategy sampled 3 clients (out of 3)
[2026-01-22 23:00:50,573][flwr][DEBUG] - evaluate_round 37 received 3 results and 0 failures
[2026-01-22 23:00:50,573][flwr][DEBUG] - fit_round 38: strategy sampled 3 clients (out of 3)
[2026-01-22 23:00:58,514][flwr][DEBUG] - fit_round 38 received 3 results and 0 failures
[2026-01-22 23:00:58,556][flwr][INFO] - fit progress: (38, 13214832.0, {'rmse': 3635.2210386715137, 'mae': 2397.716064453125, 'r2': 0.8948072791099548}, 308.24548754200805)
[2026-01-22 23:00:58,557][flwr][DEBUG] - evaluate_round 38: strategy sampled 3 clients (out of 3)
[2026-01-22 23:00:58,579][flwr][DEBUG] - evaluate_round 38 received 3 results and 0 failures
[2026-01-22 23:00:58,579][flwr][DEBUG] - fit_round 39: strategy sampled 3 clients (out of 3)
[2026-01-22 23:01:06,274][flwr][DEBUG] - fit_round 39 received 3 results and 0 failures
[2026-01-22 23:01:06,317][flwr][INFO] - fit progress: (39, 16504248.0, {'rmse': 4062.5420613207193, 'mae': 2596.202880859375, 'r2': 0.868622899055481}, 316.00579820905114)
[2026-01-22 23:01:06,317][flwr][DEBUG] - evaluate_round 39: strategy sampled 3 clients (out of 3)
[2026-01-22 23:01:06,338][flwr][DEBUG] - evaluate_round 39 received 3 results and 0 failures
[2026-01-22 23:01:06,338][flwr][DEBUG] - fit_round 40: strategy sampled 3 clients (out of 3)
[2026-01-22 23:01:13,923][flwr][DEBUG] - fit_round 40 received 3 results and 0 failures
[2026-01-22 23:01:13,962][flwr][INFO] - fit progress: (40, 18147652.0, {'rmse': 4260.006103282013, 'mae': 2720.530517578125, 'r2': 0.8555410504341125}, 323.6512278340524)
[2026-01-22 23:01:13,962][flwr][DEBUG] - evaluate_round 40: strategy sampled 3 clients (out of 3)
[2026-01-22 23:01:13,985][flwr][DEBUG] - evaluate_round 40 received 3 results and 0 failures
[2026-01-22 23:01:13,985][flwr][DEBUG] - fit_round 41: strategy sampled 3 clients (out of 3)
[2026-01-22 23:01:21,920][flwr][DEBUG] - fit_round 41 received 3 results and 0 failures
[2026-01-22 23:01:21,958][flwr][INFO] - fit progress: (41, 14832474.0, {'rmse': 3851.29510684393, 'mae': 2475.86376953125, 'r2': 0.8819305300712585}, 331.64770625001984)
[2026-01-22 23:01:21,959][flwr][DEBUG] - evaluate_round 41: strategy sampled 3 clients (out of 3)
[2026-01-22 23:01:21,981][flwr][DEBUG] - evaluate_round 41 received 3 results and 0 failures
[2026-01-22 23:01:21,981][flwr][DEBUG] - fit_round 42: strategy sampled 3 clients (out of 3)
[2026-01-22 23:01:29,961][flwr][DEBUG] - fit_round 42 received 3 results and 0 failures
[2026-01-22 23:01:30,008][flwr][INFO] - fit progress: (42, 13546562.0, {'rmse': 3680.565445689018, 'mae': 2367.2080078125, 'r2': 0.8921666741371155}, 339.69722629204625)
[2026-01-22 23:01:30,008][flwr][DEBUG] - evaluate_round 42: strategy sampled 3 clients (out of 3)
[2026-01-22 23:01:30,032][flwr][DEBUG] - evaluate_round 42 received 3 results and 0 failures
[2026-01-22 23:01:30,033][flwr][DEBUG] - fit_round 43: strategy sampled 3 clients (out of 3)
[2026-01-22 23:01:37,784][flwr][DEBUG] - fit_round 43 received 3 results and 0 failures
[2026-01-22 23:01:37,825][flwr][INFO] - fit progress: (43, 15850293.0, {'rmse': 3981.2426452051373, 'mae': 2546.521484375, 'r2': 0.8738284707069397}, 347.5139975839993)
[2026-01-22 23:01:37,825][flwr][DEBUG] - evaluate_round 43: strategy sampled 3 clients (out of 3)
[2026-01-22 23:01:37,852][flwr][DEBUG] - evaluate_round 43 received 3 results and 0 failures
[2026-01-22 23:01:37,853][flwr][DEBUG] - fit_round 44: strategy sampled 3 clients (out of 3)
[2026-01-22 23:01:45,843][flwr][DEBUG] - fit_round 44 received 3 results and 0 failures
[2026-01-22 23:01:45,879][flwr][INFO] - fit progress: (44, 15855365.0, {'rmse': 3981.879581303282, 'mae': 2569.95947265625, 'r2': 0.8737881183624268}, 355.56856041704305)
[2026-01-22 23:01:45,879][flwr][DEBUG] - evaluate_round 44: strategy sampled 3 clients (out of 3)
[2026-01-22 23:01:45,902][flwr][DEBUG] - evaluate_round 44 received 3 results and 0 failures
[2026-01-22 23:01:45,903][flwr][DEBUG] - fit_round 45: strategy sampled 3 clients (out of 3)
[2026-01-22 23:01:53,896][flwr][DEBUG] - fit_round 45 received 3 results and 0 failures
[2026-01-22 23:01:53,949][flwr][INFO] - fit progress: (45, 16855258.0, {'rmse': 4105.5155583677915, 'mae': 2584.3369140625, 'r2': 0.8658287525177002}, 363.638119292038)
[2026-01-22 23:01:53,949][flwr][DEBUG] - evaluate_round 45: strategy sampled 3 clients (out of 3)
[2026-01-22 23:01:53,975][flwr][DEBUG] - evaluate_round 45 received 3 results and 0 failures
[2026-01-22 23:01:53,976][flwr][DEBUG] - fit_round 46: strategy sampled 3 clients (out of 3)
[2026-01-22 23:02:01,952][flwr][DEBUG] - fit_round 46 received 3 results and 0 failures
[2026-01-22 23:02:01,992][flwr][INFO] - fit progress: (46, 11900112.0, {'rmse': 3449.65389568287, 'mae': 2255.241455078125, 'r2': 0.9052727222442627}, 371.6796378340223)
[2026-01-22 23:02:01,992][flwr][DEBUG] - evaluate_round 46: strategy sampled 3 clients (out of 3)
[2026-01-22 23:02:02,016][flwr][DEBUG] - evaluate_round 46 received 3 results and 0 failures
[2026-01-22 23:02:02,017][flwr][DEBUG] - fit_round 47: strategy sampled 3 clients (out of 3)
[2026-01-22 23:02:10,042][flwr][DEBUG] - fit_round 47 received 3 results and 0 failures
[2026-01-22 23:02:10,081][flwr][INFO] - fit progress: (47, 14159863.0, {'rmse': 3762.9593407317066, 'mae': 2416.67236328125, 'r2': 0.8872846364974976}, 379.7627877090126)
[2026-01-22 23:02:10,081][flwr][DEBUG] - evaluate_round 47: strategy sampled 3 clients (out of 3)
[2026-01-22 23:02:10,104][flwr][DEBUG] - evaluate_round 47 received 3 results and 0 failures
[2026-01-22 23:02:10,105][flwr][DEBUG] - fit_round 48: strategy sampled 3 clients (out of 3)
[2026-01-22 23:02:18,015][flwr][DEBUG] - fit_round 48 received 3 results and 0 failures
[2026-01-22 23:02:18,055][flwr][INFO] - fit progress: (48, 12156542.0, {'rmse': 3486.623294822657, 'mae': 2260.690185546875, 'r2': 0.9032315015792847}, 387.73345804202836)
[2026-01-22 23:02:18,055][flwr][DEBUG] - evaluate_round 48: strategy sampled 3 clients (out of 3)
[2026-01-22 23:02:18,080][flwr][DEBUG] - evaluate_round 48 received 3 results and 0 failures
[2026-01-22 23:02:18,080][flwr][DEBUG] - fit_round 49: strategy sampled 3 clients (out of 3)
[2026-01-22 23:02:25,821][flwr][DEBUG] - fit_round 49 received 3 results and 0 failures
[2026-01-22 23:02:25,864][flwr][INFO] - fit progress: (49, 15715680.0, {'rmse': 3964.3006949523897, 'mae': 2525.531005859375, 'r2': 0.8749000430107117}, 395.54058162501315)
[2026-01-22 23:02:25,864][flwr][DEBUG] - evaluate_round 49: strategy sampled 3 clients (out of 3)
[2026-01-22 23:02:25,887][flwr][DEBUG] - evaluate_round 49 received 3 results and 0 failures
[2026-01-22 23:02:25,888][flwr][DEBUG] - fit_round 50: strategy sampled 3 clients (out of 3)
[2026-01-22 23:02:33,955][flwr][DEBUG] - fit_round 50 received 3 results and 0 failures
[2026-01-22 23:02:34,007][flwr][INFO] - fit progress: (50, 11666936.0, {'rmse': 3415.6896814552692, 'mae': 2210.548095703125, 'r2': 0.9071288704872131}, 403.68278662505327)
[2026-01-22 23:02:34,008][flwr][DEBUG] - evaluate_round 50: strategy sampled 3 clients (out of 3)
[2026-01-22 23:02:34,037][flwr][DEBUG] - evaluate_round 50 received 3 results and 0 failures
[2026-01-22 23:02:34,037][flwr][INFO] - FL finished in 403.71248762501637
[2026-01-22 23:02:34,038][flwr][INFO] - app_fit: losses_distributed [(1, 86819132.00667037), (2, 53233925.93663146), (3, 40665535.51417454), (4, 32974659.754307948), (5, 29478022.32573652), (6, 26352822.153418567), (7, 23867951.94997221), (8, 22911828.397998888), (9, 22133159.107281823), (10, 24678985.628682602), (11, 25940101.69093941), (12, 22352999.852140076), (13, 19126306.06837132), (14, 20485299.789883267), (15, 19458375.32462479), (16, 19204224.257921066), (17, 17681142.214563645), (18, 18429576.968871593), (19, 18113600.88827126), (20, 17126289.30628127), (21, 16650628.121178433), (22, 17387539.932184547), (23, 15899343.219010562), (24, 20836513.61200667), (25, 15926235.68704836), (26, 16249809.40466926), (27, 17636449.147859924), (28, 16798203.009449694), (29, 14501395.124513619), (30, 16242277.563646471), (31, 14843660.81934408), (32, 16083462.935519733), (33, 15651073.539188437), (34, 15451857.803224014), (35, 14699518.904391328), (36, 16389420.328515843), (37, 14801225.690383546), (38, 14194534.301278489), (39, 15884979.790439133), (40, 16876978.722067814), (41, 14564214.531406337), (42, 13716537.305725403), (43, 15102543.285714285), (44, 15623113.086714841), (45, 15725109.11061701), (46, 13392496.033907726), (47, 14080096.118954975), (48, 12996625.816008894), (49, 15100446.434685936), (50, 13003119.985547526)]
[2026-01-22 23:02:34,038][flwr][INFO] - app_fit: metrics_distributed_fit {}
[2026-01-22 23:02:34,038][flwr][INFO] - app_fit: metrics_distributed {}
[2026-01-22 23:02:34,038][flwr][INFO] - app_fit: losses_centralized [(0, 528053760.0), (1, 94853336.0), (2, 58650444.0), (3, 44517196.0), (4, 36127504.0), (5, 33288882.0), (6, 29292832.0), (7, 26184052.0), (8, 25416228.0), (9, 23765794.0), (10, 28297682.0), (11, 29733676.0), (12, 23383900.0), (13, 20031878.0), (14, 21404316.0), (15, 19711766.0), (16, 19673120.0), (17, 16763355.0), (18, 19017168.0), (19, 18902854.0), (20, 16384403.0), (21, 16419647.0), (22, 17473208.0), (23, 14795913.0), (24, 23366394.0), (25, 15856527.0), (26, 15367223.0), (27, 18938016.0), (28, 17564828.0), (29, 13771434.0), (30, 17168222.0), (31, 14230664.0), (32, 16857798.0), (33, 15290850.0), (34, 15819209.0), (35, 14669129.0), (36, 17185030.0), (37, 14854669.0), (38, 13214832.0), (39, 16504248.0), (40, 18147652.0), (41, 14832474.0), (42, 13546562.0), (43, 15850293.0), (44, 15855365.0), (45, 16855258.0), (46, 11900112.0), (47, 14159863.0), (48, 12156542.0), (49, 15715680.0), (50, 11666936.0)]
[2026-01-22 23:02:34,039][flwr][INFO] - app_fit: metrics_centralized {'rmse': [(0, 22979.420358224877), (1, 9739.267734280642), (2, 7658.357787411084), (3, 6672.1208022637), (4, 6010.615941814948), (5, 5769.651809251577), (6, 5412.285284424685), (7, 5117.03546987902), (8, 5041.450981612337), (9, 4875.017333302519), (10, 5319.556560466295), (11, 5452.859433361546), (12, 4835.690229946496), (13, 4475.698604687317), (14, 4626.479871349275), (15, 4439.793463664723), (16, 4435.439098894269), (17, 4094.307633776436), (18, 4360.867803545529), (19, 4347.741252650622), (20, 4047.765185877264), (21, 4052.1163606194727), (22, 4180.096649600341), (23, 3846.545593126383), (24, 4833.879808187208), (25, 3982.0254896220845), (26, 3920.104973084267), (27, 4351.783082829382), (28, 4191.04139802985), (29, 3710.9882780736452), (30, 4143.455321347148), (31, 3772.3552324774505), (32, 4105.824886670156), (33, 3910.351646591391), (34, 3977.3369231182814), (35, 3830.0298954446816), (36, 4145.483084032548), (37, 3854.1755279177414), (38, 3635.2210386715137), (39, 4062.5420613207193), (40, 4260.006103282013), (41, 3851.29510684393), (42, 3680.565445689018), (43, 3981.2426452051373), (44, 3981.879581303282), (45, 4105.5155583677915), (46, 3449.65389568287), (47, 3762.9593407317066), (48, 3486.623294822657), (49, 3964.3006949523897), (50, 3415.6896814552692)], 'mae': [(0, 19787.763671875), (1, 6789.92822265625), (2, 5179.955078125), (3, 4392.8271484375), (4, 3943.581298828125), (5, 3791.507080078125), (6, 3520.94775390625), (7, 3323.67138671875), (8, 3254.549560546875), (9, 3162.33447265625), (10, 3393.585693359375), (11, 3475.261962890625), (12, 3139.460205078125), (13, 2918.3515625), (14, 3040.156494140625), (15, 2923.79736328125), (16, 2901.720458984375), (17, 2688.207763671875), (18, 2851.752685546875), (19, 2854.327392578125), (20, 2661.08544921875), (21, 2648.22412109375), (22, 2729.7353515625), (23, 2516.754150390625), (24, 3117.869384765625), (25, 2609.803955078125), (26, 2567.138916015625), (27, 2799.912109375), (28, 2735.8740234375), (29, 2420.923095703125), (30, 2682.933837890625), (31, 2449.94189453125), (32, 2646.352783203125), (33, 2546.264892578125), (34, 2556.339111328125), (35, 2478.720458984375), (36, 2654.353515625), (37, 2491.14697265625), (38, 2397.716064453125), (39, 2596.202880859375), (40, 2720.530517578125), (41, 2475.86376953125), (42, 2367.2080078125), (43, 2546.521484375), (44, 2569.95947265625), (45, 2584.3369140625), (46, 2255.241455078125), (47, 2416.67236328125), (48, 2260.690185546875), (49, 2525.531005859375), (50, 2210.548095703125)], 'r2': [(0, -3.203413963317871), (1, 0.24494844675064087), (2, 0.5331307053565979), (3, 0.6456341743469238), (4, 0.7124178409576416), (5, 0.7350138425827026), (6, 0.7668231725692749), (7, 0.791569709777832), (8, 0.7976816892623901), (9, 0.8108195066452026), (10, 0.7747447490692139), (11, 0.7633140087127686), (12, 0.8138594627380371), (13, 0.8405422568321228), (14, 0.8296173810958862), (15, 0.8430904150009155), (16, 0.8433980345726013), (17, 0.8665603399276733), (18, 0.8486195206642151), (19, 0.849529504776001), (20, 0.8695768713951111), (21, 0.8692963123321533), (22, 0.8609097599983215), (23, 0.8822215795516968), (24, 0.813998818397522), (25, 0.8737788796424866), (26, 0.8776738047599792), (27, 0.8492496013641357), (28, 0.8601804375648499), (29, 0.890376627445221), (30, 0.863337516784668), (31, 0.8867210745811462), (32, 0.8658085465431213), (33, 0.8782817721366882), (34, 0.8740758895874023), (35, 0.8832308053970337), (36, 0.8632037043571472), (37, 0.8817538619041443), (38, 0.8948072791099548), (39, 0.868622899055481), (40, 0.8555410504341125), (41, 0.8819305300712585), (42, 0.8921666741371155), (43, 0.8738284707069397), (44, 0.8737881183624268), (45, 0.8658287525177002), (46, 0.9052727222442627), (47, 0.8872846364974976), (48, 0.9032315015792847), (49, 0.8749000430107117), (50, 0.9071288704872131)]}
[2026-01-22 23:02:34,040][flwr][INFO] - Starting Flower simulation, config: ServerConfig(num_rounds=50, round_timeout=None)
[2026-01-22 23:02:42,042][flwr][INFO] - Flower VCE: Ray initialized with resources: {'CPU': 10.0, 'memory': 12061630874.0, 'node:127.0.0.1': 1.0, 'object_store_memory': 2147483648.0}
[2026-01-22 23:02:42,045][flwr][INFO] - Initializing global parameters
[2026-01-22 23:02:42,045][flwr][INFO] - Requesting initial parameters from one random client
[2026-01-22 23:02:45,695][flwr][INFO] - Received initial parameters from one random client
[2026-01-22 23:02:45,695][flwr][INFO] - Evaluating initial parameters
[2026-01-22 23:02:45,747][flwr][INFO] - initial parameters (loss, other metrics): 224267376.0, {'rmse': 14975.559288387196, 'mae': 10299.0166015625, 'r2': -0.7852132320404053}
[2026-01-22 23:02:45,747][flwr][INFO] - FL starting
[2026-01-22 23:02:45,748][flwr][DEBUG] - fit_round 1: strategy sampled 3 clients (out of 3)
[2026-01-22 23:02:57,414][flwr][DEBUG] - fit_round 1 received 3 results and 0 failures
[2026-01-22 23:02:57,421][flwr][WARNING] - No fit_metrics_aggregation_fn provided
[2026-01-22 23:02:57,526][flwr][INFO] - fit progress: (1, 47563032.0, {'rmse': 6896.595681928875, 'mae': 5045.58642578125, 'r2': 0.6213887333869934}, 11.778257833968382)
[2026-01-22 23:02:57,526][flwr][DEBUG] - evaluate_round 1: strategy sampled 3 clients (out of 3)
[2026-01-22 23:02:57,572][flwr][DEBUG] - evaluate_round 1 received 3 results and 0 failures
[2026-01-22 23:02:57,572][flwr][WARNING] - No evaluate_metrics_aggregation_fn provided
[2026-01-22 23:02:57,573][flwr][DEBUG] - fit_round 2: strategy sampled 3 clients (out of 3)
[2026-01-22 23:03:05,979][flwr][DEBUG] - fit_round 2 received 3 results and 0 failures
[2026-01-22 23:03:06,023][flwr][INFO] - fit progress: (2, 36331256.0, {'rmse': 6027.541455684896, 'mae': 4108.40380859375, 'r2': 0.7107958793640137}, 20.275351124990266)
[2026-01-22 23:03:06,024][flwr][DEBUG] - evaluate_round 2: strategy sampled 3 clients (out of 3)
[2026-01-22 23:03:06,062][flwr][DEBUG] - evaluate_round 2 received 3 results and 0 failures
[2026-01-22 23:03:06,062][flwr][DEBUG] - fit_round 3: strategy sampled 3 clients (out of 3)
[2026-01-22 23:03:14,244][flwr][DEBUG] - fit_round 3 received 3 results and 0 failures
[2026-01-22 23:03:14,287][flwr][INFO] - fit progress: (3, 33463456.0, {'rmse': 5784.760669206636, 'mae': 3852.953369140625, 'r2': 0.7336242198944092}, 28.538985208957456)
[2026-01-22 23:03:14,287][flwr][DEBUG] - evaluate_round 3: strategy sampled 3 clients (out of 3)
[2026-01-22 23:03:14,314][flwr][DEBUG] - evaluate_round 3 received 3 results and 0 failures
[2026-01-22 23:03:14,314][flwr][DEBUG] - fit_round 4: strategy sampled 3 clients (out of 3)
[2026-01-22 23:03:22,409][flwr][DEBUG] - fit_round 4 received 3 results and 0 failures
[2026-01-22 23:03:22,452][flwr][INFO] - fit progress: (4, 35228520.0, {'rmse': 5935.3618255334695, 'mae': 3777.9189453125, 'r2': 0.7195739150047302}, 36.70328262500698)
[2026-01-22 23:03:22,452][flwr][DEBUG] - evaluate_round 4: strategy sampled 3 clients (out of 3)
[2026-01-22 23:03:22,477][flwr][DEBUG] - evaluate_round 4 received 3 results and 0 failures
[2026-01-22 23:03:22,478][flwr][DEBUG] - fit_round 5: strategy sampled 3 clients (out of 3)
[2026-01-22 23:03:31,515][flwr][DEBUG] - fit_round 5 received 3 results and 0 failures
[2026-01-22 23:03:31,593][flwr][INFO] - fit progress: (5, 28226786.0, {'rmse': 5312.888668135255, 'mae': 3479.669921875, 'r2': 0.775309145450592}, 45.844597209012136)
[2026-01-22 23:03:31,593][flwr][DEBUG] - evaluate_round 5: strategy sampled 3 clients (out of 3)
[2026-01-22 23:03:31,636][flwr][DEBUG] - evaluate_round 5 received 3 results and 0 failures
[2026-01-22 23:03:31,637][flwr][DEBUG] - fit_round 6: strategy sampled 3 clients (out of 3)
[2026-01-22 23:03:40,012][flwr][DEBUG] - fit_round 6 received 3 results and 0 failures
[2026-01-22 23:03:40,066][flwr][INFO] - fit progress: (6, 28004140.0, {'rmse': 5291.8938008996365, 'mae': 3373.95703125, 'r2': 0.7770814299583435}, 54.31719745899318)
[2026-01-22 23:03:40,066][flwr][DEBUG] - evaluate_round 6: strategy sampled 3 clients (out of 3)
[2026-01-22 23:03:40,093][flwr][DEBUG] - evaluate_round 6 received 3 results and 0 failures
[2026-01-22 23:03:40,094][flwr][DEBUG] - fit_round 7: strategy sampled 3 clients (out of 3)
[2026-01-22 23:03:48,249][flwr][DEBUG] - fit_round 7 received 3 results and 0 failures
[2026-01-22 23:03:48,312][flwr][INFO] - fit progress: (7, 19151390.0, {'rmse': 4376.23011277972, 'mae': 2857.319091796875, 'r2': 0.8475511074066162}, 62.564095166977495)
[2026-01-22 23:03:48,313][flwr][DEBUG] - evaluate_round 7: strategy sampled 3 clients (out of 3)
[2026-01-22 23:03:48,356][flwr][DEBUG] - evaluate_round 7 received 3 results and 0 failures
[2026-01-22 23:03:48,357][flwr][DEBUG] - fit_round 8: strategy sampled 3 clients (out of 3)
[2026-01-22 23:03:56,410][flwr][DEBUG] - fit_round 8 received 3 results and 0 failures
[2026-01-22 23:03:56,472][flwr][INFO] - fit progress: (8, 18809824.0, {'rmse': 4337.029398101885, 'mae': 2821.790283203125, 'r2': 0.8502700328826904}, 70.7238124999567)
[2026-01-22 23:03:56,472][flwr][DEBUG] - evaluate_round 8: strategy sampled 3 clients (out of 3)
[2026-01-22 23:03:56,505][flwr][DEBUG] - evaluate_round 8 received 3 results and 0 failures
[2026-01-22 23:03:56,506][flwr][DEBUG] - fit_round 9: strategy sampled 3 clients (out of 3)
[2026-01-22 23:04:04,682][flwr][DEBUG] - fit_round 9 received 3 results and 0 failures
[2026-01-22 23:04:04,723][flwr][INFO] - fit progress: (9, 20192710.0, {'rmse': 4493.629935809134, 'mae': 2913.107177734375, 'r2': 0.8392620086669922}, 78.97498637496028)
[2026-01-22 23:04:04,724][flwr][DEBUG] - evaluate_round 9: strategy sampled 3 clients (out of 3)
[2026-01-22 23:04:04,749][flwr][DEBUG] - evaluate_round 9 received 3 results and 0 failures
[2026-01-22 23:04:04,750][flwr][DEBUG] - fit_round 10: strategy sampled 3 clients (out of 3)
[2026-01-22 23:04:13,097][flwr][DEBUG] - fit_round 10 received 3 results and 0 failures
[2026-01-22 23:04:13,140][flwr][INFO] - fit progress: (10, 19899932.0, {'rmse': 4460.933982923307, 'mae': 2883.657958984375, 'r2': 0.84159255027771}, 87.39171441696817)
[2026-01-22 23:04:13,140][flwr][DEBUG] - evaluate_round 10: strategy sampled 3 clients (out of 3)
[2026-01-22 23:04:13,166][flwr][DEBUG] - evaluate_round 10 received 3 results and 0 failures
[2026-01-22 23:04:13,167][flwr][DEBUG] - fit_round 11: strategy sampled 3 clients (out of 3)
[2026-01-22 23:04:21,282][flwr][DEBUG] - fit_round 11 received 3 results and 0 failures
[2026-01-22 23:04:21,324][flwr][INFO] - fit progress: (11, 31481654.0, {'rmse': 5610.85145053761, 'mae': 3434.421142578125, 'r2': 0.749399721622467}, 95.57562912499998)
[2026-01-22 23:04:21,324][flwr][DEBUG] - evaluate_round 11: strategy sampled 3 clients (out of 3)
[2026-01-22 23:04:21,350][flwr][DEBUG] - evaluate_round 11 received 3 results and 0 failures
[2026-01-22 23:04:21,350][flwr][DEBUG] - fit_round 12: strategy sampled 3 clients (out of 3)
[2026-01-22 23:04:29,619][flwr][DEBUG] - fit_round 12 received 3 results and 0 failures
[2026-01-22 23:04:29,661][flwr][INFO] - fit progress: (12, 26970742.0, {'rmse': 5193.336307230642, 'mae': 3266.0390625, 'r2': 0.7853074669837952}, 103.91232491697883)
[2026-01-22 23:04:29,661][flwr][DEBUG] - evaluate_round 12: strategy sampled 3 clients (out of 3)
[2026-01-22 23:04:29,684][flwr][DEBUG] - evaluate_round 12 received 3 results and 0 failures
[2026-01-22 23:04:29,684][flwr][DEBUG] - fit_round 13: strategy sampled 3 clients (out of 3)
[2026-01-22 23:04:37,770][flwr][DEBUG] - fit_round 13 received 3 results and 0 failures
[2026-01-22 23:04:37,825][flwr][INFO] - fit progress: (13, 21323174.0, {'rmse': 4617.702242457823, 'mae': 2919.297119140625, 'r2': 0.8302632570266724}, 112.07603504200233)
[2026-01-22 23:04:37,825][flwr][DEBUG] - evaluate_round 13: strategy sampled 3 clients (out of 3)
[2026-01-22 23:04:37,867][flwr][DEBUG] - evaluate_round 13 received 3 results and 0 failures
[2026-01-22 23:04:37,868][flwr][DEBUG] - fit_round 14: strategy sampled 3 clients (out of 3)
[2026-01-22 23:04:46,014][flwr][DEBUG] - fit_round 14 received 3 results and 0 failures
[2026-01-22 23:04:46,061][flwr][INFO] - fit progress: (14, 20239030.0, {'rmse': 4498.780945989703, 'mae': 2854.56201171875, 'r2': 0.8388932943344116}, 120.3122515839641)
[2026-01-22 23:04:46,061][flwr][DEBUG] - evaluate_round 14: strategy sampled 3 clients (out of 3)
[2026-01-22 23:04:46,089][flwr][DEBUG] - evaluate_round 14 received 3 results and 0 failures
[2026-01-22 23:04:46,090][flwr][DEBUG] - fit_round 15: strategy sampled 3 clients (out of 3)
[2026-01-22 23:04:54,622][flwr][DEBUG] - fit_round 15 received 3 results and 0 failures
[2026-01-22 23:04:54,663][flwr][INFO] - fit progress: (15, 16850128.0, {'rmse': 4104.890741542337, 'mae': 2624.275390625, 'r2': 0.8658695816993713}, 128.91434987500543)
[2026-01-22 23:04:54,663][flwr][DEBUG] - evaluate_round 15: strategy sampled 3 clients (out of 3)
[2026-01-22 23:04:54,689][flwr][DEBUG] - evaluate_round 15 received 3 results and 0 failures
[2026-01-22 23:04:54,689][flwr][DEBUG] - fit_round 16: strategy sampled 3 clients (out of 3)
[2026-01-22 23:05:02,727][flwr][DEBUG] - fit_round 16 received 3 results and 0 failures
[2026-01-22 23:05:02,788][flwr][INFO] - fit progress: (16, 16527750.0, {'rmse': 4065.43355621513, 'mae': 2585.46337890625, 'r2': 0.868435800075531}, 137.03968720900593)
[2026-01-22 23:05:02,789][flwr][DEBUG] - evaluate_round 16: strategy sampled 3 clients (out of 3)
[2026-01-22 23:05:02,814][flwr][DEBUG] - evaluate_round 16 received 3 results and 0 failures
[2026-01-22 23:05:02,815][flwr][DEBUG] - fit_round 17: strategy sampled 3 clients (out of 3)
[2026-01-22 23:05:10,985][flwr][DEBUG] - fit_round 17 received 3 results and 0 failures
[2026-01-22 23:05:11,030][flwr][INFO] - fit progress: (17, 29860910.0, {'rmse': 5464.513702059864, 'mae': 3363.08544921875, 'r2': 0.7623012065887451}, 145.28155116696144)
[2026-01-22 23:05:11,030][flwr][DEBUG] - evaluate_round 17: strategy sampled 3 clients (out of 3)
[2026-01-22 23:05:11,053][flwr][DEBUG] - evaluate_round 17 received 3 results and 0 failures
[2026-01-22 23:05:11,053][flwr][DEBUG] - fit_round 18: strategy sampled 3 clients (out of 3)
[2026-01-22 23:05:19,359][flwr][DEBUG] - fit_round 18 received 3 results and 0 failures
[2026-01-22 23:05:19,414][flwr][INFO] - fit progress: (18, 16398140.0, {'rmse': 4049.4616926203907, 'mae': 2592.386474609375, 'r2': 0.8694674968719482}, 153.6652008339879)
[2026-01-22 23:05:19,414][flwr][DEBUG] - evaluate_round 18: strategy sampled 3 clients (out of 3)
[2026-01-22 23:05:19,452][flwr][DEBUG] - evaluate_round 18 received 3 results and 0 failures
[2026-01-22 23:05:19,452][flwr][DEBUG] - fit_round 19: strategy sampled 3 clients (out of 3)
[2026-01-22 23:05:27,831][flwr][DEBUG] - fit_round 19 received 3 results and 0 failures
[2026-01-22 23:05:27,899][flwr][INFO] - fit progress: (19, 19997272.0, {'rmse': 4471.830944926251, 'mae': 2803.58447265625, 'r2': 0.8408176898956299}, 162.15002483397257)
[2026-01-22 23:05:27,899][flwr][DEBUG] - evaluate_round 19: strategy sampled 3 clients (out of 3)
[2026-01-22 23:05:27,926][flwr][DEBUG] - evaluate_round 19 received 3 results and 0 failures
[2026-01-22 23:05:27,927][flwr][DEBUG] - fit_round 20: strategy sampled 3 clients (out of 3)
[2026-01-22 23:05:36,520][flwr][DEBUG] - fit_round 20 received 3 results and 0 failures
[2026-01-22 23:05:36,592][flwr][INFO] - fit progress: (20, 18151530.0, {'rmse': 4260.461242635591, 'mae': 2686.89111328125, 'r2': 0.8555101752281189}, 170.8433949999744)
[2026-01-22 23:05:36,592][flwr][DEBUG] - evaluate_round 20: strategy sampled 3 clients (out of 3)
[2026-01-22 23:05:36,638][flwr][DEBUG] - evaluate_round 20 received 3 results and 0 failures
[2026-01-22 23:05:36,638][flwr][DEBUG] - fit_round 21: strategy sampled 3 clients (out of 3)
[2026-01-22 23:05:44,840][flwr][DEBUG] - fit_round 21 received 3 results and 0 failures
[2026-01-22 23:05:44,889][flwr][INFO] - fit progress: (21, 25651240.0, {'rmse': 5064.705322128821, 'mae': 3163.51513671875, 'r2': 0.7958109974861145}, 179.14008462498896)
[2026-01-22 23:05:44,889][flwr][DEBUG] - evaluate_round 21: strategy sampled 3 clients (out of 3)
[2026-01-22 23:05:44,916][flwr][DEBUG] - evaluate_round 21 received 3 results and 0 failures
[2026-01-22 23:05:44,916][flwr][DEBUG] - fit_round 22: strategy sampled 3 clients (out of 3)
[2026-01-22 23:05:53,170][flwr][DEBUG] - fit_round 22 received 3 results and 0 failures
[2026-01-22 23:05:53,211][flwr][INFO] - fit progress: (22, 13227354.0, {'rmse': 3636.9429470367004, 'mae': 2318.860107421875, 'r2': 0.8947076201438904}, 187.46192512498237)
[2026-01-22 23:05:53,211][flwr][DEBUG] - evaluate_round 22: strategy sampled 3 clients (out of 3)
[2026-01-22 23:05:53,234][flwr][DEBUG] - evaluate_round 22 received 3 results and 0 failures
[2026-01-22 23:05:53,235][flwr][DEBUG] - fit_round 23: strategy sampled 3 clients (out of 3)
[2026-01-22 23:06:01,299][flwr][DEBUG] - fit_round 23 received 3 results and 0 failures
[2026-01-22 23:06:01,342][flwr][INFO] - fit progress: (23, 21428290.0, {'rmse': 4629.070101003008, 'mae': 2908.84716796875, 'r2': 0.8294265270233154}, 195.59330054197926)
[2026-01-22 23:06:01,342][flwr][DEBUG] - evaluate_round 23: strategy sampled 3 clients (out of 3)
[2026-01-22 23:06:01,382][flwr][DEBUG] - evaluate_round 23 received 3 results and 0 failures
[2026-01-22 23:06:01,382][flwr][DEBUG] - fit_round 24: strategy sampled 3 clients (out of 3)
[2026-01-22 23:06:09,445][flwr][DEBUG] - fit_round 24 received 3 results and 0 failures
[2026-01-22 23:06:09,486][flwr][INFO] - fit progress: (24, 14377572.0, {'rmse': 3791.7768921707407, 'mae': 2435.486083984375, 'r2': 0.8855516314506531}, 203.73700370895676)
[2026-01-22 23:06:09,486][flwr][DEBUG] - evaluate_round 24: strategy sampled 3 clients (out of 3)
[2026-01-22 23:06:09,512][flwr][DEBUG] - evaluate_round 24 received 3 results and 0 failures
[2026-01-22 23:06:09,513][flwr][DEBUG] - fit_round 25: strategy sampled 3 clients (out of 3)
[2026-01-22 23:06:17,602][flwr][DEBUG] - fit_round 25 received 3 results and 0 failures
[2026-01-22 23:06:17,677][flwr][INFO] - fit progress: (25, 18324144.0, {'rmse': 4280.670975442986, 'mae': 2704.27197265625, 'r2': 0.8541361093521118}, 211.92814008396817)
[2026-01-22 23:06:17,677][flwr][DEBUG] - evaluate_round 25: strategy sampled 3 clients (out of 3)
[2026-01-22 23:06:17,701][flwr][DEBUG] - evaluate_round 25 received 3 results and 0 failures
[2026-01-22 23:06:17,702][flwr][DEBUG] - fit_round 26: strategy sampled 3 clients (out of 3)
[2026-01-22 23:06:25,662][flwr][DEBUG] - fit_round 26 received 3 results and 0 failures
[2026-01-22 23:06:25,719][flwr][INFO] - fit progress: (26, 14182211.0, {'rmse': 3765.9276413654047, 'mae': 2384.9033203125, 'r2': 0.8871067762374878}, 219.97002637496917)
[2026-01-22 23:06:25,719][flwr][DEBUG] - evaluate_round 26: strategy sampled 3 clients (out of 3)
[2026-01-22 23:06:25,742][flwr][DEBUG] - evaluate_round 26 received 3 results and 0 failures
[2026-01-22 23:06:25,743][flwr][DEBUG] - fit_round 27: strategy sampled 3 clients (out of 3)
[2026-01-22 23:06:33,612][flwr][DEBUG] - fit_round 27 received 3 results and 0 failures
[2026-01-22 23:06:33,653][flwr][INFO] - fit progress: (27, 17073232.0, {'rmse': 4131.9767666336165, 'mae': 2611.922119140625, 'r2': 0.8640936613082886}, 227.9044907919597)
[2026-01-22 23:06:33,654][flwr][DEBUG] - evaluate_round 27: strategy sampled 3 clients (out of 3)
[2026-01-22 23:06:33,678][flwr][DEBUG] - evaluate_round 27 received 3 results and 0 failures
[2026-01-22 23:06:33,678][flwr][DEBUG] - fit_round 28: strategy sampled 3 clients (out of 3)
[2026-01-22 23:06:41,705][flwr][DEBUG] - fit_round 28 received 3 results and 0 failures
[2026-01-22 23:06:41,746][flwr][INFO] - fit progress: (28, 22270212.0, {'rmse': 4719.132547407416, 'mae': 2940.593505859375, 'r2': 0.8227246403694153}, 235.99686383397784)
[2026-01-22 23:06:41,746][flwr][DEBUG] - evaluate_round 28: strategy sampled 3 clients (out of 3)
[2026-01-22 23:06:41,777][flwr][DEBUG] - evaluate_round 28 received 3 results and 0 failures
[2026-01-22 23:06:41,779][flwr][DEBUG] - fit_round 29: strategy sampled 3 clients (out of 3)
[2026-01-22 23:06:49,691][flwr][DEBUG] - fit_round 29 received 3 results and 0 failures
[2026-01-22 23:06:49,741][flwr][INFO] - fit progress: (29, 17071590.0, {'rmse': 4131.778067612054, 'mae': 2588.7109375, 'r2': 0.8641067147254944}, 243.9919170839712)
[2026-01-22 23:06:49,741][flwr][DEBUG] - evaluate_round 29: strategy sampled 3 clients (out of 3)
[2026-01-22 23:06:49,769][flwr][DEBUG] - evaluate_round 29 received 3 results and 0 failures
[2026-01-22 23:06:49,770][flwr][DEBUG] - fit_round 30: strategy sampled 3 clients (out of 3)
[2026-01-22 23:06:57,762][flwr][DEBUG] - fit_round 30 received 3 results and 0 failures
[2026-01-22 23:06:57,806][flwr][INFO] - fit progress: (30, 13322725.0, {'rmse': 3650.0308217876736, 'mae': 2285.507080078125, 'r2': 0.8939484357833862}, 252.05728858400835)
[2026-01-22 23:06:57,806][flwr][DEBUG] - evaluate_round 30: strategy sampled 3 clients (out of 3)
[2026-01-22 23:06:57,832][flwr][DEBUG] - evaluate_round 30 received 3 results and 0 failures
[2026-01-22 23:06:57,833][flwr][DEBUG] - fit_round 31: strategy sampled 3 clients (out of 3)
[2026-01-22 23:07:05,848][flwr][DEBUG] - fit_round 31 received 3 results and 0 failures
[2026-01-22 23:07:05,903][flwr][INFO] - fit progress: (31, 14711562.0, {'rmse': 3835.5654081243356, 'mae': 2427.6455078125, 'r2': 0.8828930258750916}, 260.15387641696725)
[2026-01-22 23:07:05,903][flwr][DEBUG] - evaluate_round 31: strategy sampled 3 clients (out of 3)
[2026-01-22 23:07:05,931][flwr][DEBUG] - evaluate_round 31 received 3 results and 0 failures
[2026-01-22 23:07:05,931][flwr][DEBUG] - fit_round 32: strategy sampled 3 clients (out of 3)
[2026-01-22 23:07:14,189][flwr][DEBUG] - fit_round 32 received 3 results and 0 failures
[2026-01-22 23:07:14,239][flwr][INFO] - fit progress: (32, 21737272.0, {'rmse': 4662.324742014438, 'mae': 2925.168701171875, 'r2': 0.8269669413566589}, 268.4895585839986)
[2026-01-22 23:07:14,239][flwr][DEBUG] - evaluate_round 32: strategy sampled 3 clients (out of 3)
[2026-01-22 23:07:14,268][flwr][DEBUG] - evaluate_round 32 received 3 results and 0 failures
[2026-01-22 23:07:14,269][flwr][DEBUG] - fit_round 33: strategy sampled 3 clients (out of 3)
[2026-01-22 23:07:21,926][flwr][DEBUG] - fit_round 33 received 3 results and 0 failures
[2026-01-22 23:07:21,980][flwr][INFO] - fit progress: (33, 20313554.0, {'rmse': 4507.0560236145275, 'mae': 2841.080078125, 'r2': 0.8383000493049622}, 276.23116433399264)
[2026-01-22 23:07:21,980][flwr][DEBUG] - evaluate_round 33: strategy sampled 3 clients (out of 3)
[2026-01-22 23:07:22,006][flwr][DEBUG] - evaluate_round 33 received 3 results and 0 failures
[2026-01-22 23:07:22,007][flwr][DEBUG] - fit_round 34: strategy sampled 3 clients (out of 3)
[2026-01-22 23:07:30,158][flwr][DEBUG] - fit_round 34 received 3 results and 0 failures
[2026-01-22 23:07:30,343][flwr][INFO] - fit progress: (34, 13220545.0, {'rmse': 3636.006738167574, 'mae': 2283.094482421875, 'r2': 0.8947618007659912}, 284.59370020899223)
[2026-01-22 23:07:30,344][flwr][DEBUG] - evaluate_round 34: strategy sampled 3 clients (out of 3)
[2026-01-22 23:07:30,383][flwr][DEBUG] - evaluate_round 34 received 3 results and 0 failures
[2026-01-22 23:07:30,384][flwr][DEBUG] - fit_round 35: strategy sampled 3 clients (out of 3)
[2026-01-22 23:07:39,187][flwr][DEBUG] - fit_round 35 received 3 results and 0 failures
[2026-01-22 23:07:39,273][flwr][INFO] - fit progress: (35, 13040865.0, {'rmse': 3611.2137848651387, 'mae': 2262.221923828125, 'r2': 0.8961920738220215}, 293.52401349996217)
[2026-01-22 23:07:39,278][flwr][DEBUG] - evaluate_round 35: strategy sampled 3 clients (out of 3)
[2026-01-22 23:07:39,320][flwr][DEBUG] - evaluate_round 35 received 3 results and 0 failures
[2026-01-22 23:07:39,321][flwr][DEBUG] - fit_round 36: strategy sampled 3 clients (out of 3)
[2026-01-22 23:07:47,541][flwr][DEBUG] - fit_round 36 received 3 results and 0 failures
[2026-01-22 23:07:47,583][flwr][INFO] - fit progress: (36, 14006488.0, {'rmse': 3742.524281818356, 'mae': 2327.34619140625, 'r2': 0.8885055780410767}, 301.8342283749953)
[2026-01-22 23:07:47,584][flwr][DEBUG] - evaluate_round 36: strategy sampled 3 clients (out of 3)
[2026-01-22 23:07:47,628][flwr][DEBUG] - evaluate_round 36 received 3 results and 0 failures
[2026-01-22 23:07:47,628][flwr][DEBUG] - fit_round 37: strategy sampled 3 clients (out of 3)
[2026-01-22 23:07:55,625][flwr][DEBUG] - fit_round 37 received 3 results and 0 failures
[2026-01-22 23:07:55,677][flwr][INFO] - fit progress: (37, 14445017.0, {'rmse': 3800.660074250261, 'mae': 2391.663818359375, 'r2': 0.8850147724151611}, 309.92826266697375)
[2026-01-22 23:07:55,678][flwr][DEBUG] - evaluate_round 37: strategy sampled 3 clients (out of 3)
[2026-01-22 23:07:55,713][flwr][DEBUG] - evaluate_round 37 received 3 results and 0 failures
[2026-01-22 23:07:55,713][flwr][DEBUG] - fit_round 38: strategy sampled 3 clients (out of 3)
[2026-01-22 23:08:04,323][flwr][DEBUG] - fit_round 38 received 3 results and 0 failures
[2026-01-22 23:08:04,397][flwr][INFO] - fit progress: (38, 20708590.0, {'rmse': 4550.669181560004, 'mae': 2762.993896484375, 'r2': 0.8351554870605469}, 318.6476869590115)
[2026-01-22 23:08:04,397][flwr][DEBUG] - evaluate_round 38: strategy sampled 3 clients (out of 3)
[2026-01-22 23:08:04,440][flwr][DEBUG] - evaluate_round 38 received 3 results and 0 failures
[2026-01-22 23:08:04,440][flwr][DEBUG] - fit_round 39: strategy sampled 3 clients (out of 3)
[2026-01-22 23:08:13,033][flwr][DEBUG] - fit_round 39 received 3 results and 0 failures
[2026-01-22 23:08:13,092][flwr][INFO] - fit progress: (39, 12528945.0, {'rmse': 3539.6249801356075, 'mae': 2206.090087890625, 'r2': 0.9002670645713806}, 327.3431881669676)
[2026-01-22 23:08:13,093][flwr][DEBUG] - evaluate_round 39: strategy sampled 3 clients (out of 3)
[2026-01-22 23:08:13,123][flwr][DEBUG] - evaluate_round 39 received 3 results and 0 failures
[2026-01-22 23:08:13,123][flwr][DEBUG] - fit_round 40: strategy sampled 3 clients (out of 3)
[2026-01-22 23:08:21,399][flwr][DEBUG] - fit_round 40 received 3 results and 0 failures
[2026-01-22 23:08:21,455][flwr][INFO] - fit progress: (40, 19303702.0, {'rmse': 4393.597842315567, 'mae': 2665.542236328125, 'r2': 0.8463386297225952}, 335.7058142499882)
[2026-01-22 23:08:21,455][flwr][DEBUG] - evaluate_round 40: strategy sampled 3 clients (out of 3)
[2026-01-22 23:08:21,489][flwr][DEBUG] - evaluate_round 40 received 3 results and 0 failures
[2026-01-22 23:08:21,489][flwr][DEBUG] - fit_round 41: strategy sampled 3 clients (out of 3)
[2026-01-22 23:08:29,932][flwr][DEBUG] - fit_round 41 received 3 results and 0 failures
[2026-01-22 23:08:29,979][flwr][INFO] - fit progress: (41, 16713668.0, {'rmse': 4088.2353161235715, 'mae': 2508.6240234375, 'r2': 0.8669558763504028}, 344.2302213750081)
[2026-01-22 23:08:29,980][flwr][DEBUG] - evaluate_round 41: strategy sampled 3 clients (out of 3)
[2026-01-22 23:08:30,007][flwr][DEBUG] - evaluate_round 41 received 3 results and 0 failures
[2026-01-22 23:08:30,007][flwr][DEBUG] - fit_round 42: strategy sampled 3 clients (out of 3)
[2026-01-22 23:08:38,152][flwr][DEBUG] - fit_round 42 received 3 results and 0 failures
[2026-01-22 23:08:38,197][flwr][INFO] - fit progress: (42, 13957441.0, {'rmse': 3735.9658724351325, 'mae': 2343.79736328125, 'r2': 0.8888959884643555}, 352.44821712496923)
[2026-01-22 23:08:38,198][flwr][DEBUG] - evaluate_round 42: strategy sampled 3 clients (out of 3)
[2026-01-22 23:08:38,223][flwr][DEBUG] - evaluate_round 42 received 3 results and 0 failures
[2026-01-22 23:08:38,223][flwr][DEBUG] - fit_round 43: strategy sampled 3 clients (out of 3)
[2026-01-22 23:08:46,478][flwr][DEBUG] - fit_round 43 received 3 results and 0 failures
[2026-01-22 23:08:46,529][flwr][INFO] - fit progress: (43, 13070850.0, {'rmse': 3615.363052308855, 'mae': 2273.609619140625, 'r2': 0.8959534168243408}, 360.7799048339948)
[2026-01-22 23:08:46,529][flwr][DEBUG] - evaluate_round 43: strategy sampled 3 clients (out of 3)
[2026-01-22 23:08:46,555][flwr][DEBUG] - evaluate_round 43 received 3 results and 0 failures
[2026-01-22 23:08:46,555][flwr][DEBUG] - fit_round 44: strategy sampled 3 clients (out of 3)
[2026-01-22 23:08:54,891][flwr][DEBUG] - fit_round 44 received 3 results and 0 failures
[2026-01-22 23:08:54,940][flwr][INFO] - fit progress: (44, 12437881.0, {'rmse': 3526.738011250623, 'mae': 2185.755615234375, 'r2': 0.9009919762611389}, 369.1903796669794)
[2026-01-22 23:08:54,940][flwr][DEBUG] - evaluate_round 44: strategy sampled 3 clients (out of 3)
[2026-01-22 23:08:54,977][flwr][DEBUG] - evaluate_round 44 received 3 results and 0 failures
[2026-01-22 23:08:54,977][flwr][DEBUG] - fit_round 45: strategy sampled 3 clients (out of 3)
[2026-01-22 23:09:03,276][flwr][DEBUG] - fit_round 45 received 3 results and 0 failures
[2026-01-22 23:09:03,324][flwr][INFO] - fit progress: (45, 11876125.0, {'rmse': 3446.1754163129885, 'mae': 2151.917724609375, 'r2': 0.905463695526123}, 377.57420483400347)
[2026-01-22 23:09:03,324][flwr][DEBUG] - evaluate_round 45: strategy sampled 3 clients (out of 3)
[2026-01-22 23:09:03,348][flwr][DEBUG] - evaluate_round 45 received 3 results and 0 failures
[2026-01-22 23:09:03,348][flwr][DEBUG] - fit_round 46: strategy sampled 3 clients (out of 3)
[2026-01-22 23:09:11,555][flwr][DEBUG] - fit_round 46 received 3 results and 0 failures
[2026-01-22 23:09:11,634][flwr][INFO] - fit progress: (46, 15927568.0, {'rmse': 3990.9357298758896, 'mae': 2499.030029296875, 'r2': 0.8732133507728577}, 385.88434254197637)
[2026-01-22 23:09:11,634][flwr][DEBUG] - evaluate_round 46: strategy sampled 3 clients (out of 3)
[2026-01-22 23:09:11,674][flwr][DEBUG] - evaluate_round 46 received 3 results and 0 failures
[2026-01-22 23:09:11,675][flwr][DEBUG] - fit_round 47: strategy sampled 3 clients (out of 3)
[2026-01-22 23:09:19,827][flwr][DEBUG] - fit_round 47 received 3 results and 0 failures
[2026-01-22 23:09:19,869][flwr][INFO] - fit progress: (47, 9577915.0, {'rmse': 3094.820673318569, 'mae': 1947.6407470703125, 'r2': 0.9237578511238098}, 394.11930329195457)
[2026-01-22 23:09:19,869][flwr][DEBUG] - evaluate_round 47: strategy sampled 3 clients (out of 3)
[2026-01-22 23:09:19,895][flwr][DEBUG] - evaluate_round 47 received 3 results and 0 failures
[2026-01-22 23:09:19,895][flwr][DEBUG] - fit_round 48: strategy sampled 3 clients (out of 3)
[2026-01-22 23:09:27,860][flwr][DEBUG] - fit_round 48 received 3 results and 0 failures
[2026-01-22 23:09:27,922][flwr][INFO] - fit progress: (48, 15921322.0, {'rmse': 3990.1531298936384, 'mae': 2456.426025390625, 'r2': 0.8732631206512451}, 402.17299841699423)
[2026-01-22 23:09:27,923][flwr][DEBUG] - evaluate_round 48: strategy sampled 3 clients (out of 3)
[2026-01-22 23:09:27,953][flwr][DEBUG] - evaluate_round 48 received 3 results and 0 failures
[2026-01-22 23:09:27,953][flwr][DEBUG] - fit_round 49: strategy sampled 3 clients (out of 3)
[2026-01-22 23:09:36,170][flwr][DEBUG] - fit_round 49 received 3 results and 0 failures
[2026-01-22 23:09:36,220][flwr][INFO] - fit progress: (49, 13820167.0, {'rmse': 3717.5485201944575, 'mae': 2288.009521484375, 'r2': 0.8899887204170227}, 410.47065191698493)
[2026-01-22 23:09:36,220][flwr][DEBUG] - evaluate_round 49: strategy sampled 3 clients (out of 3)
[2026-01-22 23:09:36,247][flwr][DEBUG] - evaluate_round 49 received 3 results and 0 failures
[2026-01-22 23:09:36,248][flwr][DEBUG] - fit_round 50: strategy sampled 3 clients (out of 3)
[2026-01-22 23:09:44,557][flwr][DEBUG] - fit_round 50 received 3 results and 0 failures
[2026-01-22 23:09:44,606][flwr][INFO] - fit progress: (50, 13584291.0, {'rmse': 3685.6873171770826, 'mae': 2302.985107421875, 'r2': 0.8918663263320923}, 418.85646833397914)
[2026-01-22 23:09:44,606][flwr][DEBUG] - evaluate_round 50: strategy sampled 3 clients (out of 3)
[2026-01-22 23:09:44,632][flwr][DEBUG] - evaluate_round 50 received 3 results and 0 failures
[2026-01-22 23:09:44,633][flwr][INFO] - FL finished in 418.88321212498704
[2026-01-22 23:09:44,633][flwr][INFO] - app_fit: losses_distributed [(1, 45804962.83046137), (2, 33622157.45747638), (3, 29417262.286826015), (4, 29297929.520844914), (5, 24905714.874930516), (6, 24043558.919399668), (7, 18821019.569205113), (8, 18439871.340744857), (9, 19228663.783212896), (10, 18499731.433018345), (11, 25989218.047804337), (12, 23188251.766536966), (13, 18828117.424124513), (14, 18294032.154530294), (15, 16052142.142857144), (16, 15861184.279599778), (17, 25146933.882156752), (18, 15873695.648137854), (19, 17985120.265703168), (20, 16685374.814897165), (21, 22166311.98110061), (22, 14249516.047804335), (23, 19023131.431906614), (24, 14813407.5725403), (25, 16904190.37298499), (26, 14031659.103390772), (27, 15863189.969427459), (28, 19410894.849360757), (29, 15651454.823790995), (30, 13280605.69594219), (31, 14156337.105058366), (32, 19118489.961089496), (33, 18154637.564202335), (34, 12898670.448026681), (35, 13011702.600889383), (36, 13335122.425792107), (37, 13792671.510839356), (38, 17867768.27126181), (39, 12387622.959977765), (40, 16714027.0561423), (41, 14973339.882156754), (42, 13399125.697053919), (43, 12788981.297387438), (44, 12045765.346859366), (45, 11980895.732629238), (46, 14655403.673707616), (47, 11443421.534741523), (48, 14338791.7098388), (49, 12891500.878265703), (50, 12987739.935519733)]
[2026-01-22 23:09:44,633][flwr][INFO] - app_fit: metrics_distributed_fit {}
[2026-01-22 23:09:44,633][flwr][INFO] - app_fit: metrics_distributed {}
[2026-01-22 23:09:44,633][flwr][INFO] - app_fit: losses_centralized [(0, 224267376.0), (1, 47563032.0), (2, 36331256.0), (3, 33463456.0), (4, 35228520.0), (5, 28226786.0), (6, 28004140.0), (7, 19151390.0), (8, 18809824.0), (9, 20192710.0), (10, 19899932.0), (11, 31481654.0), (12, 26970742.0), (13, 21323174.0), (14, 20239030.0), (15, 16850128.0), (16, 16527750.0), (17, 29860910.0), (18, 16398140.0), (19, 19997272.0), (20, 18151530.0), (21, 25651240.0), (22, 13227354.0), (23, 21428290.0), (24, 14377572.0), (25, 18324144.0), (26, 14182211.0), (27, 17073232.0), (28, 22270212.0), (29, 17071590.0), (30, 13322725.0), (31, 14711562.0), (32, 21737272.0), (33, 20313554.0), (34, 13220545.0), (35, 13040865.0), (36, 14006488.0), (37, 14445017.0), (38, 20708590.0), (39, 12528945.0), (40, 19303702.0), (41, 16713668.0), (42, 13957441.0), (43, 13070850.0), (44, 12437881.0), (45, 11876125.0), (46, 15927568.0), (47, 9577915.0), (48, 15921322.0), (49, 13820167.0), (50, 13584291.0)]
[2026-01-22 23:09:44,633][flwr][INFO] - app_fit: metrics_centralized {'rmse': [(0, 14975.559288387196), (1, 6896.595681928875), (2, 6027.541455684896), (3, 5784.760669206636), (4, 5935.3618255334695), (5, 5312.888668135255), (6, 5291.8938008996365), (7, 4376.23011277972), (8, 4337.029398101885), (9, 4493.629935809134), (10, 4460.933982923307), (11, 5610.85145053761), (12, 5193.336307230642), (13, 4617.702242457823), (14, 4498.780945989703), (15, 4104.890741542337), (16, 4065.43355621513), (17, 5464.513702059864), (18, 4049.4616926203907), (19, 4471.830944926251), (20, 4260.461242635591), (21, 5064.705322128821), (22, 3636.9429470367004), (23, 4629.070101003008), (24, 3791.7768921707407), (25, 4280.670975442986), (26, 3765.9276413654047), (27, 4131.9767666336165), (28, 4719.132547407416), (29, 4131.778067612054), (30, 3650.0308217876736), (31, 3835.5654081243356), (32, 4662.324742014438), (33, 4507.0560236145275), (34, 3636.006738167574), (35, 3611.2137848651387), (36, 3742.524281818356), (37, 3800.660074250261), (38, 4550.669181560004), (39, 3539.6249801356075), (40, 4393.597842315567), (41, 4088.2353161235715), (42, 3735.9658724351325), (43, 3615.363052308855), (44, 3526.738011250623), (45, 3446.1754163129885), (46, 3990.9357298758896), (47, 3094.820673318569), (48, 3990.1531298936384), (49, 3717.5485201944575), (50, 3685.6873171770826)], 'mae': [(0, 10299.0166015625), (1, 5045.58642578125), (2, 4108.40380859375), (3, 3852.953369140625), (4, 3777.9189453125), (5, 3479.669921875), (6, 3373.95703125), (7, 2857.319091796875), (8, 2821.790283203125), (9, 2913.107177734375), (10, 2883.657958984375), (11, 3434.421142578125), (12, 3266.0390625), (13, 2919.297119140625), (14, 2854.56201171875), (15, 2624.275390625), (16, 2585.46337890625), (17, 3363.08544921875), (18, 2592.386474609375), (19, 2803.58447265625), (20, 2686.89111328125), (21, 3163.51513671875), (22, 2318.860107421875), (23, 2908.84716796875), (24, 2435.486083984375), (25, 2704.27197265625), (26, 2384.9033203125), (27, 2611.922119140625), (28, 2940.593505859375), (29, 2588.7109375), (30, 2285.507080078125), (31, 2427.6455078125), (32, 2925.168701171875), (33, 2841.080078125), (34, 2283.094482421875), (35, 2262.221923828125), (36, 2327.34619140625), (37, 2391.663818359375), (38, 2762.993896484375), (39, 2206.090087890625), (40, 2665.542236328125), (41, 2508.6240234375), (42, 2343.79736328125), (43, 2273.609619140625), (44, 2185.755615234375), (45, 2151.917724609375), (46, 2499.030029296875), (47, 1947.6407470703125), (48, 2456.426025390625), (49, 2288.009521484375), (50, 2302.985107421875)], 'r2': [(0, -0.7852132320404053), (1, 0.6213887333869934), (2, 0.7107958793640137), (3, 0.7336242198944092), (4, 0.7195739150047302), (5, 0.775309145450592), (6, 0.7770814299583435), (7, 0.8475511074066162), (8, 0.8502700328826904), (9, 0.8392620086669922), (10, 0.84159255027771), (11, 0.749399721622467), (12, 0.7853074669837952), (13, 0.8302632570266724), (14, 0.8388932943344116), (15, 0.8658695816993713), (16, 0.868435800075531), (17, 0.7623012065887451), (18, 0.8694674968719482), (19, 0.8408176898956299), (20, 0.8555101752281189), (21, 0.7958109974861145), (22, 0.8947076201438904), (23, 0.8294265270233154), (24, 0.8855516314506531), (25, 0.8541361093521118), (26, 0.8871067762374878), (27, 0.8640936613082886), (28, 0.8227246403694153), (29, 0.8641067147254944), (30, 0.8939484357833862), (31, 0.8828930258750916), (32, 0.8269669413566589), (33, 0.8383000493049622), (34, 0.8947618007659912), (35, 0.8961920738220215), (36, 0.8885055780410767), (37, 0.8850147724151611), (38, 0.8351554870605469), (39, 0.9002670645713806), (40, 0.8463386297225952), (41, 0.8669558763504028), (42, 0.8888959884643555), (43, 0.8959534168243408), (44, 0.9009919762611389), (45, 0.905463695526123), (46, 0.8732133507728577), (47, 0.9237578511238098), (48, 0.8732631206512451), (49, 0.8899887204170227), (50, 0.8918663263320923)]}
