[2026-01-16 00:09:00,117][flwr][INFO] - Starting Flower simulation, config: ServerConfig(num_rounds=50, round_timeout=None)
[2026-01-16 00:09:05,178][flwr][INFO] - Flower VCE: Ray initialized with resources: {'memory': 12036828775.0, 'node:127.0.0.1': 1.0, 'CPU': 10.0, 'object_store_memory': 2147483648.0}
[2026-01-16 00:09:05,179][flwr][INFO] - Initializing global parameters
[2026-01-16 00:09:05,179][flwr][INFO] - Using initial parameters provided by strategy
[2026-01-16 00:09:05,179][flwr][INFO] - Evaluating initial parameters
[2026-01-16 00:09:05,715][flwr][INFO] - initial parameters (loss, other metrics): 1.5124554705691409, {'rmse': 12769.509309288278, 'mae': 8730.3603515625, 'r2': -0.30144581776523016, 'mape': 64.13571166992188, 'accuracy_10': 11.261261254549026, 'accuracy_20': 22.12212234735489}
[2026-01-16 00:09:05,715][flwr][INFO] - FL starting
[2026-01-16 00:09:05,715][flwr][DEBUG] - fit_round 1: strategy sampled 3 clients (out of 3)
[2026-01-16 00:09:15,134][flwr][DEBUG] - fit_round 1 received 3 results and 0 failures
[2026-01-16 00:09:15,136][flwr][WARNING] - No fit_metrics_aggregation_fn provided
[2026-01-16 00:09:15,269][flwr][INFO] - fit progress: (1, 0.2477640698442946, {'rmse': 6396.844847266502, 'mae': 3482.5283203125, 'r2': 0.6734051944407211, 'mape': 19.651979446411133, 'accuracy_10': 35.3353351354599, 'accuracy_20': 63.613611459732056}, 9.55388620798476)
[2026-01-16 00:09:15,269][flwr][DEBUG] - evaluate_round 1: strategy sampled 3 clients (out of 3)
[2026-01-16 00:09:15,396][flwr][DEBUG] - evaluate_round 1 received 3 results and 0 failures
[2026-01-16 00:09:15,396][flwr][WARNING] - No evaluate_metrics_aggregation_fn provided
[2026-01-16 00:09:15,396][flwr][DEBUG] - fit_round 2: strategy sampled 3 clients (out of 3)
[2026-01-16 00:09:20,826][flwr][DEBUG] - fit_round 2 received 3 results and 0 failures
[2026-01-16 00:09:20,959][flwr][INFO] - fit progress: (2, 0.22697870428855713, {'rmse': 5989.716186932399, 'mae': 3214.068359375, 'r2': 0.7136546423141044, 'mape': 19.07024383544922, 'accuracy_10': 38.88888955116272, 'accuracy_20': 67.01701879501343}, 15.244314499985194)
[2026-01-16 00:09:20,960][flwr][DEBUG] - evaluate_round 2: strategy sampled 3 clients (out of 3)
[2026-01-16 00:09:21,036][flwr][DEBUG] - evaluate_round 2 received 3 results and 0 failures
[2026-01-16 00:09:21,036][flwr][DEBUG] - fit_round 3: strategy sampled 3 clients (out of 3)
[2026-01-16 00:09:26,843][flwr][DEBUG] - fit_round 3 received 3 results and 0 failures
[2026-01-16 00:09:26,984][flwr][INFO] - fit progress: (3, 0.23857828175222073, {'rmse': 6225.333725994134, 'mae': 3257.271484375, 'r2': 0.6906835963679545, 'mape': 19.19806671142578, 'accuracy_10': 40.2402400970459, 'accuracy_20': 67.16716885566711}, 21.269178374990588)
[2026-01-16 00:09:26,984][flwr][DEBUG] - evaluate_round 3: strategy sampled 3 clients (out of 3)
[2026-01-16 00:09:27,068][flwr][DEBUG] - evaluate_round 3 received 3 results and 0 failures
[2026-01-16 00:09:27,068][flwr][DEBUG] - fit_round 4: strategy sampled 3 clients (out of 3)
[2026-01-16 00:09:32,523][flwr][DEBUG] - fit_round 4 received 3 results and 0 failures
[2026-01-16 00:09:32,665][flwr][INFO] - fit progress: (4, 0.24742221134202974, {'rmse': 6815.3250839560105, 'mae': 3343.223876953125, 'r2': 0.6292759051839689, 'mape': 19.51311492919922, 'accuracy_10': 41.54154062271118, 'accuracy_20': 68.76876950263977}, 26.94988270799513)
[2026-01-16 00:09:32,665][flwr][DEBUG] - evaluate_round 4: strategy sampled 3 clients (out of 3)
[2026-01-16 00:09:32,790][flwr][DEBUG] - evaluate_round 4 received 3 results and 0 failures
[2026-01-16 00:09:32,790][flwr][DEBUG] - fit_round 5: strategy sampled 3 clients (out of 3)
[2026-01-16 00:09:38,191][flwr][DEBUG] - fit_round 5 received 3 results and 0 failures
[2026-01-16 00:09:38,335][flwr][INFO] - fit progress: (5, 0.26080141611046737, {'rmse': 6873.9493742680415, 'mae': 3359.933837890625, 'r2': 0.6228706539336337, 'mape': 19.17885971069336, 'accuracy_10': 41.99199080467224, 'accuracy_20': 68.61861944198608}, 32.619724832999054)
[2026-01-16 00:09:38,335][flwr][DEBUG] - evaluate_round 5: strategy sampled 3 clients (out of 3)
[2026-01-16 00:09:38,427][flwr][DEBUG] - evaluate_round 5 received 3 results and 0 failures
[2026-01-16 00:09:38,427][flwr][DEBUG] - fit_round 6: strategy sampled 3 clients (out of 3)
[2026-01-16 00:09:45,275][flwr][DEBUG] - fit_round 6 received 3 results and 0 failures
[2026-01-16 00:09:45,552][flwr][INFO] - fit progress: (6, 0.27376378361169285, {'rmse': 7948.261948375884, 'mae': 3515.9560546875, 'r2': 0.49577776288452513, 'mape': 19.727764129638672, 'accuracy_10': 43.69369447231293, 'accuracy_20': 69.66966986656189}, 39.83675266598584)
[2026-01-16 00:09:45,553][flwr][DEBUG] - evaluate_round 6: strategy sampled 3 clients (out of 3)
[2026-01-16 00:09:45,805][flwr][DEBUG] - evaluate_round 6 received 3 results and 0 failures
[2026-01-16 00:09:45,806][flwr][DEBUG] - fit_round 7: strategy sampled 3 clients (out of 3)
[2026-01-16 00:09:52,318][flwr][DEBUG] - fit_round 7 received 3 results and 0 failures
[2026-01-16 00:09:52,456][flwr][INFO] - fit progress: (7, 0.28733756663921, {'rmse': 8848.716065057122, 'mae': 3623.152587890625, 'r2': 0.3750602129548958, 'mape': 20.061973571777344, 'accuracy_10': 44.844844937324524, 'accuracy_20': 70.6706702709198}, 46.74058408298879)
[2026-01-16 00:09:52,456][flwr][DEBUG] - evaluate_round 7: strategy sampled 3 clients (out of 3)
[2026-01-16 00:09:52,597][flwr][DEBUG] - evaluate_round 7 received 3 results and 0 failures
[2026-01-16 00:09:52,597][flwr][DEBUG] - fit_round 8: strategy sampled 3 clients (out of 3)
[2026-01-16 00:09:58,625][flwr][DEBUG] - fit_round 8 received 3 results and 0 failures
[2026-01-16 00:09:58,837][flwr][INFO] - fit progress: (8, 0.299239362264658, {'rmse': 9735.706240432688, 'mae': 3723.82763671875, 'r2': 0.2434936629791904, 'mape': 20.379209518432617, 'accuracy_10': 46.946945786476135, 'accuracy_20': 71.7217206954956}, 53.12138016600511)
[2026-01-16 00:09:58,837][flwr][DEBUG] - evaluate_round 8: strategy sampled 3 clients (out of 3)
[2026-01-16 00:09:58,942][flwr][DEBUG] - evaluate_round 8 received 3 results and 0 failures
[2026-01-16 00:09:58,942][flwr][DEBUG] - fit_round 9: strategy sampled 3 clients (out of 3)
[2026-01-16 00:10:04,420][flwr][DEBUG] - fit_round 9 received 3 results and 0 failures
[2026-01-16 00:10:04,577][flwr][INFO] - fit progress: (9, 0.31101654191036243, {'rmse': 9876.943251836572, 'mae': 3767.12451171875, 'r2': 0.22138497126533074, 'mape': 20.363149642944336, 'accuracy_10': 47.397395968437195, 'accuracy_20': 71.97197079658508}, 58.86202591599431)
[2026-01-16 00:10:04,578][flwr][DEBUG] - evaluate_round 9: strategy sampled 3 clients (out of 3)
[2026-01-16 00:10:04,667][flwr][DEBUG] - evaluate_round 9 received 3 results and 0 failures
[2026-01-16 00:10:04,668][flwr][DEBUG] - fit_round 10: strategy sampled 3 clients (out of 3)
[2026-01-16 00:10:10,880][flwr][DEBUG] - fit_round 10 received 3 results and 0 failures
[2026-01-16 00:10:11,022][flwr][INFO] - fit progress: (10, 0.33252747286786066, {'rmse': 8805.687707385494, 'mae': 3725.76171875, 'r2': 0.38112319937085315, 'mape': 19.640729904174805, 'accuracy_10': 47.397395968437195, 'accuracy_20': 71.7717707157135}, 65.30684045798262)
[2026-01-16 00:10:11,023][flwr][DEBUG] - evaluate_round 10: strategy sampled 3 clients (out of 3)
[2026-01-16 00:10:11,130][flwr][DEBUG] - evaluate_round 10 received 3 results and 0 failures
[2026-01-16 00:10:11,130][flwr][DEBUG] - fit_round 11: strategy sampled 3 clients (out of 3)
[2026-01-16 00:10:16,921][flwr][DEBUG] - fit_round 11 received 3 results and 0 failures
[2026-01-16 00:10:17,061][flwr][INFO] - fit progress: (11, 0.33944885428245364, {'rmse': 11458.982851893967, 'mae': 3920.4765625, 'r2': -0.048020551466892325, 'mape': 20.921035766601562, 'accuracy_10': 50.0, 'accuracy_20': 73.22322130203247}, 71.34603262500605)
[2026-01-16 00:10:17,062][flwr][DEBUG] - evaluate_round 11: strategy sampled 3 clients (out of 3)
[2026-01-16 00:10:17,142][flwr][DEBUG] - evaluate_round 11 received 3 results and 0 failures
[2026-01-16 00:10:17,142][flwr][DEBUG] - fit_round 12: strategy sampled 3 clients (out of 3)
[2026-01-16 00:10:22,803][flwr][DEBUG] - fit_round 12 received 3 results and 0 failures
[2026-01-16 00:10:22,930][flwr][INFO] - fit progress: (12, 0.36065852454116754, {'rmse': 12177.880932247614, 'mae': 4018.776611328125, 'r2': -0.18364401472756509, 'mape': 21.03050994873047, 'accuracy_10': 51.1011004447937, 'accuracy_20': 72.77277112007141}, 77.21480033299304)
[2026-01-16 00:10:22,930][flwr][DEBUG] - evaluate_round 12: strategy sampled 3 clients (out of 3)
[2026-01-16 00:10:23,009][flwr][DEBUG] - evaluate_round 12 received 3 results and 0 failures
[2026-01-16 00:10:23,009][flwr][DEBUG] - fit_round 13: strategy sampled 3 clients (out of 3)
[2026-01-16 00:10:28,377][flwr][DEBUG] - fit_round 13 received 3 results and 0 failures
[2026-01-16 00:10:28,507][flwr][INFO] - fit progress: (13, 0.3693560242831886, {'rmse': 13242.803328600783, 'mae': 4108.869140625, 'r2': -0.3997082551437572, 'mape': 21.507158279418945, 'accuracy_10': 51.601600646972656, 'accuracy_20': 72.9229211807251}, 82.79144841598463)
[2026-01-16 00:10:28,507][flwr][DEBUG] - evaluate_round 13: strategy sampled 3 clients (out of 3)
[2026-01-16 00:10:28,584][flwr][DEBUG] - evaluate_round 13 received 3 results and 0 failures
[2026-01-16 00:10:28,584][flwr][DEBUG] - fit_round 14: strategy sampled 3 clients (out of 3)
[2026-01-16 00:10:33,993][flwr][DEBUG] - fit_round 14 received 3 results and 0 failures
[2026-01-16 00:10:34,148][flwr][INFO] - fit progress: (14, 0.3830015134733838, {'rmse': 20229.088758518017, 'mae': 4732.80322265625, 'r2': -2.2661061800482543, 'mape': 26.24248504638672, 'accuracy_10': 53.853851556777954, 'accuracy_20': 74.47447180747986}, 88.43211787499604)
[2026-01-16 00:10:34,148][flwr][DEBUG] - evaluate_round 14: strategy sampled 3 clients (out of 3)
[2026-01-16 00:10:34,236][flwr][DEBUG] - evaluate_round 14 received 3 results and 0 failures
[2026-01-16 00:10:34,236][flwr][DEBUG] - fit_round 15: strategy sampled 3 clients (out of 3)
[2026-01-16 00:10:39,678][flwr][DEBUG] - fit_round 15 received 3 results and 0 failures
[2026-01-16 00:10:39,811][flwr][INFO] - fit progress: (15, 0.3817038095450855, {'rmse': 13371.408901084433, 'mae': 4147.54052734375, 'r2': -0.42702634918906246, 'mape': 21.562789916992188, 'accuracy_10': 53.053051233291626, 'accuracy_20': 73.37337136268616}, 94.09549479099223)
[2026-01-16 00:10:39,811][flwr][DEBUG] - evaluate_round 15: strategy sampled 3 clients (out of 3)
[2026-01-16 00:10:39,888][flwr][DEBUG] - evaluate_round 15 received 3 results and 0 failures
[2026-01-16 00:10:39,888][flwr][DEBUG] - fit_round 16: strategy sampled 3 clients (out of 3)
[2026-01-16 00:10:46,360][flwr][DEBUG] - fit_round 16 received 3 results and 0 failures
[2026-01-16 00:10:46,574][flwr][INFO] - fit progress: (16, 0.388044848441481, {'rmse': 16399.363890102566, 'mae': 4361.7548828125, 'r2': -1.146503878761477, 'mape': 23.06905174255371, 'accuracy_10': 54.304301738739014, 'accuracy_20': 75.12512803077698}, 100.85873537498992)
[2026-01-16 00:10:46,575][flwr][DEBUG] - evaluate_round 16: strategy sampled 3 clients (out of 3)
[2026-01-16 00:10:46,752][flwr][DEBUG] - evaluate_round 16 received 3 results and 0 failures
[2026-01-16 00:10:46,752][flwr][DEBUG] - fit_round 17: strategy sampled 3 clients (out of 3)
[2026-01-16 00:10:52,198][flwr][DEBUG] - fit_round 17 received 3 results and 0 failures
[2026-01-16 00:10:52,328][flwr][INFO] - fit progress: (17, 0.3989114568935142, {'rmse': 13770.586625122403, 'mae': 4199.35791015625, 'r2': -0.513500398976275, 'mape': 21.758682250976562, 'accuracy_10': 52.80280113220215, 'accuracy_20': 74.17417168617249}, 106.61250920800376)
[2026-01-16 00:10:52,328][flwr][DEBUG] - evaluate_round 17: strategy sampled 3 clients (out of 3)
[2026-01-16 00:10:52,409][flwr][DEBUG] - evaluate_round 17 received 3 results and 0 failures
[2026-01-16 00:10:52,409][flwr][DEBUG] - fit_round 18: strategy sampled 3 clients (out of 3)
[2026-01-16 00:10:57,879][flwr][DEBUG] - fit_round 18 received 3 results and 0 failures
[2026-01-16 00:10:58,008][flwr][INFO] - fit progress: (18, 0.39879908620774207, {'rmse': 13645.20369946891, 'mae': 4174.54296875, 'r2': -0.4860646278734668, 'mape': 21.673921585083008, 'accuracy_10': 52.502501010894775, 'accuracy_20': 74.52452182769775}, 112.29246054100804)
[2026-01-16 00:10:58,008][flwr][DEBUG] - evaluate_round 18: strategy sampled 3 clients (out of 3)
[2026-01-16 00:10:58,088][flwr][DEBUG] - evaluate_round 18 received 3 results and 0 failures
[2026-01-16 00:10:58,088][flwr][DEBUG] - fit_round 19: strategy sampled 3 clients (out of 3)
[2026-01-16 00:11:03,470][flwr][DEBUG] - fit_round 19 received 3 results and 0 failures
[2026-01-16 00:11:03,611][flwr][INFO] - fit progress: (19, 0.4121058795962844, {'rmse': 13609.457887807288, 'mae': 4189.8232421875, 'r2': -0.4782889101350445, 'mape': 21.698720932006836, 'accuracy_10': 52.65265107154846, 'accuracy_20': 74.42442178726196}, 117.89514300000155)
[2026-01-16 00:11:03,611][flwr][DEBUG] - evaluate_round 19: strategy sampled 3 clients (out of 3)
[2026-01-16 00:11:03,695][flwr][DEBUG] - evaluate_round 19 received 3 results and 0 failures
[2026-01-16 00:11:03,695][flwr][DEBUG] - fit_round 20: strategy sampled 3 clients (out of 3)
[2026-01-16 00:11:08,922][flwr][DEBUG] - fit_round 20 received 3 results and 0 failures
[2026-01-16 00:11:09,052][flwr][INFO] - fit progress: (20, 0.3974923776375042, {'rmse': 14065.354314769322, 'mae': 4182.2919921875, 'r2': -0.5789886632095704, 'mape': 21.858983993530273, 'accuracy_10': 53.00300121307373, 'accuracy_20': 75.02502799034119}, 123.33646179098287)
[2026-01-16 00:11:09,052][flwr][DEBUG] - evaluate_round 20: strategy sampled 3 clients (out of 3)
[2026-01-16 00:11:09,134][flwr][DEBUG] - evaluate_round 20 received 3 results and 0 failures
[2026-01-16 00:11:09,134][flwr][DEBUG] - fit_round 21: strategy sampled 3 clients (out of 3)
[2026-01-16 00:11:15,332][flwr][DEBUG] - fit_round 21 received 3 results and 0 failures
[2026-01-16 00:11:15,512][flwr][INFO] - fit progress: (21, 0.3938392771555258, {'rmse': 13363.52588204176, 'mae': 4123.435546875, 'r2': -0.4253443133838215, 'mape': 21.7831974029541, 'accuracy_10': 52.00200080871582, 'accuracy_20': 74.97497200965881}, 129.79575279098935)
[2026-01-16 00:11:15,512][flwr][DEBUG] - evaluate_round 21: strategy sampled 3 clients (out of 3)
[2026-01-16 00:11:15,612][flwr][DEBUG] - evaluate_round 21 received 3 results and 0 failures
[2026-01-16 00:11:15,612][flwr][DEBUG] - fit_round 22: strategy sampled 3 clients (out of 3)
[2026-01-16 00:11:21,518][flwr][DEBUG] - fit_round 22 received 3 results and 0 failures
[2026-01-16 00:11:21,676][flwr][INFO] - fit progress: (22, 0.39913793619688565, {'rmse': 12080.261586571709, 'mae': 4025.2958984375, 'r2': -0.16474356087896247, 'mape': 21.003406524658203, 'accuracy_10': 52.2022008895874, 'accuracy_20': 74.52452182769775}, 135.96040820798953)
[2026-01-16 00:11:21,677][flwr][DEBUG] - evaluate_round 22: strategy sampled 3 clients (out of 3)
[2026-01-16 00:11:21,766][flwr][DEBUG] - evaluate_round 22 received 3 results and 0 failures
[2026-01-16 00:11:21,766][flwr][DEBUG] - fit_round 23: strategy sampled 3 clients (out of 3)
[2026-01-16 00:11:27,083][flwr][DEBUG] - fit_round 23 received 3 results and 0 failures
[2026-01-16 00:11:27,213][flwr][INFO] - fit progress: (23, 0.4026831290624044, {'rmse': 11461.2707846905, 'mae': 3975.352294921875, 'r2': -0.0484390969522821, 'mape': 21.020912170410156, 'accuracy_10': 51.00100040435791, 'accuracy_20': 74.22422170639038}, 141.49723366598482)
[2026-01-16 00:11:27,213][flwr][DEBUG] - evaluate_round 23: strategy sampled 3 clients (out of 3)
[2026-01-16 00:11:27,293][flwr][DEBUG] - evaluate_round 23 received 3 results and 0 failures
[2026-01-16 00:11:27,294][flwr][DEBUG] - fit_round 24: strategy sampled 3 clients (out of 3)
[2026-01-16 00:11:32,598][flwr][DEBUG] - fit_round 24 received 3 results and 0 failures
[2026-01-16 00:11:32,727][flwr][INFO] - fit progress: (24, 0.3865664537485178, {'rmse': 12300.007804875573, 'mae': 3986.550048828125, 'r2': -0.20750352900274782, 'mape': 21.32968521118164, 'accuracy_10': 51.70170068740845, 'accuracy_20': 74.57457184791565}, 147.01062779099448)
[2026-01-16 00:11:32,727][flwr][DEBUG] - evaluate_round 24: strategy sampled 3 clients (out of 3)
[2026-01-16 00:11:32,804][flwr][DEBUG] - evaluate_round 24 received 3 results and 0 failures
[2026-01-16 00:11:32,804][flwr][DEBUG] - fit_round 25: strategy sampled 3 clients (out of 3)
[2026-01-16 00:11:38,072][flwr][DEBUG] - fit_round 25 received 3 results and 0 failures
[2026-01-16 00:11:38,205][flwr][INFO] - fit progress: (25, 0.3952506358201081, {'rmse': 11423.180993050928, 'mae': 3948.6240234375, 'r2': -0.04148201360498627, 'mape': 20.815401077270508, 'accuracy_10': 50.45045018196106, 'accuracy_20': 73.82382154464722}, 152.48855249999906)
[2026-01-16 00:11:38,205][flwr][DEBUG] - evaluate_round 25: strategy sampled 3 clients (out of 3)
[2026-01-16 00:11:38,282][flwr][DEBUG] - evaluate_round 25 received 3 results and 0 failures
[2026-01-16 00:11:38,282][flwr][DEBUG] - fit_round 26: strategy sampled 3 clients (out of 3)
[2026-01-16 00:11:43,603][flwr][DEBUG] - fit_round 26 received 3 results and 0 failures
[2026-01-16 00:11:43,735][flwr][INFO] - fit progress: (26, 0.393214060528739, {'rmse': 11917.7313277318, 'mae': 3973.60595703125, 'r2': -0.13361307050465787, 'mape': 21.203344345092773, 'accuracy_10': 50.500500202178955, 'accuracy_20': 73.82382154464722}, 158.01902587499353)
[2026-01-16 00:11:43,735][flwr][DEBUG] - evaluate_round 26: strategy sampled 3 clients (out of 3)
[2026-01-16 00:11:43,813][flwr][DEBUG] - evaluate_round 26 received 3 results and 0 failures
[2026-01-16 00:11:43,813][flwr][DEBUG] - fit_round 27: strategy sampled 3 clients (out of 3)
[2026-01-16 00:11:49,114][flwr][DEBUG] - fit_round 27 received 3 results and 0 failures
[2026-01-16 00:11:49,256][flwr][INFO] - fit progress: (27, 0.3982579816390086, {'rmse': 11913.347136720226, 'mae': 3969.887451171875, 'r2': -0.1327791210793512, 'mape': 21.314573287963867, 'accuracy_10': 50.400400161743164, 'accuracy_20': 73.72372150421143}, 163.53999829100212)
[2026-01-16 00:11:49,256][flwr][DEBUG] - evaluate_round 27: strategy sampled 3 clients (out of 3)
[2026-01-16 00:11:49,335][flwr][DEBUG] - evaluate_round 27 received 3 results and 0 failures
[2026-01-16 00:11:49,335][flwr][DEBUG] - fit_round 28: strategy sampled 3 clients (out of 3)
[2026-01-16 00:11:54,628][flwr][DEBUG] - fit_round 28 received 3 results and 0 failures
[2026-01-16 00:11:54,764][flwr][INFO] - fit progress: (28, 0.3933576031907781, {'rmse': 11522.312267943444, 'mae': 3923.63330078125, 'r2': -0.05963654675038543, 'mape': 20.99270248413086, 'accuracy_10': 50.30030012130737, 'accuracy_20': 73.47347140312195}, 169.0477236250008)
[2026-01-16 00:11:54,764][flwr][DEBUG] - evaluate_round 28: strategy sampled 3 clients (out of 3)
[2026-01-16 00:11:54,840][flwr][DEBUG] - evaluate_round 28 received 3 results and 0 failures
[2026-01-16 00:11:54,840][flwr][DEBUG] - fit_round 29: strategy sampled 3 clients (out of 3)
[2026-01-16 00:12:00,171][flwr][DEBUG] - fit_round 29 received 3 results and 0 failures
[2026-01-16 00:12:00,311][flwr][INFO] - fit progress: (29, 0.3939746763851788, {'rmse': 11491.266596855196, 'mae': 3917.227294921875, 'r2': -0.05393411812629845, 'mape': 21.205251693725586, 'accuracy_10': 49.89989995956421, 'accuracy_20': 73.67367148399353}, 174.59448850000626)
[2026-01-16 00:12:00,311][flwr][DEBUG] - evaluate_round 29: strategy sampled 3 clients (out of 3)
[2026-01-16 00:12:00,387][flwr][DEBUG] - evaluate_round 29 received 3 results and 0 failures
[2026-01-16 00:12:00,387][flwr][DEBUG] - fit_round 30: strategy sampled 3 clients (out of 3)
[2026-01-16 00:12:05,586][flwr][DEBUG] - fit_round 30 received 3 results and 0 failures
[2026-01-16 00:12:05,714][flwr][INFO] - fit progress: (30, 0.39473754573274067, {'rmse': 11419.912784255403, 'mae': 3897.829833984375, 'r2': -0.04088616714697402, 'mape': 21.12223243713379, 'accuracy_10': 50.500500202178955, 'accuracy_20': 73.52352142333984}, 179.99767729098676)
[2026-01-16 00:12:05,714][flwr][DEBUG] - evaluate_round 30: strategy sampled 3 clients (out of 3)
[2026-01-16 00:12:05,791][flwr][DEBUG] - evaluate_round 30 received 3 results and 0 failures
[2026-01-16 00:12:05,791][flwr][DEBUG] - fit_round 31: strategy sampled 3 clients (out of 3)
[2026-01-16 00:12:11,093][flwr][DEBUG] - fit_round 31 received 3 results and 0 failures
[2026-01-16 00:12:11,229][flwr][INFO] - fit progress: (31, 0.39803422660799, {'rmse': 11661.581367893465, 'mae': 3927.72021484375, 'r2': -0.08540684061054882, 'mape': 21.51529884338379, 'accuracy_10': 49.149149656295776, 'accuracy_20': 73.12312126159668}, 185.51230020800722)
[2026-01-16 00:12:11,229][flwr][DEBUG] - evaluate_round 31: strategy sampled 3 clients (out of 3)
[2026-01-16 00:12:11,308][flwr][DEBUG] - evaluate_round 31 received 3 results and 0 failures
[2026-01-16 00:12:11,309][flwr][DEBUG] - fit_round 32: strategy sampled 3 clients (out of 3)
[2026-01-16 00:12:16,532][flwr][DEBUG] - fit_round 32 received 3 results and 0 failures
[2026-01-16 00:12:16,658][flwr][INFO] - fit progress: (32, 0.406046317713158, {'rmse': 11194.031266706377, 'mae': 3908.606689453125, 'r2': -0.000116695324542615, 'mape': 21.383865356445312, 'accuracy_10': 47.047045826911926, 'accuracy_20': 72.52252101898193}, 190.94152883300558)
[2026-01-16 00:12:16,658][flwr][DEBUG] - evaluate_round 32: strategy sampled 3 clients (out of 3)
[2026-01-16 00:12:16,734][flwr][DEBUG] - evaluate_round 32 received 3 results and 0 failures
[2026-01-16 00:12:16,734][flwr][DEBUG] - fit_round 33: strategy sampled 3 clients (out of 3)
[2026-01-16 00:12:21,972][flwr][DEBUG] - fit_round 33 received 3 results and 0 failures
[2026-01-16 00:12:22,109][flwr][INFO] - fit progress: (33, 0.3994536008145119, {'rmse': 11216.992110187115, 'mae': 3875.302734375, 'r2': -0.0042237424393472, 'mape': 21.473960876464844, 'accuracy_10': 48.19819927215576, 'accuracy_20': 72.32232093811035}, 196.39228404100868)
[2026-01-16 00:12:22,109][flwr][DEBUG] - evaluate_round 33: strategy sampled 3 clients (out of 3)
[2026-01-16 00:12:22,185][flwr][DEBUG] - evaluate_round 33 received 3 results and 0 failures
[2026-01-16 00:12:22,185][flwr][DEBUG] - fit_round 34: strategy sampled 3 clients (out of 3)
[2026-01-16 00:12:27,495][flwr][DEBUG] - fit_round 34 received 3 results and 0 failures
[2026-01-16 00:12:27,628][flwr][INFO] - fit progress: (34, 0.4109916757713925, {'rmse': 10504.0091393715, 'mae': 3856.969482421875, 'r2': 0.11938141137071911, 'mape': 21.192506790161133, 'accuracy_10': 46.34634554386139, 'accuracy_20': 71.37137055397034}, 201.91119720798451)
[2026-01-16 00:12:27,628][flwr][DEBUG] - evaluate_round 34: strategy sampled 3 clients (out of 3)
[2026-01-16 00:12:27,703][flwr][DEBUG] - evaluate_round 34 received 3 results and 0 failures
[2026-01-16 00:12:27,703][flwr][DEBUG] - fit_round 35: strategy sampled 3 clients (out of 3)
[2026-01-16 00:12:33,058][flwr][DEBUG] - fit_round 35 received 3 results and 0 failures
[2026-01-16 00:12:33,190][flwr][INFO] - fit progress: (35, 0.40238584242425524, {'rmse': 11192.953854992882, 'mae': 3858.009521484375, 'r2': 7.578978453182117e-05, 'mape': 21.346599578857422, 'accuracy_10': 48.74874949455261, 'accuracy_20': 71.47147059440613}, 207.4735745000071)
[2026-01-16 00:12:33,190][flwr][DEBUG] - evaluate_round 35: strategy sampled 3 clients (out of 3)
[2026-01-16 00:12:33,266][flwr][DEBUG] - evaluate_round 35 received 3 results and 0 failures
[2026-01-16 00:12:33,266][flwr][DEBUG] - fit_round 36: strategy sampled 3 clients (out of 3)
[2026-01-16 00:12:38,588][flwr][DEBUG] - fit_round 36 received 3 results and 0 failures
[2026-01-16 00:12:38,733][flwr][INFO] - fit progress: (36, 0.40590233792055835, {'rmse': 11104.67072902209, 'mae': 3883.7353515625, 'r2': 0.015787182285034507, 'mape': 21.763792037963867, 'accuracy_10': 45.19519507884979, 'accuracy_20': 70.7207202911377}, 213.01618745800806)
[2026-01-16 00:12:38,733][flwr][DEBUG] - evaluate_round 36: strategy sampled 3 clients (out of 3)
[2026-01-16 00:12:38,814][flwr][DEBUG] - evaluate_round 36 received 3 results and 0 failures
[2026-01-16 00:12:38,814][flwr][DEBUG] - fit_round 37: strategy sampled 3 clients (out of 3)
[2026-01-16 00:12:44,132][flwr][DEBUG] - fit_round 37 received 3 results and 0 failures
[2026-01-16 00:12:44,262][flwr][INFO] - fit progress: (37, 0.39894034259312144, {'rmse': 10367.172420674791, 'mae': 3780.843994140625, 'r2': 0.14217581083288655, 'mape': 21.037744522094727, 'accuracy_10': 47.7977991104126, 'accuracy_20': 70.82082033157349}, 218.54571916599525)
[2026-01-16 00:12:44,262][flwr][DEBUG] - evaluate_round 37: strategy sampled 3 clients (out of 3)
[2026-01-16 00:12:44,338][flwr][DEBUG] - evaluate_round 37 received 3 results and 0 failures
[2026-01-16 00:12:44,338][flwr][DEBUG] - fit_round 38: strategy sampled 3 clients (out of 3)
[2026-01-16 00:12:49,537][flwr][DEBUG] - fit_round 38 received 3 results and 0 failures
[2026-01-16 00:12:49,664][flwr][INFO] - fit progress: (38, 0.41535488129020093, {'rmse': 10908.431234600142, 'mae': 3862.77783203125, 'r2': 0.05026538205381681, 'mape': 21.69068717956543, 'accuracy_10': 44.99499499797821, 'accuracy_20': 69.76976990699768}, 223.94750516599743)
[2026-01-16 00:12:49,664][flwr][DEBUG] - evaluate_round 38: strategy sampled 3 clients (out of 3)
[2026-01-16 00:12:49,741][flwr][DEBUG] - evaluate_round 38 received 3 results and 0 failures
[2026-01-16 00:12:49,741][flwr][DEBUG] - fit_round 39: strategy sampled 3 clients (out of 3)
[2026-01-16 00:12:55,018][flwr][DEBUG] - fit_round 39 received 3 results and 0 failures
[2026-01-16 00:12:55,145][flwr][INFO] - fit progress: (39, 0.41478692047350163, {'rmse': 10586.534466009167, 'mae': 3837.781494140625, 'r2': 0.10548982453421352, 'mape': 21.58478546142578, 'accuracy_10': 44.844844937324524, 'accuracy_20': 69.06906962394714}, 229.42798629100434)
[2026-01-16 00:12:55,145][flwr][DEBUG] - evaluate_round 39: strategy sampled 3 clients (out of 3)
[2026-01-16 00:12:55,221][flwr][DEBUG] - evaluate_round 39 received 3 results and 0 failures
[2026-01-16 00:12:55,221][flwr][DEBUG] - fit_round 40: strategy sampled 3 clients (out of 3)
[2026-01-16 00:13:00,428][flwr][DEBUG] - fit_round 40 received 3 results and 0 failures
[2026-01-16 00:13:00,552][flwr][INFO] - fit progress: (40, 0.4135311510827806, {'rmse': 10611.448157532504, 'mae': 3817.251708984375, 'r2': 0.10127472134491655, 'mape': 21.618240356445312, 'accuracy_10': 44.844844937324524, 'accuracy_20': 69.46946978569031}, 234.83528470800957)
[2026-01-16 00:13:00,552][flwr][DEBUG] - evaluate_round 40: strategy sampled 3 clients (out of 3)
[2026-01-16 00:13:00,627][flwr][DEBUG] - evaluate_round 40 received 3 results and 0 failures
[2026-01-16 00:13:00,627][flwr][DEBUG] - fit_round 41: strategy sampled 3 clients (out of 3)
[2026-01-16 00:13:05,817][flwr][DEBUG] - fit_round 41 received 3 results and 0 failures
[2026-01-16 00:13:05,945][flwr][INFO] - fit progress: (41, 0.4126213103741616, {'rmse': 10305.00383309002, 'mae': 3800.8896484375, 'r2': 0.15243315314824746, 'mape': 21.63142967224121, 'accuracy_10': 43.943944573402405, 'accuracy_20': 68.26826930046082}, 240.22843312498298)
[2026-01-16 00:13:05,945][flwr][DEBUG] - evaluate_round 41: strategy sampled 3 clients (out of 3)
[2026-01-16 00:13:06,019][flwr][DEBUG] - evaluate_round 41 received 3 results and 0 failures
[2026-01-16 00:13:06,019][flwr][DEBUG] - fit_round 42: strategy sampled 3 clients (out of 3)
[2026-01-16 00:13:11,203][flwr][DEBUG] - fit_round 42 received 3 results and 0 failures
[2026-01-16 00:13:11,336][flwr][INFO] - fit progress: (42, 0.4198611361963732, {'rmse': 10478.854517551048, 'mae': 3843.132080078125, 'r2': 0.12359415840091148, 'mape': 21.996084213256836, 'accuracy_10': 42.34234094619751, 'accuracy_20': 67.81781911849976}, 245.61901729099918)
[2026-01-16 00:13:11,336][flwr][DEBUG] - evaluate_round 42: strategy sampled 3 clients (out of 3)
[2026-01-16 00:13:11,411][flwr][DEBUG] - evaluate_round 42 received 3 results and 0 failures
[2026-01-16 00:13:11,411][flwr][DEBUG] - fit_round 43: strategy sampled 3 clients (out of 3)
[2026-01-16 00:13:16,656][flwr][DEBUG] - fit_round 43 received 3 results and 0 failures
[2026-01-16 00:13:16,784][flwr][INFO] - fit progress: (43, 0.4210524181644241, {'rmse': 10655.64526436574, 'mae': 3843.047119140625, 'r2': 0.09377264530694995, 'mape': 22.055105209350586, 'accuracy_10': 42.79279410839081, 'accuracy_20': 67.91791915893555}, 251.0670638330048)
[2026-01-16 00:13:16,784][flwr][DEBUG] - evaluate_round 43: strategy sampled 3 clients (out of 3)
[2026-01-16 00:13:16,861][flwr][DEBUG] - evaluate_round 43 received 3 results and 0 failures
[2026-01-16 00:13:16,862][flwr][DEBUG] - fit_round 44: strategy sampled 3 clients (out of 3)
[2026-01-16 00:13:22,065][flwr][DEBUG] - fit_round 44 received 3 results and 0 failures
[2026-01-16 00:13:22,197][flwr][INFO] - fit progress: (44, 0.4186803361138066, {'rmse': 10517.519859738797, 'mae': 3801.358642578125, 'r2': 0.11711458996548485, 'mape': 21.79801368713379, 'accuracy_10': 44.14414465427399, 'accuracy_20': 68.11811923980713}, 256.4802774580021)
[2026-01-16 00:13:22,198][flwr][DEBUG] - evaluate_round 44: strategy sampled 3 clients (out of 3)
[2026-01-16 00:13:22,270][flwr][DEBUG] - evaluate_round 44 received 3 results and 0 failures
[2026-01-16 00:13:22,271][flwr][DEBUG] - fit_round 45: strategy sampled 3 clients (out of 3)
[2026-01-16 00:13:27,477][flwr][DEBUG] - fit_round 45 received 3 results and 0 failures
[2026-01-16 00:13:27,603][flwr][INFO] - fit progress: (45, 0.4172810516856216, {'rmse': 10734.960083763703, 'mae': 3841.9326171875, 'r2': 0.08023153713725617, 'mape': 22.41072654724121, 'accuracy_10': 42.04204082489014, 'accuracy_20': 67.46746897697449}, 261.8865989999904)
[2026-01-16 00:13:27,604][flwr][DEBUG] - evaluate_round 45: strategy sampled 3 clients (out of 3)
[2026-01-16 00:13:27,681][flwr][DEBUG] - evaluate_round 45 received 3 results and 0 failures
[2026-01-16 00:13:27,681][flwr][DEBUG] - fit_round 46: strategy sampled 3 clients (out of 3)
[2026-01-16 00:13:33,077][flwr][DEBUG] - fit_round 46 received 3 results and 0 failures
[2026-01-16 00:13:33,217][flwr][INFO] - fit progress: (46, 0.41725548699095444, {'rmse': 10327.923702274335, 'mae': 3800.096923828125, 'r2': 0.14865871716037804, 'mape': 22.053844451904297, 'accuracy_10': 42.492491006851196, 'accuracy_20': 67.76776909828186}, 267.4999335409957)
[2026-01-16 00:13:33,217][flwr][DEBUG] - evaluate_round 46: strategy sampled 3 clients (out of 3)
[2026-01-16 00:13:33,308][flwr][DEBUG] - evaluate_round 46 received 3 results and 0 failures
[2026-01-16 00:13:33,308][flwr][DEBUG] - fit_round 47: strategy sampled 3 clients (out of 3)
[2026-01-16 00:13:38,960][flwr][DEBUG] - fit_round 47 received 3 results and 0 failures
[2026-01-16 00:13:39,096][flwr][INFO] - fit progress: (47, 0.43413815740589146, {'rmse': 10128.34083154788, 'mae': 3818.327392578125, 'r2': 0.1812443975772401, 'mape': 22.127910614013672, 'accuracy_10': 41.64164066314697, 'accuracy_20': 67.11711883544922}, 273.3792015829822)
[2026-01-16 00:13:39,096][flwr][DEBUG] - evaluate_round 47: strategy sampled 3 clients (out of 3)
[2026-01-16 00:13:39,181][flwr][DEBUG] - evaluate_round 47 received 3 results and 0 failures
[2026-01-16 00:13:39,181][flwr][DEBUG] - fit_round 48: strategy sampled 3 clients (out of 3)
[2026-01-16 00:13:44,434][flwr][DEBUG] - fit_round 48 received 3 results and 0 failures
[2026-01-16 00:13:44,571][flwr][INFO] - fit progress: (48, 0.4286690856720711, {'rmse': 10286.766644577878, 'mae': 3781.492431640625, 'r2': 0.15543044932477712, 'mape': 21.798320770263672, 'accuracy_10': 43.9939945936203, 'accuracy_20': 68.01801919937134}, 278.85447108300286)
[2026-01-16 00:13:44,573][flwr][DEBUG] - evaluate_round 48: strategy sampled 3 clients (out of 3)
[2026-01-16 00:13:44,649][flwr][DEBUG] - evaluate_round 48 received 3 results and 0 failures
[2026-01-16 00:13:44,649][flwr][DEBUG] - fit_round 49: strategy sampled 3 clients (out of 3)
[2026-01-16 00:13:50,635][flwr][DEBUG] - fit_round 49 received 3 results and 0 failures
[2026-01-16 00:13:50,782][flwr][INFO] - fit progress: (49, 0.4191173096676847, {'rmse': 10039.299975595908, 'mae': 3754.934326171875, 'r2': 0.19557691341062933, 'mape': 21.812990188598633, 'accuracy_10': 43.79379451274872, 'accuracy_20': 68.06806921958923}, 285.0651472909958)
[2026-01-16 00:13:50,783][flwr][DEBUG] - evaluate_round 49: strategy sampled 3 clients (out of 3)
[2026-01-16 00:13:50,888][flwr][DEBUG] - evaluate_round 49 received 3 results and 0 failures
[2026-01-16 00:13:50,888][flwr][DEBUG] - fit_round 50: strategy sampled 3 clients (out of 3)
[2026-01-16 00:13:56,217][flwr][DEBUG] - fit_round 50 received 3 results and 0 failures
[2026-01-16 00:13:56,350][flwr][INFO] - fit progress: (50, 0.4198754917871248, {'rmse': 10034.94135508524, 'mae': 3749.541259765625, 'r2': 0.19627525278969238, 'mape': 21.80502700805664, 'accuracy_10': 43.74374449253082, 'accuracy_20': 67.66766905784607}, 290.6355397499865)
[2026-01-16 00:13:56,351][flwr][DEBUG] - evaluate_round 50: strategy sampled 3 clients (out of 3)
[2026-01-16 00:13:56,437][flwr][DEBUG] - evaluate_round 50 received 3 results and 0 failures
[2026-01-16 00:13:56,437][flwr][INFO] - FL finished in 290.7221315409988
[2026-01-16 00:13:56,438][flwr][INFO] - app_fit: losses_distributed [(1, 0.2223190265382045), (2, 0.1903926396495008), (3, 0.1929367728978644), (4, 0.1929841602346412), (5, 0.2068006178315495), (6, 0.2052962872602994), (7, 0.21010441822685785), (8, 0.21551414708316474), (9, 0.22412099053316012), (10, 0.24872458075121948), (11, 0.23586255552691343), (12, 0.24876289052361744), (13, 0.25171290414657377), (14, 0.24895952474595093), (15, 0.26127357462865236), (16, 0.257259601031354), (17, 0.2713935336863219), (18, 0.27181225418713173), (19, 0.2816017458858326), (20, 0.2691024678607594), (21, 0.2689494058373837), (22, 0.2784405864046275), (23, 0.2802207533988673), (24, 0.26418374544045803), (25, 0.27580113620551644), (26, 0.270265820452228), (27, 0.2739531605392115), (28, 0.2721256903637244), (29, 0.2715948563071176), (30, 0.2721950889520012), (31, 0.27255690721520587), (32, 0.2801019420382412), (33, 0.27501149193123353), (34, 0.28633058682837836), (35, 0.27778809949581723), (36, 0.28011561384121203), (37, 0.2804747471205886), (38, 0.2865690178278753), (39, 0.2878018178008476), (40, 0.2879874947035127), (41, 0.2883619887173474), (42, 0.29277606113395005), (43, 0.292190249468831), (44, 0.2918232059279139), (45, 0.2913206956116871), (46, 0.2912895895909309), (47, 0.3009732013538256), (48, 0.2976519919190558), (49, 0.2935094261265517), (50, 0.29584283227843333)]
[2026-01-16 00:13:56,438][flwr][INFO] - app_fit: metrics_distributed_fit {}
[2026-01-16 00:13:56,438][flwr][INFO] - app_fit: metrics_distributed {}
[2026-01-16 00:13:56,438][flwr][INFO] - app_fit: losses_centralized [(0, 1.5124554705691409), (1, 0.2477640698442946), (2, 0.22697870428855713), (3, 0.23857828175222073), (4, 0.24742221134202974), (5, 0.26080141611046737), (6, 0.27376378361169285), (7, 0.28733756663921), (8, 0.299239362264658), (9, 0.31101654191036243), (10, 0.33252747286786066), (11, 0.33944885428245364), (12, 0.36065852454116754), (13, 0.3693560242831886), (14, 0.3830015134733838), (15, 0.3817038095450855), (16, 0.388044848441481), (17, 0.3989114568935142), (18, 0.39879908620774207), (19, 0.4121058795962844), (20, 0.3974923776375042), (21, 0.3938392771555258), (22, 0.39913793619688565), (23, 0.4026831290624044), (24, 0.3865664537485178), (25, 0.3952506358201081), (26, 0.393214060528739), (27, 0.3982579816390086), (28, 0.3933576031907781), (29, 0.3939746763851788), (30, 0.39473754573274067), (31, 0.39803422660799), (32, 0.406046317713158), (33, 0.3994536008145119), (34, 0.4109916757713925), (35, 0.40238584242425524), (36, 0.40590233792055835), (37, 0.39894034259312144), (38, 0.41535488129020093), (39, 0.41478692047350163), (40, 0.4135311510827806), (41, 0.4126213103741616), (42, 0.4198611361963732), (43, 0.4210524181644241), (44, 0.4186803361138066), (45, 0.4172810516856216), (46, 0.41725548699095444), (47, 0.43413815740589146), (48, 0.4286690856720711), (49, 0.4191173096676847), (50, 0.4198754917871248)]
[2026-01-16 00:13:56,439][flwr][INFO] - app_fit: metrics_centralized {'rmse': [(0, 12769.509309288278), (1, 6396.844847266502), (2, 5989.716186932399), (3, 6225.333725994134), (4, 6815.3250839560105), (5, 6873.9493742680415), (6, 7948.261948375884), (7, 8848.716065057122), (8, 9735.706240432688), (9, 9876.943251836572), (10, 8805.687707385494), (11, 11458.982851893967), (12, 12177.880932247614), (13, 13242.803328600783), (14, 20229.088758518017), (15, 13371.408901084433), (16, 16399.363890102566), (17, 13770.586625122403), (18, 13645.20369946891), (19, 13609.457887807288), (20, 14065.354314769322), (21, 13363.52588204176), (22, 12080.261586571709), (23, 11461.2707846905), (24, 12300.007804875573), (25, 11423.180993050928), (26, 11917.7313277318), (27, 11913.347136720226), (28, 11522.312267943444), (29, 11491.266596855196), (30, 11419.912784255403), (31, 11661.581367893465), (32, 11194.031266706377), (33, 11216.992110187115), (34, 10504.0091393715), (35, 11192.953854992882), (36, 11104.67072902209), (37, 10367.172420674791), (38, 10908.431234600142), (39, 10586.534466009167), (40, 10611.448157532504), (41, 10305.00383309002), (42, 10478.854517551048), (43, 10655.64526436574), (44, 10517.519859738797), (45, 10734.960083763703), (46, 10327.923702274335), (47, 10128.34083154788), (48, 10286.766644577878), (49, 10039.299975595908), (50, 10034.94135508524)], 'mae': [(0, 8730.3603515625), (1, 3482.5283203125), (2, 3214.068359375), (3, 3257.271484375), (4, 3343.223876953125), (5, 3359.933837890625), (6, 3515.9560546875), (7, 3623.152587890625), (8, 3723.82763671875), (9, 3767.12451171875), (10, 3725.76171875), (11, 3920.4765625), (12, 4018.776611328125), (13, 4108.869140625), (14, 4732.80322265625), (15, 4147.54052734375), (16, 4361.7548828125), (17, 4199.35791015625), (18, 4174.54296875), (19, 4189.8232421875), (20, 4182.2919921875), (21, 4123.435546875), (22, 4025.2958984375), (23, 3975.352294921875), (24, 3986.550048828125), (25, 3948.6240234375), (26, 3973.60595703125), (27, 3969.887451171875), (28, 3923.63330078125), (29, 3917.227294921875), (30, 3897.829833984375), (31, 3927.72021484375), (32, 3908.606689453125), (33, 3875.302734375), (34, 3856.969482421875), (35, 3858.009521484375), (36, 3883.7353515625), (37, 3780.843994140625), (38, 3862.77783203125), (39, 3837.781494140625), (40, 3817.251708984375), (41, 3800.8896484375), (42, 3843.132080078125), (43, 3843.047119140625), (44, 3801.358642578125), (45, 3841.9326171875), (46, 3800.096923828125), (47, 3818.327392578125), (48, 3781.492431640625), (49, 3754.934326171875), (50, 3749.541259765625)], 'r2': [(0, -0.30144581776523016), (1, 0.6734051944407211), (2, 0.7136546423141044), (3, 0.6906835963679545), (4, 0.6292759051839689), (5, 0.6228706539336337), (6, 0.49577776288452513), (7, 0.3750602129548958), (8, 0.2434936629791904), (9, 0.22138497126533074), (10, 0.38112319937085315), (11, -0.048020551466892325), (12, -0.18364401472756509), (13, -0.3997082551437572), (14, -2.2661061800482543), (15, -0.42702634918906246), (16, -1.146503878761477), (17, -0.513500398976275), (18, -0.4860646278734668), (19, -0.4782889101350445), (20, -0.5789886632095704), (21, -0.4253443133838215), (22, -0.16474356087896247), (23, -0.0484390969522821), (24, -0.20750352900274782), (25, -0.04148201360498627), (26, -0.13361307050465787), (27, -0.1327791210793512), (28, -0.05963654675038543), (29, -0.05393411812629845), (30, -0.04088616714697402), (31, -0.08540684061054882), (32, -0.000116695324542615), (33, -0.0042237424393472), (34, 0.11938141137071911), (35, 7.578978453182117e-05), (36, 0.015787182285034507), (37, 0.14217581083288655), (38, 0.05026538205381681), (39, 0.10548982453421352), (40, 0.10127472134491655), (41, 0.15243315314824746), (42, 0.12359415840091148), (43, 0.09377264530694995), (44, 0.11711458996548485), (45, 0.08023153713725617), (46, 0.14865871716037804), (47, 0.1812443975772401), (48, 0.15543044932477712), (49, 0.19557691341062933), (50, 0.19627525278969238)], 'mape': [(0, 64.13571166992188), (1, 19.651979446411133), (2, 19.07024383544922), (3, 19.19806671142578), (4, 19.51311492919922), (5, 19.17885971069336), (6, 19.727764129638672), (7, 20.061973571777344), (8, 20.379209518432617), (9, 20.363149642944336), (10, 19.640729904174805), (11, 20.921035766601562), (12, 21.03050994873047), (13, 21.507158279418945), (14, 26.24248504638672), (15, 21.562789916992188), (16, 23.06905174255371), (17, 21.758682250976562), (18, 21.673921585083008), (19, 21.698720932006836), (20, 21.858983993530273), (21, 21.7831974029541), (22, 21.003406524658203), (23, 21.020912170410156), (24, 21.32968521118164), (25, 20.815401077270508), (26, 21.203344345092773), (27, 21.314573287963867), (28, 20.99270248413086), (29, 21.205251693725586), (30, 21.12223243713379), (31, 21.51529884338379), (32, 21.383865356445312), (33, 21.473960876464844), (34, 21.192506790161133), (35, 21.346599578857422), (36, 21.763792037963867), (37, 21.037744522094727), (38, 21.69068717956543), (39, 21.58478546142578), (40, 21.618240356445312), (41, 21.63142967224121), (42, 21.996084213256836), (43, 22.055105209350586), (44, 21.79801368713379), (45, 22.41072654724121), (46, 22.053844451904297), (47, 22.127910614013672), (48, 21.798320770263672), (49, 21.812990188598633), (50, 21.80502700805664)], 'accuracy_10': [(0, 11.261261254549026), (1, 35.3353351354599), (2, 38.88888955116272), (3, 40.2402400970459), (4, 41.54154062271118), (5, 41.99199080467224), (6, 43.69369447231293), (7, 44.844844937324524), (8, 46.946945786476135), (9, 47.397395968437195), (10, 47.397395968437195), (11, 50.0), (12, 51.1011004447937), (13, 51.601600646972656), (14, 53.853851556777954), (15, 53.053051233291626), (16, 54.304301738739014), (17, 52.80280113220215), (18, 52.502501010894775), (19, 52.65265107154846), (20, 53.00300121307373), (21, 52.00200080871582), (22, 52.2022008895874), (23, 51.00100040435791), (24, 51.70170068740845), (25, 50.45045018196106), (26, 50.500500202178955), (27, 50.400400161743164), (28, 50.30030012130737), (29, 49.89989995956421), (30, 50.500500202178955), (31, 49.149149656295776), (32, 47.047045826911926), (33, 48.19819927215576), (34, 46.34634554386139), (35, 48.74874949455261), (36, 45.19519507884979), (37, 47.7977991104126), (38, 44.99499499797821), (39, 44.844844937324524), (40, 44.844844937324524), (41, 43.943944573402405), (42, 42.34234094619751), (43, 42.79279410839081), (44, 44.14414465427399), (45, 42.04204082489014), (46, 42.492491006851196), (47, 41.64164066314697), (48, 43.9939945936203), (49, 43.79379451274872), (50, 43.74374449253082)], 'accuracy_20': [(0, 22.12212234735489), (1, 63.613611459732056), (2, 67.01701879501343), (3, 67.16716885566711), (4, 68.76876950263977), (5, 68.61861944198608), (6, 69.66966986656189), (7, 70.6706702709198), (8, 71.7217206954956), (9, 71.97197079658508), (10, 71.7717707157135), (11, 73.22322130203247), (12, 72.77277112007141), (13, 72.9229211807251), (14, 74.47447180747986), (15, 73.37337136268616), (16, 75.12512803077698), (17, 74.17417168617249), (18, 74.52452182769775), (19, 74.42442178726196), (20, 75.02502799034119), (21, 74.97497200965881), (22, 74.52452182769775), (23, 74.22422170639038), (24, 74.57457184791565), (25, 73.82382154464722), (26, 73.82382154464722), (27, 73.72372150421143), (28, 73.47347140312195), (29, 73.67367148399353), (30, 73.52352142333984), (31, 73.12312126159668), (32, 72.52252101898193), (33, 72.32232093811035), (34, 71.37137055397034), (35, 71.47147059440613), (36, 70.7207202911377), (37, 70.82082033157349), (38, 69.76976990699768), (39, 69.06906962394714), (40, 69.46946978569031), (41, 68.26826930046082), (42, 67.81781911849976), (43, 67.91791915893555), (44, 68.11811923980713), (45, 67.46746897697449), (46, 67.76776909828186), (47, 67.11711883544922), (48, 68.01801919937134), (49, 68.06806921958923), (50, 67.66766905784607)]}
