[2026-01-23 10:30:45,339][flwr][INFO] - Starting Flower simulation, config: ServerConfig(num_rounds=20, round_timeout=None)
[2026-01-23 10:30:50,412][flwr][INFO] - Flower VCE: Ray initialized with resources: {'CPU': 10.0, 'object_store_memory': 2147483648.0, 'memory': 11602939495.0, 'node:127.0.0.1': 1.0}
[2026-01-23 10:30:50,413][flwr][INFO] - Initializing global parameters
[2026-01-23 10:30:50,413][flwr][INFO] - Requesting initial parameters from one random client
[2026-01-23 10:30:53,785][flwr][INFO] - Received initial parameters from one random client
[2026-01-23 10:30:53,785][flwr][INFO] - Evaluating initial parameters
[2026-01-23 10:30:54,715][flwr][INFO] - initial parameters (loss, other metrics): 1461751424.0, {'rmse': 38232.85791044138, 'mae': 28167.248046875, 'r2': -10.635833740234375}
[2026-01-23 10:30:54,715][flwr][INFO] - FL starting
[2026-01-23 10:30:54,715][flwr][DEBUG] - fit_round 1: strategy sampled 6 clients (out of 12)
[2026-01-23 10:31:09,956][flwr][DEBUG] - fit_round 1 received 6 results and 0 failures
[2026-01-23 10:31:09,964][flwr][WARNING] - No fit_metrics_aggregation_fn provided
[2026-01-23 10:31:10,447][flwr][INFO] - fit progress: (1, 86436864.0, {'rmse': 9297.14278689964, 'mae': 7172.89111328125, 'r2': 0.31194519996643066}, 15.731993666966446)
[2026-01-23 10:31:10,448][flwr][DEBUG] - evaluate_round 1: strategy sampled 6 clients (out of 12)
[2026-01-23 10:31:10,774][flwr][DEBUG] - evaluate_round 1 received 6 results and 0 failures
[2026-01-23 10:31:10,775][flwr][WARNING] - No evaluate_metrics_aggregation_fn provided
[2026-01-23 10:31:10,775][flwr][DEBUG] - fit_round 2: strategy sampled 6 clients (out of 12)
[2026-01-23 10:31:21,446][flwr][DEBUG] - fit_round 2 received 6 results and 0 failures
[2026-01-23 10:31:21,850][flwr][INFO] - fit progress: (2, 69754592.0, {'rmse': 8351.92145556937, 'mae': 6397.51953125, 'r2': 0.4447394609451294}, 27.135456624964718)
[2026-01-23 10:31:21,851][flwr][DEBUG] - evaluate_round 2: strategy sampled 6 clients (out of 12)
[2026-01-23 10:31:22,117][flwr][DEBUG] - evaluate_round 2 received 6 results and 0 failures
[2026-01-23 10:31:22,118][flwr][DEBUG] - fit_round 3: strategy sampled 6 clients (out of 12)
[2026-01-23 10:31:33,137][flwr][DEBUG] - fit_round 3 received 6 results and 0 failures
[2026-01-23 10:31:33,627][flwr][INFO] - fit progress: (3, 51316032.0, {'rmse': 7163.520922004765, 'mae': 5379.748046875, 'r2': 0.5915141105651855}, 38.91201737499796)
[2026-01-23 10:31:33,627][flwr][DEBUG] - evaluate_round 3: strategy sampled 6 clients (out of 12)
[2026-01-23 10:31:33,998][flwr][DEBUG] - evaluate_round 3 received 6 results and 0 failures
[2026-01-23 10:31:33,999][flwr][DEBUG] - fit_round 4: strategy sampled 6 clients (out of 12)
[2026-01-23 10:31:44,773][flwr][DEBUG] - fit_round 4 received 6 results and 0 failures
[2026-01-23 10:31:45,261][flwr][INFO] - fit progress: (4, 49148388.0, {'rmse': 7010.591130568092, 'mae': 5133.60986328125, 'r2': 0.6087689399719238}, 50.54646662500454)
[2026-01-23 10:31:45,262][flwr][DEBUG] - evaluate_round 4: strategy sampled 6 clients (out of 12)
[2026-01-23 10:31:45,532][flwr][DEBUG] - evaluate_round 4 received 6 results and 0 failures
[2026-01-23 10:31:45,533][flwr][DEBUG] - fit_round 5: strategy sampled 6 clients (out of 12)
[2026-01-23 10:31:55,878][flwr][DEBUG] - fit_round 5 received 6 results and 0 failures
[2026-01-23 10:31:56,449][flwr][INFO] - fit progress: (5, 40280932.0, {'rmse': 6346.726085156031, 'mae': 4655.78466796875, 'r2': 0.6793557405471802}, 61.73423412500415)
[2026-01-23 10:31:56,450][flwr][DEBUG] - evaluate_round 5: strategy sampled 6 clients (out of 12)
[2026-01-23 10:31:56,901][flwr][DEBUG] - evaluate_round 5 received 6 results and 0 failures
[2026-01-23 10:31:56,902][flwr][DEBUG] - fit_round 6: strategy sampled 6 clients (out of 12)
[2026-01-23 10:32:09,413][flwr][DEBUG] - fit_round 6 received 6 results and 0 failures
[2026-01-23 10:32:09,935][flwr][INFO] - fit progress: (6, 32471528.0, {'rmse': 5698.379418747053, 'mae': 4228.078125, 'r2': 0.7415201663970947}, 75.2199381669634)
[2026-01-23 10:32:09,935][flwr][DEBUG] - evaluate_round 6: strategy sampled 6 clients (out of 12)
[2026-01-23 10:32:10,277][flwr][DEBUG] - evaluate_round 6 received 6 results and 0 failures
[2026-01-23 10:32:10,278][flwr][DEBUG] - fit_round 7: strategy sampled 6 clients (out of 12)
[2026-01-23 10:32:22,098][flwr][DEBUG] - fit_round 7 received 6 results and 0 failures
[2026-01-23 10:32:22,634][flwr][INFO] - fit progress: (7, 31555952.0, {'rmse': 5617.468468981379, 'mae': 4104.02490234375, 'r2': 0.7488082647323608}, 87.91868616698775)
[2026-01-23 10:32:22,634][flwr][DEBUG] - evaluate_round 7: strategy sampled 6 clients (out of 12)
[2026-01-23 10:32:22,924][flwr][DEBUG] - evaluate_round 7 received 6 results and 0 failures
[2026-01-23 10:32:22,924][flwr][DEBUG] - fit_round 8: strategy sampled 6 clients (out of 12)
[2026-01-23 10:32:33,638][flwr][DEBUG] - fit_round 8 received 6 results and 0 failures
[2026-01-23 10:32:34,069][flwr][INFO] - fit progress: (8, 34839624.0, {'rmse': 5902.509974578611, 'mae': 4206.505859375, 'r2': 0.7226696014404297}, 99.35399558296194)
[2026-01-23 10:32:34,070][flwr][DEBUG] - evaluate_round 8: strategy sampled 6 clients (out of 12)
[2026-01-23 10:32:34,190][flwr][DEBUG] - evaluate_round 8 received 6 results and 0 failures
[2026-01-23 10:32:34,191][flwr][DEBUG] - fit_round 9: strategy sampled 6 clients (out of 12)
[2026-01-23 10:32:45,641][flwr][DEBUG] - fit_round 9 received 6 results and 0 failures
[2026-01-23 10:32:46,082][flwr][INFO] - fit progress: (9, 28169236.0, {'rmse': 5307.469830342891, 'mae': 3828.237548828125, 'r2': 0.7757672071456909}, 111.36645166698145)
[2026-01-23 10:32:46,082][flwr][DEBUG] - evaluate_round 9: strategy sampled 6 clients (out of 12)
[2026-01-23 10:32:46,231][flwr][DEBUG] - evaluate_round 9 received 6 results and 0 failures
[2026-01-23 10:32:46,232][flwr][DEBUG] - fit_round 10: strategy sampled 6 clients (out of 12)
[2026-01-23 10:32:56,276][flwr][DEBUG] - fit_round 10 received 6 results and 0 failures
[2026-01-23 10:32:56,684][flwr][INFO] - fit progress: (10, 29024850.0, {'rmse': 5387.471577651246, 'mae': 3818.456298828125, 'r2': 0.7689563632011414}, 121.96861749998061)
[2026-01-23 10:32:56,684][flwr][DEBUG] - evaluate_round 10: strategy sampled 6 clients (out of 12)
[2026-01-23 10:32:56,774][flwr][DEBUG] - evaluate_round 10 received 6 results and 0 failures
[2026-01-23 10:32:56,775][flwr][DEBUG] - fit_round 11: strategy sampled 6 clients (out of 12)
[2026-01-23 10:33:07,076][flwr][DEBUG] - fit_round 11 received 6 results and 0 failures
[2026-01-23 10:33:07,564][flwr][INFO] - fit progress: (11, 27863774.0, {'rmse': 5278.614780413513, 'mae': 3700.956787109375, 'r2': 0.778198778629303}, 132.84864770801505)
[2026-01-23 10:33:07,564][flwr][DEBUG] - evaluate_round 11: strategy sampled 6 clients (out of 12)
[2026-01-23 10:33:07,697][flwr][DEBUG] - evaluate_round 11 received 6 results and 0 failures
[2026-01-23 10:33:07,698][flwr][DEBUG] - fit_round 12: strategy sampled 6 clients (out of 12)
[2026-01-23 10:33:18,071][flwr][DEBUG] - fit_round 12 received 6 results and 0 failures
[2026-01-23 10:33:18,559][flwr][INFO] - fit progress: (12, 26282544.0, {'rmse': 5126.65036841796, 'mae': 3637.484619140625, 'r2': 0.7907856702804565}, 143.84355499997037)
[2026-01-23 10:33:18,559][flwr][DEBUG] - evaluate_round 12: strategy sampled 6 clients (out of 12)
[2026-01-23 10:33:18,726][flwr][DEBUG] - evaluate_round 12 received 6 results and 0 failures
[2026-01-23 10:33:18,726][flwr][DEBUG] - fit_round 13: strategy sampled 6 clients (out of 12)
[2026-01-23 10:33:29,149][flwr][DEBUG] - fit_round 13 received 6 results and 0 failures
[2026-01-23 10:33:29,615][flwr][INFO] - fit progress: (13, 23718928.0, {'rmse': 4870.208209101537, 'mae': 3444.7109375, 'r2': 0.8111925721168518}, 154.8997814169852)
[2026-01-23 10:33:29,615][flwr][DEBUG] - evaluate_round 13: strategy sampled 6 clients (out of 12)
[2026-01-23 10:33:29,735][flwr][DEBUG] - evaluate_round 13 received 6 results and 0 failures
[2026-01-23 10:33:29,735][flwr][DEBUG] - fit_round 14: strategy sampled 6 clients (out of 12)
[2026-01-23 10:33:39,869][flwr][DEBUG] - fit_round 14 received 6 results and 0 failures
[2026-01-23 10:33:40,288][flwr][INFO] - fit progress: (14, 25989456.0, {'rmse': 5097.985484483062, 'mae': 3515.38037109375, 'r2': 0.7931187152862549}, 165.5729647919652)
[2026-01-23 10:33:40,289][flwr][DEBUG] - evaluate_round 14: strategy sampled 6 clients (out of 12)
[2026-01-23 10:33:40,401][flwr][DEBUG] - evaluate_round 14 received 6 results and 0 failures
[2026-01-23 10:33:40,402][flwr][DEBUG] - fit_round 15: strategy sampled 6 clients (out of 12)
[2026-01-23 10:33:50,638][flwr][DEBUG] - fit_round 15 received 6 results and 0 failures
[2026-01-23 10:33:51,070][flwr][INFO] - fit progress: (15, 22371918.0, {'rmse': 4729.8961933640785, 'mae': 3308.6982421875, 'r2': 0.8219150304794312}, 176.35473879199708)
[2026-01-23 10:33:51,071][flwr][DEBUG] - evaluate_round 15: strategy sampled 6 clients (out of 12)
[2026-01-23 10:33:51,192][flwr][DEBUG] - evaluate_round 15 received 6 results and 0 failures
[2026-01-23 10:33:51,193][flwr][DEBUG] - fit_round 16: strategy sampled 6 clients (out of 12)
[2026-01-23 10:34:01,045][flwr][DEBUG] - fit_round 16 received 6 results and 0 failures
[2026-01-23 10:34:01,465][flwr][INFO] - fit progress: (16, 21818954.0, {'rmse': 4671.0763213632035, 'mae': 3276.6220703125, 'r2': 0.826316773891449}, 186.7492526670103)
[2026-01-23 10:34:01,465][flwr][DEBUG] - evaluate_round 16: strategy sampled 6 clients (out of 12)
[2026-01-23 10:34:01,561][flwr][DEBUG] - evaluate_round 16 received 6 results and 0 failures
[2026-01-23 10:34:01,563][flwr][DEBUG] - fit_round 17: strategy sampled 6 clients (out of 12)
[2026-01-23 10:34:11,842][flwr][DEBUG] - fit_round 17 received 6 results and 0 failures
[2026-01-23 10:34:12,274][flwr][INFO] - fit progress: (17, 23565874.0, {'rmse': 4854.469486977954, 'mae': 3354.275146484375, 'r2': 0.8124109506607056}, 197.5587581669679)
[2026-01-23 10:34:12,275][flwr][DEBUG] - evaluate_round 17: strategy sampled 6 clients (out of 12)
[2026-01-23 10:34:12,566][flwr][DEBUG] - evaluate_round 17 received 6 results and 0 failures
[2026-01-23 10:34:12,567][flwr][DEBUG] - fit_round 18: strategy sampled 6 clients (out of 12)
[2026-01-23 10:34:22,770][flwr][DEBUG] - fit_round 18 received 6 results and 0 failures
[2026-01-23 10:34:23,222][flwr][INFO] - fit progress: (18, 22983540.0, {'rmse': 4794.115142547163, 'mae': 3306.658935546875, 'r2': 0.8170464038848877}, 208.50674504198832)
[2026-01-23 10:34:23,223][flwr][DEBUG] - evaluate_round 18: strategy sampled 6 clients (out of 12)
[2026-01-23 10:34:23,601][flwr][DEBUG] - evaluate_round 18 received 6 results and 0 failures
[2026-01-23 10:34:23,602][flwr][DEBUG] - fit_round 19: strategy sampled 6 clients (out of 12)
[2026-01-23 10:34:33,697][flwr][DEBUG] - fit_round 19 received 6 results and 0 failures
[2026-01-23 10:34:34,288][flwr][INFO] - fit progress: (19, 21033264.0, {'rmse': 4586.203658801035, 'mae': 3172.643310546875, 'r2': 0.8325710296630859}, 219.57203337497776)
[2026-01-23 10:34:34,288][flwr][DEBUG] - evaluate_round 19: strategy sampled 6 clients (out of 12)
[2026-01-23 10:34:34,618][flwr][DEBUG] - evaluate_round 19 received 6 results and 0 failures
[2026-01-23 10:34:34,618][flwr][DEBUG] - fit_round 20: strategy sampled 6 clients (out of 12)
[2026-01-23 10:34:44,638][flwr][DEBUG] - fit_round 20 received 6 results and 0 failures
[2026-01-23 10:34:45,236][flwr][INFO] - fit progress: (20, 23007966.0, {'rmse': 4796.661964324774, 'mae': 3244.696044921875, 'r2': 0.8168519735336304}, 230.5200032920111)
[2026-01-23 10:34:45,236][flwr][DEBUG] - evaluate_round 20: strategy sampled 6 clients (out of 12)
[2026-01-23 10:34:45,486][flwr][DEBUG] - evaluate_round 20 received 6 results and 0 failures
[2026-01-23 10:34:45,486][flwr][INFO] - FL finished in 230.77072949998546
[2026-01-23 10:34:45,487][flwr][INFO] - app_fit: losses_distributed [(1, 92918131.3631157), (2, 74277392.01766005), (3, 55642420.75362319), (4, 54387183.666666664), (5, 41943522.98660714), (6, 37177227.716129035), (7, 33627229.07469342), (8, 37505514.78998912), (9, 29368079.048565123), (10, 35190068.8829664), (11, 30027000.169453736), (12, 28581929.34375), (13, 29301852.626532886), (14, 27639635.271523178), (15, 27336156.194260485), (16, 24718614.478555303), (17, 23047545.988726042), (18, 27222211.18080357), (19, 19486542.369212963), (20, 26289929.345238097)]
[2026-01-23 10:34:45,488][flwr][INFO] - app_fit: metrics_distributed_fit {}
[2026-01-23 10:34:45,488][flwr][INFO] - app_fit: metrics_distributed {}
[2026-01-23 10:34:45,488][flwr][INFO] - app_fit: losses_centralized [(0, 1461751424.0), (1, 86436864.0), (2, 69754592.0), (3, 51316032.0), (4, 49148388.0), (5, 40280932.0), (6, 32471528.0), (7, 31555952.0), (8, 34839624.0), (9, 28169236.0), (10, 29024850.0), (11, 27863774.0), (12, 26282544.0), (13, 23718928.0), (14, 25989456.0), (15, 22371918.0), (16, 21818954.0), (17, 23565874.0), (18, 22983540.0), (19, 21033264.0), (20, 23007966.0)]
[2026-01-23 10:34:45,489][flwr][INFO] - app_fit: metrics_centralized {'rmse': [(0, 38232.85791044138), (1, 9297.14278689964), (2, 8351.92145556937), (3, 7163.520922004765), (4, 7010.591130568092), (5, 6346.726085156031), (6, 5698.379418747053), (7, 5617.468468981379), (8, 5902.509974578611), (9, 5307.469830342891), (10, 5387.471577651246), (11, 5278.614780413513), (12, 5126.65036841796), (13, 4870.208209101537), (14, 5097.985484483062), (15, 4729.8961933640785), (16, 4671.0763213632035), (17, 4854.469486977954), (18, 4794.115142547163), (19, 4586.203658801035), (20, 4796.661964324774)], 'mae': [(0, 28167.248046875), (1, 7172.89111328125), (2, 6397.51953125), (3, 5379.748046875), (4, 5133.60986328125), (5, 4655.78466796875), (6, 4228.078125), (7, 4104.02490234375), (8, 4206.505859375), (9, 3828.237548828125), (10, 3818.456298828125), (11, 3700.956787109375), (12, 3637.484619140625), (13, 3444.7109375), (14, 3515.38037109375), (15, 3308.6982421875), (16, 3276.6220703125), (17, 3354.275146484375), (18, 3306.658935546875), (19, 3172.643310546875), (20, 3244.696044921875)], 'r2': [(0, -10.635833740234375), (1, 0.31194519996643066), (2, 0.4447394609451294), (3, 0.5915141105651855), (4, 0.6087689399719238), (5, 0.6793557405471802), (6, 0.7415201663970947), (7, 0.7488082647323608), (8, 0.7226696014404297), (9, 0.7757672071456909), (10, 0.7689563632011414), (11, 0.778198778629303), (12, 0.7907856702804565), (13, 0.8111925721168518), (14, 0.7931187152862549), (15, 0.8219150304794312), (16, 0.826316773891449), (17, 0.8124109506607056), (18, 0.8170464038848877), (19, 0.8325710296630859), (20, 0.8168519735336304)]}
[2026-01-23 10:34:45,528][flwr][INFO] - Starting Flower simulation, config: ServerConfig(num_rounds=20, round_timeout=None)
[2026-01-23 10:34:52,681][flwr][INFO] - Flower VCE: Ray initialized with resources: {'object_store_memory': 2147483648.0, 'memory': 12157591552.0, 'node:127.0.0.1': 1.0, 'CPU': 10.0}
[2026-01-23 10:34:52,682][flwr][INFO] - Initializing global parameters
[2026-01-23 10:34:52,682][flwr][INFO] - Requesting initial parameters from one random client
[2026-01-23 10:34:56,541][flwr][INFO] - Received initial parameters from one random client
[2026-01-23 10:34:56,541][flwr][INFO] - Evaluating initial parameters
[2026-01-23 10:34:56,957][flwr][INFO] - initial parameters (loss, other metrics): 403338336.0, {'rmse': 20083.284990259934, 'mae': 17600.53515625, 'r2': -2.2106540203094482}
[2026-01-23 10:34:56,957][flwr][INFO] - FL starting
[2026-01-23 10:34:56,958][flwr][DEBUG] - fit_round 1: strategy sampled 6 clients (out of 12)
[2026-01-23 10:35:11,556][flwr][DEBUG] - fit_round 1 received 6 results and 0 failures
[2026-01-23 10:35:11,563][flwr][WARNING] - No fit_metrics_aggregation_fn provided
[2026-01-23 10:35:12,006][flwr][INFO] - fit progress: (1, 75852168.0, {'rmse': 8709.315013248746, 'mae': 6623.25537109375, 'r2': 0.396201491355896}, 15.049090625019744)
[2026-01-23 10:35:12,007][flwr][DEBUG] - evaluate_round 1: strategy sampled 6 clients (out of 12)
[2026-01-23 10:35:12,280][flwr][DEBUG] - evaluate_round 1 received 6 results and 0 failures
[2026-01-23 10:35:12,280][flwr][WARNING] - No evaluate_metrics_aggregation_fn provided
[2026-01-23 10:35:12,281][flwr][DEBUG] - fit_round 2: strategy sampled 6 clients (out of 12)
[2026-01-23 10:35:22,104][flwr][DEBUG] - fit_round 2 received 6 results and 0 failures
[2026-01-23 10:35:22,498][flwr][INFO] - fit progress: (2, 66182452.0, {'rmse': 8135.259799170522, 'mae': 5999.52294921875, 'r2': 0.47317439317703247}, 25.540803499985486)
[2026-01-23 10:35:22,498][flwr][DEBUG] - evaluate_round 2: strategy sampled 6 clients (out of 12)
[2026-01-23 10:35:22,750][flwr][DEBUG] - evaluate_round 2 received 6 results and 0 failures
[2026-01-23 10:35:22,751][flwr][DEBUG] - fit_round 3: strategy sampled 6 clients (out of 12)
[2026-01-23 10:35:32,475][flwr][DEBUG] - fit_round 3 received 6 results and 0 failures
[2026-01-23 10:35:32,857][flwr][INFO] - fit progress: (3, 53269908.0, {'rmse': 7298.623705877705, 'mae': 5333.6923828125, 'r2': 0.5759608745574951}, 35.900103875028435)
[2026-01-23 10:35:32,857][flwr][DEBUG] - evaluate_round 3: strategy sampled 6 clients (out of 12)
[2026-01-23 10:35:33,077][flwr][DEBUG] - evaluate_round 3 received 6 results and 0 failures
[2026-01-23 10:35:33,078][flwr][DEBUG] - fit_round 4: strategy sampled 6 clients (out of 12)
[2026-01-23 10:35:42,499][flwr][DEBUG] - fit_round 4 received 6 results and 0 failures
[2026-01-23 10:35:42,902][flwr][INFO] - fit progress: (4, 49341376.0, {'rmse': 7024.341677338881, 'mae': 4984.62841796875, 'r2': 0.6072327494621277}, 45.944596541987266)
[2026-01-23 10:35:42,902][flwr][DEBUG] - evaluate_round 4: strategy sampled 6 clients (out of 12)
[2026-01-23 10:35:43,012][flwr][DEBUG] - evaluate_round 4 received 6 results and 0 failures
[2026-01-23 10:35:43,013][flwr][DEBUG] - fit_round 5: strategy sampled 6 clients (out of 12)
[2026-01-23 10:35:52,960][flwr][DEBUG] - fit_round 5 received 6 results and 0 failures
[2026-01-23 10:35:53,370][flwr][INFO] - fit progress: (5, 41989720.0, {'rmse': 6479.9475306517725, 'mae': 4539.29443359375, 'r2': 0.6657534241676331}, 56.413134666974656)
[2026-01-23 10:35:53,371][flwr][DEBUG] - evaluate_round 5: strategy sampled 6 clients (out of 12)
[2026-01-23 10:35:53,474][flwr][DEBUG] - evaluate_round 5 received 6 results and 0 failures
[2026-01-23 10:35:53,475][flwr][DEBUG] - fit_round 6: strategy sampled 6 clients (out of 12)
[2026-01-23 10:36:03,372][flwr][DEBUG] - fit_round 6 received 6 results and 0 failures
[2026-01-23 10:36:03,763][flwr][INFO] - fit progress: (6, 39805920.0, {'rmse': 6309.193292331437, 'mae': 4353.46435546875, 'r2': 0.6831369400024414}, 66.80623045901302)
[2026-01-23 10:36:03,764][flwr][DEBUG] - evaluate_round 6: strategy sampled 6 clients (out of 12)
[2026-01-23 10:36:04,032][flwr][DEBUG] - evaluate_round 6 received 6 results and 0 failures
[2026-01-23 10:36:04,033][flwr][DEBUG] - fit_round 7: strategy sampled 6 clients (out of 12)
[2026-01-23 10:36:13,966][flwr][DEBUG] - fit_round 7 received 6 results and 0 failures
[2026-01-23 10:36:14,403][flwr][INFO] - fit progress: (7, 39565564.0, {'rmse': 6290.1163741221835, 'mae': 4205.998046875, 'r2': 0.6850501298904419}, 77.44560841697967)
[2026-01-23 10:36:14,403][flwr][DEBUG] - evaluate_round 7: strategy sampled 6 clients (out of 12)
[2026-01-23 10:36:14,650][flwr][DEBUG] - evaluate_round 7 received 6 results and 0 failures
[2026-01-23 10:36:14,651][flwr][DEBUG] - fit_round 8: strategy sampled 6 clients (out of 12)
[2026-01-23 10:36:24,260][flwr][DEBUG] - fit_round 8 received 6 results and 0 failures
[2026-01-23 10:36:24,656][flwr][INFO] - fit progress: (8, 39827936.0, {'rmse': 6310.937806697195, 'mae': 4114.57470703125, 'r2': 0.682961642742157}, 87.69908275001217)
[2026-01-23 10:36:24,657][flwr][DEBUG] - evaluate_round 8: strategy sampled 6 clients (out of 12)
[2026-01-23 10:36:24,770][flwr][DEBUG] - evaluate_round 8 received 6 results and 0 failures
[2026-01-23 10:36:24,771][flwr][DEBUG] - fit_round 9: strategy sampled 6 clients (out of 12)
[2026-01-23 10:36:34,327][flwr][DEBUG] - fit_round 9 received 6 results and 0 failures
[2026-01-23 10:36:34,715][flwr][INFO] - fit progress: (9, 34269928.0, {'rmse': 5854.05227171743, 'mae': 3890.375244140625, 'r2': 0.7272045016288757}, 97.7575902499957)
[2026-01-23 10:36:34,715][flwr][DEBUG] - evaluate_round 9: strategy sampled 6 clients (out of 12)
[2026-01-23 10:36:34,947][flwr][DEBUG] - evaluate_round 9 received 6 results and 0 failures
[2026-01-23 10:36:34,947][flwr][DEBUG] - fit_round 10: strategy sampled 6 clients (out of 12)
[2026-01-23 10:36:44,399][flwr][DEBUG] - fit_round 10 received 6 results and 0 failures
[2026-01-23 10:36:44,770][flwr][INFO] - fit progress: (10, 31203448.0, {'rmse': 5586.004654491438, 'mae': 3718.786865234375, 'r2': 0.7516142725944519}, 107.81258824997349)
[2026-01-23 10:36:44,770][flwr][DEBUG] - evaluate_round 10: strategy sampled 6 clients (out of 12)
[2026-01-23 10:36:44,858][flwr][DEBUG] - evaluate_round 10 received 6 results and 0 failures
[2026-01-23 10:36:44,858][flwr][DEBUG] - fit_round 11: strategy sampled 6 clients (out of 12)
[2026-01-23 10:36:54,508][flwr][DEBUG] - fit_round 11 received 6 results and 0 failures
[2026-01-23 10:36:54,891][flwr][INFO] - fit progress: (11, 31378806.0, {'rmse': 5601.678855486094, 'mae': 3674.048095703125, 'r2': 0.750218391418457}, 117.93368816701695)
[2026-01-23 10:36:54,891][flwr][DEBUG] - evaluate_round 11: strategy sampled 6 clients (out of 12)
[2026-01-23 10:36:55,004][flwr][DEBUG] - evaluate_round 11 received 6 results and 0 failures
[2026-01-23 10:36:55,005][flwr][DEBUG] - fit_round 12: strategy sampled 6 clients (out of 12)
[2026-01-23 10:37:04,904][flwr][DEBUG] - fit_round 12 received 6 results and 0 failures
[2026-01-23 10:37:05,339][flwr][INFO] - fit progress: (12, 31829246.0, {'rmse': 5641.741397830992, 'mae': 3649.087646484375, 'r2': 0.7466328144073486}, 128.3820670840214)
[2026-01-23 10:37:05,340][flwr][DEBUG] - evaluate_round 12: strategy sampled 6 clients (out of 12)
[2026-01-23 10:37:05,446][flwr][DEBUG] - evaluate_round 12 received 6 results and 0 failures
[2026-01-23 10:37:05,447][flwr][DEBUG] - fit_round 13: strategy sampled 6 clients (out of 12)
[2026-01-23 10:37:15,116][flwr][DEBUG] - fit_round 13 received 6 results and 0 failures
[2026-01-23 10:37:15,529][flwr][INFO] - fit progress: (13, 29145154.0, {'rmse': 5398.625195362241, 'mae': 3514.43798828125, 'r2': 0.7679986953735352}, 138.57163349998882)
[2026-01-23 10:37:15,529][flwr][DEBUG] - evaluate_round 13: strategy sampled 6 clients (out of 12)
[2026-01-23 10:37:15,639][flwr][DEBUG] - evaluate_round 13 received 6 results and 0 failures
[2026-01-23 10:37:15,639][flwr][DEBUG] - fit_round 14: strategy sampled 6 clients (out of 12)
[2026-01-23 10:37:25,164][flwr][DEBUG] - fit_round 14 received 6 results and 0 failures
[2026-01-23 10:37:25,560][flwr][INFO] - fit progress: (14, 31832290.0, {'rmse': 5642.011166242052, 'mae': 3604.174560546875, 'r2': 0.7466086149215698}, 148.61467533401446)
[2026-01-23 10:37:25,560][flwr][DEBUG] - evaluate_round 14: strategy sampled 6 clients (out of 12)
[2026-01-23 10:37:25,797][flwr][DEBUG] - evaluate_round 14 received 6 results and 0 failures
[2026-01-23 10:37:25,798][flwr][DEBUG] - fit_round 15: strategy sampled 6 clients (out of 12)
[2026-01-23 10:37:35,313][flwr][DEBUG] - fit_round 15 received 6 results and 0 failures
[2026-01-23 10:37:35,709][flwr][INFO] - fit progress: (15, 30767472.0, {'rmse': 5546.8434266707045, 'mae': 3528.281982421875, 'r2': 0.755084753036499}, 158.77076191699598)
[2026-01-23 10:37:35,710][flwr][DEBUG] - evaluate_round 15: strategy sampled 6 clients (out of 12)
[2026-01-23 10:37:35,939][flwr][DEBUG] - evaluate_round 15 received 6 results and 0 failures
[2026-01-23 10:37:35,940][flwr][DEBUG] - fit_round 16: strategy sampled 6 clients (out of 12)
[2026-01-23 10:37:45,415][flwr][DEBUG] - fit_round 16 received 6 results and 0 failures
[2026-01-23 10:37:45,806][flwr][INFO] - fit progress: (16, 29818340.0, {'rmse': 5460.617181235103, 'mae': 3478.322509765625, 'r2': 0.7626400589942932}, 168.870698291983)
[2026-01-23 10:37:45,806][flwr][DEBUG] - evaluate_round 16: strategy sampled 6 clients (out of 12)
[2026-01-23 10:37:45,891][flwr][DEBUG] - evaluate_round 16 received 6 results and 0 failures
[2026-01-23 10:37:45,892][flwr][DEBUG] - fit_round 17: strategy sampled 6 clients (out of 12)
[2026-01-23 10:37:55,365][flwr][DEBUG] - fit_round 17 received 6 results and 0 failures
[2026-01-23 10:37:55,754][flwr][INFO] - fit progress: (17, 25193354.0, {'rmse': 5019.298158109359, 'mae': 3261.0458984375, 'r2': 0.7994558811187744}, 178.82135375001235)
[2026-01-23 10:37:55,755][flwr][DEBUG] - evaluate_round 17: strategy sampled 6 clients (out of 12)
[2026-01-23 10:37:55,847][flwr][DEBUG] - evaluate_round 17 received 6 results and 0 failures
[2026-01-23 10:37:55,848][flwr][DEBUG] - fit_round 18: strategy sampled 6 clients (out of 12)
[2026-01-23 10:38:05,677][flwr][DEBUG] - fit_round 18 received 6 results and 0 failures
[2026-01-23 10:38:06,057][flwr][INFO] - fit progress: (18, 28404846.0, {'rmse': 5329.619686244038, 'mae': 3408.107177734375, 'r2': 0.7738916873931885}, 189.12465670902748)
[2026-01-23 10:38:06,057][flwr][DEBUG] - evaluate_round 18: strategy sampled 6 clients (out of 12)
[2026-01-23 10:38:06,152][flwr][DEBUG] - evaluate_round 18 received 6 results and 0 failures
[2026-01-23 10:38:06,152][flwr][DEBUG] - fit_round 19: strategy sampled 6 clients (out of 12)
[2026-01-23 10:38:15,926][flwr][DEBUG] - fit_round 19 received 6 results and 0 failures
[2026-01-23 10:38:16,343][flwr][INFO] - fit progress: (19, 27243188.0, {'rmse': 5219.500742408224, 'mae': 3317.846435546875, 'r2': 0.7831387519836426}, 199.4116935839993)
[2026-01-23 10:38:16,344][flwr][DEBUG] - evaluate_round 19: strategy sampled 6 clients (out of 12)
[2026-01-23 10:38:16,468][flwr][DEBUG] - evaluate_round 19 received 6 results and 0 failures
[2026-01-23 10:38:16,469][flwr][DEBUG] - fit_round 20: strategy sampled 6 clients (out of 12)
[2026-01-23 10:38:25,958][flwr][DEBUG] - fit_round 20 received 6 results and 0 failures
[2026-01-23 10:38:26,355][flwr][INFO] - fit progress: (20, 24287064.0, {'rmse': 4928.1907430617985, 'mae': 3152.60888671875, 'r2': 0.806670069694519}, 209.4237826669705)
[2026-01-23 10:38:26,355][flwr][DEBUG] - evaluate_round 20: strategy sampled 6 clients (out of 12)
[2026-01-23 10:38:26,604][flwr][DEBUG] - evaluate_round 20 received 6 results and 0 failures
[2026-01-23 10:38:26,604][flwr][INFO] - FL finished in 209.67284658399876
[2026-01-23 10:38:26,604][flwr][INFO] - app_fit: losses_distributed [(1, 81715120.86607143), (2, 71337092.20958751), (3, 54818136.92410714), (4, 58931661.75446428), (5, 41020111.37053572), (6, 54103786.64882943), (7, 39181100.27008928), (8, 48675247.27678572), (9, 37600796.325529546), (10, 37054593.15273133), (11, 32130580.421875), (12, 41439435.108258925), (13, 36631294.86160714), (14, 37193227.16276477), (15, 40659026.47268673), (16, 34270185.247491635), (17, 29904109.45373467), (18, 28163709.102564104), (19, 36768688.34151786), (20, 21777287.07246377)]
[2026-01-23 10:38:26,604][flwr][INFO] - app_fit: metrics_distributed_fit {}
[2026-01-23 10:38:26,604][flwr][INFO] - app_fit: metrics_distributed {}
[2026-01-23 10:38:26,604][flwr][INFO] - app_fit: losses_centralized [(0, 403338336.0), (1, 75852168.0), (2, 66182452.0), (3, 53269908.0), (4, 49341376.0), (5, 41989720.0), (6, 39805920.0), (7, 39565564.0), (8, 39827936.0), (9, 34269928.0), (10, 31203448.0), (11, 31378806.0), (12, 31829246.0), (13, 29145154.0), (14, 31832290.0), (15, 30767472.0), (16, 29818340.0), (17, 25193354.0), (18, 28404846.0), (19, 27243188.0), (20, 24287064.0)]
[2026-01-23 10:38:26,604][flwr][INFO] - app_fit: metrics_centralized {'rmse': [(0, 20083.284990259934), (1, 8709.315013248746), (2, 8135.259799170522), (3, 7298.623705877705), (4, 7024.341677338881), (5, 6479.9475306517725), (6, 6309.193292331437), (7, 6290.1163741221835), (8, 6310.937806697195), (9, 5854.05227171743), (10, 5586.004654491438), (11, 5601.678855486094), (12, 5641.741397830992), (13, 5398.625195362241), (14, 5642.011166242052), (15, 5546.8434266707045), (16, 5460.617181235103), (17, 5019.298158109359), (18, 5329.619686244038), (19, 5219.500742408224), (20, 4928.1907430617985)], 'mae': [(0, 17600.53515625), (1, 6623.25537109375), (2, 5999.52294921875), (3, 5333.6923828125), (4, 4984.62841796875), (5, 4539.29443359375), (6, 4353.46435546875), (7, 4205.998046875), (8, 4114.57470703125), (9, 3890.375244140625), (10, 3718.786865234375), (11, 3674.048095703125), (12, 3649.087646484375), (13, 3514.43798828125), (14, 3604.174560546875), (15, 3528.281982421875), (16, 3478.322509765625), (17, 3261.0458984375), (18, 3408.107177734375), (19, 3317.846435546875), (20, 3152.60888671875)], 'r2': [(0, -2.2106540203094482), (1, 0.396201491355896), (2, 0.47317439317703247), (3, 0.5759608745574951), (4, 0.6072327494621277), (5, 0.6657534241676331), (6, 0.6831369400024414), (7, 0.6850501298904419), (8, 0.682961642742157), (9, 0.7272045016288757), (10, 0.7516142725944519), (11, 0.750218391418457), (12, 0.7466328144073486), (13, 0.7679986953735352), (14, 0.7466086149215698), (15, 0.755084753036499), (16, 0.7626400589942932), (17, 0.7994558811187744), (18, 0.7738916873931885), (19, 0.7831387519836426), (20, 0.806670069694519)]}
