[2026-01-23 01:39:48,024][flwr][INFO] - Starting Flower simulation, config: ServerConfig(num_rounds=20, round_timeout=None)
[2026-01-23 01:39:53,682][flwr][INFO] - Flower VCE: Ray initialized with resources: {'memory': 11598976615.0, 'object_store_memory': 2147483648.0, 'CPU': 10.0, 'node:127.0.0.1': 1.0}
[2026-01-23 01:39:53,682][flwr][INFO] - Initializing global parameters
[2026-01-23 01:39:53,682][flwr][INFO] - Requesting initial parameters from one random client
[2026-01-23 01:39:57,466][flwr][INFO] - Received initial parameters from one random client
[2026-01-23 01:39:57,466][flwr][INFO] - Evaluating initial parameters
[2026-01-23 01:39:58,699][flwr][INFO] - initial parameters (loss, other metrics): 1446876288.0, {'rmse': 38037.82706727607, 'mae': 25095.140625, 'r2': -10.517425537109375}
[2026-01-23 01:39:58,699][flwr][INFO] - FL starting
[2026-01-23 01:39:58,699][flwr][DEBUG] - fit_round 1: strategy sampled 6 clients (out of 12)
[2026-01-23 01:40:19,862][flwr][DEBUG] - fit_round 1 received 6 results and 0 failures
[2026-01-23 01:40:19,870][flwr][WARNING] - No fit_metrics_aggregation_fn provided
[2026-01-23 01:40:20,327][flwr][INFO] - fit progress: (1, 135915584.0, {'rmse': 11658.283921744229, 'mae': 8000.5888671875, 'r2': -0.08191525936126709}, 21.628413124999497)
[2026-01-23 01:40:20,328][flwr][DEBUG] - evaluate_round 1: strategy sampled 6 clients (out of 12)
[2026-01-23 01:40:20,654][flwr][DEBUG] - evaluate_round 1 received 6 results and 0 failures
[2026-01-23 01:40:20,655][flwr][WARNING] - No evaluate_metrics_aggregation_fn provided
[2026-01-23 01:40:20,657][flwr][DEBUG] - fit_round 2: strategy sampled 6 clients (out of 12)
[2026-01-23 01:40:34,369][flwr][DEBUG] - fit_round 2 received 6 results and 0 failures
[2026-01-23 01:40:34,883][flwr][INFO] - fit progress: (2, 97183872.0, {'rmse': 9858.188068808588, 'mae': 7145.828125, 'r2': 0.2263968586921692}, 36.18442441697698)
[2026-01-23 01:40:34,884][flwr][DEBUG] - evaluate_round 2: strategy sampled 6 clients (out of 12)
[2026-01-23 01:40:35,209][flwr][DEBUG] - evaluate_round 2 received 6 results and 0 failures
[2026-01-23 01:40:35,210][flwr][DEBUG] - fit_round 3: strategy sampled 6 clients (out of 12)
[2026-01-23 01:40:49,101][flwr][DEBUG] - fit_round 3 received 6 results and 0 failures
[2026-01-23 01:40:49,595][flwr][INFO] - fit progress: (3, 74360440.0, {'rmse': 8623.249967384687, 'mae': 6438.5322265625, 'r2': 0.4080759882926941}, 50.89628237497527)
[2026-01-23 01:40:49,596][flwr][DEBUG] - evaluate_round 3: strategy sampled 6 clients (out of 12)
[2026-01-23 01:40:49,913][flwr][DEBUG] - evaluate_round 3 received 6 results and 0 failures
[2026-01-23 01:40:49,914][flwr][DEBUG] - fit_round 4: strategy sampled 6 clients (out of 12)
[2026-01-23 01:41:03,291][flwr][DEBUG] - fit_round 4 received 6 results and 0 failures
[2026-01-23 01:41:03,808][flwr][INFO] - fit progress: (4, 59379336.0, {'rmse': 7705.79885540753, 'mae': 5659.89990234375, 'r2': 0.527328610420227}, 65.10939887497807)
[2026-01-23 01:41:03,809][flwr][DEBUG] - evaluate_round 4: strategy sampled 6 clients (out of 12)
[2026-01-23 01:41:04,134][flwr][DEBUG] - evaluate_round 4 received 6 results and 0 failures
[2026-01-23 01:41:04,135][flwr][DEBUG] - fit_round 5: strategy sampled 6 clients (out of 12)
[2026-01-23 01:41:17,302][flwr][DEBUG] - fit_round 5 received 6 results and 0 failures
[2026-01-23 01:41:17,778][flwr][INFO] - fit progress: (5, 53982488.0, {'rmse': 7347.277591053709, 'mae': 5426.7001953125, 'r2': 0.5702885389328003}, 79.07877545896918)
[2026-01-23 01:41:17,778][flwr][DEBUG] - evaluate_round 5: strategy sampled 6 clients (out of 12)
[2026-01-23 01:41:17,911][flwr][DEBUG] - evaluate_round 5 received 6 results and 0 failures
[2026-01-23 01:41:17,912][flwr][DEBUG] - fit_round 6: strategy sampled 6 clients (out of 12)
[2026-01-23 01:41:31,308][flwr][DEBUG] - fit_round 6 received 6 results and 0 failures
[2026-01-23 01:41:31,838][flwr][INFO] - fit progress: (6, 52716372.0, {'rmse': 7260.604107097425, 'mae': 5217.63037109375, 'r2': 0.5803670883178711}, 93.13907387497602)
[2026-01-23 01:41:31,838][flwr][DEBUG] - evaluate_round 6: strategy sampled 6 clients (out of 12)
[2026-01-23 01:41:32,214][flwr][DEBUG] - evaluate_round 6 received 6 results and 0 failures
[2026-01-23 01:41:32,215][flwr][DEBUG] - fit_round 7: strategy sampled 6 clients (out of 12)
[2026-01-23 01:41:46,239][flwr][DEBUG] - fit_round 7 received 6 results and 0 failures
[2026-01-23 01:41:46,734][flwr][INFO] - fit progress: (7, 40844288.0, {'rmse': 6390.95360646594, 'mae': 4687.9287109375, 'r2': 0.6748712658882141}, 108.03513104200829)
[2026-01-23 01:41:46,735][flwr][DEBUG] - evaluate_round 7: strategy sampled 6 clients (out of 12)
[2026-01-23 01:41:47,069][flwr][DEBUG] - evaluate_round 7 received 6 results and 0 failures
[2026-01-23 01:41:47,070][flwr][DEBUG] - fit_round 8: strategy sampled 6 clients (out of 12)
[2026-01-23 01:42:01,271][flwr][DEBUG] - fit_round 8 received 6 results and 0 failures
[2026-01-23 01:42:01,829][flwr][INFO] - fit progress: (8, 44328204.0, {'rmse': 6657.942925558915, 'mae': 4991.8232421875, 'r2': 0.6471385955810547}, 123.12981958402088)
[2026-01-23 01:42:01,829][flwr][DEBUG] - evaluate_round 8: strategy sampled 6 clients (out of 12)
[2026-01-23 01:42:02,024][flwr][DEBUG] - evaluate_round 8 received 6 results and 0 failures
[2026-01-23 01:42:02,026][flwr][DEBUG] - fit_round 9: strategy sampled 6 clients (out of 12)
[2026-01-23 01:42:15,225][flwr][DEBUG] - fit_round 9 received 6 results and 0 failures
[2026-01-23 01:42:15,713][flwr][INFO] - fit progress: (9, 34936080.0, {'rmse': 5910.675088346508, 'mae': 4262.8359375, 'r2': 0.7219017744064331}, 137.01430899999104)
[2026-01-23 01:42:15,714][flwr][DEBUG] - evaluate_round 9: strategy sampled 6 clients (out of 12)
[2026-01-23 01:42:15,856][flwr][DEBUG] - evaluate_round 9 received 6 results and 0 failures
[2026-01-23 01:42:15,856][flwr][DEBUG] - fit_round 10: strategy sampled 6 clients (out of 12)
[2026-01-23 01:42:28,978][flwr][DEBUG] - fit_round 10 received 6 results and 0 failures
[2026-01-23 01:42:29,452][flwr][INFO] - fit progress: (10, 35446024.0, {'rmse': 5953.656355551603, 'mae': 4316.7080078125, 'r2': 0.7178425788879395}, 150.7535482919775)
[2026-01-23 01:42:29,453][flwr][DEBUG] - evaluate_round 10: strategy sampled 6 clients (out of 12)
[2026-01-23 01:42:29,720][flwr][DEBUG] - evaluate_round 10 received 6 results and 0 failures
[2026-01-23 01:42:29,721][flwr][DEBUG] - fit_round 11: strategy sampled 6 clients (out of 12)
[2026-01-23 01:42:43,212][flwr][DEBUG] - fit_round 11 received 6 results and 0 failures
[2026-01-23 01:42:43,745][flwr][INFO] - fit progress: (11, 31013340.0, {'rmse': 5568.96220134416, 'mae': 3965.892578125, 'r2': 0.7531275749206543}, 165.04552995902486)
[2026-01-23 01:42:43,745][flwr][DEBUG] - evaluate_round 11: strategy sampled 6 clients (out of 12)
[2026-01-23 01:42:43,960][flwr][DEBUG] - evaluate_round 11 received 6 results and 0 failures
[2026-01-23 01:42:43,961][flwr][DEBUG] - fit_round 12: strategy sampled 6 clients (out of 12)
[2026-01-23 01:42:57,109][flwr][DEBUG] - fit_round 12 received 6 results and 0 failures
[2026-01-23 01:42:57,599][flwr][INFO] - fit progress: (12, 31320798.0, {'rmse': 5596.498726882728, 'mae': 3913.806396484375, 'r2': 0.7506802082061768}, 178.89962770900456)
[2026-01-23 01:42:57,599][flwr][DEBUG] - evaluate_round 12: strategy sampled 6 clients (out of 12)
[2026-01-23 01:42:58,044][flwr][DEBUG] - evaluate_round 12 received 6 results and 0 failures
[2026-01-23 01:42:58,046][flwr][DEBUG] - fit_round 13: strategy sampled 6 clients (out of 12)
[2026-01-23 01:43:11,890][flwr][DEBUG] - fit_round 13 received 6 results and 0 failures
[2026-01-23 01:43:12,374][flwr][INFO] - fit progress: (13, 31392382.0, {'rmse': 5602.890504016655, 'mae': 3883.362060546875, 'r2': 0.7501103281974792}, 193.67453104199376)
[2026-01-23 01:43:12,374][flwr][DEBUG] - evaluate_round 13: strategy sampled 6 clients (out of 12)
[2026-01-23 01:43:12,612][flwr][DEBUG] - evaluate_round 13 received 6 results and 0 failures
[2026-01-23 01:43:12,614][flwr][DEBUG] - fit_round 14: strategy sampled 6 clients (out of 12)
[2026-01-23 01:43:26,531][flwr][DEBUG] - fit_round 14 received 6 results and 0 failures
[2026-01-23 01:43:27,044][flwr][INFO] - fit progress: (14, 32173130.0, {'rmse': 5672.136281860654, 'mae': 4125.349609375, 'r2': 0.743895411491394}, 208.34497470897622)
[2026-01-23 01:43:27,044][flwr][DEBUG] - evaluate_round 14: strategy sampled 6 clients (out of 12)
[2026-01-23 01:43:27,255][flwr][DEBUG] - evaluate_round 14 received 6 results and 0 failures
[2026-01-23 01:43:27,256][flwr][DEBUG] - fit_round 15: strategy sampled 6 clients (out of 12)
[2026-01-23 01:43:40,606][flwr][DEBUG] - fit_round 15 received 6 results and 0 failures
[2026-01-23 01:43:41,142][flwr][INFO] - fit progress: (15, 27097010.0, {'rmse': 5205.478844448415, 'mae': 3679.574951171875, 'r2': 0.7843023538589478}, 222.44289154198486)
[2026-01-23 01:43:41,142][flwr][DEBUG] - evaluate_round 15: strategy sampled 6 clients (out of 12)
[2026-01-23 01:43:41,379][flwr][DEBUG] - evaluate_round 15 received 6 results and 0 failures
[2026-01-23 01:43:41,380][flwr][DEBUG] - fit_round 16: strategy sampled 6 clients (out of 12)
[2026-01-23 01:43:54,497][flwr][DEBUG] - fit_round 16 received 6 results and 0 failures
[2026-01-23 01:43:54,968][flwr][INFO] - fit progress: (16, 26793628.0, {'rmse': 5176.256176040749, 'mae': 3610.010986328125, 'r2': 0.7867173552513123}, 236.26905908400659)
[2026-01-23 01:43:54,968][flwr][DEBUG] - evaluate_round 16: strategy sampled 6 clients (out of 12)
[2026-01-23 01:43:55,124][flwr][DEBUG] - evaluate_round 16 received 6 results and 0 failures
[2026-01-23 01:43:55,125][flwr][DEBUG] - fit_round 17: strategy sampled 6 clients (out of 12)
[2026-01-23 01:44:08,283][flwr][DEBUG] - fit_round 17 received 6 results and 0 failures
[2026-01-23 01:44:08,790][flwr][INFO] - fit progress: (17, 28535570.0, {'rmse': 5341.869522929215, 'mae': 3649.791015625, 'r2': 0.7728511095046997}, 250.091299584019)
[2026-01-23 01:44:08,792][flwr][DEBUG] - evaluate_round 17: strategy sampled 6 clients (out of 12)
[2026-01-23 01:44:09,039][flwr][DEBUG] - evaluate_round 17 received 6 results and 0 failures
[2026-01-23 01:44:09,040][flwr][DEBUG] - fit_round 18: strategy sampled 6 clients (out of 12)
[2026-01-23 01:44:17,612][flwr][DEBUG] - fit_round 18 received 6 results and 0 failures
[2026-01-23 01:44:18,146][flwr][INFO] - fit progress: (18, 29069612.0, {'rmse': 5391.624245067529, 'mae': 3621.533447265625, 'r2': 0.7686000466346741}, 259.4470967919915)
[2026-01-23 01:44:18,147][flwr][DEBUG] - evaluate_round 18: strategy sampled 6 clients (out of 12)
[2026-01-23 01:44:18,260][flwr][DEBUG] - evaluate_round 18 received 6 results and 0 failures
[2026-01-23 01:44:18,261][flwr][DEBUG] - fit_round 19: strategy sampled 6 clients (out of 12)
[2026-01-23 01:44:31,269][flwr][DEBUG] - fit_round 19 received 6 results and 0 failures
[2026-01-23 01:44:31,742][flwr][INFO] - fit progress: (19, 25481650.0, {'rmse': 5047.9352214544115, 'mae': 3471.06884765625, 'r2': 0.7971609830856323}, 273.04248399997596)
[2026-01-23 01:44:31,742][flwr][DEBUG] - evaluate_round 19: strategy sampled 6 clients (out of 12)
[2026-01-23 01:44:31,859][flwr][DEBUG] - evaluate_round 19 received 6 results and 0 failures
[2026-01-23 01:44:31,860][flwr][DEBUG] - fit_round 20: strategy sampled 6 clients (out of 12)
[2026-01-23 01:44:45,252][flwr][DEBUG] - fit_round 20 received 6 results and 0 failures
[2026-01-23 01:44:45,756][flwr][INFO] - fit progress: (20, 24335998.0, {'rmse': 4933.152947152561, 'mae': 3391.298583984375, 'r2': 0.8062805533409119}, 287.0573349589831)
[2026-01-23 01:44:45,757][flwr][DEBUG] - evaluate_round 20: strategy sampled 6 clients (out of 12)
[2026-01-23 01:44:45,924][flwr][DEBUG] - evaluate_round 20 received 6 results and 0 failures
[2026-01-23 01:44:45,924][flwr][INFO] - FL finished in 287.22527412499767
[2026-01-23 01:44:45,925][flwr][INFO] - app_fit: losses_distributed [(1, 171728146.23370233), (2, 103127258.75637105), (3, 83485674.52941176), (4, 64257119.29906542), (5, 58293483.68819599), (6, 55000930.0), (7, 42228290.725446425), (8, 52564035.56347439), (9, 34780120.35278859), (10, 31121158.6555773), (11, 31294900.63812436), (12, 33804586.760312155), (13, 42818403.3626943), (14, 40707477.73185732), (15, 30875398.5942492), (16, 27444529.463812437), (17, 39212810.28093646), (18, 28067866.660204083), (19, 26904026.32040816), (20, 26681926.879402347)]
[2026-01-23 01:44:45,925][flwr][INFO] - app_fit: metrics_distributed_fit {}
[2026-01-23 01:44:45,926][flwr][INFO] - app_fit: metrics_distributed {}
[2026-01-23 01:44:45,926][flwr][INFO] - app_fit: losses_centralized [(0, 1446876288.0), (1, 135915584.0), (2, 97183872.0), (3, 74360440.0), (4, 59379336.0), (5, 53982488.0), (6, 52716372.0), (7, 40844288.0), (8, 44328204.0), (9, 34936080.0), (10, 35446024.0), (11, 31013340.0), (12, 31320798.0), (13, 31392382.0), (14, 32173130.0), (15, 27097010.0), (16, 26793628.0), (17, 28535570.0), (18, 29069612.0), (19, 25481650.0), (20, 24335998.0)]
[2026-01-23 01:44:45,926][flwr][INFO] - app_fit: metrics_centralized {'rmse': [(0, 38037.82706727607), (1, 11658.283921744229), (2, 9858.188068808588), (3, 8623.249967384687), (4, 7705.79885540753), (5, 7347.277591053709), (6, 7260.604107097425), (7, 6390.95360646594), (8, 6657.942925558915), (9, 5910.675088346508), (10, 5953.656355551603), (11, 5568.96220134416), (12, 5596.498726882728), (13, 5602.890504016655), (14, 5672.136281860654), (15, 5205.478844448415), (16, 5176.256176040749), (17, 5341.869522929215), (18, 5391.624245067529), (19, 5047.9352214544115), (20, 4933.152947152561)], 'mae': [(0, 25095.140625), (1, 8000.5888671875), (2, 7145.828125), (3, 6438.5322265625), (4, 5659.89990234375), (5, 5426.7001953125), (6, 5217.63037109375), (7, 4687.9287109375), (8, 4991.8232421875), (9, 4262.8359375), (10, 4316.7080078125), (11, 3965.892578125), (12, 3913.806396484375), (13, 3883.362060546875), (14, 4125.349609375), (15, 3679.574951171875), (16, 3610.010986328125), (17, 3649.791015625), (18, 3621.533447265625), (19, 3471.06884765625), (20, 3391.298583984375)], 'r2': [(0, -10.517425537109375), (1, -0.08191525936126709), (2, 0.2263968586921692), (3, 0.4080759882926941), (4, 0.527328610420227), (5, 0.5702885389328003), (6, 0.5803670883178711), (7, 0.6748712658882141), (8, 0.6471385955810547), (9, 0.7219017744064331), (10, 0.7178425788879395), (11, 0.7531275749206543), (12, 0.7506802082061768), (13, 0.7501103281974792), (14, 0.743895411491394), (15, 0.7843023538589478), (16, 0.7867173552513123), (17, 0.7728511095046997), (18, 0.7686000466346741), (19, 0.7971609830856323), (20, 0.8062805533409119)]}
[2026-01-23 01:44:45,933][flwr][INFO] - Starting Flower simulation, config: ServerConfig(num_rounds=20, round_timeout=None)
[2026-01-23 01:44:54,258][flwr][INFO] - Flower VCE: Ray initialized with resources: {'node:127.0.0.1': 1.0, 'object_store_memory': 2147483648.0, 'memory': 12306020762.0, 'CPU': 10.0}
[2026-01-23 01:44:54,258][flwr][INFO] - Initializing global parameters
[2026-01-23 01:44:54,259][flwr][INFO] - Requesting initial parameters from one random client
[2026-01-23 01:44:58,185][flwr][INFO] - Received initial parameters from one random client
[2026-01-23 01:44:58,185][flwr][INFO] - Evaluating initial parameters
[2026-01-23 01:44:58,621][flwr][INFO] - initial parameters (loss, other metrics): 665731200.0, {'rmse': 25801.76738132487, 'mae': 21912.8515625, 'r2': -4.299354076385498}
[2026-01-23 01:44:58,622][flwr][INFO] - FL starting
[2026-01-23 01:44:58,622][flwr][DEBUG] - fit_round 1: strategy sampled 6 clients (out of 12)
[2026-01-23 01:45:17,396][flwr][DEBUG] - fit_round 1 received 6 results and 0 failures
[2026-01-23 01:45:17,403][flwr][WARNING] - No fit_metrics_aggregation_fn provided
[2026-01-23 01:45:17,874][flwr][INFO] - fit progress: (1, 69127928.0, {'rmse': 8314.320657756713, 'mae': 5862.4619140625, 'r2': 0.4497278332710266}, 19.252609040995594)
[2026-01-23 01:45:17,875][flwr][DEBUG] - evaluate_round 1: strategy sampled 6 clients (out of 12)
[2026-01-23 01:45:18,239][flwr][DEBUG] - evaluate_round 1 received 6 results and 0 failures
[2026-01-23 01:45:18,239][flwr][WARNING] - No evaluate_metrics_aggregation_fn provided
[2026-01-23 01:45:18,240][flwr][DEBUG] - fit_round 2: strategy sampled 6 clients (out of 12)
[2026-01-23 01:45:32,275][flwr][DEBUG] - fit_round 2 received 6 results and 0 failures
[2026-01-23 01:45:32,738][flwr][INFO] - fit progress: (2, 56548312.0, {'rmse': 7519.861168931246, 'mae': 5038.02685546875, 'r2': 0.5498641133308411}, 34.11640412500128)
[2026-01-23 01:45:32,738][flwr][DEBUG] - evaluate_round 2: strategy sampled 6 clients (out of 12)
[2026-01-23 01:45:33,047][flwr][DEBUG] - evaluate_round 2 received 6 results and 0 failures
[2026-01-23 01:45:33,048][flwr][DEBUG] - fit_round 3: strategy sampled 6 clients (out of 12)
[2026-01-23 01:45:46,907][flwr][DEBUG] - fit_round 3 received 6 results and 0 failures
[2026-01-23 01:45:47,389][flwr][INFO] - fit progress: (3, 44839652.0, {'rmse': 6696.241632438304, 'mae': 4561.9130859375, 'r2': 0.6430673599243164}, 48.76689929096028)
[2026-01-23 01:45:47,389][flwr][DEBUG] - evaluate_round 3: strategy sampled 6 clients (out of 12)
[2026-01-23 01:45:47,733][flwr][DEBUG] - evaluate_round 3 received 6 results and 0 failures
[2026-01-23 01:45:47,734][flwr][DEBUG] - fit_round 4: strategy sampled 6 clients (out of 12)
[2026-01-23 01:46:00,993][flwr][DEBUG] - fit_round 4 received 6 results and 0 failures
[2026-01-23 01:46:01,450][flwr][INFO] - fit progress: (4, 43805424.0, {'rmse': 6618.566612190286, 'mae': 4459.7099609375, 'r2': 0.6513000130653381}, 62.82814179098932)
[2026-01-23 01:46:01,450][flwr][DEBUG] - evaluate_round 4: strategy sampled 6 clients (out of 12)
[2026-01-23 01:46:01,797][flwr][DEBUG] - evaluate_round 4 received 6 results and 0 failures
[2026-01-23 01:46:01,798][flwr][DEBUG] - fit_round 5: strategy sampled 6 clients (out of 12)
[2026-01-23 01:46:15,243][flwr][DEBUG] - fit_round 5 received 6 results and 0 failures
[2026-01-23 01:46:15,712][flwr][INFO] - fit progress: (5, 40516772.0, {'rmse': 6365.278627051608, 'mae': 4274.65673828125, 'r2': 0.6774783730506897}, 77.09014849999221)
[2026-01-23 01:46:15,712][flwr][DEBUG] - evaluate_round 5: strategy sampled 6 clients (out of 12)
[2026-01-23 01:46:16,073][flwr][DEBUG] - evaluate_round 5 received 6 results and 0 failures
[2026-01-23 01:46:16,074][flwr][DEBUG] - fit_round 6: strategy sampled 6 clients (out of 12)
[2026-01-23 01:46:29,810][flwr][DEBUG] - fit_round 6 received 6 results and 0 failures
[2026-01-23 01:46:30,275][flwr][INFO] - fit progress: (6, 40285256.0, {'rmse': 6347.066724086017, 'mae': 4206.34521484375, 'r2': 0.6793212890625}, 91.65359633299522)
[2026-01-23 01:46:30,276][flwr][DEBUG] - evaluate_round 6: strategy sampled 6 clients (out of 12)
[2026-01-23 01:46:30,590][flwr][DEBUG] - evaluate_round 6 received 6 results and 0 failures
[2026-01-23 01:46:30,591][flwr][DEBUG] - fit_round 7: strategy sampled 6 clients (out of 12)
[2026-01-23 01:46:44,134][flwr][DEBUG] - fit_round 7 received 6 results and 0 failures
[2026-01-23 01:46:44,662][flwr][INFO] - fit progress: (7, 37218836.0, {'rmse': 6100.724219303804, 'mae': 4038.415283203125, 'r2': 0.703730583190918}, 106.0403564159642)
[2026-01-23 01:46:44,664][flwr][DEBUG] - evaluate_round 7: strategy sampled 6 clients (out of 12)
[2026-01-23 01:46:44,872][flwr][DEBUG] - evaluate_round 7 received 6 results and 0 failures
[2026-01-23 01:46:44,873][flwr][DEBUG] - fit_round 8: strategy sampled 6 clients (out of 12)
[2026-01-23 01:46:58,091][flwr][DEBUG] - fit_round 8 received 6 results and 0 failures
[2026-01-23 01:46:58,550][flwr][INFO] - fit progress: (8, 35518544.0, {'rmse': 5959.743618646695, 'mae': 4038.862548828125, 'r2': 0.717265248298645}, 119.9283944159979)
[2026-01-23 01:46:58,550][flwr][DEBUG] - evaluate_round 8: strategy sampled 6 clients (out of 12)
[2026-01-23 01:46:58,736][flwr][DEBUG] - evaluate_round 8 received 6 results and 0 failures
[2026-01-23 01:46:58,737][flwr][DEBUG] - fit_round 9: strategy sampled 6 clients (out of 12)
[2026-01-23 01:47:12,066][flwr][DEBUG] - fit_round 9 received 6 results and 0 failures
[2026-01-23 01:47:12,539][flwr][INFO] - fit progress: (9, 38322256.0, {'rmse': 6190.4972336638675, 'mae': 4004.309326171875, 'r2': 0.6949471235275269}, 133.91759662498953)
[2026-01-23 01:47:12,540][flwr][DEBUG] - evaluate_round 9: strategy sampled 6 clients (out of 12)
[2026-01-23 01:47:12,700][flwr][DEBUG] - evaluate_round 9 received 6 results and 0 failures
[2026-01-23 01:47:12,701][flwr][DEBUG] - fit_round 10: strategy sampled 6 clients (out of 12)
[2026-01-23 01:47:26,010][flwr][DEBUG] - fit_round 10 received 6 results and 0 failures
[2026-01-23 01:47:26,478][flwr][INFO] - fit progress: (10, 32512680.0, {'rmse': 5701.98912661187, 'mae': 3781.9501953125, 'r2': 0.7411925792694092}, 147.85625324997818)
[2026-01-23 01:47:26,478][flwr][DEBUG] - evaluate_round 10: strategy sampled 6 clients (out of 12)
[2026-01-23 01:47:26,815][flwr][DEBUG] - evaluate_round 10 received 6 results and 0 failures
[2026-01-23 01:47:26,816][flwr][DEBUG] - fit_round 11: strategy sampled 6 clients (out of 12)
[2026-01-23 01:47:40,482][flwr][DEBUG] - fit_round 11 received 6 results and 0 failures
[2026-01-23 01:47:41,022][flwr][INFO] - fit progress: (11, 33522716.0, {'rmse': 5789.880482358854, 'mae': 3779.830078125, 'r2': 0.733152449131012}, 162.39986216597026)
[2026-01-23 01:47:41,022][flwr][DEBUG] - evaluate_round 11: strategy sampled 6 clients (out of 12)
[2026-01-23 01:47:41,263][flwr][DEBUG] - evaluate_round 11 received 6 results and 0 failures
[2026-01-23 01:47:41,264][flwr][DEBUG] - fit_round 12: strategy sampled 6 clients (out of 12)
[2026-01-23 01:47:54,850][flwr][DEBUG] - fit_round 12 received 6 results and 0 failures
[2026-01-23 01:47:55,402][flwr][INFO] - fit progress: (12, 32444456.0, {'rmse': 5696.003511234873, 'mae': 3726.05859375, 'r2': 0.741735577583313}, 176.77969033300178)
[2026-01-23 01:47:55,402][flwr][DEBUG] - evaluate_round 12: strategy sampled 6 clients (out of 12)
[2026-01-23 01:47:55,585][flwr][DEBUG] - evaluate_round 12 received 6 results and 0 failures
[2026-01-23 01:47:55,586][flwr][DEBUG] - fit_round 13: strategy sampled 6 clients (out of 12)
[2026-01-23 01:48:08,849][flwr][DEBUG] - fit_round 13 received 6 results and 0 failures
[2026-01-23 01:48:09,350][flwr][INFO] - fit progress: (13, 33439156.0, {'rmse': 5782.659941583976, 'mae': 3849.46435546875, 'r2': 0.7338175773620605}, 190.72844933299348)
[2026-01-23 01:48:09,351][flwr][DEBUG] - evaluate_round 13: strategy sampled 6 clients (out of 12)
[2026-01-23 01:48:09,606][flwr][DEBUG] - evaluate_round 13 received 6 results and 0 failures
[2026-01-23 01:48:09,606][flwr][DEBUG] - fit_round 14: strategy sampled 6 clients (out of 12)
[2026-01-23 01:48:17,782][flwr][DEBUG] - fit_round 14 received 6 results and 0 failures
[2026-01-23 01:48:18,241][flwr][INFO] - fit progress: (14, 32225248.0, {'rmse': 5676.728635402612, 'mae': 3749.3525390625, 'r2': 0.7434805631637573}, 199.61940637498628)
[2026-01-23 01:48:18,242][flwr][DEBUG] - evaluate_round 14: strategy sampled 6 clients (out of 12)
[2026-01-23 01:48:18,357][flwr][DEBUG] - evaluate_round 14 received 6 results and 0 failures
[2026-01-23 01:48:18,358][flwr][DEBUG] - fit_round 15: strategy sampled 6 clients (out of 12)
[2026-01-23 01:48:32,557][flwr][DEBUG] - fit_round 15 received 6 results and 0 failures
[2026-01-23 01:48:33,120][flwr][INFO] - fit progress: (15, 32738512.0, {'rmse': 5721.757771873955, 'mae': 3716.613037109375, 'r2': 0.7393949031829834}, 214.49848370801192)
[2026-01-23 01:48:33,121][flwr][DEBUG] - evaluate_round 15: strategy sampled 6 clients (out of 12)
[2026-01-23 01:48:33,495][flwr][DEBUG] - evaluate_round 15 received 6 results and 0 failures
[2026-01-23 01:48:33,496][flwr][DEBUG] - fit_round 16: strategy sampled 6 clients (out of 12)
[2026-01-23 01:48:46,923][flwr][DEBUG] - fit_round 16 received 6 results and 0 failures
[2026-01-23 01:48:47,406][flwr][INFO] - fit progress: (16, 33300380.0, {'rmse': 5770.64814383965, 'mae': 3707.280517578125, 'r2': 0.7349222898483276}, 228.78467658295995)
[2026-01-23 01:48:47,407][flwr][DEBUG] - evaluate_round 16: strategy sampled 6 clients (out of 12)
[2026-01-23 01:48:47,614][flwr][DEBUG] - evaluate_round 16 received 6 results and 0 failures
[2026-01-23 01:48:47,615][flwr][DEBUG] - fit_round 17: strategy sampled 6 clients (out of 12)
[2026-01-23 01:49:00,959][flwr][DEBUG] - fit_round 17 received 6 results and 0 failures
[2026-01-23 01:49:01,428][flwr][INFO] - fit progress: (17, 28715320.0, {'rmse': 5358.667744878386, 'mae': 3482.6416015625, 'r2': 0.7714203000068665}, 242.80670508299954)
[2026-01-23 01:49:01,429][flwr][DEBUG] - evaluate_round 17: strategy sampled 6 clients (out of 12)
[2026-01-23 01:49:01,691][flwr][DEBUG] - evaluate_round 17 received 6 results and 0 failures
[2026-01-23 01:49:01,691][flwr][DEBUG] - fit_round 18: strategy sampled 6 clients (out of 12)
[2026-01-23 01:49:14,980][flwr][DEBUG] - fit_round 18 received 6 results and 0 failures
[2026-01-23 01:49:15,469][flwr][INFO] - fit progress: (18, 32054964.0, {'rmse': 5661.710342290569, 'mae': 3618.176025390625, 'r2': 0.7448360919952393}, 256.84726729098475)
[2026-01-23 01:49:15,469][flwr][DEBUG] - evaluate_round 18: strategy sampled 6 clients (out of 12)
[2026-01-23 01:49:15,627][flwr][DEBUG] - evaluate_round 18 received 6 results and 0 failures
[2026-01-23 01:49:15,627][flwr][DEBUG] - fit_round 19: strategy sampled 6 clients (out of 12)
[2026-01-23 01:49:28,585][flwr][DEBUG] - fit_round 19 received 6 results and 0 failures
[2026-01-23 01:49:29,078][flwr][INFO] - fit progress: (19, 27970574.0, {'rmse': 5288.7213955737925, 'mae': 3455.144775390625, 'r2': 0.7773486375808716}, 270.4569627500023)
[2026-01-23 01:49:29,079][flwr][DEBUG] - evaluate_round 19: strategy sampled 6 clients (out of 12)
[2026-01-23 01:49:29,432][flwr][DEBUG] - evaluate_round 19 received 6 results and 0 failures
[2026-01-23 01:49:29,432][flwr][DEBUG] - fit_round 20: strategy sampled 6 clients (out of 12)
[2026-01-23 01:49:42,775][flwr][DEBUG] - fit_round 20 received 6 results and 0 failures
[2026-01-23 01:49:43,244][flwr][INFO] - fit progress: (20, 28840638.0, {'rmse': 5370.348033414594, 'mae': 3502.31298828125, 'r2': 0.7704226970672607}, 284.62225841596955)
[2026-01-23 01:49:43,244][flwr][DEBUG] - evaluate_round 20: strategy sampled 6 clients (out of 12)
[2026-01-23 01:49:43,607][flwr][DEBUG] - evaluate_round 20 received 6 results and 0 failures
[2026-01-23 01:49:43,607][flwr][INFO] - FL finished in 284.98566199996276
[2026-01-23 01:49:43,607][flwr][INFO] - app_fit: losses_distributed [(1, 81747238.04689093), (2, 84263512.97674419), (3, 43145867.97546012), (4, 56707676.85626911), (5, 39782193.2793177), (6, 56966942.79064588), (7, 37013708.7424094), (8, 49911112.50970246), (9, 36380464.557569295), (10, 35345652.26086956), (11, 32799925.064579256), (12, 43375479.704797044), (13, 35017673.07023411), (14, 28435713.627198122), (15, 39135636.100271), (16, 45753575.63099631), (17, 43182185.87580854), (18, 34079411.93303572), (19, 36456736.19551935), (20, 36029220.73151751)]
[2026-01-23 01:49:43,608][flwr][INFO] - app_fit: metrics_distributed_fit {}
[2026-01-23 01:49:43,608][flwr][INFO] - app_fit: metrics_distributed {}
[2026-01-23 01:49:43,608][flwr][INFO] - app_fit: losses_centralized [(0, 665731200.0), (1, 69127928.0), (2, 56548312.0), (3, 44839652.0), (4, 43805424.0), (5, 40516772.0), (6, 40285256.0), (7, 37218836.0), (8, 35518544.0), (9, 38322256.0), (10, 32512680.0), (11, 33522716.0), (12, 32444456.0), (13, 33439156.0), (14, 32225248.0), (15, 32738512.0), (16, 33300380.0), (17, 28715320.0), (18, 32054964.0), (19, 27970574.0), (20, 28840638.0)]
[2026-01-23 01:49:43,608][flwr][INFO] - app_fit: metrics_centralized {'rmse': [(0, 25801.76738132487), (1, 8314.320657756713), (2, 7519.861168931246), (3, 6696.241632438304), (4, 6618.566612190286), (5, 6365.278627051608), (6, 6347.066724086017), (7, 6100.724219303804), (8, 5959.743618646695), (9, 6190.4972336638675), (10, 5701.98912661187), (11, 5789.880482358854), (12, 5696.003511234873), (13, 5782.659941583976), (14, 5676.728635402612), (15, 5721.757771873955), (16, 5770.64814383965), (17, 5358.667744878386), (18, 5661.710342290569), (19, 5288.7213955737925), (20, 5370.348033414594)], 'mae': [(0, 21912.8515625), (1, 5862.4619140625), (2, 5038.02685546875), (3, 4561.9130859375), (4, 4459.7099609375), (5, 4274.65673828125), (6, 4206.34521484375), (7, 4038.415283203125), (8, 4038.862548828125), (9, 4004.309326171875), (10, 3781.9501953125), (11, 3779.830078125), (12, 3726.05859375), (13, 3849.46435546875), (14, 3749.3525390625), (15, 3716.613037109375), (16, 3707.280517578125), (17, 3482.6416015625), (18, 3618.176025390625), (19, 3455.144775390625), (20, 3502.31298828125)], 'r2': [(0, -4.299354076385498), (1, 0.4497278332710266), (2, 0.5498641133308411), (3, 0.6430673599243164), (4, 0.6513000130653381), (5, 0.6774783730506897), (6, 0.6793212890625), (7, 0.703730583190918), (8, 0.717265248298645), (9, 0.6949471235275269), (10, 0.7411925792694092), (11, 0.733152449131012), (12, 0.741735577583313), (13, 0.7338175773620605), (14, 0.7434805631637573), (15, 0.7393949031829834), (16, 0.7349222898483276), (17, 0.7714203000068665), (18, 0.7448360919952393), (19, 0.7773486375808716), (20, 0.7704226970672607)]}
[2026-01-23 01:49:43,619][flwr][INFO] - Starting Flower simulation, config: ServerConfig(num_rounds=20, round_timeout=None)
[2026-01-23 01:49:51,143][flwr][INFO] - Flower VCE: Ray initialized with resources: {'object_store_memory': 2147483648.0, 'CPU': 10.0, 'node:127.0.0.1': 1.0, 'memory': 12215092020.0}
[2026-01-23 01:49:51,144][flwr][INFO] - Initializing global parameters
[2026-01-23 01:49:51,144][flwr][INFO] - Requesting initial parameters from one random client
[2026-01-23 01:49:54,779][flwr][INFO] - Received initial parameters from one random client
[2026-01-23 01:49:54,779][flwr][INFO] - Evaluating initial parameters
[2026-01-23 01:49:55,301][flwr][INFO] - initial parameters (loss, other metrics): 156656704.0, {'rmse': 12516.257587633772, 'mae': 9649.109375, 'r2': -0.2470186948776245}
[2026-01-23 01:49:55,301][flwr][INFO] - FL starting
[2026-01-23 01:49:55,301][flwr][DEBUG] - fit_round 1: strategy sampled 6 clients (out of 12)
[2026-01-23 01:50:14,211][flwr][DEBUG] - fit_round 1 received 6 results and 0 failures
[2026-01-23 01:50:14,219][flwr][WARNING] - No fit_metrics_aggregation_fn provided
[2026-01-23 01:50:14,759][flwr][INFO] - fit progress: (1, 85037632.0, {'rmse': 9221.58511320044, 'mae': 6293.19384765625, 'r2': 0.32308340072631836}, 19.458138832997065)
[2026-01-23 01:50:14,759][flwr][DEBUG] - evaluate_round 1: strategy sampled 6 clients (out of 12)
[2026-01-23 01:50:15,106][flwr][DEBUG] - evaluate_round 1 received 6 results and 0 failures
[2026-01-23 01:50:15,106][flwr][WARNING] - No evaluate_metrics_aggregation_fn provided
[2026-01-23 01:50:15,107][flwr][DEBUG] - fit_round 2: strategy sampled 6 clients (out of 12)
[2026-01-23 01:50:29,245][flwr][DEBUG] - fit_round 2 received 6 results and 0 failures
[2026-01-23 01:50:29,744][flwr][INFO] - fit progress: (2, 63143516.0, {'rmse': 7946.289448541375, 'mae': 5570.73681640625, 'r2': 0.49736493825912476}, 34.442951749952044)
[2026-01-23 01:50:29,744][flwr][DEBUG] - evaluate_round 2: strategy sampled 6 clients (out of 12)
[2026-01-23 01:50:30,027][flwr][DEBUG] - evaluate_round 2 received 6 results and 0 failures
[2026-01-23 01:50:30,027][flwr][DEBUG] - fit_round 3: strategy sampled 6 clients (out of 12)
[2026-01-23 01:50:45,472][flwr][DEBUG] - fit_round 3 received 6 results and 0 failures
[2026-01-23 01:50:46,036][flwr][INFO] - fit progress: (3, 54304284.0, {'rmse': 7369.144047988206, 'mae': 5151.1171875, 'r2': 0.5677269697189331}, 50.734935290995054)
[2026-01-23 01:50:46,036][flwr][DEBUG] - evaluate_round 3: strategy sampled 6 clients (out of 12)
[2026-01-23 01:50:46,492][flwr][DEBUG] - evaluate_round 3 received 6 results and 0 failures
[2026-01-23 01:50:46,492][flwr][DEBUG] - fit_round 4: strategy sampled 6 clients (out of 12)
[2026-01-23 01:51:02,381][flwr][DEBUG] - fit_round 4 received 6 results and 0 failures
[2026-01-23 01:51:02,879][flwr][INFO] - fit progress: (4, 48532196.0, {'rmse': 6966.505293186821, 'mae': 4888.26611328125, 'r2': 0.613673985004425}, 67.57845066598384)
[2026-01-23 01:51:02,880][flwr][DEBUG] - evaluate_round 4: strategy sampled 6 clients (out of 12)
[2026-01-23 01:51:03,061][flwr][DEBUG] - evaluate_round 4 received 6 results and 0 failures
[2026-01-23 01:51:03,062][flwr][DEBUG] - fit_round 5: strategy sampled 6 clients (out of 12)
[2026-01-23 01:51:18,150][flwr][DEBUG] - fit_round 5 received 6 results and 0 failures
[2026-01-23 01:51:18,713][flwr][INFO] - fit progress: (5, 43170916.0, {'rmse': 6570.457822709161, 'mae': 4621.60888671875, 'r2': 0.65635085105896}, 83.41200837498764)
[2026-01-23 01:51:18,713][flwr][DEBUG] - evaluate_round 5: strategy sampled 6 clients (out of 12)
[2026-01-23 01:51:19,082][flwr][DEBUG] - evaluate_round 5 received 6 results and 0 failures
[2026-01-23 01:51:19,082][flwr][DEBUG] - fit_round 6: strategy sampled 6 clients (out of 12)
[2026-01-23 01:51:33,403][flwr][DEBUG] - fit_round 6 received 6 results and 0 failures
[2026-01-23 01:51:33,898][flwr][INFO] - fit progress: (6, 43647708.0, {'rmse': 6606.641204121804, 'mae': 4490.7177734375, 'r2': 0.6525554656982422}, 98.59661358298035)
[2026-01-23 01:51:33,898][flwr][DEBUG] - evaluate_round 6: strategy sampled 6 clients (out of 12)
[2026-01-23 01:51:34,237][flwr][DEBUG] - evaluate_round 6 received 6 results and 0 failures
[2026-01-23 01:51:34,237][flwr][DEBUG] - fit_round 7: strategy sampled 6 clients (out of 12)
[2026-01-23 01:51:47,883][flwr][DEBUG] - fit_round 7 received 6 results and 0 failures
[2026-01-23 01:51:48,364][flwr][INFO] - fit progress: (7, 40820704.0, {'rmse': 6389.108231983553, 'mae': 4445.45654296875, 'r2': 0.6750590205192566}, 113.06320666597458)
[2026-01-23 01:51:48,364][flwr][DEBUG] - evaluate_round 7: strategy sampled 6 clients (out of 12)
[2026-01-23 01:51:48,518][flwr][DEBUG] - evaluate_round 7 received 6 results and 0 failures
[2026-01-23 01:51:48,519][flwr][DEBUG] - fit_round 8: strategy sampled 6 clients (out of 12)
[2026-01-23 01:52:02,529][flwr][DEBUG] - fit_round 8 received 6 results and 0 failures
[2026-01-23 01:52:03,002][flwr][INFO] - fit progress: (8, 33220974.0, {'rmse': 5763.76387441401, 'mae': 4071.3974609375, 'r2': 0.7355543375015259}, 127.70068299997365)
[2026-01-23 01:52:03,002][flwr][DEBUG] - evaluate_round 8: strategy sampled 6 clients (out of 12)
[2026-01-23 01:52:03,310][flwr][DEBUG] - evaluate_round 8 received 6 results and 0 failures
[2026-01-23 01:52:03,311][flwr][DEBUG] - fit_round 9: strategy sampled 6 clients (out of 12)
[2026-01-23 01:52:16,711][flwr][DEBUG] - fit_round 9 received 6 results and 0 failures
[2026-01-23 01:52:17,177][flwr][INFO] - fit progress: (9, 33876324.0, {'rmse': 5820.337103639273, 'mae': 4045.9990234375, 'r2': 0.7303376793861389}, 141.87622258299962)
[2026-01-23 01:52:17,178][flwr][DEBUG] - evaluate_round 9: strategy sampled 6 clients (out of 12)
[2026-01-23 01:52:17,519][flwr][DEBUG] - evaluate_round 9 received 6 results and 0 failures
[2026-01-23 01:52:17,520][flwr][DEBUG] - fit_round 10: strategy sampled 6 clients (out of 12)
[2026-01-23 01:52:30,773][flwr][DEBUG] - fit_round 10 received 6 results and 0 failures
[2026-01-23 01:52:31,221][flwr][INFO] - fit progress: (10, 32666452.0, {'rmse': 5715.457287041869, 'mae': 3999.768798828125, 'r2': 0.739968478679657}, 155.9202619579737)
[2026-01-23 01:52:31,221][flwr][DEBUG] - evaluate_round 10: strategy sampled 6 clients (out of 12)
[2026-01-23 01:52:31,368][flwr][DEBUG] - evaluate_round 10 received 6 results and 0 failures
[2026-01-23 01:52:31,368][flwr][DEBUG] - fit_round 11: strategy sampled 6 clients (out of 12)
[2026-01-23 01:52:45,797][flwr][DEBUG] - fit_round 11 received 6 results and 0 failures
[2026-01-23 01:52:46,276][flwr][INFO] - fit progress: (11, 30013870.0, {'rmse': 5478.4915807181815, 'mae': 3873.968505859375, 'r2': 0.7610836029052734}, 170.97528399998555)
[2026-01-23 01:52:46,277][flwr][DEBUG] - evaluate_round 11: strategy sampled 6 clients (out of 12)
[2026-01-23 01:52:46,451][flwr][DEBUG] - evaluate_round 11 received 6 results and 0 failures
[2026-01-23 01:52:46,452][flwr][DEBUG] - fit_round 12: strategy sampled 6 clients (out of 12)
[2026-01-23 01:52:59,932][flwr][DEBUG] - fit_round 12 received 6 results and 0 failures
[2026-01-23 01:53:00,398][flwr][INFO] - fit progress: (12, 28791698.0, {'rmse': 5365.789597067705, 'mae': 3792.37109375, 'r2': 0.7708123326301575}, 185.09657991596032)
[2026-01-23 01:53:00,398][flwr][DEBUG] - evaluate_round 12: strategy sampled 6 clients (out of 12)
[2026-01-23 01:53:00,668][flwr][DEBUG] - evaluate_round 12 received 6 results and 0 failures
[2026-01-23 01:53:00,668][flwr][DEBUG] - fit_round 13: strategy sampled 6 clients (out of 12)
[2026-01-23 01:53:14,054][flwr][DEBUG] - fit_round 13 received 6 results and 0 failures
[2026-01-23 01:53:14,540][flwr][INFO] - fit progress: (13, 30254526.0, {'rmse': 5500.411439156165, 'mae': 3798.613037109375, 'r2': 0.7591679096221924}, 199.23878970800433)
[2026-01-23 01:53:14,540][flwr][DEBUG] - evaluate_round 13: strategy sampled 6 clients (out of 12)
[2026-01-23 01:53:14,778][flwr][DEBUG] - evaluate_round 13 received 6 results and 0 failures
[2026-01-23 01:53:14,780][flwr][DEBUG] - fit_round 14: strategy sampled 6 clients (out of 12)
[2026-01-23 01:53:28,568][flwr][DEBUG] - fit_round 14 received 6 results and 0 failures
[2026-01-23 01:53:29,053][flwr][INFO] - fit progress: (14, 28983590.0, {'rmse': 5383.6409612826155, 'mae': 3788.11669921875, 'r2': 0.7692847847938538}, 213.75160716596292)
[2026-01-23 01:53:29,053][flwr][DEBUG] - evaluate_round 14: strategy sampled 6 clients (out of 12)
[2026-01-23 01:53:29,387][flwr][DEBUG] - evaluate_round 14 received 6 results and 0 failures
[2026-01-23 01:53:29,388][flwr][DEBUG] - fit_round 15: strategy sampled 6 clients (out of 12)
[2026-01-23 01:53:42,789][flwr][DEBUG] - fit_round 15 received 6 results and 0 failures
[2026-01-23 01:53:43,331][flwr][INFO] - fit progress: (15, 26275890.0, {'rmse': 5126.001365587021, 'mae': 3585.1630859375, 'r2': 0.7908386588096619}, 228.0303651249851)
[2026-01-23 01:53:43,332][flwr][DEBUG] - evaluate_round 15: strategy sampled 6 clients (out of 12)
[2026-01-23 01:53:43,572][flwr][DEBUG] - evaluate_round 15 received 6 results and 0 failures
[2026-01-23 01:53:43,573][flwr][DEBUG] - fit_round 16: strategy sampled 6 clients (out of 12)
[2026-01-23 01:53:56,978][flwr][DEBUG] - fit_round 16 received 6 results and 0 failures
[2026-01-23 01:53:57,435][flwr][INFO] - fit progress: (16, 27855720.0, {'rmse': 5277.851835737718, 'mae': 3647.9794921875, 'r2': 0.7782628536224365}, 242.13364004099276)
[2026-01-23 01:53:57,435][flwr][DEBUG] - evaluate_round 16: strategy sampled 6 clients (out of 12)
[2026-01-23 01:53:57,848][flwr][DEBUG] - evaluate_round 16 received 6 results and 0 failures
[2026-01-23 01:53:57,849][flwr][DEBUG] - fit_round 17: strategy sampled 6 clients (out of 12)
[2026-01-23 01:54:11,711][flwr][DEBUG] - fit_round 17 received 6 results and 0 failures
[2026-01-23 01:54:12,258][flwr][INFO] - fit progress: (17, 29445518.0, {'rmse': 5426.372453121883, 'mae': 3738.58740234375, 'r2': 0.7656077742576599}, 256.95697670796653)
[2026-01-23 01:54:12,259][flwr][DEBUG] - evaluate_round 17: strategy sampled 6 clients (out of 12)
[2026-01-23 01:54:12,594][flwr][DEBUG] - evaluate_round 17 received 6 results and 0 failures
[2026-01-23 01:54:12,595][flwr][DEBUG] - fit_round 18: strategy sampled 6 clients (out of 12)
[2026-01-23 01:54:25,947][flwr][DEBUG] - fit_round 18 received 6 results and 0 failures
[2026-01-23 01:54:26,408][flwr][INFO] - fit progress: (18, 27524988.0, {'rmse': 5246.426212194354, 'mae': 3622.781494140625, 'r2': 0.7808955907821655}, 271.1064617499942)
[2026-01-23 01:54:26,408][flwr][DEBUG] - evaluate_round 18: strategy sampled 6 clients (out of 12)
[2026-01-23 01:54:26,522][flwr][DEBUG] - evaluate_round 18 received 6 results and 0 failures
[2026-01-23 01:54:26,522][flwr][DEBUG] - fit_round 19: strategy sampled 6 clients (out of 12)
[2026-01-23 01:54:39,897][flwr][DEBUG] - fit_round 19 received 6 results and 0 failures
[2026-01-23 01:54:40,377][flwr][INFO] - fit progress: (19, 27385168.0, {'rmse': 5233.08398556721, 'mae': 3616.043701171875, 'r2': 0.7820085883140564}, 285.0758399159531)
[2026-01-23 01:54:40,377][flwr][DEBUG] - evaluate_round 19: strategy sampled 6 clients (out of 12)
[2026-01-23 01:54:40,776][flwr][DEBUG] - evaluate_round 19 received 6 results and 0 failures
[2026-01-23 01:54:40,777][flwr][DEBUG] - fit_round 20: strategy sampled 6 clients (out of 12)
[2026-01-23 01:54:54,048][flwr][DEBUG] - fit_round 20 received 6 results and 0 failures
[2026-01-23 01:54:54,511][flwr][INFO] - fit progress: (20, 31738864.0, {'rmse': 5633.725587921371, 'mae': 3754.3740234375, 'r2': 0.7473522424697876}, 299.2101147079957)
[2026-01-23 01:54:54,512][flwr][DEBUG] - evaluate_round 20: strategy sampled 6 clients (out of 12)
[2026-01-23 01:54:54,649][flwr][DEBUG] - evaluate_round 20 received 6 results and 0 failures
[2026-01-23 01:54:54,649][flwr][INFO] - FL finished in 299.34813695796765
[2026-01-23 01:54:54,649][flwr][INFO] - app_fit: losses_distributed [(1, 90725705.57476635), (2, 55114743.303571425), (3, 52748170.264392324), (4, 56149697.51224944), (5, 42668443.52054795), (6, 52086546.67112598), (7, 40734351.45819398), (8, 29545302.859830666), (9, 35079503.446428575), (10, 29074844.240375586), (11, 31405755.603121515), (12, 37835075.36010363), (13, 30630758.124860648), (14, 25285804.196209587), (15, 25869792.09005848), (16, 25387392.083170254), (17, 27576575.56473214), (18, 23996853.41302028), (19, 28051101.384861406), (20, 36935895.18940937)]
[2026-01-23 01:54:54,650][flwr][INFO] - app_fit: metrics_distributed_fit {}
[2026-01-23 01:54:54,650][flwr][INFO] - app_fit: metrics_distributed {}
[2026-01-23 01:54:54,650][flwr][INFO] - app_fit: losses_centralized [(0, 156656704.0), (1, 85037632.0), (2, 63143516.0), (3, 54304284.0), (4, 48532196.0), (5, 43170916.0), (6, 43647708.0), (7, 40820704.0), (8, 33220974.0), (9, 33876324.0), (10, 32666452.0), (11, 30013870.0), (12, 28791698.0), (13, 30254526.0), (14, 28983590.0), (15, 26275890.0), (16, 27855720.0), (17, 29445518.0), (18, 27524988.0), (19, 27385168.0), (20, 31738864.0)]
[2026-01-23 01:54:54,650][flwr][INFO] - app_fit: metrics_centralized {'rmse': [(0, 12516.257587633772), (1, 9221.58511320044), (2, 7946.289448541375), (3, 7369.144047988206), (4, 6966.505293186821), (5, 6570.457822709161), (6, 6606.641204121804), (7, 6389.108231983553), (8, 5763.76387441401), (9, 5820.337103639273), (10, 5715.457287041869), (11, 5478.4915807181815), (12, 5365.789597067705), (13, 5500.411439156165), (14, 5383.6409612826155), (15, 5126.001365587021), (16, 5277.851835737718), (17, 5426.372453121883), (18, 5246.426212194354), (19, 5233.08398556721), (20, 5633.725587921371)], 'mae': [(0, 9649.109375), (1, 6293.19384765625), (2, 5570.73681640625), (3, 5151.1171875), (4, 4888.26611328125), (5, 4621.60888671875), (6, 4490.7177734375), (7, 4445.45654296875), (8, 4071.3974609375), (9, 4045.9990234375), (10, 3999.768798828125), (11, 3873.968505859375), (12, 3792.37109375), (13, 3798.613037109375), (14, 3788.11669921875), (15, 3585.1630859375), (16, 3647.9794921875), (17, 3738.58740234375), (18, 3622.781494140625), (19, 3616.043701171875), (20, 3754.3740234375)], 'r2': [(0, -0.2470186948776245), (1, 0.32308340072631836), (2, 0.49736493825912476), (3, 0.5677269697189331), (4, 0.613673985004425), (5, 0.65635085105896), (6, 0.6525554656982422), (7, 0.6750590205192566), (8, 0.7355543375015259), (9, 0.7303376793861389), (10, 0.739968478679657), (11, 0.7610836029052734), (12, 0.7708123326301575), (13, 0.7591679096221924), (14, 0.7692847847938538), (15, 0.7908386588096619), (16, 0.7782628536224365), (17, 0.7656077742576599), (18, 0.7808955907821655), (19, 0.7820085883140564), (20, 0.7473522424697876)]}
